2025-09-20T21:22:28.7521320Z ##[group]Run Avarok-Cybersecurity/gh-actions-deps@master
2025-09-20T21:22:28.7521770Z env:
2025-09-20T21:22:28.7521890Z   CARGO_TERM_COLOR: always
2025-09-20T21:22:28.7522040Z   RUST_BACKTRACE: full
2025-09-20T21:22:28.7522170Z   RUST_MIN_STACK: 40971520
2025-09-20T21:22:28.7522320Z   RUST_LOG: citadel=warn
2025-09-20T21:22:28.7522850Z   IN_CI: true
2025-09-20T21:22:28.7522960Z ##[endgroup]
2025-09-20T21:22:28.7589340Z ##[group]Run echo "OPENSSL_ROOT_DIR=/usr/local/opt/openssl@1.1" >> $GITHUB_ENV
2025-09-20T21:22:28.7589740Z [36;1mecho "OPENSSL_ROOT_DIR=/usr/local/opt/openssl@1.1" >> $GITHUB_ENV[0m
2025-09-20T21:22:28.7625770Z shell: /bin/bash --noprofile --norc -e -o pipefail {0}
2025-09-20T21:22:28.7626150Z env:
2025-09-20T21:22:28.7626280Z   CARGO_TERM_COLOR: always
2025-09-20T21:22:28.7626430Z   RUST_BACKTRACE: full
2025-09-20T21:22:28.7626570Z   RUST_MIN_STACK: 40971520
2025-09-20T21:22:28.7626720Z   RUST_LOG: citadel=warn
2025-09-20T21:22:28.7626860Z   IN_CI: true
2025-09-20T21:22:28.7626990Z ##[endgroup]
2025-09-20T21:22:28.8019060Z ##[group]Run actions/checkout@v2
2025-09-20T21:22:28.8019300Z with:
2025-09-20T21:22:28.8019460Z   repository: Avarok-Cybersecurity/Citadel-Protocol
2025-09-20T21:22:28.8019760Z   token: ***
2025-09-20T21:22:28.8019880Z   ssh-strict: true
2025-09-20T21:22:28.8020020Z   persist-credentials: true
2025-09-20T21:22:28.8020180Z   clean: true
2025-09-20T21:22:28.8020290Z   fetch-depth: 1
2025-09-20T21:22:28.8020410Z   lfs: false
2025-09-20T21:22:28.8020520Z   submodules: false
2025-09-20T21:22:28.8020640Z   set-safe-directory: true
2025-09-20T21:22:28.8020770Z env:
2025-09-20T21:22:28.8020880Z   CARGO_TERM_COLOR: always
2025-09-20T21:22:28.8021010Z   RUST_BACKTRACE: full
2025-09-20T21:22:28.8021150Z   RUST_MIN_STACK: 40971520
2025-09-20T21:22:28.8021300Z   RUST_LOG: citadel=warn
2025-09-20T21:22:28.8021450Z   IN_CI: true
2025-09-20T21:22:28.8021590Z   OPENSSL_ROOT_DIR: /usr/local/opt/openssl@1.1
2025-09-20T21:22:28.8021790Z ##[endgroup]
2025-09-20T21:22:29.1085690Z Syncing repository: Avarok-Cybersecurity/Citadel-Protocol
2025-09-20T21:22:29.1087010Z ##[group]Getting Git version info
2025-09-20T21:22:29.1087380Z Working directory is '/Users/runner/work/Citadel-Protocol/Citadel-Protocol'
2025-09-20T21:22:29.1087870Z [command]/opt/homebrew/bin/git version
2025-09-20T21:22:29.1301100Z git version 2.50.1
2025-09-20T21:22:29.1325940Z ##[endgroup]
2025-09-20T21:22:29.1332270Z Copying '/Users/runner/.gitconfig' to '/Users/runner/work/_temp/e7646aa7-a1d1-4111-ac22-a9e4e3720c01/.gitconfig'
2025-09-20T21:22:29.1338970Z Temporarily overriding HOME='/Users/runner/work/_temp/e7646aa7-a1d1-4111-ac22-a9e4e3720c01' before making global git config changes
2025-09-20T21:22:29.1339630Z Adding repository directory to the temporary git global config as a safe directory
2025-09-20T21:22:29.1341750Z [command]/opt/homebrew/bin/git config --global --add safe.directory /Users/runner/work/Citadel-Protocol/Citadel-Protocol
2025-09-20T21:22:29.1431830Z Deleting the contents of '/Users/runner/work/Citadel-Protocol/Citadel-Protocol'
2025-09-20T21:22:29.1434690Z ##[group]Initializing the repository
2025-09-20T21:22:29.1436450Z [command]/opt/homebrew/bin/git init /Users/runner/work/Citadel-Protocol/Citadel-Protocol
2025-09-20T21:22:29.1595950Z hint: Using 'master' as the name for the initial branch. This default branch name
2025-09-20T21:22:29.1596780Z hint: is subject to change. To configure the initial branch name to use in all
2025-09-20T21:22:29.1597390Z hint: of your new repositories, which will suppress this warning, call:
2025-09-20T21:22:29.1597790Z hint:
2025-09-20T21:22:29.1598060Z hint: 	git config --global init.defaultBranch <name>
2025-09-20T21:22:29.1598290Z hint:
2025-09-20T21:22:29.1598530Z hint: Names commonly chosen instead of 'master' are 'main', 'trunk' and
2025-09-20T21:22:29.1598940Z hint: 'development'. The just-created branch can be renamed via this command:
2025-09-20T21:22:29.1599250Z hint:
2025-09-20T21:22:29.1599400Z hint: 	git branch -m <name>
2025-09-20T21:22:29.1599560Z hint:
2025-09-20T21:22:29.1600380Z hint: Disable this message with "git config set advice.defaultBranchName false"
2025-09-20T21:22:29.1600850Z Initialized empty Git repository in /Users/runner/work/Citadel-Protocol/Citadel-Protocol/.git/
2025-09-20T21:22:29.1605200Z [command]/opt/homebrew/bin/git remote add origin https://github.com/Avarok-Cybersecurity/Citadel-Protocol
2025-09-20T21:22:29.1673290Z ##[endgroup]
2025-09-20T21:22:29.1673690Z ##[group]Disabling automatic garbage collection
2025-09-20T21:22:29.1674820Z [command]/opt/homebrew/bin/git config --local gc.auto 0
2025-09-20T21:22:29.1728660Z ##[endgroup]
2025-09-20T21:22:29.1729010Z ##[group]Setting up auth
2025-09-20T21:22:29.1731920Z [command]/opt/homebrew/bin/git config --local --name-only --get-regexp core\.sshCommand
2025-09-20T21:22:29.1781290Z [command]/opt/homebrew/bin/git submodule foreach --recursive sh -c "git config --local --name-only --get-regexp 'core\.sshCommand' && git config --local --unset-all 'core.sshCommand' || :"
2025-09-20T21:22:29.2457440Z [command]/opt/homebrew/bin/git config --local --name-only --get-regexp http\.https\:\/\/github\.com\/\.extraheader
2025-09-20T21:22:29.2503950Z [command]/opt/homebrew/bin/git submodule foreach --recursive sh -c "git config --local --name-only --get-regexp 'http\.https\:\/\/github\.com\/\.extraheader' && git config --local --unset-all 'http.https://github.com/.extraheader' || :"
2025-09-20T21:22:29.3371260Z [command]/opt/homebrew/bin/git config --local http.https://github.com/.extraheader AUTHORIZATION: basic ***
2025-09-20T21:22:29.3420840Z ##[endgroup]
2025-09-20T21:22:29.3421270Z ##[group]Fetching the repository
2025-09-20T21:22:29.3424830Z [command]/opt/homebrew/bin/git -c protocol.version=2 fetch --no-tags --prune --progress --no-recurse-submodules --depth=1 origin +7edf0bb75f061919add02f6d6a82672c0b2e9654:refs/remotes/pull/236/merge
2025-09-20T21:22:29.8647750Z remote: Enumerating objects: 421, done.        
2025-09-20T21:22:29.8648250Z remote: Counting objects:   0% (1/421)        
2025-09-20T21:22:29.8648600Z remote: Counting objects:   1% (5/421)        
2025-09-20T21:22:29.8648910Z remote: Counting objects:   2% (9/421)        
2025-09-20T21:22:29.8649190Z remote: Counting objects:   3% (13/421)        
2025-09-20T21:22:29.8649480Z remote: Counting objects:   4% (17/421)        
2025-09-20T21:22:29.8649810Z remote: Counting objects:   5% (22/421)        
2025-09-20T21:22:29.8650180Z remote: Counting objects:   6% (26/421)        
2025-09-20T21:22:29.8650460Z remote: Counting objects:   7% (30/421)        
2025-09-20T21:22:29.8650760Z remote: Counting objects:   8% (34/421)        
2025-09-20T21:22:29.8651040Z remote: Counting objects:   9% (38/421)        
2025-09-20T21:22:29.8651320Z remote: Counting objects:  10% (43/421)        
2025-09-20T21:22:29.8651610Z remote: Counting objects:  11% (47/421)        
2025-09-20T21:22:29.8651890Z remote: Counting objects:  12% (51/421)        
2025-09-20T21:22:29.8652170Z remote: Counting objects:  13% (55/421)        
2025-09-20T21:22:29.8652500Z remote: Counting objects:  14% (59/421)        
2025-09-20T21:22:29.8652800Z remote: Counting objects:  15% (64/421)        
2025-09-20T21:22:29.8653080Z remote: Counting objects:  16% (68/421)        
2025-09-20T21:22:29.8653380Z remote: Counting objects:  17% (72/421)        
2025-09-20T21:22:29.8653660Z remote: Counting objects:  18% (76/421)        
2025-09-20T21:22:29.8653940Z remote: Counting objects:  19% (80/421)        
2025-09-20T21:22:29.8654240Z remote: Counting objects:  20% (85/421)        
2025-09-20T21:22:29.8654530Z remote: Counting objects:  21% (89/421)        
2025-09-20T21:22:29.8654800Z remote: Counting objects:  22% (93/421)        
2025-09-20T21:22:29.8655100Z remote: Counting objects:  23% (97/421)        
2025-09-20T21:22:29.8655380Z remote: Counting objects:  24% (102/421)        
2025-09-20T21:22:29.8655680Z remote: Counting objects:  25% (106/421)        
2025-09-20T21:22:29.8655970Z remote: Counting objects:  26% (110/421)        
2025-09-20T21:22:29.8656250Z remote: Counting objects:  27% (114/421)        
2025-09-20T21:22:29.8657140Z remote: Counting objects:  28% (118/421)        
2025-09-20T21:22:29.8658190Z remote: Counting objects:  29% (123/421)        
2025-09-20T21:22:29.8658610Z remote: Counting objects:  30% (127/421)        
2025-09-20T21:22:29.8658910Z remote: Counting objects:  31% (131/421)        
2025-09-20T21:22:29.8659490Z remote: Counting objects:  32% (135/421)        
2025-09-20T21:22:29.8659800Z remote: Counting objects:  33% (139/421)        
2025-09-20T21:22:29.8660090Z remote: Counting objects:  34% (144/421)        
2025-09-20T21:22:29.8660380Z remote: Counting objects:  35% (148/421)        
2025-09-20T21:22:29.8661670Z remote: Counting objects:  36% (152/421)        
2025-09-20T21:22:29.8663110Z remote: Counting objects:  37% (156/421)        
2025-09-20T21:22:29.8663920Z remote: Counting objects:  38% (160/421)        
2025-09-20T21:22:29.8664650Z remote: Counting objects:  39% (165/421)        
2025-09-20T21:22:29.8665330Z remote: Counting objects:  40% (169/421)        
2025-09-20T21:22:29.8667010Z remote: Counting objects:  41% (173/421)        
2025-09-20T21:22:29.8667750Z remote: Counting objects:  42% (177/421)        
2025-09-20T21:22:29.8668520Z remote: Counting objects:  43% (182/421)        
2025-09-20T21:22:29.8669260Z remote: Counting objects:  44% (186/421)        
2025-09-20T21:22:29.8682820Z remote: Counting objects:  45% (190/421)        
2025-09-20T21:22:29.8683810Z remote: Counting objects:  46% (194/421)        
2025-09-20T21:22:29.8684570Z remote: Counting objects:  47% (198/421)        
2025-09-20T21:22:29.8685330Z remote: Counting objects:  48% (203/421)        
2025-09-20T21:22:29.8686060Z remote: Counting objects:  49% (207/421)        
2025-09-20T21:22:29.8686830Z remote: Counting objects:  50% (211/421)        
2025-09-20T21:22:29.8687560Z remote: Counting objects:  51% (215/421)        
2025-09-20T21:22:29.8688270Z remote: Counting objects:  52% (219/421)        
2025-09-20T21:22:29.8689360Z remote: Counting objects:  53% (224/421)        
2025-09-20T21:22:29.8689780Z remote: Counting objects:  54% (228/421)        
2025-09-20T21:22:29.8690080Z remote: Counting objects:  55% (232/421)        
2025-09-20T21:22:29.8690400Z remote: Counting objects:  56% (236/421)        
2025-09-20T21:22:29.8690690Z remote: Counting objects:  57% (240/421)        
2025-09-20T21:22:29.8690990Z remote: Counting objects:  58% (245/421)        
2025-09-20T21:22:29.8691290Z remote: Counting objects:  59% (249/421)        
2025-09-20T21:22:29.8691570Z remote: Counting objects:  60% (253/421)        
2025-09-20T21:22:29.8691860Z remote: Counting objects:  61% (257/421)        
2025-09-20T21:22:29.8692140Z remote: Counting objects:  62% (262/421)        
2025-09-20T21:22:29.8692420Z remote: Counting objects:  63% (266/421)        
2025-09-20T21:22:29.8692800Z remote: Counting objects:  64% (270/421)        
2025-09-20T21:22:29.8693090Z remote: Counting objects:  65% (274/421)        
2025-09-20T21:22:29.8693380Z remote: Counting objects:  66% (278/421)        
2025-09-20T21:22:29.8693670Z remote: Counting objects:  67% (283/421)        
2025-09-20T21:22:29.8693960Z remote: Counting objects:  68% (287/421)        
2025-09-20T21:22:29.8694250Z remote: Counting objects:  69% (291/421)        
2025-09-20T21:22:29.8694520Z remote: Counting objects:  70% (295/421)        
2025-09-20T21:22:29.8694810Z remote: Counting objects:  71% (299/421)        
2025-09-20T21:22:29.8695080Z remote: Counting objects:  72% (304/421)        
2025-09-20T21:22:29.8695370Z remote: Counting objects:  73% (308/421)        
2025-09-20T21:22:29.8695660Z remote: Counting objects:  74% (312/421)        
2025-09-20T21:22:29.8695930Z remote: Counting objects:  75% (316/421)        
2025-09-20T21:22:29.8696220Z remote: Counting objects:  76% (320/421)        
2025-09-20T21:22:29.8696500Z remote: Counting objects:  77% (325/421)        
2025-09-20T21:22:29.8696730Z remote: Counting objects:  78% (329/421)        
2025-09-20T21:22:29.8697030Z remote: Counting objects:  79% (333/421)        
2025-09-20T21:22:29.8697310Z remote: Counting objects:  80% (337/421)        
2025-09-20T21:22:29.8698210Z remote: Counting objects:  81% (342/421)        
2025-09-20T21:22:29.8698500Z remote: Counting objects:  82% (346/421)        
2025-09-20T21:22:29.8698920Z remote: Counting objects:  83% (350/421)        
2025-09-20T21:22:29.8784390Z remote: Counting objects:  84% (354/421)        
2025-09-20T21:22:29.8785500Z remote: Counting objects:  85% (358/421)        
2025-09-20T21:22:29.8785830Z remote: Counting objects:  86% (363/421)        
2025-09-20T21:22:29.8786130Z remote: Counting objects:  87% (367/421)        
2025-09-20T21:22:29.8786410Z remote: Counting objects:  88% (371/421)        
2025-09-20T21:22:29.8810520Z remote: Counting objects:  89% (375/421)        
2025-09-20T21:22:29.8815310Z remote: Counting objects:  90% (379/421)        
2025-09-20T21:22:29.8815700Z remote: Counting objects:  91% (384/421)        
2025-09-20T21:22:29.8816000Z remote: Counting objects:  92% (388/421)        
2025-09-20T21:22:29.8816290Z remote: Counting objects:  93% (392/421)        
2025-09-20T21:22:29.8816590Z remote: Counting objects:  94% (396/421)        
2025-09-20T21:22:29.8816880Z remote: Counting objects:  95% (400/421)        
2025-09-20T21:22:29.8817620Z remote: Counting objects:  96% (405/421)        
2025-09-20T21:22:29.8817970Z remote: Counting objects:  97% (409/421)        
2025-09-20T21:22:29.8818280Z remote: Counting objects:  98% (413/421)        
2025-09-20T21:22:29.8818590Z remote: Counting objects:  99% (417/421)        
2025-09-20T21:22:29.8818870Z remote: Counting objects: 100% (421/421)        
2025-09-20T21:22:29.8819180Z remote: Counting objects: 100% (421/421), done.        
2025-09-20T21:22:29.8819500Z remote: Compressing objects:   0% (1/377)        
2025-09-20T21:22:29.8819800Z remote: Compressing objects:   1% (4/377)        
2025-09-20T21:22:29.8820060Z remote: Compressing objects:   2% (8/377)        
2025-09-20T21:22:29.8820290Z remote: Compressing objects:   3% (12/377)        
2025-09-20T21:22:29.8820540Z remote: Compressing objects:   4% (16/377)        
2025-09-20T21:22:29.8820900Z remote: Compressing objects:   5% (19/377)        
2025-09-20T21:22:29.8821140Z remote: Compressing objects:   6% (23/377)        
2025-09-20T21:22:29.8821370Z remote: Compressing objects:   7% (27/377)        
2025-09-20T21:22:29.8821590Z remote: Compressing objects:   8% (31/377)        
2025-09-20T21:22:29.8821820Z remote: Compressing objects:   9% (34/377)        
2025-09-20T21:22:29.8822070Z remote: Compressing objects:  10% (38/377)        
2025-09-20T21:22:29.8822300Z remote: Compressing objects:  11% (42/377)        
2025-09-20T21:22:29.8822530Z remote: Compressing objects:  12% (46/377)        
2025-09-20T21:22:29.9157950Z remote: Compressing objects:  13% (50/377)        
2025-09-20T21:22:29.9158280Z remote: Compressing objects:  14% (53/377)        
2025-09-20T21:22:29.9158530Z remote: Compressing objects:  15% (57/377)        
2025-09-20T21:22:29.9158770Z remote: Compressing objects:  16% (61/377)        
2025-09-20T21:22:29.9159050Z remote: Compressing objects:  17% (65/377)        
2025-09-20T21:22:29.9159280Z remote: Compressing objects:  18% (68/377)        
2025-09-20T21:22:29.9159540Z remote: Compressing objects:  19% (72/377)        
2025-09-20T21:22:29.9159780Z remote: Compressing objects:  20% (76/377)        
2025-09-20T21:22:29.9160050Z remote: Compressing objects:  21% (80/377)        
2025-09-20T21:22:29.9160280Z remote: Compressing objects:  22% (83/377)        
2025-09-20T21:22:29.9160520Z remote: Compressing objects:  23% (87/377)        
2025-09-20T21:22:29.9160760Z remote: Compressing objects:  24% (91/377)        
2025-09-20T21:22:29.9160990Z remote: Compressing objects:  25% (95/377)        
2025-09-20T21:22:29.9161220Z remote: Compressing objects:  26% (99/377)        
2025-09-20T21:22:29.9161460Z remote: Compressing objects:  27% (102/377)        
2025-09-20T21:22:29.9161710Z remote: Compressing objects:  28% (106/377)        
2025-09-20T21:22:29.9161980Z remote: Compressing objects:  29% (110/377)        
2025-09-20T21:22:29.9162620Z remote: Compressing objects:  30% (114/377)        
2025-09-20T21:22:29.9162880Z remote: Compressing objects:  31% (117/377)        
2025-09-20T21:22:29.9163110Z remote: Compressing objects:  32% (121/377)        
2025-09-20T21:22:29.9163340Z remote: Compressing objects:  33% (125/377)        
2025-09-20T21:22:29.9223920Z remote: Compressing objects:  34% (129/377)        
2025-09-20T21:22:29.9224960Z remote: Compressing objects:  35% (132/377)        
2025-09-20T21:22:29.9375220Z remote: Compressing objects:  36% (136/377)        
2025-09-20T21:22:29.9375660Z remote: Compressing objects:  37% (140/377)        
2025-09-20T21:22:29.9375930Z remote: Compressing objects:  38% (144/377)        
2025-09-20T21:22:29.9376360Z remote: Compressing objects:  39% (148/377)        
2025-09-20T21:22:29.9381570Z remote: Compressing objects:  40% (151/377)        
2025-09-20T21:22:29.9381810Z remote: Compressing objects:  41% (155/377)        
2025-09-20T21:22:29.9382110Z remote: Compressing objects:  42% (159/377)        
2025-09-20T21:22:29.9382380Z remote: Compressing objects:  43% (163/377)        
2025-09-20T21:22:29.9382610Z remote: Compressing objects:  44% (166/377)        
2025-09-20T21:22:29.9382870Z remote: Compressing objects:  45% (170/377)        
2025-09-20T21:22:29.9383120Z remote: Compressing objects:  46% (174/377)        
2025-09-20T21:22:29.9561370Z remote: Compressing objects:  47% (178/377)        
2025-09-20T21:22:29.9561970Z remote: Compressing objects:  48% (181/377)        
2025-09-20T21:22:29.9562280Z remote: Compressing objects:  49% (185/377)        
2025-09-20T21:22:29.9562510Z remote: Compressing objects:  50% (189/377)        
2025-09-20T21:22:29.9562740Z remote: Compressing objects:  51% (193/377)        
2025-09-20T21:22:29.9562960Z remote: Compressing objects:  52% (197/377)        
2025-09-20T21:22:29.9563180Z remote: Compressing objects:  53% (200/377)        
2025-09-20T21:22:29.9563400Z remote: Compressing objects:  54% (204/377)        
2025-09-20T21:22:29.9563620Z remote: Compressing objects:  55% (208/377)        
2025-09-20T21:22:29.9563860Z remote: Compressing objects:  56% (212/377)        
2025-09-20T21:22:29.9564080Z remote: Compressing objects:  57% (215/377)        
2025-09-20T21:22:29.9564290Z remote: Compressing objects:  58% (219/377)        
2025-09-20T21:22:29.9564510Z remote: Compressing objects:  59% (223/377)        
2025-09-20T21:22:29.9564730Z remote: Compressing objects:  60% (227/377)        
2025-09-20T21:22:29.9564950Z remote: Compressing objects:  61% (230/377)        
2025-09-20T21:22:29.9565170Z remote: Compressing objects:  62% (234/377)        
2025-09-20T21:22:29.9565390Z remote: Compressing objects:  63% (238/377)        
2025-09-20T21:22:29.9565600Z remote: Compressing objects:  64% (242/377)        
2025-09-20T21:22:29.9565820Z remote: Compressing objects:  65% (246/377)        
2025-09-20T21:22:29.9566030Z remote: Compressing objects:  66% (249/377)        
2025-09-20T21:22:29.9603480Z remote: Compressing objects:  67% (253/377)        
2025-09-20T21:22:29.9603880Z remote: Compressing objects:  68% (257/377)        
2025-09-20T21:22:29.9604120Z remote: Compressing objects:  69% (261/377)        
2025-09-20T21:22:29.9604340Z remote: Compressing objects:  70% (264/377)        
2025-09-20T21:22:29.9604570Z remote: Compressing objects:  71% (268/377)        
2025-09-20T21:22:29.9604800Z remote: Compressing objects:  72% (272/377)        
2025-09-20T21:22:29.9605020Z remote: Compressing objects:  73% (276/377)        
2025-09-20T21:22:29.9605240Z remote: Compressing objects:  74% (279/377)        
2025-09-20T21:22:29.9605460Z remote: Compressing objects:  75% (283/377)        
2025-09-20T21:22:29.9605690Z remote: Compressing objects:  76% (287/377)        
2025-09-20T21:22:29.9605910Z remote: Compressing objects:  77% (291/377)        
2025-09-20T21:22:29.9606140Z remote: Compressing objects:  78% (295/377)        
2025-09-20T21:22:29.9606360Z remote: Compressing objects:  79% (298/377)        
2025-09-20T21:22:29.9606590Z remote: Compressing objects:  80% (302/377)        
2025-09-20T21:22:29.9607470Z remote: Compressing objects:  81% (306/377)        
2025-09-20T21:22:29.9607690Z remote: Compressing objects:  82% (310/377)        
2025-09-20T21:22:29.9607910Z remote: Compressing objects:  83% (313/377)        
2025-09-20T21:22:29.9608130Z remote: Compressing objects:  84% (317/377)        
2025-09-20T21:22:29.9608550Z remote: Compressing objects:  85% (321/377)        
2025-09-20T21:22:29.9608780Z remote: Compressing objects:  86% (325/377)        
2025-09-20T21:22:29.9609010Z remote: Compressing objects:  87% (328/377)        
2025-09-20T21:22:29.9609290Z remote: Compressing objects:  88% (332/377)        
2025-09-20T21:22:29.9609540Z remote: Compressing objects:  89% (336/377)        
2025-09-20T21:22:29.9609790Z remote: Compressing objects:  90% (340/377)        
2025-09-20T21:22:29.9610160Z remote: Compressing objects:  91% (344/377)        
2025-09-20T21:22:29.9611610Z remote: Compressing objects:  92% (347/377)        
2025-09-20T21:22:29.9612000Z remote: Compressing objects:  93% (351/377)        
2025-09-20T21:22:29.9616940Z remote: Compressing objects:  94% (355/377)        
2025-09-20T21:22:29.9620540Z remote: Compressing objects:  95% (359/377)        
2025-09-20T21:22:29.9626080Z remote: Compressing objects:  96% (362/377)        
2025-09-20T21:22:29.9626430Z remote: Compressing objects:  97% (366/377)        
2025-09-20T21:22:29.9626730Z remote: Compressing objects:  98% (370/377)        
2025-09-20T21:22:29.9627130Z remote: Compressing objects:  99% (374/377)        
2025-09-20T21:22:29.9630060Z remote: Compressing objects: 100% (377/377)        
2025-09-20T21:22:29.9630390Z remote: Compressing objects: 100% (377/377), done.        
2025-09-20T21:22:29.9694210Z Receiving objects:   0% (1/421)
2025-09-20T21:22:29.9694460Z Receiving objects:   1% (5/421)
2025-09-20T21:22:29.9694630Z Receiving objects:   2% (9/421)
2025-09-20T21:22:29.9694800Z Receiving objects:   3% (13/421)
2025-09-20T21:22:29.9855320Z Receiving objects:   4% (17/421)
2025-09-20T21:22:29.9858420Z Receiving objects:   5% (22/421)
2025-09-20T21:22:30.0247040Z Receiving objects:   6% (26/421)
2025-09-20T21:22:30.1518630Z Receiving objects:   7% (30/421)
2025-09-20T21:22:30.1558320Z Receiving objects:   8% (34/421)
2025-09-20T21:22:30.1558850Z Receiving objects:   9% (38/421)
2025-09-20T21:22:30.1559170Z Receiving objects:  10% (43/421)
2025-09-20T21:22:30.1559570Z Receiving objects:  11% (47/421)
2025-09-20T21:22:30.1560040Z Receiving objects:  12% (51/421)
2025-09-20T21:22:30.1560420Z Receiving objects:  13% (55/421)
2025-09-20T21:22:30.1560600Z Receiving objects:  14% (59/421)
2025-09-20T21:22:30.1560760Z Receiving objects:  15% (64/421)
2025-09-20T21:22:30.1560940Z Receiving objects:  16% (68/421)
2025-09-20T21:22:30.1561120Z Receiving objects:  17% (72/421)
2025-09-20T21:22:30.1561290Z Receiving objects:  18% (76/421)
2025-09-20T21:22:30.1561450Z Receiving objects:  19% (80/421)
2025-09-20T21:22:30.1561610Z Receiving objects:  20% (85/421)
2025-09-20T21:22:30.1561780Z Receiving objects:  21% (89/421)
2025-09-20T21:22:30.1561950Z Receiving objects:  22% (93/421)
2025-09-20T21:22:30.1562120Z Receiving objects:  23% (97/421)
2025-09-20T21:22:30.1562290Z Receiving objects:  24% (102/421)
2025-09-20T21:22:30.1562470Z Receiving objects:  25% (106/421)
2025-09-20T21:22:30.1697070Z Receiving objects:  26% (110/421)
2025-09-20T21:22:30.1698820Z Receiving objects:  27% (114/421)
2025-09-20T21:22:30.1699240Z Receiving objects:  28% (118/421)
2025-09-20T21:22:30.1699550Z Receiving objects:  29% (123/421)
2025-09-20T21:22:30.1699830Z Receiving objects:  30% (127/421)
2025-09-20T21:22:30.1700100Z Receiving objects:  31% (131/421)
2025-09-20T21:22:30.1765360Z Receiving objects:  32% (135/421)
2025-09-20T21:22:30.1920150Z Receiving objects:  33% (139/421)
2025-09-20T21:22:30.1920560Z Receiving objects:  34% (144/421)
2025-09-20T21:22:30.1920880Z Receiving objects:  35% (148/421)
2025-09-20T21:22:30.2108890Z Receiving objects:  36% (152/421)
2025-09-20T21:22:30.2109400Z Receiving objects:  37% (156/421)
2025-09-20T21:22:30.2110180Z Receiving objects:  38% (160/421)
2025-09-20T21:22:30.2145050Z Receiving objects:  39% (165/421)
2025-09-20T21:22:30.2158700Z Receiving objects:  40% (169/421)
2025-09-20T21:22:30.2199500Z Receiving objects:  41% (173/421)
2025-09-20T21:22:30.2206520Z Receiving objects:  42% (177/421)
2025-09-20T21:22:30.2207190Z Receiving objects:  43% (182/421)
2025-09-20T21:22:30.2207480Z Receiving objects:  44% (186/421)
2025-09-20T21:22:30.2207770Z Receiving objects:  45% (190/421)
2025-09-20T21:22:30.2208040Z Receiving objects:  46% (194/421)
2025-09-20T21:22:30.2208310Z Receiving objects:  47% (198/421)
2025-09-20T21:22:30.2208580Z Receiving objects:  48% (203/421)
2025-09-20T21:22:30.2208850Z Receiving objects:  49% (207/421)
2025-09-20T21:22:30.2209110Z Receiving objects:  50% (211/421)
2025-09-20T21:22:30.2209380Z Receiving objects:  51% (215/421)
2025-09-20T21:22:30.2209640Z Receiving objects:  52% (219/421)
2025-09-20T21:22:30.2209960Z Receiving objects:  53% (224/421)
2025-09-20T21:22:30.2210240Z Receiving objects:  54% (228/421)
2025-09-20T21:22:30.2210510Z Receiving objects:  55% (232/421)
2025-09-20T21:22:30.2210770Z Receiving objects:  56% (236/421)
2025-09-20T21:22:30.2211040Z Receiving objects:  57% (240/421)
2025-09-20T21:22:30.2355850Z Receiving objects:  58% (245/421)
2025-09-20T21:22:30.2356650Z Receiving objects:  59% (249/421)
2025-09-20T21:22:30.2356940Z Receiving objects:  60% (253/421)
2025-09-20T21:22:30.2357240Z Receiving objects:  61% (257/421)
2025-09-20T21:22:30.2357530Z Receiving objects:  62% (262/421)
2025-09-20T21:22:30.2357800Z Receiving objects:  63% (266/421)
2025-09-20T21:22:30.2360620Z Receiving objects:  64% (270/421)
2025-09-20T21:22:30.2404380Z Receiving objects:  65% (274/421)
2025-09-20T21:22:30.2407350Z Receiving objects:  66% (278/421)
2025-09-20T21:22:30.2407690Z Receiving objects:  67% (283/421)
2025-09-20T21:22:30.2408010Z Receiving objects:  68% (287/421)
2025-09-20T21:22:30.2554860Z Receiving objects:  69% (291/421)
2025-09-20T21:22:30.2562480Z Receiving objects:  70% (295/421)
2025-09-20T21:22:30.2562820Z Receiving objects:  71% (299/421)
2025-09-20T21:22:30.2563100Z Receiving objects:  72% (304/421)
2025-09-20T21:22:30.2563380Z Receiving objects:  73% (308/421)
2025-09-20T21:22:30.2563640Z Receiving objects:  74% (312/421)
2025-09-20T21:22:30.2563920Z Receiving objects:  75% (316/421)
2025-09-20T21:22:30.2746450Z Receiving objects:  76% (320/421)
2025-09-20T21:22:30.2751750Z Receiving objects:  77% (325/421)
2025-09-20T21:22:30.2752130Z Receiving objects:  78% (329/421)
2025-09-20T21:22:30.2752420Z Receiving objects:  79% (333/421)
2025-09-20T21:22:30.2784830Z Receiving objects:  80% (337/421)
2025-09-20T21:22:30.2785240Z Receiving objects:  81% (342/421)
2025-09-20T21:22:30.2785520Z Receiving objects:  82% (346/421)
2025-09-20T21:22:30.2785790Z Receiving objects:  83% (350/421)
2025-09-20T21:22:30.2786140Z Receiving objects:  84% (354/421)
2025-09-20T21:22:30.2786430Z Receiving objects:  85% (358/421)
2025-09-20T21:22:30.2786690Z Receiving objects:  86% (363/421)
2025-09-20T21:22:30.2809660Z Receiving objects:  87% (367/421)
2025-09-20T21:22:30.2843030Z Receiving objects:  88% (371/421)
2025-09-20T21:22:30.2858600Z Receiving objects:  89% (375/421)
2025-09-20T21:22:30.2858930Z Receiving objects:  90% (379/421)
2025-09-20T21:22:30.2859200Z Receiving objects:  91% (384/421)
2025-09-20T21:22:30.2859490Z Receiving objects:  92% (388/421)
2025-09-20T21:22:30.2859760Z Receiving objects:  93% (392/421)
2025-09-20T21:22:30.2860020Z Receiving objects:  94% (396/421)
2025-09-20T21:22:30.2860280Z Receiving objects:  95% (400/421)
2025-09-20T21:22:30.2860540Z Receiving objects:  96% (405/421)
2025-09-20T21:22:30.2863780Z Receiving objects:  97% (409/421)
2025-09-20T21:22:30.3680620Z Receiving objects:  98% (413/421)
2025-09-20T21:22:30.3697940Z remote: Total 421 (delta 39), reused 203 (delta 16), pack-reused 0 (from 0)        
2025-09-20T21:22:30.3700590Z Receiving objects:  99% (417/421)
2025-09-20T21:22:30.3700950Z Receiving objects: 100% (421/421)
2025-09-20T21:22:30.3701600Z Receiving objects: 100% (421/421), 2.56 MiB | 6.40 MiB/s, done.
2025-09-20T21:22:30.3701950Z Resolving deltas:   0% (0/39)
2025-09-20T21:22:30.3702300Z Resolving deltas:   2% (1/39)
2025-09-20T21:22:30.3702660Z Resolving deltas:   7% (3/39)
2025-09-20T21:22:30.3702920Z Resolving deltas:  10% (4/39)
2025-09-20T21:22:30.3703910Z Resolving deltas:  12% (5/39)
2025-09-20T21:22:30.3704220Z Resolving deltas:  15% (6/39)
2025-09-20T21:22:30.3704570Z Resolving deltas:  17% (7/39)
2025-09-20T21:22:30.3704840Z Resolving deltas:  20% (8/39)
2025-09-20T21:22:30.3705090Z Resolving deltas:  23% (9/39)
2025-09-20T21:22:30.3705340Z Resolving deltas:  25% (10/39)
2025-09-20T21:22:30.3705510Z Resolving deltas:  30% (12/39)
2025-09-20T21:22:30.3705760Z Resolving deltas:  33% (13/39)
2025-09-20T21:22:30.3706030Z Resolving deltas:  38% (15/39)
2025-09-20T21:22:30.3706570Z Resolving deltas:  41% (16/39)
2025-09-20T21:22:30.3706740Z Resolving deltas:  46% (18/39)
2025-09-20T21:22:30.3706900Z Resolving deltas:  48% (19/39)
2025-09-20T21:22:30.3707080Z Resolving deltas:  51% (20/39)
2025-09-20T21:22:30.3707230Z Resolving deltas:  53% (21/39)
2025-09-20T21:22:30.3707390Z Resolving deltas:  56% (22/39)
2025-09-20T21:22:30.3707550Z Resolving deltas:  58% (23/39)
2025-09-20T21:22:30.3707710Z Resolving deltas:  61% (24/39)
2025-09-20T21:22:30.3707870Z Resolving deltas:  64% (25/39)
2025-09-20T21:22:30.3708020Z Resolving deltas:  66% (26/39)
2025-09-20T21:22:30.3708260Z Resolving deltas:  69% (27/39)
2025-09-20T21:22:30.3708420Z Resolving deltas:  71% (28/39)
2025-09-20T21:22:30.3708570Z Resolving deltas:  74% (29/39)
2025-09-20T21:22:30.3708740Z Resolving deltas:  76% (30/39)
2025-09-20T21:22:30.3708890Z Resolving deltas:  79% (31/39)
2025-09-20T21:22:30.3709050Z Resolving deltas:  82% (32/39)
2025-09-20T21:22:30.3709210Z Resolving deltas:  84% (33/39)
2025-09-20T21:22:30.3709370Z Resolving deltas:  87% (34/39)
2025-09-20T21:22:30.3709520Z Resolving deltas:  89% (35/39)
2025-09-20T21:22:30.3709670Z Resolving deltas:  92% (36/39)
2025-09-20T21:22:30.3709830Z Resolving deltas:  94% (37/39)
2025-09-20T21:22:30.3709990Z Resolving deltas:  97% (38/39)
2025-09-20T21:22:30.3710150Z Resolving deltas: 100% (39/39)
2025-09-20T21:22:30.3710310Z Resolving deltas: 100% (39/39), done.
2025-09-20T21:22:30.3822350Z From https://github.com/Avarok-Cybersecurity/Citadel-Protocol
2025-09-20T21:22:30.3823010Z  * [new ref]         7edf0bb75f061919add02f6d6a82672c0b2e9654 -> pull/236/merge
2025-09-20T21:22:30.3882640Z ##[endgroup]
2025-09-20T21:22:30.3883140Z ##[group]Determining the checkout info
2025-09-20T21:22:30.3883540Z ##[endgroup]
2025-09-20T21:22:30.3883910Z ##[group]Checking out the ref
2025-09-20T21:22:30.3886140Z [command]/opt/homebrew/bin/git checkout --progress --force refs/remotes/pull/236/merge
2025-09-20T21:22:30.5754800Z HEAD is now at 7edf0bb Merge 8a89b2152348ab91c1a5bd335ccb554a7eae26c5 into 2b40ca3c28904a155dd62f453494820feec744f0
2025-09-20T21:22:30.6485140Z ##[endgroup]
2025-09-20T21:22:30.6586810Z [command]/opt/homebrew/bin/git log -1 --format='%H'
2025-09-20T21:22:30.6661610Z '7edf0bb75f061919add02f6d6a82672c0b2e9654'
2025-09-20T21:22:30.6844870Z ##[group]Run dtolnay/rust-toolchain@stable
2025-09-20T21:22:30.6845050Z with:
2025-09-20T21:22:30.6845150Z   toolchain: stable
2025-09-20T21:22:30.6845260Z env:
2025-09-20T21:22:30.6845370Z   CARGO_TERM_COLOR: always
2025-09-20T21:22:30.6845500Z   RUST_BACKTRACE: full
2025-09-20T21:22:30.6845630Z   RUST_MIN_STACK: 40971520
2025-09-20T21:22:30.6845760Z   RUST_LOG: citadel=warn
2025-09-20T21:22:30.6845880Z   IN_CI: true
2025-09-20T21:22:30.6846010Z   OPENSSL_ROOT_DIR: /usr/local/opt/openssl@1.1
2025-09-20T21:22:30.6846180Z ##[endgroup]
2025-09-20T21:22:30.6873510Z ##[group]Run : parse toolchain version
2025-09-20T21:22:30.6873730Z [36;1m: parse toolchain version[0m
2025-09-20T21:22:30.6873900Z [36;1mif [[ -z $toolchain ]]; then[0m
2025-09-20T21:22:30.6874230Z [36;1m  # GitHub does not enforce `required: true` inputs itself. https://github.com/actions/runner/issues/1070[0m
2025-09-20T21:22:30.6874750Z [36;1m  echo "'toolchain' is a required input" >&2[0m
2025-09-20T21:22:30.6874940Z [36;1m  exit 1[0m
2025-09-20T21:22:30.6875150Z [36;1melif [[ $toolchain =~ ^stable' '[0-9]+' '(year|month|week|day)s?' 'ago$ ]]; then[0m
2025-09-20T21:22:30.6875420Z [36;1m  if [[ macOS == macOS ]]; then[0m
2025-09-20T21:22:30.6876020Z [36;1m    echo "toolchain=1.$((($(date -v-$(sed 's/stable \([0-9]*\) \(.\).*/\1\2/' <<< $toolchain) +%s)/60/60/24-16569)/7/6))" >> $GITHUB_OUTPUT[0m
2025-09-20T21:22:30.6876330Z [36;1m  else[0m
2025-09-20T21:22:30.6876580Z [36;1m    echo "toolchain=1.$((($(date --date "${toolchain#stable }" +%s)/60/60/24-16569)/7/6))" >> $GITHUB_OUTPUT[0m
2025-09-20T21:22:30.6876860Z [36;1m  fi[0m
2025-09-20T21:22:30.6877050Z [36;1melif [[ $toolchain =~ ^stable' 'minus' '[0-9]+' 'releases?$ ]]; then[0m
2025-09-20T21:22:30.6877400Z [36;1m  echo "toolchain=1.$((($(date +%s)/60/60/24-16569)/7/6-${toolchain//[^0-9]/}))" >> $GITHUB_OUTPUT[0m
2025-09-20T21:22:30.6877710Z [36;1melif [[ $toolchain =~ ^1\.[0-9]+$ ]]; then[0m
2025-09-20T21:22:30.6878050Z [36;1m  echo "toolchain=1.$((i=${toolchain#1.}, c=($(date +%s)/60/60/24-16569)/7/6, i+9*i*(10*i<=c)+90*i*(100*i<=c)))" >> $GITHUB_OUTPUT[0m
2025-09-20T21:22:30.6878350Z [36;1melse[0m
2025-09-20T21:22:30.6878510Z [36;1m  echo "toolchain=$toolchain" >> $GITHUB_OUTPUT[0m
2025-09-20T21:22:30.6878700Z [36;1mfi[0m
2025-09-20T21:22:30.6906490Z shell: /bin/bash --noprofile --norc -e -o pipefail {0}
2025-09-20T21:22:30.6906700Z env:
2025-09-20T21:22:30.6906820Z   CARGO_TERM_COLOR: always
2025-09-20T21:22:30.6906960Z   RUST_BACKTRACE: full
2025-09-20T21:22:30.6907090Z   RUST_MIN_STACK: 40971520
2025-09-20T21:22:30.6907230Z   RUST_LOG: citadel=warn
2025-09-20T21:22:30.6907360Z   IN_CI: true
2025-09-20T21:22:30.6907490Z   OPENSSL_ROOT_DIR: /usr/local/opt/openssl@1.1
2025-09-20T21:22:30.6907680Z   toolchain: stable
2025-09-20T21:22:30.6907790Z ##[endgroup]
2025-09-20T21:22:30.7218870Z ##[group]Run : construct rustup command line
2025-09-20T21:22:30.7219180Z [36;1m: construct rustup command line[0m
2025-09-20T21:22:30.7219500Z [36;1mecho "targets=$(for t in ${targets//,/ }; do echo -n ' --target' $t; done)" >> $GITHUB_OUTPUT[0m
2025-09-20T21:22:30.7219920Z [36;1mecho "components=$(for c in ${components//,/ }; do echo -n ' --component' $c; done)" >> $GITHUB_OUTPUT[0m
2025-09-20T21:22:30.7220270Z [36;1mecho "downgrade=" >> $GITHUB_OUTPUT[0m
2025-09-20T21:22:30.7246000Z shell: /bin/bash --noprofile --norc -e -o pipefail {0}
2025-09-20T21:22:30.7246230Z env:
2025-09-20T21:22:30.7246360Z   CARGO_TERM_COLOR: always
2025-09-20T21:22:30.7246510Z   RUST_BACKTRACE: full
2025-09-20T21:22:30.7246650Z   RUST_MIN_STACK: 40971520
2025-09-20T21:22:30.7246830Z   RUST_LOG: citadel=warn
2025-09-20T21:22:30.7246980Z   IN_CI: true
2025-09-20T21:22:30.7247120Z   OPENSSL_ROOT_DIR: /usr/local/opt/openssl@1.1
2025-09-20T21:22:30.7247330Z   targets: 
2025-09-20T21:22:30.7247440Z   components: 
2025-09-20T21:22:30.7247570Z ##[endgroup]
2025-09-20T21:22:30.7572980Z ##[group]Run : set $CARGO_HOME
2025-09-20T21:22:30.7573190Z [36;1m: set $CARGO_HOME[0m
2025-09-20T21:22:30.7573410Z [36;1mecho CARGO_HOME=${CARGO_HOME:-"$HOME/.cargo"} >> $GITHUB_ENV[0m
2025-09-20T21:22:30.7599610Z shell: /bin/bash --noprofile --norc -e -o pipefail {0}
2025-09-20T21:22:30.7599820Z env:
2025-09-20T21:22:30.7599940Z   CARGO_TERM_COLOR: always
2025-09-20T21:22:30.7600100Z   RUST_BACKTRACE: full
2025-09-20T21:22:30.7600240Z   RUST_MIN_STACK: 40971520
2025-09-20T21:22:30.7600390Z   RUST_LOG: citadel=warn
2025-09-20T21:22:30.7600520Z   IN_CI: true
2025-09-20T21:22:30.7600670Z   OPENSSL_ROOT_DIR: /usr/local/opt/openssl@1.1
2025-09-20T21:22:30.7600850Z ##[endgroup]
2025-09-20T21:22:30.7849800Z ##[group]Run : install rustup if needed
2025-09-20T21:22:30.7850070Z [36;1m: install rustup if needed[0m
2025-09-20T21:22:30.7850270Z [36;1mif ! command -v rustup &>/dev/null; then[0m
2025-09-20T21:22:30.7850770Z [36;1m  curl --proto '=https' --tlsv1.2 --retry 10 --retry-connrefused --location --silent --show-error --fail https://sh.rustup.rs | sh -s -- --default-toolchain none -y[0m
2025-09-20T21:22:30.7851430Z [36;1m  echo "$CARGO_HOME/bin" >> $GITHUB_PATH[0m
2025-09-20T21:22:30.7851630Z [36;1mfi[0m
2025-09-20T21:22:30.7876890Z shell: /bin/bash --noprofile --norc -e -o pipefail {0}
2025-09-20T21:22:30.7877260Z env:
2025-09-20T21:22:30.7877380Z   CARGO_TERM_COLOR: always
2025-09-20T21:22:30.7877530Z   RUST_BACKTRACE: full
2025-09-20T21:22:30.7877670Z   RUST_MIN_STACK: 40971520
2025-09-20T21:22:30.7877820Z   RUST_LOG: citadel=warn
2025-09-20T21:22:30.7877960Z   IN_CI: true
2025-09-20T21:22:30.7878110Z   OPENSSL_ROOT_DIR: /usr/local/opt/openssl@1.1
2025-09-20T21:22:30.7878310Z   CARGO_HOME: /Users/runner/.cargo
2025-09-20T21:22:30.7878460Z ##[endgroup]
2025-09-20T21:22:30.8122990Z ##[group]Run rustup toolchain install stable --profile minimal --no-self-update
2025-09-20T21:22:30.8123420Z [36;1mrustup toolchain install stable --profile minimal --no-self-update[0m
2025-09-20T21:22:30.8148910Z shell: /bin/bash --noprofile --norc -e -o pipefail {0}
2025-09-20T21:22:30.8149120Z env:
2025-09-20T21:22:30.8149260Z   CARGO_TERM_COLOR: always
2025-09-20T21:22:30.8149400Z   RUST_BACKTRACE: full
2025-09-20T21:22:30.8149540Z   RUST_MIN_STACK: 40971520
2025-09-20T21:22:30.8149690Z   RUST_LOG: citadel=warn
2025-09-20T21:22:30.8149850Z   IN_CI: true
2025-09-20T21:22:30.8150000Z   OPENSSL_ROOT_DIR: /usr/local/opt/openssl@1.1
2025-09-20T21:22:30.8150200Z   CARGO_HOME: /Users/runner/.cargo
2025-09-20T21:22:30.8150370Z ##[endgroup]
2025-09-20T21:22:31.2604030Z info: syncing channel updates for 'stable-aarch64-apple-darwin'
2025-09-20T21:22:31.4000870Z info: latest update on 2025-09-18, rust version 1.90.0 (1159e78c4 2025-09-14)
2025-09-20T21:22:31.4237160Z info: downloading component 'clippy'
2025-09-20T21:22:31.4582720Z info: downloading component 'rustfmt'
2025-09-20T21:22:31.4890100Z info: downloading component 'cargo'
2025-09-20T21:22:31.5820060Z info: downloading component 'rust-std'
2025-09-20T21:22:31.8193810Z info: downloading component 'rustc'
2025-09-20T21:22:32.2863770Z info: removing previous version of component 'clippy'
2025-09-20T21:22:32.2967590Z info: removing previous version of component 'rustfmt'
2025-09-20T21:22:32.3076380Z info: removing previous version of component 'cargo'
2025-09-20T21:22:32.3090720Z info: removing previous version of component 'rust-std'
2025-09-20T21:22:32.3200610Z info: removing previous version of component 'rustc'
2025-09-20T21:22:32.3301500Z info: installing component 'clippy'
2025-09-20T21:22:32.6388970Z info: installing component 'rustfmt'
2025-09-20T21:22:32.9863770Z info: installing component 'cargo'
2025-09-20T21:22:33.5631130Z info: installing component 'rust-std'
2025-09-20T21:22:35.5778110Z info: installing component 'rustc'
2025-09-20T21:22:39.4086560Z 
2025-09-20T21:22:39.4563420Z   stable-aarch64-apple-darwin updated - rustc 1.90.0 (1159e78c4 2025-09-14) (from rustc 1.89.0 (29483883e 2025-08-04))
2025-09-20T21:22:39.4569980Z info: self-update is disabled for this build of rustup
2025-09-20T21:22:39.4573380Z 
2025-09-20T21:22:39.4574560Z info: any updates to rustup will need to be fetched with your system package manager
2025-09-20T21:22:39.4862970Z ##[group]Run rustup default stable
2025-09-20T21:22:39.4863370Z [36;1mrustup default stable[0m
2025-09-20T21:22:39.4904320Z shell: /bin/bash --noprofile --norc -e -o pipefail {0}
2025-09-20T21:22:39.4904610Z env:
2025-09-20T21:22:39.4904970Z   CARGO_TERM_COLOR: always
2025-09-20T21:22:39.4905210Z   RUST_BACKTRACE: full
2025-09-20T21:22:39.4905440Z   RUST_MIN_STACK: 40971520
2025-09-20T21:22:39.4905690Z   RUST_LOG: citadel=warn
2025-09-20T21:22:39.4905970Z   IN_CI: true
2025-09-20T21:22:39.4906190Z   OPENSSL_ROOT_DIR: /usr/local/opt/openssl@1.1
2025-09-20T21:22:39.4906480Z   CARGO_HOME: /Users/runner/.cargo
2025-09-20T21:22:39.4906790Z ##[endgroup]
2025-09-20T21:22:39.5789950Z info: using existing install for 'stable-aarch64-apple-darwin'
2025-09-20T21:22:39.6048590Z info: default toolchain set to 'stable-aarch64-apple-darwin'
2025-09-20T21:22:39.6054340Z 
2025-09-20T21:22:39.6147300Z   stable-aarch64-apple-darwin unchanged - rustc 1.90.0 (1159e78c4 2025-09-14)
2025-09-20T21:22:39.6147890Z 
2025-09-20T21:22:39.6219130Z ##[group]Run : create cachekey
2025-09-20T21:22:39.6219910Z [36;1m: create cachekey[0m
2025-09-20T21:22:39.6220820Z [36;1mDATE=$(rustc +stable --version --verbose | sed -ne 's/^commit-date: \(20[0-9][0-9]\)-\([01][0-9]\)-\([0-3][0-9]\)$/\1\2\3/p')[0m
2025-09-20T21:22:39.6228130Z [36;1mHASH=$(rustc +stable --version --verbose | sed -ne 's/^commit-hash: //p')[0m
2025-09-20T21:22:39.6228540Z [36;1mecho "cachekey=$(echo $DATE$HASH | head -c12)" >> $GITHUB_OUTPUT[0m
2025-09-20T21:22:39.6267040Z shell: /bin/bash --noprofile --norc -e -o pipefail {0}
2025-09-20T21:22:39.6267450Z env:
2025-09-20T21:22:39.6267710Z   CARGO_TERM_COLOR: always
2025-09-20T21:22:39.6268090Z   RUST_BACKTRACE: full
2025-09-20T21:22:39.6268370Z   RUST_MIN_STACK: 40971520
2025-09-20T21:22:39.6268620Z   RUST_LOG: citadel=warn
2025-09-20T21:22:39.6268940Z   IN_CI: true
2025-09-20T21:22:39.6269170Z   OPENSSL_ROOT_DIR: /usr/local/opt/openssl@1.1
2025-09-20T21:22:39.6269510Z   CARGO_HOME: /Users/runner/.cargo
2025-09-20T21:22:39.6269770Z ##[endgroup]
2025-09-20T21:22:39.7593770Z ##[group]Run : disable incremental compilation
2025-09-20T21:22:39.7594690Z [36;1m: disable incremental compilation[0m
2025-09-20T21:22:39.7595490Z [36;1mif [ -z "${CARGO_INCREMENTAL+set}" ]; then[0m
2025-09-20T21:22:39.7596330Z [36;1m  echo CARGO_INCREMENTAL=0 >> $GITHUB_ENV[0m
2025-09-20T21:22:39.7596940Z [36;1mfi[0m
2025-09-20T21:22:39.7652030Z shell: /bin/bash --noprofile --norc -e -o pipefail {0}
2025-09-20T21:22:39.7652600Z env:
2025-09-20T21:22:39.7652920Z   CARGO_TERM_COLOR: always
2025-09-20T21:22:39.7653160Z   RUST_BACKTRACE: full
2025-09-20T21:22:39.7653370Z   RUST_MIN_STACK: 40971520
2025-09-20T21:22:39.7653620Z   RUST_LOG: citadel=warn
2025-09-20T21:22:39.7653950Z   IN_CI: true
2025-09-20T21:22:39.7654190Z   OPENSSL_ROOT_DIR: /usr/local/opt/openssl@1.1
2025-09-20T21:22:39.7654570Z   CARGO_HOME: /Users/runner/.cargo
2025-09-20T21:22:39.7654810Z ##[endgroup]
2025-09-20T21:22:39.8124870Z ##[group]Run : enable colors in Cargo output
2025-09-20T21:22:39.8125260Z [36;1m: enable colors in Cargo output[0m
2025-09-20T21:22:39.8125490Z [36;1mif [ -z "${CARGO_TERM_COLOR+set}" ]; then[0m
2025-09-20T21:22:39.8125840Z [36;1m  echo CARGO_TERM_COLOR=always >> $GITHUB_ENV[0m
2025-09-20T21:22:39.8126120Z [36;1mfi[0m
2025-09-20T21:22:39.8155550Z shell: /bin/bash --noprofile --norc -e -o pipefail {0}
2025-09-20T21:22:39.8155870Z env:
2025-09-20T21:22:39.8156020Z   CARGO_TERM_COLOR: always
2025-09-20T21:22:39.8156190Z   RUST_BACKTRACE: full
2025-09-20T21:22:39.8156370Z   RUST_MIN_STACK: 40971520
2025-09-20T21:22:39.8156520Z   RUST_LOG: citadel=warn
2025-09-20T21:22:39.8156710Z   IN_CI: true
2025-09-20T21:22:39.8156880Z   OPENSSL_ROOT_DIR: /usr/local/opt/openssl@1.1
2025-09-20T21:22:39.8157120Z   CARGO_HOME: /Users/runner/.cargo
2025-09-20T21:22:39.8157290Z   CARGO_INCREMENTAL: 0
2025-09-20T21:22:39.8157460Z ##[endgroup]
2025-09-20T21:22:39.8694370Z ##[group]Run : enable Cargo sparse registry
2025-09-20T21:22:39.8695280Z [36;1m: enable Cargo sparse registry[0m
2025-09-20T21:22:39.8695960Z [36;1m# implemented in 1.66, stabilized in 1.68, made default in 1.70[0m
2025-09-20T21:22:39.8697310Z [36;1mif [ -z "${CARGO_REGISTRIES_CRATES_IO_PROTOCOL+set}" -o -f "/Users/runner/work/_temp"/.implicit_cargo_registries_crates_io_protocol ]; then[0m
2025-09-20T21:22:39.8698690Z [36;1m  if rustc +stable --version --verbose | grep -q '^release: 1\.6[89]\.'; then[0m
2025-09-20T21:22:39.8699840Z [36;1m    touch "/Users/runner/work/_temp"/.implicit_cargo_registries_crates_io_protocol || true[0m
2025-09-20T21:22:39.8700920Z [36;1m    echo CARGO_REGISTRIES_CRATES_IO_PROTOCOL=sparse >> $GITHUB_ENV[0m
2025-09-20T21:22:39.8702000Z [36;1m  elif rustc +stable --version --verbose | grep -q '^release: 1\.6[67]\.'; then[0m
2025-09-20T21:22:39.8703180Z [36;1m    touch "/Users/runner/work/_temp"/.implicit_cargo_registries_crates_io_protocol || true[0m
2025-09-20T21:22:39.8704870Z [36;1m    echo CARGO_REGISTRIES_CRATES_IO_PROTOCOL=git >> $GITHUB_ENV[0m
2025-09-20T21:22:39.8705530Z [36;1m  fi[0m
2025-09-20T21:22:39.8705860Z [36;1mfi[0m
2025-09-20T21:22:39.8791510Z shell: /bin/bash --noprofile --norc -e -o pipefail {0}
2025-09-20T21:22:39.8792100Z env:
2025-09-20T21:22:39.8792260Z   CARGO_TERM_COLOR: always
2025-09-20T21:22:39.8792420Z   RUST_BACKTRACE: full
2025-09-20T21:22:39.8792560Z   RUST_MIN_STACK: 40971520
2025-09-20T21:22:39.8792700Z   RUST_LOG: citadel=warn
2025-09-20T21:22:39.8792840Z   IN_CI: true
2025-09-20T21:22:39.8792990Z   OPENSSL_ROOT_DIR: /usr/local/opt/openssl@1.1
2025-09-20T21:22:39.8793220Z   CARGO_HOME: /Users/runner/.cargo
2025-09-20T21:22:39.8793400Z   CARGO_INCREMENTAL: 0
2025-09-20T21:22:39.8793530Z ##[endgroup]
2025-09-20T21:22:39.9568600Z ##[group]Run : work around spurious network errors in curl 8.0
2025-09-20T21:22:39.9568980Z [36;1m: work around spurious network errors in curl 8.0[0m
2025-09-20T21:22:39.9569370Z [36;1m# https://rust-lang.zulipchat.com/#narrow/stream/246057-t-cargo/topic/timeout.20investigation[0m
2025-09-20T21:22:39.9569810Z [36;1mif rustc +stable --version --verbose | grep -q '^release: 1\.7[01]\.'; then[0m
2025-09-20T21:22:39.9570130Z [36;1m  echo CARGO_HTTP_MULTIPLEXING=false >> $GITHUB_ENV[0m
2025-09-20T21:22:39.9570360Z [36;1mfi[0m
2025-09-20T21:22:39.9597750Z shell: /bin/bash --noprofile --norc -e -o pipefail {0}
2025-09-20T21:22:39.9597980Z env:
2025-09-20T21:22:39.9598110Z   CARGO_TERM_COLOR: always
2025-09-20T21:22:39.9598260Z   RUST_BACKTRACE: full
2025-09-20T21:22:39.9598410Z   RUST_MIN_STACK: 40971520
2025-09-20T21:22:39.9598570Z   RUST_LOG: citadel=warn
2025-09-20T21:22:39.9598700Z   IN_CI: true
2025-09-20T21:22:39.9598850Z   OPENSSL_ROOT_DIR: /usr/local/opt/openssl@1.1
2025-09-20T21:22:39.9599060Z   CARGO_HOME: /Users/runner/.cargo
2025-09-20T21:22:39.9599240Z   CARGO_INCREMENTAL: 0
2025-09-20T21:22:39.9599380Z ##[endgroup]
2025-09-20T21:22:40.0051370Z ##[group]Run rustc +stable --version --verbose
2025-09-20T21:22:40.0051690Z [36;1mrustc +stable --version --verbose[0m
2025-09-20T21:22:40.0077900Z shell: /bin/bash --noprofile --norc -e -o pipefail {0}
2025-09-20T21:22:40.0078140Z env:
2025-09-20T21:22:40.0078270Z   CARGO_TERM_COLOR: always
2025-09-20T21:22:40.0078470Z   RUST_BACKTRACE: full
2025-09-20T21:22:40.0078630Z   RUST_MIN_STACK: 40971520
2025-09-20T21:22:40.0078790Z   RUST_LOG: citadel=warn
2025-09-20T21:22:40.0078940Z   IN_CI: true
2025-09-20T21:22:40.0079100Z   OPENSSL_ROOT_DIR: /usr/local/opt/openssl@1.1
2025-09-20T21:22:40.0079320Z   CARGO_HOME: /Users/runner/.cargo
2025-09-20T21:22:40.0079500Z   CARGO_INCREMENTAL: 0
2025-09-20T21:22:40.0079640Z ##[endgroup]
2025-09-20T21:22:40.0573200Z rustc 1.90.0 (1159e78c4 2025-09-14)
2025-09-20T21:22:40.0573560Z binary: rustc
2025-09-20T21:22:40.0573760Z commit-hash: 1159e78c4747b02ef996e55082b704c09b970588
2025-09-20T21:22:40.0573980Z commit-date: 2025-09-14
2025-09-20T21:22:40.0574190Z host: aarch64-apple-darwin
2025-09-20T21:22:40.0574350Z release: 1.90.0
2025-09-20T21:22:40.0577420Z LLVM version: 20.1.8
2025-09-20T21:22:40.0630360Z ##[group]Run actions-rs/cargo@v1
2025-09-20T21:22:40.0630530Z with:
2025-09-20T21:22:40.0630650Z   command: install
2025-09-20T21:22:40.0630790Z   args: --force cargo-make
2025-09-20T21:22:40.0630980Z   use-cross: false
2025-09-20T21:22:40.0631110Z env:
2025-09-20T21:22:40.0631230Z   CARGO_TERM_COLOR: always
2025-09-20T21:22:40.0631370Z   RUST_BACKTRACE: full
2025-09-20T21:22:40.0631520Z   RUST_MIN_STACK: 40971520
2025-09-20T21:22:40.0631670Z   RUST_LOG: citadel=warn
2025-09-20T21:22:40.0631800Z   IN_CI: true
2025-09-20T21:22:40.0631950Z   OPENSSL_ROOT_DIR: /usr/local/opt/openssl@1.1
2025-09-20T21:22:40.0632170Z   CARGO_HOME: /Users/runner/.cargo
2025-09-20T21:22:40.0632340Z   CARGO_INCREMENTAL: 0
2025-09-20T21:22:40.0632470Z ##[endgroup]
2025-09-20T21:22:40.1691260Z [command]/Users/runner/.cargo/bin/cargo install --force cargo-make
2025-09-20T21:22:40.2974320Z [1m[32m    Updating[0m crates.io index
2025-09-20T21:22:40.7237320Z [1m[32m Downloading[0m crates ...
2025-09-20T21:22:40.7890600Z [1m[32m  Downloaded[0m cargo-make v0.37.24
2025-09-20T21:22:40.9459230Z [1m[32m  Installing[0m cargo-make v0.37.24
2025-09-20T21:22:41.0065820Z [1m[32m    Updating[0m crates.io index
2025-09-20T21:22:42.0228690Z [1m[32m     Locking[0m 234 packages to latest compatible versions
2025-09-20T21:22:42.0332400Z [1m[36m      Adding[0m cargo_metadata v0.19.2 [1m[33m(available: v0.22.0)[0m
2025-09-20T21:22:42.0408540Z [1m[36m      Adding[0m petgraph v0.7.1 [1m[33m(available: v0.8.2)[0m
2025-09-20T21:22:42.0410380Z [1m[36m      Adding[0m strum_macros v0.26.4 [1m[33m(available: v0.27.2)[0m
2025-09-20T21:22:42.0465700Z [1m[36m      Adding[0m toml v0.8.23 [1m[33m(available: v0.9.7)[0m
2025-09-20T21:22:42.0509770Z [1m[32m Downloading[0m crates ...
2025-09-20T21:22:42.1343810Z [1m[32m  Downloaded[0m toml_datetime v0.6.11
2025-09-20T21:22:42.1372480Z [1m[32m  Downloaded[0m strum_macros v0.26.4
2025-09-20T21:22:42.1449880Z [1m[32m  Downloaded[0m zeroize v1.8.1
2025-09-20T21:22:42.1556790Z [1m[32m  Downloaded[0m toml_write v0.1.2
2025-09-20T21:22:42.1709420Z [1m[32m  Downloaded[0m zopfli v0.8.2
2025-09-20T21:22:42.1867610Z [1m[32m  Downloaded[0m zerocopy v0.8.27
2025-09-20T21:22:42.2683830Z [1m[32m  Downloaded[0m zerotrie v0.2.2
2025-09-20T21:22:42.2807230Z [1m[32m  Downloaded[0m zerovec-derive v0.11.1
2025-09-20T21:22:42.2892780Z [1m[32m  Downloaded[0m zerofrom-derive v0.1.6
2025-09-20T21:22:42.2939210Z [1m[32m  Downloaded[0m yoke v0.8.0
2025-09-20T21:22:42.2996060Z [1m[32m  Downloaded[0m typenum v1.18.0
2025-09-20T21:22:42.3068430Z [1m[32m  Downloaded[0m unicode-ident v1.0.19
2025-09-20T21:22:42.3125750Z [1m[32m  Downloaded[0m memchr v2.7.5
2025-09-20T21:22:42.3228520Z [1m[32m  Downloaded[0m toml_edit v0.22.27
2025-09-20T21:22:42.3319530Z [1m[32m  Downloaded[0m time v0.3.44
2025-09-20T21:22:42.3510590Z [1m[32m  Downloaded[0m zip v2.4.2
2025-09-20T21:22:42.3598730Z [1m[32m  Downloaded[0m winnow v0.7.13
2025-09-20T21:22:42.3805930Z [1m[32m  Downloaded[0m nix v0.30.1
2025-09-20T21:22:42.4003370Z [1m[32m  Downloaded[0m itertools v0.14.0
2025-09-20T21:22:42.4139000Z [1m[32m  Downloaded[0m serde_json v1.0.145
2025-09-20T21:22:42.4261100Z [1m[32m  Downloaded[0m hashbrown v0.16.0
2025-09-20T21:22:42.4359410Z [1m[32m  Downloaded[0m duckscriptsdk v0.11.1
2025-09-20T21:22:42.5313660Z [1m[32m  Downloaded[0m fern v0.7.1
2025-09-20T21:22:42.5408030Z [1m[32m  Downloaded[0m icu_locale_core v2.0.0
2025-09-20T21:22:42.5535580Z [1m[32m  Downloaded[0m syn v2.0.106
2025-09-20T21:22:42.6021830Z [1m[32m  Downloaded[0m regex-syntax v0.8.6
2025-09-20T21:22:42.6170820Z [1m[32m  Downloaded[0m lenient_semver v0.4.2
2025-09-20T21:22:42.6254910Z [1m[32m  Downloaded[0m rustls v0.23.32
2025-09-20T21:22:42.6490760Z [1m[32m  Downloaded[0m bstr v1.12.0
2025-09-20T21:22:42.6633260Z [1m[32m  Downloaded[0m rustix v0.38.44
2025-09-20T21:22:42.7112970Z [1m[32m  Downloaded[0m icu_collections v2.0.0
2025-09-20T21:22:42.7225570Z [1m[32m  Downloaded[0m http v1.3.1
2025-09-20T21:22:42.7286910Z [1m[32m  Downloaded[0m quote v1.0.40
2025-09-20T21:22:42.7344220Z [1m[32m  Downloaded[0m miniz_oxide v0.8.9
2025-09-20T21:22:42.7388300Z [1m[32m  Downloaded[0m icu_normalizer_data v2.0.0
2025-09-20T21:22:42.7439460Z [1m[32m  Downloaded[0m futures-lite v2.6.1
2025-09-20T21:22:42.7469560Z [1m[32m  Downloaded[0m flate2 v1.1.2
2025-09-20T21:22:42.7560130Z [1m[32m  Downloaded[0m utf8_iter v1.0.4
2025-09-20T21:22:42.7581060Z [1m[32m  Downloaded[0m stable_deref_trait v1.2.0
2025-09-20T21:22:42.7598600Z [1m[32m  Downloaded[0m bzip2-sys v0.1.13+1.0.8
2025-09-20T21:22:42.7765440Z [1m[32m  Downloaded[0m proc-macro2 v1.0.101
2025-09-20T21:22:42.7826820Z [1m[32m  Downloaded[0m powerfmt v0.2.0
2025-09-20T21:22:42.7850670Z [1m[32m  Downloaded[0m potential_utf v0.1.3
2025-09-20T21:22:42.7873880Z [1m[32m  Downloaded[0m parking v2.2.1
2025-09-20T21:22:42.7895930Z [1m[32m  Downloaded[0m log v0.4.28
2025-09-20T21:22:42.7939660Z [1m[32m  Downloaded[0m petgraph v0.7.1
2025-09-20T21:22:42.8282590Z [1m[32m  Downloaded[0m libc v0.2.175
2025-09-20T21:22:42.9232080Z [1m[32m  Downloaded[0m idna v1.1.0
2025-09-20T21:22:42.9304350Z [1m[32m  Downloaded[0m icu_provider v2.0.0
2025-09-20T21:22:42.9382480Z [1m[32m  Downloaded[0m icu_properties v2.0.1
2025-09-20T21:22:42.9433560Z [1m[32m  Downloaded[0m hashbrown v0.12.3
2025-09-20T21:22:42.9563780Z [1m[32m  Downloaded[0m globset v0.4.16
2025-09-20T21:22:42.9633010Z [1m[32m  Downloaded[0m find-msvc-tools v0.1.2
2025-09-20T21:22:42.9721680Z [1m[32m  Downloaded[0m evalexpr v11.3.1
2025-09-20T21:22:42.9833040Z [1m[32m  Downloaded[0m crypto-common v0.1.6
2025-09-20T21:22:42.9910610Z [1m[32m  Downloaded[0m crossbeam-utils v0.8.21
2025-09-20T21:22:42.9911320Z [1m[32m  Downloaded[0m colored v3.0.0
2025-09-20T21:22:42.9941470Z [1m[32m  Downloaded[0m rust_info v0.3.3
2025-09-20T21:22:43.0121210Z [1m[32m  Downloaded[0m cargo-platform v0.1.9
2025-09-20T21:22:43.0141330Z [1m[32m  Downloaded[0m bitflags v2.9.4
2025-09-20T21:22:43.0216500Z [1m[32m  Downloaded[0m autocfg v1.5.0
2025-09-20T21:22:43.0250520Z [1m[32m  Downloaded[0m writeable v0.6.1
2025-09-20T21:22:43.0280000Z [1m[32m  Downloaded[0m whoami v1.6.1
2025-09-20T21:22:43.0317070Z [1m[32m  Downloaded[0m tinystr v0.8.1
2025-09-20T21:22:43.0350020Z [1m[32m  Downloaded[0m synstructure v0.13.2
2025-09-20T21:22:43.0380100Z [1m[32m  Downloaded[0m strip-ansi-escapes v0.2.1
2025-09-20T21:22:43.0398010Z [1m[32m  Downloaded[0m shlex v1.3.0
2025-09-20T21:22:43.0420570Z [1m[32m  Downloaded[0m serde_ignored v0.1.14
2025-09-20T21:22:43.0441420Z [1m[32m  Downloaded[0m envmnt v0.10.4
2025-09-20T21:22:43.0775620Z [1m[32m  Downloaded[0m serde_core v1.0.225
2025-09-20T21:22:43.0897840Z [1m[32m  Downloaded[0m git_info v0.1.3
2025-09-20T21:22:43.1020420Z [1m[32m  Downloaded[0m regex v1.11.2
2025-09-20T21:22:43.1130560Z [1m[32m  Downloaded[0m ppv-lite86 v0.2.21
2025-09-20T21:22:43.1151580Z [1m[32m  Downloaded[0m lenient_semver_parser v0.4.2
2025-09-20T21:22:43.1166480Z [1m[32m  Downloaded[0m itoa v1.0.15
2025-09-20T21:22:43.1193550Z [1m[32m  Downloaded[0m ignore v0.4.23
2025-09-20T21:22:43.1232360Z [1m[32m  Downloaded[0m idna_adapter v1.2.1
2025-09-20T21:22:43.1247280Z [1m[32m  Downloaded[0m iana-time-zone v0.1.64
2025-09-20T21:22:43.1294400Z [1m[32m  Downloaded[0m encoding_rs v0.8.35
2025-09-20T21:22:43.1754010Z [1m[32m  Downloaded[0m hex v0.4.3
2025-09-20T21:22:43.1830030Z [1m[32m  Downloaded[0m glob v0.3.3
2025-09-20T21:22:43.1884070Z [1m[32m  Downloaded[0m futures-core v0.3.31
2025-09-20T21:22:43.1922870Z [1m[32m  Downloaded[0m fsio v0.4.1
2025-09-20T21:22:43.1981590Z [1m[32m  Downloaded[0m fnv v1.0.7
2025-09-20T21:22:43.2008620Z [1m[32m  Downloaded[0m either v1.15.0
2025-09-20T21:22:43.2054840Z [1m[32m  Downloaded[0m displaydoc v0.2.5
2025-09-20T21:22:43.2100220Z [1m[32m  Downloaded[0m dispatch v0.2.0
2025-09-20T21:22:43.2137360Z [1m[32m  Downloaded[0m dirs-sys-next v0.1.2
2025-09-20T21:22:43.2150290Z [1m[32m  Downloaded[0m dirs-next v2.0.0
2025-09-20T21:22:43.2169220Z [1m[32m  Downloaded[0m yoke-derive v0.8.0
2025-09-20T21:22:43.2185180Z [1m[32m  Downloaded[0m which v6.0.3
2025-09-20T21:22:43.2210680Z [1m[32m  Downloaded[0m ring v0.17.14
2025-09-20T21:22:43.2940300Z [1m[32m  Downloaded[0m walkdir v2.5.0
2025-09-20T21:22:43.2970180Z [1m[32m  Downloaded[0m version_check v0.9.5
2025-09-20T21:22:43.2987970Z [1m[32m  Downloaded[0m untrusted v0.9.0
2025-09-20T21:22:43.3013880Z [1m[32m  Downloaded[0m uname v0.1.1
2025-09-20T21:22:43.3025120Z [1m[32m  Downloaded[0m thiserror-impl v2.0.16
2025-09-20T21:22:43.3049700Z [1m[32m  Downloaded[0m subtle v2.6.1
2025-09-20T21:22:43.3065740Z [1m[32m  Downloaded[0m simd-adler32 v0.3.7
2025-09-20T21:22:43.3106090Z [1m[32m  Downloaded[0m sha2 v0.10.9
2025-09-20T21:22:43.3161040Z [1m[32m  Downloaded[0m rustls-webpki v0.103.6
2025-09-20T21:22:43.3254700Z [1m[32m  Downloaded[0m rand v0.9.2
2025-09-20T21:22:43.3316370Z [1m[32m  Downloaded[0m lazy-regex v3.4.1
2025-09-20T21:22:43.3332170Z [1m[32m  Downloaded[0m java-properties v2.0.0
2025-09-20T21:22:43.3348800Z [1m[32m  Downloaded[0m indexmap v2.11.4
2025-09-20T21:22:43.3455320Z [1m[32m  Downloaded[0m indexmap v1.9.3
2025-09-20T21:22:43.3581480Z [1m[32m  Downloaded[0m home v0.5.11
2025-09-20T21:22:43.3626550Z [1m[32m  Downloaded[0m heck v0.5.0
2025-09-20T21:22:43.3656550Z [1m[32m  Downloaded[0m getrandom v0.2.16
2025-09-20T21:22:43.3767870Z [1m[32m  Downloaded[0m generic-array v0.14.7
2025-09-20T21:22:43.3807400Z [1m[32m  Downloaded[0m futures-io v0.3.31
2025-09-20T21:22:43.3822770Z [1m[32m  Downloaded[0m form_urlencoded v1.2.2
2025-09-20T21:22:43.3843960Z [1m[32m  Downloaded[0m fixedbitset v0.5.7
2025-09-20T21:22:43.3878890Z [1m[32m  Downloaded[0m errno v0.3.14
2025-09-20T21:22:43.3905000Z [1m[32m  Downloaded[0m duckscript v0.10.0
2025-09-20T21:22:43.3991210Z [1m[32m  Downloaded[0m digest v0.10.7
2025-09-20T21:22:43.4022160Z [1m[32m  Downloaded[0m deranged v0.5.3
2025-09-20T21:22:43.4042920Z [1m[32m  Downloaded[0m ctrlc v3.5.0
2025-09-20T21:22:43.4073280Z [1m[32m  Downloaded[0m crossbeam-epoch v0.9.18
2025-09-20T21:22:43.4110080Z [1m[32m  Downloaded[0m crc32fast v1.5.0
2025-09-20T21:22:43.4137530Z [1m[32m  Downloaded[0m cpufeatures v0.2.17
2025-09-20T21:22:43.4156910Z [1m[32m  Downloaded[0m core-foundation-sys v0.8.7
2025-09-20T21:22:43.4214000Z [1m[32m  Downloaded[0m cliparser v0.1.2
2025-09-20T21:22:43.4401950Z [1m[32m  Downloaded[0m zerofrom v0.1.6
2025-09-20T21:22:43.4414710Z [1m[32m  Downloaded[0m webpki-roots v0.26.11
2025-09-20T21:22:43.4432040Z [1m[32m  Downloaded[0m toml v0.8.23
2025-09-20T21:22:43.4491390Z [1m[32m  Downloaded[0m shell2batch v0.4.5
2025-09-20T21:22:43.4745710Z [1m[32m  Downloaded[0m serde v1.0.225
2025-09-20T21:22:43.4806480Z [1m[32m  Downloaded[0m semver v1.0.27
2025-09-20T21:22:43.4861670Z [1m[32m  Downloaded[0m same-file v1.0.6
2025-09-20T21:22:43.4900280Z [1m[32m  Downloaded[0m ryu v1.0.20
2025-09-20T21:22:43.5000250Z [1m[32m  Downloaded[0m rustls-pki-types v1.12.0
2025-09-20T21:22:43.5085810Z [1m[32m  Downloaded[0m regex-automata v0.4.10
2025-09-20T21:22:43.5314810Z [1m[32m  Downloaded[0m rand_core v0.6.4
2025-09-20T21:22:43.5342470Z [1m[32m  Downloaded[0m rand_chacha v0.9.0
2025-09-20T21:22:43.5367880Z [1m[32m  Downloaded[0m rand v0.8.5
2025-09-20T21:22:43.5429510Z [1m[32m  Downloaded[0m num_cpus v1.17.0
2025-09-20T21:22:43.5887280Z [1m[32m  Downloaded[0m num-conv v0.1.0
2025-09-20T21:22:43.5901450Z [1m[32m  Downloaded[0m lenient_semver_version_builder v0.4.2
2025-09-20T21:22:43.5914900Z [1m[32m  Downloaded[0m lazy-regex-proc_macros v3.4.1
2025-09-20T21:22:43.5935530Z [1m[32m  Downloaded[0m fastrand v2.3.0
2025-09-20T21:22:43.5953380Z [1m[32m  Downloaded[0m equivalent v1.0.2
2025-09-20T21:22:43.5966920Z [1m[32m  Downloaded[0m ci_info v0.14.14
2025-09-20T21:22:43.6138910Z [1m[32m  Downloaded[0m colored v2.2.0
2025-09-20T21:22:43.6187370Z [1m[32m  Downloaded[0m chrono v0.4.42
2025-09-20T21:22:43.6285110Z [1m[32m  Downloaded[0m cc v1.2.38
2025-09-20T21:22:43.6327390Z [1m[32m  Downloaded[0m bytes v1.10.1
2025-09-20T21:22:43.6396500Z [1m[32m  Downloaded[0m bumpalo v3.19.0
2025-09-20T21:22:43.6429640Z [1m[32m  Downloaded[0m base64 v0.22.1
2025-09-20T21:22:43.6495030Z [1m[32m  Downloaded[0m attohttpc v0.28.5
2025-09-20T21:22:43.6570330Z [1m[32m  Downloaded[0m aho-corasick v1.1.3
2025-09-20T21:22:43.6658270Z [1m[32m  Downloaded[0m zerovec v0.11.4
2025-09-20T21:22:43.6801700Z [1m[32m  Downloaded[0m webpki-roots v1.0.2
2025-09-20T21:22:43.6929970Z [1m[32m  Downloaded[0m vte v0.14.1
2025-09-20T21:22:43.6960470Z [1m[32m  Downloaded[0m url v2.5.7
2025-09-20T21:22:43.6994460Z [1m[32m  Downloaded[0m suppaftp v6.3.0
2025-09-20T21:22:43.7032590Z [1m[32m  Downloaded[0m serde_derive v1.0.225
2025-09-20T21:22:43.7069410Z [1m[32m  Downloaded[0m rustversion v1.0.22
2025-09-20T21:22:43.7111960Z [1m[32m  Downloaded[0m run_script v0.11.0
2025-09-20T21:22:43.7136120Z [1m[32m  Downloaded[0m rand_chacha v0.3.1
2025-09-20T21:22:43.7150130Z [1m[32m  Downloaded[0m num-traits v0.2.19
2025-09-20T21:22:43.7198090Z [1m[32m  Downloaded[0m litemap v0.8.0
2025-09-20T21:22:43.7231050Z [1m[32m  Downloaded[0m icu_properties_data v2.0.1
2025-09-20T21:22:43.7384740Z [1m[32m  Downloaded[0m icu_normalizer v2.0.0
2025-09-20T21:22:43.7446110Z [1m[32m  Downloaded[0m getrandom v0.3.3
2025-09-20T21:22:43.7497620Z [1m[32m  Downloaded[0m fs_extra v1.3.0
2025-09-20T21:22:43.7518940Z [1m[32m  Downloaded[0m crossbeam-deque v0.8.6
2025-09-20T21:22:43.7539290Z [1m[32m  Downloaded[0m cargo_metadata v0.19.2
2025-09-20T21:22:43.7563080Z [1m[32m  Downloaded[0m camino v1.2.0
2025-09-20T21:22:43.7590990Z [1m[32m  Downloaded[0m bzip2 v0.5.2
2025-09-20T21:22:43.7617010Z [1m[32m  Downloaded[0m block-buffer v0.10.4
2025-09-20T21:22:43.7630090Z [1m[32m  Downloaded[0m adler2 v2.0.1
2025-09-20T21:22:43.7645500Z [1m[32m  Downloaded[0m time-core v0.1.6
2025-09-20T21:22:43.7660680Z [1m[32m  Downloaded[0m thiserror v2.0.16
2025-09-20T21:22:43.7778190Z [1m[32m  Downloaded[0m serde_spanned v0.6.9
2025-09-20T21:22:43.7791270Z [1m[32m  Downloaded[0m rand_core v0.9.3
2025-09-20T21:22:43.7809850Z [1m[32m  Downloaded[0m lazy_static v1.5.0
2025-09-20T21:22:43.7833820Z [1m[32m  Downloaded[0m cfg_aliases v0.2.1
2025-09-20T21:22:43.7846070Z [1m[32m  Downloaded[0m cfg-if v1.0.3
2025-09-20T21:22:43.7863300Z [1m[32m  Downloaded[0m smallvec v1.15.1
2025-09-20T21:22:43.7894290Z [1m[32m  Downloaded[0m percent-encoding v2.3.2
2025-09-20T21:22:43.7905900Z [1m[32m  Downloaded[0m once_cell v1.21.3
2025-09-20T21:22:43.7952640Z [1m[32m  Downloaded[0m pkg-config v0.3.32
2025-09-20T21:22:43.7975130Z [1m[32m  Downloaded[0m pin-project-lite v0.2.16
2025-09-20T21:22:43.8630260Z [1m[32m   Compiling[0m proc-macro2 v1.0.101
2025-09-20T21:22:43.8630700Z [1m[32m   Compiling[0m unicode-ident v1.0.19
2025-09-20T21:22:43.8631060Z [1m[32m   Compiling[0m libc v0.2.175
2025-09-20T21:22:44.1865120Z [1m[32m   Compiling[0m cfg-if v1.0.3
2025-09-20T21:22:44.2143150Z [1m[32m   Compiling[0m serde_core v1.0.225
2025-09-20T21:22:46.7469560Z [1m[32m   Compiling[0m quote v1.0.40
2025-09-20T21:22:46.9089480Z [1m[32m   Compiling[0m syn v2.0.106
2025-09-20T21:22:47.0451190Z [1m[32m   Compiling[0m memchr v2.7.5
2025-09-20T21:22:47.5509520Z [1m[32m   Compiling[0m stable_deref_trait v1.2.0
2025-09-20T21:22:47.6254580Z [1m[32m   Compiling[0m find-msvc-tools v0.1.2
2025-09-20T21:22:47.7858760Z [1m[32m   Compiling[0m shlex v1.3.0
2025-09-20T21:22:47.8763170Z [1m[32m   Compiling[0m cc v1.2.38
2025-09-20T21:22:48.6127750Z [1m[32m   Compiling[0m zerocopy v0.8.27
2025-09-20T21:22:48.9522350Z [1m[32m   Compiling[0m serde v1.0.225
2025-09-20T21:22:49.1975740Z [1m[32m   Compiling[0m autocfg v1.5.0
2025-09-20T21:22:49.4328230Z [1m[32m   Compiling[0m getrandom v0.3.3
2025-09-20T21:22:49.7626280Z [1m[32m   Compiling[0m aho-corasick v1.1.3
2025-09-20T21:22:50.2341700Z [1m[32m   Compiling[0m synstructure v0.13.2
2025-09-20T21:22:50.6689740Z [1m[32m   Compiling[0m ppv-lite86 v0.2.21
2025-09-20T21:22:50.8329470Z [1m[32m   Compiling[0m writeable v0.6.1
2025-09-20T21:22:51.0408500Z [1m[32m   Compiling[0m litemap v0.8.0
2025-09-20T21:22:51.1979520Z [1m[32m   Compiling[0m regex-syntax v0.8.6
2025-09-20T21:22:51.4206850Z [1m[32m   Compiling[0m zerofrom-derive v0.1.6
2025-09-20T21:22:51.9498510Z [1m[32m   Compiling[0m yoke-derive v0.8.0
2025-09-20T21:22:52.2391970Z [1m[32m   Compiling[0m zerofrom v0.1.6
2025-09-20T21:22:52.3086850Z [1m[32m   Compiling[0m displaydoc v0.2.5
2025-09-20T21:22:52.6146520Z [1m[32m   Compiling[0m yoke v0.8.0
2025-09-20T21:22:52.7811170Z [1m[32m   Compiling[0m zerovec-derive v0.11.1
2025-09-20T21:22:52.8121980Z [1m[32m   Compiling[0m serde_derive v1.0.225
2025-09-20T21:22:53.5389960Z [1m[32m   Compiling[0m zerovec v0.11.4
2025-09-20T21:22:54.2305190Z [1m[32m   Compiling[0m tinystr v0.8.1
2025-09-20T21:22:54.3261650Z [1m[32m   Compiling[0m icu_locale_core v2.0.0
2025-09-20T21:22:54.9000030Z [1m[32m   Compiling[0m potential_utf v0.1.3
2025-09-20T21:22:54.9712520Z [1m[32m   Compiling[0m zerotrie v0.2.2
2025-09-20T21:22:55.1209370Z [1m[32m   Compiling[0m regex-automata v0.4.10
2025-09-20T21:22:55.1659660Z [1m[32m   Compiling[0m rand_core v0.9.3
2025-09-20T21:22:55.2733310Z [1m[32m   Compiling[0m getrandom v0.2.16
2025-09-20T21:22:55.3428740Z [1m[32m   Compiling[0m log v0.4.28
2025-09-20T21:22:55.4036780Z [1m[32m   Compiling[0m version_check v0.9.5
2025-09-20T21:22:55.4457680Z [1m[32m   Compiling[0m typenum v1.18.0
2025-09-20T21:22:55.5323980Z [1m[32m   Compiling[0m icu_properties_data v2.0.1
2025-09-20T21:22:55.6065600Z [1m[32m   Compiling[0m icu_normalizer_data v2.0.0
2025-09-20T21:22:55.6558350Z [1m[32m   Compiling[0m generic-array v0.14.7
2025-09-20T21:22:55.7246980Z [1m[32m   Compiling[0m rand_chacha v0.9.0
2025-09-20T21:22:55.7649040Z [1m[32m   Compiling[0m icu_provider v2.0.0
2025-09-20T21:22:56.0206750Z [1m[32m   Compiling[0m icu_collections v2.0.0
2025-09-20T21:22:56.7601480Z [1m[32m   Compiling[0m ring v0.17.14
2025-09-20T21:22:57.2131130Z [1m[32m   Compiling[0m zeroize v1.8.1
2025-09-20T21:22:57.4278820Z [1m[32m   Compiling[0m crc32fast v1.5.0
2025-09-20T21:22:57.4397270Z [1m[32m   Compiling[0m rustls-pki-types v1.12.0
2025-09-20T21:22:58.7848930Z [1m[32m   Compiling[0m rand v0.9.2
2025-09-20T21:23:00.1211310Z [1m[32m   Compiling[0m pkg-config v0.3.32
2025-09-20T21:23:00.4843540Z [1m[32m   Compiling[0m smallvec v1.15.1
2025-09-20T21:23:00.6366360Z [1m[32m   Compiling[0m crossbeam-utils v0.8.21
2025-09-20T21:23:00.8004680Z [1m[32m   Compiling[0m hashbrown v0.16.0
2025-09-20T21:23:03.3528030Z [1m[32m   Compiling[0m thiserror v2.0.16
2025-09-20T21:23:03.5672200Z [1m[32m   Compiling[0m equivalent v1.0.2
2025-09-20T21:23:03.6105790Z [1m[32m   Compiling[0m indexmap v2.11.4
2025-09-20T21:23:04.2887470Z [1m[32m   Compiling[0m icu_normalizer v2.0.0
2025-09-20T21:23:04.5381890Z [1m[32m   Compiling[0m bzip2-sys v0.1.13+1.0.8
2025-09-20T21:23:04.7240660Z [1m[32m   Compiling[0m icu_properties v2.0.1
2025-09-20T21:23:05.4426210Z [1m[32m   Compiling[0m fsio v0.4.1
2025-09-20T21:23:05.6540070Z [1m[32m   Compiling[0m regex v1.11.2
2025-09-20T21:23:05.6934540Z [1m[32m   Compiling[0m thiserror-impl v2.0.16
2025-09-20T21:23:06.0900780Z [1m[32m   Compiling[0m num-traits v0.2.19
2025-09-20T21:23:06.2394280Z [1m[32m   Compiling[0m semver v1.0.27
2025-09-20T21:23:06.3029920Z [1m[32m   Compiling[0m once_cell v1.21.3
2025-09-20T21:23:06.4696430Z [1m[32m   Compiling[0m untrusted v0.9.0
2025-09-20T21:23:06.5100790Z [1m[32m   Compiling[0m itoa v1.0.15
2025-09-20T21:23:06.5903630Z [1m[32m   Compiling[0m adler2 v2.0.1
2025-09-20T21:23:06.6149090Z [1m[32m   Compiling[0m bitflags v2.9.4
2025-09-20T21:23:06.6660350Z [1m[32m   Compiling[0m miniz_oxide v0.8.9
2025-09-20T21:23:06.9432680Z [1m[32m   Compiling[0m idna_adapter v1.2.1
2025-09-20T21:23:07.4910730Z [1m[32m   Compiling[0m indexmap v1.9.3
2025-09-20T21:23:07.5863640Z [1m[32m   Compiling[0m rustls v0.23.32
2025-09-20T21:23:07.6369980Z [1m[32m   Compiling[0m powerfmt v0.2.0
2025-09-20T21:23:07.7124910Z [1m[32m   Compiling[0m percent-encoding v2.3.2
2025-09-20T21:23:07.7591640Z [1m[32m   Compiling[0m serde_json v1.0.145
2025-09-20T21:23:07.8174530Z [1m[32m   Compiling[0m utf8_iter v1.0.4
2025-09-20T21:23:07.8730140Z [1m[32m   Compiling[0m cfg_aliases v0.2.1
2025-09-20T21:23:07.9025340Z [1m[32m   Compiling[0m core-foundation-sys v0.8.7
2025-09-20T21:23:07.9031000Z [1m[32m   Compiling[0m rustix v0.38.44
2025-09-20T21:23:08.0587520Z [1m[32m   Compiling[0m iana-time-zone v0.1.64
2025-09-20T21:23:08.1487880Z [1m[32m   Compiling[0m nix v0.30.1
2025-09-20T21:23:08.1640510Z [1m[32m   Compiling[0m idna v1.1.0
2025-09-20T21:23:08.3885910Z [1m[32m   Compiling[0m rustls-webpki v0.103.6
2025-09-20T21:23:09.0075640Z [1m[32m   Compiling[0m form_urlencoded v1.2.2
2025-09-20T21:23:09.1354660Z [1m[32m   Compiling[0m deranged v0.5.3
2025-09-20T21:23:09.3137190Z [1m[32m   Compiling[0m crossbeam-epoch v0.9.18
2025-09-20T21:23:09.5596210Z [1m[32m   Compiling[0m lazy-regex-proc_macros v3.4.1
2025-09-20T21:23:09.9699840Z [1m[32m   Compiling[0m flate2 v1.1.2
2025-09-20T21:23:10.2407660Z [1m[32m   Compiling[0m crypto-common v0.1.6
2025-09-20T21:23:10.3030570Z [1m[32m   Compiling[0m block-buffer v0.10.4
2025-09-20T21:23:10.3521300Z [1m[32m   Compiling[0m webpki-roots v1.0.2
2025-09-20T21:23:10.3549880Z [1m[32m   Compiling[0m rand_core v0.6.4
2025-09-20T21:23:10.3960700Z [1m[32m   Compiling[0m bstr v1.12.0
2025-09-20T21:23:10.4650790Z [1m[32m   Compiling[0m errno v0.3.14
2025-09-20T21:23:10.5398680Z [1m[32m   Compiling[0m ryu v1.0.20
2025-09-20T21:23:10.5799950Z [1m[32m   Compiling[0m bytes v1.10.1
2025-09-20T21:23:10.6637470Z [1m[32m   Compiling[0m num-conv v0.1.0
2025-09-20T21:23:10.7299430Z [1m[32m   Compiling[0m futures-core v0.3.31
2025-09-20T21:23:10.8071400Z [1m[32m   Compiling[0m time-core v0.1.6
2025-09-20T21:23:10.8186560Z [1m[32m   Compiling[0m simd-adler32 v0.3.7
2025-09-20T21:23:10.9192010Z [1m[32m   Compiling[0m fnv v1.0.7
2025-09-20T21:23:10.9603000Z [1m[32m   Compiling[0m bumpalo v3.19.0
2025-09-20T21:23:11.0642660Z [1m[32m   Compiling[0m same-file v1.0.6
2025-09-20T21:23:11.0797010Z [1m[32m   Compiling[0m fastrand v2.3.0
2025-09-20T21:23:11.0907570Z [1m[32m   Compiling[0m subtle v2.6.1
2025-09-20T21:23:11.1210010Z [1m[32m   Compiling[0m rustversion v1.0.22
2025-09-20T21:23:11.1513430Z [1m[32m   Compiling[0m lazy_static v1.5.0
2025-09-20T21:23:11.1918700Z [1m[32m   Compiling[0m camino v1.2.0
2025-09-20T21:23:11.2579260Z [1m[32m   Compiling[0m parking v2.2.1
2025-09-20T21:23:11.3320160Z [1m[32m   Compiling[0m zip v2.4.2
2025-09-20T21:23:11.3613620Z [1m[32m   Compiling[0m hashbrown v0.12.3
2025-09-20T21:23:11.4043480Z [1m[32m   Compiling[0m futures-io v0.3.31
2025-09-20T21:23:11.4304610Z [1m[32m   Compiling[0m either v1.15.0
2025-09-20T21:23:11.4815700Z [1m[32m   Compiling[0m pin-project-lite v0.2.16
2025-09-20T21:23:11.5176690Z [1m[32m   Compiling[0m futures-lite v2.6.1
2025-09-20T21:23:12.0838550Z [1m[32m   Compiling[0m walkdir v2.5.0
2025-09-20T21:23:12.1057650Z [1m[32m   Compiling[0m zopfli v0.8.2
2025-09-20T21:23:12.4358680Z [1m[32m   Compiling[0m http v1.3.1
2025-09-20T21:23:13.0684730Z [1m[32m   Compiling[0m time v0.3.44
2025-09-20T21:23:13.6859140Z [1m[32m   Compiling[0m globset v0.4.16
2025-09-20T21:23:15.7458800Z [1m[32m   Compiling[0m chrono v0.4.42
2025-09-20T21:23:16.9431350Z [1m[32m   Compiling[0m rand_chacha v0.3.1
2025-09-20T21:23:17.7779300Z [1m[32m   Compiling[0m webpki-roots v0.26.11
2025-09-20T21:23:17.8219720Z [1m[32m   Compiling[0m digest v0.10.7
2025-09-20T21:23:17.9263210Z [1m[32m   Compiling[0m lazy-regex v3.4.1
2025-09-20T21:23:17.9665410Z [1m[32m   Compiling[0m bzip2 v0.5.2
2025-09-20T21:23:18.0067600Z [1m[32m   Compiling[0m crossbeam-deque v0.8.6
2025-09-20T21:23:18.0884480Z [1m[32m   Compiling[0m url v2.5.7
2025-09-20T21:23:18.1383060Z [1m[32m   Compiling[0m lenient_semver_version_builder v0.4.2
2025-09-20T21:23:18.3930020Z [1m[32m   Compiling[0m serde_spanned v0.6.9
2025-09-20T21:23:18.4468730Z [1m[32m   Compiling[0m toml_datetime v0.6.11
2025-09-20T21:23:18.6515540Z [1m[32m   Compiling[0m cpufeatures v0.2.17
2025-09-20T21:23:18.6936290Z [1m[32m   Compiling[0m encoding_rs v0.8.35
2025-09-20T21:23:19.4062750Z [1m[32m   Compiling[0m home v0.5.11
2025-09-20T21:23:19.5219670Z [1m[32m   Compiling[0m winnow v0.7.13
2025-09-20T21:23:20.9033680Z [1m[32m   Compiling[0m toml_write v0.1.2
2025-09-20T21:23:21.0385620Z [1m[32m   Compiling[0m toml_edit v0.22.27
2025-09-20T21:23:21.3244730Z [1m[32m   Compiling[0m java-properties v2.0.0
2025-09-20T21:23:21.6390820Z [1m[32m   Compiling[0m which v6.0.3
2025-09-20T21:23:21.8866360Z [1m[32m   Compiling[0m sha2 v0.10.9
2025-09-20T21:23:21.9043080Z [1m[32m   Compiling[0m attohttpc v0.28.5
2025-09-20T21:23:22.2998490Z [1m[32m   Compiling[0m lenient_semver_parser v0.4.2
2025-09-20T21:23:23.0600900Z [1m[32m   Compiling[0m ignore v0.4.23
2025-09-20T21:23:25.5395880Z [1m[32m   Compiling[0m suppaftp v6.3.0
2025-09-20T21:23:25.6048820Z [1m[32m   Compiling[0m rand v0.8.5
2025-09-20T21:23:26.2596570Z [1m[32m   Compiling[0m envmnt v0.10.4
2025-09-20T21:23:27.0799360Z [1m[32m   Compiling[0m colored v2.2.0
2025-09-20T21:23:27.3245040Z [1m[32m   Compiling[0m duckscript v0.10.0
2025-09-20T21:23:27.4047360Z [1m[32m   Compiling[0m cargo-platform v0.1.9
2025-09-20T21:23:27.6260210Z [1m[32m   Compiling[0m vte v0.14.1
2025-09-20T21:23:27.7267050Z [1m[32m   Compiling[0m uname v0.1.1
2025-09-20T21:23:27.8341750Z [1m[32m   Compiling[0m num_cpus v1.17.0
2025-09-20T21:23:27.8885110Z [1m[32m   Compiling[0m dirs-sys-next v0.1.2
2025-09-20T21:23:27.9489450Z [1m[32m   Compiling[0m fs_extra v1.3.0
2025-09-20T21:23:28.1244050Z [1m[32m   Compiling[0m evalexpr v11.3.1
2025-09-20T21:23:28.1954740Z [1m[32m   Compiling[0m dispatch v0.2.0
2025-09-20T21:23:28.2858700Z [1m[32m   Compiling[0m glob v0.3.3
2025-09-20T21:23:28.8087680Z [1m[32m   Compiling[0m heck v0.5.0
2025-09-20T21:23:28.9515680Z [1m[32m   Compiling[0m base64 v0.22.1
2025-09-20T21:23:29.3415010Z [1m[32m   Compiling[0m whoami v1.6.1
2025-09-20T21:23:29.6793100Z [1m[32m   Compiling[0m fixedbitset v0.5.7
2025-09-20T21:23:29.6800370Z [1m[32m   Compiling[0m duckscriptsdk v0.11.1
2025-09-20T21:23:29.8457520Z [1m[32m   Compiling[0m petgraph v0.7.1
2025-09-20T21:23:29.9610660Z [1m[32m   Compiling[0m strum_macros v0.26.4
2025-09-20T21:23:31.2233850Z [1m[32m   Compiling[0m ctrlc v3.5.0
2025-09-20T21:23:31.3051690Z [1m[32m   Compiling[0m dirs-next v2.0.0
2025-09-20T21:23:31.3612020Z [1m[32m   Compiling[0m strip-ansi-escapes v0.2.1
2025-09-20T21:23:31.5679640Z [1m[32m   Compiling[0m cargo_metadata v0.19.2
2025-09-20T21:23:31.6805030Z [1m[32m   Compiling[0m ci_info v0.14.14
2025-09-20T21:23:31.9790560Z [1m[32m   Compiling[0m toml v0.8.23
2025-09-20T21:23:33.0264620Z [1m[32m   Compiling[0m lenient_semver v0.4.2
2025-09-20T21:23:33.1201040Z [1m[32m   Compiling[0m itertools v0.14.0
2025-09-20T21:23:34.0745580Z [1m[32m   Compiling[0m shell2batch v0.4.5
2025-09-20T21:23:34.5465700Z [1m[32m   Compiling[0m run_script v0.11.0
2025-09-20T21:23:34.8203960Z [1m[32m   Compiling[0m fern v0.7.1
2025-09-20T21:23:35.0518820Z [1m[32m   Compiling[0m serde_ignored v0.1.14
2025-09-20T21:23:35.1474000Z [1m[32m   Compiling[0m git_info v0.1.3
2025-09-20T21:23:35.3633900Z [1m[32m   Compiling[0m rust_info v0.3.3
2025-09-20T21:23:35.3945020Z [1m[32m   Compiling[0m colored v3.0.0
2025-09-20T21:23:35.7105440Z [1m[32m   Compiling[0m hex v0.4.3
2025-09-20T21:23:35.7594410Z [1m[32m   Compiling[0m cliparser v0.1.2
2025-09-20T21:23:35.8878930Z [1m[32m   Compiling[0m cargo-make v0.37.24
2025-09-20T21:25:08.3524750Z [1m[32m    Finished[0m `release` profile [optimized] target(s) in 2m 28s
2025-09-20T21:25:08.4799040Z [1m[32m  Installing[0m /Users/runner/.cargo/bin/cargo-make
2025-09-20T21:25:08.4805810Z [1m[32m  Installing[0m /Users/runner/.cargo/bin/makers
2025-09-20T21:25:08.4834660Z [1m[32m   Installed[0m package `cargo-make v0.37.24` (executables `cargo-make`, `makers`)
