2025-09-20T21:18:26.1551447Z ##[group]Run Avarok-Cybersecurity/gh-actions-deps@master
2025-09-20T21:18:26.1553223Z env:
2025-09-20T21:18:26.1554080Z   CARGO_TERM_COLOR: always
2025-09-20T21:18:26.1555132Z   RUST_BACKTRACE: full
2025-09-20T21:18:26.1556022Z   RUST_MIN_STACK: 40971520
2025-09-20T21:18:26.1557027Z   RUST_LOG: citadel=warn
2025-09-20T21:18:26.1557864Z   IN_CI: true
2025-09-20T21:18:26.1558863Z ##[endgroup]
2025-09-20T21:18:26.1800607Z ##[group]Run actions/checkout@v2
2025-09-20T21:18:26.1801633Z with:
2025-09-20T21:18:26.1802490Z   repository: Avarok-Cybersecurity/Citadel-Protocol
2025-09-20T21:18:26.1803884Z   token: ***
2025-09-20T21:18:26.1804622Z   ssh-strict: true
2025-09-20T21:18:26.1805434Z   persist-credentials: true
2025-09-20T21:18:26.1806311Z   clean: true
2025-09-20T21:18:26.1807037Z   fetch-depth: 1
2025-09-20T21:18:26.1807778Z   lfs: false
2025-09-20T21:18:26.1809147Z   submodules: false
2025-09-20T21:18:26.1809989Z   set-safe-directory: true
2025-09-20T21:18:26.1810823Z env:
2025-09-20T21:18:26.1811522Z   CARGO_TERM_COLOR: always
2025-09-20T21:18:26.1812449Z   RUST_BACKTRACE: full
2025-09-20T21:18:26.1813283Z   RUST_MIN_STACK: 40971520
2025-09-20T21:18:26.1814135Z   RUST_LOG: citadel=warn
2025-09-20T21:18:26.1814941Z   IN_CI: true
2025-09-20T21:18:26.1815647Z ##[endgroup]
2025-09-20T21:18:26.2921830Z Syncing repository: Avarok-Cybersecurity/Citadel-Protocol
2025-09-20T21:18:26.2924523Z ##[group]Getting Git version info
2025-09-20T21:18:26.2925939Z Working directory is '/home/runner/work/Citadel-Protocol/Citadel-Protocol'
2025-09-20T21:18:26.2927818Z [command]/usr/bin/git version
2025-09-20T21:18:26.2969084Z git version 2.51.0
2025-09-20T21:18:26.2997891Z ##[endgroup]
2025-09-20T21:18:26.3016230Z Temporarily overriding HOME='/home/runner/work/_temp/878dfcce-af71-44fb-a144-5c65a678fcdf' before making global git config changes
2025-09-20T21:18:26.3020923Z Adding repository directory to the temporary git global config as a safe directory
2025-09-20T21:18:26.3024670Z [command]/usr/bin/git config --global --add safe.directory /home/runner/work/Citadel-Protocol/Citadel-Protocol
2025-09-20T21:18:26.3067260Z Deleting the contents of '/home/runner/work/Citadel-Protocol/Citadel-Protocol'
2025-09-20T21:18:26.3071087Z ##[group]Initializing the repository
2025-09-20T21:18:26.3075589Z [command]/usr/bin/git init /home/runner/work/Citadel-Protocol/Citadel-Protocol
2025-09-20T21:18:26.3277203Z hint: Using 'master' as the name for the initial branch. This default branch name
2025-09-20T21:18:26.3280212Z hint: is subject to change. To configure the initial branch name to use in all
2025-09-20T21:18:26.3283105Z hint: of your new repositories, which will suppress this warning, call:
2025-09-20T21:18:26.3284649Z hint:
2025-09-20T21:18:26.3285556Z hint: 	git config --global init.defaultBranch <name>
2025-09-20T21:18:26.3286618Z hint:
2025-09-20T21:18:26.3287630Z hint: Names commonly chosen instead of 'master' are 'main', 'trunk' and
2025-09-20T21:18:26.3289521Z hint: 'development'. The just-created branch can be renamed via this command:
2025-09-20T21:18:26.3290844Z hint:
2025-09-20T21:18:26.3291527Z hint: 	git branch -m <name>
2025-09-20T21:18:26.3292745Z hint:
2025-09-20T21:18:26.3293975Z hint: Disable this message with "git config set advice.defaultBranchName false"
2025-09-20T21:18:26.3296005Z Initialized empty Git repository in /home/runner/work/Citadel-Protocol/Citadel-Protocol/.git/
2025-09-20T21:18:26.3298192Z [command]/usr/bin/git remote add origin https://github.com/Avarok-Cybersecurity/Citadel-Protocol
2025-09-20T21:18:26.3338990Z ##[endgroup]
2025-09-20T21:18:26.3340360Z ##[group]Disabling automatic garbage collection
2025-09-20T21:18:26.3341998Z [command]/usr/bin/git config --local gc.auto 0
2025-09-20T21:18:26.3371184Z ##[endgroup]
2025-09-20T21:18:26.3372475Z ##[group]Setting up auth
2025-09-20T21:18:26.3377410Z [command]/usr/bin/git config --local --name-only --get-regexp core\.sshCommand
2025-09-20T21:18:26.3407167Z [command]/usr/bin/git submodule foreach --recursive sh -c "git config --local --name-only --get-regexp 'core\.sshCommand' && git config --local --unset-all 'core.sshCommand' || :"
2025-09-20T21:18:26.3827910Z [command]/usr/bin/git config --local --name-only --get-regexp http\.https\:\/\/github\.com\/\.extraheader
2025-09-20T21:18:26.3856407Z [command]/usr/bin/git submodule foreach --recursive sh -c "git config --local --name-only --get-regexp 'http\.https\:\/\/github\.com\/\.extraheader' && git config --local --unset-all 'http.https://github.com/.extraheader' || :"
2025-09-20T21:18:26.4084249Z [command]/usr/bin/git config --local http.https://github.com/.extraheader AUTHORIZATION: basic ***
2025-09-20T21:18:26.4119936Z ##[endgroup]
2025-09-20T21:18:26.4121401Z ##[group]Fetching the repository
2025-09-20T21:18:26.4128156Z [command]/usr/bin/git -c protocol.version=2 fetch --no-tags --prune --progress --no-recurse-submodules --depth=1 origin +7edf0bb75f061919add02f6d6a82672c0b2e9654:refs/remotes/pull/236/merge
2025-09-20T21:18:26.6349283Z remote: Enumerating objects: 421, done.        
2025-09-20T21:18:26.6352538Z remote: Counting objects:   0% (1/421)        
2025-09-20T21:18:26.6354959Z remote: Counting objects:   1% (5/421)        
2025-09-20T21:18:26.6357165Z remote: Counting objects:   2% (9/421)        
2025-09-20T21:18:26.6360808Z remote: Counting objects:   3% (13/421)        
2025-09-20T21:18:26.6362847Z remote: Counting objects:   4% (17/421)        
2025-09-20T21:18:26.6364845Z remote: Counting objects:   5% (22/421)        
2025-09-20T21:18:26.6366767Z remote: Counting objects:   6% (26/421)        
2025-09-20T21:18:26.6368930Z remote: Counting objects:   7% (30/421)        
2025-09-20T21:18:26.6371616Z remote: Counting objects:   8% (34/421)        
2025-09-20T21:18:26.6373565Z remote: Counting objects:   9% (38/421)        
2025-09-20T21:18:26.6375537Z remote: Counting objects:  10% (43/421)        
2025-09-20T21:18:26.6377431Z remote: Counting objects:  11% (47/421)        
2025-09-20T21:18:26.6379676Z remote: Counting objects:  12% (51/421)        
2025-09-20T21:18:26.6381670Z remote: Counting objects:  13% (55/421)        
2025-09-20T21:18:26.6383670Z remote: Counting objects:  14% (59/421)        
2025-09-20T21:18:26.6385617Z remote: Counting objects:  15% (64/421)        
2025-09-20T21:18:26.6387601Z remote: Counting objects:  16% (68/421)        
2025-09-20T21:18:26.6389718Z remote: Counting objects:  17% (72/421)        
2025-09-20T21:18:26.6391647Z remote: Counting objects:  18% (76/421)        
2025-09-20T21:18:26.6393591Z remote: Counting objects:  19% (80/421)        
2025-09-20T21:18:26.6395504Z remote: Counting objects:  20% (85/421)        
2025-09-20T21:18:26.6397513Z remote: Counting objects:  21% (89/421)        
2025-09-20T21:18:26.6399692Z remote: Counting objects:  22% (93/421)        
2025-09-20T21:18:26.6401657Z remote: Counting objects:  23% (97/421)        
2025-09-20T21:18:26.6403574Z remote: Counting objects:  24% (102/421)        
2025-09-20T21:18:26.6405641Z remote: Counting objects:  25% (106/421)        
2025-09-20T21:18:26.6407612Z remote: Counting objects:  26% (110/421)        
2025-09-20T21:18:26.6410069Z remote: Counting objects:  27% (114/421)        
2025-09-20T21:18:26.6412164Z remote: Counting objects:  28% (118/421)        
2025-09-20T21:18:26.6414087Z remote: Counting objects:  29% (123/421)        
2025-09-20T21:18:26.6416026Z remote: Counting objects:  30% (127/421)        
2025-09-20T21:18:26.6417999Z remote: Counting objects:  31% (131/421)        
2025-09-20T21:18:26.6420087Z remote: Counting objects:  32% (135/421)        
2025-09-20T21:18:26.6422419Z remote: Counting objects:  33% (139/421)        
2025-09-20T21:18:26.6424400Z remote: Counting objects:  34% (144/421)        
2025-09-20T21:18:26.6426331Z remote: Counting objects:  35% (148/421)        
2025-09-20T21:18:26.6428175Z remote: Counting objects:  36% (152/421)        
2025-09-20T21:18:26.6429569Z remote: Counting objects:  37% (156/421)        
2025-09-20T21:18:26.6430717Z remote: Counting objects:  38% (160/421)        
2025-09-20T21:18:26.6431821Z remote: Counting objects:  39% (165/421)        
2025-09-20T21:18:26.6433267Z remote: Counting objects:  40% (169/421)        
2025-09-20T21:18:26.6434374Z remote: Counting objects:  41% (173/421)        
2025-09-20T21:18:26.6435465Z remote: Counting objects:  42% (177/421)        
2025-09-20T21:18:26.6436645Z remote: Counting objects:  43% (182/421)        
2025-09-20T21:18:26.6437734Z remote: Counting objects:  44% (186/421)        
2025-09-20T21:18:26.6439056Z remote: Counting objects:  45% (190/421)        
2025-09-20T21:18:26.6440174Z remote: Counting objects:  46% (194/421)        
2025-09-20T21:18:26.6441444Z remote: Counting objects:  47% (198/421)        
2025-09-20T21:18:26.6442547Z remote: Counting objects:  48% (203/421)        
2025-09-20T21:18:26.6444069Z remote: Counting objects:  49% (207/421)        
2025-09-20T21:18:26.6445170Z remote: Counting objects:  50% (211/421)        
2025-09-20T21:18:26.6446266Z remote: Counting objects:  51% (215/421)        
2025-09-20T21:18:26.6447565Z remote: Counting objects:  52% (219/421)        
2025-09-20T21:18:26.6448882Z remote: Counting objects:  53% (224/421)        
2025-09-20T21:18:26.6449984Z remote: Counting objects:  54% (228/421)        
2025-09-20T21:18:26.6451071Z remote: Counting objects:  55% (232/421)        
2025-09-20T21:18:26.6452161Z remote: Counting objects:  56% (236/421)        
2025-09-20T21:18:26.6453251Z remote: Counting objects:  57% (240/421)        
2025-09-20T21:18:26.6454346Z remote: Counting objects:  58% (245/421)        
2025-09-20T21:18:26.6455441Z remote: Counting objects:  59% (249/421)        
2025-09-20T21:18:26.6456518Z remote: Counting objects:  60% (253/421)        
2025-09-20T21:18:26.6457599Z remote: Counting objects:  61% (257/421)        
2025-09-20T21:18:26.6458858Z remote: Counting objects:  62% (262/421)        
2025-09-20T21:18:26.6459965Z remote: Counting objects:  63% (266/421)        
2025-09-20T21:18:26.6461092Z remote: Counting objects:  64% (270/421)        
2025-09-20T21:18:26.6462201Z remote: Counting objects:  65% (274/421)        
2025-09-20T21:18:26.6463280Z remote: Counting objects:  66% (278/421)        
2025-09-20T21:18:26.6464387Z remote: Counting objects:  67% (283/421)        
2025-09-20T21:18:26.6465461Z remote: Counting objects:  68% (287/421)        
2025-09-20T21:18:26.6466544Z remote: Counting objects:  69% (291/421)        
2025-09-20T21:18:26.6467620Z remote: Counting objects:  70% (295/421)        
2025-09-20T21:18:26.6468872Z remote: Counting objects:  71% (299/421)        
2025-09-20T21:18:26.6469957Z remote: Counting objects:  72% (304/421)        
2025-09-20T21:18:26.6471045Z remote: Counting objects:  73% (308/421)        
2025-09-20T21:18:26.6472225Z remote: Counting objects:  74% (312/421)        
2025-09-20T21:18:26.6473307Z remote: Counting objects:  75% (316/421)        
2025-09-20T21:18:26.6474558Z remote: Counting objects:  76% (320/421)        
2025-09-20T21:18:26.6475637Z remote: Counting objects:  77% (325/421)        
2025-09-20T21:18:26.6477187Z remote: Counting objects:  78% (329/421)        
2025-09-20T21:18:26.6478275Z remote: Counting objects:  79% (333/421)        
2025-09-20T21:18:26.6479582Z remote: Counting objects:  80% (337/421)        
2025-09-20T21:18:26.6480673Z remote: Counting objects:  81% (342/421)        
2025-09-20T21:18:26.6481738Z remote: Counting objects:  82% (346/421)        
2025-09-20T21:18:26.6482824Z remote: Counting objects:  83% (350/421)        
2025-09-20T21:18:26.6483893Z remote: Counting objects:  84% (354/421)        
2025-09-20T21:18:26.6484982Z remote: Counting objects:  85% (358/421)        
2025-09-20T21:18:26.6486049Z remote: Counting objects:  86% (363/421)        
2025-09-20T21:18:26.6487131Z remote: Counting objects:  87% (367/421)        
2025-09-20T21:18:26.6488217Z remote: Counting objects:  88% (371/421)        
2025-09-20T21:18:26.6489448Z remote: Counting objects:  89% (375/421)        
2025-09-20T21:18:26.6490557Z remote: Counting objects:  90% (379/421)        
2025-09-20T21:18:26.6491660Z remote: Counting objects:  91% (384/421)        
2025-09-20T21:18:26.6492765Z remote: Counting objects:  92% (388/421)        
2025-09-20T21:18:26.6494093Z remote: Counting objects:  93% (392/421)        
2025-09-20T21:18:26.6495202Z remote: Counting objects:  94% (396/421)        
2025-09-20T21:18:26.6496303Z remote: Counting objects:  95% (400/421)        
2025-09-20T21:18:26.6497398Z remote: Counting objects:  96% (405/421)        
2025-09-20T21:18:26.6498499Z remote: Counting objects:  97% (409/421)        
2025-09-20T21:18:26.6499702Z remote: Counting objects:  98% (413/421)        
2025-09-20T21:18:26.6500794Z remote: Counting objects:  99% (417/421)        
2025-09-20T21:18:26.6502039Z remote: Counting objects: 100% (421/421)        
2025-09-20T21:18:26.6503628Z remote: Counting objects: 100% (421/421), done.        
2025-09-20T21:18:26.6505363Z remote: Compressing objects:   0% (1/377)        
2025-09-20T21:18:26.6506524Z remote: Compressing objects:   1% (4/377)        
2025-09-20T21:18:26.6507854Z remote: Compressing objects:   2% (8/377)        
2025-09-20T21:18:26.6509106Z remote: Compressing objects:   3% (12/377)        
2025-09-20T21:18:26.6510264Z remote: Compressing objects:   4% (16/377)        
2025-09-20T21:18:26.6511434Z remote: Compressing objects:   5% (19/377)        
2025-09-20T21:18:26.6512559Z remote: Compressing objects:   6% (23/377)        
2025-09-20T21:18:26.6513688Z remote: Compressing objects:   7% (27/377)        
2025-09-20T21:18:26.6514814Z remote: Compressing objects:   8% (31/377)        
2025-09-20T21:18:26.6515949Z remote: Compressing objects:   9% (34/377)        
2025-09-20T21:18:26.6517142Z remote: Compressing objects:  10% (38/377)        
2025-09-20T21:18:26.6518434Z remote: Compressing objects:  11% (42/377)        
2025-09-20T21:18:26.6520003Z remote: Compressing objects:  12% (46/377)        
2025-09-20T21:18:26.6521482Z remote: Compressing objects:  13% (50/377)        
2025-09-20T21:18:26.6522658Z remote: Compressing objects:  14% (53/377)        
2025-09-20T21:18:26.6527152Z remote: Compressing objects:  15% (57/377)        
2025-09-20T21:18:26.6537679Z remote: Compressing objects:  16% (61/377)        
2025-09-20T21:18:26.6546465Z remote: Compressing objects:  17% (65/377)        
2025-09-20T21:18:26.6575043Z remote: Compressing objects:  18% (68/377)        
2025-09-20T21:18:26.6607971Z remote: Compressing objects:  19% (72/377)        
2025-09-20T21:18:26.6640131Z remote: Compressing objects:  20% (76/377)        
2025-09-20T21:18:26.6657968Z remote: Compressing objects:  21% (80/377)        
2025-09-20T21:18:26.6678328Z remote: Compressing objects:  22% (83/377)        
2025-09-20T21:18:26.6695993Z remote: Compressing objects:  23% (87/377)        
2025-09-20T21:18:26.6715585Z remote: Compressing objects:  24% (91/377)        
2025-09-20T21:18:26.6730384Z remote: Compressing objects:  25% (95/377)        
2025-09-20T21:18:26.6748705Z remote: Compressing objects:  26% (99/377)        
2025-09-20T21:18:26.6762994Z remote: Compressing objects:  27% (102/377)        
2025-09-20T21:18:26.6769700Z remote: Compressing objects:  28% (106/377)        
2025-09-20T21:18:26.6790486Z remote: Compressing objects:  29% (110/377)        
2025-09-20T21:18:26.6793121Z remote: Compressing objects:  30% (114/377)        
2025-09-20T21:18:26.6818983Z remote: Compressing objects:  31% (117/377)        
2025-09-20T21:18:26.6840710Z remote: Compressing objects:  32% (121/377)        
2025-09-20T21:18:26.6865671Z remote: Compressing objects:  33% (125/377)        
2025-09-20T21:18:26.6879324Z remote: Compressing objects:  34% (129/377)        
2025-09-20T21:18:26.6921605Z remote: Compressing objects:  35% (132/377)        
2025-09-20T21:18:26.6967452Z remote: Compressing objects:  36% (136/377)        
2025-09-20T21:18:26.6975983Z remote: Compressing objects:  37% (140/377)        
2025-09-20T21:18:26.6991888Z remote: Compressing objects:  38% (144/377)        
2025-09-20T21:18:26.7003821Z remote: Compressing objects:  39% (148/377)        
2025-09-20T21:18:26.7024379Z remote: Compressing objects:  40% (151/377)        
2025-09-20T21:18:26.7038342Z remote: Compressing objects:  41% (155/377)        
2025-09-20T21:18:26.7049887Z remote: Compressing objects:  42% (159/377)        
2025-09-20T21:18:26.7053474Z remote: Compressing objects:  43% (163/377)        
2025-09-20T21:18:26.7062398Z remote: Compressing objects:  44% (166/377)        
2025-09-20T21:18:26.7073021Z remote: Compressing objects:  45% (170/377)        
2025-09-20T21:18:26.7090765Z remote: Compressing objects:  46% (174/377)        
2025-09-20T21:18:26.7099699Z remote: Compressing objects:  47% (178/377)        
2025-09-20T21:18:26.7112482Z remote: Compressing objects:  48% (181/377)        
2025-09-20T21:18:26.7122768Z remote: Compressing objects:  49% (185/377)        
2025-09-20T21:18:26.7135504Z remote: Compressing objects:  50% (189/377)        
2025-09-20T21:18:26.7144787Z remote: Compressing objects:  51% (193/377)        
2025-09-20T21:18:26.7146555Z remote: Compressing objects:  52% (197/377)        
2025-09-20T21:18:26.7148188Z remote: Compressing objects:  53% (200/377)        
2025-09-20T21:18:26.7152076Z remote: Compressing objects:  54% (204/377)        
2025-09-20T21:18:26.7155862Z remote: Compressing objects:  55% (208/377)        
2025-09-20T21:18:26.7160218Z remote: Compressing objects:  56% (212/377)        
2025-09-20T21:18:26.7169584Z remote: Compressing objects:  57% (215/377)        
2025-09-20T21:18:26.7182752Z remote: Compressing objects:  58% (219/377)        
2025-09-20T21:18:26.7186334Z remote: Compressing objects:  59% (223/377)        
2025-09-20T21:18:26.7196782Z remote: Compressing objects:  60% (227/377)        
2025-09-20T21:18:26.7203117Z remote: Compressing objects:  61% (230/377)        
2025-09-20T21:18:26.7231446Z remote: Compressing objects:  62% (234/377)        
2025-09-20T21:18:26.7242698Z remote: Compressing objects:  63% (238/377)        
2025-09-20T21:18:26.7244258Z remote: Compressing objects:  64% (242/377)        
2025-09-20T21:18:26.7270647Z remote: Compressing objects:  65% (246/377)        
2025-09-20T21:18:26.7273117Z remote: Compressing objects:  66% (249/377)        
2025-09-20T21:18:26.7282143Z remote: Compressing objects:  67% (253/377)        
2025-09-20T21:18:26.7289220Z remote: Compressing objects:  68% (257/377)        
2025-09-20T21:18:26.7291540Z remote: Compressing objects:  69% (261/377)        
2025-09-20T21:18:26.7293867Z remote: Compressing objects:  70% (264/377)        
2025-09-20T21:18:26.7308501Z remote: Compressing objects:  71% (268/377)        
2025-09-20T21:18:26.7310032Z remote: Compressing objects:  72% (272/377)        
2025-09-20T21:18:26.7311381Z remote: Compressing objects:  73% (276/377)        
2025-09-20T21:18:26.7313117Z remote: Compressing objects:  74% (279/377)        
2025-09-20T21:18:26.7314292Z remote: Compressing objects:  75% (283/377)        
2025-09-20T21:18:26.7315412Z remote: Compressing objects:  76% (287/377)        
2025-09-20T21:18:26.7316538Z remote: Compressing objects:  77% (291/377)        
2025-09-20T21:18:26.7318331Z remote: Compressing objects:  78% (295/377)        
2025-09-20T21:18:26.7320134Z remote: Compressing objects:  79% (298/377)        
2025-09-20T21:18:26.7322041Z remote: Compressing objects:  80% (302/377)        
2025-09-20T21:18:26.7323972Z remote: Compressing objects:  81% (306/377)        
2025-09-20T21:18:26.7325744Z remote: Compressing objects:  82% (310/377)        
2025-09-20T21:18:26.7327160Z remote: Compressing objects:  83% (313/377)        
2025-09-20T21:18:26.7328356Z remote: Compressing objects:  84% (317/377)        
2025-09-20T21:18:26.7329789Z remote: Compressing objects:  85% (321/377)        
2025-09-20T21:18:26.7330935Z remote: Compressing objects:  86% (325/377)        
2025-09-20T21:18:26.7332816Z remote: Compressing objects:  87% (328/377)        
2025-09-20T21:18:26.7334640Z remote: Compressing objects:  88% (332/377)        
2025-09-20T21:18:26.7336230Z remote: Compressing objects:  89% (336/377)        
2025-09-20T21:18:26.7338110Z remote: Compressing objects:  90% (340/377)        
2025-09-20T21:18:26.7339656Z remote: Compressing objects:  91% (344/377)        
2025-09-20T21:18:26.7340994Z remote: Compressing objects:  92% (347/377)        
2025-09-20T21:18:26.7342364Z remote: Compressing objects:  93% (351/377)        
2025-09-20T21:18:26.7343497Z remote: Compressing objects:  94% (355/377)        
2025-09-20T21:18:26.7345201Z remote: Compressing objects:  95% (359/377)        
2025-09-20T21:18:26.7346358Z remote: Compressing objects:  96% (362/377)        
2025-09-20T21:18:26.7347478Z remote: Compressing objects:  97% (366/377)        
2025-09-20T21:18:26.7348856Z remote: Compressing objects:  98% (370/377)        
2025-09-20T21:18:26.7350049Z remote: Compressing objects:  99% (374/377)        
2025-09-20T21:18:26.7351161Z remote: Compressing objects: 100% (377/377)        
2025-09-20T21:18:26.7352362Z remote: Compressing objects: 100% (377/377), done.        
2025-09-20T21:18:26.7372799Z Receiving objects:   0% (1/421)
2025-09-20T21:18:26.7374297Z Receiving objects:   1% (5/421)
2025-09-20T21:18:26.7376055Z Receiving objects:   2% (9/421)
2025-09-20T21:18:26.7377307Z Receiving objects:   3% (13/421)
2025-09-20T21:18:26.7378495Z Receiving objects:   4% (17/421)
2025-09-20T21:18:26.7380014Z Receiving objects:   5% (22/421)
2025-09-20T21:18:26.7383430Z Receiving objects:   6% (26/421)
2025-09-20T21:18:26.7672067Z Receiving objects:   7% (30/421)
2025-09-20T21:18:26.7685242Z Receiving objects:   8% (34/421)
2025-09-20T21:18:26.7689051Z Receiving objects:   9% (38/421)
2025-09-20T21:18:26.7690697Z Receiving objects:  10% (43/421)
2025-09-20T21:18:26.7692272Z Receiving objects:  11% (47/421)
2025-09-20T21:18:26.7693887Z Receiving objects:  12% (51/421)
2025-09-20T21:18:26.7695750Z Receiving objects:  13% (55/421)
2025-09-20T21:18:26.7697863Z Receiving objects:  14% (59/421)
2025-09-20T21:18:26.7699694Z Receiving objects:  15% (64/421)
2025-09-20T21:18:26.7701405Z Receiving objects:  16% (68/421)
2025-09-20T21:18:26.7703017Z Receiving objects:  17% (72/421)
2025-09-20T21:18:26.7704679Z Receiving objects:  18% (76/421)
2025-09-20T21:18:26.7706278Z Receiving objects:  19% (80/421)
2025-09-20T21:18:26.7707902Z Receiving objects:  20% (85/421)
2025-09-20T21:18:26.7709729Z Receiving objects:  21% (89/421)
2025-09-20T21:18:26.7715878Z Receiving objects:  22% (93/421)
2025-09-20T21:18:26.7725260Z Receiving objects:  23% (97/421)
2025-09-20T21:18:26.7732356Z Receiving objects:  24% (102/421)
2025-09-20T21:18:26.7760926Z Receiving objects:  25% (106/421)
2025-09-20T21:18:26.7766641Z Receiving objects:  26% (110/421)
2025-09-20T21:18:26.7768265Z Receiving objects:  27% (114/421)
2025-09-20T21:18:26.7770048Z Receiving objects:  28% (118/421)
2025-09-20T21:18:26.7771685Z Receiving objects:  29% (123/421)
2025-09-20T21:18:26.7773322Z Receiving objects:  30% (127/421)
2025-09-20T21:18:26.7774898Z Receiving objects:  31% (131/421)
2025-09-20T21:18:26.7782961Z Receiving objects:  32% (135/421)
2025-09-20T21:18:26.7816858Z Receiving objects:  33% (139/421)
2025-09-20T21:18:26.7820816Z Receiving objects:  34% (144/421)
2025-09-20T21:18:26.7822006Z Receiving objects:  35% (148/421)
2025-09-20T21:18:26.7825974Z Receiving objects:  36% (152/421)
2025-09-20T21:18:26.7827534Z Receiving objects:  37% (156/421)
2025-09-20T21:18:26.7829283Z Receiving objects:  38% (160/421)
2025-09-20T21:18:26.7832406Z Receiving objects:  39% (165/421)
2025-09-20T21:18:26.7838098Z Receiving objects:  40% (169/421)
2025-09-20T21:18:26.7843942Z Receiving objects:  41% (173/421)
2025-09-20T21:18:26.7852057Z Receiving objects:  42% (177/421)
2025-09-20T21:18:26.7856230Z Receiving objects:  43% (182/421)
2025-09-20T21:18:26.7860752Z Receiving objects:  44% (186/421)
2025-09-20T21:18:26.7867300Z Receiving objects:  45% (190/421)
2025-09-20T21:18:26.7870665Z Receiving objects:  46% (194/421)
2025-09-20T21:18:26.7875220Z Receiving objects:  47% (198/421)
2025-09-20T21:18:26.7879142Z Receiving objects:  48% (203/421)
2025-09-20T21:18:26.7892228Z Receiving objects:  49% (207/421)
2025-09-20T21:18:26.7903339Z Receiving objects:  50% (211/421)
2025-09-20T21:18:26.7904921Z Receiving objects:  51% (215/421)
2025-09-20T21:18:26.7906484Z Receiving objects:  52% (219/421)
2025-09-20T21:18:26.7909361Z Receiving objects:  53% (224/421)
2025-09-20T21:18:26.7910996Z Receiving objects:  54% (228/421)
2025-09-20T21:18:26.7912615Z Receiving objects:  55% (232/421)
2025-09-20T21:18:26.7919383Z Receiving objects:  56% (236/421)
2025-09-20T21:18:26.7922839Z Receiving objects:  57% (240/421)
2025-09-20T21:18:26.7928247Z Receiving objects:  58% (245/421)
2025-09-20T21:18:26.7931844Z Receiving objects:  59% (249/421)
2025-09-20T21:18:26.7933489Z Receiving objects:  60% (253/421)
2025-09-20T21:18:26.7941627Z Receiving objects:  61% (257/421)
2025-09-20T21:18:26.7944461Z Receiving objects:  62% (262/421)
2025-09-20T21:18:26.7946057Z Receiving objects:  63% (266/421)
2025-09-20T21:18:26.7947657Z Receiving objects:  64% (270/421)
2025-09-20T21:18:26.7949385Z Receiving objects:  65% (274/421)
2025-09-20T21:18:26.7950970Z Receiving objects:  66% (278/421)
2025-09-20T21:18:26.7952795Z Receiving objects:  67% (283/421)
2025-09-20T21:18:26.7957337Z Receiving objects:  68% (287/421)
2025-09-20T21:18:26.7963200Z Receiving objects:  69% (291/421)
2025-09-20T21:18:26.7966487Z Receiving objects:  70% (295/421)
2025-09-20T21:18:26.7969047Z Receiving objects:  71% (299/421)
2025-09-20T21:18:26.7972698Z Receiving objects:  72% (304/421)
2025-09-20T21:18:26.7974357Z Receiving objects:  73% (308/421)
2025-09-20T21:18:26.7979509Z Receiving objects:  74% (312/421)
2025-09-20T21:18:26.7981255Z Receiving objects:  75% (316/421)
2025-09-20T21:18:26.7987081Z Receiving objects:  76% (320/421)
2025-09-20T21:18:26.7989359Z Receiving objects:  77% (325/421)
2025-09-20T21:18:26.7993646Z Receiving objects:  78% (329/421)
2025-09-20T21:18:26.7999297Z Receiving objects:  79% (333/421)
2025-09-20T21:18:26.8007689Z Receiving objects:  80% (337/421)
2025-09-20T21:18:26.8009450Z Receiving objects:  81% (342/421)
2025-09-20T21:18:26.8011002Z Receiving objects:  82% (346/421)
2025-09-20T21:18:26.8012370Z Receiving objects:  83% (350/421)
2025-09-20T21:18:26.8013436Z Receiving objects:  84% (354/421)
2025-09-20T21:18:26.8014902Z Receiving objects:  85% (358/421)
2025-09-20T21:18:26.8016178Z Receiving objects:  86% (363/421)
2025-09-20T21:18:26.8017461Z Receiving objects:  87% (367/421)
2025-09-20T21:18:26.8018385Z Receiving objects:  88% (371/421)
2025-09-20T21:18:26.8019956Z Receiving objects:  89% (375/421)
2025-09-20T21:18:26.8021162Z Receiving objects:  90% (379/421)
2025-09-20T21:18:26.8024163Z Receiving objects:  91% (384/421)
2025-09-20T21:18:26.8027317Z Receiving objects:  92% (388/421)
2025-09-20T21:18:26.8029774Z Receiving objects:  93% (392/421)
2025-09-20T21:18:26.8031872Z Receiving objects:  94% (396/421)
2025-09-20T21:18:26.8035299Z Receiving objects:  95% (400/421)
2025-09-20T21:18:26.8041459Z Receiving objects:  96% (405/421)
2025-09-20T21:18:26.8043109Z Receiving objects:  97% (409/421)
2025-09-20T21:18:26.8298994Z Receiving objects:  98% (413/421)
2025-09-20T21:18:26.8301496Z remote: Total 421 (delta 39), reused 203 (delta 16), pack-reused 0 (from 0)        
2025-09-20T21:18:26.8313160Z Receiving objects:  99% (417/421)
2025-09-20T21:18:26.8314746Z Receiving objects: 100% (421/421)
2025-09-20T21:18:26.8316611Z Receiving objects: 100% (421/421), 2.56 MiB | 27.06 MiB/s, done.
2025-09-20T21:18:26.8318019Z Resolving deltas:   0% (0/39)
2025-09-20T21:18:26.8319892Z Resolving deltas:   2% (1/39)
2025-09-20T21:18:26.8321452Z Resolving deltas:   5% (2/39)
2025-09-20T21:18:26.8322950Z Resolving deltas:   7% (3/39)
2025-09-20T21:18:26.8324428Z Resolving deltas:  10% (4/39)
2025-09-20T21:18:26.8325918Z Resolving deltas:  12% (5/39)
2025-09-20T21:18:26.8327368Z Resolving deltas:  15% (6/39)
2025-09-20T21:18:26.8329012Z Resolving deltas:  17% (7/39)
2025-09-20T21:18:26.8330489Z Resolving deltas:  20% (8/39)
2025-09-20T21:18:26.8331972Z Resolving deltas:  23% (9/39)
2025-09-20T21:18:26.8333469Z Resolving deltas:  25% (10/39)
2025-09-20T21:18:26.8334999Z Resolving deltas:  30% (12/39)
2025-09-20T21:18:26.8336165Z Resolving deltas:  33% (13/39)
2025-09-20T21:18:26.8337438Z Resolving deltas:  35% (14/39)
2025-09-20T21:18:26.8338702Z Resolving deltas:  38% (15/39)
2025-09-20T21:18:26.8339976Z Resolving deltas:  41% (16/39)
2025-09-20T21:18:26.8340889Z Resolving deltas:  43% (17/39)
2025-09-20T21:18:26.8341852Z Resolving deltas:  46% (18/39)
2025-09-20T21:18:26.8342738Z Resolving deltas:  48% (19/39)
2025-09-20T21:18:26.8343641Z Resolving deltas:  51% (20/39)
2025-09-20T21:18:26.8344511Z Resolving deltas:  53% (21/39)
2025-09-20T21:18:26.8345372Z Resolving deltas:  56% (22/39)
2025-09-20T21:18:26.8346248Z Resolving deltas:  58% (23/39)
2025-09-20T21:18:26.8347120Z Resolving deltas:  61% (24/39)
2025-09-20T21:18:26.8348226Z Resolving deltas:  64% (25/39)
2025-09-20T21:18:26.8349406Z Resolving deltas:  66% (26/39)
2025-09-20T21:18:26.8350284Z Resolving deltas:  69% (27/39)
2025-09-20T21:18:26.8351148Z Resolving deltas:  71% (28/39)
2025-09-20T21:18:26.8352004Z Resolving deltas:  74% (29/39)
2025-09-20T21:18:26.8353127Z Resolving deltas:  76% (30/39)
2025-09-20T21:18:26.8353976Z Resolving deltas:  79% (31/39)
2025-09-20T21:18:26.8354831Z Resolving deltas:  82% (32/39)
2025-09-20T21:18:26.8355700Z Resolving deltas:  84% (33/39)
2025-09-20T21:18:26.8356558Z Resolving deltas:  87% (34/39)
2025-09-20T21:18:26.8357413Z Resolving deltas:  92% (36/39)
2025-09-20T21:18:26.8358265Z Resolving deltas:  94% (37/39)
2025-09-20T21:18:26.8359361Z Resolving deltas:  97% (38/39)
2025-09-20T21:18:26.8360232Z Resolving deltas: 100% (39/39)
2025-09-20T21:18:26.8361099Z Resolving deltas: 100% (39/39), done.
2025-09-20T21:18:26.8477927Z From https://github.com/Avarok-Cybersecurity/Citadel-Protocol
2025-09-20T21:18:26.8479745Z  * [new ref]         7edf0bb75f061919add02f6d6a82672c0b2e9654 -> pull/236/merge
2025-09-20T21:18:26.8513710Z ##[endgroup]
2025-09-20T21:18:26.8515252Z ##[group]Determining the checkout info
2025-09-20T21:18:26.8516680Z ##[endgroup]
2025-09-20T21:18:26.8517848Z ##[group]Checking out the ref
2025-09-20T21:18:26.8519608Z [command]/usr/bin/git checkout --progress --force refs/remotes/pull/236/merge
2025-09-20T21:18:28.5084612Z Updating files:  98% (327/332)
2025-09-20T21:18:28.5092596Z Updating files:  99% (329/332)
2025-09-20T21:18:28.5093238Z Updating files: 100% (332/332)
2025-09-20T21:18:28.5093657Z Updating files: 100% (332/332), done.
2025-09-20T21:18:28.5102674Z Note: switching to 'refs/remotes/pull/236/merge'.
2025-09-20T21:18:28.5103228Z 
2025-09-20T21:18:28.5103582Z You are in 'detached HEAD' state. You can look around, make experimental
2025-09-20T21:18:28.5104378Z changes and commit them, and you can discard any commits you make in this
2025-09-20T21:18:28.5105217Z state without impacting any branches by switching back to a branch.
2025-09-20T21:18:28.5105691Z 
2025-09-20T21:18:28.5105974Z If you want to create a new branch to retain commits you create, you may
2025-09-20T21:18:28.5106662Z do so (now or later) by using -c with the switch command. Example:
2025-09-20T21:18:28.5107072Z 
2025-09-20T21:18:28.5107251Z   git switch -c <new-branch-name>
2025-09-20T21:18:28.5107523Z 
2025-09-20T21:18:28.5107751Z Or undo this operation with:
2025-09-20T21:18:28.5108014Z 
2025-09-20T21:18:28.5108133Z   git switch -
2025-09-20T21:18:28.5108326Z 
2025-09-20T21:18:28.5108866Z Turn off this advice by setting config variable advice.detachedHead to false
2025-09-20T21:18:28.5109363Z 
2025-09-20T21:18:28.5109923Z HEAD is now at 7edf0bb Merge 8a89b2152348ab91c1a5bd335ccb554a7eae26c5 into 2b40ca3c28904a155dd62f453494820feec744f0
2025-09-20T21:18:28.5431145Z ##[endgroup]
2025-09-20T21:18:28.5469809Z [command]/usr/bin/git log -1 --format='%H'
2025-09-20T21:18:28.5492687Z '7edf0bb75f061919add02f6d6a82672c0b2e9654'
2025-09-20T21:18:28.5771993Z ##[group]Run dtolnay/rust-toolchain@stable
2025-09-20T21:18:28.5772284Z with:
2025-09-20T21:18:28.5772452Z   toolchain: stable
2025-09-20T21:18:28.5772623Z env:
2025-09-20T21:18:28.5772826Z   CARGO_TERM_COLOR: always
2025-09-20T21:18:28.5773044Z   RUST_BACKTRACE: full
2025-09-20T21:18:28.5773249Z   RUST_MIN_STACK: 40971520
2025-09-20T21:18:28.5773444Z   RUST_LOG: citadel=warn
2025-09-20T21:18:28.5773634Z   IN_CI: true
2025-09-20T21:18:28.5773995Z ##[endgroup]
2025-09-20T21:18:28.5835577Z ##[group]Run : parse toolchain version
2025-09-20T21:18:28.5835956Z [36;1m: parse toolchain version[0m
2025-09-20T21:18:28.5836276Z [36;1mif [[ -z $toolchain ]]; then[0m
2025-09-20T21:18:28.5836745Z [36;1m  # GitHub does not enforce `required: true` inputs itself. https://github.com/actions/runner/issues/1070[0m
2025-09-20T21:18:28.5837221Z [36;1m  echo "'toolchain' is a required input" >&2[0m
2025-09-20T21:18:28.5837475Z [36;1m  exit 1[0m
2025-09-20T21:18:28.5837883Z [36;1melif [[ $toolchain =~ ^stable' '[0-9]+' '(year|month|week|day)s?' 'ago$ ]]; then[0m
2025-09-20T21:18:28.5838232Z [36;1m  if [[ Linux == macOS ]]; then[0m
2025-09-20T21:18:28.5838817Z [36;1m    echo "toolchain=1.$((($(date -v-$(sed 's/stable \([0-9]*\) \(.\).*/\1\2/' <<< $toolchain) +%s)/60/60/24-16569)/7/6))" >> $GITHUB_OUTPUT[0m
2025-09-20T21:18:28.5839468Z [36;1m  else[0m
2025-09-20T21:18:28.5839809Z [36;1m    echo "toolchain=1.$((($(date --date "${toolchain#stable }" +%s)/60/60/24-16569)/7/6))" >> $GITHUB_OUTPUT[0m
2025-09-20T21:18:28.5840209Z [36;1m  fi[0m
2025-09-20T21:18:28.5840462Z [36;1melif [[ $toolchain =~ ^stable' 'minus' '[0-9]+' 'releases?$ ]]; then[0m
2025-09-20T21:18:28.5840919Z [36;1m  echo "toolchain=1.$((($(date +%s)/60/60/24-16569)/7/6-${toolchain//[^0-9]/}))" >> $GITHUB_OUTPUT[0m
2025-09-20T21:18:28.5841313Z [36;1melif [[ $toolchain =~ ^1\.[0-9]+$ ]]; then[0m
2025-09-20T21:18:28.5841740Z [36;1m  echo "toolchain=1.$((i=${toolchain#1.}, c=($(date +%s)/60/60/24-16569)/7/6, i+9*i*(10*i<=c)+90*i*(100*i<=c)))" >> $GITHUB_OUTPUT[0m
2025-09-20T21:18:28.5842146Z [36;1melse[0m
2025-09-20T21:18:28.5842353Z [36;1m  echo "toolchain=$toolchain" >> $GITHUB_OUTPUT[0m
2025-09-20T21:18:28.5842608Z [36;1mfi[0m
2025-09-20T21:18:28.5902144Z shell: /usr/bin/bash --noprofile --norc -e -o pipefail {0}
2025-09-20T21:18:28.5902484Z env:
2025-09-20T21:18:28.5902664Z   CARGO_TERM_COLOR: always
2025-09-20T21:18:28.5902872Z   RUST_BACKTRACE: full
2025-09-20T21:18:28.5903071Z   RUST_MIN_STACK: 40971520
2025-09-20T21:18:28.5903275Z   RUST_LOG: citadel=warn
2025-09-20T21:18:28.5903462Z   IN_CI: true
2025-09-20T21:18:28.5903630Z   toolchain: stable
2025-09-20T21:18:28.5903805Z ##[endgroup]
2025-09-20T21:18:28.6041867Z ##[group]Run : construct rustup command line
2025-09-20T21:18:28.6042218Z [36;1m: construct rustup command line[0m
2025-09-20T21:18:28.6042608Z [36;1mecho "targets=$(for t in ${targets//,/ }; do echo -n ' --target' $t; done)" >> $GITHUB_OUTPUT[0m
2025-09-20T21:18:28.6043146Z [36;1mecho "components=$(for c in ${components//,/ }; do echo -n ' --component' $c; done)" >> $GITHUB_OUTPUT[0m
2025-09-20T21:18:28.6043574Z [36;1mecho "downgrade=" >> $GITHUB_OUTPUT[0m
2025-09-20T21:18:28.6073521Z shell: /usr/bin/bash --noprofile --norc -e -o pipefail {0}
2025-09-20T21:18:28.6073862Z env:
2025-09-20T21:18:28.6074031Z   CARGO_TERM_COLOR: always
2025-09-20T21:18:28.6074254Z   RUST_BACKTRACE: full
2025-09-20T21:18:28.6074444Z   RUST_MIN_STACK: 40971520
2025-09-20T21:18:28.6074644Z   RUST_LOG: citadel=warn
2025-09-20T21:18:28.6074843Z   IN_CI: true
2025-09-20T21:18:28.6075003Z   targets: 
2025-09-20T21:18:28.6075165Z   components: 
2025-09-20T21:18:28.6075335Z ##[endgroup]
2025-09-20T21:18:28.6187695Z ##[group]Run : set $CARGO_HOME
2025-09-20T21:18:28.6187977Z [36;1m: set $CARGO_HOME[0m
2025-09-20T21:18:28.6188260Z [36;1mecho CARGO_HOME=${CARGO_HOME:-"$HOME/.cargo"} >> $GITHUB_ENV[0m
2025-09-20T21:18:28.6218264Z shell: /usr/bin/bash --noprofile --norc -e -o pipefail {0}
2025-09-20T21:18:28.6218872Z env:
2025-09-20T21:18:28.6219060Z   CARGO_TERM_COLOR: always
2025-09-20T21:18:28.6219270Z   RUST_BACKTRACE: full
2025-09-20T21:18:28.6219455Z   RUST_MIN_STACK: 40971520
2025-09-20T21:18:28.6219652Z   RUST_LOG: citadel=warn
2025-09-20T21:18:28.6219840Z   IN_CI: true
2025-09-20T21:18:28.6220004Z ##[endgroup]
2025-09-20T21:18:28.6301066Z ##[group]Run : install rustup if needed
2025-09-20T21:18:28.6301369Z [36;1m: install rustup if needed[0m
2025-09-20T21:18:28.6301634Z [36;1mif ! command -v rustup &>/dev/null; then[0m
2025-09-20T21:18:28.6302481Z [36;1m  curl --proto '=https' --tlsv1.2 --retry 10 --retry-connrefused --location --silent --show-error --fail https://sh.rustup.rs | sh -s -- --default-toolchain none -y[0m
2025-09-20T21:18:28.6303135Z [36;1m  echo "$CARGO_HOME/bin" >> $GITHUB_PATH[0m
2025-09-20T21:18:28.6303388Z [36;1mfi[0m
2025-09-20T21:18:28.6330961Z shell: /usr/bin/bash --noprofile --norc -e -o pipefail {0}
2025-09-20T21:18:28.6331280Z env:
2025-09-20T21:18:28.6331453Z   CARGO_TERM_COLOR: always
2025-09-20T21:18:28.6331657Z   RUST_BACKTRACE: full
2025-09-20T21:18:28.6331850Z   RUST_MIN_STACK: 40971520
2025-09-20T21:18:28.6332042Z   RUST_LOG: citadel=warn
2025-09-20T21:18:28.6332230Z   IN_CI: true
2025-09-20T21:18:28.6332412Z   CARGO_HOME: /home/runner/.cargo
2025-09-20T21:18:28.6332632Z ##[endgroup]
2025-09-20T21:18:28.6411320Z ##[group]Run rustup toolchain install stable --profile minimal --no-self-update
2025-09-20T21:18:28.6411828Z [36;1mrustup toolchain install stable --profile minimal --no-self-update[0m
2025-09-20T21:18:28.6439400Z shell: /usr/bin/bash --noprofile --norc -e -o pipefail {0}
2025-09-20T21:18:28.6439716Z env:
2025-09-20T21:18:28.6439890Z   CARGO_TERM_COLOR: always
2025-09-20T21:18:28.6440107Z   RUST_BACKTRACE: full
2025-09-20T21:18:28.6440308Z   RUST_MIN_STACK: 40971520
2025-09-20T21:18:28.6440503Z   RUST_LOG: citadel=warn
2025-09-20T21:18:28.6440693Z   IN_CI: true
2025-09-20T21:18:28.6440874Z   CARGO_HOME: /home/runner/.cargo
2025-09-20T21:18:28.6441092Z ##[endgroup]
2025-09-20T21:18:32.9033166Z info: syncing channel updates for 'stable-x86_64-unknown-linux-gnu'
2025-09-20T21:18:33.3201892Z info: latest update on 2025-09-18, rust version 1.90.0 (1159e78c4 2025-09-14)
2025-09-20T21:18:33.3599143Z info: downloading component 'clippy'
2025-09-20T21:18:33.4119980Z info: downloading component 'rustfmt'
2025-09-20T21:18:33.4326229Z info: downloading component 'cargo'
2025-09-20T21:18:33.4864273Z info: downloading component 'rust-std'
2025-09-20T21:18:33.6115516Z info: downloading component 'rustc'
2025-09-20T21:18:34.0257590Z info: removing previous version of component 'clippy'
2025-09-20T21:18:34.0483164Z info: removing previous version of component 'rustfmt'
2025-09-20T21:18:34.0583908Z info: removing previous version of component 'cargo'
2025-09-20T21:18:34.1003951Z info: removing previous version of component 'rust-std'
2025-09-20T21:18:34.1196886Z info: removing previous version of component 'rustc'
2025-09-20T21:18:34.1575747Z info: installing component 'clippy'
2025-09-20T21:18:34.5338339Z info: installing component 'rustfmt'
2025-09-20T21:18:34.7711498Z info: installing component 'cargo'
2025-09-20T21:18:35.4993814Z info: installing component 'rust-std'
2025-09-20T21:18:37.3741795Z info: installing component 'rustc'
2025-09-20T21:18:42.3116905Z 
2025-09-20T21:18:42.3211766Z   stable-x86_64-unknown-linux-gnu updated - rustc 1.90.0 (1159e78c4 2025-09-14) (from rustc 1.89.0 (29483883e 2025-08-04))
2025-09-20T21:18:42.3212450Z 
2025-09-20T21:18:42.3265354Z ##[group]Run rustup default stable
2025-09-20T21:18:42.3265629Z [36;1mrustup default stable[0m
2025-09-20T21:18:42.3295649Z shell: /usr/bin/bash --noprofile --norc -e -o pipefail {0}
2025-09-20T21:18:42.3295963Z env:
2025-09-20T21:18:42.3296134Z   CARGO_TERM_COLOR: always
2025-09-20T21:18:42.3296347Z   RUST_BACKTRACE: full
2025-09-20T21:18:42.3296540Z   RUST_MIN_STACK: 40971520
2025-09-20T21:18:42.3296730Z   RUST_LOG: citadel=warn
2025-09-20T21:18:42.3296921Z   IN_CI: true
2025-09-20T21:18:42.3297099Z   CARGO_HOME: /home/runner/.cargo
2025-09-20T21:18:42.3297320Z ##[endgroup]
2025-09-20T21:18:42.3397046Z info: using existing install for 'stable-x86_64-unknown-linux-gnu'
2025-09-20T21:18:42.3730493Z info: default toolchain set to 'stable-x86_64-unknown-linux-gnu'
2025-09-20T21:18:42.3731033Z 
2025-09-20T21:18:42.3822399Z   stable-x86_64-unknown-linux-gnu unchanged - rustc 1.90.0 (1159e78c4 2025-09-14)
2025-09-20T21:18:42.3822986Z 
2025-09-20T21:18:42.3866060Z ##[group]Run : create cachekey
2025-09-20T21:18:42.3866596Z [36;1m: create cachekey[0m
2025-09-20T21:18:42.3867037Z [36;1mDATE=$(rustc +stable --version --verbose | sed -ne 's/^commit-date: \(20[0-9][0-9]\)-\([01][0-9]\)-\([0-3][0-9]\)$/\1\2\3/p')[0m
2025-09-20T21:18:42.3867598Z [36;1mHASH=$(rustc +stable --version --verbose | sed -ne 's/^commit-hash: //p')[0m
2025-09-20T21:18:42.3868071Z [36;1mecho "cachekey=$(echo $DATE$HASH | head -c12)" >> $GITHUB_OUTPUT[0m
2025-09-20T21:18:42.3897597Z shell: /usr/bin/bash --noprofile --norc -e -o pipefail {0}
2025-09-20T21:18:42.3897903Z env:
2025-09-20T21:18:42.3898079Z   CARGO_TERM_COLOR: always
2025-09-20T21:18:42.3898294Z   RUST_BACKTRACE: full
2025-09-20T21:18:42.3898480Z   RUST_MIN_STACK: 40971520
2025-09-20T21:18:42.3898867Z   RUST_LOG: citadel=warn
2025-09-20T21:18:42.3899051Z   IN_CI: true
2025-09-20T21:18:42.3899232Z   CARGO_HOME: /home/runner/.cargo
2025-09-20T21:18:42.3899621Z ##[endgroup]
2025-09-20T21:18:42.4304290Z ##[group]Run : disable incremental compilation
2025-09-20T21:18:42.4304654Z [36;1m: disable incremental compilation[0m
2025-09-20T21:18:42.4304935Z [36;1mif [ -z "${CARGO_INCREMENTAL+set}" ]; then[0m
2025-09-20T21:18:42.4305232Z [36;1m  echo CARGO_INCREMENTAL=0 >> $GITHUB_ENV[0m
2025-09-20T21:18:42.4305477Z [36;1mfi[0m
2025-09-20T21:18:42.4335239Z shell: /usr/bin/bash --noprofile --norc -e -o pipefail {0}
2025-09-20T21:18:42.4335565Z env:
2025-09-20T21:18:42.4335733Z   CARGO_TERM_COLOR: always
2025-09-20T21:18:42.4335949Z   RUST_BACKTRACE: full
2025-09-20T21:18:42.4336135Z   RUST_MIN_STACK: 40971520
2025-09-20T21:18:42.4336328Z   RUST_LOG: citadel=warn
2025-09-20T21:18:42.4336512Z   IN_CI: true
2025-09-20T21:18:42.4336689Z   CARGO_HOME: /home/runner/.cargo
2025-09-20T21:18:42.4336907Z ##[endgroup]
2025-09-20T21:18:42.4403540Z ##[group]Run : enable colors in Cargo output
2025-09-20T21:18:42.4403843Z [36;1m: enable colors in Cargo output[0m
2025-09-20T21:18:42.4404123Z [36;1mif [ -z "${CARGO_TERM_COLOR+set}" ]; then[0m
2025-09-20T21:18:42.4404422Z [36;1m  echo CARGO_TERM_COLOR=always >> $GITHUB_ENV[0m
2025-09-20T21:18:42.4404681Z [36;1mfi[0m
2025-09-20T21:18:42.4431177Z shell: /usr/bin/bash --noprofile --norc -e -o pipefail {0}
2025-09-20T21:18:42.4431480Z env:
2025-09-20T21:18:42.4431647Z   CARGO_TERM_COLOR: always
2025-09-20T21:18:42.4431850Z   RUST_BACKTRACE: full
2025-09-20T21:18:42.4432035Z   RUST_MIN_STACK: 40971520
2025-09-20T21:18:42.4432232Z   RUST_LOG: citadel=warn
2025-09-20T21:18:42.4432413Z   IN_CI: true
2025-09-20T21:18:42.4432593Z   CARGO_HOME: /home/runner/.cargo
2025-09-20T21:18:42.4432808Z   CARGO_INCREMENTAL: 0
2025-09-20T21:18:42.4432998Z ##[endgroup]
2025-09-20T21:18:42.4497325Z ##[group]Run : enable Cargo sparse registry
2025-09-20T21:18:42.4497633Z [36;1m: enable Cargo sparse registry[0m
2025-09-20T21:18:42.4497959Z [36;1m# implemented in 1.66, stabilized in 1.68, made default in 1.70[0m
2025-09-20T21:18:42.4498816Z [36;1mif [ -z "${CARGO_REGISTRIES_CRATES_IO_PROTOCOL+set}" -o -f "/home/runner/work/_temp"/.implicit_cargo_registries_crates_io_protocol ]; then[0m
2025-09-20T21:18:42.4499464Z [36;1m  if rustc +stable --version --verbose | grep -q '^release: 1\.6[89]\.'; then[0m
2025-09-20T21:18:42.4499966Z [36;1m    touch "/home/runner/work/_temp"/.implicit_cargo_registries_crates_io_protocol || true[0m
2025-09-20T21:18:42.4500435Z [36;1m    echo CARGO_REGISTRIES_CRATES_IO_PROTOCOL=sparse >> $GITHUB_ENV[0m
2025-09-20T21:18:42.4500869Z [36;1m  elif rustc +stable --version --verbose | grep -q '^release: 1\.6[67]\.'; then[0m
2025-09-20T21:18:42.4501368Z [36;1m    touch "/home/runner/work/_temp"/.implicit_cargo_registries_crates_io_protocol || true[0m
2025-09-20T21:18:42.4501817Z [36;1m    echo CARGO_REGISTRIES_CRATES_IO_PROTOCOL=git >> $GITHUB_ENV[0m
2025-09-20T21:18:42.4502125Z [36;1m  fi[0m
2025-09-20T21:18:42.4502290Z [36;1mfi[0m
2025-09-20T21:18:42.4528251Z shell: /usr/bin/bash --noprofile --norc -e -o pipefail {0}
2025-09-20T21:18:42.4528781Z env:
2025-09-20T21:18:42.4528960Z   CARGO_TERM_COLOR: always
2025-09-20T21:18:42.4529170Z   RUST_BACKTRACE: full
2025-09-20T21:18:42.4529539Z   RUST_MIN_STACK: 40971520
2025-09-20T21:18:42.4529744Z   RUST_LOG: citadel=warn
2025-09-20T21:18:42.4529926Z   IN_CI: true
2025-09-20T21:18:42.4530107Z   CARGO_HOME: /home/runner/.cargo
2025-09-20T21:18:42.4530330Z   CARGO_INCREMENTAL: 0
2025-09-20T21:18:42.4530510Z ##[endgroup]
2025-09-20T21:18:42.4903211Z ##[group]Run : work around spurious network errors in curl 8.0
2025-09-20T21:18:42.4903621Z [36;1m: work around spurious network errors in curl 8.0[0m
2025-09-20T21:18:42.4904118Z [36;1m# https://rust-lang.zulipchat.com/#narrow/stream/246057-t-cargo/topic/timeout.20investigation[0m
2025-09-20T21:18:42.4904666Z [36;1mif rustc +stable --version --verbose | grep -q '^release: 1\.7[01]\.'; then[0m
2025-09-20T21:18:42.4905072Z [36;1m  echo CARGO_HTTP_MULTIPLEXING=false >> $GITHUB_ENV[0m
2025-09-20T21:18:42.4905530Z [36;1mfi[0m
2025-09-20T21:18:42.4934496Z shell: /usr/bin/bash --noprofile --norc -e -o pipefail {0}
2025-09-20T21:18:42.4934804Z env:
2025-09-20T21:18:42.4934987Z   CARGO_TERM_COLOR: always
2025-09-20T21:18:42.4935202Z   RUST_BACKTRACE: full
2025-09-20T21:18:42.4935388Z   RUST_MIN_STACK: 40971520
2025-09-20T21:18:42.4935584Z   RUST_LOG: citadel=warn
2025-09-20T21:18:42.4935769Z   IN_CI: true
2025-09-20T21:18:42.4935950Z   CARGO_HOME: /home/runner/.cargo
2025-09-20T21:18:42.4936168Z   CARGO_INCREMENTAL: 0
2025-09-20T21:18:42.4936353Z ##[endgroup]
2025-09-20T21:18:42.5154846Z ##[group]Run rustc +stable --version --verbose
2025-09-20T21:18:42.5155180Z [36;1mrustc +stable --version --verbose[0m
2025-09-20T21:18:42.5184649Z shell: /usr/bin/bash --noprofile --norc -e -o pipefail {0}
2025-09-20T21:18:42.5184959Z env:
2025-09-20T21:18:42.5185131Z   CARGO_TERM_COLOR: always
2025-09-20T21:18:42.5185335Z   RUST_BACKTRACE: full
2025-09-20T21:18:42.5185524Z   RUST_MIN_STACK: 40971520
2025-09-20T21:18:42.5185727Z   RUST_LOG: citadel=warn
2025-09-20T21:18:42.5185910Z   IN_CI: true
2025-09-20T21:18:42.5186083Z   CARGO_HOME: /home/runner/.cargo
2025-09-20T21:18:42.5186316Z   CARGO_INCREMENTAL: 0
2025-09-20T21:18:42.5186495Z ##[endgroup]
2025-09-20T21:18:42.5366434Z rustc 1.90.0 (1159e78c4 2025-09-14)
2025-09-20T21:18:42.5367600Z binary: rustc
2025-09-20T21:18:42.5369983Z commit-hash: 1159e78c4747b02ef996e55082b704c09b970588
2025-09-20T21:18:42.5370681Z commit-date: 2025-09-14
2025-09-20T21:18:42.5371290Z host: x86_64-unknown-linux-gnu
2025-09-20T21:18:42.5371869Z release: 1.90.0
2025-09-20T21:18:42.5372356Z LLVM version: 20.1.8
2025-09-20T21:18:42.5460150Z ##[group]Run actions-rs/cargo@v1
2025-09-20T21:18:42.5460383Z with:
2025-09-20T21:18:42.5460550Z   command: install
2025-09-20T21:18:42.5460735Z   args: --force cargo-make
2025-09-20T21:18:42.5460932Z   use-cross: false
2025-09-20T21:18:42.5461093Z env:
2025-09-20T21:18:42.5461251Z   CARGO_TERM_COLOR: always
2025-09-20T21:18:42.5461445Z   RUST_BACKTRACE: full
2025-09-20T21:18:42.5461635Z   RUST_MIN_STACK: 40971520
2025-09-20T21:18:42.5461827Z   RUST_LOG: citadel=warn
2025-09-20T21:18:42.5462007Z   IN_CI: true
2025-09-20T21:18:42.5462199Z   CARGO_HOME: /home/runner/.cargo
2025-09-20T21:18:42.5462414Z   CARGO_INCREMENTAL: 0
2025-09-20T21:18:42.5462595Z ##[endgroup]
2025-09-20T21:18:42.6140052Z [command]/home/runner/.cargo/bin/cargo install --force cargo-make
2025-09-20T21:18:42.6783129Z [1m[32m    Updating[0m crates.io index
2025-09-20T21:18:42.8890043Z [1m[32m Downloading[0m crates ...
2025-09-20T21:18:42.9641948Z [1m[32m  Downloaded[0m cargo-make v0.37.24
2025-09-20T21:18:43.0327220Z [1m[32m  Installing[0m cargo-make v0.37.24
2025-09-20T21:18:43.0541850Z [1m[32m    Updating[0m crates.io index
2025-09-20T21:18:43.5334672Z [1m[32m     Locking[0m 234 packages to latest compatible versions
2025-09-20T21:18:43.5349591Z [1m[36m      Adding[0m cargo_metadata v0.19.2 [1m[33m(available: v0.22.0)[0m
2025-09-20T21:18:43.5446819Z [1m[36m      Adding[0m petgraph v0.7.1 [1m[33m(available: v0.8.2)[0m
2025-09-20T21:18:43.5546876Z [1m[36m      Adding[0m strum_macros v0.26.4 [1m[33m(available: v0.27.2)[0m
2025-09-20T21:18:43.5577308Z [1m[36m      Adding[0m toml v0.8.23 [1m[33m(available: v0.9.7)[0m
2025-09-20T21:18:43.5639193Z [1m[32m Downloading[0m crates ...
2025-09-20T21:18:43.6216125Z [1m[32m  Downloaded[0m same-file v1.0.6
2025-09-20T21:18:43.6241792Z [1m[32m  Downloaded[0m serde_core v1.0.225
2025-09-20T21:18:43.6278506Z [1m[32m  Downloaded[0m zopfli v0.8.2
2025-09-20T21:18:43.6308006Z [1m[32m  Downloaded[0m writeable v0.6.1
2025-09-20T21:18:43.6333364Z [1m[32m  Downloaded[0m zeroize v1.8.1
2025-09-20T21:18:43.6350495Z [1m[32m  Downloaded[0m which v6.0.3
2025-09-20T21:18:43.6372311Z [1m[32m  Downloaded[0m serde_json v1.0.145
2025-09-20T21:18:43.6465483Z [1m[32m  Downloaded[0m walkdir v2.5.0
2025-09-20T21:18:43.6492919Z [1m[32m  Downloaded[0m shell2batch v0.4.5
2025-09-20T21:18:43.6591372Z [1m[32m  Downloaded[0m lazy-regex-proc_macros v3.4.1
2025-09-20T21:18:43.6603161Z [1m[32m  Downloaded[0m errno v0.3.14
2025-09-20T21:18:43.6625130Z [1m[32m  Downloaded[0m dirs-sys-next v0.1.2
2025-09-20T21:18:43.6642706Z [1m[32m  Downloaded[0m deranged v0.5.3
2025-09-20T21:18:43.6671662Z [1m[32m  Downloaded[0m itoa v1.0.15
2025-09-20T21:18:43.6692624Z [1m[32m  Downloaded[0m pin-project-lite v0.2.16
2025-09-20T21:18:43.6782946Z [1m[32m  Downloaded[0m num-traits v0.2.19
2025-09-20T21:18:43.6826039Z [1m[32m  Downloaded[0m rust_info v0.3.3
2025-09-20T21:18:43.6944137Z [1m[32m  Downloaded[0m serde v1.0.225
2025-09-20T21:18:43.6968258Z [1m[32m  Downloaded[0m chrono v0.4.42
2025-09-20T21:18:43.7057125Z [1m[32m  Downloaded[0m zerocopy v0.8.27
2025-09-20T21:18:43.7345065Z [1m[32m  Downloaded[0m rustversion v1.0.22
2025-09-20T21:18:43.7391377Z [1m[32m  Downloaded[0m semver v1.0.27
2025-09-20T21:18:43.7450809Z [1m[32m  Downloaded[0m zerofrom v0.1.6
2025-09-20T21:18:43.7476202Z [1m[32m  Downloaded[0m yoke-derive v0.8.0
2025-09-20T21:18:43.7493881Z [1m[32m  Downloaded[0m untrusted v0.9.0
2025-09-20T21:18:43.7521738Z [1m[32m  Downloaded[0m zerofrom-derive v0.1.6
2025-09-20T21:18:43.7543615Z [1m[32m  Downloaded[0m version_check v0.9.5
2025-09-20T21:18:43.7566084Z [1m[32m  Downloaded[0m zerovec-derive v0.11.1
2025-09-20T21:18:43.7593596Z [1m[32m  Downloaded[0m whoami v1.6.1
2025-09-20T21:18:43.7629918Z [1m[32m  Downloaded[0m yoke v0.8.0
2025-09-20T21:18:43.7664737Z [1m[32m  Downloaded[0m unicode-ident v1.0.19
2025-09-20T21:18:43.7707840Z [1m[32m  Downloaded[0m zerotrie v0.2.2
2025-09-20T21:18:43.7759214Z [1m[32m  Downloaded[0m toml_edit v0.22.27
2025-09-20T21:18:43.7820344Z [1m[32m  Downloaded[0m url v2.5.7
2025-09-20T21:18:43.7859829Z [1m[32m  Downloaded[0m zip v2.4.2
2025-09-20T21:18:43.7915600Z [1m[32m  Downloaded[0m zerovec v0.11.4
2025-09-20T21:18:43.7985124Z [1m[32m  Downloaded[0m winnow v0.7.13
2025-09-20T21:18:43.8081813Z [1m[32m  Downloaded[0m syn v2.0.106
2025-09-20T21:18:43.8197293Z [1m[32m  Downloaded[0m itertools v0.14.0
2025-09-20T21:18:43.8273736Z [1m[32m  Downloaded[0m hashbrown v0.16.0
2025-09-20T21:18:43.8331874Z [1m[32m  Downloaded[0m webpki-roots v1.0.2
2025-09-20T21:18:43.8370958Z [1m[32m  Downloaded[0m rand v0.8.5
2025-09-20T21:18:43.8414030Z [1m[32m  Downloaded[0m vte v0.14.1
2025-09-20T21:18:43.8441471Z [1m[32m  Downloaded[0m typenum v1.18.0
2025-09-20T21:18:43.8479735Z [1m[32m  Downloaded[0m bstr v1.12.0
2025-09-20T21:18:43.8560680Z [1m[32m  Downloaded[0m nix v0.30.1
2025-09-20T21:18:43.8680105Z [1m[32m  Downloaded[0m suppaftp v6.3.0
2025-09-20T21:18:43.8711608Z [1m[32m  Downloaded[0m rustix v0.38.44
2025-09-20T21:18:43.8974326Z [1m[32m  Downloaded[0m git_info v0.1.3
2025-09-20T21:18:43.9068153Z [1m[32m  Downloaded[0m lenient_semver v0.4.2
2025-09-20T21:18:43.9109446Z [1m[32m  Downloaded[0m sha2 v0.10.9
2025-09-20T21:18:43.9137663Z [1m[32m  Downloaded[0m regex-syntax v0.8.6
2025-09-20T21:18:43.9209393Z [1m[32m  Downloaded[0m serde_derive v1.0.225
2025-09-20T21:18:43.9239260Z [1m[32m  Downloaded[0m http v1.3.1
2025-09-20T21:18:43.9276571Z [1m[32m  Downloaded[0m bumpalo v3.19.0
2025-09-20T21:18:43.9304813Z [1m[32m  Downloaded[0m serde_ignored v0.1.14
2025-09-20T21:18:43.9319061Z [1m[32m  Downloaded[0m rand_chacha v0.9.0
2025-09-20T21:18:43.9332486Z [1m[32m  Downloaded[0m bzip2-sys v0.1.13+1.0.8
2025-09-20T21:18:43.9440470Z [1m[32m  Downloaded[0m regex-automata v0.4.10
2025-09-20T21:18:43.9597927Z [1m[32m  Downloaded[0m proc-macro2 v1.0.101
2025-09-20T21:18:43.9626801Z [1m[32m  Downloaded[0m powerfmt v0.2.0
2025-09-20T21:18:43.9640236Z [1m[32m  Downloaded[0m petgraph v0.7.1
2025-09-20T21:18:43.9827174Z [1m[32m  Downloaded[0m lenient_semver_parser v0.4.2
2025-09-20T21:18:43.9836138Z [1m[32m  Downloaded[0m encoding_rs v0.8.35
2025-09-20T21:18:44.0041189Z [1m[32m  Downloaded[0m indexmap v2.11.4
2025-09-20T21:18:44.0084039Z [1m[32m  Downloaded[0m toml v0.8.23
2025-09-20T21:18:44.0109293Z [1m[32m  Downloaded[0m time v0.3.44
2025-09-20T21:18:44.0190333Z [1m[32m  Downloaded[0m icu_provider v2.0.0
2025-09-20T21:18:44.0216808Z [1m[32m  Downloaded[0m icu_locale_core v2.0.0
2025-09-20T21:18:44.0287213Z [1m[32m  Downloaded[0m icu_collections v2.0.0
2025-09-20T21:18:44.0356914Z [1m[32m  Downloaded[0m utf8_iter v1.0.4
2025-09-20T21:18:44.0369032Z [1m[32m  Downloaded[0m uname v0.1.1
2025-09-20T21:18:44.0378509Z [1m[32m  Downloaded[0m libc v0.2.175
2025-09-20T21:18:44.0651080Z [1m[32m  Downloaded[0m toml_write v0.1.2
2025-09-20T21:18:44.0663635Z [1m[32m  Downloaded[0m toml_datetime v0.6.11
2025-09-20T21:18:44.0675495Z [1m[32m  Downloaded[0m strum_macros v0.26.4
2025-09-20T21:18:44.0699143Z [1m[32m  Downloaded[0m ci_info v0.14.14
2025-09-20T21:18:44.0807095Z [1m[32m  Downloaded[0m rand_chacha v0.3.1
2025-09-20T21:18:44.0818530Z [1m[32m  Downloaded[0m ppv-lite86 v0.2.21
2025-09-20T21:18:44.0832198Z [1m[32m  Downloaded[0m icu_properties v2.0.1
2025-09-20T21:18:44.0855114Z [1m[32m  Downloaded[0m find-msvc-tools v0.1.2
2025-09-20T21:18:44.0872885Z [1m[32m  Downloaded[0m ignore v0.4.23
2025-09-20T21:18:44.0896492Z [1m[32m  Downloaded[0m icu_normalizer_data v2.0.0
2025-09-20T21:18:44.0918398Z [1m[32m  Downloaded[0m getrandom v0.3.3
2025-09-20T21:18:44.0952582Z [1m[32m  Downloaded[0m crossbeam-epoch v0.9.18
2025-09-20T21:18:44.0977714Z [1m[32m  Downloaded[0m camino v1.2.0
2025-09-20T21:18:44.0997257Z [1m[32m  Downloaded[0m thiserror-impl v2.0.16
2025-09-20T21:18:44.1012280Z [1m[32m  Downloaded[0m envmnt v0.10.4
2025-09-20T21:18:44.1182836Z [1m[32m  Downloaded[0m stable_deref_trait v1.2.0
2025-09-20T21:18:44.1191311Z [1m[32m  Downloaded[0m simd-adler32 v0.3.7
2025-09-20T21:18:44.1209157Z [1m[32m  Downloaded[0m cliparser v0.1.2
2025-09-20T21:18:44.1327294Z [1m[32m  Downloaded[0m serde_spanned v0.6.9
2025-09-20T21:18:44.1338941Z [1m[32m  Downloaded[0m num_cpus v1.17.0
2025-09-20T21:18:44.1370821Z [1m[32m  Downloaded[0m log v0.4.28
2025-09-20T21:18:44.1395247Z [1m[32m  Downloaded[0m futures-lite v2.6.1
2025-09-20T21:18:44.1412317Z [1m[32m  Downloaded[0m tinystr v0.8.1
2025-09-20T21:18:44.1432313Z [1m[32m  Downloaded[0m subtle v2.6.1
2025-09-20T21:18:44.1444557Z [1m[32m  Downloaded[0m potential_utf v0.1.3
2025-09-20T21:18:44.1454665Z [1m[32m  Downloaded[0m once_cell v1.21.3
2025-09-20T21:18:44.1479849Z [1m[32m  Downloaded[0m num-conv v0.1.0
2025-09-20T21:18:44.1488081Z [1m[32m  Downloaded[0m litemap v0.8.0
2025-09-20T21:18:44.1510728Z [1m[32m  Downloaded[0m lazy-regex v3.4.1
2025-09-20T21:18:44.1522998Z [1m[32m  Downloaded[0m linux-raw-sys v0.4.15
2025-09-20T21:18:44.1988375Z [1m[32m  Downloaded[0m ring v0.17.14
2025-09-20T21:18:44.2409997Z [1m[32m  Downloaded[0m fixedbitset v0.5.7
2025-09-20T21:18:44.2427351Z [1m[32m  Downloaded[0m colored v3.0.0
2025-09-20T21:18:44.2453757Z [1m[32m  Downloaded[0m synstructure v0.13.2
2025-09-20T21:18:44.2463299Z [1m[32m  Downloaded[0m shlex v1.3.0
2025-09-20T21:18:44.2475217Z [1m[32m  Downloaded[0m rand_core v0.6.4
2025-09-20T21:18:44.2487944Z [1m[32m  Downloaded[0m pkg-config v0.3.32
2025-09-20T21:18:44.2503151Z [1m[32m  Downloaded[0m home v0.5.11
2025-09-20T21:18:44.2512219Z [1m[32m  Downloaded[0m fsio v0.4.1
2025-09-20T21:18:44.2532268Z [1m[32m  Downloaded[0m displaydoc v0.2.5
2025-09-20T21:18:44.2561060Z [1m[32m  Downloaded[0m digest v0.10.7
2025-09-20T21:18:44.2578058Z [1m[32m  Downloaded[0m cpufeatures v0.2.17
2025-09-20T21:18:44.2591441Z [1m[32m  Downloaded[0m cfg_aliases v0.2.1
2025-09-20T21:18:44.2600880Z [1m[32m  Downloaded[0m autocfg v1.5.0
2025-09-20T21:18:44.2618998Z [1m[32m  Downloaded[0m webpki-roots v0.26.11
2025-09-20T21:18:44.2631028Z [1m[32m  Downloaded[0m time-core v0.1.6
2025-09-20T21:18:44.2641511Z [1m[32m  Downloaded[0m lazy_static v1.5.0
2025-09-20T21:18:44.2658385Z [1m[32m  Downloaded[0m java-properties v2.0.0
2025-09-20T21:18:44.2669079Z [1m[32m  Downloaded[0m idna_adapter v1.2.1
2025-09-20T21:18:44.2677500Z [1m[32m  Downloaded[0m hex v0.4.3
2025-09-20T21:18:44.2693955Z [1m[32m  Downloaded[0m heck v0.5.0
2025-09-20T21:18:44.2705935Z [1m[32m  Downloaded[0m glob v0.3.3
2025-09-20T21:18:44.2720195Z [1m[32m  Downloaded[0m generic-array v0.14.7
2025-09-20T21:18:44.2733104Z [1m[32m  Downloaded[0m futures-io v0.3.31
2025-09-20T21:18:44.2741109Z [1m[32m  Downloaded[0m form_urlencoded v1.2.2
2025-09-20T21:18:44.2748409Z [1m[32m  Downloaded[0m equivalent v1.0.2
2025-09-20T21:18:44.2757842Z [1m[32m  Downloaded[0m either v1.15.0
2025-09-20T21:18:44.2772373Z [1m[32m  Downloaded[0m duckscript v0.10.0
2025-09-20T21:18:44.2798921Z [1m[32m  Downloaded[0m bytes v1.10.1
2025-09-20T21:18:44.2839137Z [1m[32m  Downloaded[0m rustls-pki-types v1.12.0
2025-09-20T21:18:44.2884663Z [1m[32m  Downloaded[0m lenient_semver_version_builder v0.4.2
2025-09-20T21:18:44.2891335Z [1m[32m  Downloaded[0m evalexpr v11.3.1
2025-09-20T21:18:44.2928405Z [1m[32m  Downloaded[0m cargo_metadata v0.19.2
2025-09-20T21:18:44.2945811Z [1m[32m  Downloaded[0m attohttpc v0.28.5
2025-09-20T21:18:44.2991451Z [1m[32m  Downloaded[0m adler2 v2.0.1
2025-09-20T21:18:44.3002956Z [1m[32m  Downloaded[0m rustls v0.23.32
2025-09-20T21:18:44.3121715Z [1m[32m  Downloaded[0m run_script v0.11.0
2025-09-20T21:18:44.3138016Z [1m[32m  Downloaded[0m rand_core v0.9.3
2025-09-20T21:18:44.3151286Z [1m[32m  Downloaded[0m globset v0.4.16
2025-09-20T21:18:44.3164649Z [1m[32m  Downloaded[0m fnv v1.0.7
2025-09-20T21:18:44.3173017Z [1m[32m  Downloaded[0m fastrand v2.3.0
2025-09-20T21:18:44.3184888Z [1m[32m  Downloaded[0m crossbeam-deque v0.8.6
2025-09-20T21:18:44.3198132Z [1m[32m  Downloaded[0m cc v1.2.38
2025-09-20T21:18:44.3226197Z [1m[32m  Downloaded[0m regex v1.11.2
2025-09-20T21:18:44.3295337Z [1m[32m  Downloaded[0m quote v1.0.40
2025-09-20T21:18:44.3320528Z [1m[32m  Downloaded[0m futures-core v0.3.31
2025-09-20T21:18:44.3333506Z [1m[32m  Downloaded[0m dirs-next v2.0.0
2025-09-20T21:18:44.3344118Z [1m[32m  Downloaded[0m ctrlc v3.5.0
2025-09-20T21:18:44.3364251Z [1m[32m  Downloaded[0m crypto-common v0.1.6
2025-09-20T21:18:44.3372737Z [1m[32m  Downloaded[0m block-buffer v0.10.4
2025-09-20T21:18:44.3382547Z [1m[32m  Downloaded[0m bitflags v2.9.4
2025-09-20T21:18:44.3423844Z [1m[32m  Downloaded[0m ryu v1.0.20
2025-09-20T21:18:44.3453887Z [1m[32m  Downloaded[0m fern v0.7.1
2025-09-20T21:18:44.3496246Z [1m[32m  Downloaded[0m aho-corasick v1.1.3
2025-09-20T21:18:44.3548278Z [1m[32m  Downloaded[0m parking v2.2.1
2025-09-20T21:18:44.3558489Z [1m[32m  Downloaded[0m idna v1.1.0
2025-09-20T21:18:44.3593479Z [1m[32m  Downloaded[0m icu_properties_data v2.0.1
2025-09-20T21:18:44.3692786Z [1m[32m  Downloaded[0m memchr v2.7.5
2025-09-20T21:18:44.3745632Z [1m[32m  Downloaded[0m hashbrown v0.12.3
2025-09-20T21:18:44.3784703Z [1m[32m  Downloaded[0m duckscriptsdk v0.11.1
2025-09-20T21:18:44.4288935Z [1m[32m  Downloaded[0m base64 v0.22.1
2025-09-20T21:18:44.4339624Z [1m[32m  Downloaded[0m miniz_oxide v0.8.9
2025-09-20T21:18:44.4373883Z [1m[32m  Downloaded[0m indexmap v1.9.3
2025-09-20T21:18:44.4416062Z [1m[32m  Downloaded[0m icu_normalizer v2.0.0
2025-09-20T21:18:44.4462307Z [1m[32m  Downloaded[0m flate2 v1.1.2
2025-09-20T21:18:44.4530779Z [1m[32m  Downloaded[0m crossbeam-utils v0.8.21
2025-09-20T21:18:44.4565799Z [1m[32m  Downloaded[0m crc32fast v1.5.0
2025-09-20T21:18:44.4591570Z [1m[32m  Downloaded[0m percent-encoding v2.3.2
2025-09-20T21:18:44.4601009Z [1m[32m  Downloaded[0m iana-time-zone v0.1.64
2025-09-20T21:18:44.4637593Z [1m[32m  Downloaded[0m getrandom v0.2.16
2025-09-20T21:18:44.4678176Z [1m[32m  Downloaded[0m fs_extra v1.3.0
2025-09-20T21:18:44.4700181Z [1m[32m  Downloaded[0m colored v2.2.0
2025-09-20T21:18:44.4736480Z [1m[32m  Downloaded[0m bzip2 v0.5.2
2025-09-20T21:18:44.4759356Z [1m[32m  Downloaded[0m cfg-if v1.0.3
2025-09-20T21:18:44.4776251Z [1m[32m  Downloaded[0m cargo-platform v0.1.9
2025-09-20T21:18:44.4791572Z [1m[32m  Downloaded[0m thiserror v2.0.16
2025-09-20T21:18:44.4881115Z [1m[32m  Downloaded[0m strip-ansi-escapes v0.2.1
2025-09-20T21:18:44.4895370Z [1m[32m  Downloaded[0m smallvec v1.15.1
2025-09-20T21:18:44.4949483Z [1m[32m  Downloaded[0m rustls-webpki v0.103.6
2025-09-20T21:18:44.4975908Z [1m[32m  Downloaded[0m rand v0.9.2
2025-09-20T21:18:44.5663763Z [1m[32m   Compiling[0m proc-macro2 v1.0.101
2025-09-20T21:18:44.5666813Z [1m[32m   Compiling[0m unicode-ident v1.0.19
2025-09-20T21:18:44.5667305Z [1m[32m   Compiling[0m cfg-if v1.0.3
2025-09-20T21:18:44.5667613Z [1m[32m   Compiling[0m libc v0.2.175
2025-09-20T21:18:44.5986584Z [1m[32m   Compiling[0m serde_core v1.0.225
2025-09-20T21:18:44.6294293Z [1m[32m   Compiling[0m memchr v2.7.5
2025-09-20T21:18:45.2684609Z [1m[32m   Compiling[0m stable_deref_trait v1.2.0
2025-09-20T21:18:45.3035426Z [1m[32m   Compiling[0m shlex v1.3.0
2025-09-20T21:18:45.4259873Z [1m[32m   Compiling[0m find-msvc-tools v0.1.2
2025-09-20T21:18:45.5936047Z [1m[32m   Compiling[0m cc v1.2.38
2025-09-20T21:18:45.8511537Z [1m[32m   Compiling[0m quote v1.0.40
2025-09-20T21:18:46.0909144Z [1m[32m   Compiling[0m syn v2.0.106
2025-09-20T21:18:46.9676217Z [1m[32m   Compiling[0m zerocopy v0.8.27
2025-09-20T21:18:46.9896747Z [1m[32m   Compiling[0m getrandom v0.3.3
2025-09-20T21:18:47.1680509Z [1m[32m   Compiling[0m serde v1.0.225
2025-09-20T21:18:47.3207822Z [1m[32m   Compiling[0m autocfg v1.5.0
2025-09-20T21:18:47.7691897Z [1m[32m   Compiling[0m aho-corasick v1.1.3
2025-09-20T21:18:47.8021064Z [1m[32m   Compiling[0m litemap v0.8.0
2025-09-20T21:18:48.0063620Z [1m[32m   Compiling[0m regex-syntax v0.8.6
2025-09-20T21:18:49.1779992Z [1m[32m   Compiling[0m ppv-lite86 v0.2.21
2025-09-20T21:18:49.5386168Z [1m[32m   Compiling[0m synstructure v0.13.2
2025-09-20T21:18:50.0795816Z [1m[32m   Compiling[0m writeable v0.6.1
2025-09-20T21:18:50.3597130Z [1m[32m   Compiling[0m regex-automata v0.4.10
2025-09-20T21:18:51.3567500Z [1m[32m   Compiling[0m rand_core v0.9.3
2025-09-20T21:18:51.4753211Z [1m[32m   Compiling[0m zerofrom-derive v0.1.6
2025-09-20T21:18:51.5562553Z [1m[32m   Compiling[0m yoke-derive v0.8.0
2025-09-20T21:18:52.4579947Z [1m[32m   Compiling[0m displaydoc v0.2.5
2025-09-20T21:18:52.6851590Z [1m[32m   Compiling[0m zerofrom v0.1.6
2025-09-20T21:18:52.7647402Z [1m[32m   Compiling[0m yoke v0.8.0
2025-09-20T21:18:52.9197085Z [1m[32m   Compiling[0m zerovec-derive v0.11.1
2025-09-20T21:18:52.9287817Z [1m[32m   Compiling[0m serde_derive v1.0.225
2025-09-20T21:18:52.9345261Z [1m[32m   Compiling[0m zerotrie v0.2.2
2025-09-20T21:18:53.2537543Z [1m[32m   Compiling[0m getrandom v0.2.16
2025-09-20T21:18:53.4006052Z [1m[32m   Compiling[0m version_check v0.9.5
2025-09-20T21:18:53.6171983Z [1m[32m   Compiling[0m log v0.4.28
2025-09-20T21:18:53.7886260Z [1m[32m   Compiling[0m icu_normalizer_data v2.0.0
2025-09-20T21:18:53.8685152Z [1m[32m   Compiling[0m icu_properties_data v2.0.1
2025-09-20T21:18:53.9043177Z [1m[32m   Compiling[0m zerovec v0.11.4
2025-09-20T21:18:53.9526317Z [1m[32m   Compiling[0m typenum v1.18.0
2025-09-20T21:18:54.1702826Z [1m[32m   Compiling[0m generic-array v0.14.7
2025-09-20T21:18:54.2577423Z [1m[32m   Compiling[0m rand_chacha v0.9.0
2025-09-20T21:18:54.8432743Z [1m[32m   Compiling[0m ring v0.17.14
2025-09-20T21:18:55.0312251Z [1m[32m   Compiling[0m tinystr v0.8.1
2025-09-20T21:18:55.1883404Z [1m[32m   Compiling[0m icu_locale_core v2.0.0
2025-09-20T21:18:55.1970715Z [1m[32m   Compiling[0m potential_utf v0.1.3
2025-09-20T21:18:55.2918867Z [1m[32m   Compiling[0m icu_collections v2.0.0
2025-09-20T21:18:55.8005493Z [1m[32m   Compiling[0m zeroize v1.8.1
2025-09-20T21:18:55.9190906Z [1m[32m   Compiling[0m icu_provider v2.0.0
2025-09-20T21:18:56.2172968Z [1m[32m   Compiling[0m crc32fast v1.5.0
2025-09-20T21:18:56.7420068Z [1m[32m   Compiling[0m rustls-pki-types v1.12.0
2025-09-20T21:18:57.3142214Z [1m[32m   Compiling[0m rand v0.9.2
2025-09-20T21:18:57.8737688Z [1m[32m   Compiling[0m thiserror v2.0.16
2025-09-20T21:18:58.0345121Z [1m[32m   Compiling[0m pkg-config v0.3.32
2025-09-20T21:18:58.1034084Z [1m[32m   Compiling[0m smallvec v1.15.1
2025-09-20T21:18:58.3638100Z [1m[32m   Compiling[0m hashbrown v0.16.0
2025-09-20T21:18:58.4725103Z [1m[32m   Compiling[0m crossbeam-utils v0.8.21
2025-09-20T21:18:58.6240773Z [1m[32m   Compiling[0m equivalent v1.0.2
2025-09-20T21:18:58.6656198Z [1m[32m   Compiling[0m bzip2-sys v0.1.13+1.0.8
2025-09-20T21:18:58.7930707Z [1m[32m   Compiling[0m icu_normalizer v2.0.0
2025-09-20T21:18:58.9108428Z [1m[32m   Compiling[0m indexmap v2.11.4
2025-09-20T21:18:59.7280275Z [1m[32m   Compiling[0m fsio v0.4.1
2025-09-20T21:19:00.1650605Z [1m[32m   Compiling[0m icu_properties v2.0.1
2025-09-20T21:19:00.7862809Z [1m[32m   Compiling[0m regex v1.11.2
2025-09-20T21:19:01.5223273Z [1m[32m   Compiling[0m thiserror-impl v2.0.16
2025-09-20T21:19:01.6010455Z [1m[32m   Compiling[0m semver v1.0.27
2025-09-20T21:19:02.1331309Z [1m[32m   Compiling[0m num-traits v0.2.19
2025-09-20T21:19:02.2479806Z [1m[32m   Compiling[0m untrusted v0.9.0
2025-09-20T21:19:02.3191407Z [1m[32m   Compiling[0m adler2 v2.0.1
2025-09-20T21:19:02.4039493Z [1m[32m   Compiling[0m bitflags v2.9.4
2025-09-20T21:19:02.6622227Z [1m[32m   Compiling[0m once_cell v1.21.3
2025-09-20T21:19:02.8288826Z [1m[32m   Compiling[0m itoa v1.0.15
2025-09-20T21:19:02.8854803Z [1m[32m   Compiling[0m miniz_oxide v0.8.9
2025-09-20T21:19:03.4143171Z [1m[32m   Compiling[0m idna_adapter v1.2.1
2025-09-20T21:19:03.8837650Z [1m[32m   Compiling[0m indexmap v1.9.3
2025-09-20T21:19:03.9404483Z [1m[32m   Compiling[0m powerfmt v0.2.0
2025-09-20T21:19:03.9792743Z [1m[32m   Compiling[0m serde_json v1.0.145
2025-09-20T21:19:04.0556616Z [1m[32m   Compiling[0m cfg_aliases v0.2.1
2025-09-20T21:19:04.0595489Z [1m[32m   Compiling[0m utf8_iter v1.0.4
2025-09-20T21:19:04.0861060Z [1m[32m   Compiling[0m rustix v0.38.44
2025-09-20T21:19:04.1373357Z [1m[32m   Compiling[0m percent-encoding v2.3.2
2025-09-20T21:19:04.2360871Z [1m[32m   Compiling[0m rustls v0.23.32
2025-09-20T21:19:04.2997884Z [1m[32m   Compiling[0m form_urlencoded v1.2.2
2025-09-20T21:19:04.3089691Z [1m[32m   Compiling[0m idna v1.1.0
2025-09-20T21:19:04.4451900Z [1m[32m   Compiling[0m nix v0.30.1
2025-09-20T21:19:04.7147872Z [1m[32m   Compiling[0m deranged v0.5.3
2025-09-20T21:19:05.7847915Z [1m[32m   Compiling[0m crossbeam-epoch v0.9.18
2025-09-20T21:19:06.0815630Z [1m[32m   Compiling[0m lazy-regex-proc_macros v3.4.1
2025-09-20T21:19:06.0956741Z [1m[32m   Compiling[0m flate2 v1.1.2
2025-09-20T21:19:06.5769037Z [1m[32m   Compiling[0m crypto-common v0.1.6
2025-09-20T21:19:06.6358047Z [1m[32m   Compiling[0m block-buffer v0.10.4
2025-09-20T21:19:06.6980730Z [1m[32m   Compiling[0m webpki-roots v1.0.2
2025-09-20T21:19:06.7623727Z [1m[32m   Compiling[0m rand_core v0.6.4
2025-09-20T21:19:06.8871442Z [1m[32m   Compiling[0m bstr v1.12.0
2025-09-20T21:19:07.2488360Z [1m[32m   Compiling[0m iana-time-zone v0.1.64
2025-09-20T21:19:07.4390676Z [1m[32m   Compiling[0m linux-raw-sys v0.4.15
2025-09-20T21:19:07.5603082Z [1m[32m   Compiling[0m futures-io v0.3.31
2025-09-20T21:19:07.6605558Z [1m[32m   Compiling[0m time-core v0.1.6
2025-09-20T21:19:07.7660320Z [1m[32m   Compiling[0m ryu v1.0.20
2025-09-20T21:19:07.8230661Z [1m[32m   Compiling[0m fastrand v2.3.0
2025-09-20T21:19:07.9424161Z [1m[32m   Compiling[0m subtle v2.6.1
2025-09-20T21:19:08.0277276Z [1m[32m   Compiling[0m hashbrown v0.12.3
2025-09-20T21:19:08.0508082Z [1m[32m   Compiling[0m camino v1.2.0
2025-09-20T21:19:08.2129111Z [1m[32m   Compiling[0m parking v2.2.1
2025-09-20T21:19:08.3006128Z [1m[32m   Compiling[0m rustversion v1.0.22
2025-09-20T21:19:08.4360756Z [1m[32m   Compiling[0m pin-project-lite v0.2.16
2025-09-20T21:19:08.4659522Z [1m[32m   Compiling[0m simd-adler32 v0.3.7
2025-09-20T21:19:08.5960984Z [1m[32m   Compiling[0m bytes v1.10.1
2025-09-20T21:19:08.6767045Z [1m[32m   Compiling[0m fnv v1.0.7
2025-09-20T21:19:08.7075936Z [1m[32m   Compiling[0m either v1.15.0
2025-09-20T21:19:08.8754909Z [1m[32m   Compiling[0m same-file v1.0.6
2025-09-20T21:19:08.9580677Z [1m[32m   Compiling[0m num-conv v0.1.0
2025-09-20T21:19:09.0537564Z [1m[32m   Compiling[0m lazy_static v1.5.0
2025-09-20T21:19:09.0912246Z [1m[32m   Compiling[0m bumpalo v3.19.0
2025-09-20T21:19:09.1795077Z [1m[32m   Compiling[0m zip v2.4.2
2025-09-20T21:19:09.2380910Z [1m[32m   Compiling[0m futures-core v0.3.31
2025-09-20T21:19:09.2603337Z [1m[32m   Compiling[0m zopfli v0.8.2
2025-09-20T21:19:09.2888219Z [1m[32m   Compiling[0m futures-lite v2.6.1
2025-09-20T21:19:09.8394836Z [1m[32m   Compiling[0m http v1.3.1
2025-09-20T21:19:10.0107360Z [1m[32m   Compiling[0m time v0.3.44
2025-09-20T21:19:10.4155910Z [1m[32m   Compiling[0m walkdir v2.5.0
2025-09-20T21:19:12.0209880Z [1m[32m   Compiling[0m chrono v0.4.42
2025-09-20T21:19:12.6351698Z [1m[32m   Compiling[0m globset v0.4.16
2025-09-20T21:19:13.8602657Z [1m[32m   Compiling[0m rand_chacha v0.3.1
2025-09-20T21:19:13.9135159Z [1m[32m   Compiling[0m webpki-roots v0.26.11
2025-09-20T21:19:13.9364989Z [1m[32m   Compiling[0m digest v0.10.7
2025-09-20T21:19:14.0435195Z [1m[32m   Compiling[0m lazy-regex v3.4.1
2025-09-20T21:19:14.0682309Z [1m[32m   Compiling[0m crossbeam-deque v0.8.6
2025-09-20T21:19:14.1811044Z [1m[32m   Compiling[0m url v2.5.7
2025-09-20T21:19:14.2640937Z [1m[32m   Compiling[0m lenient_semver_version_builder v0.4.2
2025-09-20T21:19:14.4780515Z [1m[32m   Compiling[0m serde_spanned v0.6.9
2025-09-20T21:19:14.5304248Z [1m[32m   Compiling[0m toml_datetime v0.6.11
2025-09-20T21:19:14.7056538Z [1m[32m   Compiling[0m encoding_rs v0.8.35
2025-09-20T21:19:15.2823975Z [1m[32m   Compiling[0m winnow v0.7.13
2025-09-20T21:19:16.6074633Z [1m[32m   Compiling[0m cpufeatures v0.2.17
2025-09-20T21:19:16.6307154Z [1m[32m   Compiling[0m home v0.5.11
2025-09-20T21:19:16.6829741Z [1m[32m   Compiling[0m toml_write v0.1.2
2025-09-20T21:19:16.7953944Z [1m[32m   Compiling[0m toml_edit v0.22.27
2025-09-20T21:19:16.9152821Z [1m[32m   Compiling[0m which v6.0.3
2025-09-20T21:19:17.1449736Z [1m[32m   Compiling[0m sha2 v0.10.9
2025-09-20T21:19:17.7271927Z [1m[32m   Compiling[0m java-properties v2.0.0
2025-09-20T21:19:17.9856417Z [1m[32m   Compiling[0m lenient_semver_parser v0.4.2
2025-09-20T21:19:18.7289637Z [1m[32m   Compiling[0m ignore v0.4.23
2025-09-20T21:19:21.0376401Z [1m[32m   Compiling[0m suppaftp v6.3.0
2025-09-20T21:19:21.8180634Z [1m[32m   Compiling[0m rand v0.8.5
2025-09-20T21:19:22.1584884Z [1m[32m   Compiling[0m envmnt v0.10.4
2025-09-20T21:19:22.9202263Z [1m[32m   Compiling[0m colored v2.2.0
2025-09-20T21:19:23.0970964Z [1m[32m   Compiling[0m duckscript v0.10.0
2025-09-20T21:19:23.2080510Z [1m[32m   Compiling[0m cargo-platform v0.1.9
2025-09-20T21:19:23.4154389Z [1m[32m   Compiling[0m dirs-sys-next v0.1.2
2025-09-20T21:19:23.6319722Z [1m[32m   Compiling[0m num_cpus v1.17.0
2025-09-20T21:19:23.9021052Z [1m[32m   Compiling[0m uname v0.1.1
2025-09-20T21:19:23.9539128Z [1m[32m   Compiling[0m vte v0.14.1
2025-09-20T21:19:24.0458104Z [1m[32m   Compiling[0m glob v0.3.3
2025-09-20T21:19:24.0909601Z [1m[32m   Compiling[0m base64 v0.22.1
2025-09-20T21:19:24.3385293Z [1m[32m   Compiling[0m fixedbitset v0.5.7
2025-09-20T21:19:24.5077347Z [1m[32m   Compiling[0m fs_extra v1.3.0
2025-09-20T21:19:24.5706596Z [1m[32m   Compiling[0m heck v0.5.0
2025-09-20T21:19:24.8253006Z [1m[32m   Compiling[0m whoami v1.6.1
2025-09-20T21:19:25.0011173Z [1m[32m   Compiling[0m evalexpr v11.3.1
2025-09-20T21:19:25.0384935Z [1m[32m   Compiling[0m strum_macros v0.26.4
2025-09-20T21:19:25.4030274Z [1m[32m   Compiling[0m bzip2 v0.5.2
2025-09-20T21:19:26.4276399Z [1m[32m   Compiling[0m petgraph v0.7.1
2025-09-20T21:19:26.6742010Z [1m[32m   Compiling[0m strip-ansi-escapes v0.2.1
2025-09-20T21:19:26.9920339Z [1m[32m   Compiling[0m dirs-next v2.0.0
2025-09-20T21:19:27.0661772Z [1m[32m   Compiling[0m cargo_metadata v0.19.2
2025-09-20T21:19:27.5032131Z [1m[32m   Compiling[0m rustls-webpki v0.103.6
2025-09-20T21:19:28.8080827Z [1m[32m   Compiling[0m ci_info v0.14.14
2025-09-20T21:19:29.2611046Z [1m[32m   Compiling[0m ctrlc v3.5.0
2025-09-20T21:19:29.3534902Z [1m[32m   Compiling[0m toml v0.8.23
2025-09-20T21:19:29.8248408Z [1m[32m   Compiling[0m lenient_semver v0.4.2
2025-09-20T21:19:29.9631815Z [1m[32m   Compiling[0m itertools v0.14.0
2025-09-20T21:19:31.1214037Z [1m[32m   Compiling[0m shell2batch v0.4.5
2025-09-20T21:19:31.6538940Z [1m[32m   Compiling[0m run_script v0.11.0
2025-09-20T21:19:31.7561040Z [1m[32m   Compiling[0m fern v0.7.1
2025-09-20T21:19:32.0665810Z [1m[32m   Compiling[0m serde_ignored v0.1.14
2025-09-20T21:19:32.2285718Z [1m[32m   Compiling[0m colored v3.0.0
2025-09-20T21:19:32.4693300Z [1m[32m   Compiling[0m rust_info v0.3.3
2025-09-20T21:19:32.5985840Z [1m[32m   Compiling[0m hex v0.4.3
2025-09-20T21:19:32.6368824Z [1m[32m   Compiling[0m git_info v0.1.3
2025-09-20T21:19:32.8621460Z [1m[32m   Compiling[0m attohttpc v0.28.5
2025-09-20T21:19:33.0321180Z [1m[32m   Compiling[0m cliparser v0.1.2
2025-09-20T21:19:33.3845475Z [1m[32m   Compiling[0m duckscriptsdk v0.11.1
2025-09-20T21:19:35.3141439Z [1m[32m   Compiling[0m cargo-make v0.37.24
2025-09-20T21:20:55.5030444Z [1m[32m    Finished[0m `release` profile [optimized] target(s) in 2m 12s
2025-09-20T21:20:55.5390859Z [1m[32m  Installing[0m /home/runner/.cargo/bin/cargo-make
2025-09-20T21:20:55.5391541Z [1m[32m  Installing[0m /home/runner/.cargo/bin/makers
2025-09-20T21:20:55.5392317Z [1m[32m   Installed[0m package `cargo-make v0.37.24` (executables `cargo-make`, `makers`)
