2025-09-20T21:20:55.6801588Z ##[group]Run taiki-e/install-action@nextest
2025-09-20T21:20:55.6801884Z with:
2025-09-20T21:20:55.6802042Z   tool: nextest
2025-09-20T21:20:55.6802213Z   checksum: true
2025-09-20T21:20:55.6802387Z   fallback: cargo-binstall
2025-09-20T21:20:55.6802592Z env:
2025-09-20T21:20:55.6802741Z   CARGO_TERM_COLOR: always
2025-09-20T21:20:55.6802931Z   RUST_BACKTRACE: full
2025-09-20T21:20:55.6803108Z   RUST_MIN_STACK: 40971520
2025-09-20T21:20:55.6803305Z   RUST_LOG: citadel=warn
2025-09-20T21:20:55.6803485Z   IN_CI: true
2025-09-20T21:20:55.6803653Z   CARGO_HOME: /home/runner/.cargo
2025-09-20T21:20:55.6803871Z   CARGO_INCREMENTAL: 0
2025-09-20T21:20:55.6804043Z ##[endgroup]
2025-09-20T21:20:55.6819031Z ##[group]Run set -eu
2025-09-20T21:20:55.6819268Z [36;1mset -eu[0m
2025-09-20T21:20:55.6819467Z [36;1mif ! command -v bash >/dev/null; then[0m
2025-09-20T21:20:55.6819771Z [36;1m  if grep -Eq '^ID=alpine' /etc/os-release; then[0m
2025-09-20T21:20:55.6820161Z [36;1m    printf '::group::Install packages required for install-action (bash)\n'[0m
2025-09-20T21:20:55.6820589Z [36;1m    # NB: sync with apk_install in main.sh[0m
2025-09-20T21:20:55.6820871Z [36;1m    if command -v sudo >/dev/null; then[0m
2025-09-20T21:20:55.6821132Z [36;1m      sudo apk --no-cache add bash[0m
2025-09-20T21:20:55.6821399Z [36;1m    elif command -v doas >/dev/null; then[0m
2025-09-20T21:20:55.6821656Z [36;1m      doas apk --no-cache add bash[0m
2025-09-20T21:20:55.6821885Z [36;1m    else[0m
2025-09-20T21:20:55.6822063Z [36;1m      apk --no-cache add bash[0m
2025-09-20T21:20:55.6822283Z [36;1m    fi[0m
2025-09-20T21:20:55.6822457Z [36;1m    printf '::endgroup::\n'[0m
2025-09-20T21:20:55.6822672Z [36;1m  else[0m
2025-09-20T21:20:55.6822891Z [36;1m    printf '::error::install-action requires bash\n'[0m
2025-09-20T21:20:55.6823156Z [36;1m    exit 1[0m
2025-09-20T21:20:55.6823324Z [36;1m  fi[0m
2025-09-20T21:20:55.6823474Z [36;1mfi[0m
2025-09-20T21:20:55.6845618Z shell: /usr/bin/sh -e {0}
2025-09-20T21:20:55.6845836Z env:
2025-09-20T21:20:55.6846004Z   CARGO_TERM_COLOR: always
2025-09-20T21:20:55.6846211Z   RUST_BACKTRACE: full
2025-09-20T21:20:55.6846394Z   RUST_MIN_STACK: 40971520
2025-09-20T21:20:55.6846588Z   RUST_LOG: citadel=warn
2025-09-20T21:20:55.6846970Z   IN_CI: true
2025-09-20T21:20:55.6847152Z   CARGO_HOME: /home/runner/.cargo
2025-09-20T21:20:55.6847362Z   CARGO_INCREMENTAL: 0
2025-09-20T21:20:55.6847545Z ##[endgroup]
2025-09-20T21:20:55.6919742Z ##[group]Run bash --noprofile --norc "${GITHUB_ACTION_PATH:?}/main.sh"
2025-09-20T21:20:55.6920169Z [36;1mbash --noprofile --norc "${GITHUB_ACTION_PATH:?}/main.sh"[0m
2025-09-20T21:20:55.6947794Z shell: /usr/bin/bash --noprofile --norc -e -o pipefail {0}
2025-09-20T21:20:55.6948095Z env:
2025-09-20T21:20:55.6948267Z   CARGO_TERM_COLOR: always
2025-09-20T21:20:55.6948473Z   RUST_BACKTRACE: full
2025-09-20T21:20:55.6949014Z   RUST_MIN_STACK: 40971520
2025-09-20T21:20:55.6949213Z   RUST_LOG: citadel=warn
2025-09-20T21:20:55.6949399Z   IN_CI: true
2025-09-20T21:20:55.6949587Z   CARGO_HOME: /home/runner/.cargo
2025-09-20T21:20:55.6949802Z   CARGO_INCREMENTAL: 0
2025-09-20T21:20:55.6949985Z   INPUT_TOOL: nextest
2025-09-20T21:20:55.6950163Z   INPUT_CHECKSUM: true
2025-09-20T21:20:55.6950363Z   INPUT_FALLBACK: cargo-binstall
2025-09-20T21:20:55.6951088Z   DEFAULT_GITHUB_TOKEN: ***
2025-09-20T21:20:55.6951354Z   ACTION_USER_AGENT: taiki-e/install-action (nextest)
2025-09-20T21:20:55.6951626Z ##[endgroup]
2025-09-20T21:20:55.7143948Z info: host platform: x86_64_linux
2025-09-20T21:20:55.9177483Z * Host crates.io:443 was resolved.
2025-09-20T21:20:55.9179228Z * IPv6: 2600:9000:2852:e400:c:7ed3:240:93a1, 2600:9000:2852:f600:c:7ed3:240:93a1, 2600:9000:2852:9600:c:7ed3:240:93a1, 2600:9000:2852:5200:c:7ed3:240:93a1, 2600:9000:2852:9800:c:7ed3:240:93a1, 2600:9000:2852:6800:c:7ed3:240:93a1, 2600:9000:2852:da00:c:7ed3:240:93a1, 2600:9000:2852:a000:c:7ed3:240:93a1
2025-09-20T21:20:55.9180503Z * IPv4: 3.169.149.43, 3.169.149.7, 3.169.149.97, 3.169.149.82
2025-09-20T21:20:55.9180821Z *   Trying 3.169.149.43:443...
2025-09-20T21:20:55.9200182Z * Connected to crates.io (3.169.149.43) port 443
2025-09-20T21:20:55.9215049Z * ALPN: curl offers h2,http/1.1
2025-09-20T21:20:55.9217317Z } [5 bytes data]
2025-09-20T21:20:55.9217744Z * TLSv1.3 (OUT), TLS handshake, Client hello (1):
2025-09-20T21:20:55.9218314Z } [512 bytes data]
2025-09-20T21:20:55.9432353Z *  CAfile: /etc/ssl/certs/ca-certificates.crt
2025-09-20T21:20:55.9432789Z *  CApath: /etc/ssl/certs
2025-09-20T21:20:55.9433048Z { [5 bytes data]
2025-09-20T21:20:55.9433325Z * TLSv1.3 (IN), TLS handshake, Server hello (2):
2025-09-20T21:20:55.9433651Z { [122 bytes data]
2025-09-20T21:20:55.9434291Z * TLSv1.3 (IN), TLS handshake, Encrypted Extensions (8):
2025-09-20T21:20:55.9434664Z { [19 bytes data]
2025-09-20T21:20:55.9434936Z * TLSv1.3 (IN), TLS handshake, Certificate (11):
2025-09-20T21:20:55.9435242Z { [3858 bytes data]
2025-09-20T21:20:55.9441563Z * TLSv1.3 (IN), TLS handshake, CERT verify (15):
2025-09-20T21:20:55.9441894Z { [264 bytes data]
2025-09-20T21:20:55.9442292Z * TLSv1.3 (IN), TLS handshake, Finished (20):
2025-09-20T21:20:55.9442627Z { [36 bytes data]
2025-09-20T21:20:55.9442953Z * TLSv1.3 (OUT), TLS change cipher, Change cipher spec (1):
2025-09-20T21:20:55.9443302Z } [1 bytes data]
2025-09-20T21:20:55.9443581Z * TLSv1.3 (OUT), TLS handshake, Finished (20):
2025-09-20T21:20:55.9444027Z } [36 bytes data]
2025-09-20T21:20:55.9444426Z * SSL connection using TLSv1.3 / TLS_AES_128_GCM_SHA256 / X25519 / RSASSA-PSS
2025-09-20T21:20:55.9444881Z * ALPN: server accepted h2
2025-09-20T21:20:55.9445188Z * Server certificate:
2025-09-20T21:20:55.9445518Z *  subject: CN=crates.io
2025-09-20T21:20:55.9445901Z *  start date: Nov 25 00:00:00 2024 GMT
2025-09-20T21:20:55.9446193Z *  expire date: Dec 24 23:59:59 2025 GMT
2025-09-20T21:20:55.9446561Z *  subjectAltName: host "crates.io" matched cert's "crates.io"
2025-09-20T21:20:55.9446898Z *  issuer: C=US; O=Amazon; CN=Amazon RSA 2048 M02
2025-09-20T21:20:55.9447155Z *  SSL certificate verify ok.
2025-09-20T21:20:55.9447562Z *   Certificate level 0: Public key type RSA (2048/112 Bits/secBits), signed using sha256WithRSAEncryption
2025-09-20T21:20:55.9448147Z *   Certificate level 1: Public key type RSA (2048/112 Bits/secBits), signed using sha256WithRSAEncryption
2025-09-20T21:20:55.9449279Z *   Certificate level 2: Public key type RSA (2048/112 Bits/secBits), signed using sha256WithRSAEncryption
2025-09-20T21:20:55.9449692Z } [5 bytes data]
2025-09-20T21:20:55.9449858Z * using HTTP/2
2025-09-20T21:20:55.9450164Z * [HTTP/2] [1] OPENED stream for https://crates.io/api/v1/crates/cargo-nextest
2025-09-20T21:20:55.9450494Z * [HTTP/2] [1] [:method: GET]
2025-09-20T21:20:55.9450701Z * [HTTP/2] [1] [:scheme: https]
2025-09-20T21:20:55.9450912Z * [HTTP/2] [1] [:authority: crates.io]
2025-09-20T21:20:55.9451178Z * [HTTP/2] [1] [:path: /api/v1/crates/cargo-nextest]
2025-09-20T21:20:55.9451481Z * [HTTP/2] [1] [user-agent: taiki-e/install-action (nextest)]
2025-09-20T21:20:55.9451761Z * [HTTP/2] [1] [accept: */*]
2025-09-20T21:20:55.9451959Z } [5 bytes data]
2025-09-20T21:20:55.9452144Z > GET /api/v1/crates/cargo-nextest HTTP/2
2025-09-20T21:20:55.9452376Z > Host: crates.io
2025-09-20T21:20:55.9452576Z > User-Agent: taiki-e/install-action (nextest)
2025-09-20T21:20:55.9452820Z > Accept: */*
2025-09-20T21:20:55.9452976Z > 
2025-09-20T21:20:55.9469442Z { [5 bytes data]
2025-09-20T21:20:55.9469905Z * TLSv1.3 (IN), TLS handshake, Newsession Ticket (4):
2025-09-20T21:20:55.9470320Z { [157 bytes data]
2025-09-20T21:20:56.0084143Z < HTTP/2 200 
2025-09-20T21:20:56.0084661Z < content-type: application/json
2025-09-20T21:20:56.0085009Z < content-length: 182668
2025-09-20T21:20:56.0085364Z < access-control-allow-origin: *
2025-09-20T21:20:56.0087385Z < content-security-policy: default-src 'self'; connect-src 'self' *.ingest.sentry.io https://docs.rs https://play.rust-lang.org https://static.crates.io; script-src 'self' 'unsafe-eval' 'sha256-n1+BB7Ckjcal1Pr7QNBh/dKRTtBQsIytFodRiIosXdE=' 'sha256-dbf9FMl76C7BnK1CC3eWb3pvsQAUaTYSHAlBy9tNTG0='; style-src 'self' 'unsafe-inline' https://code.cdn.mozilla.net; font-src https://code.cdn.mozilla.net; img-src *; object-src 'none'
2025-09-20T21:20:56.0090029Z < date: Sat, 20 Sep 2025 21:20:55 GMT
2025-09-20T21:20:56.0090508Z < nel: {"report_to":"heroku-nel","response_headers":["Via"],"max_age":3600,"success_fraction":0.01,"failure_fraction":0.1}
2025-09-20T21:20:56.0091799Z < report-to: {"group":"heroku-nel","endpoints":[{"url":"https://nel.heroku.com/reports?s=27KddH%2F336QaH2M5qUQZUOYE8BKHjUgwfG2RxqLZWkM%3D\u0026sid=af571f24-03ee-46d1-9f90-ab9030c2c74c\u0026ts=1758403255"}],"max_age":3600}
2025-09-20T21:20:56.0093233Z < reporting-endpoints: heroku-nel="https://nel.heroku.com/reports?s=27KddH%2F336QaH2M5qUQZUOYE8BKHjUgwfG2RxqLZWkM%3D&sid=af571f24-03ee-46d1-9f90-ab9030c2c74c&ts=1758403255"
2025-09-20T21:20:56.0093941Z < server: Heroku
2025-09-20T21:20:56.0094222Z < strict-transport-security: max-age=31536000; includeSubDomains
2025-09-20T21:20:56.0094865Z < via: 1.1 heroku-router, 1.1 35f709102d463fb846b7d66f9b96dcce.cloudfront.net (CloudFront)
2025-09-20T21:20:56.0095290Z < x-content-type-options: nosniff
2025-09-20T21:20:56.0095541Z < x-frame-options: SAMEORIGIN
2025-09-20T21:20:56.0095767Z < x-xss-protection: 0
2025-09-20T21:20:56.0096004Z < vary: Accept,Accept-Encoding,Cookie
2025-09-20T21:20:56.0096265Z < x-cache: Miss from cloudfront
2025-09-20T21:20:56.0096508Z < x-amz-cf-pop: ORD58-P11
2025-09-20T21:20:56.0096852Z < x-amz-cf-id: OhjnaPxEBuNGhD9ENMrhzAe8-OYLsF-C0f8dAN7iXbMU23Fo3Mk37w==
2025-09-20T21:20:56.0097375Z < 
2025-09-20T21:20:56.0097537Z { [15234 bytes data]
2025-09-20T21:20:56.0767332Z * Connection #0 to host crates.io left intact
2025-09-20T21:20:56.1032179Z info: installing cargo-nextest@latest
2025-09-20T21:20:56.1235678Z info: downloading https://github.com/nextest-rs/nextest/releases/download/cargo-nextest-0.9.104/cargo-nextest-0.9.104-x86_64-unknown-linux-gnu.tar.gz
2025-09-20T21:20:56.3190383Z info: verifying sha256 checksum for cargo-nextest-0.9.104-x86_64-unknown-linux-gnu.tar.gz
2025-09-20T21:20:56.5005836Z info: cargo-nextest installed at /home/runner/.cargo/bin/cargo-nextest
2025-09-20T21:20:56.5008956Z + cargo-nextest nextest --version
2025-09-20T21:20:56.5027449Z cargo-nextest 0.9.104 (87857ddf2 2025-09-15)
2025-09-20T21:20:56.5028185Z release: 0.9.104
2025-09-20T21:20:56.5028479Z commit-hash: 87857ddf299a42c9cb5822422aeba77bd8fb74e8
2025-09-20T21:20:56.5029110Z commit-date: 2025-09-15
2025-09-20T21:20:56.5029344Z host: x86_64-unknown-linux-gnu
2025-09-20T21:20:56.5031280Z 
