2025-09-20T21:21:12.8989029Z ##[group]Run taiki-e/install-action@nextest
2025-09-20T21:21:12.8989534Z with:
2025-09-20T21:21:12.8989694Z   tool: nextest
2025-09-20T21:21:12.8989865Z   checksum: true
2025-09-20T21:21:12.8990038Z   fallback: cargo-binstall
2025-09-20T21:21:12.8990228Z env:
2025-09-20T21:21:12.8990378Z   CARGO_TERM_COLOR: always
2025-09-20T21:21:12.8990571Z   RUST_BACKTRACE: full
2025-09-20T21:21:12.8990753Z   RUST_MIN_STACK: 40971520
2025-09-20T21:21:12.8990934Z   RUST_LOG: citadel=warn
2025-09-20T21:21:12.8991325Z   IN_CI: true
2025-09-20T21:21:12.8991535Z   MYSQL_HOME: /tmp/actions-setup-mysql-OVJVtI/etc
2025-09-20T21:21:12.8991908Z   LIBMYSQL_PLUGIN_DIR: /opt/hostedtoolcache/mysql/8.0.42/x64/lib/plugin
2025-09-20T21:21:12.8992241Z   CARGO_HOME: /home/runner/.cargo
2025-09-20T21:21:12.8992457Z   CARGO_INCREMENTAL: 0
2025-09-20T21:21:12.8992630Z ##[endgroup]
2025-09-20T21:21:12.9019937Z ##[group]Run set -eu
2025-09-20T21:21:12.9020188Z [36;1mset -eu[0m
2025-09-20T21:21:12.9020416Z [36;1mif ! command -v bash >/dev/null; then[0m
2025-09-20T21:21:12.9020817Z [36;1m  if grep -Eq '^ID=alpine' /etc/os-release; then[0m
2025-09-20T21:21:12.9021227Z [36;1m    printf '::group::Install packages required for install-action (bash)\n'[0m
2025-09-20T21:21:12.9021606Z [36;1m    # NB: sync with apk_install in main.sh[0m
2025-09-20T21:21:12.9021883Z [36;1m    if command -v sudo >/dev/null; then[0m
2025-09-20T21:21:12.9022147Z [36;1m      sudo apk --no-cache add bash[0m
2025-09-20T21:21:12.9022421Z [36;1m    elif command -v doas >/dev/null; then[0m
2025-09-20T21:21:12.9022697Z [36;1m      doas apk --no-cache add bash[0m
2025-09-20T21:21:12.9022937Z [36;1m    else[0m
2025-09-20T21:21:12.9023119Z [36;1m      apk --no-cache add bash[0m
2025-09-20T21:21:12.9023332Z [36;1m    fi[0m
2025-09-20T21:21:12.9023513Z [36;1m    printf '::endgroup::\n'[0m
2025-09-20T21:21:12.9023727Z [36;1m  else[0m
2025-09-20T21:21:12.9023945Z [36;1m    printf '::error::install-action requires bash\n'[0m
2025-09-20T21:21:12.9024218Z [36;1m    exit 1[0m
2025-09-20T21:21:12.9024389Z [36;1m  fi[0m
2025-09-20T21:21:12.9024544Z [36;1mfi[0m
2025-09-20T21:21:12.9046685Z shell: /usr/bin/sh -e {0}
2025-09-20T21:21:12.9046889Z env:
2025-09-20T21:21:12.9047049Z   CARGO_TERM_COLOR: always
2025-09-20T21:21:12.9047240Z   RUST_BACKTRACE: full
2025-09-20T21:21:12.9047422Z   RUST_MIN_STACK: 40971520
2025-09-20T21:21:12.9047601Z   RUST_LOG: citadel=warn
2025-09-20T21:21:12.9047779Z   IN_CI: true
2025-09-20T21:21:12.9047982Z   MYSQL_HOME: /tmp/actions-setup-mysql-OVJVtI/etc
2025-09-20T21:21:12.9048349Z   LIBMYSQL_PLUGIN_DIR: /opt/hostedtoolcache/mysql/8.0.42/x64/lib/plugin
2025-09-20T21:21:12.9048675Z   CARGO_HOME: /home/runner/.cargo
2025-09-20T21:21:12.9048879Z   CARGO_INCREMENTAL: 0
2025-09-20T21:21:12.9049055Z ##[endgroup]
2025-09-20T21:21:12.9105852Z ##[group]Run bash --noprofile --norc "${GITHUB_ACTION_PATH:?}/main.sh"
2025-09-20T21:21:12.9106272Z [36;1mbash --noprofile --norc "${GITHUB_ACTION_PATH:?}/main.sh"[0m
2025-09-20T21:21:12.9134124Z shell: /usr/bin/bash --noprofile --norc -e -o pipefail {0}
2025-09-20T21:21:12.9134436Z env:
2025-09-20T21:21:12.9134600Z   CARGO_TERM_COLOR: always
2025-09-20T21:21:12.9134802Z   RUST_BACKTRACE: full
2025-09-20T21:21:12.9134985Z   RUST_MIN_STACK: 40971520
2025-09-20T21:21:12.9135165Z   RUST_LOG: citadel=warn
2025-09-20T21:21:12.9135349Z   IN_CI: true
2025-09-20T21:21:12.9135552Z   MYSQL_HOME: /tmp/actions-setup-mysql-OVJVtI/etc
2025-09-20T21:21:12.9135912Z   LIBMYSQL_PLUGIN_DIR: /opt/hostedtoolcache/mysql/8.0.42/x64/lib/plugin
2025-09-20T21:21:12.9136236Z   CARGO_HOME: /home/runner/.cargo
2025-09-20T21:21:12.9136450Z   CARGO_INCREMENTAL: 0
2025-09-20T21:21:12.9136624Z   INPUT_TOOL: nextest
2025-09-20T21:21:12.9136799Z   INPUT_CHECKSUM: true
2025-09-20T21:21:12.9136986Z   INPUT_FALLBACK: cargo-binstall
2025-09-20T21:21:12.9137380Z   DEFAULT_GITHUB_TOKEN: ***
2025-09-20T21:21:12.9137638Z   ACTION_USER_AGENT: taiki-e/install-action (nextest)
2025-09-20T21:21:12.9137897Z ##[endgroup]
2025-09-20T21:21:12.9330444Z info: host platform: x86_64_linux
2025-09-20T21:21:12.9636197Z * Host crates.io:443 was resolved.
2025-09-20T21:21:12.9637931Z * IPv6: 2600:9000:2852:200:c:7ed3:240:93a1, 2600:9000:2852:a000:c:7ed3:240:93a1, 2600:9000:2852:5400:c:7ed3:240:93a1, 2600:9000:2852:1600:c:7ed3:240:93a1, 2600:9000:2852:da00:c:7ed3:240:93a1, 2600:9000:2852:aa00:c:7ed3:240:93a1, 2600:9000:2852:e200:c:7ed3:240:93a1, 2600:9000:2852:ee00:c:7ed3:240:93a1
2025-09-20T21:21:12.9639406Z * IPv4: 3.169.149.7, 3.169.149.97, 3.169.149.43, 3.169.149.82
2025-09-20T21:21:12.9640087Z *   Trying 3.169.149.7:443...
2025-09-20T21:21:12.9654280Z * Connected to crates.io (3.169.149.7) port 443
2025-09-20T21:21:12.9668510Z * ALPN: curl offers h2,http/1.1
2025-09-20T21:21:12.9670657Z } [5 bytes data]
2025-09-20T21:21:12.9671133Z * TLSv1.3 (OUT), TLS handshake, Client hello (1):
2025-09-20T21:21:12.9671782Z } [512 bytes data]
2025-09-20T21:21:12.9885671Z *  CAfile: /etc/ssl/certs/ca-certificates.crt
2025-09-20T21:21:12.9886211Z *  CApath: /etc/ssl/certs
2025-09-20T21:21:12.9886587Z { [5 bytes data]
2025-09-20T21:21:12.9886936Z * TLSv1.3 (IN), TLS handshake, Server hello (2):
2025-09-20T21:21:12.9887388Z { [122 bytes data]
2025-09-20T21:21:12.9887894Z * TLSv1.3 (IN), TLS handshake, Encrypted Extensions (8):
2025-09-20T21:21:12.9888380Z { [19 bytes data]
2025-09-20T21:21:12.9888730Z * TLSv1.3 (IN), TLS handshake, Certificate (11):
2025-09-20T21:21:12.9889412Z { [3858 bytes data]
2025-09-20T21:21:12.9896260Z * TLSv1.3 (IN), TLS handshake, CERT verify (15):
2025-09-20T21:21:12.9897101Z { [264 bytes data]
2025-09-20T21:21:12.9897565Z * TLSv1.3 (IN), TLS handshake, Finished (20):
2025-09-20T21:21:12.9898107Z { [36 bytes data]
2025-09-20T21:21:12.9898588Z * TLSv1.3 (OUT), TLS change cipher, Change cipher spec (1):
2025-09-20T21:21:12.9899344Z } [1 bytes data]
2025-09-20T21:21:12.9899727Z * TLSv1.3 (OUT), TLS handshake, Finished (20):
2025-09-20T21:21:12.9900232Z } [36 bytes data]
2025-09-20T21:21:12.9900846Z * SSL connection using TLSv1.3 / TLS_AES_128_GCM_SHA256 / X25519 / RSASSA-PSS
2025-09-20T21:21:12.9901349Z * ALPN: server accepted h2
2025-09-20T21:21:12.9901635Z * Server certificate:
2025-09-20T21:21:12.9901889Z *  subject: CN=crates.io
2025-09-20T21:21:12.9902165Z *  start date: Nov 25 00:00:00 2024 GMT
2025-09-20T21:21:12.9902486Z *  expire date: Dec 24 23:59:59 2025 GMT
2025-09-20T21:21:12.9902886Z *  subjectAltName: host "crates.io" matched cert's "crates.io"
2025-09-20T21:21:12.9903330Z *  issuer: C=US; O=Amazon; CN=Amazon RSA 2048 M02
2025-09-20T21:21:12.9903686Z *  SSL certificate verify ok.
2025-09-20T21:21:12.9904218Z *   Certificate level 0: Public key type RSA (2048/112 Bits/secBits), signed using sha256WithRSAEncryption
2025-09-20T21:21:12.9905026Z *   Certificate level 1: Public key type RSA (2048/112 Bits/secBits), signed using sha256WithRSAEncryption
2025-09-20T21:21:12.9905812Z *   Certificate level 2: Public key type RSA (2048/112 Bits/secBits), signed using sha256WithRSAEncryption
2025-09-20T21:21:12.9906353Z } [5 bytes data]
2025-09-20T21:21:12.9906578Z * using HTTP/2
2025-09-20T21:21:12.9906977Z * [HTTP/2] [1] OPENED stream for https://crates.io/api/v1/crates/cargo-nextest
2025-09-20T21:21:12.9907422Z * [HTTP/2] [1] [:method: GET]
2025-09-20T21:21:12.9907702Z * [HTTP/2] [1] [:scheme: https]
2025-09-20T21:21:12.9907990Z * [HTTP/2] [1] [:authority: crates.io]
2025-09-20T21:21:12.9908345Z * [HTTP/2] [1] [:path: /api/v1/crates/cargo-nextest]
2025-09-20T21:21:12.9908767Z * [HTTP/2] [1] [user-agent: taiki-e/install-action (nextest)]
2025-09-20T21:21:12.9909342Z * [HTTP/2] [1] [accept: */*]
2025-09-20T21:21:12.9909614Z } [5 bytes data]
2025-09-20T21:21:12.9909881Z > GET /api/v1/crates/cargo-nextest HTTP/2
2025-09-20T21:21:12.9910200Z > Host: crates.io
2025-09-20T21:21:12.9910472Z > User-Agent: taiki-e/install-action (nextest)
2025-09-20T21:21:12.9910815Z > Accept: */*
2025-09-20T21:21:12.9911022Z > 
2025-09-20T21:21:12.9917003Z { [5 bytes data]
2025-09-20T21:21:12.9917349Z * TLSv1.3 (IN), TLS handshake, Newsession Ticket (4):
2025-09-20T21:21:12.9917624Z { [157 bytes data]
2025-09-20T21:21:13.0492267Z < HTTP/2 200 
2025-09-20T21:21:13.0492681Z < content-type: application/json
2025-09-20T21:21:13.0493233Z < content-length: 182668
2025-09-20T21:21:13.0493727Z < access-control-allow-origin: *
2025-09-20T21:21:13.0496541Z < content-security-policy: default-src 'self'; connect-src 'self' *.ingest.sentry.io https://docs.rs https://play.rust-lang.org https://static.crates.io; script-src 'self' 'unsafe-eval' 'sha256-n1+BB7Ckjcal1Pr7QNBh/dKRTtBQsIytFodRiIosXdE=' 'sha256-dbf9FMl76C7BnK1CC3eWb3pvsQAUaTYSHAlBy9tNTG0='; style-src 'self' 'unsafe-inline' https://code.cdn.mozilla.net; font-src https://code.cdn.mozilla.net; img-src *; object-src 'none'
2025-09-20T21:21:13.0498879Z < date: Sat, 20 Sep 2025 21:21:13 GMT
2025-09-20T21:21:13.0499686Z < nel: {"report_to":"heroku-nel","response_headers":["Via"],"max_age":3600,"success_fraction":0.01,"failure_fraction":0.1}
2025-09-20T21:21:13.0501027Z < report-to: {"group":"heroku-nel","endpoints":[{"url":"https://nel.heroku.com/reports?s=Wn%2FIwe1b66k%2FlCl8c0MOsZ%2Bo1xdIGU%2FAKd%2BT%2FCVFsGs%3D\u0026sid=af571f24-03ee-46d1-9f90-ab9030c2c74c\u0026ts=1758403273"}],"max_age":3600}
2025-09-20T21:21:13.0502683Z < reporting-endpoints: heroku-nel="https://nel.heroku.com/reports?s=Wn%2FIwe1b66k%2FlCl8c0MOsZ%2Bo1xdIGU%2FAKd%2BT%2FCVFsGs%3D&sid=af571f24-03ee-46d1-9f90-ab9030c2c74c&ts=1758403273"
2025-09-20T21:21:13.0503560Z < server: Heroku
2025-09-20T21:21:13.0503924Z < strict-transport-security: max-age=31536000; includeSubDomains
2025-09-20T21:21:13.0504541Z < via: 1.1 heroku-router, 1.1 164ba58e712490fe4916f878edc59be8.cloudfront.net (CloudFront)
2025-09-20T21:21:13.0504981Z < x-content-type-options: nosniff
2025-09-20T21:21:13.0505237Z < x-frame-options: SAMEORIGIN
2025-09-20T21:21:13.0505472Z < x-xss-protection: 0
2025-09-20T21:21:13.0505704Z < vary: Accept,Accept-Encoding,Cookie
2025-09-20T21:21:13.0505971Z < x-cache: Miss from cloudfront
2025-09-20T21:21:13.0506217Z < x-amz-cf-pop: ORD58-P11
2025-09-20T21:21:13.0506559Z < x-amz-cf-id: U1l0n65IOriWz-f383uBdZCsCR11JVpoeUJ6jtwbJuvsbtbqgY3oDQ==
2025-09-20T21:21:13.0506922Z < 
2025-09-20T21:21:13.0507082Z { [21469 bytes data]
2025-09-20T21:21:13.0958972Z * Connection #0 to host crates.io left intact
2025-09-20T21:21:13.1222991Z info: installing cargo-nextest@latest
2025-09-20T21:21:13.1415281Z info: downloading https://github.com/nextest-rs/nextest/releases/download/cargo-nextest-0.9.104/cargo-nextest-0.9.104-x86_64-unknown-linux-gnu.tar.gz
2025-09-20T21:21:13.2713919Z info: verifying sha256 checksum for cargo-nextest-0.9.104-x86_64-unknown-linux-gnu.tar.gz
2025-09-20T21:21:13.4448595Z info: cargo-nextest installed at /home/runner/.cargo/bin/cargo-nextest
2025-09-20T21:21:13.4451657Z + cargo-nextest nextest --version
2025-09-20T21:21:13.4470008Z cargo-nextest 0.9.104 (87857ddf2 2025-09-15)
2025-09-20T21:21:13.4470409Z release: 0.9.104
2025-09-20T21:21:13.4470725Z commit-hash: 87857ddf299a42c9cb5822422aeba77bd8fb74e8
2025-09-20T21:21:13.4471100Z commit-date: 2025-09-15
2025-09-20T21:21:13.4471374Z host: x86_64-unknown-linux-gnu
2025-09-20T21:21:13.4473865Z 
