2025-09-20T21:18:28.0816620Z ##[group]Run Avarok-Cybersecurity/gh-actions-deps@master
2025-09-20T21:18:28.0817200Z env:
2025-09-20T21:18:28.0817340Z   CARGO_TERM_COLOR: always
2025-09-20T21:18:28.0817490Z   RUST_BACKTRACE: full
2025-09-20T21:18:28.0817640Z   RUST_MIN_STACK: 40971520
2025-09-20T21:18:28.0817800Z   RUST_LOG: citadel=warn
2025-09-20T21:18:28.0817940Z   IN_CI: true
2025-09-20T21:18:28.0818060Z ##[endgroup]
2025-09-20T21:18:28.0916970Z ##[group]Run echo "OPENSSL_ROOT_DIR=/usr/local/opt/openssl@1.1" >> $GITHUB_ENV
2025-09-20T21:18:28.0917540Z [36;1mecho "OPENSSL_ROOT_DIR=/usr/local/opt/openssl@1.1" >> $GITHUB_ENV[0m
2025-09-20T21:18:28.0970480Z shell: /bin/bash --noprofile --norc -e -o pipefail {0}
2025-09-20T21:18:28.0970790Z env:
2025-09-20T21:18:28.0970920Z   CARGO_TERM_COLOR: always
2025-09-20T21:18:28.0971070Z   RUST_BACKTRACE: full
2025-09-20T21:18:28.0971220Z   RUST_MIN_STACK: 40971520
2025-09-20T21:18:28.0971360Z   RUST_LOG: citadel=warn
2025-09-20T21:18:28.0971500Z   IN_CI: true
2025-09-20T21:18:28.0971980Z ##[endgroup]
2025-09-20T21:18:28.1366820Z ##[group]Run actions/checkout@v2
2025-09-20T21:18:28.1367190Z with:
2025-09-20T21:18:28.1405250Z   repository: Avarok-Cybersecurity/Citadel-Protocol
2025-09-20T21:18:28.1406010Z   token: ***
2025-09-20T21:18:28.1406170Z   ssh-strict: true
2025-09-20T21:18:28.1406320Z   persist-credentials: true
2025-09-20T21:18:28.1406490Z   clean: true
2025-09-20T21:18:28.1406640Z   fetch-depth: 1
2025-09-20T21:18:28.1406760Z   lfs: false
2025-09-20T21:18:28.1406880Z   submodules: false
2025-09-20T21:18:28.1407020Z   set-safe-directory: true
2025-09-20T21:18:28.1407170Z env:
2025-09-20T21:18:28.1407290Z   CARGO_TERM_COLOR: always
2025-09-20T21:18:28.1407430Z   RUST_BACKTRACE: full
2025-09-20T21:18:28.1407570Z   RUST_MIN_STACK: 40971520
2025-09-20T21:18:28.1407710Z   RUST_LOG: citadel=warn
2025-09-20T21:18:28.1407840Z   IN_CI: true
2025-09-20T21:18:28.1407990Z   OPENSSL_ROOT_DIR: /usr/local/opt/openssl@1.1
2025-09-20T21:18:28.1408180Z ##[endgroup]
2025-09-20T21:18:28.4147050Z Syncing repository: Avarok-Cybersecurity/Citadel-Protocol
2025-09-20T21:18:28.4148090Z ##[group]Getting Git version info
2025-09-20T21:18:28.4148430Z Working directory is '/Users/runner/work/Citadel-Protocol/Citadel-Protocol'
2025-09-20T21:18:28.4148880Z [command]/opt/homebrew/bin/git version
2025-09-20T21:18:28.4363040Z git version 2.50.1
2025-09-20T21:18:28.4386080Z ##[endgroup]
2025-09-20T21:18:28.4392290Z Copying '/Users/runner/.gitconfig' to '/Users/runner/work/_temp/226943b3-8ab0-4dbe-a81f-d81a1f489c7c/.gitconfig'
2025-09-20T21:18:28.4398440Z Temporarily overriding HOME='/Users/runner/work/_temp/226943b3-8ab0-4dbe-a81f-d81a1f489c7c' before making global git config changes
2025-09-20T21:18:28.4399050Z Adding repository directory to the temporary git global config as a safe directory
2025-09-20T21:18:28.4401240Z [command]/opt/homebrew/bin/git config --global --add safe.directory /Users/runner/work/Citadel-Protocol/Citadel-Protocol
2025-09-20T21:18:28.4484680Z Deleting the contents of '/Users/runner/work/Citadel-Protocol/Citadel-Protocol'
2025-09-20T21:18:28.4487570Z ##[group]Initializing the repository
2025-09-20T21:18:28.4489320Z [command]/opt/homebrew/bin/git init /Users/runner/work/Citadel-Protocol/Citadel-Protocol
2025-09-20T21:18:28.4688300Z hint: Using 'master' as the name for the initial branch. This default branch name
2025-09-20T21:18:28.4689200Z hint: is subject to change. To configure the initial branch name to use in all
2025-09-20T21:18:28.4689720Z hint: of your new repositories, which will suppress this warning, call:
2025-09-20T21:18:28.4690090Z hint:
2025-09-20T21:18:28.4690420Z hint: 	git config --global init.defaultBranch <name>
2025-09-20T21:18:28.4690770Z hint:
2025-09-20T21:18:28.4691100Z hint: Names commonly chosen instead of 'master' are 'main', 'trunk' and
2025-09-20T21:18:28.4691590Z hint: 'development'. The just-created branch can be renamed via this command:
2025-09-20T21:18:28.4691910Z hint:
2025-09-20T21:18:28.4692160Z hint: 	git branch -m <name>
2025-09-20T21:18:28.4692450Z hint:
2025-09-20T21:18:28.4693340Z hint: Disable this message with "git config set advice.defaultBranchName false"
2025-09-20T21:18:28.4693830Z Initialized empty Git repository in /Users/runner/work/Citadel-Protocol/Citadel-Protocol/.git/
2025-09-20T21:18:28.4694530Z [command]/opt/homebrew/bin/git remote add origin https://github.com/Avarok-Cybersecurity/Citadel-Protocol
2025-09-20T21:18:28.4747580Z ##[endgroup]
2025-09-20T21:18:28.4747910Z ##[group]Disabling automatic garbage collection
2025-09-20T21:18:28.4749450Z [command]/opt/homebrew/bin/git config --local gc.auto 0
2025-09-20T21:18:28.4795480Z ##[endgroup]
2025-09-20T21:18:28.4795820Z ##[group]Setting up auth
2025-09-20T21:18:28.4798970Z [command]/opt/homebrew/bin/git config --local --name-only --get-regexp core\.sshCommand
2025-09-20T21:18:28.4842500Z [command]/opt/homebrew/bin/git submodule foreach --recursive sh -c "git config --local --name-only --get-regexp 'core\.sshCommand' && git config --local --unset-all 'core.sshCommand' || :"
2025-09-20T21:18:28.5480090Z [command]/opt/homebrew/bin/git config --local --name-only --get-regexp http\.https\:\/\/github\.com\/\.extraheader
2025-09-20T21:18:28.5522540Z [command]/opt/homebrew/bin/git submodule foreach --recursive sh -c "git config --local --name-only --get-regexp 'http\.https\:\/\/github\.com\/\.extraheader' && git config --local --unset-all 'http.https://github.com/.extraheader' || :"
2025-09-20T21:18:28.6855730Z [command]/opt/homebrew/bin/git config --local http.https://github.com/.extraheader AUTHORIZATION: basic ***
2025-09-20T21:18:28.6971470Z ##[endgroup]
2025-09-20T21:18:28.7074450Z ##[group]Fetching the repository
2025-09-20T21:18:28.7158130Z [command]/opt/homebrew/bin/git -c protocol.version=2 fetch --no-tags --prune --progress --no-recurse-submodules --depth=1 origin +7edf0bb75f061919add02f6d6a82672c0b2e9654:refs/remotes/pull/236/merge
2025-09-20T21:18:29.1790960Z remote: Enumerating objects: 421, done.        
2025-09-20T21:18:29.1791580Z remote: Counting objects:   0% (1/421)        
2025-09-20T21:18:29.1792200Z remote: Counting objects:   1% (5/421)        
2025-09-20T21:18:29.1792630Z remote: Counting objects:   2% (9/421)        
2025-09-20T21:18:29.1793030Z remote: Counting objects:   3% (13/421)        
2025-09-20T21:18:29.1793490Z remote: Counting objects:   4% (17/421)        
2025-09-20T21:18:29.1793870Z remote: Counting objects:   5% (22/421)        
2025-09-20T21:18:29.1794320Z remote: Counting objects:   6% (26/421)        
2025-09-20T21:18:29.1794730Z remote: Counting objects:   7% (30/421)        
2025-09-20T21:18:29.1795120Z remote: Counting objects:   8% (34/421)        
2025-09-20T21:18:29.1795530Z remote: Counting objects:   9% (38/421)        
2025-09-20T21:18:29.1795920Z remote: Counting objects:  10% (43/421)        
2025-09-20T21:18:29.1796340Z remote: Counting objects:  11% (47/421)        
2025-09-20T21:18:29.1796720Z remote: Counting objects:  12% (51/421)        
2025-09-20T21:18:29.1797110Z remote: Counting objects:  13% (55/421)        
2025-09-20T21:18:29.1797530Z remote: Counting objects:  14% (59/421)        
2025-09-20T21:18:29.1797930Z remote: Counting objects:  15% (64/421)        
2025-09-20T21:18:29.1798500Z remote: Counting objects:  16% (68/421)        
2025-09-20T21:18:29.1798890Z remote: Counting objects:  17% (72/421)        
2025-09-20T21:18:29.1799380Z remote: Counting objects:  18% (76/421)        
2025-09-20T21:18:29.1799780Z remote: Counting objects:  19% (80/421)        
2025-09-20T21:18:29.1800150Z remote: Counting objects:  20% (85/421)        
2025-09-20T21:18:29.1800880Z remote: Counting objects:  21% (89/421)        
2025-09-20T21:18:29.1801280Z remote: Counting objects:  22% (93/421)        
2025-09-20T21:18:29.1801680Z remote: Counting objects:  23% (97/421)        
2025-09-20T21:18:29.1802070Z remote: Counting objects:  24% (102/421)        
2025-09-20T21:18:29.1802490Z remote: Counting objects:  25% (106/421)        
2025-09-20T21:18:29.1802890Z remote: Counting objects:  26% (110/421)        
2025-09-20T21:18:29.1803280Z remote: Counting objects:  27% (114/421)        
2025-09-20T21:18:29.1804240Z remote: Counting objects:  28% (118/421)        
2025-09-20T21:18:29.1804660Z remote: Counting objects:  29% (123/421)        
2025-09-20T21:18:29.1805050Z remote: Counting objects:  30% (127/421)        
2025-09-20T21:18:29.1805440Z remote: Counting objects:  31% (131/421)        
2025-09-20T21:18:29.1805860Z remote: Counting objects:  32% (135/421)        
2025-09-20T21:18:29.1806250Z remote: Counting objects:  33% (139/421)        
2025-09-20T21:18:29.1806640Z remote: Counting objects:  34% (144/421)        
2025-09-20T21:18:29.1807020Z remote: Counting objects:  35% (148/421)        
2025-09-20T21:18:29.1807430Z remote: Counting objects:  36% (152/421)        
2025-09-20T21:18:29.1807900Z remote: Counting objects:  37% (156/421)        
2025-09-20T21:18:29.1808280Z remote: Counting objects:  38% (160/421)        
2025-09-20T21:18:29.1808690Z remote: Counting objects:  39% (165/421)        
2025-09-20T21:18:29.1809150Z remote: Counting objects:  40% (169/421)        
2025-09-20T21:18:29.1809840Z remote: Counting objects:  41% (173/421)        
2025-09-20T21:18:29.1810250Z remote: Counting objects:  42% (177/421)        
2025-09-20T21:18:29.1810660Z remote: Counting objects:  43% (182/421)        
2025-09-20T21:18:29.1811050Z remote: Counting objects:  44% (186/421)        
2025-09-20T21:18:29.1811430Z remote: Counting objects:  45% (190/421)        
2025-09-20T21:18:29.1811840Z remote: Counting objects:  46% (194/421)        
2025-09-20T21:18:29.1812230Z remote: Counting objects:  47% (198/421)        
2025-09-20T21:18:29.1812620Z remote: Counting objects:  48% (203/421)        
2025-09-20T21:18:29.1813010Z remote: Counting objects:  49% (207/421)        
2025-09-20T21:18:29.1813430Z remote: Counting objects:  50% (211/421)        
2025-09-20T21:18:29.1813800Z remote: Counting objects:  51% (215/421)        
2025-09-20T21:18:29.1814190Z remote: Counting objects:  52% (219/421)        
2025-09-20T21:18:29.1814590Z remote: Counting objects:  53% (224/421)        
2025-09-20T21:18:29.1815150Z remote: Counting objects:  54% (228/421)        
2025-09-20T21:18:29.1815550Z remote: Counting objects:  55% (232/421)        
2025-09-20T21:18:29.1815940Z remote: Counting objects:  56% (236/421)        
2025-09-20T21:18:29.1816350Z remote: Counting objects:  57% (240/421)        
2025-09-20T21:18:29.1816900Z remote: Counting objects:  58% (245/421)        
2025-09-20T21:18:29.1817280Z remote: Counting objects:  59% (249/421)        
2025-09-20T21:18:29.1817900Z remote: Counting objects:  60% (253/421)        
2025-09-20T21:18:29.1818280Z remote: Counting objects:  61% (257/421)        
2025-09-20T21:18:29.1818670Z remote: Counting objects:  62% (262/421)        
2025-09-20T21:18:29.1819070Z remote: Counting objects:  63% (266/421)        
2025-09-20T21:18:29.1819480Z remote: Counting objects:  64% (270/421)        
2025-09-20T21:18:29.1819950Z remote: Counting objects:  65% (274/421)        
2025-09-20T21:18:29.1820390Z remote: Counting objects:  66% (278/421)        
2025-09-20T21:18:29.1820830Z remote: Counting objects:  67% (283/421)        
2025-09-20T21:18:29.1821220Z remote: Counting objects:  68% (287/421)        
2025-09-20T21:18:29.1821610Z remote: Counting objects:  69% (291/421)        
2025-09-20T21:18:29.1822210Z remote: Counting objects:  70% (295/421)        
2025-09-20T21:18:29.1822610Z remote: Counting objects:  71% (299/421)        
2025-09-20T21:18:29.1823020Z remote: Counting objects:  72% (304/421)        
2025-09-20T21:18:29.1823400Z remote: Counting objects:  73% (308/421)        
2025-09-20T21:18:29.1824100Z remote: Counting objects:  74% (312/421)        
2025-09-20T21:18:29.1824490Z remote: Counting objects:  75% (316/421)        
2025-09-20T21:18:29.1824880Z remote: Counting objects:  76% (320/421)        
2025-09-20T21:18:29.1825270Z remote: Counting objects:  77% (325/421)        
2025-09-20T21:18:29.1825680Z remote: Counting objects:  78% (329/421)        
2025-09-20T21:18:29.1826090Z remote: Counting objects:  79% (333/421)        
2025-09-20T21:18:29.1826480Z remote: Counting objects:  80% (337/421)        
2025-09-20T21:18:29.1827090Z remote: Counting objects:  81% (342/421)        
2025-09-20T21:18:29.1942890Z remote: Counting objects:  82% (346/421)        
2025-09-20T21:18:29.1943500Z remote: Counting objects:  83% (350/421)        
2025-09-20T21:18:29.1943980Z remote: Counting objects:  84% (354/421)        
2025-09-20T21:18:29.1944440Z remote: Counting objects:  85% (358/421)        
2025-09-20T21:18:29.1944920Z remote: Counting objects:  86% (363/421)        
2025-09-20T21:18:29.1945380Z remote: Counting objects:  87% (367/421)        
2025-09-20T21:18:29.1945860Z remote: Counting objects:  88% (371/421)        
2025-09-20T21:18:29.1946310Z remote: Counting objects:  89% (375/421)        
2025-09-20T21:18:29.1946810Z remote: Counting objects:  90% (379/421)        
2025-09-20T21:18:29.1947300Z remote: Counting objects:  91% (384/421)        
2025-09-20T21:18:29.1947760Z remote: Counting objects:  92% (388/421)        
2025-09-20T21:18:29.1948650Z remote: Counting objects:  93% (392/421)        
2025-09-20T21:18:29.1949120Z remote: Counting objects:  94% (396/421)        
2025-09-20T21:18:29.1949580Z remote: Counting objects:  95% (400/421)        
2025-09-20T21:18:29.1950030Z remote: Counting objects:  96% (405/421)        
2025-09-20T21:18:29.1950520Z remote: Counting objects:  97% (409/421)        
2025-09-20T21:18:29.1950970Z remote: Counting objects:  98% (413/421)        
2025-09-20T21:18:29.1951410Z remote: Counting objects:  99% (417/421)        
2025-09-20T21:18:29.1952000Z remote: Counting objects: 100% (421/421)        
2025-09-20T21:18:29.1952520Z remote: Counting objects: 100% (421/421), done.        
2025-09-20T21:18:29.1953040Z remote: Compressing objects:   0% (1/377)        
2025-09-20T21:18:29.1953540Z remote: Compressing objects:   1% (4/377)        
2025-09-20T21:18:29.1954020Z remote: Compressing objects:   2% (8/377)        
2025-09-20T21:18:29.1954520Z remote: Compressing objects:   3% (12/377)        
2025-09-20T21:18:29.1955040Z remote: Compressing objects:   4% (16/377)        
2025-09-20T21:18:29.1955530Z remote: Compressing objects:   5% (19/377)        
2025-09-20T21:18:29.1955990Z remote: Compressing objects:   6% (23/377)        
2025-09-20T21:18:29.1956620Z remote: Compressing objects:   7% (27/377)        
2025-09-20T21:18:29.1957290Z remote: Compressing objects:   8% (31/377)        
2025-09-20T21:18:29.1957760Z remote: Compressing objects:   9% (34/377)        
2025-09-20T21:18:29.1958230Z remote: Compressing objects:  10% (38/377)        
2025-09-20T21:18:29.1958730Z remote: Compressing objects:  11% (42/377)        
2025-09-20T21:18:29.1959200Z remote: Compressing objects:  12% (46/377)        
2025-09-20T21:18:29.1959650Z remote: Compressing objects:  13% (50/377)        
2025-09-20T21:18:29.2349460Z remote: Compressing objects:  14% (53/377)        
2025-09-20T21:18:29.2350170Z remote: Compressing objects:  15% (57/377)        
2025-09-20T21:18:29.2350850Z remote: Compressing objects:  16% (61/377)        
2025-09-20T21:18:29.2351540Z remote: Compressing objects:  17% (65/377)        
2025-09-20T21:18:29.2352230Z remote: Compressing objects:  18% (68/377)        
2025-09-20T21:18:29.2352900Z remote: Compressing objects:  19% (72/377)        
2025-09-20T21:18:29.2353690Z remote: Compressing objects:  20% (76/377)        
2025-09-20T21:18:29.2354650Z remote: Compressing objects:  21% (80/377)        
2025-09-20T21:18:29.2355320Z remote: Compressing objects:  22% (83/377)        
2025-09-20T21:18:29.2356110Z remote: Compressing objects:  23% (87/377)        
2025-09-20T21:18:29.2356870Z remote: Compressing objects:  24% (91/377)        
2025-09-20T21:18:29.2357600Z remote: Compressing objects:  25% (95/377)        
2025-09-20T21:18:29.2358350Z remote: Compressing objects:  26% (99/377)        
2025-09-20T21:18:29.2359150Z remote: Compressing objects:  27% (102/377)        
2025-09-20T21:18:29.2360050Z remote: Compressing objects:  28% (106/377)        
2025-09-20T21:18:29.2360880Z remote: Compressing objects:  29% (110/377)        
2025-09-20T21:18:29.2362110Z remote: Compressing objects:  30% (114/377)        
2025-09-20T21:18:29.2362980Z remote: Compressing objects:  31% (117/377)        
2025-09-20T21:18:29.2363720Z remote: Compressing objects:  32% (121/377)        
2025-09-20T21:18:29.2364820Z remote: Compressing objects:  33% (125/377)        
2025-09-20T21:18:29.2365820Z remote: Compressing objects:  34% (129/377)        
2025-09-20T21:18:29.2498550Z remote: Compressing objects:  35% (132/377)        
2025-09-20T21:18:29.2499360Z remote: Compressing objects:  36% (136/377)        
2025-09-20T21:18:29.2500330Z remote: Compressing objects:  37% (140/377)        
2025-09-20T21:18:29.2501110Z remote: Compressing objects:  38% (144/377)        
2025-09-20T21:18:29.2501870Z remote: Compressing objects:  39% (148/377)        
2025-09-20T21:18:29.2502650Z remote: Compressing objects:  40% (151/377)        
2025-09-20T21:18:29.2503450Z remote: Compressing objects:  41% (155/377)        
2025-09-20T21:18:29.2504410Z remote: Compressing objects:  42% (159/377)        
2025-09-20T21:18:29.2506110Z remote: Compressing objects:  43% (163/377)        
2025-09-20T21:18:29.2543190Z remote: Compressing objects:  44% (166/377)        
2025-09-20T21:18:29.2663910Z remote: Compressing objects:  45% (170/377)        
2025-09-20T21:18:29.2665290Z remote: Compressing objects:  46% (174/377)        
2025-09-20T21:18:29.2666020Z remote: Compressing objects:  47% (178/377)        
2025-09-20T21:18:29.2666750Z remote: Compressing objects:  48% (181/377)        
2025-09-20T21:18:29.2667420Z remote: Compressing objects:  49% (185/377)        
2025-09-20T21:18:29.2668100Z remote: Compressing objects:  50% (189/377)        
2025-09-20T21:18:29.2668870Z remote: Compressing objects:  51% (193/377)        
2025-09-20T21:18:29.2669530Z remote: Compressing objects:  52% (197/377)        
2025-09-20T21:18:29.2670220Z remote: Compressing objects:  53% (200/377)        
2025-09-20T21:18:29.2670890Z remote: Compressing objects:  54% (204/377)        
2025-09-20T21:18:29.2671570Z remote: Compressing objects:  55% (208/377)        
2025-09-20T21:18:29.2672280Z remote: Compressing objects:  56% (212/377)        
2025-09-20T21:18:29.2672970Z remote: Compressing objects:  57% (215/377)        
2025-09-20T21:18:29.2673690Z remote: Compressing objects:  58% (219/377)        
2025-09-20T21:18:29.2674390Z remote: Compressing objects:  59% (223/377)        
2025-09-20T21:18:29.2675080Z remote: Compressing objects:  60% (227/377)        
2025-09-20T21:18:29.2675760Z remote: Compressing objects:  61% (230/377)        
2025-09-20T21:18:29.2676470Z remote: Compressing objects:  62% (234/377)        
2025-09-20T21:18:29.2755970Z remote: Compressing objects:  63% (238/377)        
2025-09-20T21:18:29.2756800Z remote: Compressing objects:  64% (242/377)        
2025-09-20T21:18:29.2757500Z remote: Compressing objects:  65% (246/377)        
2025-09-20T21:18:29.2758070Z remote: Compressing objects:  66% (249/377)        
2025-09-20T21:18:29.2758820Z remote: Compressing objects:  67% (253/377)        
2025-09-20T21:18:29.2759390Z remote: Compressing objects:  68% (257/377)        
2025-09-20T21:18:29.2760080Z remote: Compressing objects:  69% (261/377)        
2025-09-20T21:18:29.2760870Z remote: Compressing objects:  70% (264/377)        
2025-09-20T21:18:29.2761540Z remote: Compressing objects:  71% (268/377)        
2025-09-20T21:18:29.2762250Z remote: Compressing objects:  72% (272/377)        
2025-09-20T21:18:29.2762770Z remote: Compressing objects:  73% (276/377)        
2025-09-20T21:18:29.2763630Z remote: Compressing objects:  74% (279/377)        
2025-09-20T21:18:29.2764400Z remote: Compressing objects:  75% (283/377)        
2025-09-20T21:18:29.2765120Z remote: Compressing objects:  76% (287/377)        
2025-09-20T21:18:29.2765650Z remote: Compressing objects:  77% (291/377)        
2025-09-20T21:18:29.2766180Z remote: Compressing objects:  78% (295/377)        
2025-09-20T21:18:29.2766750Z remote: Compressing objects:  79% (298/377)        
2025-09-20T21:18:29.2767340Z remote: Compressing objects:  80% (302/377)        
2025-09-20T21:18:29.2768850Z remote: Compressing objects:  81% (306/377)        
2025-09-20T21:18:29.2769650Z remote: Compressing objects:  82% (310/377)        
2025-09-20T21:18:29.2770320Z remote: Compressing objects:  83% (313/377)        
2025-09-20T21:18:29.2770960Z remote: Compressing objects:  84% (317/377)        
2025-09-20T21:18:29.2771570Z remote: Compressing objects:  85% (321/377)        
2025-09-20T21:18:29.2772200Z remote: Compressing objects:  86% (325/377)        
2025-09-20T21:18:29.2772840Z remote: Compressing objects:  87% (328/377)        
2025-09-20T21:18:29.2773440Z remote: Compressing objects:  88% (332/377)        
2025-09-20T21:18:29.2774100Z remote: Compressing objects:  89% (336/377)        
2025-09-20T21:18:29.2774810Z remote: Compressing objects:  90% (340/377)        
2025-09-20T21:18:29.2775400Z remote: Compressing objects:  91% (344/377)        
2025-09-20T21:18:29.2776010Z remote: Compressing objects:  92% (347/377)        
2025-09-20T21:18:29.2777030Z remote: Compressing objects:  93% (351/377)        
2025-09-20T21:18:29.2777550Z remote: Compressing objects:  94% (355/377)        
2025-09-20T21:18:29.2778080Z remote: Compressing objects:  95% (359/377)        
2025-09-20T21:18:29.2778600Z remote: Compressing objects:  96% (362/377)        
2025-09-20T21:18:29.2779170Z remote: Compressing objects:  97% (366/377)        
2025-09-20T21:18:29.2779700Z remote: Compressing objects:  98% (370/377)        
2025-09-20T21:18:29.2780250Z remote: Compressing objects:  99% (374/377)        
2025-09-20T21:18:29.2780810Z remote: Compressing objects: 100% (377/377)        
2025-09-20T21:18:29.2781460Z remote: Compressing objects: 100% (377/377), done.        
2025-09-20T21:18:29.2918250Z Receiving objects:   0% (1/421)
2025-09-20T21:18:29.2918650Z Receiving objects:   1% (5/421)
2025-09-20T21:18:29.2918980Z Receiving objects:   2% (9/421)
2025-09-20T21:18:29.2919320Z Receiving objects:   3% (13/421)
2025-09-20T21:18:29.2997150Z Receiving objects:   4% (17/421)
2025-09-20T21:18:29.3000200Z Receiving objects:   5% (22/421)
2025-09-20T21:18:29.3276590Z Receiving objects:   6% (26/421)
2025-09-20T21:18:29.4351040Z Receiving objects:   7% (30/421)
2025-09-20T21:18:29.4353270Z Receiving objects:   8% (34/421)
2025-09-20T21:18:29.4354870Z Receiving objects:   9% (38/421)
2025-09-20T21:18:29.4360880Z Receiving objects:  10% (43/421)
2025-09-20T21:18:29.4362240Z Receiving objects:  11% (47/421)
2025-09-20T21:18:29.4363100Z Receiving objects:  12% (51/421)
2025-09-20T21:18:29.4363990Z Receiving objects:  13% (55/421)
2025-09-20T21:18:29.4364840Z Receiving objects:  14% (59/421)
2025-09-20T21:18:29.4365720Z Receiving objects:  15% (64/421)
2025-09-20T21:18:29.4367120Z Receiving objects:  16% (68/421)
2025-09-20T21:18:29.4368000Z Receiving objects:  17% (72/421)
2025-09-20T21:18:29.4368890Z Receiving objects:  18% (76/421)
2025-09-20T21:18:29.4377120Z Receiving objects:  19% (80/421)
2025-09-20T21:18:29.4384990Z Receiving objects:  20% (85/421)
2025-09-20T21:18:29.4390280Z Receiving objects:  21% (89/421)
2025-09-20T21:18:29.4393410Z Receiving objects:  22% (93/421)
2025-09-20T21:18:29.4409320Z Receiving objects:  23% (97/421)
2025-09-20T21:18:29.4419920Z Receiving objects:  24% (102/421)
2025-09-20T21:18:29.4426750Z Receiving objects:  25% (106/421)
2025-09-20T21:18:29.4527910Z Receiving objects:  26% (110/421)
2025-09-20T21:18:29.4528940Z Receiving objects:  27% (114/421)
2025-09-20T21:18:29.4530300Z Receiving objects:  28% (118/421)
2025-09-20T21:18:29.4531320Z Receiving objects:  29% (123/421)
2025-09-20T21:18:29.4532140Z Receiving objects:  30% (127/421)
2025-09-20T21:18:29.4536120Z Receiving objects:  31% (131/421)
2025-09-20T21:18:29.4703060Z Receiving objects:  32% (135/421)
2025-09-20T21:18:29.4849690Z Receiving objects:  33% (139/421)
2025-09-20T21:18:29.4858070Z Receiving objects:  34% (144/421)
2025-09-20T21:18:29.4859420Z Receiving objects:  35% (148/421)
2025-09-20T21:18:29.4860250Z Receiving objects:  36% (152/421)
2025-09-20T21:18:29.4860980Z Receiving objects:  37% (156/421)
2025-09-20T21:18:29.4862660Z Receiving objects:  38% (160/421)
2025-09-20T21:18:29.4863620Z Receiving objects:  39% (165/421)
2025-09-20T21:18:29.4873140Z Receiving objects:  40% (169/421)
2025-09-20T21:18:29.4885440Z Receiving objects:  41% (173/421)
2025-09-20T21:18:29.4899670Z Receiving objects:  42% (177/421)
2025-09-20T21:18:29.4903720Z Receiving objects:  43% (182/421)
2025-09-20T21:18:29.4912960Z Receiving objects:  44% (186/421)
2025-09-20T21:18:29.4922580Z Receiving objects:  45% (190/421)
2025-09-20T21:18:29.4931340Z Receiving objects:  46% (194/421)
2025-09-20T21:18:29.4932250Z Receiving objects:  47% (198/421)
2025-09-20T21:18:29.4938130Z Receiving objects:  48% (203/421)
2025-09-20T21:18:29.4962100Z Receiving objects:  49% (207/421)
2025-09-20T21:18:29.4981260Z Receiving objects:  50% (211/421)
2025-09-20T21:18:29.4983730Z Receiving objects:  51% (215/421)
2025-09-20T21:18:29.4985910Z Receiving objects:  52% (219/421)
2025-09-20T21:18:29.5008760Z Receiving objects:  53% (224/421)
2025-09-20T21:18:29.5011030Z Receiving objects:  54% (228/421)
2025-09-20T21:18:29.5011590Z Receiving objects:  55% (232/421)
2025-09-20T21:18:29.5033300Z Receiving objects:  56% (236/421)
2025-09-20T21:18:29.5033730Z Receiving objects:  57% (240/421)
2025-09-20T21:18:29.5040250Z Receiving objects:  58% (245/421)
2025-09-20T21:18:29.5043430Z Receiving objects:  59% (249/421)
2025-09-20T21:18:29.5045820Z Receiving objects:  60% (253/421)
2025-09-20T21:18:29.5056430Z Receiving objects:  61% (257/421)
2025-09-20T21:18:29.5056920Z Receiving objects:  62% (262/421)
2025-09-20T21:18:29.5058810Z Receiving objects:  63% (266/421)
2025-09-20T21:18:29.5059300Z Receiving objects:  64% (270/421)
2025-09-20T21:18:29.5208360Z Receiving objects:  65% (274/421)
2025-09-20T21:18:29.5209410Z Receiving objects:  66% (278/421)
2025-09-20T21:18:29.5213970Z Receiving objects:  67% (283/421)
2025-09-20T21:18:29.5221520Z Receiving objects:  68% (287/421)
2025-09-20T21:18:29.5377540Z Receiving objects:  69% (291/421)
2025-09-20T21:18:29.5382510Z Receiving objects:  70% (295/421)
2025-09-20T21:18:29.5383920Z Receiving objects:  71% (299/421)
2025-09-20T21:18:29.5384790Z Receiving objects:  72% (304/421)
2025-09-20T21:18:29.5390610Z Receiving objects:  73% (308/421)
2025-09-20T21:18:29.5391880Z Receiving objects:  74% (312/421)
2025-09-20T21:18:29.5392710Z Receiving objects:  75% (316/421)
2025-09-20T21:18:29.5401970Z Receiving objects:  76% (320/421)
2025-09-20T21:18:29.5405900Z Receiving objects:  77% (325/421)
2025-09-20T21:18:29.5411100Z Receiving objects:  78% (329/421)
2025-09-20T21:18:29.5416220Z Receiving objects:  79% (333/421)
2025-09-20T21:18:29.5432720Z Receiving objects:  80% (337/421)
2025-09-20T21:18:29.5438080Z Receiving objects:  81% (342/421)
2025-09-20T21:18:29.5441710Z Receiving objects:  82% (346/421)
2025-09-20T21:18:29.5444990Z Receiving objects:  83% (350/421)
2025-09-20T21:18:29.5447550Z Receiving objects:  84% (354/421)
2025-09-20T21:18:29.5452320Z Receiving objects:  85% (358/421)
2025-09-20T21:18:29.5453570Z Receiving objects:  86% (363/421)
2025-09-20T21:18:29.5454520Z Receiving objects:  87% (367/421)
2025-09-20T21:18:29.5456390Z Receiving objects:  88% (371/421)
2025-09-20T21:18:29.5460420Z Receiving objects:  89% (375/421)
2025-09-20T21:18:29.5461180Z Receiving objects:  90% (379/421)
2025-09-20T21:18:29.5463780Z Receiving objects:  91% (384/421)
2025-09-20T21:18:29.5464860Z Receiving objects:  92% (388/421)
2025-09-20T21:18:29.5465640Z Receiving objects:  93% (392/421)
2025-09-20T21:18:29.5470290Z Receiving objects:  94% (396/421)
2025-09-20T21:18:29.5471340Z Receiving objects:  95% (400/421)
2025-09-20T21:18:29.5480580Z Receiving objects:  96% (405/421)
2025-09-20T21:18:29.5481550Z Receiving objects:  97% (409/421)
2025-09-20T21:18:29.6516440Z Receiving objects:  98% (413/421)
2025-09-20T21:18:29.6518650Z remote: Total 421 (delta 39), reused 203 (delta 16), pack-reused 0 (from 0)        
2025-09-20T21:18:29.6523160Z Receiving objects:  99% (417/421)
2025-09-20T21:18:29.6531350Z Receiving objects: 100% (421/421)
2025-09-20T21:18:29.6535820Z Receiving objects: 100% (421/421), 2.56 MiB | 7.07 MiB/s, done.
2025-09-20T21:18:29.6536700Z Resolving deltas:   0% (0/39)
2025-09-20T21:18:29.6536990Z Resolving deltas:   2% (1/39)
2025-09-20T21:18:29.6537280Z Resolving deltas:   5% (2/39)
2025-09-20T21:18:29.6537550Z Resolving deltas:   7% (3/39)
2025-09-20T21:18:29.6537810Z Resolving deltas:  10% (4/39)
2025-09-20T21:18:29.6538080Z Resolving deltas:  12% (5/39)
2025-09-20T21:18:29.6538340Z Resolving deltas:  17% (7/39)
2025-09-20T21:18:29.6538530Z Resolving deltas:  20% (8/39)
2025-09-20T21:18:29.6538700Z Resolving deltas:  23% (9/39)
2025-09-20T21:18:29.6538940Z Resolving deltas:  25% (10/39)
2025-09-20T21:18:29.6539110Z Resolving deltas:  28% (11/39)
2025-09-20T21:18:29.6539270Z Resolving deltas:  30% (12/39)
2025-09-20T21:18:29.6539440Z Resolving deltas:  33% (13/39)
2025-09-20T21:18:29.6539600Z Resolving deltas:  35% (14/39)
2025-09-20T21:18:29.6539760Z Resolving deltas:  38% (15/39)
2025-09-20T21:18:29.6540160Z Resolving deltas:  41% (16/39)
2025-09-20T21:18:29.6540350Z Resolving deltas:  43% (17/39)
2025-09-20T21:18:29.6540520Z Resolving deltas:  46% (18/39)
2025-09-20T21:18:29.6540680Z Resolving deltas:  48% (19/39)
2025-09-20T21:18:29.6540850Z Resolving deltas:  51% (20/39)
2025-09-20T21:18:29.6541030Z Resolving deltas:  53% (21/39)
2025-09-20T21:18:29.6541220Z Resolving deltas:  56% (22/39)
2025-09-20T21:18:29.6541380Z Resolving deltas:  58% (23/39)
2025-09-20T21:18:29.6541550Z Resolving deltas:  61% (24/39)
2025-09-20T21:18:29.6541750Z Resolving deltas:  64% (25/39)
2025-09-20T21:18:29.6541920Z Resolving deltas:  66% (26/39)
2025-09-20T21:18:29.6542080Z Resolving deltas:  69% (27/39)
2025-09-20T21:18:29.6542250Z Resolving deltas:  71% (28/39)
2025-09-20T21:18:29.6542410Z Resolving deltas:  74% (29/39)
2025-09-20T21:18:29.6542570Z Resolving deltas:  76% (30/39)
2025-09-20T21:18:29.6542740Z Resolving deltas:  79% (31/39)
2025-09-20T21:18:29.6542900Z Resolving deltas:  82% (32/39)
2025-09-20T21:18:29.6543070Z Resolving deltas:  84% (33/39)
2025-09-20T21:18:29.6543240Z Resolving deltas:  87% (34/39)
2025-09-20T21:18:29.6543400Z Resolving deltas:  89% (35/39)
2025-09-20T21:18:29.6543560Z Resolving deltas:  92% (36/39)
2025-09-20T21:18:29.6543730Z Resolving deltas:  94% (37/39)
2025-09-20T21:18:29.6543890Z Resolving deltas:  97% (38/39)
2025-09-20T21:18:29.6544050Z Resolving deltas: 100% (39/39)
2025-09-20T21:18:29.6544220Z Resolving deltas: 100% (39/39), done.
2025-09-20T21:18:29.6664260Z From https://github.com/Avarok-Cybersecurity/Citadel-Protocol
2025-09-20T21:18:29.6664940Z  * [new ref]         7edf0bb75f061919add02f6d6a82672c0b2e9654 -> pull/236/merge
2025-09-20T21:18:29.6734570Z ##[endgroup]
2025-09-20T21:18:29.6734920Z ##[group]Determining the checkout info
2025-09-20T21:18:29.6735450Z ##[endgroup]
2025-09-20T21:18:29.6735840Z ##[group]Checking out the ref
2025-09-20T21:18:29.6737830Z [command]/opt/homebrew/bin/git checkout --progress --force refs/remotes/pull/236/merge
2025-09-20T21:18:29.9020430Z HEAD is now at 7edf0bb Merge 8a89b2152348ab91c1a5bd335ccb554a7eae26c5 into 2b40ca3c28904a155dd62f453494820feec744f0
2025-09-20T21:18:29.9866260Z ##[endgroup]
2025-09-20T21:18:29.9934110Z [command]/opt/homebrew/bin/git log -1 --format='%H'
2025-09-20T21:18:30.0000530Z '7edf0bb75f061919add02f6d6a82672c0b2e9654'
2025-09-20T21:18:30.0225890Z ##[group]Run dtolnay/rust-toolchain@stable
2025-09-20T21:18:30.0226130Z with:
2025-09-20T21:18:30.0226250Z   toolchain: stable
2025-09-20T21:18:30.0226380Z env:
2025-09-20T21:18:30.0226490Z   CARGO_TERM_COLOR: always
2025-09-20T21:18:30.0226650Z   RUST_BACKTRACE: full
2025-09-20T21:18:30.0226790Z   RUST_MIN_STACK: 40971520
2025-09-20T21:18:30.0226940Z   RUST_LOG: citadel=warn
2025-09-20T21:18:30.0227080Z   IN_CI: true
2025-09-20T21:18:30.0227230Z   OPENSSL_ROOT_DIR: /usr/local/opt/openssl@1.1
2025-09-20T21:18:30.0227430Z ##[endgroup]
2025-09-20T21:18:30.0269530Z ##[group]Run : parse toolchain version
2025-09-20T21:18:30.0269830Z [36;1m: parse toolchain version[0m
2025-09-20T21:18:30.0270030Z [36;1mif [[ -z $toolchain ]]; then[0m
2025-09-20T21:18:30.0270620Z [36;1m  # GitHub does not enforce `required: true` inputs itself. https://github.com/actions/runner/issues/1070[0m
2025-09-20T21:18:30.0271020Z [36;1m  echo "'toolchain' is a required input" >&2[0m
2025-09-20T21:18:30.0271220Z [36;1m  exit 1[0m
2025-09-20T21:18:30.0271460Z [36;1melif [[ $toolchain =~ ^stable' '[0-9]+' '(year|month|week|day)s?' 'ago$ ]]; then[0m
2025-09-20T21:18:30.0271750Z [36;1m  if [[ macOS == macOS ]]; then[0m
2025-09-20T21:18:30.0272110Z [36;1m    echo "toolchain=1.$((($(date -v-$(sed 's/stable \([0-9]*\) \(.\).*/\1\2/' <<< $toolchain) +%s)/60/60/24-16569)/7/6))" >> $GITHUB_OUTPUT[0m
2025-09-20T21:18:30.0272440Z [36;1m  else[0m
2025-09-20T21:18:30.0272710Z [36;1m    echo "toolchain=1.$((($(date --date "${toolchain#stable }" +%s)/60/60/24-16569)/7/6))" >> $GITHUB_OUTPUT[0m
2025-09-20T21:18:30.0273030Z [36;1m  fi[0m
2025-09-20T21:18:30.0273240Z [36;1melif [[ $toolchain =~ ^stable' 'minus' '[0-9]+' 'releases?$ ]]; then[0m
2025-09-20T21:18:30.0273830Z [36;1m  echo "toolchain=1.$((($(date +%s)/60/60/24-16569)/7/6-${toolchain//[^0-9]/}))" >> $GITHUB_OUTPUT[0m
2025-09-20T21:18:30.0274160Z [36;1melif [[ $toolchain =~ ^1\.[0-9]+$ ]]; then[0m
2025-09-20T21:18:30.0274610Z [36;1m  echo "toolchain=1.$((i=${toolchain#1.}, c=($(date +%s)/60/60/24-16569)/7/6, i+9*i*(10*i<=c)+90*i*(100*i<=c)))" >> $GITHUB_OUTPUT[0m
2025-09-20T21:18:30.0275000Z [36;1melse[0m
2025-09-20T21:18:30.0275180Z [36;1m  echo "toolchain=$toolchain" >> $GITHUB_OUTPUT[0m
2025-09-20T21:18:30.0275400Z [36;1mfi[0m
2025-09-20T21:18:30.0310720Z shell: /bin/bash --noprofile --norc -e -o pipefail {0}
2025-09-20T21:18:30.0311000Z env:
2025-09-20T21:18:30.0311130Z   CARGO_TERM_COLOR: always
2025-09-20T21:18:30.0311290Z   RUST_BACKTRACE: full
2025-09-20T21:18:30.0311440Z   RUST_MIN_STACK: 40971520
2025-09-20T21:18:30.0311590Z   RUST_LOG: citadel=warn
2025-09-20T21:18:30.0311730Z   IN_CI: true
2025-09-20T21:18:30.0311880Z   OPENSSL_ROOT_DIR: /usr/local/opt/openssl@1.1
2025-09-20T21:18:30.0312100Z   toolchain: stable
2025-09-20T21:18:30.0312230Z ##[endgroup]
2025-09-20T21:18:30.0602300Z ##[group]Run : construct rustup command line
2025-09-20T21:18:30.0602670Z [36;1m: construct rustup command line[0m
2025-09-20T21:18:30.0603000Z [36;1mecho "targets=$(for t in ${targets//,/ }; do echo -n ' --target' $t; done)" >> $GITHUB_OUTPUT[0m
2025-09-20T21:18:30.0603470Z [36;1mecho "components=$(for c in ${components//,/ }; do echo -n ' --component' $c; done)" >> $GITHUB_OUTPUT[0m
2025-09-20T21:18:30.0603820Z [36;1mecho "downgrade=" >> $GITHUB_OUTPUT[0m
2025-09-20T21:18:30.0636870Z shell: /bin/bash --noprofile --norc -e -o pipefail {0}
2025-09-20T21:18:30.0637140Z env:
2025-09-20T21:18:30.0637280Z   CARGO_TERM_COLOR: always
2025-09-20T21:18:30.0637470Z   RUST_BACKTRACE: full
2025-09-20T21:18:30.0637640Z   RUST_MIN_STACK: 40971520
2025-09-20T21:18:30.0637810Z   RUST_LOG: citadel=warn
2025-09-20T21:18:30.0637970Z   IN_CI: true
2025-09-20T21:18:30.0638200Z   OPENSSL_ROOT_DIR: /usr/local/opt/openssl@1.1
2025-09-20T21:18:30.0638440Z   targets: 
2025-09-20T21:18:30.0638560Z   components: 
2025-09-20T21:18:30.0638710Z ##[endgroup]
2025-09-20T21:18:30.0912210Z ##[group]Run : set $CARGO_HOME
2025-09-20T21:18:30.0912520Z [36;1m: set $CARGO_HOME[0m
2025-09-20T21:18:30.0912770Z [36;1mecho CARGO_HOME=${CARGO_HOME:-"$HOME/.cargo"} >> $GITHUB_ENV[0m
2025-09-20T21:18:30.0946210Z shell: /bin/bash --noprofile --norc -e -o pipefail {0}
2025-09-20T21:18:30.0946470Z env:
2025-09-20T21:18:30.0946620Z   CARGO_TERM_COLOR: always
2025-09-20T21:18:30.0946790Z   RUST_BACKTRACE: full
2025-09-20T21:18:30.0946970Z   RUST_MIN_STACK: 40971520
2025-09-20T21:18:30.0947130Z   RUST_LOG: citadel=warn
2025-09-20T21:18:30.0947320Z   IN_CI: true
2025-09-20T21:18:30.0947600Z   OPENSSL_ROOT_DIR: /usr/local/opt/openssl@1.1
2025-09-20T21:18:30.0947820Z ##[endgroup]
2025-09-20T21:18:30.1222370Z ##[group]Run : install rustup if needed
2025-09-20T21:18:30.1222750Z [36;1m: install rustup if needed[0m
2025-09-20T21:18:30.1223250Z [36;1mif ! command -v rustup &>/dev/null; then[0m
2025-09-20T21:18:30.1223840Z [36;1m  curl --proto '=https' --tlsv1.2 --retry 10 --retry-connrefused --location --silent --show-error --fail https://sh.rustup.rs | sh -s -- --default-toolchain none -y[0m
2025-09-20T21:18:30.1224380Z [36;1m  echo "$CARGO_HOME/bin" >> $GITHUB_PATH[0m
2025-09-20T21:18:30.1224610Z [36;1mfi[0m
2025-09-20T21:18:30.1258780Z shell: /bin/bash --noprofile --norc -e -o pipefail {0}
2025-09-20T21:18:30.1259070Z env:
2025-09-20T21:18:30.1259220Z   CARGO_TERM_COLOR: always
2025-09-20T21:18:30.1259420Z   RUST_BACKTRACE: full
2025-09-20T21:18:30.1259580Z   RUST_MIN_STACK: 40971520
2025-09-20T21:18:30.1259740Z   RUST_LOG: citadel=warn
2025-09-20T21:18:30.1259890Z   IN_CI: true
2025-09-20T21:18:30.1260060Z   OPENSSL_ROOT_DIR: /usr/local/opt/openssl@1.1
2025-09-20T21:18:30.1260280Z   CARGO_HOME: /Users/runner/.cargo
2025-09-20T21:18:30.1260460Z ##[endgroup]
2025-09-20T21:18:30.1518730Z ##[group]Run rustup toolchain install stable --profile minimal --no-self-update
2025-09-20T21:18:30.1519580Z [36;1mrustup toolchain install stable --profile minimal --no-self-update[0m
2025-09-20T21:18:30.1553540Z shell: /bin/bash --noprofile --norc -e -o pipefail {0}
2025-09-20T21:18:30.1553970Z env:
2025-09-20T21:18:30.1554140Z   CARGO_TERM_COLOR: always
2025-09-20T21:18:30.1554300Z   RUST_BACKTRACE: full
2025-09-20T21:18:30.1554470Z   RUST_MIN_STACK: 40971520
2025-09-20T21:18:30.1554640Z   RUST_LOG: citadel=warn
2025-09-20T21:18:30.1554800Z   IN_CI: true
2025-09-20T21:18:30.1554970Z   OPENSSL_ROOT_DIR: /usr/local/opt/openssl@1.1
2025-09-20T21:18:30.1555200Z   CARGO_HOME: /Users/runner/.cargo
2025-09-20T21:18:30.1555390Z ##[endgroup]
2025-09-20T21:18:30.5360300Z info: syncing channel updates for 'stable-aarch64-apple-darwin'
2025-09-20T21:18:30.8020790Z info: latest update on 2025-09-18, rust version 1.90.0 (1159e78c4 2025-09-14)
2025-09-20T21:18:30.8264450Z info: downloading component 'clippy'
2025-09-20T21:18:30.9282970Z info: downloading component 'rustfmt'
2025-09-20T21:18:31.0306770Z info: downloading component 'cargo'
2025-09-20T21:18:31.2036720Z info: downloading component 'rust-std'
2025-09-20T21:18:31.5855320Z info: downloading component 'rustc'
2025-09-20T21:18:32.1992130Z info: removing previous version of component 'clippy'
2025-09-20T21:18:32.2018640Z info: removing previous version of component 'rustfmt'
2025-09-20T21:18:32.2040750Z info: removing previous version of component 'cargo'
2025-09-20T21:18:32.2098800Z info: removing previous version of component 'rust-std'
2025-09-20T21:18:32.2154140Z info: removing previous version of component 'rustc'
2025-09-20T21:18:32.2219140Z info: installing component 'clippy'
2025-09-20T21:18:32.6079790Z info: installing component 'rustfmt'
2025-09-20T21:18:32.8236590Z info: installing component 'cargo'
2025-09-20T21:18:33.3944230Z info: installing component 'rust-std'
2025-09-20T21:18:35.1040890Z info: installing component 'rustc'
2025-09-20T21:18:38.6239920Z 
2025-09-20T21:18:38.7435730Z   stable-aarch64-apple-darwin updated - rustc 1.90.0 (1159e78c4 2025-09-14) (from rustc 1.89.0 (29483883e 2025-08-04))
2025-09-20T21:18:38.7442640Z info: self-update is disabled for this build of rustup
2025-09-20T21:18:38.7449540Z 
2025-09-20T21:18:38.7451540Z info: any updates to rustup will need to be fetched with your system package manager
2025-09-20T21:18:38.7595830Z ##[group]Run rustup default stable
2025-09-20T21:18:38.7596200Z [36;1mrustup default stable[0m
2025-09-20T21:18:38.7636080Z shell: /bin/bash --noprofile --norc -e -o pipefail {0}
2025-09-20T21:18:38.7636340Z env:
2025-09-20T21:18:38.7636520Z   CARGO_TERM_COLOR: always
2025-09-20T21:18:38.7636750Z   RUST_BACKTRACE: full
2025-09-20T21:18:38.7637010Z   RUST_MIN_STACK: 40971520
2025-09-20T21:18:38.7637230Z   RUST_LOG: citadel=warn
2025-09-20T21:18:38.7637440Z   IN_CI: true
2025-09-20T21:18:38.7637660Z   OPENSSL_ROOT_DIR: /usr/local/opt/openssl@1.1
2025-09-20T21:18:38.7638010Z   CARGO_HOME: /Users/runner/.cargo
2025-09-20T21:18:38.7638260Z ##[endgroup]
2025-09-20T21:18:38.8285640Z info: using existing install for 'stable-aarch64-apple-darwin'
2025-09-20T21:18:38.8592790Z info: default toolchain set to 'stable-aarch64-apple-darwin'
2025-09-20T21:18:38.8593170Z 
2025-09-20T21:18:38.8686510Z   stable-aarch64-apple-darwin unchanged - rustc 1.90.0 (1159e78c4 2025-09-14)
2025-09-20T21:18:38.8688640Z 
2025-09-20T21:18:38.8753530Z ##[group]Run : create cachekey
2025-09-20T21:18:38.8753810Z [36;1m: create cachekey[0m
2025-09-20T21:18:38.8754250Z [36;1mDATE=$(rustc +stable --version --verbose | sed -ne 's/^commit-date: \(20[0-9][0-9]\)-\([01][0-9]\)-\([0-3][0-9]\)$/\1\2\3/p')[0m
2025-09-20T21:18:38.8754830Z [36;1mHASH=$(rustc +stable --version --verbose | sed -ne 's/^commit-hash: //p')[0m
2025-09-20T21:18:38.8755280Z [36;1mecho "cachekey=$(echo $DATE$HASH | head -c12)" >> $GITHUB_OUTPUT[0m
2025-09-20T21:18:38.8804380Z shell: /bin/bash --noprofile --norc -e -o pipefail {0}
2025-09-20T21:18:38.8804710Z env:
2025-09-20T21:18:38.8805000Z   CARGO_TERM_COLOR: always
2025-09-20T21:18:38.8813890Z   RUST_BACKTRACE: full
2025-09-20T21:18:38.8814140Z   RUST_MIN_STACK: 40971520
2025-09-20T21:18:38.8814340Z   RUST_LOG: citadel=warn
2025-09-20T21:18:38.8814500Z   IN_CI: true
2025-09-20T21:18:38.8814710Z   OPENSSL_ROOT_DIR: /usr/local/opt/openssl@1.1
2025-09-20T21:18:38.8815030Z   CARGO_HOME: /Users/runner/.cargo
2025-09-20T21:18:38.8815260Z ##[endgroup]
2025-09-20T21:18:38.9595770Z ##[group]Run : disable incremental compilation
2025-09-20T21:18:38.9596180Z [36;1m: disable incremental compilation[0m
2025-09-20T21:18:38.9596540Z [36;1mif [ -z "${CARGO_INCREMENTAL+set}" ]; then[0m
2025-09-20T21:18:38.9596810Z [36;1m  echo CARGO_INCREMENTAL=0 >> $GITHUB_ENV[0m
2025-09-20T21:18:38.9597100Z [36;1mfi[0m
2025-09-20T21:18:38.9639840Z shell: /bin/bash --noprofile --norc -e -o pipefail {0}
2025-09-20T21:18:38.9640160Z env:
2025-09-20T21:18:38.9640330Z   CARGO_TERM_COLOR: always
2025-09-20T21:18:38.9640560Z   RUST_BACKTRACE: full
2025-09-20T21:18:38.9640800Z   RUST_MIN_STACK: 40971520
2025-09-20T21:18:38.9641100Z   RUST_LOG: citadel=warn
2025-09-20T21:18:38.9641300Z   IN_CI: true
2025-09-20T21:18:38.9641500Z   OPENSSL_ROOT_DIR: /usr/local/opt/openssl@1.1
2025-09-20T21:18:38.9641770Z   CARGO_HOME: /Users/runner/.cargo
2025-09-20T21:18:38.9642050Z ##[endgroup]
2025-09-20T21:18:38.9925180Z ##[group]Run : enable colors in Cargo output
2025-09-20T21:18:38.9925510Z [36;1m: enable colors in Cargo output[0m
2025-09-20T21:18:38.9925760Z [36;1mif [ -z "${CARGO_TERM_COLOR+set}" ]; then[0m
2025-09-20T21:18:38.9926180Z [36;1m  echo CARGO_TERM_COLOR=always >> $GITHUB_ENV[0m
2025-09-20T21:18:38.9926450Z [36;1mfi[0m
2025-09-20T21:18:38.9966910Z shell: /bin/bash --noprofile --norc -e -o pipefail {0}
2025-09-20T21:18:38.9967240Z env:
2025-09-20T21:18:38.9967400Z   CARGO_TERM_COLOR: always
2025-09-20T21:18:38.9967560Z   RUST_BACKTRACE: full
2025-09-20T21:18:38.9967770Z   RUST_MIN_STACK: 40971520
2025-09-20T21:18:38.9967980Z   RUST_LOG: citadel=warn
2025-09-20T21:18:38.9968190Z   IN_CI: true
2025-09-20T21:18:38.9968600Z   OPENSSL_ROOT_DIR: /usr/local/opt/openssl@1.1
2025-09-20T21:18:38.9968920Z   CARGO_HOME: /Users/runner/.cargo
2025-09-20T21:18:38.9969170Z   CARGO_INCREMENTAL: 0
2025-09-20T21:18:38.9969410Z ##[endgroup]
2025-09-20T21:18:39.0238470Z ##[group]Run : enable Cargo sparse registry
2025-09-20T21:18:39.0238800Z [36;1m: enable Cargo sparse registry[0m
2025-09-20T21:18:39.0239110Z [36;1m# implemented in 1.66, stabilized in 1.68, made default in 1.70[0m
2025-09-20T21:18:39.0239620Z [36;1mif [ -z "${CARGO_REGISTRIES_CRATES_IO_PROTOCOL+set}" -o -f "/Users/runner/work/_temp"/.implicit_cargo_registries_crates_io_protocol ]; then[0m
2025-09-20T21:18:39.0240150Z [36;1m  if rustc +stable --version --verbose | grep -q '^release: 1\.6[89]\.'; then[0m
2025-09-20T21:18:39.0240580Z [36;1m    touch "/Users/runner/work/_temp"/.implicit_cargo_registries_crates_io_protocol || true[0m
2025-09-20T21:18:39.0241000Z [36;1m    echo CARGO_REGISTRIES_CRATES_IO_PROTOCOL=sparse >> $GITHUB_ENV[0m
2025-09-20T21:18:39.0241660Z [36;1m  elif rustc +stable --version --verbose | grep -q '^release: 1\.6[67]\.'; then[0m
2025-09-20T21:18:39.0242090Z [36;1m    touch "/Users/runner/work/_temp"/.implicit_cargo_registries_crates_io_protocol || true[0m
2025-09-20T21:18:39.0242510Z [36;1m    echo CARGO_REGISTRIES_CRATES_IO_PROTOCOL=git >> $GITHUB_ENV[0m
2025-09-20T21:18:39.0242750Z [36;1m  fi[0m
2025-09-20T21:18:39.0242890Z [36;1mfi[0m
2025-09-20T21:18:39.0279040Z shell: /bin/bash --noprofile --norc -e -o pipefail {0}
2025-09-20T21:18:39.0279360Z env:
2025-09-20T21:18:39.0279500Z   CARGO_TERM_COLOR: always
2025-09-20T21:18:39.0279660Z   RUST_BACKTRACE: full
2025-09-20T21:18:39.0279820Z   RUST_MIN_STACK: 40971520
2025-09-20T21:18:39.0279970Z   RUST_LOG: citadel=warn
2025-09-20T21:18:39.0280120Z   IN_CI: true
2025-09-20T21:18:39.0280280Z   OPENSSL_ROOT_DIR: /usr/local/opt/openssl@1.1
2025-09-20T21:18:39.0280500Z   CARGO_HOME: /Users/runner/.cargo
2025-09-20T21:18:39.0280680Z   CARGO_INCREMENTAL: 0
2025-09-20T21:18:39.0281070Z ##[endgroup]
2025-09-20T21:18:39.0939140Z ##[group]Run : work around spurious network errors in curl 8.0
2025-09-20T21:18:39.0939530Z [36;1m: work around spurious network errors in curl 8.0[0m
2025-09-20T21:18:39.0940070Z [36;1m# https://rust-lang.zulipchat.com/#narrow/stream/246057-t-cargo/topic/timeout.20investigation[0m
2025-09-20T21:18:39.0940630Z [36;1mif rustc +stable --version --verbose | grep -q '^release: 1\.7[01]\.'; then[0m
2025-09-20T21:18:39.0940960Z [36;1m  echo CARGO_HTTP_MULTIPLEXING=false >> $GITHUB_ENV[0m
2025-09-20T21:18:39.0941280Z [36;1mfi[0m
2025-09-20T21:18:39.0975520Z shell: /bin/bash --noprofile --norc -e -o pipefail {0}
2025-09-20T21:18:39.0975750Z env:
2025-09-20T21:18:39.0975870Z   CARGO_TERM_COLOR: always
2025-09-20T21:18:39.0976020Z   RUST_BACKTRACE: full
2025-09-20T21:18:39.0976190Z   RUST_MIN_STACK: 40971520
2025-09-20T21:18:39.0976340Z   RUST_LOG: citadel=warn
2025-09-20T21:18:39.0976470Z   IN_CI: true
2025-09-20T21:18:39.0976620Z   OPENSSL_ROOT_DIR: /usr/local/opt/openssl@1.1
2025-09-20T21:18:39.0976920Z   CARGO_HOME: /Users/runner/.cargo
2025-09-20T21:18:39.0977100Z   CARGO_INCREMENTAL: 0
2025-09-20T21:18:39.0977270Z ##[endgroup]
2025-09-20T21:18:39.1448000Z ##[group]Run rustc +stable --version --verbose
2025-09-20T21:18:39.1448340Z [36;1mrustc +stable --version --verbose[0m
2025-09-20T21:18:39.1488290Z shell: /bin/bash --noprofile --norc -e -o pipefail {0}
2025-09-20T21:18:39.1488580Z env:
2025-09-20T21:18:39.1488740Z   CARGO_TERM_COLOR: always
2025-09-20T21:18:39.1488910Z   RUST_BACKTRACE: full
2025-09-20T21:18:39.1489100Z   RUST_MIN_STACK: 40971520
2025-09-20T21:18:39.1489270Z   RUST_LOG: citadel=warn
2025-09-20T21:18:39.1489430Z   IN_CI: true
2025-09-20T21:18:39.1489590Z   OPENSSL_ROOT_DIR: /usr/local/opt/openssl@1.1
2025-09-20T21:18:39.1489810Z   CARGO_HOME: /Users/runner/.cargo
2025-09-20T21:18:39.1490000Z   CARGO_INCREMENTAL: 0
2025-09-20T21:18:39.1490150Z ##[endgroup]
2025-09-20T21:18:39.1950840Z rustc 1.90.0 (1159e78c4 2025-09-14)
2025-09-20T21:18:39.1966220Z binary: rustc
2025-09-20T21:18:39.1966740Z commit-hash: 1159e78c4747b02ef996e55082b704c09b970588
2025-09-20T21:18:39.1967080Z commit-date: 2025-09-14
2025-09-20T21:18:39.1967360Z host: aarch64-apple-darwin
2025-09-20T21:18:39.1967630Z release: 1.90.0
2025-09-20T21:18:39.1968150Z LLVM version: 20.1.8
2025-09-20T21:18:39.2016520Z ##[group]Run actions-rs/cargo@v1
2025-09-20T21:18:39.2016720Z with:
2025-09-20T21:18:39.2016850Z   command: install
2025-09-20T21:18:39.2017000Z   args: --force cargo-make
2025-09-20T21:18:39.2017160Z   use-cross: false
2025-09-20T21:18:39.2017290Z env:
2025-09-20T21:18:39.2017420Z   CARGO_TERM_COLOR: always
2025-09-20T21:18:39.2017570Z   RUST_BACKTRACE: full
2025-09-20T21:18:39.2017720Z   RUST_MIN_STACK: 40971520
2025-09-20T21:18:39.2017870Z   RUST_LOG: citadel=warn
2025-09-20T21:18:39.2018020Z   IN_CI: true
2025-09-20T21:18:39.2018180Z   OPENSSL_ROOT_DIR: /usr/local/opt/openssl@1.1
2025-09-20T21:18:39.2018420Z   CARGO_HOME: /Users/runner/.cargo
2025-09-20T21:18:39.2018640Z   CARGO_INCREMENTAL: 0
2025-09-20T21:18:39.2019030Z ##[endgroup]
2025-09-20T21:18:39.2938550Z [command]/Users/runner/.cargo/bin/cargo install --force cargo-make
2025-09-20T21:18:39.4465870Z [1m[32m    Updating[0m crates.io index
2025-09-20T21:18:39.5429130Z [1m[32m Downloading[0m crates ...
2025-09-20T21:18:39.6890800Z [1m[32m  Downloaded[0m cargo-make v0.37.24
2025-09-20T21:18:39.8055420Z [1m[32m  Installing[0m cargo-make v0.37.24
2025-09-20T21:18:39.8516800Z [1m[32m    Updating[0m crates.io index
2025-09-20T21:18:40.4746850Z [1m[32m     Locking[0m 234 packages to latest compatible versions
2025-09-20T21:18:40.4753600Z [1m[36m      Adding[0m cargo_metadata v0.19.2 [1m[33m(available: v0.22.0)[0m
2025-09-20T21:18:40.4805500Z [1m[36m      Adding[0m petgraph v0.7.1 [1m[33m(available: v0.8.2)[0m
2025-09-20T21:18:40.4848870Z [1m[36m      Adding[0m strum_macros v0.26.4 [1m[33m(available: v0.27.2)[0m
2025-09-20T21:18:40.4862420Z [1m[36m      Adding[0m toml v0.8.23 [1m[33m(available: v0.9.7)[0m
2025-09-20T21:18:40.4898940Z [1m[32m Downloading[0m crates ...
2025-09-20T21:18:40.6029210Z [1m[32m  Downloaded[0m equivalent v1.0.2
2025-09-20T21:18:40.6056190Z [1m[32m  Downloaded[0m lenient_semver_version_builder v0.4.2
2025-09-20T21:18:40.6076540Z [1m[32m  Downloaded[0m shlex v1.3.0
2025-09-20T21:18:40.6101920Z [1m[32m  Downloaded[0m quote v1.0.40
2025-09-20T21:18:40.6163710Z [1m[32m  Downloaded[0m zerofrom v0.1.6
2025-09-20T21:18:40.6204230Z [1m[32m  Downloaded[0m powerfmt v0.2.0
2025-09-20T21:18:40.6224900Z [1m[32m  Downloaded[0m once_cell v1.21.3
2025-09-20T21:18:40.6334040Z [1m[32m  Downloaded[0m synstructure v0.13.2
2025-09-20T21:18:40.6363270Z [1m[32m  Downloaded[0m bytes v1.10.1
2025-09-20T21:18:40.6505220Z [1m[32m  Downloaded[0m rustls-pki-types v1.12.0
2025-09-20T21:18:40.7006350Z [1m[32m  Downloaded[0m zip v2.4.2
2025-09-20T21:18:40.7191660Z [1m[32m  Downloaded[0m zerovec-derive v0.11.1
2025-09-20T21:18:40.7291530Z [1m[32m  Downloaded[0m which v6.0.3
2025-09-20T21:18:40.7387690Z [1m[32m  Downloaded[0m zopfli v0.8.2
2025-09-20T21:18:40.7492200Z [1m[32m  Downloaded[0m suppaftp v6.3.0
2025-09-20T21:18:40.7581930Z [1m[32m  Downloaded[0m serde_json v1.0.145
2025-09-20T21:18:40.7741020Z [1m[32m  Downloaded[0m rand v0.9.2
2025-09-20T21:18:40.7831500Z [1m[32m  Downloaded[0m zerovec v0.11.4
2025-09-20T21:18:40.7936320Z [1m[32m  Downloaded[0m icu_properties_data v2.0.1
2025-09-20T21:18:40.8112480Z [1m[32m  Downloaded[0m winnow v0.7.13
2025-09-20T21:18:40.8290890Z [1m[32m  Downloaded[0m icu_collections v2.0.0
2025-09-20T21:18:40.8434570Z [1m[32m  Downloaded[0m rustix v0.38.44
2025-09-20T21:18:40.8861230Z [1m[32m  Downloaded[0m zerocopy v0.8.27
2025-09-20T21:18:40.9650700Z [1m[32m  Downloaded[0m regex-syntax v0.8.6
2025-09-20T21:18:40.9774600Z [1m[32m  Downloaded[0m syn v2.0.106
2025-09-20T21:18:40.9958110Z [1m[32m  Downloaded[0m itertools v0.14.0
2025-09-20T21:18:41.0336520Z [1m[32m  Downloaded[0m bstr v1.12.0
2025-09-20T21:18:41.0458480Z [1m[32m  Downloaded[0m icu_normalizer v2.0.0
2025-09-20T21:18:41.0533210Z [1m[32m  Downloaded[0m fern v0.7.1
2025-09-20T21:18:41.0613000Z [1m[32m  Downloaded[0m rustls v0.23.32
2025-09-20T21:18:41.0814290Z [1m[32m  Downloaded[0m lenient_semver v0.4.2
2025-09-20T21:18:41.0892030Z [1m[32m  Downloaded[0m hashbrown v0.12.3
2025-09-20T21:18:41.0965690Z [1m[32m  Downloaded[0m evalexpr v11.3.1
2025-09-20T21:18:41.1029040Z [1m[32m  Downloaded[0m bumpalo v3.19.0
2025-09-20T21:18:41.1070910Z [1m[32m  Downloaded[0m webpki-roots v1.0.2
2025-09-20T21:18:41.1121370Z [1m[32m  Downloaded[0m indexmap v2.11.4
2025-09-20T21:18:41.1193880Z [1m[32m  Downloaded[0m flate2 v1.1.2
2025-09-20T21:18:41.1293290Z [1m[32m  Downloaded[0m num-traits v0.2.19
2025-09-20T21:18:41.1336980Z [1m[32m  Downloaded[0m indexmap v1.9.3
2025-09-20T21:18:41.1388000Z [1m[32m  Downloaded[0m icu_normalizer_data v2.0.0
2025-09-20T21:18:41.1428560Z [1m[32m  Downloaded[0m hashbrown v0.16.0
2025-09-20T21:18:41.1516530Z [1m[32m  Downloaded[0m regex-automata v0.4.10
2025-09-20T21:18:41.1774310Z [1m[32m  Downloaded[0m getrandom v0.3.3
2025-09-20T21:18:41.1830840Z [1m[32m  Downloaded[0m futures-io v0.3.31
2025-09-20T21:18:41.1848260Z [1m[32m  Downloaded[0m fs_extra v1.3.0
2025-09-20T21:18:41.1877050Z [1m[32m  Downloaded[0m petgraph v0.7.1
2025-09-20T21:18:41.2163000Z [1m[32m  Downloaded[0m duckscript v0.10.0
2025-09-20T21:18:41.2209660Z [1m[32m  Downloaded[0m adler2 v2.0.1
2025-09-20T21:18:41.2234790Z [1m[32m  Downloaded[0m rustls-webpki v0.103.6
2025-09-20T21:18:41.2288850Z [1m[32m  Downloaded[0m home v0.5.11
2025-09-20T21:18:41.2308800Z [1m[32m  Downloaded[0m hex v0.4.3
2025-09-20T21:18:41.2335520Z [1m[32m  Downloaded[0m getrandom v0.2.16
2025-09-20T21:18:41.2398740Z [1m[32m  Downloaded[0m fsio v0.4.1
2025-09-20T21:18:41.2436400Z [1m[32m  Downloaded[0m form_urlencoded v1.2.2
2025-09-20T21:18:41.2451120Z [1m[32m  Downloaded[0m ci_info v0.14.14
2025-09-20T21:18:41.2626490Z [1m[32m  Downloaded[0m find-msvc-tools v0.1.2
2025-09-20T21:18:41.2657510Z [1m[32m  Downloaded[0m shell2batch v0.4.5
2025-09-20T21:18:41.2801080Z [1m[32m  Downloaded[0m fastrand v2.3.0
2025-09-20T21:18:41.2821520Z [1m[32m  Downloaded[0m either v1.15.0
2025-09-20T21:18:41.2844440Z [1m[32m  Downloaded[0m autocfg v1.5.0
2025-09-20T21:18:41.2873110Z [1m[32m  Downloaded[0m rust_info v0.3.3
2025-09-20T21:18:41.3043340Z [1m[32m  Downloaded[0m memchr v2.7.5
2025-09-20T21:18:41.3128610Z [1m[32m  Downloaded[0m icu_provider v2.0.0
2025-09-20T21:18:41.3167870Z [1m[32m  Downloaded[0m iana-time-zone v0.1.64
2025-09-20T21:18:41.3215140Z [1m[32m  Downloaded[0m glob v0.3.3
2025-09-20T21:18:41.3240340Z [1m[32m  Downloaded[0m futures-lite v2.6.1
2025-09-20T21:18:41.3266660Z [1m[32m  Downloaded[0m colored v3.0.0
2025-09-20T21:18:41.3322550Z [1m[32m  Downloaded[0m cargo-platform v0.1.9
2025-09-20T21:18:41.3342460Z [1m[32m  Downloaded[0m uname v0.1.1
2025-09-20T21:18:41.3355850Z [1m[32m  Downloaded[0m ring v0.17.14
2025-09-20T21:18:41.4577310Z [1m[32m  Downloaded[0m whoami v1.6.1
2025-09-20T21:18:41.4609880Z [1m[32m  Downloaded[0m vte v0.14.1
2025-09-20T21:18:41.4643020Z [1m[32m  Downloaded[0m unicode-ident v1.0.19
2025-09-20T21:18:41.4690830Z [1m[32m  Downloaded[0m thiserror v2.0.16
2025-09-20T21:18:41.4830380Z [1m[32m  Downloaded[0m strum_macros v0.26.4
2025-09-20T21:18:41.4880670Z [1m[32m  Downloaded[0m semver v1.0.27
2025-09-20T21:18:41.4920610Z [1m[32m  Downloaded[0m cliparser v0.1.2
2025-09-20T21:18:41.5115530Z [1m[32m  Downloaded[0m same-file v1.0.6
2025-09-20T21:18:41.5168290Z [1m[32m  Downloaded[0m envmnt v0.10.4
2025-09-20T21:18:41.5461860Z [1m[32m  Downloaded[0m ryu v1.0.20
2025-09-20T21:18:41.5577810Z [1m[32m  Downloaded[0m percent-encoding v2.3.2
2025-09-20T21:18:41.5592040Z [1m[32m  Downloaded[0m num_cpus v1.17.0
2025-09-20T21:18:41.5662720Z [1m[32m  Downloaded[0m miniz_oxide v0.8.9
2025-09-20T21:18:41.5723590Z [1m[32m  Downloaded[0m litemap v0.8.0
2025-09-20T21:18:41.5764590Z [1m[32m  Downloaded[0m java-properties v2.0.0
2025-09-20T21:18:41.5780760Z [1m[32m  Downloaded[0m errno v0.3.14
2025-09-20T21:18:41.5818780Z [1m[32m  Downloaded[0m encoding_rs v0.8.35
2025-09-20T21:18:41.6125870Z [1m[32m  Downloaded[0m base64 v0.22.1
2025-09-20T21:18:41.6184590Z [1m[32m  Downloaded[0m attohttpc v0.28.5
2025-09-20T21:18:41.6268470Z [1m[32m  Downloaded[0m toml_write v0.1.2
2025-09-20T21:18:41.6286290Z [1m[32m  Downloaded[0m tinystr v0.8.1
2025-09-20T21:18:41.6330640Z [1m[32m  Downloaded[0m time v0.3.44
2025-09-20T21:18:41.6480900Z [1m[32m  Downloaded[0m thiserror-impl v2.0.16
2025-09-20T21:18:41.6507030Z [1m[32m  Downloaded[0m strip-ansi-escapes v0.2.1
2025-09-20T21:18:41.6522560Z [1m[32m  Downloaded[0m smallvec v1.15.1
2025-09-20T21:18:41.6556780Z [1m[32m  Downloaded[0m rustversion v1.0.22
2025-09-20T21:18:41.6643870Z [1m[32m  Downloaded[0m run_script v0.11.0
2025-09-20T21:18:41.6693980Z [1m[32m  Downloaded[0m regex v1.11.2
2025-09-20T21:18:41.6813920Z [1m[32m  Downloaded[0m rand_chacha v0.9.0
2025-09-20T21:18:41.6832430Z [1m[32m  Downloaded[0m potential_utf v0.1.3
2025-09-20T21:18:41.6844400Z [1m[32m  Downloaded[0m pkg-config v0.3.32
2025-09-20T21:18:41.6868590Z [1m[32m  Downloaded[0m lazy-regex-proc_macros v3.4.1
2025-09-20T21:18:41.6880500Z [1m[32m  Downloaded[0m itoa v1.0.15
2025-09-20T21:18:41.6923280Z [1m[32m  Downloaded[0m ignore v0.4.23
2025-09-20T21:18:41.6954890Z [1m[32m  Downloaded[0m idna_adapter v1.2.1
2025-09-20T21:18:41.6967280Z [1m[32m  Downloaded[0m icu_properties v2.0.1
2025-09-20T21:18:41.6996830Z [1m[32m  Downloaded[0m icu_locale_core v2.0.0
2025-09-20T21:18:41.7094300Z [1m[32m  Downloaded[0m fnv v1.0.7
2025-09-20T21:18:41.7106360Z [1m[32m  Downloaded[0m displaydoc v0.2.5
2025-09-20T21:18:41.7168950Z [1m[32m  Downloaded[0m dirs-sys-next v0.1.2
2025-09-20T21:18:41.7179400Z [1m[32m  Downloaded[0m dirs-next v2.0.0
2025-09-20T21:18:41.7196220Z [1m[32m  Downloaded[0m ctrlc v3.5.0
2025-09-20T21:18:41.7224860Z [1m[32m  Downloaded[0m crossbeam-utils v0.8.21
2025-09-20T21:18:41.7265570Z [1m[32m  Downloaded[0m cpufeatures v0.2.17
2025-09-20T21:18:41.7284580Z [1m[32m  Downloaded[0m cfg_aliases v0.2.1
2025-09-20T21:18:41.7295020Z [1m[32m  Downloaded[0m cfg-if v1.0.3
2025-09-20T21:18:41.7311610Z [1m[32m  Downloaded[0m cc v1.2.38
2025-09-20T21:18:41.7353720Z [1m[32m  Downloaded[0m cargo_metadata v0.19.2
2025-09-20T21:18:41.7379860Z [1m[32m  Downloaded[0m camino v1.2.0
2025-09-20T21:18:41.7416890Z [1m[32m  Downloaded[0m bzip2-sys v0.1.13+1.0.8
2025-09-20T21:18:41.7876170Z [1m[32m  Downloaded[0m bzip2 v0.5.2
2025-09-20T21:18:41.7900710Z [1m[32m  Downloaded[0m bitflags v2.9.4
2025-09-20T21:18:41.8251440Z [1m[32m  Downloaded[0m zerotrie v0.2.2
2025-09-20T21:18:41.8305710Z [1m[32m  Downloaded[0m zeroize v1.8.1
2025-09-20T21:18:41.8332880Z [1m[32m  Downloaded[0m zerofrom-derive v0.1.6
2025-09-20T21:18:41.8387600Z [1m[32m  Downloaded[0m yoke v0.8.0
2025-09-20T21:18:41.8414040Z [1m[32m  Downloaded[0m writeable v0.6.1
2025-09-20T21:18:41.8440690Z [1m[32m  Downloaded[0m webpki-roots v0.26.11
2025-09-20T21:18:41.8458200Z [1m[32m  Downloaded[0m walkdir v2.5.0
2025-09-20T21:18:41.8484740Z [1m[32m  Downloaded[0m version_check v0.9.5
2025-09-20T21:18:41.8500860Z [1m[32m  Downloaded[0m utf8_iter v1.0.4
2025-09-20T21:18:41.8515230Z [1m[32m  Downloaded[0m untrusted v0.9.0
2025-09-20T21:18:41.8538700Z [1m[32m  Downloaded[0m toml_datetime v0.6.11
2025-09-20T21:18:41.8553120Z [1m[32m  Downloaded[0m time-core v0.1.6
2025-09-20T21:18:41.8568200Z [1m[32m  Downloaded[0m subtle v2.6.1
2025-09-20T21:18:41.8583420Z [1m[32m  Downloaded[0m stable_deref_trait v1.2.0
2025-09-20T21:18:41.8607800Z [1m[32m  Downloaded[0m simd-adler32 v0.3.7
2025-09-20T21:18:41.8634370Z [1m[32m  Downloaded[0m sha2 v0.10.9
2025-09-20T21:18:41.8670950Z [1m[32m  Downloaded[0m serde_derive v1.0.225
2025-09-20T21:18:41.8713490Z [1m[32m  Downloaded[0m serde_core v1.0.225
2025-09-20T21:18:41.8749220Z [1m[32m  Downloaded[0m rand_core v0.9.3
2025-09-20T21:18:41.8765880Z [1m[32m  Downloaded[0m rand_chacha v0.3.1
2025-09-20T21:18:41.8779800Z [1m[32m  Downloaded[0m ppv-lite86 v0.2.21
2025-09-20T21:18:41.8795630Z [1m[32m  Downloaded[0m pin-project-lite v0.2.16
2025-09-20T21:18:41.8901690Z [1m[32m  Downloaded[0m num-conv v0.1.0
2025-09-20T21:18:41.8911870Z [1m[32m  Downloaded[0m libc v0.2.175
2025-09-20T21:18:41.9290830Z [1m[32m  Downloaded[0m lenient_semver_parser v0.4.2
2025-09-20T21:18:41.9304260Z [1m[32m  Downloaded[0m lazy_static v1.5.0
2025-09-20T21:18:41.9327660Z [1m[32m  Downloaded[0m lazy-regex v3.4.1
2025-09-20T21:18:41.9343070Z [1m[32m  Downloaded[0m globset v0.4.16
2025-09-20T21:18:41.9362580Z [1m[32m  Downloaded[0m deranged v0.5.3
2025-09-20T21:18:41.9391850Z [1m[32m  Downloaded[0m crossbeam-epoch v0.9.18
2025-09-20T21:18:41.9426920Z [1m[32m  Downloaded[0m crc32fast v1.5.0
2025-09-20T21:18:41.9453670Z [1m[32m  Downloaded[0m yoke-derive v0.8.0
2025-09-20T21:18:41.9467410Z [1m[32m  Downloaded[0m url v2.5.7
2025-09-20T21:18:41.9508160Z [1m[32m  Downloaded[0m typenum v1.18.0
2025-09-20T21:18:41.9859510Z [1m[32m  Downloaded[0m toml_edit v0.22.27
2025-09-20T21:18:41.9921820Z [1m[32m  Downloaded[0m toml v0.8.23
2025-09-20T21:18:41.9969720Z [1m[32m  Downloaded[0m serde_spanned v0.6.9
2025-09-20T21:18:41.9983030Z [1m[32m  Downloaded[0m serde_ignored v0.1.14
2025-09-20T21:18:42.0000450Z [1m[32m  Downloaded[0m rand_core v0.6.4
2025-09-20T21:18:42.0019640Z [1m[32m  Downloaded[0m rand v0.8.5
2025-09-20T21:18:42.0071940Z [1m[32m  Downloaded[0m parking v2.2.1
2025-09-20T21:18:42.0086300Z [1m[32m  Downloaded[0m log v0.4.28
2025-09-20T21:18:42.0123250Z [1m[32m  Downloaded[0m git_info v0.1.3
2025-09-20T21:18:42.0282460Z [1m[32m  Downloaded[0m chrono v0.4.42
2025-09-20T21:18:42.0386720Z [1m[32m  Downloaded[0m proc-macro2 v1.0.101
2025-09-20T21:18:42.0429830Z [1m[32m  Downloaded[0m nix v0.30.1
2025-09-20T21:18:42.0616180Z [1m[32m  Downloaded[0m idna v1.1.0
2025-09-20T21:18:42.0661640Z [1m[32m  Downloaded[0m http v1.3.1
2025-09-20T21:18:42.0712010Z [1m[32m  Downloaded[0m duckscriptsdk v0.11.1
2025-09-20T21:18:42.2262250Z [1m[32m  Downloaded[0m aho-corasick v1.1.3
2025-09-20T21:18:42.2342860Z [1m[32m  Downloaded[0m serde v1.0.225
2025-09-20T21:18:42.2363650Z [1m[32m  Downloaded[0m fixedbitset v0.5.7
2025-09-20T21:18:42.2389260Z [1m[32m  Downloaded[0m core-foundation-sys v0.8.7
2025-09-20T21:18:42.2439680Z [1m[32m  Downloaded[0m heck v0.5.0
2025-09-20T21:18:42.2460300Z [1m[32m  Downloaded[0m colored v2.2.0
2025-09-20T21:18:42.2514980Z [1m[32m  Downloaded[0m generic-array v0.14.7
2025-09-20T21:18:42.2532810Z [1m[32m  Downloaded[0m futures-core v0.3.31
2025-09-20T21:18:42.2550470Z [1m[32m  Downloaded[0m dispatch v0.2.0
2025-09-20T21:18:42.2567930Z [1m[32m  Downloaded[0m digest v0.10.7
2025-09-20T21:18:42.2595410Z [1m[32m  Downloaded[0m crypto-common v0.1.6
2025-09-20T21:18:42.2607470Z [1m[32m  Downloaded[0m crossbeam-deque v0.8.6
2025-09-20T21:18:42.2627340Z [1m[32m  Downloaded[0m block-buffer v0.10.4
2025-09-20T21:18:42.3196490Z [1m[32m   Compiling[0m proc-macro2 v1.0.101
2025-09-20T21:18:42.3197200Z [1m[32m   Compiling[0m unicode-ident v1.0.19
2025-09-20T21:18:42.3197490Z [1m[32m   Compiling[0m libc v0.2.175
2025-09-20T21:18:42.6028780Z [1m[32m   Compiling[0m cfg-if v1.0.3
2025-09-20T21:18:42.6310460Z [1m[32m   Compiling[0m serde_core v1.0.225
2025-09-20T21:18:44.9132310Z [1m[32m   Compiling[0m quote v1.0.40
2025-09-20T21:18:45.0627510Z [1m[32m   Compiling[0m syn v2.0.106
2025-09-20T21:18:45.0630050Z [1m[32m   Compiling[0m memchr v2.7.5
2025-09-20T21:18:45.4468950Z [1m[32m   Compiling[0m stable_deref_trait v1.2.0
2025-09-20T21:18:45.4841140Z [1m[32m   Compiling[0m shlex v1.3.0
2025-09-20T21:18:45.5840670Z [1m[32m   Compiling[0m find-msvc-tools v0.1.2
2025-09-20T21:18:45.6819670Z [1m[32m   Compiling[0m cc v1.2.38
2025-09-20T21:18:45.8558880Z [1m[32m   Compiling[0m zerocopy v0.8.27
2025-09-20T21:18:46.5183700Z [1m[32m   Compiling[0m getrandom v0.3.3
2025-09-20T21:18:46.6578530Z [1m[32m   Compiling[0m autocfg v1.5.0
2025-09-20T21:18:46.8415520Z [1m[32m   Compiling[0m serde v1.0.225
2025-09-20T21:18:47.0067300Z [1m[32m   Compiling[0m synstructure v0.13.2
2025-09-20T21:18:47.1204230Z [1m[32m   Compiling[0m ppv-lite86 v0.2.21
2025-09-20T21:18:47.3176850Z [1m[32m   Compiling[0m aho-corasick v1.1.3
2025-09-20T21:18:47.3282710Z [1m[32m   Compiling[0m writeable v0.6.1
2025-09-20T21:18:47.5010890Z [1m[32m   Compiling[0m litemap v0.8.0
2025-09-20T21:18:47.6074410Z [1m[32m   Compiling[0m regex-syntax v0.8.6
2025-09-20T21:18:47.9681590Z [1m[32m   Compiling[0m zerofrom-derive v0.1.6
2025-09-20T21:18:48.6461420Z [1m[32m   Compiling[0m zerofrom v0.1.6
2025-09-20T21:18:48.6918790Z [1m[32m   Compiling[0m yoke-derive v0.8.0
2025-09-20T21:18:49.0519290Z [1m[32m   Compiling[0m zerovec-derive v0.11.1
2025-09-20T21:18:49.2507080Z [1m[32m   Compiling[0m yoke v0.8.0
2025-09-20T21:18:49.3306070Z [1m[32m   Compiling[0m displaydoc v0.2.5
2025-09-20T21:18:49.6473670Z [1m[32m   Compiling[0m zerovec v0.11.4
2025-09-20T21:18:49.6579460Z [1m[32m   Compiling[0m serde_derive v1.0.225
2025-09-20T21:18:50.2478710Z [1m[32m   Compiling[0m tinystr v0.8.1
2025-09-20T21:18:50.3352890Z [1m[32m   Compiling[0m icu_locale_core v2.0.0
2025-09-20T21:18:50.6091680Z [1m[32m   Compiling[0m potential_utf v0.1.3
2025-09-20T21:18:50.6800320Z [1m[32m   Compiling[0m zerotrie v0.2.2
2025-09-20T21:18:50.9919690Z [1m[32m   Compiling[0m regex-automata v0.4.10
2025-09-20T21:18:51.8354110Z [1m[32m   Compiling[0m rand_core v0.9.3
2025-09-20T21:18:51.9541480Z [1m[32m   Compiling[0m getrandom v0.2.16
2025-09-20T21:18:52.0346590Z [1m[32m   Compiling[0m icu_properties_data v2.0.1
2025-09-20T21:18:52.1478140Z [1m[32m   Compiling[0m typenum v1.18.0
2025-09-20T21:18:52.2679940Z [1m[32m   Compiling[0m icu_normalizer_data v2.0.0
2025-09-20T21:18:52.3403840Z [1m[32m   Compiling[0m version_check v0.9.5
2025-09-20T21:18:52.4014800Z [1m[32m   Compiling[0m log v0.4.28
2025-09-20T21:18:52.5022270Z [1m[32m   Compiling[0m generic-array v0.14.7
2025-09-20T21:18:52.5434680Z [1m[32m   Compiling[0m rand_chacha v0.9.0
2025-09-20T21:18:52.6174100Z [1m[32m   Compiling[0m icu_provider v2.0.0
2025-09-20T21:18:52.8423120Z [1m[32m   Compiling[0m icu_collections v2.0.0
2025-09-20T21:18:53.1863540Z [1m[32m   Compiling[0m ring v0.17.14
2025-09-20T21:18:53.7126790Z [1m[32m   Compiling[0m zeroize v1.8.1
2025-09-20T21:18:53.8224680Z [1m[32m   Compiling[0m crc32fast v1.5.0
2025-09-20T21:18:54.3402080Z [1m[32m   Compiling[0m rustls-pki-types v1.12.0
2025-09-20T21:18:55.7340360Z [1m[32m   Compiling[0m rand v0.9.2
2025-09-20T21:18:56.8076120Z [1m[32m   Compiling[0m pkg-config v0.3.32
2025-09-20T21:18:59.3847700Z [1m[32m   Compiling[0m smallvec v1.15.1
2025-09-20T21:18:59.4976810Z [1m[32m   Compiling[0m thiserror v2.0.16
2025-09-20T21:18:59.6673880Z [1m[32m   Compiling[0m crossbeam-utils v0.8.21
2025-09-20T21:18:59.8059150Z [1m[32m   Compiling[0m hashbrown v0.16.0
2025-09-20T21:19:00.1552430Z [1m[32m   Compiling[0m equivalent v1.0.2
2025-09-20T21:19:00.2604620Z [1m[32m   Compiling[0m icu_normalizer v2.0.0
2025-09-20T21:19:00.3116220Z [1m[32m   Compiling[0m indexmap v2.11.4
2025-09-20T21:19:00.8548500Z [1m[32m   Compiling[0m bzip2-sys v0.1.13+1.0.8
2025-09-20T21:19:01.0005710Z [1m[32m   Compiling[0m icu_properties v2.0.1
2025-09-20T21:19:01.2587070Z [1m[32m   Compiling[0m fsio v0.4.1
2025-09-20T21:19:01.5016100Z [1m[32m   Compiling[0m regex v1.11.2
2025-09-20T21:19:01.8457640Z [1m[32m   Compiling[0m thiserror-impl v2.0.16
2025-09-20T21:19:02.0175030Z [1m[32m   Compiling[0m num-traits v0.2.19
2025-09-20T21:19:02.1324290Z [1m[32m   Compiling[0m semver v1.0.27
2025-09-20T21:19:02.3806710Z [1m[32m   Compiling[0m itoa v1.0.15
2025-09-20T21:19:02.4282290Z [1m[32m   Compiling[0m bitflags v2.9.4
2025-09-20T21:19:02.5387960Z [1m[32m   Compiling[0m adler2 v2.0.1
2025-09-20T21:19:02.5489360Z [1m[32m   Compiling[0m untrusted v0.9.0
2025-09-20T21:19:02.5889220Z [1m[32m   Compiling[0m once_cell v1.21.3
2025-09-20T21:19:02.6033080Z [1m[32m   Compiling[0m miniz_oxide v0.8.9
2025-09-20T21:19:03.0211020Z [1m[32m   Compiling[0m idna_adapter v1.2.1
2025-09-20T21:19:03.2449740Z [1m[32m   Compiling[0m indexmap v1.9.3
2025-09-20T21:19:03.3538550Z [1m[32m   Compiling[0m rustls v0.23.32
2025-09-20T21:19:03.4308010Z [1m[32m   Compiling[0m core-foundation-sys v0.8.7
2025-09-20T21:19:03.4423360Z [1m[32m   Compiling[0m rustix v0.38.44
2025-09-20T21:19:03.5284820Z [1m[32m   Compiling[0m cfg_aliases v0.2.1
2025-09-20T21:19:03.5594930Z [1m[32m   Compiling[0m percent-encoding v2.3.2
2025-09-20T21:19:03.5875340Z [1m[32m   Compiling[0m utf8_iter v1.0.4
2025-09-20T21:19:03.6381810Z [1m[32m   Compiling[0m powerfmt v0.2.0
2025-09-20T21:19:03.6513120Z [1m[32m   Compiling[0m serde_json v1.0.145
2025-09-20T21:19:03.7371790Z [1m[32m   Compiling[0m deranged v0.5.3
2025-09-20T21:19:03.7482140Z [1m[32m   Compiling[0m idna v1.1.0
2025-09-20T21:19:04.3617440Z [1m[32m   Compiling[0m form_urlencoded v1.2.2
2025-09-20T21:19:04.4111500Z [1m[32m   Compiling[0m nix v0.30.1
2025-09-20T21:19:04.4890920Z [1m[32m   Compiling[0m iana-time-zone v0.1.64
2025-09-20T21:19:04.5526210Z [1m[32m   Compiling[0m rustls-webpki v0.103.6
2025-09-20T21:19:04.6668530Z [1m[32m   Compiling[0m crossbeam-epoch v0.9.18
2025-09-20T21:19:04.6928770Z [1m[32m   Compiling[0m lazy-regex-proc_macros v3.4.1
2025-09-20T21:19:04.8441870Z [1m[32m   Compiling[0m flate2 v1.1.2
2025-09-20T21:19:05.1423050Z [1m[32m   Compiling[0m crypto-common v0.1.6
2025-09-20T21:19:05.1839300Z [1m[32m   Compiling[0m block-buffer v0.10.4
2025-09-20T21:19:05.2315660Z [1m[32m   Compiling[0m webpki-roots v1.0.2
2025-09-20T21:19:05.2717770Z [1m[32m   Compiling[0m rand_core v0.6.4
2025-09-20T21:19:05.3616220Z [1m[32m   Compiling[0m bstr v1.12.0
2025-09-20T21:19:05.4089810Z [1m[32m   Compiling[0m errno v0.3.14
2025-09-20T21:19:05.4564680Z [1m[32m   Compiling[0m same-file v1.0.6
2025-09-20T21:19:05.5026650Z [1m[32m   Compiling[0m futures-core v0.3.31
2025-09-20T21:19:05.5467690Z [1m[32m   Compiling[0m simd-adler32 v0.3.7
2025-09-20T21:19:05.6618630Z [1m[32m   Compiling[0m bumpalo v3.19.0
2025-09-20T21:19:05.7510230Z [1m[32m   Compiling[0m zip v2.4.2
2025-09-20T21:19:05.7835660Z [1m[32m   Compiling[0m lazy_static v1.5.0
2025-09-20T21:19:05.8245490Z [1m[32m   Compiling[0m rustversion v1.0.22
2025-09-20T21:19:05.8391180Z [1m[32m   Compiling[0m fnv v1.0.7
2025-09-20T21:19:05.8653470Z [1m[32m   Compiling[0m hashbrown v0.12.3
2025-09-20T21:19:05.9965520Z [1m[32m   Compiling[0m futures-io v0.3.31
2025-09-20T21:19:06.0604570Z [1m[32m   Compiling[0m camino v1.2.0
2025-09-20T21:19:06.1054350Z [1m[32m   Compiling[0m fastrand v2.3.0
2025-09-20T21:19:06.1823330Z [1m[32m   Compiling[0m ryu v1.0.20
2025-09-20T21:19:06.2184160Z [1m[32m   Compiling[0m bytes v1.10.1
2025-09-20T21:19:06.2342050Z [1m[32m   Compiling[0m parking v2.2.1
2025-09-20T21:19:06.2998300Z [1m[32m   Compiling[0m time-core v0.1.6
2025-09-20T21:19:06.3021990Z [1m[32m   Compiling[0m pin-project-lite v0.2.16
2025-09-20T21:19:06.3267520Z [1m[32m   Compiling[0m either v1.15.0
2025-09-20T21:19:06.3623190Z [1m[32m   Compiling[0m subtle v2.6.1
2025-09-20T21:19:06.4200300Z [1m[32m   Compiling[0m num-conv v0.1.0
2025-09-20T21:19:06.4700190Z [1m[32m   Compiling[0m time v0.3.44
2025-09-20T21:19:06.6117370Z [1m[32m   Compiling[0m http v1.3.1
2025-09-20T21:19:06.8028500Z [1m[32m   Compiling[0m futures-lite v2.6.1
2025-09-20T21:19:07.6745700Z [1m[32m   Compiling[0m zopfli v0.8.2
2025-09-20T21:19:08.2893410Z [1m[32m   Compiling[0m globset v0.4.16
2025-09-20T21:19:08.3165120Z [1m[32m   Compiling[0m walkdir v2.5.0
2025-09-20T21:19:09.5406230Z [1m[32m   Compiling[0m chrono v0.4.42
2025-09-20T21:19:09.5940060Z [1m[32m   Compiling[0m rand_chacha v0.3.1
2025-09-20T21:19:10.5628570Z [1m[32m   Compiling[0m webpki-roots v0.26.11
2025-09-20T21:19:10.5929200Z [1m[32m   Compiling[0m digest v0.10.7
2025-09-20T21:19:10.6932860Z [1m[32m   Compiling[0m lazy-regex v3.4.1
2025-09-20T21:19:10.7499230Z [1m[32m   Compiling[0m crossbeam-deque v0.8.6
2025-09-20T21:19:10.8716350Z [1m[32m   Compiling[0m bzip2 v0.5.2
2025-09-20T21:19:10.9908470Z [1m[32m   Compiling[0m url v2.5.7
2025-09-20T21:19:12.2223890Z [1m[32m   Compiling[0m lenient_semver_version_builder v0.4.2
2025-09-20T21:19:12.4546880Z [1m[32m   Compiling[0m serde_spanned v0.6.9
2025-09-20T21:19:12.5149160Z [1m[32m   Compiling[0m toml_datetime v0.6.11
2025-09-20T21:19:12.6044160Z [1m[32m   Compiling[0m cpufeatures v0.2.17
2025-09-20T21:19:12.6554190Z [1m[32m   Compiling[0m encoding_rs v0.8.35
2025-09-20T21:19:12.6914440Z [1m[32m   Compiling[0m home v0.5.11
2025-09-20T21:19:12.7521710Z [1m[32m   Compiling[0m toml_write v0.1.2
2025-09-20T21:19:12.8642880Z [1m[32m   Compiling[0m winnow v0.7.13
2025-09-20T21:19:14.7977010Z [1m[32m   Compiling[0m toml_edit v0.22.27
2025-09-20T21:19:15.9394150Z [1m[32m   Compiling[0m java-properties v2.0.0
2025-09-20T21:19:16.2202770Z [1m[32m   Compiling[0m which v6.0.3
2025-09-20T21:19:16.4460000Z [1m[32m   Compiling[0m sha2 v0.10.9
2025-09-20T21:19:16.8888210Z [1m[32m   Compiling[0m lenient_semver_parser v0.4.2
2025-09-20T21:19:17.0356240Z [1m[32m   Compiling[0m attohttpc v0.28.5
2025-09-20T21:19:18.9456730Z [1m[32m   Compiling[0m ignore v0.4.23
2025-09-20T21:19:19.2101720Z [1m[32m   Compiling[0m suppaftp v6.3.0
2025-09-20T21:19:19.9147780Z [1m[32m   Compiling[0m rand v0.8.5
2025-09-20T21:19:20.8999230Z [1m[32m   Compiling[0m envmnt v0.10.4
2025-09-20T21:19:21.0285160Z [1m[32m   Compiling[0m colored v2.2.0
2025-09-20T21:19:21.0816680Z [1m[32m   Compiling[0m duckscript v0.10.0
2025-09-20T21:19:21.2853570Z [1m[32m   Compiling[0m cargo-platform v0.1.9
2025-09-20T21:19:21.4727710Z [1m[32m   Compiling[0m vte v0.14.1
2025-09-20T21:19:21.5577960Z [1m[32m   Compiling[0m dirs-sys-next v0.1.2
2025-09-20T21:19:21.6214200Z [1m[32m   Compiling[0m uname v0.1.1
2025-09-20T21:19:21.6636680Z [1m[32m   Compiling[0m num_cpus v1.17.0
2025-09-20T21:19:21.7140390Z [1m[32m   Compiling[0m dispatch v0.2.0
2025-09-20T21:19:21.7501550Z [1m[32m   Compiling[0m glob v0.3.3
2025-09-20T21:19:21.8011590Z [1m[32m   Compiling[0m evalexpr v11.3.1
2025-09-20T21:19:21.8120810Z [1m[32m   Compiling[0m heck v0.5.0
2025-09-20T21:19:22.1673100Z [1m[32m   Compiling[0m fs_extra v1.3.0
2025-09-20T21:19:22.2530280Z [1m[32m   Compiling[0m base64 v0.22.1
2025-09-20T21:19:22.3632720Z [1m[32m   Compiling[0m whoami v1.6.1
2025-09-20T21:19:22.5876400Z [1m[32m   Compiling[0m fixedbitset v0.5.7
2025-09-20T21:19:22.5979470Z [1m[32m   Compiling[0m strum_macros v0.26.4
2025-09-20T21:19:22.7481990Z [1m[32m   Compiling[0m petgraph v0.7.1
2025-09-20T21:19:22.8072090Z [1m[32m   Compiling[0m duckscriptsdk v0.11.1
2025-09-20T21:19:23.6078770Z [1m[32m   Compiling[0m ctrlc v3.5.0
2025-09-20T21:19:23.6746040Z [1m[32m   Compiling[0m dirs-next v2.0.0
2025-09-20T21:19:23.7247460Z [1m[32m   Compiling[0m strip-ansi-escapes v0.2.1
2025-09-20T21:19:23.9901090Z [1m[32m   Compiling[0m cargo_metadata v0.19.2
2025-09-20T21:19:24.0917130Z [1m[32m   Compiling[0m ci_info v0.14.14
2025-09-20T21:19:24.3556200Z [1m[32m   Compiling[0m lenient_semver v0.4.2
2025-09-20T21:19:24.4569750Z [1m[32m   Compiling[0m toml v0.8.23
2025-09-20T21:19:25.4649130Z [1m[32m   Compiling[0m itertools v0.14.0
2025-09-20T21:19:26.3140220Z [1m[32m   Compiling[0m shell2batch v0.4.5
2025-09-20T21:19:26.7128390Z [1m[32m   Compiling[0m run_script v0.11.0
2025-09-20T21:19:26.9790970Z [1m[32m   Compiling[0m fern v0.7.1
2025-09-20T21:19:27.2109780Z [1m[32m   Compiling[0m serde_ignored v0.1.14
2025-09-20T21:19:27.3030190Z [1m[32m   Compiling[0m rust_info v0.3.3
2025-09-20T21:19:27.5076650Z [1m[32m   Compiling[0m git_info v0.1.3
2025-09-20T21:19:27.6167920Z [1m[32m   Compiling[0m cliparser v0.1.2
2025-09-20T21:19:27.7447590Z [1m[32m   Compiling[0m colored v3.0.0
2025-09-20T21:19:27.9905890Z [1m[32m   Compiling[0m hex v0.4.3
2025-09-20T21:19:28.1161040Z [1m[32m   Compiling[0m cargo-make v0.37.24
2025-09-20T21:20:45.8004140Z [1m[32m    Finished[0m `release` profile [optimized] target(s) in 2m 06s
2025-09-20T21:20:45.9019150Z [1m[32m  Installing[0m /Users/runner/.cargo/bin/cargo-make
2025-09-20T21:20:45.9019970Z [1m[32m  Installing[0m /Users/runner/.cargo/bin/makers
2025-09-20T21:20:45.9098830Z [1m[32m   Installed[0m package `cargo-make v0.37.24` (executables `cargo-make`, `makers`)
