2025-09-20T21:26:27.5336249Z Current runner version: '2.328.0'
2025-09-20T21:26:27.5360518Z ##[group]Runner Image Provisioner
2025-09-20T21:26:27.5361632Z Hosted Compute Agent
2025-09-20T21:26:27.5362226Z Version: 20250829.383
2025-09-20T21:26:27.5362800Z Commit: 27cb235aab5b0e52e153a26cd86b4742e89dac5d
2025-09-20T21:26:27.5363569Z Build Date: 2025-08-29T13:48:48Z
2025-09-20T21:26:27.5364119Z ##[endgroup]
2025-09-20T21:26:27.5364682Z ##[group]Operating System
2025-09-20T21:26:27.5365243Z Ubuntu
2025-09-20T21:26:27.5365742Z 24.04.3
2025-09-20T21:26:27.5366170Z LTS
2025-09-20T21:26:27.5366655Z ##[endgroup]
2025-09-20T21:26:27.5367146Z ##[group]Runner Image
2025-09-20T21:26:27.5367679Z Image: ubuntu-24.04
2025-09-20T21:26:27.5368212Z Version: 20250907.24.1
2025-09-20T21:26:27.5369219Z Included Software: https://github.com/actions/runner-images/blob/ubuntu24/20250907.24/images/ubuntu/Ubuntu2404-Readme.md
2025-09-20T21:26:27.5370767Z Image Release: https://github.com/actions/runner-images/releases/tag/ubuntu24%2F20250907.24
2025-09-20T21:26:27.5372088Z ##[endgroup]
2025-09-20T21:26:27.5374605Z ##[group]GITHUB_TOKEN Permissions
2025-09-20T21:26:27.5376660Z Actions: write
2025-09-20T21:26:27.5377220Z Attestations: write
2025-09-20T21:26:27.5377683Z Checks: write
2025-09-20T21:26:27.5378293Z Contents: write
2025-09-20T21:26:27.5378805Z Deployments: write
2025-09-20T21:26:27.5379308Z Discussions: write
2025-09-20T21:26:27.5379847Z Issues: write
2025-09-20T21:26:27.5380323Z Metadata: read
2025-09-20T21:26:27.5380771Z Models: read
2025-09-20T21:26:27.5381308Z Packages: write
2025-09-20T21:26:27.5382180Z Pages: write
2025-09-20T21:26:27.5382656Z PullRequests: write
2025-09-20T21:26:27.5383255Z RepositoryProjects: write
2025-09-20T21:26:27.5383785Z SecurityEvents: write
2025-09-20T21:26:27.5384474Z Statuses: write
2025-09-20T21:26:27.5384973Z ##[endgroup]
2025-09-20T21:26:27.5387157Z Secret source: Actions
2025-09-20T21:26:27.5387874Z Prepare workflow directory
2025-09-20T21:26:27.6107092Z Prepare all required actions
2025-09-20T21:26:27.6164328Z Getting action download info
2025-09-20T21:26:27.8764474Z Download action repository 'actions/checkout@v4' (SHA:08eba0b27e820071cde6df949e0beb9ba4906955)
2025-09-20T21:26:28.0639599Z Download action repository 'jlumbroso/free-disk-space@main' (SHA:54081f138730dfa15788a46383842cd2f914a1be)
2025-09-20T21:26:28.3866251Z Uses: Avarok-Cybersecurity/Citadel-Protocol/.github/workflows/validate.yml@refs/pull/236/merge (7edf0bb75f061919add02f6d6a82672c0b2e9654)
2025-09-20T21:26:28.3871562Z Complete job name: Validate PR / docker_nat_p2p (address_restricted, address_restricted)
2025-09-20T21:26:28.4488527Z ##[group]Run actions/checkout@v4
2025-09-20T21:26:28.4489388Z with:
2025-09-20T21:26:28.4489863Z   repository: Avarok-Cybersecurity/Citadel-Protocol
2025-09-20T21:26:28.4490648Z   token: ***
2025-09-20T21:26:28.4491023Z   ssh-strict: true
2025-09-20T21:26:28.4491664Z   ssh-user: git
2025-09-20T21:26:28.4492062Z   persist-credentials: true
2025-09-20T21:26:28.4492502Z   clean: true
2025-09-20T21:26:28.4492889Z   sparse-checkout-cone-mode: true
2025-09-20T21:26:28.4493391Z   fetch-depth: 1
2025-09-20T21:26:28.4493773Z   fetch-tags: false
2025-09-20T21:26:28.4494180Z   show-progress: true
2025-09-20T21:26:28.4494581Z   lfs: false
2025-09-20T21:26:28.4494940Z   submodules: false
2025-09-20T21:26:28.4495389Z   set-safe-directory: true
2025-09-20T21:26:28.4496080Z env:
2025-09-20T21:26:28.4496457Z   CARGO_TERM_COLOR: always
2025-09-20T21:26:28.4496900Z   RUST_BACKTRACE: full
2025-09-20T21:26:28.4497317Z   RUST_MIN_STACK: 40971520
2025-09-20T21:26:28.4497742Z   RUST_LOG: citadel=warn
2025-09-20T21:26:28.4498195Z   IN_CI: true
2025-09-20T21:26:28.4498574Z   NAT_TYPE_PEER_A: address_restricted
2025-09-20T21:26:28.4499086Z   NAT_TYPE_PEER_B: address_restricted
2025-09-20T21:26:28.4499554Z ##[endgroup]
2025-09-20T21:26:28.5603766Z Syncing repository: Avarok-Cybersecurity/Citadel-Protocol
2025-09-20T21:26:28.5606842Z ##[group]Getting Git version info
2025-09-20T21:26:28.5608208Z Working directory is '/home/runner/work/Citadel-Protocol/Citadel-Protocol'
2025-09-20T21:26:28.5610571Z [command]/usr/bin/git version
2025-09-20T21:26:28.5760694Z git version 2.51.0
2025-09-20T21:26:28.5801639Z ##[endgroup]
2025-09-20T21:26:28.5821579Z Temporarily overriding HOME='/home/runner/work/_temp/81732bd5-89c4-462e-918a-03ffef920a50' before making global git config changes
2025-09-20T21:26:28.5823440Z Adding repository directory to the temporary git global config as a safe directory
2025-09-20T21:26:28.5829228Z [command]/usr/bin/git config --global --add safe.directory /home/runner/work/Citadel-Protocol/Citadel-Protocol
2025-09-20T21:26:28.5883078Z Deleting the contents of '/home/runner/work/Citadel-Protocol/Citadel-Protocol'
2025-09-20T21:26:28.5887485Z ##[group]Initializing the repository
2025-09-20T21:26:28.5894196Z [command]/usr/bin/git init /home/runner/work/Citadel-Protocol/Citadel-Protocol
2025-09-20T21:26:28.6051056Z hint: Using 'master' as the name for the initial branch. This default branch name
2025-09-20T21:26:28.6052226Z hint: is subject to change. To configure the initial branch name to use in all
2025-09-20T21:26:28.6053128Z hint: of your new repositories, which will suppress this warning, call:
2025-09-20T21:26:28.6053795Z hint:
2025-09-20T21:26:28.6054260Z hint: 	git config --global init.defaultBranch <name>
2025-09-20T21:26:28.6054823Z hint:
2025-09-20T21:26:28.6055357Z hint: Names commonly chosen instead of 'master' are 'main', 'trunk' and
2025-09-20T21:26:28.6056248Z hint: 'development'. The just-created branch can be renamed via this command:
2025-09-20T21:26:28.6057091Z hint:
2025-09-20T21:26:28.6057711Z hint: 	git branch -m <name>
2025-09-20T21:26:28.6058212Z hint:
2025-09-20T21:26:28.6058802Z hint: Disable this message with "git config set advice.defaultBranchName false"
2025-09-20T21:26:28.6060133Z Initialized empty Git repository in /home/runner/work/Citadel-Protocol/Citadel-Protocol/.git/
2025-09-20T21:26:28.6070823Z [command]/usr/bin/git remote add origin https://github.com/Avarok-Cybersecurity/Citadel-Protocol
2025-09-20T21:26:28.6112259Z ##[endgroup]
2025-09-20T21:26:28.6112963Z ##[group]Disabling automatic garbage collection
2025-09-20T21:26:28.6116525Z [command]/usr/bin/git config --local gc.auto 0
2025-09-20T21:26:28.6147804Z ##[endgroup]
2025-09-20T21:26:28.6148987Z ##[group]Setting up auth
2025-09-20T21:26:28.6156029Z [command]/usr/bin/git config --local --name-only --get-regexp core\.sshCommand
2025-09-20T21:26:28.6188797Z [command]/usr/bin/git submodule foreach --recursive sh -c "git config --local --name-only --get-regexp 'core\.sshCommand' && git config --local --unset-all 'core.sshCommand' || :"
2025-09-20T21:26:28.6570514Z [command]/usr/bin/git config --local --name-only --get-regexp http\.https\:\/\/github\.com\/\.extraheader
2025-09-20T21:26:28.6602281Z [command]/usr/bin/git submodule foreach --recursive sh -c "git config --local --name-only --get-regexp 'http\.https\:\/\/github\.com\/\.extraheader' && git config --local --unset-all 'http.https://github.com/.extraheader' || :"
2025-09-20T21:26:28.6841053Z [command]/usr/bin/git config --local http.https://github.com/.extraheader AUTHORIZATION: basic ***
2025-09-20T21:26:28.6886372Z ##[endgroup]
2025-09-20T21:26:28.6895472Z ##[group]Fetching the repository
2025-09-20T21:26:28.6896854Z [command]/usr/bin/git -c protocol.version=2 fetch --no-tags --prune --no-recurse-submodules --depth=1 origin +7edf0bb75f061919add02f6d6a82672c0b2e9654:refs/remotes/pull/236/merge
2025-09-20T21:26:29.1606425Z From https://github.com/Avarok-Cybersecurity/Citadel-Protocol
2025-09-20T21:26:29.1608288Z  * [new ref]         7edf0bb75f061919add02f6d6a82672c0b2e9654 -> pull/236/merge
2025-09-20T21:26:29.1642282Z ##[endgroup]
2025-09-20T21:26:29.1643563Z ##[group]Determining the checkout info
2025-09-20T21:26:29.1646486Z ##[endgroup]
2025-09-20T21:26:29.1650279Z [command]/usr/bin/git sparse-checkout disable
2025-09-20T21:26:29.1696533Z [command]/usr/bin/git config --local --unset-all extensions.worktreeConfig
2025-09-20T21:26:29.1729165Z ##[group]Checking out the ref
2025-09-20T21:26:29.1733596Z [command]/usr/bin/git checkout --progress --force refs/remotes/pull/236/merge
2025-09-20T21:26:30.2173452Z Updating files:  98% (327/332)
2025-09-20T21:26:30.2180030Z Updating files:  99% (329/332)
2025-09-20T21:26:30.2182262Z Updating files: 100% (332/332)
2025-09-20T21:26:30.2182868Z Updating files: 100% (332/332), done.
2025-09-20T21:26:30.2191366Z Note: switching to 'refs/remotes/pull/236/merge'.
2025-09-20T21:26:30.2192638Z 
2025-09-20T21:26:30.2193113Z You are in 'detached HEAD' state. You can look around, make experimental
2025-09-20T21:26:30.2194131Z changes and commit them, and you can discard any commits you make in this
2025-09-20T21:26:30.2195142Z state without impacting any branches by switching back to a branch.
2025-09-20T21:26:30.2195688Z 
2025-09-20T21:26:30.2196099Z If you want to create a new branch to retain commits you create, you may
2025-09-20T21:26:30.2197021Z do so (now or later) by using -c with the switch command. Example:
2025-09-20T21:26:30.2197582Z 
2025-09-20T21:26:30.2197846Z   git switch -c <new-branch-name>
2025-09-20T21:26:30.2199954Z 
2025-09-20T21:26:30.2200410Z Or undo this operation with:
2025-09-20T21:26:30.2200798Z 
2025-09-20T21:26:30.2200987Z   git switch -
2025-09-20T21:26:30.2201228Z 
2025-09-20T21:26:30.2201868Z Turn off this advice by setting config variable advice.detachedHead to false
2025-09-20T21:26:30.2202498Z 
2025-09-20T21:26:30.2203252Z HEAD is now at 7edf0bb Merge 8a89b2152348ab91c1a5bd335ccb554a7eae26c5 into 2b40ca3c28904a155dd62f453494820feec744f0
2025-09-20T21:26:30.2514035Z ##[endgroup]
2025-09-20T21:26:30.2556142Z [command]/usr/bin/git log -1 --format=%H
2025-09-20T21:26:30.2580648Z 7edf0bb75f061919add02f6d6a82672c0b2e9654
2025-09-20T21:26:30.2825170Z ##[group]Run jlumbroso/free-disk-space@main
2025-09-20T21:26:30.2825549Z with:
2025-09-20T21:26:30.2825772Z   android: true
2025-09-20T21:26:30.2826015Z   dotnet: true
2025-09-20T21:26:30.2826228Z   haskell: true
2025-09-20T21:26:30.2826455Z   large-packages: true
2025-09-20T21:26:30.2826693Z   docker-images: true
2025-09-20T21:26:30.2826944Z   tool-cache: false
2025-09-20T21:26:30.2827156Z   swap-storage: true
2025-09-20T21:26:30.2827377Z env:
2025-09-20T21:26:30.2827577Z   CARGO_TERM_COLOR: always
2025-09-20T21:26:30.2827820Z   RUST_BACKTRACE: full
2025-09-20T21:26:30.2828074Z   RUST_MIN_STACK: 40971520
2025-09-20T21:26:30.2828302Z   RUST_LOG: citadel=warn
2025-09-20T21:26:30.2828531Z   IN_CI: true
2025-09-20T21:26:30.2828748Z   NAT_TYPE_PEER_A: address_restricted
2025-09-20T21:26:30.2829041Z   NAT_TYPE_PEER_B: address_restricted
2025-09-20T21:26:30.2829296Z ##[endgroup]
2025-09-20T21:26:30.2940560Z ##[group]Run # ======
2025-09-20T21:26:30.2941882Z [36;1m[0m
2025-09-20T21:26:30.2942169Z [36;1m# ======[0m
2025-09-20T21:26:30.2942388Z [36;1m# MACROS[0m
2025-09-20T21:26:30.2942597Z [36;1m# ======[0m
2025-09-20T21:26:30.2942795Z [36;1m[0m
2025-09-20T21:26:30.2943037Z [36;1m# macro to print a line of equals[0m
2025-09-20T21:26:30.2943338Z [36;1m# (silly but works)[0m
2025-09-20T21:26:30.2943616Z [36;1mprintSeparationLine() {[0m
2025-09-20T21:26:30.2943907Z [36;1m  str=${1:=}[0m
2025-09-20T21:26:30.2944133Z [36;1m  num=${2:-80}[0m
2025-09-20T21:26:30.2944361Z [36;1m  counter=1[0m
2025-09-20T21:26:30.2944579Z [36;1m  output=""[0m
2025-09-20T21:26:30.2944821Z [36;1m  while [ $counter -le $num ][0m
2025-09-20T21:26:30.2945082Z [36;1m  do[0m
2025-09-20T21:26:30.2945301Z [36;1m     output="${output}${str}"[0m
2025-09-20T21:26:30.2945572Z [36;1m     counter=$((counter+1))[0m
2025-09-20T21:26:30.2945829Z [36;1m  done[0m
2025-09-20T21:26:30.2946044Z [36;1m  echo "${output}"[0m
2025-09-20T21:26:30.2946274Z [36;1m}[0m
2025-09-20T21:26:30.2946470Z [36;1m[0m
2025-09-20T21:26:30.2946694Z [36;1m# macro to compute available space[0m
2025-09-20T21:26:30.2947082Z [36;1m# REF: https://unix.stackexchange.com/a/42049/60849[0m
2025-09-20T21:26:30.2947467Z [36;1m# REF: https://stackoverflow.com/a/450821/408734[0m
2025-09-20T21:26:30.2947980Z [36;1mgetAvailableSpace() { echo $(df -a $1 | awk 'NR > 1 {avail+=$4} END {print avail}'); }[0m
2025-09-20T21:26:30.2948583Z [36;1m[0m
2025-09-20T21:26:30.2948857Z [36;1m# macro to make Kb human readable (assume the input is Kb)[0m
2025-09-20T21:26:30.2949256Z [36;1m# REF: https://unix.stackexchange.com/a/44087/60849[0m
2025-09-20T21:26:30.2949711Z [36;1mformatByteCount() { echo $(numfmt --to=iec-i --suffix=B --padding=7 $1'000'); }[0m
2025-09-20T21:26:30.2950114Z [36;1m[0m
2025-09-20T21:26:30.2950318Z [36;1m# macro to output saved space[0m
2025-09-20T21:26:30.2950606Z [36;1mprintSavedSpace() {[0m
2025-09-20T21:26:30.2950846Z [36;1m  saved=${1}[0m
2025-09-20T21:26:30.2951075Z [36;1m  title=${2:-}[0m
2025-09-20T21:26:30.2951301Z [36;1m[0m
2025-09-20T21:26:30.2951681Z [36;1m  echo ""[0m
2025-09-20T21:26:30.2951920Z [36;1m  printSeparationLine '*' 80[0m
2025-09-20T21:26:30.2952195Z [36;1m  if [ ! -z "${title}" ]; then[0m
2025-09-20T21:26:30.2952519Z [36;1m    echo "=> ${title}: Saved $(formatByteCount $saved)"[0m
2025-09-20T21:26:30.2952824Z [36;1m  else[0m
2025-09-20T21:26:30.2953083Z [36;1m    echo "=> Saved $(formatByteCount $saved)"[0m
2025-09-20T21:26:30.2953371Z [36;1m  fi[0m
2025-09-20T21:26:30.2953600Z [36;1m  printSeparationLine '*' 80[0m
2025-09-20T21:26:30.2953879Z [36;1m  echo ""[0m
2025-09-20T21:26:30.2954086Z [36;1m}[0m
2025-09-20T21:26:30.2954281Z [36;1m[0m
2025-09-20T21:26:30.2954515Z [36;1m# macro to print output of dh with caption[0m
2025-09-20T21:26:30.2954840Z [36;1mprintDH() {[0m
2025-09-20T21:26:30.2955078Z [36;1m  caption=${1:-}[0m
2025-09-20T21:26:30.2955307Z [36;1m[0m
2025-09-20T21:26:30.2955529Z [36;1m  printSeparationLine '=' 80[0m
2025-09-20T21:26:30.2955988Z [36;1m  echo "${caption}"[0m
2025-09-20T21:26:30.2956241Z [36;1m  echo ""[0m
2025-09-20T21:26:30.2956461Z [36;1m  echo "$ dh -h /"[0m
2025-09-20T21:26:30.2956699Z [36;1m  echo ""[0m
2025-09-20T21:26:30.2956910Z [36;1m  df -h /[0m
2025-09-20T21:26:30.2957125Z [36;1m  echo "$ dh -a /"[0m
2025-09-20T21:26:30.2957357Z [36;1m  echo ""[0m
2025-09-20T21:26:30.2957580Z [36;1m  df -a /[0m
2025-09-20T21:26:30.2957798Z [36;1m  echo "$ dh -a"[0m
2025-09-20T21:26:30.2958024Z [36;1m  echo ""[0m
2025-09-20T21:26:30.2958242Z [36;1m  df -a[0m
2025-09-20T21:26:30.2958463Z [36;1m  printSeparationLine '=' 80[0m
2025-09-20T21:26:30.2958731Z [36;1m}[0m
2025-09-20T21:26:30.2958919Z [36;1m[0m
2025-09-20T21:26:30.2959112Z [36;1m[0m
2025-09-20T21:26:30.2959291Z [36;1m[0m
2025-09-20T21:26:30.2959481Z [36;1m# ======[0m
2025-09-20T21:26:30.2959684Z [36;1m# SCRIPT[0m
2025-09-20T21:26:30.2959896Z [36;1m# ======[0m
2025-09-20T21:26:30.2960095Z [36;1m[0m
2025-09-20T21:26:30.2960320Z [36;1m# Display initial disk space stats[0m
2025-09-20T21:26:30.2960601Z [36;1m[0m
2025-09-20T21:26:30.2960828Z [36;1mAVAILABLE_INITIAL=$(getAvailableSpace)[0m
2025-09-20T21:26:30.2961185Z [36;1mAVAILABLE_ROOT_INITIAL=$(getAvailableSpace '/')[0m
2025-09-20T21:26:30.2961614Z [36;1m[0m
2025-09-20T21:26:30.2961830Z [36;1mprintDH "BEFORE CLEAN-UP:"[0m
2025-09-20T21:26:30.2962095Z [36;1mecho ""[0m
2025-09-20T21:26:30.2962300Z [36;1m[0m
2025-09-20T21:26:30.2962480Z [36;1m[0m
2025-09-20T21:26:30.2962691Z [36;1m# Option: Remove Android library[0m
2025-09-20T21:26:30.2962957Z [36;1m[0m
2025-09-20T21:26:30.2963152Z [36;1mif [[ true == 'true' ]]; then[0m
2025-09-20T21:26:30.2963431Z [36;1m  BEFORE=$(getAvailableSpace)[0m
2025-09-20T21:26:30.2963685Z [36;1m  [0m
2025-09-20T21:26:30.2963933Z [36;1m  sudo rm -rf /usr/local/lib/android || true[0m
2025-09-20T21:26:30.2964216Z [36;1m[0m
2025-09-20T21:26:30.2964427Z [36;1m  AFTER=$(getAvailableSpace)[0m
2025-09-20T21:26:30.2964741Z [36;1m  SAVED=$((AFTER-BEFORE))[0m
2025-09-20T21:26:30.2965046Z [36;1m  printSavedSpace $SAVED "Android library"[0m
2025-09-20T21:26:30.2965339Z [36;1mfi[0m
2025-09-20T21:26:30.2965531Z [36;1m[0m
2025-09-20T21:26:30.2965737Z [36;1m# Option: Remove .NET runtime[0m
2025-09-20T21:26:30.2965990Z [36;1m[0m
2025-09-20T21:26:30.2966193Z [36;1mif [[ true == 'true' ]]; then[0m
2025-09-20T21:26:30.2966605Z [36;1m  BEFORE=$(getAvailableSpace)[0m
2025-09-20T21:26:30.2966869Z [36;1m[0m
2025-09-20T21:26:30.2967230Z [36;1m  # https://github.community/t/bigger-github-hosted-runners-disk-space/17267/11[0m
2025-09-20T21:26:30.2967696Z [36;1m  sudo rm -rf /usr/share/dotnet || true[0m
2025-09-20T21:26:30.2967976Z [36;1m  [0m
2025-09-20T21:26:30.2968189Z [36;1m  AFTER=$(getAvailableSpace)[0m
2025-09-20T21:26:30.2968468Z [36;1m  SAVED=$((AFTER-BEFORE))[0m
2025-09-20T21:26:30.2968752Z [36;1m  printSavedSpace $SAVED ".NET runtime"[0m
2025-09-20T21:26:30.2969033Z [36;1mfi[0m
2025-09-20T21:26:30.2969223Z [36;1m[0m
2025-09-20T21:26:30.2969443Z [36;1m# Option: Remove Haskell runtime[0m
2025-09-20T21:26:30.2969705Z [36;1m[0m
2025-09-20T21:26:30.2969907Z [36;1mif [[ true == 'true' ]]; then[0m
2025-09-20T21:26:30.2970189Z [36;1m  BEFORE=$(getAvailableSpace)[0m
2025-09-20T21:26:30.2970449Z [36;1m[0m
2025-09-20T21:26:30.2970667Z [36;1m  sudo rm -rf /opt/ghc || true[0m
2025-09-20T21:26:30.2970971Z [36;1m  sudo rm -rf /usr/local/.ghcup || true[0m
2025-09-20T21:26:30.2971250Z [36;1m  [0m
2025-09-20T21:26:30.2971644Z [36;1m  AFTER=$(getAvailableSpace)[0m
2025-09-20T21:26:30.2971928Z [36;1m  SAVED=$((AFTER-BEFORE))[0m
2025-09-20T21:26:30.2972229Z [36;1m  printSavedSpace $SAVED "Haskell runtime"[0m
2025-09-20T21:26:30.2972535Z [36;1mfi[0m
2025-09-20T21:26:30.3039630Z [36;1m[0m
2025-09-20T21:26:30.3040055Z [36;1m# Option: Remove large packages[0m
2025-09-20T21:26:30.3041047Z [36;1m# REF: https://github.com/apache/flink/blob/master/tools/azure-pipelines/free_disk_space.sh[0m
2025-09-20T21:26:30.3041987Z [36;1m[0m
2025-09-20T21:26:30.3042736Z [36;1mif [[ true == 'true' ]]; then[0m
2025-09-20T21:26:30.3043203Z [36;1m  BEFORE=$(getAvailableSpace)[0m
2025-09-20T21:26:30.3043681Z [36;1m  [0m
2025-09-20T21:26:30.3044527Z [36;1m  sudo apt-get remove -y '^aspnetcore-.*' || echo "::warning::The command [sudo apt-get remove -y '^aspnetcore-.*'] failed to complete successfully. Proceeding..."[0m
2025-09-20T21:26:30.3046108Z [36;1m  sudo apt-get remove -y '^dotnet-.*' --fix-missing || echo "::warning::The command [sudo apt-get remove -y '^dotnet-.*' --fix-missing] failed to complete successfully. Proceeding..."[0m
2025-09-20T21:26:30.3047925Z [36;1m  sudo apt-get remove -y '^llvm-.*' --fix-missing || echo "::warning::The command [sudo apt-get remove -y '^llvm-.*' --fix-missing] failed to complete successfully. Proceeding..."[0m
2025-09-20T21:26:30.3049692Z [36;1m  sudo apt-get remove -y 'php.*' --fix-missing || echo "::warning::The command [sudo apt-get remove -y 'php.*' --fix-missing] failed to complete successfully. Proceeding..."[0m
2025-09-20T21:26:30.3051720Z [36;1m  sudo apt-get remove -y '^mongodb-.*' --fix-missing || echo "::warning::The command [sudo apt-get remove -y '^mongodb-.*' --fix-missing] failed to complete successfully. Proceeding..."[0m
2025-09-20T21:26:30.3053540Z [36;1m  sudo apt-get remove -y '^mysql-.*' --fix-missing || echo "::warning::The command [sudo apt-get remove -y '^mysql-.*' --fix-missing] failed to complete successfully. Proceeding..."[0m
2025-09-20T21:26:30.3056166Z [36;1m  sudo apt-get remove -y azure-cli google-chrome-stable firefox powershell mono-devel libgl1-mesa-dri --fix-missing || echo "::warning::The command [sudo apt-get remove -y azure-cli google-chrome-stable firefox powershell mono-devel libgl1-mesa-dri --fix-missing] failed to complete successfully. Proceeding..."[0m
2025-09-20T21:26:30.3058445Z [36;1m  sudo apt-get remove -y google-cloud-sdk --fix-missing || echo "::debug::The command [sudo apt-get remove -y google-cloud-sdk --fix-missing] failed to complete successfully. Proceeding..."[0m
2025-09-20T21:26:30.3059580Z [36;1m  sudo apt-get remove -y google-cloud-cli --fix-missing || echo "::debug::The command [sudo apt-get remove -y google-cloud-cli --fix-missing] failed to complete successfully. Proceeding..."[0m
2025-09-20T21:26:30.3060539Z [36;1m  sudo apt-get autoremove -y || echo "::warning::The command [sudo apt-get autoremove -y] failed to complete successfully. Proceeding..."[0m
2025-09-20T21:26:30.3061743Z [36;1m  sudo apt-get clean || echo "::warning::The command [sudo apt-get clean] failed to complete successfully. Proceeding..."[0m
2025-09-20T21:26:30.3062233Z [36;1m[0m
2025-09-20T21:26:30.3062448Z [36;1m  AFTER=$(getAvailableSpace)[0m
2025-09-20T21:26:30.3062734Z [36;1m  SAVED=$((AFTER-BEFORE))[0m
2025-09-20T21:26:30.3063045Z [36;1m  printSavedSpace $SAVED "Large misc. packages"[0m
2025-09-20T21:26:30.3063365Z [36;1mfi[0m
2025-09-20T21:26:30.3063558Z [36;1m[0m
2025-09-20T21:26:30.3063781Z [36;1m# Option: Remove Docker images[0m
2025-09-20T21:26:30.3064053Z [36;1m[0m
2025-09-20T21:26:30.3064262Z [36;1mif [[ true == 'true' ]]; then[0m
2025-09-20T21:26:30.3064547Z [36;1m  BEFORE=$(getAvailableSpace)[0m
2025-09-20T21:26:30.3064804Z [36;1m[0m
2025-09-20T21:26:30.3065053Z [36;1m  sudo docker image prune --all --force || true[0m
2025-09-20T21:26:30.3065346Z [36;1m[0m
2025-09-20T21:26:30.3065570Z [36;1m  AFTER=$(getAvailableSpace)[0m
2025-09-20T21:26:30.3065847Z [36;1m  SAVED=$((AFTER-BEFORE))[0m
2025-09-20T21:26:30.3066145Z [36;1m  printSavedSpace $SAVED "Docker images"[0m
2025-09-20T21:26:30.3066426Z [36;1mfi[0m
2025-09-20T21:26:30.3066626Z [36;1m[0m
2025-09-20T21:26:30.3066838Z [36;1m# Option: Remove tool cache[0m
2025-09-20T21:26:30.3067296Z [36;1m# REF: https://github.com/actions/virtual-environments/issues/2875#issuecomment-1163392159[0m
2025-09-20T21:26:30.3067736Z [36;1m[0m
2025-09-20T21:26:30.3067941Z [36;1mif [[ false == 'true' ]]; then[0m
2025-09-20T21:26:30.3068230Z [36;1m  BEFORE=$(getAvailableSpace)[0m
2025-09-20T21:26:30.3068627Z [36;1m[0m
2025-09-20T21:26:30.3068878Z [36;1m  sudo rm -rf "$AGENT_TOOLSDIRECTORY" || true[0m
2025-09-20T21:26:30.3069164Z [36;1m  [0m
2025-09-20T21:26:30.3069383Z [36;1m  AFTER=$(getAvailableSpace)[0m
2025-09-20T21:26:30.3069658Z [36;1m  SAVED=$((AFTER-BEFORE))[0m
2025-09-20T21:26:30.3069941Z [36;1m  printSavedSpace $SAVED "Tool cache"[0m
2025-09-20T21:26:30.3070242Z [36;1mfi[0m
2025-09-20T21:26:30.3070432Z [36;1m[0m
2025-09-20T21:26:30.3070644Z [36;1m# Option: Remove Swap storage[0m
2025-09-20T21:26:30.3070901Z [36;1m[0m
2025-09-20T21:26:30.3071105Z [36;1mif [[ true == 'true' ]]; then[0m
2025-09-20T21:26:30.3071374Z [36;1m  BEFORE=$(getAvailableSpace)[0m
2025-09-20T21:26:30.3071866Z [36;1m[0m
2025-09-20T21:26:30.3072080Z [36;1m  sudo swapoff -a || true[0m
2025-09-20T21:26:30.3072363Z [36;1m  sudo rm -f /mnt/swapfile || true[0m
2025-09-20T21:26:30.3072638Z [36;1m  free -h[0m
2025-09-20T21:26:30.3072855Z [36;1m  [0m
2025-09-20T21:26:30.3073114Z [36;1m  AFTER=$(getAvailableSpace)[0m
2025-09-20T21:26:30.3073401Z [36;1m  SAVED=$((AFTER-BEFORE))[0m
2025-09-20T21:26:30.3073690Z [36;1m  printSavedSpace $SAVED "Swap storage"[0m
2025-09-20T21:26:30.3073979Z [36;1mfi[0m
2025-09-20T21:26:30.3074167Z [36;1m[0m
2025-09-20T21:26:30.3074362Z [36;1m[0m
2025-09-20T21:26:30.3074548Z [36;1m[0m
2025-09-20T21:26:30.3074761Z [36;1m# Output saved space statistic[0m
2025-09-20T21:26:30.3075028Z [36;1m[0m
2025-09-20T21:26:30.3075244Z [36;1mAVAILABLE_END=$(getAvailableSpace)[0m
2025-09-20T21:26:30.3075575Z [36;1mAVAILABLE_ROOT_END=$(getAvailableSpace '/')[0m
2025-09-20T21:26:30.3075867Z [36;1m[0m
2025-09-20T21:26:30.3076059Z [36;1mecho ""[0m
2025-09-20T21:26:30.3076279Z [36;1mprintDH "AFTER CLEAN-UP:"[0m
2025-09-20T21:26:30.3076530Z [36;1m[0m
2025-09-20T21:26:30.3076717Z [36;1mecho ""[0m
2025-09-20T21:26:30.3076921Z [36;1mecho ""[0m
2025-09-20T21:26:30.3077115Z [36;1m[0m
2025-09-20T21:26:30.3077311Z [36;1mecho "/dev/root:"[0m
2025-09-20T21:26:30.3077682Z [36;1mprintSavedSpace $((AVAILABLE_ROOT_END - AVAILABLE_ROOT_INITIAL))[0m
2025-09-20T21:26:30.3078056Z [36;1mecho "overall:"[0m
2025-09-20T21:26:30.3078370Z [36;1mprintSavedSpace $((AVAILABLE_END - AVAILABLE_INITIAL))[0m
2025-09-20T21:26:30.3136505Z shell: /usr/bin/bash --noprofile --norc -e -o pipefail {0}
2025-09-20T21:26:30.3137104Z env:
2025-09-20T21:26:30.3137336Z   CARGO_TERM_COLOR: always
2025-09-20T21:26:30.3137590Z   RUST_BACKTRACE: full
2025-09-20T21:26:30.3137827Z   RUST_MIN_STACK: 40971520
2025-09-20T21:26:30.3138065Z   RUST_LOG: citadel=warn
2025-09-20T21:26:30.3138294Z   IN_CI: true
2025-09-20T21:26:30.3138525Z   NAT_TYPE_PEER_A: address_restricted
2025-09-20T21:26:30.3138810Z   NAT_TYPE_PEER_B: address_restricted
2025-09-20T21:26:30.3139080Z ##[endgroup]
2025-09-20T21:26:30.3384424Z ================================================================================
2025-09-20T21:26:30.3385220Z BEFORE CLEAN-UP:
2025-09-20T21:26:30.3385407Z 
2025-09-20T21:26:30.3385601Z $ dh -h /
2025-09-20T21:26:30.3385753Z 
2025-09-20T21:26:30.3394957Z Filesystem      Size  Used Avail Use% Mounted on
2025-09-20T21:26:30.3395372Z /dev/root        72G   46G   27G  64% /
2025-09-20T21:26:30.3396679Z $ dh -a /
2025-09-20T21:26:30.3396919Z 
2025-09-20T21:26:30.3406999Z Filesystem     1K-blocks     Used Available Use% Mounted on
2025-09-20T21:26:30.3407730Z /dev/root       75085112 47603220  27465508  64% /
2025-09-20T21:26:30.3408474Z $ dh -a
2025-09-20T21:26:30.3408705Z 
2025-09-20T21:26:30.3420185Z Filesystem     1K-blocks     Used Available Use% Mounted on
2025-09-20T21:26:30.3420898Z /dev/root       75085112 47603220  27465508  64% /
2025-09-20T21:26:30.3421333Z devtmpfs         8186144        0   8186144   0% /dev
2025-09-20T21:26:30.3421879Z proc                   0        0         0    - /proc
2025-09-20T21:26:30.3422281Z sysfs                  0        0         0    - /sys
2025-09-20T21:26:30.3422729Z securityfs             0        0         0    - /sys/kernel/security
2025-09-20T21:26:30.3423523Z tmpfs            8189736       84   8189652   1% /dev/shm
2025-09-20T21:26:30.3423985Z devpts                 0        0         0    - /dev/pts
2025-09-20T21:26:30.3424395Z tmpfs            3275896     1104   3274792   1% /run
2025-09-20T21:26:30.3424796Z tmpfs               5120        0      5120   0% /run/lock
2025-09-20T21:26:30.3425232Z cgroup2                0        0         0    - /sys/fs/cgroup
2025-09-20T21:26:30.3425680Z pstore                 0        0         0    - /sys/fs/pstore
2025-09-20T21:26:30.3426107Z bpf                    0        0         0    - /sys/fs/bpf
2025-09-20T21:26:30.3426562Z systemd-1              -        -         -    - /proc/sys/fs/binfmt_misc
2025-09-20T21:26:30.3427053Z hugetlbfs              0        0         0    - /dev/hugepages
2025-09-20T21:26:30.3427693Z mqueue                 0        0         0    - /dev/mqueue
2025-09-20T21:26:30.3428395Z debugfs                0        0         0    - /sys/kernel/debug
2025-09-20T21:26:30.3428870Z tracefs                0        0         0    - /sys/kernel/tracing
2025-09-20T21:26:30.3429334Z fusectl                0        0         0    - /sys/fs/fuse/connections
2025-09-20T21:26:30.3429805Z configfs               0        0         0    - /sys/kernel/config
2025-09-20T21:26:30.3430240Z /dev/sdb16        901520    60640    777752   8% /boot
2025-09-20T21:26:30.3430673Z /dev/sdb15        106832     6250    100582   6% /boot/efi
2025-09-20T21:26:30.3431141Z binfmt_misc            0        0         0    - /proc/sys/fs/binfmt_misc
2025-09-20T21:26:30.3431777Z /dev/sda1       76829444  4194336  68686668   6% /mnt
2025-09-20T21:26:30.3432141Z tmpfs            1637944       12   1637932   1% /run/user/1001
2025-09-20T21:26:30.3432496Z ================================================================================
2025-09-20T21:26:30.3432727Z 
2025-09-20T21:27:50.3324772Z ##[error]The operation was canceled.
2025-09-20T21:27:50.3458030Z Post job cleanup.
2025-09-20T21:27:50.4386564Z [command]/usr/bin/git version
2025-09-20T21:27:50.4421880Z git version 2.51.0
2025-09-20T21:27:50.4465781Z Temporarily overriding HOME='/home/runner/work/_temp/39456071-a8f8-4456-84c9-41e8d95b4f22' before making global git config changes
2025-09-20T21:27:50.4467081Z Adding repository directory to the temporary git global config as a safe directory
2025-09-20T21:27:50.4479083Z [command]/usr/bin/git config --global --add safe.directory /home/runner/work/Citadel-Protocol/Citadel-Protocol
2025-09-20T21:27:50.4512819Z [command]/usr/bin/git config --local --name-only --get-regexp core\.sshCommand
2025-09-20T21:27:50.4544558Z [command]/usr/bin/git submodule foreach --recursive sh -c "git config --local --name-only --get-regexp 'core\.sshCommand' && git config --local --unset-all 'core.sshCommand' || :"
2025-09-20T21:27:50.4764939Z [command]/usr/bin/git config --local --name-only --get-regexp http\.https\:\/\/github\.com\/\.extraheader
2025-09-20T21:27:50.4785295Z http.https://github.com/.extraheader
2025-09-20T21:27:50.4797263Z [command]/usr/bin/git config --local --unset-all http.https://github.com/.extraheader
2025-09-20T21:27:50.4826357Z [command]/usr/bin/git submodule foreach --recursive sh -c "git config --local --name-only --get-regexp 'http\.https\:\/\/github\.com\/\.extraheader' && git config --local --unset-all 'http.https://github.com/.extraheader' || :"
2025-09-20T21:27:50.5147590Z Cleaning up orphan processes
