2025-09-20T21:19:11.3817792Z Current runner version: '2.328.0'
2025-09-20T21:19:11.3842285Z ##[group]Runner Image Provisioner
2025-09-20T21:19:11.3843030Z Hosted Compute Agent
2025-09-20T21:19:11.3843681Z Version: 20250829.383
2025-09-20T21:19:11.3844262Z Commit: 27cb235aab5b0e52e153a26cd86b4742e89dac5d
2025-09-20T21:19:11.3844967Z Build Date: 2025-08-29T13:48:48Z
2025-09-20T21:19:11.3845638Z ##[endgroup]
2025-09-20T21:19:11.3846184Z ##[group]Operating System
2025-09-20T21:19:11.3846746Z Ubuntu
2025-09-20T21:19:11.3847285Z 24.04.3
2025-09-20T21:19:11.3847824Z LTS
2025-09-20T21:19:11.3848277Z ##[endgroup]
2025-09-20T21:19:11.3848840Z ##[group]Runner Image
2025-09-20T21:19:11.3849400Z Image: ubuntu-24.04
2025-09-20T21:19:11.3850096Z Version: 20250907.24.1
2025-09-20T21:19:11.3851177Z Included Software: https://github.com/actions/runner-images/blob/ubuntu24/20250907.24/images/ubuntu/Ubuntu2404-Readme.md
2025-09-20T21:19:11.3852702Z Image Release: https://github.com/actions/runner-images/releases/tag/ubuntu24%2F20250907.24
2025-09-20T21:19:11.3853838Z ##[endgroup]
2025-09-20T21:19:11.3856270Z ##[group]GITHUB_TOKEN Permissions
2025-09-20T21:19:11.3858257Z Actions: write
2025-09-20T21:19:11.3858821Z Attestations: write
2025-09-20T21:19:11.3859323Z Checks: write
2025-09-20T21:19:11.3860216Z Contents: write
2025-09-20T21:19:11.3860754Z Deployments: write
2025-09-20T21:19:11.3861282Z Discussions: write
2025-09-20T21:19:11.3861863Z Issues: write
2025-09-20T21:19:11.3862336Z Metadata: read
2025-09-20T21:19:11.3862844Z Models: read
2025-09-20T21:19:11.3863350Z Packages: write
2025-09-20T21:19:11.3863929Z Pages: write
2025-09-20T21:19:11.3864404Z PullRequests: write
2025-09-20T21:19:11.3864982Z RepositoryProjects: write
2025-09-20T21:19:11.3865544Z SecurityEvents: write
2025-09-20T21:19:11.3866263Z Statuses: write
2025-09-20T21:19:11.3866824Z ##[endgroup]
2025-09-20T21:19:11.3868923Z Secret source: Actions
2025-09-20T21:19:11.3869865Z Prepare workflow directory
2025-09-20T21:19:11.4433083Z Prepare all required actions
2025-09-20T21:19:11.4492823Z Getting action download info
2025-09-20T21:19:11.7778990Z Download action repository 'actions/checkout@v4' (SHA:08eba0b27e820071cde6df949e0beb9ba4906955)
2025-09-20T21:19:11.9746269Z Download action repository 'jlumbroso/free-disk-space@main' (SHA:54081f138730dfa15788a46383842cd2f914a1be)
2025-09-20T21:19:12.2078282Z Uses: Avarok-Cybersecurity/Citadel-Protocol/.github/workflows/validate.yml@refs/pull/236/merge (7edf0bb75f061919add02f6d6a82672c0b2e9654)
2025-09-20T21:19:12.2083932Z Complete job name: Validate PR / docker_nat_client_server (symmetric)
2025-09-20T21:19:12.2701893Z ##[group]Run actions/checkout@v4
2025-09-20T21:19:12.2702750Z with:
2025-09-20T21:19:12.2703241Z   repository: Avarok-Cybersecurity/Citadel-Protocol
2025-09-20T21:19:12.2703980Z   token: ***
2025-09-20T21:19:12.2704376Z   ssh-strict: true
2025-09-20T21:19:12.2704789Z   ssh-user: git
2025-09-20T21:19:12.2705217Z   persist-credentials: true
2025-09-20T21:19:12.2705687Z   clean: true
2025-09-20T21:19:12.2706105Z   sparse-checkout-cone-mode: true
2025-09-20T21:19:12.2706622Z   fetch-depth: 1
2025-09-20T21:19:12.2707024Z   fetch-tags: false
2025-09-20T21:19:12.2707445Z   show-progress: true
2025-09-20T21:19:12.2707874Z   lfs: false
2025-09-20T21:19:12.2708368Z   submodules: false
2025-09-20T21:19:12.2708798Z   set-safe-directory: true
2025-09-20T21:19:12.2709477Z env:
2025-09-20T21:19:12.2710080Z   CARGO_TERM_COLOR: always
2025-09-20T21:19:12.2710542Z   RUST_BACKTRACE: full
2025-09-20T21:19:12.2710981Z   RUST_MIN_STACK: 40971520
2025-09-20T21:19:12.2711431Z   RUST_LOG: citadel=warn
2025-09-20T21:19:12.2711907Z   IN_CI: true
2025-09-20T21:19:12.2712308Z   NAT_TYPE_CLIENT_A: symmetric
2025-09-20T21:19:12.2712780Z ##[endgroup]
2025-09-20T21:19:12.3779263Z Syncing repository: Avarok-Cybersecurity/Citadel-Protocol
2025-09-20T21:19:12.3781388Z ##[group]Getting Git version info
2025-09-20T21:19:12.3782189Z Working directory is '/home/runner/work/Citadel-Protocol/Citadel-Protocol'
2025-09-20T21:19:12.3783231Z [command]/usr/bin/git version
2025-09-20T21:19:12.3900715Z git version 2.51.0
2025-09-20T21:19:12.3942903Z ##[endgroup]
2025-09-20T21:19:12.3961915Z Temporarily overriding HOME='/home/runner/work/_temp/53817882-5132-4318-8da1-0a4d7c9ad17f' before making global git config changes
2025-09-20T21:19:12.3963568Z Adding repository directory to the temporary git global config as a safe directory
2025-09-20T21:19:12.3969980Z [command]/usr/bin/git config --global --add safe.directory /home/runner/work/Citadel-Protocol/Citadel-Protocol
2025-09-20T21:19:12.4015283Z Deleting the contents of '/home/runner/work/Citadel-Protocol/Citadel-Protocol'
2025-09-20T21:19:12.4019389Z ##[group]Initializing the repository
2025-09-20T21:19:12.4025958Z [command]/usr/bin/git init /home/runner/work/Citadel-Protocol/Citadel-Protocol
2025-09-20T21:19:12.4173701Z hint: Using 'master' as the name for the initial branch. This default branch name
2025-09-20T21:19:12.4175479Z hint: is subject to change. To configure the initial branch name to use in all
2025-09-20T21:19:12.4177056Z hint: of your new repositories, which will suppress this warning, call:
2025-09-20T21:19:12.4178282Z hint:
2025-09-20T21:19:12.4179198Z hint: 	git config --global init.defaultBranch <name>
2025-09-20T21:19:12.4180474Z hint:
2025-09-20T21:19:12.4181422Z hint: Names commonly chosen instead of 'master' are 'main', 'trunk' and
2025-09-20T21:19:12.4183035Z hint: 'development'. The just-created branch can be renamed via this command:
2025-09-20T21:19:12.4184278Z hint:
2025-09-20T21:19:12.4184965Z hint: 	git branch -m <name>
2025-09-20T21:19:12.4185753Z hint:
2025-09-20T21:19:12.4186767Z hint: Disable this message with "git config set advice.defaultBranchName false"
2025-09-20T21:19:12.4188621Z Initialized empty Git repository in /home/runner/work/Citadel-Protocol/Citadel-Protocol/.git/
2025-09-20T21:19:12.4193902Z [command]/usr/bin/git remote add origin https://github.com/Avarok-Cybersecurity/Citadel-Protocol
2025-09-20T21:19:12.4242096Z ##[endgroup]
2025-09-20T21:19:12.4243297Z ##[group]Disabling automatic garbage collection
2025-09-20T21:19:12.4246481Z [command]/usr/bin/git config --local gc.auto 0
2025-09-20T21:19:12.4277933Z ##[endgroup]
2025-09-20T21:19:12.4279112Z ##[group]Setting up auth
2025-09-20T21:19:12.4285362Z [command]/usr/bin/git config --local --name-only --get-regexp core\.sshCommand
2025-09-20T21:19:12.4322894Z [command]/usr/bin/git submodule foreach --recursive sh -c "git config --local --name-only --get-regexp 'core\.sshCommand' && git config --local --unset-all 'core.sshCommand' || :"
2025-09-20T21:19:12.4676606Z [command]/usr/bin/git config --local --name-only --get-regexp http\.https\:\/\/github\.com\/\.extraheader
2025-09-20T21:19:12.4704749Z [command]/usr/bin/git submodule foreach --recursive sh -c "git config --local --name-only --get-regexp 'http\.https\:\/\/github\.com\/\.extraheader' && git config --local --unset-all 'http.https://github.com/.extraheader' || :"
2025-09-20T21:19:12.4932391Z [command]/usr/bin/git config --local http.https://github.com/.extraheader AUTHORIZATION: basic ***
2025-09-20T21:19:12.4981704Z ##[endgroup]
2025-09-20T21:19:12.4983036Z ##[group]Fetching the repository
2025-09-20T21:19:12.4990795Z [command]/usr/bin/git -c protocol.version=2 fetch --no-tags --prune --no-recurse-submodules --depth=1 origin +7edf0bb75f061919add02f6d6a82672c0b2e9654:refs/remotes/pull/236/merge
2025-09-20T21:19:12.7295205Z From https://github.com/Avarok-Cybersecurity/Citadel-Protocol
2025-09-20T21:19:12.7296730Z  * [new ref]         7edf0bb75f061919add02f6d6a82672c0b2e9654 -> pull/236/merge
2025-09-20T21:19:12.7325730Z ##[endgroup]
2025-09-20T21:19:12.7326869Z ##[group]Determining the checkout info
2025-09-20T21:19:12.7328076Z ##[endgroup]
2025-09-20T21:19:12.7333350Z [command]/usr/bin/git sparse-checkout disable
2025-09-20T21:19:12.7376412Z [command]/usr/bin/git config --local --unset-all extensions.worktreeConfig
2025-09-20T21:19:12.7403942Z ##[group]Checking out the ref
2025-09-20T21:19:12.7407252Z [command]/usr/bin/git checkout --progress --force refs/remotes/pull/236/merge
2025-09-20T21:19:14.1864391Z Updating files:  98% (327/332)
2025-09-20T21:19:14.1870918Z Updating files:  99% (329/332)
2025-09-20T21:19:14.1872141Z Updating files: 100% (332/332)
2025-09-20T21:19:14.1873302Z Updating files: 100% (332/332), done.
2025-09-20T21:19:14.1882130Z Note: switching to 'refs/remotes/pull/236/merge'.
2025-09-20T21:19:14.1883175Z 
2025-09-20T21:19:14.1884044Z You are in 'detached HEAD' state. You can look around, make experimental
2025-09-20T21:19:14.1886072Z changes and commit them, and you can discard any commits you make in this
2025-09-20T21:19:14.1887489Z state without impacting any branches by switching back to a branch.
2025-09-20T21:19:14.1888245Z 
2025-09-20T21:19:14.1888850Z If you want to create a new branch to retain commits you create, you may
2025-09-20T21:19:14.1890368Z do so (now or later) by using -c with the switch command. Example:
2025-09-20T21:19:14.1891209Z 
2025-09-20T21:19:14.1891555Z   git switch -c <new-branch-name>
2025-09-20T21:19:14.1892147Z 
2025-09-20T21:19:14.1892483Z Or undo this operation with:
2025-09-20T21:19:14.1892988Z 
2025-09-20T21:19:14.1893250Z   git switch -
2025-09-20T21:19:14.1893619Z 
2025-09-20T21:19:14.1894251Z Turn off this advice by setting config variable advice.detachedHead to false
2025-09-20T21:19:14.1895161Z 
2025-09-20T21:19:14.1896341Z HEAD is now at 7edf0bb Merge 8a89b2152348ab91c1a5bd335ccb554a7eae26c5 into 2b40ca3c28904a155dd62f453494820feec744f0
2025-09-20T21:19:14.2397477Z ##[endgroup]
2025-09-20T21:19:14.2433772Z [command]/usr/bin/git log -1 --format=%H
2025-09-20T21:19:14.2455532Z 7edf0bb75f061919add02f6d6a82672c0b2e9654
2025-09-20T21:19:14.2877427Z ##[group]Run jlumbroso/free-disk-space@main
2025-09-20T21:19:14.2878619Z with:
2025-09-20T21:19:14.2879338Z   android: true
2025-09-20T21:19:14.2880496Z   dotnet: true
2025-09-20T21:19:14.2881287Z   haskell: true
2025-09-20T21:19:14.2882082Z   large-packages: true
2025-09-20T21:19:14.2882955Z   docker-images: true
2025-09-20T21:19:14.2883788Z   tool-cache: false
2025-09-20T21:19:14.2884597Z   swap-storage: true
2025-09-20T21:19:14.2885425Z env:
2025-09-20T21:19:14.2886143Z   CARGO_TERM_COLOR: always
2025-09-20T21:19:14.2887047Z   RUST_BACKTRACE: full
2025-09-20T21:19:14.2887922Z   RUST_MIN_STACK: 40971520
2025-09-20T21:19:14.2888817Z   RUST_LOG: citadel=warn
2025-09-20T21:19:14.2889771Z   IN_CI: true
2025-09-20T21:19:14.2890557Z   NAT_TYPE_CLIENT_A: symmetric
2025-09-20T21:19:14.2891479Z ##[endgroup]
2025-09-20T21:19:14.3023486Z ##[group]Run # ======
2025-09-20T21:19:14.3025100Z [36;1m[0m
2025-09-20T21:19:14.3025802Z [36;1m# ======[0m
2025-09-20T21:19:14.3026608Z [36;1m# MACROS[0m
2025-09-20T21:19:14.3027357Z [36;1m# ======[0m
2025-09-20T21:19:14.3028101Z [36;1m[0m
2025-09-20T21:19:14.3028887Z [36;1m# macro to print a line of equals[0m
2025-09-20T21:19:14.3030138Z [36;1m# (silly but works)[0m
2025-09-20T21:19:14.3031096Z [36;1mprintSeparationLine() {[0m
2025-09-20T21:19:14.3032060Z [36;1m  str=${1:=}[0m
2025-09-20T21:19:14.3032863Z [36;1m  num=${2:-80}[0m
2025-09-20T21:19:14.3033691Z [36;1m  counter=1[0m
2025-09-20T21:19:14.3034508Z [36;1m  output=""[0m
2025-09-20T21:19:14.3035353Z [36;1m  while [ $counter -le $num ][0m
2025-09-20T21:19:14.3036328Z [36;1m  do[0m
2025-09-20T21:19:14.3037094Z [36;1m     output="${output}${str}"[0m
2025-09-20T21:19:14.3038116Z [36;1m     counter=$((counter+1))[0m
2025-09-20T21:19:14.3039063Z [36;1m  done[0m
2025-09-20T21:19:14.3039917Z [36;1m  echo "${output}"[0m
2025-09-20T21:19:14.3040772Z [36;1m}[0m
2025-09-20T21:19:14.3041447Z [36;1m[0m
2025-09-20T21:19:14.3042211Z [36;1m# macro to compute available space[0m
2025-09-20T21:19:14.3043522Z [36;1m# REF: https://unix.stackexchange.com/a/42049/60849[0m
2025-09-20T21:19:14.3044933Z [36;1m# REF: https://stackoverflow.com/a/450821/408734[0m
2025-09-20T21:19:14.3046648Z [36;1mgetAvailableSpace() { echo $(df -a $1 | awk 'NR > 1 {avail+=$4} END {print avail}'); }[0m
2025-09-20T21:19:14.3048185Z [36;1m[0m
2025-09-20T21:19:14.3049154Z [36;1m# macro to make Kb human readable (assume the input is Kb)[0m
2025-09-20T21:19:14.3051184Z [36;1m# REF: https://unix.stackexchange.com/a/44087/60849[0m
2025-09-20T21:19:14.3052942Z [36;1mformatByteCount() { echo $(numfmt --to=iec-i --suffix=B --padding=7 $1'000'); }[0m
2025-09-20T21:19:14.3054464Z [36;1m[0m
2025-09-20T21:19:14.3055275Z [36;1m# macro to output saved space[0m
2025-09-20T21:19:14.3056314Z [36;1mprintSavedSpace() {[0m
2025-09-20T21:19:14.3057204Z [36;1m  saved=${1}[0m
2025-09-20T21:19:14.3057995Z [36;1m  title=${2:-}[0m
2025-09-20T21:19:14.3058779Z [36;1m[0m
2025-09-20T21:19:14.3059456Z [36;1m  echo ""[0m
2025-09-20T21:19:14.3060473Z [36;1m  printSeparationLine '*' 80[0m
2025-09-20T21:19:14.3061517Z [36;1m  if [ ! -z "${title}" ]; then[0m
2025-09-20T21:19:14.3062685Z [36;1m    echo "=> ${title}: Saved $(formatByteCount $saved)"[0m
2025-09-20T21:19:14.3063862Z [36;1m  else[0m
2025-09-20T21:19:14.3064735Z [36;1m    echo "=> Saved $(formatByteCount $saved)"[0m
2025-09-20T21:19:14.3065811Z [36;1m  fi[0m
2025-09-20T21:19:14.3066604Z [36;1m  printSeparationLine '*' 80[0m
2025-09-20T21:19:14.3067580Z [36;1m  echo ""[0m
2025-09-20T21:19:14.3068314Z [36;1m}[0m
2025-09-20T21:19:14.3068976Z [36;1m[0m
2025-09-20T21:19:14.3069957Z [36;1m# macro to print output of dh with caption[0m
2025-09-20T21:19:14.3071063Z [36;1mprintDH() {[0m
2025-09-20T21:19:14.3071855Z [36;1m  caption=${1:-}[0m
2025-09-20T21:19:14.3072673Z [36;1m[0m
2025-09-20T21:19:14.3073411Z [36;1m  printSeparationLine '=' 80[0m
2025-09-20T21:19:14.3074424Z [36;1m  echo "${caption}"[0m
2025-09-20T21:19:14.3075634Z [36;1m  echo ""[0m
2025-09-20T21:19:14.3076423Z [36;1m  echo "$ dh -h /"[0m
2025-09-20T21:19:14.3077278Z [36;1m  echo ""[0m
2025-09-20T21:19:14.3078027Z [36;1m  df -h /[0m
2025-09-20T21:19:14.3078784Z [36;1m  echo "$ dh -a /"[0m
2025-09-20T21:19:14.3079742Z [36;1m  echo ""[0m
2025-09-20T21:19:14.3080491Z [36;1m  df -a /[0m
2025-09-20T21:19:14.3081252Z [36;1m  echo "$ dh -a"[0m
2025-09-20T21:19:14.3082081Z [36;1m  echo ""[0m
2025-09-20T21:19:14.3082844Z [36;1m  df -a[0m
2025-09-20T21:19:14.3083639Z [36;1m  printSeparationLine '=' 80[0m
2025-09-20T21:19:14.3084592Z [36;1m}[0m
2025-09-20T21:19:14.3085264Z [36;1m[0m
2025-09-20T21:19:14.3085904Z [36;1m[0m
2025-09-20T21:19:14.3086549Z [36;1m[0m
2025-09-20T21:19:14.3087200Z [36;1m# ======[0m
2025-09-20T21:19:14.3087916Z [36;1m# SCRIPT[0m
2025-09-20T21:19:14.3088628Z [36;1m# ======[0m
2025-09-20T21:19:14.3089336Z [36;1m[0m
2025-09-20T21:19:14.3090348Z [36;1m# Display initial disk space stats[0m
2025-09-20T21:19:14.3091374Z [36;1m[0m
2025-09-20T21:19:14.3092187Z [36;1mAVAILABLE_INITIAL=$(getAvailableSpace)[0m
2025-09-20T21:19:14.3093532Z [36;1mAVAILABLE_ROOT_INITIAL=$(getAvailableSpace '/')[0m
2025-09-20T21:19:14.3094683Z [36;1m[0m
2025-09-20T21:19:14.3095399Z [36;1mprintDH "BEFORE CLEAN-UP:"[0m
2025-09-20T21:19:14.3096331Z [36;1mecho ""[0m
2025-09-20T21:19:14.3097043Z [36;1m[0m
2025-09-20T21:19:14.3097686Z [36;1m[0m
2025-09-20T21:19:14.3098419Z [36;1m# Option: Remove Android library[0m
2025-09-20T21:19:14.3099405Z [36;1m[0m
2025-09-20T21:19:14.3100229Z [36;1mif [[ true == 'true' ]]; then[0m
2025-09-20T21:19:14.3101255Z [36;1m  BEFORE=$(getAvailableSpace)[0m
2025-09-20T21:19:14.3102268Z [36;1m  [0m
2025-09-20T21:19:14.3103099Z [36;1m  sudo rm -rf /usr/local/lib/android || true[0m
2025-09-20T21:19:14.3104185Z [36;1m[0m
2025-09-20T21:19:14.3104904Z [36;1m  AFTER=$(getAvailableSpace)[0m
2025-09-20T21:19:14.3105923Z [36;1m  SAVED=$((AFTER-BEFORE))[0m
2025-09-20T21:19:14.3107002Z [36;1m  printSavedSpace $SAVED "Android library"[0m
2025-09-20T21:19:14.3108080Z [36;1mfi[0m
2025-09-20T21:19:14.3108752Z [36;1m[0m
2025-09-20T21:19:14.3109469Z [36;1m# Option: Remove .NET runtime[0m
2025-09-20T21:19:14.3110550Z [36;1m[0m
2025-09-20T21:19:14.3111249Z [36;1mif [[ true == 'true' ]]; then[0m
2025-09-20T21:19:14.3112273Z [36;1m  BEFORE=$(getAvailableSpace)[0m
2025-09-20T21:19:14.3113239Z [36;1m[0m
2025-09-20T21:19:14.3114526Z [36;1m  # https://github.community/t/bigger-github-hosted-runners-disk-space/17267/11[0m
2025-09-20T21:19:14.3116400Z [36;1m  sudo rm -rf /usr/share/dotnet || true[0m
2025-09-20T21:19:14.3117441Z [36;1m  [0m
2025-09-20T21:19:14.3118193Z [36;1m  AFTER=$(getAvailableSpace)[0m
2025-09-20T21:19:14.3119211Z [36;1m  SAVED=$((AFTER-BEFORE))[0m
2025-09-20T21:19:14.3120378Z [36;1m  printSavedSpace $SAVED ".NET runtime"[0m
2025-09-20T21:19:14.3121418Z [36;1mfi[0m
2025-09-20T21:19:14.3122097Z [36;1m[0m
2025-09-20T21:19:14.3122843Z [36;1m# Option: Remove Haskell runtime[0m
2025-09-20T21:19:14.3123847Z [36;1m[0m
2025-09-20T21:19:14.3124547Z [36;1mif [[ true == 'true' ]]; then[0m
2025-09-20T21:19:14.3125555Z [36;1m  BEFORE=$(getAvailableSpace)[0m
2025-09-20T21:19:14.3126513Z [36;1m[0m
2025-09-20T21:19:14.3127232Z [36;1m  sudo rm -rf /opt/ghc || true[0m
2025-09-20T21:19:14.3128309Z [36;1m  sudo rm -rf /usr/local/.ghcup || true[0m
2025-09-20T21:19:14.3129337Z [36;1m  [0m
2025-09-20T21:19:14.3130338Z [36;1m  AFTER=$(getAvailableSpace)[0m
2025-09-20T21:19:14.3198216Z [36;1m  SAVED=$((AFTER-BEFORE))[0m
2025-09-20T21:19:14.3199497Z [36;1m  printSavedSpace $SAVED "Haskell runtime"[0m
2025-09-20T21:19:14.3200786Z [36;1mfi[0m
2025-09-20T21:19:14.3201499Z [36;1m[0m
2025-09-20T21:19:14.3202241Z [36;1m# Option: Remove large packages[0m
2025-09-20T21:19:14.3204027Z [36;1m# REF: https://github.com/apache/flink/blob/master/tools/azure-pipelines/free_disk_space.sh[0m
2025-09-20T21:19:14.3205762Z [36;1m[0m
2025-09-20T21:19:14.3206449Z [36;1mif [[ true == 'true' ]]; then[0m
2025-09-20T21:19:14.3207690Z [36;1m  BEFORE=$(getAvailableSpace)[0m
2025-09-20T21:19:14.3208651Z [36;1m  [0m
2025-09-20T21:19:14.3210897Z [36;1m  sudo apt-get remove -y '^aspnetcore-.*' || echo "::warning::The command [sudo apt-get remove -y '^aspnetcore-.*'] failed to complete successfully. Proceeding..."[0m
2025-09-20T21:19:14.3214866Z [36;1m  sudo apt-get remove -y '^dotnet-.*' --fix-missing || echo "::warning::The command [sudo apt-get remove -y '^dotnet-.*' --fix-missing] failed to complete successfully. Proceeding..."[0m
2025-09-20T21:19:14.3218908Z [36;1m  sudo apt-get remove -y '^llvm-.*' --fix-missing || echo "::warning::The command [sudo apt-get remove -y '^llvm-.*' --fix-missing] failed to complete successfully. Proceeding..."[0m
2025-09-20T21:19:14.3223091Z [36;1m  sudo apt-get remove -y 'php.*' --fix-missing || echo "::warning::The command [sudo apt-get remove -y 'php.*' --fix-missing] failed to complete successfully. Proceeding..."[0m
2025-09-20T21:19:14.3227105Z [36;1m  sudo apt-get remove -y '^mongodb-.*' --fix-missing || echo "::warning::The command [sudo apt-get remove -y '^mongodb-.*' --fix-missing] failed to complete successfully. Proceeding..."[0m
2025-09-20T21:19:14.3231275Z [36;1m  sudo apt-get remove -y '^mysql-.*' --fix-missing || echo "::warning::The command [sudo apt-get remove -y '^mysql-.*' --fix-missing] failed to complete successfully. Proceeding..."[0m
2025-09-20T21:19:14.3237103Z [36;1m  sudo apt-get remove -y azure-cli google-chrome-stable firefox powershell mono-devel libgl1-mesa-dri --fix-missing || echo "::warning::The command [sudo apt-get remove -y azure-cli google-chrome-stable firefox powershell mono-devel libgl1-mesa-dri --fix-missing] failed to complete successfully. Proceeding..."[0m
2025-09-20T21:19:14.3243254Z [36;1m  sudo apt-get remove -y google-cloud-sdk --fix-missing || echo "::debug::The command [sudo apt-get remove -y google-cloud-sdk --fix-missing] failed to complete successfully. Proceeding..."[0m
2025-09-20T21:19:14.3247718Z [36;1m  sudo apt-get remove -y google-cloud-cli --fix-missing || echo "::debug::The command [sudo apt-get remove -y google-cloud-cli --fix-missing] failed to complete successfully. Proceeding..."[0m
2025-09-20T21:19:14.3251600Z [36;1m  sudo apt-get autoremove -y || echo "::warning::The command [sudo apt-get autoremove -y] failed to complete successfully. Proceeding..."[0m
2025-09-20T21:19:14.3254595Z [36;1m  sudo apt-get clean || echo "::warning::The command [sudo apt-get clean] failed to complete successfully. Proceeding..."[0m
2025-09-20T21:19:14.3256785Z [36;1m[0m
2025-09-20T21:19:14.3257493Z [36;1m  AFTER=$(getAvailableSpace)[0m
2025-09-20T21:19:14.3258485Z [36;1m  SAVED=$((AFTER-BEFORE))[0m
2025-09-20T21:19:14.3259590Z [36;1m  printSavedSpace $SAVED "Large misc. packages"[0m
2025-09-20T21:19:14.3260980Z [36;1mfi[0m
2025-09-20T21:19:14.3261633Z [36;1m[0m
2025-09-20T21:19:14.3262340Z [36;1m# Option: Remove Docker images[0m
2025-09-20T21:19:14.3263278Z [36;1m[0m
2025-09-20T21:19:14.3263987Z [36;1mif [[ true == 'true' ]]; then[0m
2025-09-20T21:19:14.3264983Z [36;1m  BEFORE=$(getAvailableSpace)[0m
2025-09-20T21:19:14.3265916Z [36;1m[0m
2025-09-20T21:19:14.3266737Z [36;1m  sudo docker image prune --all --force || true[0m
2025-09-20T21:19:14.3267813Z [36;1m[0m
2025-09-20T21:19:14.3268523Z [36;1m  AFTER=$(getAvailableSpace)[0m
2025-09-20T21:19:14.3269497Z [36;1m  SAVED=$((AFTER-BEFORE))[0m
2025-09-20T21:19:14.3271005Z [36;1m  printSavedSpace $SAVED "Docker images"[0m
2025-09-20T21:19:14.3272042Z [36;1mfi[0m
2025-09-20T21:19:14.3272695Z [36;1m[0m
2025-09-20T21:19:14.3273385Z [36;1m# Option: Remove tool cache[0m
2025-09-20T21:19:14.3275029Z [36;1m# REF: https://github.com/actions/virtual-environments/issues/2875#issuecomment-1163392159[0m
2025-09-20T21:19:14.3276662Z [36;1m[0m
2025-09-20T21:19:14.3277347Z [36;1mif [[ false == 'true' ]]; then[0m
2025-09-20T21:19:14.3278349Z [36;1m  BEFORE=$(getAvailableSpace)[0m
2025-09-20T21:19:14.3279296Z [36;1m[0m
2025-09-20T21:19:14.3280378Z [36;1m  sudo rm -rf "$AGENT_TOOLSDIRECTORY" || true[0m
2025-09-20T21:19:14.3281460Z [36;1m  [0m
2025-09-20T21:19:14.3282180Z [36;1m  AFTER=$(getAvailableSpace)[0m
2025-09-20T21:19:14.3283163Z [36;1m  SAVED=$((AFTER-BEFORE))[0m
2025-09-20T21:19:14.3284179Z [36;1m  printSavedSpace $SAVED "Tool cache"[0m
2025-09-20T21:19:14.3285175Z [36;1mfi[0m
2025-09-20T21:19:14.3285821Z [36;1m[0m
2025-09-20T21:19:14.3286519Z [36;1m# Option: Remove Swap storage[0m
2025-09-20T21:19:14.3287461Z [36;1m[0m
2025-09-20T21:19:14.3288137Z [36;1mif [[ true == 'true' ]]; then[0m
2025-09-20T21:19:14.3289132Z [36;1m  BEFORE=$(getAvailableSpace)[0m
2025-09-20T21:19:14.3290165Z [36;1m[0m
2025-09-20T21:19:14.3290848Z [36;1m  sudo swapoff -a || true[0m
2025-09-20T21:19:14.3291817Z [36;1m  sudo rm -f /mnt/swapfile || true[0m
2025-09-20T21:19:14.3292799Z [36;1m  free -h[0m
2025-09-20T21:19:14.3293533Z [36;1m  [0m
2025-09-20T21:19:14.3294258Z [36;1m  AFTER=$(getAvailableSpace)[0m
2025-09-20T21:19:14.3295232Z [36;1m  SAVED=$((AFTER-BEFORE))[0m
2025-09-20T21:19:14.3296246Z [36;1m  printSavedSpace $SAVED "Swap storage"[0m
2025-09-20T21:19:14.3297275Z [36;1mfi[0m
2025-09-20T21:19:14.3297916Z [36;1m[0m
2025-09-20T21:19:14.3298542Z [36;1m[0m
2025-09-20T21:19:14.3299160Z [36;1m[0m
2025-09-20T21:19:14.3300113Z [36;1m# Output saved space statistic[0m
2025-09-20T21:19:14.3301066Z [36;1m[0m
2025-09-20T21:19:14.3301794Z [36;1mAVAILABLE_END=$(getAvailableSpace)[0m
2025-09-20T21:19:14.3302968Z [36;1mAVAILABLE_ROOT_END=$(getAvailableSpace '/')[0m
2025-09-20T21:19:14.3304030Z [36;1m[0m
2025-09-20T21:19:14.3304671Z [36;1mecho ""[0m
2025-09-20T21:19:14.3305410Z [36;1mprintDH "AFTER CLEAN-UP:"[0m
2025-09-20T21:19:14.3306293Z [36;1m[0m
2025-09-20T21:19:14.3306929Z [36;1mecho ""[0m
2025-09-20T21:19:14.3307629Z [36;1mecho ""[0m
2025-09-20T21:19:14.3308307Z [36;1m[0m
2025-09-20T21:19:14.3308958Z [36;1mecho "/dev/root:"[0m
2025-09-20T21:19:14.3310414Z [36;1mprintSavedSpace $((AVAILABLE_ROOT_END - AVAILABLE_ROOT_INITIAL))[0m
2025-09-20T21:19:14.3311793Z [36;1mecho "overall:"[0m
2025-09-20T21:19:14.3312894Z [36;1mprintSavedSpace $((AVAILABLE_END - AVAILABLE_INITIAL))[0m
2025-09-20T21:19:14.3375251Z shell: /usr/bin/bash --noprofile --norc -e -o pipefail {0}
2025-09-20T21:19:14.3376458Z env:
2025-09-20T21:19:14.3377127Z   CARGO_TERM_COLOR: always
2025-09-20T21:19:14.3377965Z   RUST_BACKTRACE: full
2025-09-20T21:19:14.3378742Z   RUST_MIN_STACK: 40971520
2025-09-20T21:19:14.3380242Z   RUST_LOG: citadel=warn
2025-09-20T21:19:14.3381074Z   IN_CI: true
2025-09-20T21:19:14.3381773Z   NAT_TYPE_CLIENT_A: symmetric
2025-09-20T21:19:14.3382622Z ##[endgroup]
2025-09-20T21:19:14.3614333Z ================================================================================
2025-09-20T21:19:14.3616156Z BEFORE CLEAN-UP:
2025-09-20T21:19:14.3624372Z 
2025-09-20T21:19:14.3624842Z $ dh -h /
2025-09-20T21:19:14.3625337Z 
2025-09-20T21:19:14.3626080Z Filesystem      Size  Used Avail Use% Mounted on
2025-09-20T21:19:14.3627808Z /dev/root        72G   46G   27G  64% /
2025-09-20T21:19:14.3628760Z $ dh -a /
2025-09-20T21:19:14.3629130Z 
2025-09-20T21:19:14.3636456Z Filesystem     1K-blocks     Used Available Use% Mounted on
2025-09-20T21:19:14.3638436Z /dev/root       75085112 47603348  27465380  64% /
2025-09-20T21:19:14.3640009Z $ dh -a
2025-09-20T21:19:14.3640406Z 
2025-09-20T21:19:14.3650020Z Filesystem     1K-blocks     Used Available Use% Mounted on
2025-09-20T21:19:14.3652164Z /dev/root       75085112 47603348  27465380  64% /
2025-09-20T21:19:14.3654041Z devtmpfs         8186144        0   8186144   0% /dev
2025-09-20T21:19:14.3655885Z proc                   0        0         0    - /proc
2025-09-20T21:19:14.3657699Z sysfs                  0        0         0    - /sys
2025-09-20T21:19:14.3659911Z securityfs             0        0         0    - /sys/kernel/security
2025-09-20T21:19:14.3662142Z tmpfs            8189736       84   8189652   1% /dev/shm
2025-09-20T21:19:14.3663833Z devpts                 0        0         0    - /dev/pts
2025-09-20T21:19:14.3665014Z tmpfs            3275896     1112   3274784   1% /run
2025-09-20T21:19:14.3666146Z tmpfs               5120        0      5120   0% /run/lock
2025-09-20T21:19:14.3667334Z cgroup2                0        0         0    - /sys/fs/cgroup
2025-09-20T21:19:14.3669069Z pstore                 0        0         0    - /sys/fs/pstore
2025-09-20T21:19:14.3671263Z bpf                    0        0         0    - /sys/fs/bpf
2025-09-20T21:19:14.3673418Z systemd-1              -        -         -    - /proc/sys/fs/binfmt_misc
2025-09-20T21:19:14.3675752Z hugetlbfs              0        0         0    - /dev/hugepages
2025-09-20T21:19:14.3677840Z mqueue                 0        0         0    - /dev/mqueue
2025-09-20T21:19:14.3680073Z debugfs                0        0         0    - /sys/kernel/debug
2025-09-20T21:19:14.3682194Z tracefs                0        0         0    - /sys/kernel/tracing
2025-09-20T21:19:14.3684473Z fusectl                0        0         0    - /sys/fs/fuse/connections
2025-09-20T21:19:14.3686636Z configfs               0        0         0    - /sys/kernel/config
2025-09-20T21:19:14.3688717Z /dev/sdb16        901520    60640    777752   8% /boot
2025-09-20T21:19:14.3690908Z /dev/sdb15        106832     6250    100582   6% /boot/efi
2025-09-20T21:19:14.3692696Z binfmt_misc            0        0         0    - /proc/sys/fs/binfmt_misc
2025-09-20T21:19:14.3693981Z /dev/sda1       76829444  4194336  68686668   6% /mnt
2025-09-20T21:19:14.3695340Z tmpfs            1637944       12   1637932   1% /run/user/1001
2025-09-20T21:19:14.3697135Z ================================================================================
2025-09-20T21:19:14.3698370Z 
2025-09-20T21:23:25.8533329Z 
2025-09-20T21:23:25.8539408Z ********************************************************************************
2025-09-20T21:23:25.8781896Z => Android library: Saved 9.3GiB
2025-09-20T21:23:25.8788231Z ********************************************************************************
2025-09-20T21:23:25.8788667Z 
2025-09-20T21:23:25.8920810Z 
2025-09-20T21:23:25.8927099Z ********************************************************************************
2025-09-20T21:23:25.8944159Z => .NET runtime: Saved 0B
2025-09-20T21:23:25.8951485Z ********************************************************************************
2025-09-20T21:23:25.8951892Z 
2025-09-20T21:23:33.5200640Z 
2025-09-20T21:23:33.5208823Z ********************************************************************************
2025-09-20T21:23:33.5225910Z => Haskell runtime: Saved 6.2GiB
2025-09-20T21:23:33.5231856Z ********************************************************************************
2025-09-20T21:23:33.5232210Z 
2025-09-20T21:23:42.8559201Z Reading package lists...
2025-09-20T21:23:43.0350037Z Building dependency tree...
2025-09-20T21:23:43.0403766Z Reading state information...
2025-09-20T21:23:43.3009523Z Package 'aspnetcore-runtime-6.0' is not installed, so not removed
2025-09-20T21:23:43.3010517Z Package 'aspnetcore-targeting-pack-6.0' is not installed, so not removed
2025-09-20T21:23:43.3011165Z Package 'aspnetcore-runtime-dbg-8.0' is not installed, so not removed
2025-09-20T21:23:43.3011590Z The following packages will be REMOVED:
2025-09-20T21:23:43.3017117Z   aspnetcore-runtime-8.0 aspnetcore-targeting-pack-8.0 dotnet-sdk-8.0
2025-09-20T21:23:43.6138863Z 0 upgraded, 0 newly installed, 3 to remove and 6 not upgraded.
2025-09-20T21:23:43.6140163Z After this operation, 350 MB disk space will be freed.
2025-09-20T21:23:43.7991713Z (Reading database ... 
2025-09-20T21:23:43.7992170Z (Reading database ... 5%
2025-09-20T21:23:43.7992593Z (Reading database ... 10%
2025-09-20T21:23:43.7992937Z (Reading database ... 15%
2025-09-20T21:23:43.7993513Z (Reading database ... 20%
2025-09-20T21:23:43.7993928Z (Reading database ... 25%
2025-09-20T21:23:43.7994273Z (Reading database ... 30%
2025-09-20T21:23:43.7994643Z (Reading database ... 35%
2025-09-20T21:23:43.7995014Z (Reading database ... 40%
2025-09-20T21:23:43.7995705Z (Reading database ... 45%
2025-09-20T21:23:43.7996086Z (Reading database ... 50%
2025-09-20T21:23:44.0616297Z (Reading database ... 55%
2025-09-20T21:23:44.7075137Z (Reading database ... 60%
2025-09-20T21:23:45.2923028Z (Reading database ... 65%
2025-09-20T21:23:45.9814814Z (Reading database ... 70%
2025-09-20T21:23:46.6521732Z (Reading database ... 75%
2025-09-20T21:23:47.3049431Z (Reading database ... 80%
2025-09-20T21:23:48.6582667Z (Reading database ... 85%
2025-09-20T21:23:49.6508703Z (Reading database ... 90%
2025-09-20T21:23:50.8321860Z (Reading database ... 95%
2025-09-20T21:23:50.8322291Z (Reading database ... 100%
2025-09-20T21:23:50.8322659Z (Reading database ... 218655 files and directories currently installed.)
2025-09-20T21:23:50.8366445Z Removing dotnet-sdk-8.0 (8.0.119-0ubuntu1~24.04.1) ...
2025-09-20T21:23:54.4391484Z Removing aspnetcore-runtime-8.0 (8.0.19-0ubuntu1~24.04.1) ...
2025-09-20T21:23:54.5140761Z Removing aspnetcore-targeting-pack-8.0 (8.0.19-0ubuntu1~24.04.1) ...
2025-09-20T21:23:56.3502037Z Reading package lists...
2025-09-20T21:23:56.5096705Z Building dependency tree...
2025-09-20T21:23:56.5104119Z Reading state information...
2025-09-20T21:23:56.7430645Z Package 'dotnet-hostfxr-6.0' is not installed, so not removed
2025-09-20T21:23:56.7431249Z Package 'dotnet-runtime-6.0' is not installed, so not removed
2025-09-20T21:23:56.7431772Z Package 'dotnet-sdk-6.0' is not installed, so not removed
2025-09-20T21:23:56.7432312Z Package 'dotnet-targeting-pack-6.0' is not installed, so not removed
2025-09-20T21:23:56.7432920Z Package 'dotnet-templates-6.0' is not installed, so not removed
2025-09-20T21:23:56.7433477Z Package 'dotnet-apphost-pack-6.0' is not installed, so not removed
2025-09-20T21:23:56.7433901Z Package 'dotnet-sdk-8.0' is not installed, so not removed
2025-09-20T21:23:56.7434347Z Package 'dotnet-runtime-dbg-8.0' is not installed, so not removed
2025-09-20T21:23:56.7434843Z Package 'dotnet-sdk-8.0-source-built-artifacts' is not installed, so not removed
2025-09-20T21:23:56.7435374Z Package 'dotnet-sdk-dbg-8.0' is not installed, so not removed
2025-09-20T21:23:56.7435735Z The following packages will be REMOVED:
2025-09-20T21:23:56.7436090Z   dotnet-apphost-pack-8.0 dotnet-host-8.0 dotnet-hostfxr-8.0
2025-09-20T21:23:56.7437535Z   dotnet-runtime-8.0 dotnet-targeting-pack-8.0 dotnet-templates-8.0
2025-09-20T21:23:56.9951760Z 0 upgraded, 0 newly installed, 6 to remove and 6 not upgraded.
2025-09-20T21:23:56.9952337Z After this operation, 125 MB disk space will be freed.
2025-09-20T21:23:57.0139430Z (Reading database ... 
2025-09-20T21:23:57.0140123Z (Reading database ... 5%
2025-09-20T21:23:57.0140506Z (Reading database ... 10%
2025-09-20T21:23:57.0140873Z (Reading database ... 15%
2025-09-20T21:23:57.0141217Z (Reading database ... 20%
2025-09-20T21:23:57.0141597Z (Reading database ... 25%
2025-09-20T21:23:57.0141938Z (Reading database ... 30%
2025-09-20T21:23:57.0142290Z (Reading database ... 35%
2025-09-20T21:23:57.0142640Z (Reading database ... 40%
2025-09-20T21:23:57.0142988Z (Reading database ... 45%
2025-09-20T21:23:57.0143360Z (Reading database ... 50%
2025-09-20T21:23:57.0238554Z (Reading database ... 55%
2025-09-20T21:23:57.0266816Z (Reading database ... 60%
2025-09-20T21:23:57.0294040Z (Reading database ... 65%
2025-09-20T21:23:57.0324828Z (Reading database ... 70%
2025-09-20T21:23:57.0341967Z (Reading database ... 75%
2025-09-20T21:23:57.0362007Z (Reading database ... 80%
2025-09-20T21:23:57.0519790Z (Reading database ... 85%
2025-09-20T21:23:57.0755177Z (Reading database ... 90%
2025-09-20T21:23:57.0830547Z (Reading database ... 95%
2025-09-20T21:23:57.0831092Z (Reading database ... 100%
2025-09-20T21:23:57.0831606Z (Reading database ... 214778 files and directories currently installed.)
2025-09-20T21:23:57.0870620Z Removing dotnet-apphost-pack-8.0 (8.0.19-0ubuntu1~24.04.1) ...
2025-09-20T21:23:57.1279537Z Removing dotnet-runtime-8.0 (8.0.19-0ubuntu1~24.04.1) ...
2025-09-20T21:23:57.1664309Z Removing dotnet-hostfxr-8.0 (8.0.19-0ubuntu1~24.04.1) ...
2025-09-20T21:23:57.1944230Z Removing dotnet-templates-8.0 (8.0.119-0ubuntu1~24.04.1) ...
2025-09-20T21:23:57.2246434Z Removing dotnet-host-8.0 (8.0.19-0ubuntu1~24.04.1) ...
2025-09-20T21:23:57.8163659Z Removing dotnet-targeting-pack-8.0 (8.0.19-0ubuntu1~24.04.1) ...
2025-09-20T21:23:57.9707543Z Processing triggers for man-db (2.12.0-4build2) ...
2025-09-20T21:25:18.9425900Z Reading package lists...
2025-09-20T21:25:19.1185589Z Building dependency tree...
2025-09-20T21:25:19.1193164Z Reading state information...
2025-09-20T21:25:19.3675148Z Package 'llvm-14-linker-tools' is not installed, so not removed
2025-09-20T21:25:19.3675935Z Package 'llvm-14-dev' is not installed, so not removed
2025-09-20T21:25:19.3676499Z Package 'llvm-15-linker-tools' is not installed, so not removed
2025-09-20T21:25:19.3677095Z Package 'llvm-15-dev' is not installed, so not removed
2025-09-20T21:25:19.3677635Z Package 'llvm-15' is not installed, so not removed
2025-09-20T21:25:19.3678179Z Package 'llvm-dev' is not installed, so not removed
2025-09-20T21:25:19.3678740Z Package 'llvm-14-doc' is not installed, so not removed
2025-09-20T21:25:19.3679292Z Package 'llvm-15-doc' is not installed, so not removed
2025-09-20T21:25:19.3680193Z Package 'llvm-16-doc' is not installed, so not removed
2025-09-20T21:25:19.3680766Z Package 'llvm-17-doc' is not installed, so not removed
2025-09-20T21:25:19.3681335Z Package 'llvm-18-doc' is not installed, so not removed
2025-09-20T21:25:19.3681863Z Package 'llvm-runtime' is not installed, so not removed
2025-09-20T21:25:19.3682420Z Package 'llvm-14' is not installed, so not removed
2025-09-20T21:25:19.3682819Z Package 'llvm-14-runtime' is not installed, so not removed
2025-09-20T21:25:19.3683193Z Package 'llvm-14-tools' is not installed, so not removed
2025-09-20T21:25:19.3683551Z Package 'llvm-14-examples' is not installed, so not removed
2025-09-20T21:25:19.3683927Z Package 'llvm-15-runtime' is not installed, so not removed
2025-09-20T21:25:19.3684278Z Package 'llvm-15-tools' is not installed, so not removed
2025-09-20T21:25:19.3684643Z Package 'llvm-15-examples' is not installed, so not removed
2025-09-20T21:25:19.3685002Z Package 'llvm-16-examples' is not installed, so not removed
2025-09-20T21:25:19.3685355Z Package 'llvm-17-examples' is not installed, so not removed
2025-09-20T21:25:19.3685717Z Package 'llvm-18-examples' is not installed, so not removed
2025-09-20T21:25:19.3686059Z Package 'llvm-bolt' is not installed, so not removed
2025-09-20T21:25:19.3686412Z Package 'llvm-spirv-14' is not installed, so not removed
2025-09-20T21:25:19.3687074Z Package 'llvm-spirv-15' is not installed, so not removed
2025-09-20T21:25:19.3687426Z Package 'llvm-spirv-16' is not installed, so not removed
2025-09-20T21:25:19.3687768Z Package 'llvm-spirv-17' is not installed, so not removed
2025-09-20T21:25:19.3688105Z Package 'llvm-spirv-18' is not installed, so not removed
2025-09-20T21:25:19.3688445Z Package 'llvm-19-dev' is not installed, so not removed
2025-09-20T21:25:19.3688776Z Package 'llvm-20-dev' is not installed, so not removed
2025-09-20T21:25:19.3689151Z Package 'llvm-19-linker-tools' is not installed, so not removed
2025-09-20T21:25:19.3689545Z Package 'llvm-20-linker-tools' is not installed, so not removed
2025-09-20T21:25:19.3690308Z Package 'llvm-19-doc' is not installed, so not removed
2025-09-20T21:25:19.3690656Z Package 'llvm-20-doc' is not installed, so not removed
2025-09-20T21:25:19.3690977Z Package 'llvm-19' is not installed, so not removed
2025-09-20T21:25:19.3691320Z Package 'llvm-19-runtime' is not installed, so not removed
2025-09-20T21:25:19.3691678Z Package 'llvm-19-tools' is not installed, so not removed
2025-09-20T21:25:19.3692035Z Package 'llvm-19-examples' is not installed, so not removed
2025-09-20T21:25:19.3692367Z Package 'llvm-20' is not installed, so not removed
2025-09-20T21:25:19.3692709Z Package 'llvm-20-runtime' is not installed, so not removed
2025-09-20T21:25:19.3693057Z Package 'llvm-20-tools' is not installed, so not removed
2025-09-20T21:25:19.3693418Z Package 'llvm-20-examples' is not installed, so not removed
2025-09-20T21:25:19.3693973Z Package 'llvm-spirv-19' is not installed, so not removed
2025-09-20T21:25:19.3694307Z Package 'llvm-spirv-20' is not installed, so not removed
2025-09-20T21:25:19.3694608Z The following packages will be REMOVED:
2025-09-20T21:25:19.3694946Z   clang-16 clang-17 clang-18 clang-tidy-16 clang-tidy-17 clang-tidy-18
2025-09-20T21:25:19.3695367Z   clang-tools-16 clang-tools-17 clang-tools-18 llvm-16 llvm-16-dev
2025-09-20T21:25:19.3695780Z   llvm-16-linker-tools llvm-16-runtime llvm-16-tools llvm-17 llvm-17-dev
2025-09-20T21:25:19.3696209Z   llvm-17-linker-tools llvm-17-runtime llvm-17-tools llvm-18 llvm-18-dev
2025-09-20T21:25:19.3696580Z   llvm-18-linker-tools llvm-18-runtime llvm-18-tools
2025-09-20T21:25:19.6158760Z 0 upgraded, 0 newly installed, 24 to remove and 6 not upgraded.
2025-09-20T21:25:19.6159434Z After this operation, 1575 MB disk space will be freed.
2025-09-20T21:25:19.6338670Z (Reading database ... 
2025-09-20T21:25:19.6339088Z (Reading database ... 5%
2025-09-20T21:25:19.6339498Z (Reading database ... 10%
2025-09-20T21:25:19.6340070Z (Reading database ... 15%
2025-09-20T21:25:19.6340425Z (Reading database ... 20%
2025-09-20T21:25:19.6340777Z (Reading database ... 25%
2025-09-20T21:25:19.6341122Z (Reading database ... 30%
2025-09-20T21:25:19.6341477Z (Reading database ... 35%
2025-09-20T21:25:19.6341818Z (Reading database ... 40%
2025-09-20T21:25:19.6342168Z (Reading database ... 45%
2025-09-20T21:25:19.6342507Z (Reading database ... 50%
2025-09-20T21:25:19.6431717Z (Reading database ... 55%
2025-09-20T21:25:19.6458821Z (Reading database ... 60%
2025-09-20T21:25:19.6486340Z (Reading database ... 65%
2025-09-20T21:25:19.6516916Z (Reading database ... 70%
2025-09-20T21:25:19.6533961Z (Reading database ... 75%
2025-09-20T21:25:19.6553933Z (Reading database ... 80%
2025-09-20T21:25:19.6707385Z (Reading database ... 85%
2025-09-20T21:25:19.6947938Z (Reading database ... 90%
2025-09-20T21:25:19.7025409Z (Reading database ... 95%
2025-09-20T21:25:19.7025904Z (Reading database ... 100%
2025-09-20T21:25:19.7026621Z (Reading database ... 214123 files and directories currently installed.)
2025-09-20T21:25:19.7065621Z Removing clang-tidy-16 (1:16.0.6-23ubuntu4) ...
2025-09-20T21:25:19.7438220Z Removing clang-tools-16 (1:16.0.6-23ubuntu4) ...
2025-09-20T21:25:19.8470021Z Removing clang-16 (1:16.0.6-23ubuntu4) ...
2025-09-20T21:25:19.8868336Z Removing clang-tidy-17 (1:17.0.6-9ubuntu1) ...
2025-09-20T21:25:19.9277772Z Removing clang-tools-17 (1:17.0.6-9ubuntu1) ...
2025-09-20T21:25:20.0641380Z Removing clang-17 (1:17.0.6-9ubuntu1) ...
2025-09-20T21:25:20.1022290Z Removing clang-tidy-18 (1:18.1.3-1ubuntu1) ...
2025-09-20T21:25:20.1577681Z Removing clang-tools-18 (1:18.1.3-1ubuntu1) ...
2025-09-20T21:25:20.2809206Z Removing clang-18 (1:18.1.3-1ubuntu1) ...
2025-09-20T21:25:20.3146344Z Removing llvm-16-dev (1:16.0.6-23ubuntu4) ...
2025-09-20T21:25:20.8742973Z Removing llvm-16 (1:16.0.6-23ubuntu4) ...
2025-09-20T21:25:20.9165279Z Removing llvm-16-linker-tools (1:16.0.6-23ubuntu4) ...
2025-09-20T21:25:20.9410627Z Removing llvm-16-runtime (1:16.0.6-23ubuntu4) ...
2025-09-20T21:25:20.9755762Z Removing llvm-16-tools (1:16.0.6-23ubuntu4) ...
2025-09-20T21:25:21.3861618Z Removing llvm-17-dev (1:17.0.6-9ubuntu1) ...
2025-09-20T21:25:22.0395853Z Removing llvm-17 (1:17.0.6-9ubuntu1) ...
2025-09-20T21:25:22.0766290Z Removing llvm-17-linker-tools (1:17.0.6-9ubuntu1) ...
2025-09-20T21:25:22.1079150Z Removing llvm-17-runtime (1:17.0.6-9ubuntu1) ...
2025-09-20T21:25:22.1425354Z Removing llvm-17-tools (1:17.0.6-9ubuntu1) ...
2025-09-20T21:25:22.5711591Z Removing llvm-18-dev (1:18.1.3-1ubuntu1) ...
2025-09-20T21:25:23.2031429Z Removing llvm-18 (1:18.1.3-1ubuntu1) ...
2025-09-20T21:25:23.2415549Z Removing llvm-18-linker-tools (1:18.1.3-1ubuntu1) ...
2025-09-20T21:25:23.2723311Z Removing llvm-18-runtime (1:18.1.3-1ubuntu1) ...
2025-09-20T21:25:23.3049010Z Removing llvm-18-tools (1:18.1.3-1ubuntu1) ...
2025-09-20T21:25:23.8382917Z Processing triggers for systemd (255.4-1ubuntu8.10) ...
2025-09-20T21:25:23.8742989Z Processing triggers for man-db (2.12.0-4build2) ...
2025-09-20T21:25:27.6228175Z Processing triggers for libc-bin (2.39-0ubuntu8.5) ...
2025-09-20T21:25:28.6749208Z Reading package lists...
2025-09-20T21:25:28.8289386Z Building dependency tree...
2025-09-20T21:25:28.8296480Z Reading state information...
2025-09-20T21:25:28.9356631Z Package 'php-lua' is not installed, so not removed
2025-09-20T21:25:28.9357270Z Package 'php-mysqlnd-ms' is not installed, so not removed
2025-09-20T21:25:28.9357796Z Package 'php-radius' is not installed, so not removed
2025-09-20T21:25:28.9358252Z Package 'php5.6-common' is not installed, so not removed
2025-09-20T21:25:28.9358705Z Package 'php5.6-json' is not installed, so not removed
2025-09-20T21:25:28.9359149Z Package 'php7.0-common' is not installed, so not removed
2025-09-20T21:25:28.9359828Z Package 'php7.1-common' is not installed, so not removed
2025-09-20T21:25:28.9360286Z Package 'php7.2-common' is not installed, so not removed
2025-09-20T21:25:28.9360743Z Package 'php7.3-common' is not installed, so not removed
2025-09-20T21:25:28.9361198Z Package 'php7.4-common' is not installed, so not removed
2025-09-20T21:25:28.9361649Z Package 'php8.0-common' is not installed, so not removed
2025-09-20T21:25:28.9362098Z Package 'php8.1-common' is not installed, so not removed
2025-09-20T21:25:28.9362774Z Package 'php8.2-common' is not installed, so not removed
2025-09-20T21:25:28.9363340Z Package 'php-pear-frontend-gtk' is not installed, so not removed
2025-09-20T21:25:28.9363886Z Package 'php-pear-frontend-web' is not installed, so not removed
2025-09-20T21:25:28.9364488Z Package 'php7.0-curl' is not installed, so not removed
2025-09-20T21:25:28.9365195Z Package 'php7.2-sodium' is not installed, so not removed
2025-09-20T21:25:28.9365775Z Package 'php5' is not installed, so not removed
2025-09-20T21:25:28.9366329Z Package 'php5-cli' is not installed, so not removed
2025-09-20T21:25:28.9366920Z Package 'php5-pgsql' is not installed, so not removed
2025-09-20T21:25:28.9367518Z Package 'php5-curl' is not installed, so not removed
2025-09-20T21:25:28.9368086Z Package 'php5-ldap' is not installed, so not removed
2025-09-20T21:25:28.9368540Z Package 'gosa-plugin-phpgw' is not installed, so not removed
2025-09-20T21:25:28.9369264Z Package 'gosa-plugin-phpgw-schema' is not installed, so not removed
2025-09-20T21:25:28.9370343Z Package 'gosa-plugin-phpscheduleit' is not installed, so not removed
2025-09-20T21:25:28.9371251Z Package 'gosa-plugin-phpscheduleit-schema' is not installed, so not removed
2025-09-20T21:25:28.9372349Z Package 'php-apc' is not installed, so not removed
2025-09-20T21:25:28.9372916Z Package 'php-suhosin' is not installed, so not removed
2025-09-20T21:25:28.9373504Z Package 'php5-mysql' is not installed, so not removed
2025-09-20T21:25:28.9374126Z Package 'libsparkline-php' is not installed, so not removed
2025-09-20T21:25:28.9374838Z Package 'libapache2-mod-php5' is not installed, so not removed
2025-09-20T21:25:28.9375496Z Package 'php5-fpm' is not installed, so not removed
2025-09-20T21:25:28.9376217Z Package 'libgv-php5' is not installed, so not removed
2025-09-20T21:25:28.9376906Z Package 'php-greew-oauth2-azure-provider' is not installed, so not removed
2025-09-20T21:25:28.9377704Z Package 'php-hayageek-oauth2-yahoo' is not installed, so not removed
2025-09-20T21:25:28.9378430Z Package 'php-league-oauth2-google' is not installed, so not removed
2025-09-20T21:25:28.9378967Z Package 'php-thenetworg-oauth2-azure' is not installed, so not removed
2025-09-20T21:25:28.9379382Z Package 'phpphylotree' is not installed, so not removed
2025-09-20T21:25:28.9379930Z Package 'php-http-request2' is not installed, so not removed
2025-09-20T21:25:28.9380283Z Package 'php-xcache' is not installed, so not removed
2025-09-20T21:25:28.9380622Z Package 'php-async-aws-s3' is not installed, so not removed
2025-09-20T21:25:28.9381027Z Package 'php-paragonie-random-compat' is not installed, so not removed
2025-09-20T21:25:28.9381427Z Package 'php-console-color2' is not installed, so not removed
2025-09-20T21:25:28.9382024Z Package 'php-doctrine-phpcr-odm' is not installed, so not removed
2025-09-20T21:25:28.9382464Z Package 'php-alcaeus-mongo-php-adapter' is not installed, so not removed
2025-09-20T21:25:28.9382892Z Package 'php-doctrine-mongodb-odm' is not installed, so not removed
2025-09-20T21:25:28.9383328Z Package 'php-mtdowling-cron-expression' is not installed, so not removed
2025-09-20T21:25:28.9383727Z Package 'php-semsol-arc2' is not installed, so not removed
2025-09-20T21:25:28.9384104Z Package 'php-fzaninotto-faker' is not installed, so not removed
2025-09-20T21:25:28.9384444Z Package 'php7.4' is not installed, so not removed
2025-09-20T21:25:28.9384769Z Package 'php7.4-cli' is not installed, so not removed
2025-09-20T21:25:28.9385107Z Package 'php-com-dotnet' is not installed, so not removed
2025-09-20T21:25:28.9385427Z Package 'php-rar' is not installed, so not removed
2025-09-20T21:25:28.9385809Z Package 'php-laminas-httphandlerrunner' is not installed, so not removed
2025-09-20T21:25:28.9386252Z Package 'php-cordoval-hamcrest-php' is not installed, so not removed
2025-09-20T21:25:28.9386709Z Package 'php-davedevelopment-hamcrest-php' is not installed, so not removed
2025-09-20T21:25:28.9387155Z Package 'php-kodova-hamcrest-php' is not installed, so not removed
2025-09-20T21:25:28.9387565Z Package 'php-league-flysystem-sftp' is not installed, so not removed
2025-09-20T21:25:28.9388049Z Package 'php-league-flysystem-eventable-filesystem' is not installed, so not removed
2025-09-20T21:25:28.9388555Z Package 'php-league-flysystem-rackspace' is not installed, so not removed
2025-09-20T21:25:28.9388999Z Package 'php-league-flysystem-azure' is not installed, so not removed
2025-09-20T21:25:28.9389424Z Package 'php-league-flysystem-webdav' is not installed, so not removed
2025-09-20T21:25:28.9390168Z Package 'php-league-flysystem-aws-s3-v2' is not installed, so not removed
2025-09-20T21:25:28.9390612Z Package 'php-league-flysystem-aws-s3-v3' is not installed, so not removed
2025-09-20T21:25:28.9391070Z Package 'php-spatie-flysystem-dropbox' is not installed, so not removed
2025-09-20T21:25:28.9391537Z Package 'php-srmklive-flysystem-dropbox-v2' is not installed, so not removed
2025-09-20T21:25:28.9392024Z Package 'php-league-flysystem-cached-adapter' is not installed, so not removed
2025-09-20T21:25:28.9392509Z Package 'php-league-flysystem-ziparchive' is not installed, so not removed
2025-09-20T21:25:28.9392934Z Package 'php-league-uri-schemes' is not installed, so not removed
2025-09-20T21:25:28.9393526Z Package 'php-jeremykendall-php-domain-parser' is not installed, so not removed
2025-09-20T21:25:28.9393951Z Package 'php-php-64bit' is not installed, so not removed
2025-09-20T21:25:28.9394275Z Package 'php-sqlite' is not installed, so not removed
2025-09-20T21:25:28.9394587Z Package 'php-lzf' is not installed, so not removed
2025-09-20T21:25:28.9394905Z Package 'php-pnctl' is not installed, so not removed
2025-09-20T21:25:28.9395263Z Package 'php-mdb2-driver-fbsql' is not installed, so not removed
2025-09-20T21:25:28.9395643Z Package 'php-mdb2-driver-ibase' is not installed, so not removed
2025-09-20T21:25:28.9396017Z Package 'php-mdb2-driver-mssql' is not installed, so not removed
2025-09-20T21:25:28.9396395Z Package 'php-mdb2-driver-mysqli' is not installed, so not removed
2025-09-20T21:25:28.9396780Z Package 'php-mdb2-driver-oci8' is not installed, so not removed
2025-09-20T21:25:28.9397152Z Package 'php-mdb2-driver-odbc' is not installed, so not removed
2025-09-20T21:25:28.9397561Z Package 'php-mdb2-driver-querysim' is not installed, so not removed
2025-09-20T21:25:28.9397957Z Package 'php-mdb2-driver-sqlite' is not installed, so not removed
2025-09-20T21:25:28.9398343Z Package 'php-mdb2-driver-sqlsrv' is not installed, so not removed
2025-09-20T21:25:28.9398756Z Package 'php-barnabywalters-mf-cleaner' is not installed, so not removed
2025-09-20T21:25:28.9399178Z Package 'php-graylog2-gelf-php' is not installed, so not removed
2025-09-20T21:25:28.9399552Z Package 'php-doctrine-couchdb' is not installed, so not removed
2025-09-20T21:25:28.9400258Z Package 'php-ruflin-elastica' is not installed, so not removed
2025-09-20T21:25:28.9400640Z Package 'php-elasticsearch' is not installed, so not removed
2025-09-20T21:25:28.9400993Z Package 'php-aws-sdk-php' is not installed, so not removed
2025-09-20T21:25:28.9401329Z Package 'php-rollbar' is not installed, so not removed
2025-09-20T21:25:28.9401664Z Package 'php-nette-finder' is not installed, so not removed
2025-09-20T21:25:28.9402008Z Package 'php-dbase' is not installed, so not removed
2025-09-20T21:25:28.9402329Z Package 'php-libsodium' is not installed, so not removed
2025-09-20T21:25:28.9402653Z Package 'php-relay' is not installed, so not removed
2025-09-20T21:25:28.9403018Z Package 'php-ocramius-proxy-manager' is not installed, so not removed
2025-09-20T21:25:28.9403461Z Package 'php-zendframework-zend-stdlib' is not installed, so not removed
2025-09-20T21:25:28.9403867Z Package 'php-rhumsaa-uuid' is not installed, so not removed
2025-09-20T21:25:28.9404255Z Package 'php-paragonie-random-lib' is not installed, so not removed
2025-09-20T21:25:28.9404665Z Package 'php-ramsey-uuid-doctrine' is not installed, so not removed
2025-09-20T21:25:28.9405043Z Package 'php-crypt-blowfish' is not installed, so not removed
2025-09-20T21:25:28.9405390Z Package 'php-compat' is not installed, so not removed
2025-09-20T21:25:28.9405708Z Package 'libssh2-php' is not installed, so not removed
2025-09-20T21:25:28.9406061Z Package 'php-php-http-discovery' is not installed, so not removed
2025-09-20T21:25:28.9406471Z Package 'php-symfony-security-guard' is not installed, so not removed
2025-09-20T21:25:28.9406862Z Package 'php-numbers-words' is not installed, so not removed
2025-09-20T21:25:28.9407213Z Package 'php7.0-thrift' is not installed, so not removed
2025-09-20T21:25:28.9407540Z Package 'php7.2-thrift' is not installed, so not removed
2025-09-20T21:25:28.9407873Z Package 'php-net-idna' is not installed, so not removed
2025-09-20T21:25:28.9408200Z Package 'php-phpstan' is not installed, so not removed
2025-09-20T21:25:28.9408535Z Package 'php-vimeo-psalm' is not installed, so not removed
2025-09-20T21:25:28.9408903Z Package 'php-container-interop' is not installed, so not removed
2025-09-20T21:25:28.9409342Z Package 'php-zendframework-zend-eventmanager' is not installed, so not removed
2025-09-20T21:25:28.9410016Z Package 'php-recode' is not installed, so not removed
2025-09-20T21:25:28.9410330Z Package 'php-gd2' is not installed, so not removed
2025-09-20T21:25:28.9410838Z Package 'php-pragmarx-google2fa-qrcode' is not installed, so not removed
2025-09-20T21:25:28.9411266Z Package 'php-bjeavons-zxcvbn-php' is not installed, so not removed
2025-09-20T21:25:28.9411657Z Package 'php-pimlie-php-dkim' is not installed, so not removed
2025-09-20T21:25:28.9412039Z Package 'libapache2-mod-php7.4' is not installed, so not removed
2025-09-20T21:25:28.9412389Z Package 'php7.4-fpm' is not installed, so not removed
2025-09-20T21:25:28.9412715Z Package 'php-crypt-gpg' is not installed, so not removed
2025-09-20T21:25:28.9413075Z Package 'libapache2-mod-php' is not installed, so not removed
2025-09-20T21:25:28.9413456Z Package 'libapache2-mod-php8.3' is not installed, so not removed
2025-09-20T21:25:28.9413801Z Package 'php-json' is not installed, so not removed
2025-09-20T21:25:28.9414101Z Package 'php' is not installed, so not removed
2025-09-20T21:25:28.9414406Z Package 'php-all-dev' is not installed, so not removed
2025-09-20T21:25:28.9414725Z Package 'php-cgi' is not installed, so not removed
2025-09-20T21:25:28.9415029Z Package 'php-cli' is not installed, so not removed
2025-09-20T21:25:28.9415326Z Package 'php-amqp' is not installed, so not removed
2025-09-20T21:25:28.9415630Z Package 'php-apcu' is not installed, so not removed
2025-09-20T21:25:28.9415925Z Package 'php-ast' is not installed, so not removed
2025-09-20T21:25:28.9416221Z Package 'php-ds' is not installed, so not removed
2025-09-20T21:25:28.9416542Z Package 'php-facedetect' is not installed, so not removed
2025-09-20T21:25:28.9416987Z Package 'php-gearman' is not installed, so not removed
2025-09-20T21:25:28.9417314Z Package 'php-gmagick' is not installed, so not removed
2025-09-20T21:25:28.9417624Z Package 'php-gnupg' is not installed, so not removed
2025-09-20T21:25:28.9417945Z Package 'php-igbinary' is not installed, so not removed
2025-09-20T21:25:28.9418262Z Package 'php-imagick' is not installed, so not removed
2025-09-20T21:25:28.9418597Z Package 'php-libvirt-php' is not installed, so not removed
2025-09-20T21:25:28.9418941Z Package 'php-mailparse' is not installed, so not removed
2025-09-20T21:25:28.9419267Z Package 'php-memcache' is not installed, so not removed
2025-09-20T21:25:28.9419590Z Package 'php-memcached' is not installed, so not removed
2025-09-20T21:25:28.9420156Z Package 'php-mongodb' is not installed, so not removed
2025-09-20T21:25:28.9420474Z Package 'php-msgpack' is not installed, so not removed
2025-09-20T21:25:28.9420780Z Package 'php-oauth' is not installed, so not removed
2025-09-20T21:25:28.9421099Z Package 'php-pcov' is not installed, so not removed
2025-09-20T21:25:28.9421399Z Package 'php-ps' is not installed, so not removed
2025-09-20T21:25:28.9421703Z Package 'php-psr' is not installed, so not removed
2025-09-20T21:25:28.9422000Z Package 'php-raphf' is not installed, so not removed
2025-09-20T21:25:28.9422306Z Package 'php-redis' is not installed, so not removed
2025-09-20T21:25:28.9422606Z Package 'php-rrd' is not installed, so not removed
2025-09-20T21:25:28.9422922Z Package 'php-smbclient' is not installed, so not removed
2025-09-20T21:25:28.9423239Z Package 'php-ssh2' is not installed, so not removed
2025-09-20T21:25:28.9423536Z Package 'php-stomp' is not installed, so not removed
2025-09-20T21:25:28.9423851Z Package 'php-tideways' is not installed, so not removed
2025-09-20T21:25:28.9424154Z Package 'php-uopz' is not installed, so not removed
2025-09-20T21:25:28.9424490Z Package 'php-uploadprogress' is not installed, so not removed
2025-09-20T21:25:28.9424824Z Package 'php-uuid' is not installed, so not removed
2025-09-20T21:25:28.9425145Z Package 'php-xdebug' is not installed, so not removed
2025-09-20T21:25:28.9425458Z Package 'php-xmlrpc' is not installed, so not removed
2025-09-20T21:25:28.9425759Z Package 'php-yac' is not installed, so not removed
2025-09-20T21:25:28.9426057Z Package 'php-yaml' is not installed, so not removed
2025-09-20T21:25:28.9426350Z Package 'php-zmq' is not installed, so not removed
2025-09-20T21:25:28.9426643Z Package 'php-curl' is not installed, so not removed
2025-09-20T21:25:28.9427086Z Package 'php-dev' is not installed, so not removed
2025-09-20T21:25:28.9427387Z Package 'php-gd' is not installed, so not removed
2025-09-20T21:25:28.9427679Z Package 'php-gmp' is not installed, so not removed
2025-09-20T21:25:28.9427975Z Package 'php-ldap' is not installed, so not removed
2025-09-20T21:25:28.9428278Z Package 'php-mysql' is not installed, so not removed
2025-09-20T21:25:28.9428575Z Package 'php-odbc' is not installed, so not removed
2025-09-20T21:25:28.9428873Z Package 'php-xml' is not installed, so not removed
2025-09-20T21:25:28.9429169Z Package 'php-pgsql' is not installed, so not removed
2025-09-20T21:25:28.9429482Z Package 'php-pspell' is not installed, so not removed
2025-09-20T21:25:28.9429925Z Package 'php-snmp' is not installed, so not removed
2025-09-20T21:25:28.9430235Z Package 'php-sqlite3' is not installed, so not removed
2025-09-20T21:25:28.9430542Z Package 'php-tidy' is not installed, so not removed
2025-09-20T21:25:28.9430860Z Package 'php-tokenizer' is not installed, so not removed
2025-09-20T21:25:28.9431201Z Package 'pkg-php-tools' is not installed, so not removed
2025-09-20T21:25:28.9431517Z Package 'dh-php' is not installed, so not removed
2025-09-20T21:25:28.9431832Z Package 'php-mbstring' is not installed, so not removed
2025-09-20T21:25:28.9432153Z Package 'php-readline' is not installed, so not removed
2025-09-20T21:25:28.9432463Z Package 'php-fpm' is not installed, so not removed
2025-09-20T21:25:28.9432922Z Package 'php-codesniffer' is not installed, so not removed
2025-09-20T21:25:28.9433280Z Package 'libphp-phpmailer' is not installed, so not removed
2025-09-20T21:25:28.9433683Z Package 'php-phpmyadmin-motranslator' is not installed, so not removed
2025-09-20T21:25:28.9434069Z Package 'php-phpseclib' is not installed, so not removed
2025-09-20T21:25:28.9434386Z Package 'php-twig' is not installed, so not removed
2025-09-20T21:25:28.9434708Z Package 'php-mapscript-ng' is not installed, so not removed
2025-09-20T21:25:28.9435092Z Package 'php-composer-ca-bundle' is not installed, so not removed
2025-09-20T21:25:28.9435519Z Package 'php-composer-class-map-generator' is not installed, so not removed
2025-09-20T21:25:28.9435985Z Package 'php-composer-metadata-minifier' is not installed, so not removed
2025-09-20T21:25:28.9436402Z Package 'php-composer-semver' is not installed, so not removed
2025-09-20T21:25:28.9436803Z Package 'php-composer-spdx-licenses' is not installed, so not removed
2025-09-20T21:25:28.9437242Z Package 'php-composer-xdebug-handler' is not installed, so not removed
2025-09-20T21:25:28.9437630Z Package 'php-json-schema' is not installed, so not removed
2025-09-20T21:25:28.9437975Z Package 'php-psr-log' is not installed, so not removed
2025-09-20T21:25:28.9438319Z Package 'php-symfony-console' is not installed, so not removed
2025-09-20T21:25:28.9438702Z Package 'php-symfony-filesystem' is not installed, so not removed
2025-09-20T21:25:28.9439081Z Package 'php-symfony-finder' is not installed, so not removed
2025-09-20T21:25:28.9439445Z Package 'php-symfony-process' is not installed, so not removed
2025-09-20T21:25:28.9439934Z Package 'php-react-promise' is not installed, so not removed
2025-09-20T21:25:28.9440298Z Package 'php-composer-pcre' is not installed, so not removed
2025-09-20T21:25:28.9440681Z Package 'php-seld-signal-handler' is not installed, so not removed
2025-09-20T21:25:28.9441036Z Package 'php-intl' is not installed, so not removed
2025-09-20T21:25:28.9441344Z Package 'php-zip' is not installed, so not removed
2025-09-20T21:25:28.9441663Z Package 'libawl-php' is not installed, so not removed
2025-09-20T21:25:28.9441997Z Package 'libphp-simplepie' is not installed, so not removed
2025-09-20T21:25:28.9442335Z Package 'php-geshi' is not installed, so not removed
2025-09-20T21:25:28.9442669Z Package 'php-random-compat' is not installed, so not removed
2025-09-20T21:25:28.9443020Z Package 'elpa-php-mode' is not installed, so not removed
2025-09-20T21:25:28.9443329Z Package 'phpunit' is not installed, so not removed
2025-09-20T21:25:28.9443808Z Package 'php-geos' is not installed, so not removed
2025-09-20T21:25:28.9444205Z Package 'golang-github-phpdave11-gofpdi-dev' is not installed, so not removed
2025-09-20T21:25:28.9444601Z Package 'php-imap' is not installed, so not removed
2025-09-20T21:25:28.9444910Z Package 'php-fpdf' is not installed, so not removed
2025-09-20T21:25:28.9445237Z Package 'icinga-php-library' is not installed, so not removed
2025-09-20T21:25:28.9445629Z Package 'icinga-php-thirdparty' is not installed, so not removed
2025-09-20T21:25:28.9445979Z Package 'php-soap' is not installed, so not removed
2025-09-20T21:25:28.9446291Z Package 'php-icinga' is not installed, so not removed
2025-09-20T21:25:28.9446602Z Package 'php-tcpdf' is not installed, so not removed
2025-09-20T21:25:28.9446926Z Package 'kdevelop-php' is not installed, so not removed
2025-09-20T21:25:28.9447277Z Package 'kdevelop-php-l10n' is not installed, so not removed
2025-09-20T21:25:28.9447614Z Package 'php-mcrypt' is not installed, so not removed
2025-09-20T21:25:28.9447926Z Package 'less.php' is not installed, so not removed
2025-09-20T21:25:28.9448283Z Package 'libphp-serialization-perl' is not installed, so not removed
2025-09-20T21:25:28.9448751Z Package 'libhtml-wikiconverter-phpwiki-perl' is not installed, so not removed
2025-09-20T21:25:28.9449201Z Package 'libjs-php-date-formatter' is not installed, so not removed
2025-09-20T21:25:28.9449581Z Package 'libmarkdown-php' is not installed, so not removed
2025-09-20T21:25:28.9450155Z Package 'libnusoap-php' is not installed, so not removed
2025-09-20T21:25:28.9450513Z Package 'php-econea-nusoap' is not installed, so not removed
2025-09-20T21:25:28.9450862Z Package 'libow-php7t64' is not installed, so not removed
2025-09-20T21:25:28.9451190Z Package 'libownet-php' is not installed, so not removed
2025-09-20T21:25:28.9451521Z Package 'libphp-adodb' is not installed, so not removed
2025-09-20T21:25:28.9451838Z Package 'php-sybase' is not installed, so not removed
2025-09-20T21:25:28.9452165Z Package 'libphp-embed' is not installed, so not removed
2025-09-20T21:25:28.9452496Z Package 'libphp8.3-embed' is not installed, so not removed
2025-09-20T21:25:28.9452840Z Package 'libphp-jabber' is not installed, so not removed
2025-09-20T21:25:28.9453172Z Package 'libphp-snoopy' is not installed, so not removed
2025-09-20T21:25:28.9453499Z Package 'libphpy-dev' is not installed, so not removed
2025-09-20T21:25:28.9453810Z Package 'libphpy1' is not installed, so not removed
2025-09-20T21:25:28.9454137Z Package 'libxrdcephposix0' is not installed, so not removed
2025-09-20T21:25:28.9454469Z Package 'php-spyc' is not installed, so not removed
2025-09-20T21:25:28.9454800Z Package 'matomo-php-tracker' is not installed, so not removed
2025-09-20T21:25:28.9455160Z Package 'php-wikidiff2' is not installed, so not removed
2025-09-20T21:25:28.9455497Z Package 'php-luasandbox' is not installed, so not removed
2025-09-20T21:25:28.9455832Z Package 'mlmmj-php-web' is not installed, so not removed
2025-09-20T21:25:28.9456190Z Package 'mlmmj-php-web-admin' is not installed, so not removed
2025-09-20T21:25:28.9456545Z Package 'php-net-socket' is not installed, so not removed
2025-09-20T21:25:28.9456923Z Package 'node-codemirror-lang-php' is not installed, so not removed
2025-09-20T21:25:28.9457294Z Package 'node-lezer-php' is not installed, so not removed
2025-09-20T21:25:28.9457625Z Package 'phpmyadmin' is not installed, so not removed
2025-09-20T21:25:28.9457929Z Package 'php-cas' is not installed, so not removed
2025-09-20T21:25:28.9458246Z Package 'php-pclzip' is not installed, so not removed
2025-09-20T21:25:28.9458559Z Package 'phpqrcode' is not installed, so not removed
2025-09-20T21:25:28.9458892Z Package 'php-symfony-config' is not installed, so not removed
2025-09-20T21:25:28.9459346Z Package 'php-symfony-dependency-injection' is not installed, so not removed
2025-09-20T21:25:28.9459965Z Package 'phpmd' is not installed, so not removed
2025-09-20T21:25:28.9460312Z Package 'php-algo26-idna-convert' is not installed, so not removed
2025-09-20T21:25:28.9460863Z Package 'php-jakeasmith-http-build-url' is not installed, so not removed
2025-09-20T21:25:28.9461260Z Package 'php-amphp-amp' is not installed, so not removed
2025-09-20T21:25:28.9461608Z Package 'php-amqp-all-dev' is not installed, so not removed
2025-09-20T21:25:28.9461945Z Package 'php-amqplib' is not installed, so not removed
2025-09-20T21:25:28.9462281Z Package 'php-apcu-all-dev' is not installed, so not removed
2025-09-20T21:25:28.9462689Z Package 'php-arthurhoaro-web-thumbnailer' is not installed, so not removed
2025-09-20T21:25:28.9463109Z Package 'php-text-template' is not installed, so not removed
2025-09-20T21:25:28.9463444Z Package 'php8.3-ast' is not installed, so not removed
2025-09-20T21:25:28.9463780Z Package 'php-ast-all-dev' is not installed, so not removed
2025-09-20T21:25:28.9464138Z Package 'php-async-aws-core' is not installed, so not removed
2025-09-20T21:25:28.9464488Z Package 'php-psr-cache' is not installed, so not removed
2025-09-20T21:25:28.9464902Z Package 'php-symfony-deprecation-contracts' is not installed, so not removed
2025-09-20T21:25:28.9465356Z Package 'php-symfony-http-client' is not installed, so not removed
2025-09-20T21:25:28.9465794Z Package 'php-symfony-http-client-contracts' is not installed, so not removed
2025-09-20T21:25:28.9466248Z Package 'php-symfony-service-contracts' is not installed, so not removed
2025-09-20T21:25:28.9466653Z Package 'php-async-aws-ses' is not installed, so not removed
2025-09-20T21:25:28.9467130Z Package 'php-async-aws-sns' is not installed, so not removed
2025-09-20T21:25:28.9467485Z Package 'php-async-aws-sqs' is not installed, so not removed
2025-09-20T21:25:28.9467829Z Package 'php-auth-sasl' is not installed, so not removed
2025-09-20T21:25:28.9468166Z Package 'php-bacon-qr-code' is not installed, so not removed
2025-09-20T21:25:28.9468520Z Package 'php-dasprid-enum' is not installed, so not removed
2025-09-20T21:25:28.9468853Z Package 'php-bcmath' is not installed, so not removed
2025-09-20T21:25:28.9487887Z Package 'php-brick-math' is not installed, so not removed
2025-09-20T21:25:28.9488301Z Package 'php-brick-varexporter' is not installed, so not removed
2025-09-20T21:25:28.9488676Z Package 'php-parser' is not installed, so not removed
2025-09-20T21:25:28.9489019Z Package 'php-bz2' is not installed, so not removed
2025-09-20T21:25:28.9489405Z Package 'php-cache-integration-tests' is not installed, so not removed
2025-09-20T21:25:28.9489947Z Package 'php-cache-tag-interop' is not installed, so not removed
2025-09-20T21:25:28.9490372Z Package 'php-christianriesen-base32' is not installed, so not removed
2025-09-20T21:25:28.9490801Z Package 'php-christianriesen-otp' is not installed, so not removed
2025-09-20T21:25:28.9491221Z Package 'php-code-lts-u2f-php-server' is not installed, so not removed
2025-09-20T21:25:28.9491622Z Package 'php-codecoverage' is not installed, so not removed
2025-09-20T21:25:28.9491991Z Package 'php-file-iterator' is not installed, so not removed
2025-09-20T21:25:28.9492420Z Package 'phpunit-code-unit-reverse-lookup' is not installed, so not removed
2025-09-20T21:25:28.9492859Z Package 'phpunit-complexity' is not installed, so not removed
2025-09-20T21:25:28.9493237Z Package 'phpunit-environment' is not installed, so not removed
2025-09-20T21:25:28.9493625Z Package 'phpunit-lines-of-code' is not installed, so not removed
2025-09-20T21:25:28.9494001Z Package 'phpunit-version' is not installed, so not removed
2025-09-20T21:25:28.9494400Z Package 'php-codeigniter-framework' is not installed, so not removed
2025-09-20T21:25:28.9494844Z Package 'php-codeigniter-framework-doc' is not installed, so not removed
2025-09-20T21:25:28.9495279Z Package 'php-console-commandline' is not installed, so not removed
2025-09-20T21:25:28.9495665Z Package 'php-console-table' is not installed, so not removed
2025-09-20T21:25:28.9496019Z Package 'php-constant-time' is not installed, so not removed
2025-09-20T21:25:28.9496376Z Package 'php-dapphp-radius' is not installed, so not removed
2025-09-20T21:25:28.9496885Z Package 'php-date' is not installed, so not removed
2025-09-20T21:25:28.9497232Z Package 'php-datto-json-rpc' is not installed, so not removed
2025-09-20T21:25:28.9497621Z Package 'php-datto-json-rpc-http' is not installed, so not removed
2025-09-20T21:25:28.9497973Z Package 'php-db' is not installed, so not removed
2025-09-20T21:25:28.9498301Z Package 'php-deepcopy' is not installed, so not removed
2025-09-20T21:25:28.9498681Z Package 'php-dflydev-dot-access-data' is not installed, so not removed
2025-09-20T21:25:28.9499057Z Package 'php-di' is not installed, so not removed
2025-09-20T21:25:28.9499383Z Package 'php-psr-container' is not installed, so not removed
2025-09-20T21:25:28.9499873Z Package 'php-di-invoker' is not installed, so not removed
2025-09-20T21:25:28.9500291Z Package 'php-laravel-serializable-closure' is not installed, so not removed
2025-09-20T21:25:28.9500729Z Package 'php-directory-scanner' is not installed, so not removed
2025-09-20T21:25:28.9501086Z Package 'php-doc' is not installed, so not removed
2025-09-20T21:25:28.9501444Z Package 'php-doctrine-annotations' is not installed, so not removed
2025-09-20T21:25:28.9501838Z Package 'php-doctrine-lexer' is not installed, so not removed
2025-09-20T21:25:28.9502202Z Package 'php-doctrine-cache' is not installed, so not removed
2025-09-20T21:25:28.9502589Z Package 'php-doctrine-collections' is not installed, so not removed
2025-09-20T21:25:28.9502998Z Package 'php-doctrine-deprecations' is not installed, so not removed
2025-09-20T21:25:28.9503519Z Package 'php-doctrine-common' is not installed, so not removed
2025-09-20T21:25:28.9503911Z Package 'php-doctrine-persistence' is not installed, so not removed
2025-09-20T21:25:28.9504323Z Package 'php-doctrine-data-fixtures' is not installed, so not removed
2025-09-20T21:25:28.9504719Z Package 'php-doctrine-dbal' is not installed, so not removed
2025-09-20T21:25:28.9505072Z Package 'php-doctrine-orm' is not installed, so not removed
2025-09-20T21:25:28.9505479Z Package 'php-doctrine-event-manager' is not installed, so not removed
2025-09-20T21:25:28.9505887Z Package 'php-doctrine-inflector' is not installed, so not removed
2025-09-20T21:25:28.9506310Z Package 'php-doctrine-instantiator' is not installed, so not removed
2025-09-20T21:25:28.9506709Z Package 'php-symfony-cache' is not installed, so not removed
2025-09-20T21:25:28.9507072Z Package 'php-symfony-yaml' is not installed, so not removed
2025-09-20T21:25:28.9507506Z Package 'php-dragonmantank-cron-expression' is not installed, so not removed
2025-09-20T21:25:28.9507949Z Package 'php-webmozart-assert' is not installed, so not removed
2025-09-20T21:25:28.9508307Z Package 'php8.3-ds' is not installed, so not removed
2025-09-20T21:25:28.9508635Z Package 'php-ds-all-dev' is not installed, so not removed
2025-09-20T21:25:28.9508977Z Package 'php-easyrdf' is not installed, so not removed
2025-09-20T21:25:28.9509314Z Package 'php-ml-json-ld' is not installed, so not removed
2025-09-20T21:25:28.9509776Z Package 'php-eluceo-ical' is not installed, so not removed
2025-09-20T21:25:28.9510146Z Package 'php-email-validator' is not installed, so not removed
2025-09-20T21:25:28.9510484Z Package 'php-embed' is not installed, so not removed
2025-09-20T21:25:28.9510857Z Package 'php-oscarotero-html-parser' is not installed, so not removed
2025-09-20T21:25:28.9511265Z Package 'php-psr-http-message' is not installed, so not removed
2025-09-20T21:25:28.9511641Z Package 'php-psr-http-client' is not installed, so not removed
2025-09-20T21:25:28.9512022Z Package 'php-psr-http-factory' is not installed, so not removed
2025-09-20T21:25:28.9512413Z Package 'php-symfony-css-selector' is not installed, so not removed
2025-09-20T21:25:28.9512788Z Package 'php-enchant' is not installed, so not removed
2025-09-20T21:25:28.9513108Z Package 'php-excimer' is not installed, so not removed
2025-09-20T21:25:28.9513451Z Package 'php8.3-facedetect' is not installed, so not removed
2025-09-20T21:25:28.9513828Z Package 'php-facedetect-all-dev' is not installed, so not removed
2025-09-20T21:25:28.9514311Z Package 'php-faker' is not installed, so not removed
2025-09-20T21:25:28.9514645Z Package 'php-fdomdocument' is not installed, so not removed
2025-09-20T21:25:28.9515025Z Package 'php-fig-http-message-util' is not installed, so not removed
2025-09-20T21:25:28.9515410Z Package 'php-fig-link-util' is not installed, so not removed
2025-09-20T21:25:28.9515763Z Package 'php-psr-link' is not installed, so not removed
2025-09-20T21:25:28.9516095Z Package 'php-font-lib' is not installed, so not removed
2025-09-20T21:25:28.9516457Z Package 'php-fruitcake-php-cors' is not installed, so not removed
2025-09-20T21:25:28.9516870Z Package 'php-symfony-http-foundation' is not installed, so not removed
2025-09-20T21:25:28.9517238Z Package 'php-fxsl' is not installed, so not removed
2025-09-20T21:25:28.9517569Z Package 'php8.3-gearman' is not installed, so not removed
2025-09-20T21:25:28.9517928Z Package 'php-gearman-all-dev' is not installed, so not removed
2025-09-20T21:25:28.9518294Z Package 'php-getallheaders' is not installed, so not removed
2025-09-20T21:25:28.9518638Z Package 'php-getid3' is not installed, so not removed
2025-09-20T21:25:28.9518992Z Package 'php-gettext-languages' is not installed, so not removed
2025-09-20T21:25:28.9519393Z Package 'php-oscarotero-gettext' is not installed, so not removed
2025-09-20T21:25:28.9519925Z Package 'php-giggsey-libphonenumber' is not installed, so not removed
2025-09-20T21:25:28.9520332Z Package 'php-giggsey-locale' is not installed, so not removed
2025-09-20T21:25:28.9520806Z Package 'php8.3-gmagick' is not installed, so not removed
2025-09-20T21:25:28.9521159Z Package 'php-gmagick-all-dev' is not installed, so not removed
2025-09-20T21:25:28.9521511Z Package 'php8.3-gnupg' is not installed, so not removed
2025-09-20T21:25:28.9521857Z Package 'php-gnupg-all-dev' is not installed, so not removed
2025-09-20T21:25:28.9522222Z Package 'php-google-protobuf' is not installed, so not removed
2025-09-20T21:25:28.9522601Z Package 'php-google-recaptcha' is not installed, so not removed
2025-09-20T21:25:28.9523027Z Package 'php-graham-campbell-result-type' is not installed, so not removed
2025-09-20T21:25:28.9523446Z Package 'php-phpoption' is not installed, so not removed
2025-09-20T21:25:28.9523794Z Package 'php-gregwar-captcha' is not installed, so not removed
2025-09-20T21:25:28.9524138Z Package 'php-guestfs' is not installed, so not removed
2025-09-20T21:25:28.9524486Z Package 'php-guzzlehttp-guzzle' is not installed, so not removed
2025-09-20T21:25:28.9524890Z Package 'php-guzzlehttp-promises' is not installed, so not removed
2025-09-20T21:25:28.9525293Z Package 'php-guzzlehttp-psr7' is not installed, so not removed
2025-09-20T21:25:28.9525644Z Package 'php-hamcrest' is not installed, so not removed
2025-09-20T21:25:28.9525962Z Package 'php-htmlawed' is not installed, so not removed
2025-09-20T21:25:28.9526305Z Package 'php-htmlpurifier' is not installed, so not removed
2025-09-20T21:25:28.9526638Z Package 'php-http' is not installed, so not removed
2025-09-20T21:25:28.9526964Z Package 'php8.3-http' is not installed, so not removed
2025-09-20T21:25:28.9527301Z Package 'php-http-all-dev' is not installed, so not removed
2025-09-20T21:25:28.9527656Z Package 'php-http-httplug' is not installed, so not removed
2025-09-20T21:25:28.9528007Z Package 'php-http-promise' is not installed, so not removed
2025-09-20T21:25:28.9528422Z Package 'php-http-interop-http-factory-tests' is not installed, so not removed
2025-09-20T21:25:28.9528882Z Package 'php-http-message-factory' is not installed, so not removed
2025-09-20T21:25:28.9529311Z Package 'php-http-psr7-integration-tests' is not installed, so not removed
2025-09-20T21:25:28.9529842Z Package 'php-http-webdav-server' is not installed, so not removed
2025-09-20T21:25:28.9530196Z Package 'php-httpful' is not installed, so not removed
2025-09-20T21:25:28.9530547Z Package 'php-igbinary-all-dev' is not installed, so not removed
2025-09-20T21:25:28.9530909Z Package 'php-image-text' is not installed, so not removed
2025-09-20T21:25:28.9531389Z Package 'php-imagick-all-dev' is not installed, so not removed
2025-09-20T21:25:28.9531745Z Package 'php-interbase' is not installed, so not removed
2025-09-20T21:25:28.9532064Z Package 'php-invoker' is not installed, so not removed
2025-09-20T21:25:28.9532385Z Package 'php-jshrink' is not installed, so not removed
2025-09-20T21:25:28.9532732Z Package 'php-kissifrot-php-ixr' is not installed, so not removed
2025-09-20T21:25:28.9533085Z Package 'php-klogger' is not installed, so not removed
2025-09-20T21:25:28.9533435Z Package 'php-lcobucci-clock' is not installed, so not removed
2025-09-20T21:25:28.9533787Z Package 'php-psr-clock' is not installed, so not removed
2025-09-20T21:25:28.9534125Z Package 'php-lcobucci-jwt' is not installed, so not removed
2025-09-20T21:25:28.9534488Z Package 'php-league-commonmark' is not installed, so not removed
2025-09-20T21:25:28.9534861Z Package 'php-league-config' is not installed, so not removed
2025-09-20T21:25:28.9535244Z Package 'php-psr-event-dispatcher' is not installed, so not removed
2025-09-20T21:25:28.9535617Z Package 'php-nette-schema' is not installed, so not removed
2025-09-20T21:25:28.9535960Z Package 'php-league-csv' is not installed, so not removed
2025-09-20T21:25:28.9536322Z Package 'php-league-flysystem' is not installed, so not removed
2025-09-20T21:25:28.9536741Z Package 'php-league-mime-type-detection' is not installed, so not removed
2025-09-20T21:25:28.9537188Z Package 'php-league-html-to-markdown' is not installed, so not removed
2025-09-20T21:25:28.9537691Z Package 'php-league-uri' is not installed, so not removed
2025-09-20T21:25:28.9538069Z Package 'php-league-uri-interfaces' is not installed, so not removed
2025-09-20T21:25:28.9538481Z Package 'php-league-uri-components' is not installed, so not removed
2025-09-20T21:25:28.9538860Z Package 'php-letodms-core' is not installed, so not removed
2025-09-20T21:25:28.9539242Z Package 'php-libvirt-php-all-dev' is not installed, so not removed
2025-09-20T21:25:28.9539722Z Package 'php-log' is not installed, so not removed
2025-09-20T21:25:28.9540029Z Package 'php-mdb2' is not installed, so not removed
2025-09-20T21:25:28.9540336Z Package 'php-mail' is not installed, so not removed
2025-09-20T21:25:28.9540663Z Package 'php-lorenzo-pinky' is not installed, so not removed
2025-09-20T21:25:28.9541016Z Package 'php-net-smtp' is not installed, so not removed
2025-09-20T21:25:28.9541349Z Package 'php-mail-mime' is not installed, so not removed
2025-09-20T21:25:28.9541695Z Package 'php8.3-mailparse' is not installed, so not removed
2025-09-20T21:25:28.9542063Z Package 'php-mailparse-all-dev' is not installed, so not removed
2025-09-20T21:25:28.9542436Z Package 'php-malkusch-lock' is not installed, so not removed
2025-09-20T21:25:28.9542780Z Package 'php-predis' is not installed, so not removed
2025-09-20T21:25:28.9543125Z Package 'php-mariadb-mysql-kbs' is not installed, so not removed
2025-09-20T21:25:28.9543508Z Package 'php-masterminds-html5' is not installed, so not removed
2025-09-20T21:25:28.9543941Z Package 'php-matthiasmullie-minify' is not installed, so not removed
2025-09-20T21:25:28.9544395Z Package 'php-matthiasmullie-path-converter' is not installed, so not removed
2025-09-20T21:25:28.9544872Z Package 'php-maxmind-web-service-common' is not installed, so not removed
2025-09-20T21:25:28.9545277Z Package 'php-maxminddb' is not installed, so not removed
2025-09-20T21:25:28.9545618Z Package 'php8.3-maxminddb' is not installed, so not removed
2025-09-20T21:25:28.9545980Z Package 'php-maxminddb-all-dev' is not installed, so not removed
2025-09-20T21:25:28.9546338Z Package 'php8.3-mcrypt' is not installed, so not removed
2025-09-20T21:25:28.9546683Z Package 'php-mcrypt-all-dev' is not installed, so not removed
2025-09-20T21:25:28.9547056Z Package 'php-mdb2-driver-mysql' is not installed, so not removed
2025-09-20T21:25:28.9547437Z Package 'php-mdb2-driver-pgsql' is not installed, so not removed
2025-09-20T21:25:28.9547815Z Package 'php-memcache-all-dev' is not installed, so not removed
2025-09-20T21:25:28.9548320Z Package 'php-memcached-all-dev' is not installed, so not removed
2025-09-20T21:25:28.9548697Z Package 'php-msgpack-all-dev' is not installed, so not removed
2025-09-20T21:25:28.9549039Z Package 'php-mf2' is not installed, so not removed
2025-09-20T21:25:28.9549377Z Package 'php-mikey179-vfsstream' is not installed, so not removed
2025-09-20T21:25:28.9549833Z Package 'php-ml-iri' is not installed, so not removed
2025-09-20T21:25:28.9550141Z Package 'php-mock' is not installed, so not removed
2025-09-20T21:25:28.9550480Z Package 'php-mock-phpunit' is not installed, so not removed
2025-09-20T21:25:28.9550848Z Package 'php-mock-integration' is not installed, so not removed
2025-09-20T21:25:28.9551198Z Package 'php-mockery' is not installed, so not removed
2025-09-20T21:25:28.9551536Z Package 'php-mockery-doc' is not installed, so not removed
2025-09-20T21:25:28.9551893Z Package 'php-mongodb-all-dev' is not installed, so not removed
2025-09-20T21:25:28.9552244Z Package 'php-monolog' is not installed, so not removed
2025-09-20T21:25:28.9552571Z Package 'php-net-dime' is not installed, so not removed
2025-09-20T21:25:28.9552899Z Package 'php-net-dns2' is not installed, so not removed
2025-09-20T21:25:28.9553224Z Package 'php-net-ftp' is not installed, so not removed
2025-09-20T21:25:28.9553542Z Package 'php-net-imap' is not installed, so not removed
2025-09-20T21:25:28.9553865Z Package 'php-net-ipv6' is not installed, so not removed
2025-09-20T21:25:28.9554192Z Package 'php-net-ldap2' is not installed, so not removed
2025-09-20T21:25:28.9554642Z Package 'php-net-ldap3' is not installed, so not removed
2025-09-20T21:25:28.9554971Z Package 'php-net-nntp' is not installed, so not removed
2025-09-20T21:25:28.9555326Z Package 'php-net-publicsuffix' is not installed, so not removed
2025-09-20T21:25:28.9555682Z Package 'php-net-sieve' is not installed, so not removed
2025-09-20T21:25:28.9556010Z Package 'php-net-url' is not installed, so not removed
2025-09-20T21:25:28.9556339Z Package 'php-net-url2' is not installed, so not removed
2025-09-20T21:25:28.9556661Z Package 'php-net-whois' is not installed, so not removed
2025-09-20T21:25:28.9557055Z Package 'php-netscape-bookmark-parser' is not installed, so not removed
2025-09-20T21:25:28.9557460Z Package 'php-nette-utils' is not installed, so not removed
2025-09-20T21:25:28.9557825Z Package 'php-nikic-fast-route' is not installed, so not removed
2025-09-20T21:25:28.9558183Z Package 'php-nyholm-psr7' is not installed, so not removed
2025-09-20T21:25:28.9558534Z Package 'php8.3-oauth' is not installed, so not removed
2025-09-20T21:25:28.9558881Z Package 'php-oauth-all-dev' is not installed, so not removed
2025-09-20T21:25:28.9559246Z Package 'php-opis-closure' is not installed, so not removed
2025-09-20T21:25:28.9559586Z Package 'php-parsedown' is not installed, so not removed
2025-09-20T21:25:28.9560092Z Package 'php-parsedown-extra' is not installed, so not removed
2025-09-20T21:25:28.9560449Z Package 'php-pcov-all-dev' is not installed, so not removed
2025-09-20T21:25:28.9560825Z Package 'php-pda-pheanstalk' is not installed, so not removed
2025-09-20T21:25:28.9561199Z Package 'php-phar-io-manifest' is not installed, so not removed
2025-09-20T21:25:28.9561570Z Package 'php-phar-io-version' is not installed, so not removed
2025-09-20T21:25:28.9561925Z Package 'php-php-gettext' is not installed, so not removed
2025-09-20T21:25:28.9562261Z Package 'php-phpdbg' is not installed, so not removed
2025-09-20T21:25:28.9562672Z Package 'php-phpdocumentor-reflection-common' is not installed, so not removed
2025-09-20T21:25:28.9563182Z Package 'php-phpdocumentor-reflection-docblock' is not installed, so not removed
2025-09-20T21:25:28.9563674Z Package 'php-phpdocumentor-type-resolver' is not installed, so not removed
2025-09-20T21:25:28.9564121Z Package 'php-phpstan-phpdoc-parser' is not installed, so not removed
2025-09-20T21:25:28.9564565Z Package 'php-symfony-expression-language' is not installed, so not removed
2025-09-20T21:25:28.9565005Z Package 'php-phpmyadmin-shapefile' is not installed, so not removed
2025-09-20T21:25:28.9565541Z Package 'php-phpmyadmin-sql-parser' is not installed, so not removed
2025-09-20T21:25:28.9565969Z Package 'php-symfony-polyfill-php80' is not installed, so not removed
2025-09-20T21:25:28.9566343Z Package 'php-seclib' is not installed, so not removed
2025-09-20T21:25:28.9566675Z Package 'php-phpseclib3' is not installed, so not removed
2025-09-20T21:25:28.9567036Z Package 'php-phpspec-prophecy' is not installed, so not removed
2025-09-20T21:25:28.9567421Z Package 'phpunit-comparator' is not installed, so not removed
2025-09-20T21:25:28.9567809Z Package 'phpunit-recursion-context' is not installed, so not removed
2025-09-20T21:25:28.9568239Z Package 'php-phpspec-prophecy-phpunit' is not installed, so not removed
2025-09-20T21:25:28.9568626Z Package 'php-pinba' is not installed, so not removed
2025-09-20T21:25:28.9568954Z Package 'php8.3-pinba' is not installed, so not removed
2025-09-20T21:25:28.9569315Z Package 'php-pinba-all-dev' is not installed, so not removed
2025-09-20T21:25:28.9569777Z Package 'php-proxy-manager' is not installed, so not removed
2025-09-20T21:25:28.9570117Z Package 'php8.3-ps' is not installed, so not removed
2025-09-20T21:25:28.9570446Z Package 'php-ps-all-dev' is not installed, so not removed
2025-09-20T21:25:28.9570782Z Package 'php8.3-psr' is not installed, so not removed
2025-09-20T21:25:28.9571121Z Package 'php-psr-all-dev' is not installed, so not removed
2025-09-20T21:25:28.9571481Z Package 'php-psr-simple-cache' is not installed, so not removed
2025-09-20T21:25:28.9572005Z Package 'php-pubsubhubbub-publisher' is not installed, so not removed
2025-09-20T21:25:28.9572416Z Package 'php-ramsey-collection' is not installed, so not removed
2025-09-20T21:25:28.9572787Z Package 'php-ramsey-uuid' is not installed, so not removed
2025-09-20T21:25:28.9573120Z Package 'php8.3-raphf' is not installed, so not removed
2025-09-20T21:25:28.9573466Z Package 'php-raphf-all-dev' is not installed, so not removed
2025-09-20T21:25:28.9573837Z Package 'php-redis-all-dev' is not installed, so not removed
2025-09-20T21:25:28.9574174Z Package 'php-remctl' is not installed, so not removed
2025-09-20T21:25:28.9574545Z Package 'php-roundcube-rtf-html-php' is not installed, so not removed
2025-09-20T21:25:28.9574912Z Package 'php8.3-rrd' is not installed, so not removed
2025-09-20T21:25:28.9575240Z Package 'php-rrd-all-dev' is not installed, so not removed
2025-09-20T21:25:28.9575579Z Package 'php-sabre-dav' is not installed, so not removed
2025-09-20T21:25:28.9575937Z Package 'php-sabre-vobject' is not installed, so not removed
2025-09-20T21:25:28.9576268Z Package 'php-sass' is not installed, so not removed
2025-09-20T21:25:28.9576588Z Package 'php8.3-sass' is not installed, so not removed
2025-09-20T21:25:28.9576929Z Package 'php-sass-all-dev' is not installed, so not removed
2025-09-20T21:25:28.9577283Z Package 'php-shellcommand' is not installed, so not removed
2025-09-20T21:25:28.9577633Z Package 'php-slim-psr7' is not installed, so not removed
2025-09-20T21:25:28.9577974Z Package 'php8.3-smbclient' is not installed, so not removed
2025-09-20T21:25:28.9578340Z Package 'php-smbclient-all-dev' is not installed, so not removed
2025-09-20T21:25:28.9578690Z Package 'php-solr' is not installed, so not removed
2025-09-20T21:25:28.9579007Z Package 'php8.3-solr' is not installed, so not removed
2025-09-20T21:25:28.9579348Z Package 'php-solr-all-dev' is not installed, so not removed
2025-09-20T21:25:28.9579938Z Package 'php-sparkline' is not installed, so not removed
2025-09-20T21:25:28.9580285Z Package 'php-sql-formatter' is not installed, so not removed
2025-09-20T21:25:28.9580616Z Package 'php8.3-ssh2' is not installed, so not removed
2025-09-20T21:25:28.9580950Z Package 'php-ssh2-all-dev' is not installed, so not removed
2025-09-20T21:25:28.9581285Z Package 'php8.3-stomp' is not installed, so not removed
2025-09-20T21:25:28.9581630Z Package 'php-stomp-all-dev' is not installed, so not removed
2025-09-20T21:25:28.9581984Z Package 'php-swiftmailer' is not installed, so not removed
2025-09-20T21:25:28.9582439Z Package 'php-symfony' is not installed, so not removed
2025-09-20T21:25:28.9582774Z Package 'php-symfony-asset' is not installed, so not removed
2025-09-20T21:25:28.9583153Z Package 'php-symfony-asset-mapper' is not installed, so not removed
2025-09-20T21:25:28.9583561Z Package 'php-symfony-browser-kit' is not installed, so not removed
2025-09-20T21:25:28.9583939Z Package 'php-symfony-clock' is not installed, so not removed
2025-09-20T21:25:28.9584327Z Package 'php-symfony-debug-bundle' is not installed, so not removed
2025-09-20T21:25:28.9584751Z Package 'php-symfony-doctrine-bridge' is not installed, so not removed
2025-09-20T21:25:28.9585167Z Package 'php-symfony-dom-crawler' is not installed, so not removed
2025-09-20T21:25:28.9585556Z Package 'php-symfony-dotenv' is not installed, so not removed
2025-09-20T21:25:28.9585947Z Package 'php-symfony-error-handler' is not installed, so not removed
2025-09-20T21:25:28.9586386Z Package 'php-symfony-event-dispatcher' is not installed, so not removed
2025-09-20T21:25:28.9586788Z Package 'php-symfony-form' is not installed, so not removed
2025-09-20T21:25:28.9587185Z Package 'php-symfony-framework-bundle' is not installed, so not removed
2025-09-20T21:25:28.9587606Z Package 'php-symfony-http-kernel' is not installed, so not removed
2025-09-20T21:25:28.9587979Z Package 'php-symfony-intl' is not installed, so not removed
2025-09-20T21:25:28.9588331Z Package 'php-symfony-ldap' is not installed, so not removed
2025-09-20T21:25:28.9588790Z Package 'php-symfony-lock' is not installed, so not removed
2025-09-20T21:25:28.9589153Z Package 'php-symfony-mailer' is not installed, so not removed
2025-09-20T21:25:28.9589525Z Package 'php-symfony-messenger' is not installed, so not removed
2025-09-20T21:25:28.9589994Z Package 'php-symfony-mime' is not installed, so not removed
2025-09-20T21:25:28.9590383Z Package 'php-symfony-monolog-bridge' is not installed, so not removed
2025-09-20T21:25:28.9590793Z Package 'php-symfony-notifier' is not installed, so not removed
2025-09-20T21:25:28.9591201Z Package 'php-symfony-options-resolver' is not installed, so not removed
2025-09-20T21:25:28.9591647Z Package 'php-symfony-password-hasher' is not installed, so not removed
2025-09-20T21:25:28.9592096Z Package 'php-symfony-property-access' is not installed, so not removed
2025-09-20T21:25:28.9592520Z Package 'php-symfony-property-info' is not installed, so not removed
2025-09-20T21:25:28.9592971Z Package 'php-symfony-proxy-manager-bridge' is not installed, so not removed
2025-09-20T21:25:28.9593420Z Package 'php-symfony-rate-limiter' is not installed, so not removed
2025-09-20T21:25:28.9593826Z Package 'php-symfony-remote-event' is not installed, so not removed
2025-09-20T21:25:28.9594220Z Package 'php-symfony-routing' is not installed, so not removed
2025-09-20T21:25:28.9594599Z Package 'php-symfony-scheduler' is not installed, so not removed
2025-09-20T21:25:28.9595010Z Package 'php-symfony-security-bundle' is not installed, so not removed
2025-09-20T21:25:28.9595437Z Package 'php-symfony-security-core' is not installed, so not removed
2025-09-20T21:25:28.9595852Z Package 'php-symfony-security-csrf' is not installed, so not removed
2025-09-20T21:25:28.9596260Z Package 'php-symfony-security-http' is not installed, so not removed
2025-09-20T21:25:28.9596665Z Package 'php-symfony-semaphore' is not installed, so not removed
2025-09-20T21:25:28.9597063Z Package 'php-symfony-serializer' is not installed, so not removed
2025-09-20T21:25:28.9597452Z Package 'php-symfony-stopwatch' is not installed, so not removed
2025-09-20T21:25:28.9597837Z Package 'php-symfony-string' is not installed, so not removed
2025-09-20T21:25:28.9598216Z Package 'php-symfony-templating' is not installed, so not removed
2025-09-20T21:25:28.9598633Z Package 'php-symfony-translation' is not installed, so not removed
2025-09-20T21:25:28.9599027Z Package 'php-symfony-twig-bridge' is not installed, so not removed
2025-09-20T21:25:28.9599424Z Package 'php-symfony-twig-bundle' is not installed, so not removed
2025-09-20T21:25:28.9600049Z Package 'php-symfony-uid' is not installed, so not removed
2025-09-20T21:25:28.9600407Z Package 'php-symfony-validator' is not installed, so not removed
2025-09-20T21:25:28.9600790Z Package 'php-symfony-var-dumper' is not installed, so not removed
2025-09-20T21:25:28.9601179Z Package 'php-symfony-var-exporter' is not installed, so not removed
2025-09-20T21:25:28.9601578Z Package 'php-symfony-web-link' is not installed, so not removed
2025-09-20T21:25:28.9602003Z Package 'php-symfony-web-profiler-bundle' is not installed, so not removed
2025-09-20T21:25:28.9602431Z Package 'php-symfony-webhook' is not installed, so not removed
2025-09-20T21:25:28.9602812Z Package 'php-symfony-workflow' is not installed, so not removed
2025-09-20T21:25:28.9603187Z Package 'php-symfony-contracts' is not installed, so not removed
2025-09-20T21:25:28.9603591Z Package 'php-symfony-polyfill-php83' is not installed, so not removed
2025-09-20T21:25:28.9604035Z Package 'php-symfony-all-my-sms-notifier' is not installed, so not removed
2025-09-20T21:25:28.9604482Z Package 'php-symfony-amazon-mailer' is not installed, so not removed
2025-09-20T21:25:28.9605008Z Package 'php-symfony-amazon-sns-notifier' is not installed, so not removed
2025-09-20T21:25:28.9605474Z Package 'php-symfony-amazon-sqs-messenger' is not installed, so not removed
2025-09-20T21:25:28.9605927Z Package 'php-symfony-amqp-messenger' is not installed, so not removed
2025-09-20T21:25:28.9606494Z Package 'php-symfony-bandwidth-notifier' is not installed, so not removed
2025-09-20T21:25:28.9606960Z Package 'php-symfony-beanstalkd-messenger' is not installed, so not removed
2025-09-20T21:25:28.9607396Z Package 'php-symfony-brevo-mailer' is not installed, so not removed
2025-09-20T21:25:28.9607814Z Package 'php-symfony-brevo-notifier' is not installed, so not removed
2025-09-20T21:25:28.9608242Z Package 'php-symfony-cache-contracts' is not installed, so not removed
2025-09-20T21:25:28.9608680Z Package 'php-symfony-chatwork-notifier' is not installed, so not removed
2025-09-20T21:25:28.9609136Z Package 'php-symfony-click-send-notifier' is not installed, so not removed
2025-09-20T21:25:28.9609589Z Package 'php-symfony-clickatell-notifier' is not installed, so not removed
2025-09-20T21:25:28.9610213Z Package 'php-symfony-contact-everyone-notifier' is not installed, so not removed
2025-09-20T21:25:28.9610728Z Package 'php-symfony-event-dispatcher-contracts' is not installed, so not removed
2025-09-20T21:25:28.9611243Z Package 'php-symfony-translation-contracts' is not installed, so not removed
2025-09-20T21:25:28.9611751Z Package 'php-symfony-crowdin-translation-provider' is not installed, so not removed
2025-09-20T21:25:28.9612244Z Package 'php-symfony-discord-notifier' is not installed, so not removed
2025-09-20T21:25:28.9612697Z Package 'php-symfony-doctrine-messenger' is not installed, so not removed
2025-09-20T21:25:28.9613153Z Package 'php-symfony-engagespot-notifier' is not installed, so not removed
2025-09-20T21:25:28.9613607Z Package 'php-symfony-esendex-notifier' is not installed, so not removed
2025-09-20T21:25:28.9614034Z Package 'php-symfony-expo-notifier' is not installed, so not removed
2025-09-20T21:25:28.9614470Z Package 'php-symfony-fake-chat-notifier' is not installed, so not removed
2025-09-20T21:25:28.9614916Z Package 'php-symfony-fake-sms-notifier' is not installed, so not removed
2025-09-20T21:25:28.9615354Z Package 'php-symfony-firebase-notifier' is not installed, so not removed
2025-09-20T21:25:28.9615826Z Package 'php-symfony-forty-six-elks-notifier' is not installed, so not removed
2025-09-20T21:25:28.9616302Z Package 'php-symfony-free-mobile-notifier' is not installed, so not removed
2025-09-20T21:25:28.9616771Z Package 'php-symfony-gateway-api-notifier' is not installed, so not removed
2025-09-20T21:25:28.9617220Z Package 'php-symfony-gitter-notifier' is not installed, so not removed
2025-09-20T21:25:28.9617657Z Package 'php-symfony-go-ip-notifier' is not installed, so not removed
2025-09-20T21:25:28.9618354Z Package 'php-symfony-google-chat-notifier' is not installed, so not removed
2025-09-20T21:25:28.9618795Z Package 'php-symfony-google-mailer' is not installed, so not removed
2025-09-20T21:25:28.9619217Z Package 'php-symfony-html-sanitizer' is not installed, so not removed
2025-09-20T21:25:28.9619757Z Package 'php-symfony-infobip-mailer' is not installed, so not removed
2025-09-20T21:25:28.9620193Z Package 'php-symfony-infobip-notifier' is not installed, so not removed
2025-09-20T21:25:28.9620622Z Package 'php-symfony-iqsms-notifier' is not installed, so not removed
2025-09-20T21:25:28.9621054Z Package 'php-symfony-isendpro-notifier' is not installed, so not removed
2025-09-20T21:25:28.9621512Z Package 'php-symfony-kaz-info-teh-notifier' is not installed, so not removed
2025-09-20T21:25:28.9621973Z Package 'php-symfony-light-sms-notifier' is not installed, so not removed
2025-09-20T21:25:28.9622432Z Package 'php-symfony-line-notify-notifier' is not installed, so not removed
2025-09-20T21:25:28.9622886Z Package 'php-symfony-linked-in-notifier' is not installed, so not removed
2025-09-20T21:25:28.9623370Z Package 'php-symfony-loco-translation-provider' is not installed, so not removed
2025-09-20T21:25:28.9623894Z Package 'php-symfony-lokalise-translation-provider' is not installed, so not removed
2025-09-20T21:25:28.9624391Z Package 'php-symfony-mail-pace-mailer' is not installed, so not removed
2025-09-20T21:25:28.9624831Z Package 'php-symfony-mailchimp-mailer' is not installed, so not removed
2025-09-20T21:25:28.9625394Z Package 'php-symfony-mailer-send-mailer' is not installed, so not removed
2025-09-20T21:25:28.9625844Z Package 'php-symfony-mailgun-mailer' is not installed, so not removed
2025-09-20T21:25:28.9626264Z Package 'php-symfony-mailjet-mailer' is not installed, so not removed
2025-09-20T21:25:28.9626696Z Package 'php-symfony-mailjet-notifier' is not installed, so not removed
2025-09-20T21:25:28.9627136Z Package 'php-symfony-mastodon-notifier' is not installed, so not removed
2025-09-20T21:25:28.9627597Z Package 'php-symfony-mattermost-notifier' is not installed, so not removed
2025-09-20T21:25:28.9628020Z Package 'php-symfony-mercure' is not installed, so not removed
2025-09-20T21:25:28.9628417Z Package 'php-symfony-mercure-bundle' is not installed, so not removed
2025-09-20T21:25:28.9628844Z Package 'php-symfony-mercure-notifier' is not installed, so not removed
2025-09-20T21:25:28.9629297Z Package 'php-symfony-message-bird-notifier' is not installed, so not removed
2025-09-20T21:25:28.9629887Z Package 'php-symfony-message-media-notifier' is not installed, so not removed
2025-09-20T21:25:28.9630388Z Package 'php-symfony-microsoft-teams-notifier' is not installed, so not removed
2025-09-20T21:25:28.9630851Z Package 'php-symfony-mobyt-notifier' is not installed, so not removed
2025-09-20T21:25:28.9631271Z Package 'php-symfony-novu-notifier' is not installed, so not removed
2025-09-20T21:25:28.9631681Z Package 'php-symfony-ntfy-notifier' is not installed, so not removed
2025-09-20T21:25:28.9632111Z Package 'php-symfony-octopush-notifier' is not installed, so not removed
2025-09-20T21:25:28.9632550Z Package 'php-symfony-oh-my-smtp-mailer' is not installed, so not removed
2025-09-20T21:25:28.9633000Z Package 'php-symfony-one-signal-notifier' is not installed, so not removed
2025-09-20T21:25:28.9633461Z Package 'php-symfony-orange-sms-notifier' is not installed, so not removed
2025-09-20T21:25:28.9633916Z Package 'php-symfony-ovh-cloud-notifier' is not installed, so not removed
2025-09-20T21:25:28.9634372Z Package 'php-symfony-pager-duty-notifier' is not installed, so not removed
2025-09-20T21:25:28.9634812Z Package 'php-symfony-phpunit-bridge' is not installed, so not removed
2025-09-20T21:25:28.9635305Z Package 'php-symfony-phrase-translation-provider' is not installed, so not removed
2025-09-20T21:25:28.9635795Z Package 'php-symfony-plivo-notifier' is not installed, so not removed
2025-09-20T21:25:28.9636210Z Package 'php-symfony-polyfill' is not installed, so not removed
2025-09-20T21:25:28.9636860Z Package 'php-symfony-polyfill-apcu' is not installed, so not removed
2025-09-20T21:25:28.9637283Z Package 'php-symfony-polyfill-ctype' is not installed, so not removed
2025-09-20T21:25:28.9637706Z Package 'php-symfony-polyfill-php72' is not installed, so not removed
2025-09-20T21:25:28.9638123Z Package 'php-symfony-polyfill-php73' is not installed, so not removed
2025-09-20T21:25:28.9638549Z Package 'php-symfony-polyfill-php74' is not installed, so not removed
2025-09-20T21:25:28.9638972Z Package 'php-symfony-polyfill-php81' is not installed, so not removed
2025-09-20T21:25:28.9639393Z Package 'php-symfony-polyfill-php82' is not installed, so not removed
2025-09-20T21:25:28.9639937Z Package 'php-symfony-polyfill-iconv' is not installed, so not removed
2025-09-20T21:25:28.9640394Z Package 'php-symfony-polyfill-intl-grapheme' is not installed, so not removed
2025-09-20T21:25:28.9640872Z Package 'php-symfony-polyfill-intl-icu' is not installed, so not removed
2025-09-20T21:25:28.9641373Z Package 'php-symfony-polyfill-intl-messageformatter' is not installed, so not removed
2025-09-20T21:25:28.9641886Z Package 'php-symfony-polyfill-intl-idn' is not installed, so not removed
2025-09-20T21:25:28.9642379Z Package 'php-symfony-polyfill-intl-normalizer' is not installed, so not removed
2025-09-20T21:25:28.9642853Z Package 'php-symfony-polyfill-mbstring' is not installed, so not removed
2025-09-20T21:25:28.9643287Z Package 'php-symfony-polyfill-util' is not installed, so not removed
2025-09-20T21:25:28.9643842Z Package 'php-symfony-polyfill-xml' is not installed, so not removed
2025-09-20T21:25:28.9644271Z Package 'php-symfony-polyfill-uuid' is not installed, so not removed
2025-09-20T21:25:28.9644700Z Package 'php-symfony-postmark-mailer' is not installed, so not removed
2025-09-20T21:25:28.9645161Z Package 'php-symfony-psr-http-message-bridge' is not installed, so not removed
2025-09-20T21:25:28.9645630Z Package 'php-symfony-pushover-notifier' is not installed, so not removed
2025-09-20T21:25:28.9646073Z Package 'php-symfony-redis-messenger' is not installed, so not removed
2025-09-20T21:25:28.9646514Z Package 'php-symfony-redlink-notifier' is not installed, so not removed
2025-09-20T21:25:28.9646968Z Package 'php-symfony-ring-central-notifier' is not installed, so not removed
2025-09-20T21:25:28.9647444Z Package 'php-symfony-rocket-chat-notifier' is not installed, so not removed
2025-09-20T21:25:28.9647867Z Package 'php-symfony-runtime' is not installed, so not removed
2025-09-20T21:25:28.9648280Z Package 'php-symfony-scaleway-mailer' is not installed, so not removed
2025-09-20T21:25:28.9648712Z Package 'php-symfony-security-acl' is not installed, so not removed
2025-09-20T21:25:28.9649144Z Package 'php-symfony-sendberry-notifier' is not installed, so not removed
2025-09-20T21:25:28.9649598Z Package 'php-symfony-sendgrid-mailer' is not installed, so not removed
2025-09-20T21:25:28.9650127Z Package 'php-symfony-sendinblue-mailer' is not installed, so not removed
2025-09-20T21:25:28.9650585Z Package 'php-symfony-sendinblue-notifier' is not installed, so not removed
2025-09-20T21:25:28.9651064Z Package 'php-symfony-simple-textin-notifier' is not installed, so not removed
2025-09-20T21:25:28.9651534Z Package 'php-symfony-sinch-notifier' is not installed, so not removed
2025-09-20T21:25:28.9651958Z Package 'php-symfony-slack-notifier' is not installed, so not removed
2025-09-20T21:25:28.9652392Z Package 'php-symfony-sms-biuras-notifier' is not installed, so not removed
2025-09-20T21:25:28.9652847Z Package 'php-symfony-sms-factor-notifier' is not installed, so not removed
2025-09-20T21:25:28.9653284Z Package 'php-symfony-sms77-notifier' is not installed, so not removed
2025-09-20T21:25:28.9653711Z Package 'php-symfony-smsapi-notifier' is not installed, so not removed
2025-09-20T21:25:28.9654143Z Package 'php-symfony-smsc-notifier' is not installed, so not removed
2025-09-20T21:25:28.9654562Z Package 'php-symfony-smsmode-notifier' is not installed, so not removed
2025-09-20T21:25:28.9655000Z Package 'php-symfony-spot-hit-notifier' is not installed, so not removed
2025-09-20T21:25:28.9655564Z Package 'php-symfony-telegram-notifier' is not installed, so not removed
2025-09-20T21:25:28.9656007Z Package 'php-symfony-telnyx-notifier' is not installed, so not removed
2025-09-20T21:25:28.9656434Z Package 'php-symfony-termii-notifier' is not installed, so not removed
2025-09-20T21:25:28.9656876Z Package 'php-symfony-turbo-sms-notifier' is not installed, so not removed
2025-09-20T21:25:28.9657323Z Package 'php-symfony-twilio-notifier' is not installed, so not removed
2025-09-20T21:25:28.9657764Z Package 'php-symfony-twitter-notifier' is not installed, so not removed
2025-09-20T21:25:28.9658199Z Package 'php-symfony-vonage-notifier' is not installed, so not removed
2025-09-20T21:25:28.9658628Z Package 'php-symfony-yunpian-notifier' is not installed, so not removed
2025-09-20T21:25:28.9659063Z Package 'php-symfony-zendesk-notifier' is not installed, so not removed
2025-09-20T21:25:28.9659490Z Package 'php-symfony-zulip-notifier' is not installed, so not removed
2025-09-20T21:25:28.9660008Z Package 'php-text-captcha' is not installed, so not removed
2025-09-20T21:25:28.9660374Z Package 'php-text-password' is not installed, so not removed
2025-09-20T21:25:28.9660736Z Package 'php-text-figlet' is not installed, so not removed
2025-09-20T21:25:28.9661117Z Package 'php-text-languagedetect' is not installed, so not removed
2025-09-20T21:25:28.9661490Z Package 'php-text-wiki' is not installed, so not removed
2025-09-20T21:25:28.9661827Z Package 'php-thrift' is not installed, so not removed
2025-09-20T21:25:28.9662279Z Package 'php8.3-tideways' is not installed, so not removed
2025-09-20T21:25:28.9662654Z Package 'php-tideways-all-dev' is not installed, so not removed
2025-09-20T21:25:28.9663106Z Package 'php-tijsverkoyen-css-to-inline-styles' is not installed, so not removed
2025-09-20T21:25:28.9663525Z Package 'php-timer' is not installed, so not removed
2025-09-20T21:25:28.9663859Z Package 'php-twig-doc' is not installed, so not removed
2025-09-20T21:25:29.0912523Z Package 'php-twig-cache-extra' is not installed, so not removed
2025-09-20T21:25:29.0913342Z Package 'php-twig-cssinliner-extra' is not installed, so not removed
2025-09-20T21:25:29.0914119Z Package 'php-twig-extra-bundle' is not installed, so not removed
2025-09-20T21:25:29.0914836Z Package 'php-twig-html-extra' is not installed, so not removed
2025-09-20T21:25:29.0915558Z Package 'php-twig-i18n-extension' is not installed, so not removed
2025-09-20T21:25:29.0916265Z Package 'php-twig-inky-extra' is not installed, so not removed
2025-09-20T21:25:29.0916783Z Package 'php-twig-intl-extra' is not installed, so not removed
2025-09-20T21:25:29.0917247Z Package 'php-twig-markdown-extra' is not installed, so not removed
2025-09-20T21:25:29.0917718Z Package 'php-twig-string-extra' is not installed, so not removed
2025-09-20T21:25:29.0918142Z Package 'php8.3-uopz' is not installed, so not removed
2025-09-20T21:25:29.0918543Z Package 'php-uopz-all-dev' is not installed, so not removed
2025-09-20T21:25:29.0919009Z Package 'php8.3-uploadprogress' is not installed, so not removed
2025-09-20T21:25:29.0919497Z Package 'php-uploadprogress-all-dev' is not installed, so not removed
2025-09-20T21:25:29.0920161Z Package 'php8.3-uuid' is not installed, so not removed
2025-09-20T21:25:29.0920562Z Package 'php-uuid-all-dev' is not installed, so not removed
2025-09-20T21:25:29.0920974Z Package 'php-validate' is not installed, so not removed
2025-09-20T21:25:29.0921396Z Package 'php-vlucas-phpdotenv' is not installed, so not removed
2025-09-20T21:25:29.0921872Z Package 'php-voku-portable-ascii' is not installed, so not removed
2025-09-20T21:25:29.0922309Z Package 'php-wmerrors' is not installed, so not removed
2025-09-20T21:25:29.0922718Z Package 'php-xdebug-all-dev' is not installed, so not removed
2025-09-20T21:25:29.0923135Z Package 'php-xml-svg' is not installed, so not removed
2025-09-20T21:25:29.0923524Z Package 'php8.3-xmlrpc' is not installed, so not removed
2025-09-20T21:25:29.0923943Z Package 'php-xmlrpc-all-dev' is not installed, so not removed
2025-09-20T21:25:29.0924646Z Package 'php8.3-yac' is not installed, so not removed
2025-09-20T21:25:29.0925036Z Package 'php-yac-all-dev' is not installed, so not removed
2025-09-20T21:25:29.0925455Z Package 'php-yaml-all-dev' is not installed, so not removed
2025-09-20T21:25:29.0925866Z Package 'php-zend-code' is not installed, so not removed
2025-09-20T21:25:29.0926295Z Package 'php-zend-eventmanager' is not installed, so not removed
2025-09-20T21:25:29.0926728Z Package 'php-zend-stdlib' is not installed, so not removed
2025-09-20T21:25:29.0927140Z Package 'php-zeroc-ice' is not installed, so not removed
2025-09-20T21:25:29.0927533Z Package 'php-zeta-base' is not installed, so not removed
2025-09-20T21:25:29.0927968Z Package 'php-zeta-console-tools' is not installed, so not removed
2025-09-20T21:25:29.0928422Z Package 'php-zeta-unit-test' is not installed, so not removed
2025-09-20T21:25:29.0928798Z Package 'php-zmq-all-dev' is not installed, so not removed
2025-09-20T21:25:29.0929204Z Package 'php-zumba-json-serializer' is not installed, so not removed
2025-09-20T21:25:29.0929714Z Package 'php8.3-libvirt-php' is not installed, so not removed
2025-09-20T21:25:29.0930064Z Package 'phpab' is not installed, so not removed
2025-09-20T21:25:29.0930366Z Package 'phpcpd' is not installed, so not removed
2025-09-20T21:25:29.0930704Z Package 'phpunit-cli-parser' is not installed, so not removed
2025-09-20T21:25:29.0931084Z Package 'phpldapadmin' is not installed, so not removed
2025-09-20T21:25:29.0931562Z Package 'phpliteadmin' is not installed, so not removed
2025-09-20T21:25:29.0931931Z Package 'phpliteadmin-themes' is not installed, so not removed
2025-09-20T21:25:29.0932274Z Package 'phploc' is not installed, so not removed
2025-09-20T21:25:29.0932588Z Package 'phppgadmin' is not installed, so not removed
2025-09-20T21:25:29.0932908Z Package 'phpsysinfo' is not installed, so not removed
2025-09-20T21:25:29.0933250Z Package 'phpunit-code-unit' is not installed, so not removed
2025-09-20T21:25:29.0933607Z Package 'phpunit-diff' is not installed, so not removed
2025-09-20T21:25:29.0933948Z Package 'phpunit-exporter' is not installed, so not removed
2025-09-20T21:25:29.0934322Z Package 'phpunit-global-state' is not installed, so not removed
2025-09-20T21:25:29.0934721Z Package 'phpunit-object-enumerator' is not installed, so not removed
2025-09-20T21:25:29.0935152Z Package 'phpunit-resource-operations' is not installed, so not removed
2025-09-20T21:25:29.0935540Z Package 'phpunit-type' is not installed, so not removed
2025-09-20T21:25:29.0935912Z Package 'phpunit-object-reflector' is not installed, so not removed
2025-09-20T21:25:29.0936297Z Package 'phpwebcounter' is not installed, so not removed
2025-09-20T21:25:29.0936652Z Package 'phpwebcounter-extra' is not installed, so not removed
2025-09-20T21:25:29.0937031Z Package 'python3-phply' is not installed, so not removed
2025-09-20T21:25:29.0937393Z Package 'python3-phpserialize' is not installed, so not removed
2025-09-20T21:25:29.0937839Z Package 'python3-sphinxcontrib.phpdomain' is not installed, so not removed
2025-09-20T21:25:29.0938253Z Package 'simplesamlphp' is not installed, so not removed
2025-09-20T21:25:29.0938582Z Package 'slbackup-php' is not installed, so not removed
2025-09-20T21:25:29.0938930Z Package 'uwsgi-plugin-php' is not installed, so not removed
2025-09-20T21:25:29.0939271Z Package 'weechat-php' is not installed, so not removed
2025-09-20T21:25:29.0939592Z Package 'php-mythtv' is not installed, so not removed
2025-09-20T21:25:29.0940150Z The following packages will be REMOVED:
2025-09-20T21:25:29.0940535Z   php-common php-pear php8.3 php8.3-amqp php8.3-apcu php8.3-bcmath php8.3-bz2
2025-09-20T21:25:29.0940985Z   php8.3-cgi php8.3-cli php8.3-common php8.3-curl php8.3-dba php8.3-dev
2025-09-20T21:25:29.0941383Z   php8.3-enchant php8.3-fpm php8.3-gd php8.3-gmp php8.3-igbinary
2025-09-20T21:25:29.0941786Z   php8.3-imagick php8.3-imap php8.3-interbase php8.3-intl php8.3-ldap
2025-09-20T21:25:29.0942186Z   php8.3-mbstring php8.3-memcache php8.3-memcached php8.3-mongodb
2025-09-20T21:25:29.0942730Z   php8.3-msgpack php8.3-mysql php8.3-odbc php8.3-opcache php8.3-pcov
2025-09-20T21:25:29.0943135Z   php8.3-pgsql php8.3-phpdbg php8.3-pspell php8.3-readline php8.3-redis
2025-09-20T21:25:29.0943541Z   php8.3-snmp php8.3-soap php8.3-sqlite3 php8.3-sybase php8.3-tidy
2025-09-20T21:25:29.0943943Z   php8.3-xdebug php8.3-xml php8.3-xsl php8.3-yaml php8.3-zip php8.3-zmq
2025-09-20T21:25:29.3403219Z 0 upgraded, 0 newly installed, 48 to remove and 6 not upgraded.
2025-09-20T21:25:29.3403780Z After this operation, 58.9 MB disk space will be freed.
2025-09-20T21:25:29.3581186Z (Reading database ... 
2025-09-20T21:25:29.3581600Z (Reading database ... 5%
2025-09-20T21:25:29.3581964Z (Reading database ... 10%
2025-09-20T21:25:29.3582336Z (Reading database ... 15%
2025-09-20T21:25:29.3582684Z (Reading database ... 20%
2025-09-20T21:25:29.3583046Z (Reading database ... 25%
2025-09-20T21:25:29.3583400Z (Reading database ... 30%
2025-09-20T21:25:29.3583770Z (Reading database ... 35%
2025-09-20T21:25:29.3584118Z (Reading database ... 40%
2025-09-20T21:25:29.3584462Z (Reading database ... 45%
2025-09-20T21:25:29.3584820Z (Reading database ... 50%
2025-09-20T21:25:29.3600405Z (Reading database ... 55%
2025-09-20T21:25:29.3703813Z (Reading database ... 60%
2025-09-20T21:25:29.3728272Z (Reading database ... 65%
2025-09-20T21:25:29.3758157Z (Reading database ... 70%
2025-09-20T21:25:29.3775469Z (Reading database ... 75%
2025-09-20T21:25:29.3795161Z (Reading database ... 80%
2025-09-20T21:25:29.3923095Z (Reading database ... 85%
2025-09-20T21:25:29.4142738Z (Reading database ... 90%
2025-09-20T21:25:29.4212518Z (Reading database ... 95%
2025-09-20T21:25:29.4212885Z (Reading database ... 100%
2025-09-20T21:25:29.4213397Z (Reading database ... 204079 files and directories currently installed.)
2025-09-20T21:25:29.4248060Z Removing php8.3-zip (8.3.6-0ubuntu0.24.04.5) ...
2025-09-20T21:25:29.7269194Z Removing php8.3-sybase (8.3.6-0ubuntu0.24.04.5) ...
2025-09-20T21:25:29.8753799Z Removing php-pear (1:1.10.13+submodules+notgz+2022032202-2build1) ...
2025-09-20T21:25:30.2203821Z Removing php8.3 (8.3.6-0ubuntu0.24.04.5) ...
2025-09-20T21:25:30.2493099Z Removing php8.3-amqp (1.11.0-5ubuntu1) ...
2025-09-20T21:25:30.3868529Z Removing php8.3-apcu (5.1.22+4.0.11-2ubuntu1) ...
2025-09-20T21:25:30.5369376Z Removing php8.3-bcmath (8.3.6-0ubuntu0.24.04.5) ...
2025-09-20T21:25:30.6839562Z Removing php8.3-bz2 (8.3.6-0ubuntu0.24.04.5) ...
2025-09-20T21:25:30.8622444Z Removing php8.3-zmq (1.1.3-24ubuntu1) ...
2025-09-20T21:25:30.9961094Z Removing php8.3-yaml (2.2.2+2.1.0+2.0.4+1.3.2-6ubuntu1) ...
2025-09-20T21:25:31.1298985Z Removing php8.3-cgi (8.3.6-0ubuntu0.24.04.5) ...
2025-09-20T21:25:33.4010949Z apache2_invoke php8.3-cgi prerm: No action required
2025-09-20T21:25:33.4410253Z Removing php8.3-dev (8.3.6-0ubuntu0.24.04.5) ...
2025-09-20T21:25:33.6295941Z Removing php8.3-xdebug (3.2.0+3.1.6+2.9.8+2.8.1+2.5.5-3ubuntu1) ...
2025-09-20T21:25:33.7481133Z Removing php8.3-phpdbg (8.3.6-0ubuntu0.24.04.5) ...
2025-09-20T21:25:35.2704436Z Removing php8.3-redis (5.3.7+4.3.0-3ubuntu1) ...
2025-09-20T21:25:35.3676474Z Removing php8.3-xsl (8.3.6-0ubuntu0.24.04.5) ...
2025-09-20T21:25:35.3933924Z Removing php8.3-soap (8.3.6-0ubuntu0.24.04.5) ...
2025-09-20T21:25:35.5006149Z Removing php8.3-curl (8.3.6-0ubuntu0.24.04.5) ...
2025-09-20T21:25:35.6201316Z Removing php8.3-dba (8.3.6-0ubuntu0.24.04.5) ...
2025-09-20T21:25:35.7377524Z Removing php8.3-enchant (8.3.6-0ubuntu0.24.04.5) ...
2025-09-20T21:25:35.8472451Z Removing php8.3-pcov (1.0.11-5ubuntu1) ...
2025-09-20T21:25:35.9481454Z Removing php8.3-fpm (8.3.6-0ubuntu0.24.04.5) ...
2025-09-20T21:25:37.3463940Z apache2_invoke php8.3-fpm prerm: No action required
2025-09-20T21:25:37.4136230Z Removing php8.3-gd (8.3.6-0ubuntu0.24.04.5) ...
2025-09-20T21:25:37.4980931Z Removing php8.3-gmp (8.3.6-0ubuntu0.24.04.5) ...
2025-09-20T21:25:37.5895560Z Removing php8.3-memcached (3.2.0+2.2.0-4ubuntu3) ...
2025-09-20T21:25:37.6670491Z Removing php8.3-igbinary (3.2.13-1ubuntu3) ...
2025-09-20T21:25:37.7743620Z Removing php8.3-imagick (3.7.0-4ubuntu3) ...
2025-09-20T21:25:37.8527965Z Removing php8.3-imap (8.3.6-0ubuntu0.24.04.5) ...
2025-09-20T21:25:37.9370133Z Removing php8.3-interbase (8.3.6-0ubuntu0.24.04.5) ...
2025-09-20T21:25:38.0558467Z Removing php8.3-intl (8.3.6-0ubuntu0.24.04.5) ...
2025-09-20T21:25:38.1480635Z Removing php8.3-ldap (8.3.6-0ubuntu0.24.04.5) ...
2025-09-20T21:25:38.2358237Z Removing php8.3-mbstring (8.3.6-0ubuntu0.24.04.5) ...
2025-09-20T21:25:38.3736658Z Removing php8.3-memcache (8.0+4.0.5.2+3.0.9~20170802.e702b5f9+-8ubuntu1) ...
2025-09-20T21:25:38.4529953Z Removing php8.3-mongodb (1.15.0+1.11.1+1.9.2+1.7.5-1ubuntu3) ...
2025-09-20T21:25:38.5266226Z Removing php8.3-msgpack (1:2.2.0~rc2-3ubuntu1) ...
2025-09-20T21:25:38.6095150Z Removing php8.3-mysql (8.3.6-0ubuntu0.24.04.5) ...
2025-09-20T21:25:38.7565069Z Removing php8.3-odbc (8.3.6-0ubuntu0.24.04.5) ...
2025-09-20T21:25:38.8762470Z Removing php8.3-pgsql (8.3.6-0ubuntu0.24.04.5) ...
2025-09-20T21:25:38.9939142Z Removing php8.3-pspell (8.3.6-0ubuntu0.24.04.5) ...
2025-09-20T21:25:39.0797598Z Removing php8.3-snmp (8.3.6-0ubuntu0.24.04.5) ...
2025-09-20T21:25:39.1662643Z Removing php8.3-sqlite3 (8.3.6-0ubuntu0.24.04.5) ...
2025-09-20T21:25:39.2966146Z Removing php8.3-tidy (8.3.6-0ubuntu0.24.04.5) ...
2025-09-20T21:25:39.3886111Z Removing php8.3-xml (8.3.6-0ubuntu0.24.04.5) ...
2025-09-20T21:25:39.6368478Z Removing php8.3-cli (8.3.6-0ubuntu0.24.04.5) ...
2025-09-20T21:25:40.2003593Z Removing php8.3-opcache (8.3.6-0ubuntu0.24.04.5) ...
2025-09-20T21:25:40.2605421Z Removing php8.3-readline (8.3.6-0ubuntu0.24.04.5) ...
2025-09-20T21:25:40.3208229Z Removing php8.3-common (8.3.6-0ubuntu0.24.04.5) ...
2025-09-20T21:25:40.5238686Z Removing php-common (2:93ubuntu2) ...
2025-09-20T21:25:40.5630846Z Stopping 'phpsessionclean.service', but its triggering units are still active:
2025-09-20T21:25:40.5631554Z 
2025-09-20T21:25:40.5631727Z phpsessionclean.timer
2025-09-20T21:25:40.5631997Z 
2025-09-20T21:25:41.1414540Z Processing triggers for man-db (2.12.0-4build2) ...
2025-09-20T21:25:52.3340271Z Reading package lists...
2025-09-20T21:25:52.5030357Z Building dependency tree...
2025-09-20T21:25:52.5037721Z Reading state information...
2025-09-20T21:25:52.7567769Z Package 'mongodb-dev' is not installed, so not removed
2025-09-20T21:25:52.7568219Z Package 'mongodb-server' is not installed, so not removed
2025-09-20T21:25:52.7568627Z 0 upgraded, 0 newly installed, 0 to remove and 6 not upgraded.
2025-09-20T21:25:52.7800984Z Reading package lists...
2025-09-20T21:25:52.9352647Z Building dependency tree...
2025-09-20T21:25:52.9360120Z Reading state information...
2025-09-20T21:25:53.1644351Z Package 'mysql-client-5.7' is not installed, so not removed
2025-09-20T21:25:53.1644971Z Package 'mysql-client-core-5.7' is not installed, so not removed
2025-09-20T21:25:53.1645500Z Package 'mysql-server-5.5' is not installed, so not removed
2025-09-20T21:25:53.1646062Z Package 'mysql-server-5.7' is not installed, so not removed
2025-09-20T21:25:53.1646687Z Package 'mysql-server-core-5.7' is not installed, so not removed
2025-09-20T21:25:53.1647215Z Package 'mysql-client-core-5.5' is not installed, so not removed
2025-09-20T21:25:53.1647735Z Package 'mysql-client-core-5.6' is not installed, so not removed
2025-09-20T21:25:53.1648378Z Package 'mysql-client-5.5' is not installed, so not removed
2025-09-20T21:25:53.1648850Z Package 'mysql-client-5.6' is not installed, so not removed
2025-09-20T21:25:53.1649451Z Package 'mysql-cluster-community-client-plugins' is not installed, so not removed
2025-09-20T21:25:53.1650726Z Package 'mysql-server-core-5.5' is not installed, so not removed
2025-09-20T21:25:53.1651266Z Package 'mysql-server-core-5.6' is not installed, so not removed
2025-09-20T21:25:53.1651765Z Package 'mysql-server-5.6' is not installed, so not removed
2025-09-20T21:25:53.1652267Z Package 'mysql-testsuite-5.5' is not installed, so not removed
2025-09-20T21:25:53.1652777Z Package 'mysql-testsuite-5.6' is not installed, so not removed
2025-09-20T21:25:53.1653683Z Package 'mysql-testsuite-5.7' is not installed, so not removed
2025-09-20T21:25:53.1654176Z Package 'mysql-testsuite' is not installed, so not removed
2025-09-20T21:25:53.1654657Z Package 'mysql-testsuite-8.0' is not installed, so not removed
2025-09-20T21:25:53.1655136Z Package 'mysql-router' is not installed, so not removed
2025-09-20T21:25:53.1655589Z Package 'mysql-sandbox' is not installed, so not removed
2025-09-20T21:25:53.1656017Z Package 'mysql-shell' is not installed, so not removed
2025-09-20T21:25:53.1656391Z Package 'mysql-source-8.0' is not installed, so not removed
2025-09-20T21:25:53.1656727Z The following packages will be REMOVED:
2025-09-20T21:25:53.1657121Z   libmysqlclient-dev libmysqlclient21 mysql-client mysql-client-8.0
2025-09-20T21:25:53.1657589Z   mysql-client-core-8.0 mysql-common mysql-server mysql-server-8.0
2025-09-20T21:25:53.1657961Z   mysql-server-core-8.0 sphinxsearch
2025-09-20T21:25:53.4072689Z 0 upgraded, 0 newly installed, 10 to remove and 6 not upgraded.
2025-09-20T21:25:53.4073246Z After this operation, 209 MB disk space will be freed.
2025-09-20T21:25:53.4253256Z (Reading database ... 
2025-09-20T21:25:53.4253685Z (Reading database ... 5%
2025-09-20T21:25:53.4254075Z (Reading database ... 10%
2025-09-20T21:25:53.4254448Z (Reading database ... 15%
2025-09-20T21:25:53.4254807Z (Reading database ... 20%
2025-09-20T21:25:53.4255372Z (Reading database ... 25%
2025-09-20T21:25:53.4255905Z (Reading database ... 30%
2025-09-20T21:25:53.4256348Z (Reading database ... 35%
2025-09-20T21:25:53.4259239Z (Reading database ... 40%
2025-09-20T21:25:53.4259976Z (Reading database ... 45%
2025-09-20T21:25:53.4260343Z (Reading database ... 50%
2025-09-20T21:25:53.4262783Z (Reading database ... 55%
2025-09-20T21:25:53.4368985Z (Reading database ... 60%
2025-09-20T21:25:53.4395463Z (Reading database ... 65%
2025-09-20T21:25:53.4425509Z (Reading database ... 70%
2025-09-20T21:25:53.4445025Z (Reading database ... 75%
2025-09-20T21:25:53.4460180Z (Reading database ... 80%
2025-09-20T21:25:53.4587293Z (Reading database ... 85%
2025-09-20T21:25:53.4637765Z (Reading database ... 90%
2025-09-20T21:25:53.4884009Z (Reading database ... 95%
2025-09-20T21:25:53.4884471Z (Reading database ... 100%
2025-09-20T21:25:53.4885090Z (Reading database ... 203084 files and directories currently installed.)
2025-09-20T21:25:53.4919856Z Removing libmysqlclient-dev (8.0.43-0ubuntu0.24.04.1) ...
2025-09-20T21:25:53.6091449Z Removing sphinxsearch (2.2.11-8build1) ...
2025-09-20T21:25:53.7197298Z Removing libmysqlclient21:amd64 (8.0.43-0ubuntu0.24.04.1) ...
2025-09-20T21:25:53.7814305Z Removing mysql-client (8.0.43-0ubuntu0.24.04.1) ...
2025-09-20T21:25:53.8159562Z Removing mysql-server (8.0.43-0ubuntu0.24.04.1) ...
2025-09-20T21:25:53.8453401Z Removing mysql-server-8.0 (8.0.43-0ubuntu0.24.04.1) ...
2025-09-20T21:25:54.4140530Z update-alternatives: using /etc/mysql/my.cnf.fallback to provide /etc/mysql/my.cnf (my.cnf) in auto mode
2025-09-20T21:25:54.4533985Z Removing mysql-client-8.0 (8.0.43-0ubuntu0.24.04.1) ...
2025-09-20T21:25:54.4875826Z Removing mysql-client-core-8.0 (8.0.43-0ubuntu0.24.04.1) ...
2025-09-20T21:25:54.5053582Z Removing mysql-common (5.8+1.1.0build1) ...
2025-09-20T21:25:54.5744872Z Removing mysql-server-core-8.0 (8.0.43-0ubuntu0.24.04.1) ...
2025-09-20T21:25:55.0139580Z Processing triggers for man-db (2.12.0-4build2) ...
2025-09-20T21:25:58.9325257Z Processing triggers for libc-bin (2.39-0ubuntu8.5) ...
2025-09-20T21:25:59.8778882Z Reading package lists...
2025-09-20T21:26:00.0415955Z Building dependency tree...
2025-09-20T21:26:00.0423091Z Reading state information...
2025-09-20T21:26:00.2123400Z Package 'mono-devel' is not installed, so not removed
2025-09-20T21:26:00.2124001Z The following packages will be REMOVED:
2025-09-20T21:26:00.2124925Z   azure-cli firefox google-chrome-stable libgl1 libgl1-mesa-dri libglx-mesa0
2025-09-20T21:26:00.2131259Z   libglx0 powershell xvfb
2025-09-20T21:26:00.4493052Z 0 upgraded, 0 newly installed, 9 to remove and 4 not upgraded.
2025-09-20T21:26:00.4494079Z After this operation, 1461 MB disk space will be freed.
2025-09-20T21:26:00.4673186Z (Reading database ... 
2025-09-20T21:26:00.4673634Z (Reading database ... 5%
2025-09-20T21:26:00.4674024Z (Reading database ... 10%
2025-09-20T21:26:00.4674406Z (Reading database ... 15%
2025-09-20T21:26:00.4674757Z (Reading database ... 20%
2025-09-20T21:26:00.4675076Z (Reading database ... 25%
2025-09-20T21:26:00.4675320Z (Reading database ... 30%
2025-09-20T21:26:00.4675550Z (Reading database ... 35%
2025-09-20T21:26:00.4675783Z (Reading database ... 40%
2025-09-20T21:26:00.4676032Z (Reading database ... 45%
2025-09-20T21:26:00.4676267Z (Reading database ... 50%
2025-09-20T21:26:00.4676495Z (Reading database ... 55%
2025-09-20T21:26:00.4785341Z (Reading database ... 60%
2025-09-20T21:26:00.4812068Z (Reading database ... 65%
2025-09-20T21:26:00.4840781Z (Reading database ... 70%
2025-09-20T21:26:00.4862331Z (Reading database ... 75%
2025-09-20T21:26:00.4877652Z (Reading database ... 80%
2025-09-20T21:26:00.5005610Z (Reading database ... 85%
2025-09-20T21:26:00.5056955Z (Reading database ... 90%
2025-09-20T21:26:00.5306661Z (Reading database ... 95%
2025-09-20T21:26:00.5307081Z (Reading database ... 100%
2025-09-20T21:26:00.5307502Z (Reading database ... 202809 files and directories currently installed.)
2025-09-20T21:26:00.5342923Z Removing azure-cli (2.77.0-1~noble) ...
2025-09-20T21:26:15.8044515Z Removing firefox (142.0.1+build1-0ubuntu0.24.04.1~mt1) ...
2025-09-20T21:26:15.9921801Z Removing google-chrome-stable (140.0.7339.80-1) ...
2025-09-20T21:26:16.3708291Z Removing xvfb (2:21.1.12-1ubuntu1.4) ...
2025-09-20T21:26:16.4185381Z Removing libgl1:amd64 (1.7.0-1build1) ...
2025-09-20T21:26:16.4543903Z Removing libglx0:amd64 (1.7.0-1build1) ...
2025-09-20T21:26:16.4986702Z Removing libglx-mesa0:amd64 (25.0.7-0ubuntu0.24.04.2) ...
2025-09-20T21:26:16.5352875Z Removing libgl1-mesa-dri:amd64 (25.0.7-0ubuntu0.24.04.2) ...
2025-09-20T21:26:16.5883607Z Removing powershell (7.4.11-1.deb) ...
2025-09-20T21:26:16.9881902Z Processing triggers for libc-bin (2.39-0ubuntu8.5) ...
2025-09-20T21:26:17.0022826Z Processing triggers for man-db (2.12.0-4build2) ...
2025-09-20T21:26:20.7668487Z Processing triggers for hicolor-icon-theme (0.17-2) ...
2025-09-20T21:26:22.9656114Z Reading package lists...
2025-09-20T21:26:23.1184615Z Building dependency tree...
2025-09-20T21:26:23.1192110Z Reading state information...
2025-09-20T21:26:23.2817938Z Package 'google-cloud-sdk' is not installed, so not removed
2025-09-20T21:26:23.2818611Z 0 upgraded, 0 newly installed, 0 to remove and 4 not upgraded.
2025-09-20T21:26:23.3052470Z Reading package lists...
2025-09-20T21:26:23.4635481Z Building dependency tree...
2025-09-20T21:26:23.4642900Z Reading state information...
2025-09-20T21:26:23.6238072Z The following packages will be REMOVED:
2025-09-20T21:26:23.6245408Z   google-cloud-cli google-cloud-cli-anthoscli
2025-09-20T21:26:23.8612450Z 0 upgraded, 0 newly installed, 2 to remove and 4 not upgraded.
2025-09-20T21:26:23.8613393Z After this operation, 665 MB disk space will be freed.
2025-09-20T21:26:23.8802324Z (Reading database ... 
2025-09-20T21:26:23.8802998Z (Reading database ... 5%
2025-09-20T21:26:23.8803448Z (Reading database ... 10%
2025-09-20T21:26:23.8804042Z (Reading database ... 15%
2025-09-20T21:26:23.8804520Z (Reading database ... 20%
2025-09-20T21:26:23.8804992Z (Reading database ... 25%
2025-09-20T21:26:23.8854070Z (Reading database ... 30%
2025-09-20T21:26:23.8854503Z (Reading database ... 35%
2025-09-20T21:26:23.8854836Z (Reading database ... 40%
2025-09-20T21:26:23.8855176Z (Reading database ... 45%
2025-09-20T21:26:23.8855500Z (Reading database ... 50%
2025-09-20T21:26:23.8855824Z (Reading database ... 55%
2025-09-20T21:26:23.8924430Z (Reading database ... 60%
2025-09-20T21:26:23.8944291Z (Reading database ... 65%
2025-09-20T21:26:23.8980374Z (Reading database ... 70%
2025-09-20T21:26:23.9003511Z (Reading database ... 75%
2025-09-20T21:26:23.9019050Z (Reading database ... 80%
2025-09-20T21:26:23.9043281Z (Reading database ... 85%
2025-09-20T21:26:23.9092936Z (Reading database ... 90%
2025-09-20T21:26:23.9331199Z (Reading database ... 95%
2025-09-20T21:26:23.9331688Z (Reading database ... 100%
2025-09-20T21:26:23.9332362Z (Reading database ... 171984 files and directories currently installed.)
2025-09-20T21:26:23.9361877Z Removing google-cloud-cli-anthoscli (537.0.0-0) ...
2025-09-20T21:26:35.9916358Z ##[error]The operation was canceled.
2025-09-20T21:26:36.0033079Z Post job cleanup.
2025-09-20T21:26:36.0966111Z [command]/usr/bin/git version
2025-09-20T21:26:36.1002957Z git version 2.51.0
2025-09-20T21:26:36.1053229Z Temporarily overriding HOME='/home/runner/work/_temp/47e49987-88a1-4bd8-8089-dd95c322c673' before making global git config changes
2025-09-20T21:26:36.1054160Z Adding repository directory to the temporary git global config as a safe directory
2025-09-20T21:26:36.1058637Z [command]/usr/bin/git config --global --add safe.directory /home/runner/work/Citadel-Protocol/Citadel-Protocol
2025-09-20T21:26:36.1092967Z [command]/usr/bin/git config --local --name-only --get-regexp core\.sshCommand
2025-09-20T21:26:36.1125567Z [command]/usr/bin/git submodule foreach --recursive sh -c "git config --local --name-only --get-regexp 'core\.sshCommand' && git config --local --unset-all 'core.sshCommand' || :"
2025-09-20T21:26:36.1356253Z [command]/usr/bin/git config --local --name-only --get-regexp http\.https\:\/\/github\.com\/\.extraheader
2025-09-20T21:26:36.1379938Z http.https://github.com/.extraheader
2025-09-20T21:26:36.1392865Z [command]/usr/bin/git config --local --unset-all http.https://github.com/.extraheader
2025-09-20T21:26:36.1425649Z [command]/usr/bin/git submodule foreach --recursive sh -c "git config --local --name-only --get-regexp 'http\.https\:\/\/github\.com\/\.extraheader' && git config --local --unset-all 'http.https://github.com/.extraheader' || :"
2025-09-20T21:26:36.1794269Z Cleaning up orphan processes
