2025-09-20T21:22:21.7557088Z Current runner version: '2.328.0'
2025-09-20T21:22:21.7580557Z ##[group]Runner Image Provisioner
2025-09-20T21:22:21.7581347Z Hosted Compute Agent
2025-09-20T21:22:21.7581979Z Version: 20250829.383
2025-09-20T21:22:21.7582548Z Commit: 27cb235aab5b0e52e153a26cd86b4742e89dac5d
2025-09-20T21:22:21.7583247Z Build Date: 2025-08-29T13:48:48Z
2025-09-20T21:22:21.7583838Z ##[endgroup]
2025-09-20T21:22:21.7584411Z ##[group]Operating System
2025-09-20T21:22:21.7584935Z Ubuntu
2025-09-20T21:22:21.7585459Z 24.04.3
2025-09-20T21:22:21.7585937Z LTS
2025-09-20T21:22:21.7586377Z ##[endgroup]
2025-09-20T21:22:21.7586904Z ##[group]Runner Image
2025-09-20T21:22:21.7587611Z Image: ubuntu-24.04
2025-09-20T21:22:21.7588150Z Version: 20250907.24.1
2025-09-20T21:22:21.7589168Z Included Software: https://github.com/actions/runner-images/blob/ubuntu24/20250907.24/images/ubuntu/Ubuntu2404-Readme.md
2025-09-20T21:22:21.7590736Z Image Release: https://github.com/actions/runner-images/releases/tag/ubuntu24%2F20250907.24
2025-09-20T21:22:21.7591791Z ##[endgroup]
2025-09-20T21:22:21.7594179Z ##[group]GITHUB_TOKEN Permissions
2025-09-20T21:22:21.7596387Z Actions: write
2025-09-20T21:22:21.7596951Z Attestations: write
2025-09-20T21:22:21.7597585Z Checks: write
2025-09-20T21:22:21.7598101Z Contents: write
2025-09-20T21:22:21.7598615Z Deployments: write
2025-09-20T21:22:21.7599120Z Discussions: write
2025-09-20T21:22:21.7599595Z Issues: write
2025-09-20T21:22:21.7600136Z Metadata: read
2025-09-20T21:22:21.7600619Z Models: read
2025-09-20T21:22:21.7601053Z Packages: write
2025-09-20T21:22:21.7601674Z Pages: write
2025-09-20T21:22:21.7602139Z PullRequests: write
2025-09-20T21:22:21.7602679Z RepositoryProjects: write
2025-09-20T21:22:21.7603333Z SecurityEvents: write
2025-09-20T21:22:21.7603964Z Statuses: write
2025-09-20T21:22:21.7604416Z ##[endgroup]
2025-09-20T21:22:21.7606605Z Secret source: Actions
2025-09-20T21:22:21.7607873Z Prepare workflow directory
2025-09-20T21:22:21.8098874Z Prepare all required actions
2025-09-20T21:22:21.8135380Z Getting action download info
2025-09-20T21:22:22.1088953Z Download action repository 'actions/checkout@v4' (SHA:08eba0b27e820071cde6df949e0beb9ba4906955)
2025-09-20T21:22:22.1731004Z Download action repository 'jlumbroso/free-disk-space@main' (SHA:54081f138730dfa15788a46383842cd2f914a1be)
2025-09-20T21:22:22.5100954Z Uses: Avarok-Cybersecurity/Citadel-Protocol/.github/workflows/validate.yml@refs/pull/236/merge (7edf0bb75f061919add02f6d6a82672c0b2e9654)
2025-09-20T21:22:22.5105748Z Complete job name: Validate PR / docker_nat_client_server (full_cone)
2025-09-20T21:22:22.5699942Z ##[group]Run actions/checkout@v4
2025-09-20T21:22:22.5700850Z with:
2025-09-20T21:22:22.5701324Z   repository: Avarok-Cybersecurity/Citadel-Protocol
2025-09-20T21:22:22.5702052Z   token: ***
2025-09-20T21:22:22.5702437Z   ssh-strict: true
2025-09-20T21:22:22.5702827Z   ssh-user: git
2025-09-20T21:22:22.5703226Z   persist-credentials: true
2025-09-20T21:22:22.5703666Z   clean: true
2025-09-20T21:22:22.5704071Z   sparse-checkout-cone-mode: true
2025-09-20T21:22:22.5704556Z   fetch-depth: 1
2025-09-20T21:22:22.5704934Z   fetch-tags: false
2025-09-20T21:22:22.5705318Z   show-progress: true
2025-09-20T21:22:22.5705717Z   lfs: false
2025-09-20T21:22:22.5706070Z   submodules: false
2025-09-20T21:22:22.5706469Z   set-safe-directory: true
2025-09-20T21:22:22.5707105Z env:
2025-09-20T21:22:22.5707639Z   CARGO_TERM_COLOR: always
2025-09-20T21:22:22.5708076Z   RUST_BACKTRACE: full
2025-09-20T21:22:22.5708480Z   RUST_MIN_STACK: 40971520
2025-09-20T21:22:22.5708908Z   RUST_LOG: citadel=warn
2025-09-20T21:22:22.5709342Z   IN_CI: true
2025-09-20T21:22:22.5709723Z   NAT_TYPE_CLIENT_A: full_cone
2025-09-20T21:22:22.5710164Z ##[endgroup]
2025-09-20T21:22:22.6751277Z Syncing repository: Avarok-Cybersecurity/Citadel-Protocol
2025-09-20T21:22:22.6753033Z ##[group]Getting Git version info
2025-09-20T21:22:22.6753815Z Working directory is '/home/runner/work/Citadel-Protocol/Citadel-Protocol'
2025-09-20T21:22:22.6754805Z [command]/usr/bin/git version
2025-09-20T21:22:22.6784665Z git version 2.51.0
2025-09-20T21:22:22.6809890Z ##[endgroup]
2025-09-20T21:22:22.6822743Z Temporarily overriding HOME='/home/runner/work/_temp/0dec0597-9f99-40ee-b4e3-384f7a88a1e9' before making global git config changes
2025-09-20T21:22:22.6824103Z Adding repository directory to the temporary git global config as a safe directory
2025-09-20T21:22:22.6827717Z [command]/usr/bin/git config --global --add safe.directory /home/runner/work/Citadel-Protocol/Citadel-Protocol
2025-09-20T21:22:22.6859377Z Deleting the contents of '/home/runner/work/Citadel-Protocol/Citadel-Protocol'
2025-09-20T21:22:22.6862581Z ##[group]Initializing the repository
2025-09-20T21:22:22.6866366Z [command]/usr/bin/git init /home/runner/work/Citadel-Protocol/Citadel-Protocol
2025-09-20T21:22:22.6921855Z hint: Using 'master' as the name for the initial branch. This default branch name
2025-09-20T21:22:22.6923420Z hint: is subject to change. To configure the initial branch name to use in all
2025-09-20T21:22:22.6924829Z hint: of your new repositories, which will suppress this warning, call:
2025-09-20T21:22:22.6925895Z hint:
2025-09-20T21:22:22.6926384Z hint: 	git config --global init.defaultBranch <name>
2025-09-20T21:22:22.6926950Z hint:
2025-09-20T21:22:22.6927810Z hint: Names commonly chosen instead of 'master' are 'main', 'trunk' and
2025-09-20T21:22:22.6928691Z hint: 'development'. The just-created branch can be renamed via this command:
2025-09-20T21:22:22.6929367Z hint:
2025-09-20T21:22:22.6929915Z hint: 	git branch -m <name>
2025-09-20T21:22:22.6930599Z hint:
2025-09-20T21:22:22.6931234Z hint: Disable this message with "git config set advice.defaultBranchName false"
2025-09-20T21:22:22.6932285Z Initialized empty Git repository in /home/runner/work/Citadel-Protocol/Citadel-Protocol/.git/
2025-09-20T21:22:22.6935526Z [command]/usr/bin/git remote add origin https://github.com/Avarok-Cybersecurity/Citadel-Protocol
2025-09-20T21:22:22.6966103Z ##[endgroup]
2025-09-20T21:22:22.6966813Z ##[group]Disabling automatic garbage collection
2025-09-20T21:22:22.6970052Z [command]/usr/bin/git config --local gc.auto 0
2025-09-20T21:22:22.6997816Z ##[endgroup]
2025-09-20T21:22:22.6998478Z ##[group]Setting up auth
2025-09-20T21:22:22.7004244Z [command]/usr/bin/git config --local --name-only --get-regexp core\.sshCommand
2025-09-20T21:22:22.7033583Z [command]/usr/bin/git submodule foreach --recursive sh -c "git config --local --name-only --get-regexp 'core\.sshCommand' && git config --local --unset-all 'core.sshCommand' || :"
2025-09-20T21:22:22.7290179Z [command]/usr/bin/git config --local --name-only --get-regexp http\.https\:\/\/github\.com\/\.extraheader
2025-09-20T21:22:22.7319791Z [command]/usr/bin/git submodule foreach --recursive sh -c "git config --local --name-only --get-regexp 'http\.https\:\/\/github\.com\/\.extraheader' && git config --local --unset-all 'http.https://github.com/.extraheader' || :"
2025-09-20T21:22:22.7555839Z [command]/usr/bin/git config --local http.https://github.com/.extraheader AUTHORIZATION: basic ***
2025-09-20T21:22:22.7601146Z ##[endgroup]
2025-09-20T21:22:22.7602309Z ##[group]Fetching the repository
2025-09-20T21:22:22.7610533Z [command]/usr/bin/git -c protocol.version=2 fetch --no-tags --prune --no-recurse-submodules --depth=1 origin +7edf0bb75f061919add02f6d6a82672c0b2e9654:refs/remotes/pull/236/merge
2025-09-20T21:22:23.1035026Z From https://github.com/Avarok-Cybersecurity/Citadel-Protocol
2025-09-20T21:22:23.1036001Z  * [new ref]         7edf0bb75f061919add02f6d6a82672c0b2e9654 -> pull/236/merge
2025-09-20T21:22:23.1063466Z ##[endgroup]
2025-09-20T21:22:23.1064161Z ##[group]Determining the checkout info
2025-09-20T21:22:23.1065605Z ##[endgroup]
2025-09-20T21:22:23.1070606Z [command]/usr/bin/git sparse-checkout disable
2025-09-20T21:22:23.1107797Z [command]/usr/bin/git config --local --unset-all extensions.worktreeConfig
2025-09-20T21:22:23.1134714Z ##[group]Checking out the ref
2025-09-20T21:22:23.1139050Z [command]/usr/bin/git checkout --progress --force refs/remotes/pull/236/merge
2025-09-20T21:22:23.8776760Z Note: switching to 'refs/remotes/pull/236/merge'.
2025-09-20T21:22:23.8778521Z 
2025-09-20T21:22:23.8779402Z You are in 'detached HEAD' state. You can look around, make experimental
2025-09-20T21:22:23.8781687Z changes and commit them, and you can discard any commits you make in this
2025-09-20T21:22:23.8783838Z state without impacting any branches by switching back to a branch.
2025-09-20T21:22:23.8785127Z 
2025-09-20T21:22:23.8785663Z If you want to create a new branch to retain commits you create, you may
2025-09-20T21:22:23.8787000Z do so (now or later) by using -c with the switch command. Example:
2025-09-20T21:22:23.8788004Z 
2025-09-20T21:22:23.8788314Z   git switch -c <new-branch-name>
2025-09-20T21:22:23.8788803Z 
2025-09-20T21:22:23.8789083Z Or undo this operation with:
2025-09-20T21:22:23.8789539Z 
2025-09-20T21:22:23.8789829Z   git switch -
2025-09-20T21:22:23.8790209Z 
2025-09-20T21:22:23.8790858Z Turn off this advice by setting config variable advice.detachedHead to false
2025-09-20T21:22:23.8791749Z 
2025-09-20T21:22:23.8792776Z HEAD is now at 7edf0bb Merge 8a89b2152348ab91c1a5bd335ccb554a7eae26c5 into 2b40ca3c28904a155dd62f453494820feec744f0
2025-09-20T21:22:23.9020539Z ##[endgroup]
2025-09-20T21:22:23.9055395Z [command]/usr/bin/git log -1 --format=%H
2025-09-20T21:22:23.9077095Z 7edf0bb75f061919add02f6d6a82672c0b2e9654
2025-09-20T21:22:23.9479504Z ##[group]Run jlumbroso/free-disk-space@main
2025-09-20T21:22:23.9480597Z with:
2025-09-20T21:22:23.9481283Z   android: true
2025-09-20T21:22:23.9482022Z   dotnet: true
2025-09-20T21:22:23.9482745Z   haskell: true
2025-09-20T21:22:23.9483504Z   large-packages: true
2025-09-20T21:22:23.9484323Z   docker-images: true
2025-09-20T21:22:23.9485134Z   tool-cache: false
2025-09-20T21:22:23.9485911Z   swap-storage: true
2025-09-20T21:22:23.9486674Z env:
2025-09-20T21:22:23.9487590Z   CARGO_TERM_COLOR: always
2025-09-20T21:22:23.9488457Z   RUST_BACKTRACE: full
2025-09-20T21:22:23.9489278Z   RUST_MIN_STACK: 40971520
2025-09-20T21:22:23.9490131Z   RUST_LOG: citadel=warn
2025-09-20T21:22:23.9490970Z   IN_CI: true
2025-09-20T21:22:23.9491708Z   NAT_TYPE_CLIENT_A: full_cone
2025-09-20T21:22:23.9492600Z ##[endgroup]
2025-09-20T21:22:23.9615268Z ##[group]Run # ======
2025-09-20T21:22:23.9616806Z [36;1m[0m
2025-09-20T21:22:23.9617702Z [36;1m# ======[0m
2025-09-20T21:22:23.9618493Z [36;1m# MACROS[0m
2025-09-20T21:22:23.9619225Z [36;1m# ======[0m
2025-09-20T21:22:23.9619921Z [36;1m[0m
2025-09-20T21:22:23.9620659Z [36;1m# macro to print a line of equals[0m
2025-09-20T21:22:23.9621684Z [36;1m# (silly but works)[0m
2025-09-20T21:22:23.9622590Z [36;1mprintSeparationLine() {[0m
2025-09-20T21:22:23.9623500Z [36;1m  str=${1:=}[0m
2025-09-20T21:22:23.9624255Z [36;1m  num=${2:-80}[0m
2025-09-20T21:22:23.9625030Z [36;1m  counter=1[0m
2025-09-20T21:22:23.9625790Z [36;1m  output=""[0m
2025-09-20T21:22:23.9626601Z [36;1m  while [ $counter -le $num ][0m
2025-09-20T21:22:23.9627658Z [36;1m  do[0m
2025-09-20T21:22:23.9628390Z [36;1m     output="${output}${str}"[0m
2025-09-20T21:22:23.9629380Z [36;1m     counter=$((counter+1))[0m
2025-09-20T21:22:23.9630275Z [36;1m  done[0m
2025-09-20T21:22:23.9630988Z [36;1m  echo "${output}"[0m
2025-09-20T21:22:23.9631790Z [36;1m}[0m
2025-09-20T21:22:23.9632426Z [36;1m[0m
2025-09-20T21:22:23.9633148Z [36;1m# macro to compute available space[0m
2025-09-20T21:22:23.9634378Z [36;1m# REF: https://unix.stackexchange.com/a/42049/60849[0m
2025-09-20T21:22:23.9635712Z [36;1m# REF: https://stackoverflow.com/a/450821/408734[0m
2025-09-20T21:22:23.9637436Z [36;1mgetAvailableSpace() { echo $(df -a $1 | awk 'NR > 1 {avail+=$4} END {print avail}'); }[0m
2025-09-20T21:22:23.9638914Z [36;1m[0m
2025-09-20T21:22:23.9639826Z [36;1m# macro to make Kb human readable (assume the input is Kb)[0m
2025-09-20T21:22:23.9641235Z [36;1m# REF: https://unix.stackexchange.com/a/44087/60849[0m
2025-09-20T21:22:23.9642897Z [36;1mformatByteCount() { echo $(numfmt --to=iec-i --suffix=B --padding=7 $1'000'); }[0m
2025-09-20T21:22:23.9644321Z [36;1m[0m
2025-09-20T21:22:23.9645242Z [36;1m# macro to output saved space[0m
2025-09-20T21:22:23.9646212Z [36;1mprintSavedSpace() {[0m
2025-09-20T21:22:23.9647042Z [36;1m  saved=${1}[0m
2025-09-20T21:22:23.9647952Z [36;1m  title=${2:-}[0m
2025-09-20T21:22:23.9648754Z [36;1m[0m
2025-09-20T21:22:23.9649393Z [36;1m  echo ""[0m
2025-09-20T21:22:23.9650156Z [36;1m  printSeparationLine '*' 80[0m
2025-09-20T21:22:23.9651132Z [36;1m  if [ ! -z "${title}" ]; then[0m
2025-09-20T21:22:23.9652240Z [36;1m    echo "=> ${title}: Saved $(formatByteCount $saved)"[0m
2025-09-20T21:22:23.9653335Z [36;1m  else[0m
2025-09-20T21:22:23.9654150Z [36;1m    echo "=> Saved $(formatByteCount $saved)"[0m
2025-09-20T21:22:23.9655170Z [36;1m  fi[0m
2025-09-20T21:22:23.9655900Z [36;1m  printSeparationLine '*' 80[0m
2025-09-20T21:22:23.9656825Z [36;1m  echo ""[0m
2025-09-20T21:22:23.9657620Z [36;1m}[0m
2025-09-20T21:22:23.9658245Z [36;1m[0m
2025-09-20T21:22:23.9659012Z [36;1m# macro to print output of dh with caption[0m
2025-09-20T21:22:23.9660067Z [36;1mprintDH() {[0m
2025-09-20T21:22:23.9660819Z [36;1m  caption=${1:-}[0m
2025-09-20T21:22:23.9661596Z [36;1m[0m
2025-09-20T21:22:23.9662288Z [36;1m  printSeparationLine '=' 80[0m
2025-09-20T21:22:23.9663231Z [36;1m  echo "${caption}"[0m
2025-09-20T21:22:23.9664205Z [36;1m  echo ""[0m
2025-09-20T21:22:23.9664949Z [36;1m  echo "$ dh -h /"[0m
2025-09-20T21:22:23.9665755Z [36;1m  echo ""[0m
2025-09-20T21:22:23.9666460Z [36;1m  df -h /[0m
2025-09-20T21:22:23.9667283Z [36;1m  echo "$ dh -a /"[0m
2025-09-20T21:22:23.9668098Z [36;1m  echo ""[0m
2025-09-20T21:22:23.9668790Z [36;1m  df -a /[0m
2025-09-20T21:22:23.9669512Z [36;1m  echo "$ dh -a"[0m
2025-09-20T21:22:23.9670289Z [36;1m  echo ""[0m
2025-09-20T21:22:23.9670987Z [36;1m  df -a[0m
2025-09-20T21:22:23.9671732Z [36;1m  printSeparationLine '=' 80[0m
2025-09-20T21:22:23.9672642Z [36;1m}[0m
2025-09-20T21:22:23.9673276Z [36;1m[0m
2025-09-20T21:22:23.9673880Z [36;1m[0m
2025-09-20T21:22:23.9674496Z [36;1m[0m
2025-09-20T21:22:23.9675107Z [36;1m# ======[0m
2025-09-20T21:22:23.9675786Z [36;1m# SCRIPT[0m
2025-09-20T21:22:23.9676448Z [36;1m# ======[0m
2025-09-20T21:22:23.9677116Z [36;1m[0m
2025-09-20T21:22:23.9677920Z [36;1m# Display initial disk space stats[0m
2025-09-20T21:22:23.9678882Z [36;1m[0m
2025-09-20T21:22:23.9679656Z [36;1mAVAILABLE_INITIAL=$(getAvailableSpace)[0m
2025-09-20T21:22:23.9680892Z [36;1mAVAILABLE_ROOT_INITIAL=$(getAvailableSpace '/')[0m
2025-09-20T21:22:23.9681993Z [36;1m[0m
2025-09-20T21:22:23.9682672Z [36;1mprintDH "BEFORE CLEAN-UP:"[0m
2025-09-20T21:22:23.9683567Z [36;1mecho ""[0m
2025-09-20T21:22:23.9684225Z [36;1m[0m
2025-09-20T21:22:23.9684836Z [36;1m[0m
2025-09-20T21:22:23.9685521Z [36;1m# Option: Remove Android library[0m
2025-09-20T21:22:23.9686457Z [36;1m[0m
2025-09-20T21:22:23.9687120Z [36;1mif [[ true == 'true' ]]; then[0m
2025-09-20T21:22:23.9688228Z [36;1m  BEFORE=$(getAvailableSpace)[0m
2025-09-20T21:22:23.9689142Z [36;1m  [0m
2025-09-20T21:22:23.9689932Z [36;1m  sudo rm -rf /usr/local/lib/android || true[0m
2025-09-20T21:22:23.9690943Z [36;1m[0m
2025-09-20T21:22:23.9691624Z [36;1m  AFTER=$(getAvailableSpace)[0m
2025-09-20T21:22:23.9692566Z [36;1m  SAVED=$((AFTER-BEFORE))[0m
2025-09-20T21:22:23.9693592Z [36;1m  printSavedSpace $SAVED "Android library"[0m
2025-09-20T21:22:23.9694614Z [36;1mfi[0m
2025-09-20T21:22:23.9695245Z [36;1m[0m
2025-09-20T21:22:23.9695932Z [36;1m# Option: Remove .NET runtime[0m
2025-09-20T21:22:23.9696834Z [36;1m[0m
2025-09-20T21:22:23.9697617Z [36;1mif [[ true == 'true' ]]; then[0m
2025-09-20T21:22:23.9698630Z [36;1m  BEFORE=$(getAvailableSpace)[0m
2025-09-20T21:22:23.9699537Z [36;1m[0m
2025-09-20T21:22:23.9700753Z [36;1m  # https://github.community/t/bigger-github-hosted-runners-disk-space/17267/11[0m
2025-09-20T21:22:23.9702358Z [36;1m  sudo rm -rf /usr/share/dotnet || true[0m
2025-09-20T21:22:23.9703334Z [36;1m  [0m
2025-09-20T21:22:23.9704073Z [36;1m  AFTER=$(getAvailableSpace)[0m
2025-09-20T21:22:23.9705155Z [36;1m  SAVED=$((AFTER-BEFORE))[0m
2025-09-20T21:22:23.9706150Z [36;1m  printSavedSpace $SAVED ".NET runtime"[0m
2025-09-20T21:22:23.9707256Z [36;1mfi[0m
2025-09-20T21:22:23.9707904Z [36;1m[0m
2025-09-20T21:22:23.9708592Z [36;1m# Option: Remove Haskell runtime[0m
2025-09-20T21:22:23.9709539Z [36;1m[0m
2025-09-20T21:22:23.9710192Z [36;1mif [[ true == 'true' ]]; then[0m
2025-09-20T21:22:23.9711157Z [36;1m  BEFORE=$(getAvailableSpace)[0m
2025-09-20T21:22:23.9712076Z [36;1m[0m
2025-09-20T21:22:23.9712768Z [36;1m  sudo rm -rf /opt/ghc || true[0m
2025-09-20T21:22:23.9713791Z [36;1m  sudo rm -rf /usr/local/.ghcup || true[0m
2025-09-20T21:22:23.9714754Z [36;1m  [0m
2025-09-20T21:22:23.9715444Z [36;1m  AFTER=$(getAvailableSpace)[0m
2025-09-20T21:22:23.9716383Z [36;1m  SAVED=$((AFTER-BEFORE))[0m
2025-09-20T21:22:23.9717500Z [36;1m  printSavedSpace $SAVED "Haskell runtime"[0m
2025-09-20T21:22:23.9718502Z [36;1mfi[0m
2025-09-20T21:22:23.9719133Z [36;1m[0m
2025-09-20T21:22:23.9719812Z [36;1m# Option: Remove large packages[0m
2025-09-20T21:22:23.9721481Z [36;1m# REF: https://github.com/apache/flink/blob/master/tools/azure-pipelines/free_disk_space.sh[0m
2025-09-20T21:22:23.9723082Z [36;1m[0m
2025-09-20T21:22:23.9723737Z [36;1mif [[ true == 'true' ]]; then[0m
2025-09-20T21:22:23.9724866Z [36;1m  BEFORE=$(getAvailableSpace)[0m
2025-09-20T21:22:23.9725774Z [36;1m  [0m
2025-09-20T21:22:23.9727886Z [36;1m  sudo apt-get remove -y '^aspnetcore-.*' || echo "::warning::The command [sudo apt-get remove -y '^aspnetcore-.*'] failed to complete successfully. Proceeding..."[0m
2025-09-20T21:22:23.9795229Z [36;1m  sudo apt-get remove -y '^dotnet-.*' --fix-missing || echo "::warning::The command [sudo apt-get remove -y '^dotnet-.*' --fix-missing] failed to complete successfully. Proceeding..."[0m
2025-09-20T21:22:23.9799371Z [36;1m  sudo apt-get remove -y '^llvm-.*' --fix-missing || echo "::warning::The command [sudo apt-get remove -y '^llvm-.*' --fix-missing] failed to complete successfully. Proceeding..."[0m
2025-09-20T21:22:23.9803158Z [36;1m  sudo apt-get remove -y 'php.*' --fix-missing || echo "::warning::The command [sudo apt-get remove -y 'php.*' --fix-missing] failed to complete successfully. Proceeding..."[0m
2025-09-20T21:22:23.9807038Z [36;1m  sudo apt-get remove -y '^mongodb-.*' --fix-missing || echo "::warning::The command [sudo apt-get remove -y '^mongodb-.*' --fix-missing] failed to complete successfully. Proceeding..."[0m
2025-09-20T21:22:23.9811030Z [36;1m  sudo apt-get remove -y '^mysql-.*' --fix-missing || echo "::warning::The command [sudo apt-get remove -y '^mysql-.*' --fix-missing] failed to complete successfully. Proceeding..."[0m
2025-09-20T21:22:23.9816567Z [36;1m  sudo apt-get remove -y azure-cli google-chrome-stable firefox powershell mono-devel libgl1-mesa-dri --fix-missing || echo "::warning::The command [sudo apt-get remove -y azure-cli google-chrome-stable firefox powershell mono-devel libgl1-mesa-dri --fix-missing] failed to complete successfully. Proceeding..."[0m
2025-09-20T21:22:23.9822411Z [36;1m  sudo apt-get remove -y google-cloud-sdk --fix-missing || echo "::debug::The command [sudo apt-get remove -y google-cloud-sdk --fix-missing] failed to complete successfully. Proceeding..."[0m
2025-09-20T21:22:23.9826601Z [36;1m  sudo apt-get remove -y google-cloud-cli --fix-missing || echo "::debug::The command [sudo apt-get remove -y google-cloud-cli --fix-missing] failed to complete successfully. Proceeding..."[0m
2025-09-20T21:22:23.9831044Z [36;1m  sudo apt-get autoremove -y || echo "::warning::The command [sudo apt-get autoremove -y] failed to complete successfully. Proceeding..."[0m
2025-09-20T21:22:23.9835846Z [36;1m  sudo apt-get clean || echo "::warning::The command [sudo apt-get clean] failed to complete successfully. Proceeding..."[0m
2025-09-20T21:22:23.9839304Z [36;1m[0m
2025-09-20T21:22:23.9840492Z [36;1m  AFTER=$(getAvailableSpace)[0m
2025-09-20T21:22:23.9842338Z [36;1m  SAVED=$((AFTER-BEFORE))[0m
2025-09-20T21:22:23.9844488Z [36;1m  printSavedSpace $SAVED "Large misc. packages"[0m
2025-09-20T21:22:23.9846543Z [36;1mfi[0m
2025-09-20T21:22:23.9847648Z [36;1m[0m
2025-09-20T21:22:23.9848335Z [36;1m# Option: Remove Docker images[0m
2025-09-20T21:22:23.9849226Z [36;1m[0m
2025-09-20T21:22:23.9849886Z [36;1mif [[ true == 'true' ]]; then[0m
2025-09-20T21:22:23.9850822Z [36;1m  BEFORE=$(getAvailableSpace)[0m
2025-09-20T21:22:23.9851702Z [36;1m[0m
2025-09-20T21:22:23.9852482Z [36;1m  sudo docker image prune --all --force || true[0m
2025-09-20T21:22:23.9853494Z [36;1m[0m
2025-09-20T21:22:23.9854155Z [36;1m  AFTER=$(getAvailableSpace)[0m
2025-09-20T21:22:23.9855062Z [36;1m  SAVED=$((AFTER-BEFORE))[0m
2025-09-20T21:22:23.9856016Z [36;1m  printSavedSpace $SAVED "Docker images"[0m
2025-09-20T21:22:23.9856989Z [36;1mfi[0m
2025-09-20T21:22:23.9857846Z [36;1m[0m
2025-09-20T21:22:23.9858498Z [36;1m# Option: Remove tool cache[0m
2025-09-20T21:22:23.9860054Z [36;1m# REF: https://github.com/actions/virtual-environments/issues/2875#issuecomment-1163392159[0m
2025-09-20T21:22:23.9861618Z [36;1m[0m
2025-09-20T21:22:23.9862260Z [36;1mif [[ false == 'true' ]]; then[0m
2025-09-20T21:22:23.9863198Z [36;1m  BEFORE=$(getAvailableSpace)[0m
2025-09-20T21:22:23.9864076Z [36;1m[0m
2025-09-20T21:22:23.9864976Z [36;1m  sudo rm -rf "$AGENT_TOOLSDIRECTORY" || true[0m
2025-09-20T21:22:23.9865973Z [36;1m  [0m
2025-09-20T21:22:23.9866641Z [36;1m  AFTER=$(getAvailableSpace)[0m
2025-09-20T21:22:23.9868065Z [36;1m  SAVED=$((AFTER-BEFORE))[0m
2025-09-20T21:22:23.9869031Z [36;1m  printSavedSpace $SAVED "Tool cache"[0m
2025-09-20T21:22:23.9869986Z [36;1mfi[0m
2025-09-20T21:22:23.9870590Z [36;1m[0m
2025-09-20T21:22:23.9871254Z [36;1m# Option: Remove Swap storage[0m
2025-09-20T21:22:23.9872132Z [36;1m[0m
2025-09-20T21:22:23.9872768Z [36;1mif [[ true == 'true' ]]; then[0m
2025-09-20T21:22:23.9873699Z [36;1m  BEFORE=$(getAvailableSpace)[0m
2025-09-20T21:22:23.9874564Z [36;1m[0m
2025-09-20T21:22:23.9875231Z [36;1m  sudo swapoff -a || true[0m
2025-09-20T21:22:23.9876148Z [36;1m  sudo rm -f /mnt/swapfile || true[0m
2025-09-20T21:22:23.9877061Z [36;1m  free -h[0m
2025-09-20T21:22:23.9877941Z [36;1m  [0m
2025-09-20T21:22:23.9878630Z [36;1m  AFTER=$(getAvailableSpace)[0m
2025-09-20T21:22:23.9879556Z [36;1m  SAVED=$((AFTER-BEFORE))[0m
2025-09-20T21:22:23.9880527Z [36;1m  printSavedSpace $SAVED "Swap storage"[0m
2025-09-20T21:22:23.9881499Z [36;1mfi[0m
2025-09-20T21:22:23.9882098Z [36;1m[0m
2025-09-20T21:22:23.9882687Z [36;1m[0m
2025-09-20T21:22:23.9883267Z [36;1m[0m
2025-09-20T21:22:23.9883935Z [36;1m# Output saved space statistic[0m
2025-09-20T21:22:23.9884812Z [36;1m[0m
2025-09-20T21:22:23.9885507Z [36;1mAVAILABLE_END=$(getAvailableSpace)[0m
2025-09-20T21:22:23.9886590Z [36;1mAVAILABLE_ROOT_END=$(getAvailableSpace '/')[0m
2025-09-20T21:22:23.9887759Z [36;1m[0m
2025-09-20T21:22:23.9888361Z [36;1mecho ""[0m
2025-09-20T21:22:23.9889062Z [36;1mprintDH "AFTER CLEAN-UP:"[0m
2025-09-20T21:22:23.9889898Z [36;1m[0m
2025-09-20T21:22:23.9890481Z [36;1mecho ""[0m
2025-09-20T21:22:23.9891132Z [36;1mecho ""[0m
2025-09-20T21:22:23.9891764Z [36;1m[0m
2025-09-20T21:22:23.9892373Z [36;1mecho "/dev/root:"[0m
2025-09-20T21:22:23.9893535Z [36;1mprintSavedSpace $((AVAILABLE_ROOT_END - AVAILABLE_ROOT_INITIAL))[0m
2025-09-20T21:22:23.9894830Z [36;1mecho "overall:"[0m
2025-09-20T21:22:23.9895860Z [36;1mprintSavedSpace $((AVAILABLE_END - AVAILABLE_INITIAL))[0m
2025-09-20T21:22:23.9950379Z shell: /usr/bin/bash --noprofile --norc -e -o pipefail {0}
2025-09-20T21:22:23.9951521Z env:
2025-09-20T21:22:23.9952138Z   CARGO_TERM_COLOR: always
2025-09-20T21:22:23.9952913Z   RUST_BACKTRACE: full
2025-09-20T21:22:23.9953642Z   RUST_MIN_STACK: 40971520
2025-09-20T21:22:23.9954399Z   RUST_LOG: citadel=warn
2025-09-20T21:22:23.9955124Z   IN_CI: true
2025-09-20T21:22:23.9955776Z   NAT_TYPE_CLIENT_A: full_cone
2025-09-20T21:22:23.9956562Z ##[endgroup]
2025-09-20T21:22:24.0180441Z ================================================================================
2025-09-20T21:22:24.0182406Z BEFORE CLEAN-UP:
2025-09-20T21:22:24.0183086Z 
2025-09-20T21:22:24.0183395Z $ dh -h /
2025-09-20T21:22:24.0183748Z 
2025-09-20T21:22:24.0190665Z Filesystem      Size  Used Avail Use% Mounted on
2025-09-20T21:22:24.0192142Z /dev/root        72G   46G   27G  64% /
2025-09-20T21:22:24.0193596Z $ dh -a /
2025-09-20T21:22:24.0194166Z 
2025-09-20T21:22:24.0202511Z Filesystem     1K-blocks     Used Available Use% Mounted on
2025-09-20T21:22:24.0204202Z /dev/root       75085112 47603300  27465428  64% /
2025-09-20T21:22:24.0205779Z $ dh -a
2025-09-20T21:22:24.0206334Z 
2025-09-20T21:22:24.0215474Z Filesystem     1K-blocks     Used Available Use% Mounted on
2025-09-20T21:22:24.0217883Z /dev/root       75085112 47603300  27465428  64% /
2025-09-20T21:22:24.0219037Z devtmpfs         8186144        0   8186144   0% /dev
2025-09-20T21:22:24.0220111Z proc                   0        0         0    - /proc
2025-09-20T21:22:24.0221169Z sysfs                  0        0         0    - /sys
2025-09-20T21:22:24.0222514Z securityfs             0        0         0    - /sys/kernel/security
2025-09-20T21:22:24.0224062Z tmpfs            8189736       84   8189652   1% /dev/shm
2025-09-20T21:22:24.0225366Z devpts                 0        0         0    - /dev/pts
2025-09-20T21:22:24.0226448Z tmpfs            3275896     1104   3274792   1% /run
2025-09-20T21:22:24.0227977Z tmpfs               5120        0      5120   0% /run/lock
2025-09-20T21:22:24.0229898Z cgroup2                0        0         0    - /sys/fs/cgroup
2025-09-20T21:22:24.0231836Z pstore                 0        0         0    - /sys/fs/pstore
2025-09-20T21:22:24.0233748Z bpf                    0        0         0    - /sys/fs/bpf
2025-09-20T21:22:24.0235719Z systemd-1              -        -         -    - /proc/sys/fs/binfmt_misc
2025-09-20T21:22:24.0238193Z hugetlbfs              0        0         0    - /dev/hugepages
2025-09-20T21:22:24.0239803Z mqueue                 0        0         0    - /dev/mqueue
2025-09-20T21:22:24.0240993Z debugfs                0        0         0    - /sys/kernel/debug
2025-09-20T21:22:24.0242197Z tracefs                0        0         0    - /sys/kernel/tracing
2025-09-20T21:22:24.0243445Z fusectl                0        0         0    - /sys/fs/fuse/connections
2025-09-20T21:22:24.0244883Z configfs               0        0         0    - /sys/kernel/config
2025-09-20T21:22:24.0246063Z /dev/sdb16        901520    60640    777752   8% /boot
2025-09-20T21:22:24.0247630Z /dev/sdb15        106832     6250    100582   6% /boot/efi
2025-09-20T21:22:24.0248925Z binfmt_misc            0        0         0    - /proc/sys/fs/binfmt_misc
2025-09-20T21:22:24.0250133Z /dev/sda1       76829444  4194336  68686668   6% /mnt
2025-09-20T21:22:24.0251454Z tmpfs            1637944       12   1637932   1% /run/user/1001
2025-09-20T21:22:24.0253327Z ================================================================================
2025-09-20T21:22:24.0254136Z 
2025-09-20T21:23:38.8753379Z 
2025-09-20T21:23:38.8763777Z ********************************************************************************
2025-09-20T21:23:38.8889553Z => Android library: Saved 9.3GiB
2025-09-20T21:23:38.8895637Z ********************************************************************************
2025-09-20T21:23:38.8895968Z 
2025-09-20T21:23:38.9033100Z 
2025-09-20T21:23:38.9039767Z ********************************************************************************
2025-09-20T21:23:38.9056261Z => .NET runtime: Saved 0B
2025-09-20T21:23:38.9063118Z ********************************************************************************
2025-09-20T21:23:38.9063751Z 
2025-09-20T21:23:41.8312168Z 
2025-09-20T21:23:41.8318028Z ********************************************************************************
2025-09-20T21:23:41.8334801Z => Haskell runtime: Saved 6.2GiB
2025-09-20T21:23:41.8341590Z ********************************************************************************
2025-09-20T21:23:41.8342371Z 
2025-09-20T21:23:47.4511779Z Reading package lists...
2025-09-20T21:23:47.5987755Z Building dependency tree...
2025-09-20T21:23:47.6057702Z Reading state information...
2025-09-20T21:23:47.8289881Z Package 'aspnetcore-runtime-6.0' is not installed, so not removed
2025-09-20T21:23:47.8290879Z Package 'aspnetcore-targeting-pack-6.0' is not installed, so not removed
2025-09-20T21:23:47.8292377Z Package 'aspnetcore-runtime-dbg-8.0' is not installed, so not removed
2025-09-20T21:23:47.8293392Z The following packages will be REMOVED:
2025-09-20T21:23:47.8295254Z   aspnetcore-runtime-8.0 aspnetcore-targeting-pack-8.0 dotnet-sdk-8.0
2025-09-20T21:23:48.1383173Z 0 upgraded, 0 newly installed, 3 to remove and 6 not upgraded.
2025-09-20T21:23:48.1384214Z After this operation, 350 MB disk space will be freed.
2025-09-20T21:23:48.2356062Z (Reading database ... 
2025-09-20T21:23:48.2356489Z (Reading database ... 5%
2025-09-20T21:23:48.2356914Z (Reading database ... 10%
2025-09-20T21:23:48.2359144Z (Reading database ... 15%
2025-09-20T21:23:48.2359657Z (Reading database ... 20%
2025-09-20T21:23:48.2360018Z (Reading database ... 25%
2025-09-20T21:23:48.2360225Z (Reading database ... 30%
2025-09-20T21:23:48.2360411Z (Reading database ... 35%
2025-09-20T21:23:48.2360602Z (Reading database ... 40%
2025-09-20T21:23:48.2361028Z (Reading database ... 45%
2025-09-20T21:23:48.2361264Z (Reading database ... 50%
2025-09-20T21:23:48.4101912Z (Reading database ... 55%
2025-09-20T21:23:48.8797531Z (Reading database ... 60%
2025-09-20T21:23:49.3337970Z (Reading database ... 65%
2025-09-20T21:23:49.9161950Z (Reading database ... 70%
2025-09-20T21:23:50.5106863Z (Reading database ... 75%
2025-09-20T21:23:51.3398339Z (Reading database ... 80%
2025-09-20T21:23:52.1115281Z (Reading database ... 85%
2025-09-20T21:23:52.9247722Z (Reading database ... 90%
2025-09-20T21:23:53.7699988Z (Reading database ... 95%
2025-09-20T21:23:53.7700507Z (Reading database ... 100%
2025-09-20T21:23:53.7701092Z (Reading database ... 218655 files and directories currently installed.)
2025-09-20T21:23:53.7742929Z Removing dotnet-sdk-8.0 (8.0.119-0ubuntu1~24.04.1) ...
2025-09-20T21:23:54.4658341Z Removing aspnetcore-runtime-8.0 (8.0.19-0ubuntu1~24.04.1) ...
2025-09-20T21:23:54.4880433Z Removing aspnetcore-targeting-pack-8.0 (8.0.19-0ubuntu1~24.04.1) ...
2025-09-20T21:23:55.6517524Z Reading package lists...
2025-09-20T21:23:55.8032749Z Building dependency tree...
2025-09-20T21:23:55.8040500Z Reading state information...
2025-09-20T21:23:56.0246888Z Package 'dotnet-hostfxr-6.0' is not installed, so not removed
2025-09-20T21:23:56.0247910Z Package 'dotnet-runtime-6.0' is not installed, so not removed
2025-09-20T21:23:56.0248514Z Package 'dotnet-sdk-6.0' is not installed, so not removed
2025-09-20T21:23:56.0249150Z Package 'dotnet-targeting-pack-6.0' is not installed, so not removed
2025-09-20T21:23:56.0249807Z Package 'dotnet-templates-6.0' is not installed, so not removed
2025-09-20T21:23:56.0250450Z Package 'dotnet-apphost-pack-6.0' is not installed, so not removed
2025-09-20T21:23:56.0251082Z Package 'dotnet-sdk-8.0' is not installed, so not removed
2025-09-20T21:23:56.0251682Z Package 'dotnet-runtime-dbg-8.0' is not installed, so not removed
2025-09-20T21:23:56.0252647Z Package 'dotnet-sdk-8.0-source-built-artifacts' is not installed, so not removed
2025-09-20T21:23:56.0253234Z Package 'dotnet-sdk-dbg-8.0' is not installed, so not removed
2025-09-20T21:23:56.0253649Z The following packages will be REMOVED:
2025-09-20T21:23:56.0254055Z   dotnet-apphost-pack-8.0 dotnet-host-8.0 dotnet-hostfxr-8.0
2025-09-20T21:23:56.0254599Z   dotnet-runtime-8.0 dotnet-targeting-pack-8.0 dotnet-templates-8.0
2025-09-20T21:23:56.2603323Z 0 upgraded, 0 newly installed, 6 to remove and 6 not upgraded.
2025-09-20T21:23:56.2603962Z After this operation, 125 MB disk space will be freed.
2025-09-20T21:23:56.2779863Z (Reading database ... 
2025-09-20T21:23:56.2780278Z (Reading database ... 5%
2025-09-20T21:23:56.2780629Z (Reading database ... 10%
2025-09-20T21:23:56.2780985Z (Reading database ... 15%
2025-09-20T21:23:56.2782060Z (Reading database ... 20%
2025-09-20T21:23:56.2782428Z (Reading database ... 25%
2025-09-20T21:23:56.2782766Z (Reading database ... 30%
2025-09-20T21:23:56.2783115Z (Reading database ... 35%
2025-09-20T21:23:56.2783450Z (Reading database ... 40%
2025-09-20T21:23:56.2783790Z (Reading database ... 45%
2025-09-20T21:23:56.2784141Z (Reading database ... 50%
2025-09-20T21:23:56.2874138Z (Reading database ... 55%
2025-09-20T21:23:56.2901460Z (Reading database ... 60%
2025-09-20T21:23:56.2927770Z (Reading database ... 65%
2025-09-20T21:23:56.2957631Z (Reading database ... 70%
2025-09-20T21:23:56.2974907Z (Reading database ... 75%
2025-09-20T21:23:56.2994707Z (Reading database ... 80%
2025-09-20T21:23:56.3148040Z (Reading database ... 85%
2025-09-20T21:23:56.3379534Z (Reading database ... 90%
2025-09-20T21:23:56.3452907Z (Reading database ... 95%
2025-09-20T21:23:56.3453337Z (Reading database ... 100%
2025-09-20T21:23:56.3453944Z (Reading database ... 214778 files and directories currently installed.)
2025-09-20T21:23:56.3493005Z Removing dotnet-apphost-pack-8.0 (8.0.19-0ubuntu1~24.04.1) ...
2025-09-20T21:23:56.3646335Z Removing dotnet-runtime-8.0 (8.0.19-0ubuntu1~24.04.1) ...
2025-09-20T21:23:56.3851856Z Removing dotnet-hostfxr-8.0 (8.0.19-0ubuntu1~24.04.1) ...
2025-09-20T21:23:56.3997485Z Removing dotnet-templates-8.0 (8.0.119-0ubuntu1~24.04.1) ...
2025-09-20T21:23:56.4148788Z Removing dotnet-host-8.0 (8.0.19-0ubuntu1~24.04.1) ...
2025-09-20T21:23:56.8333027Z Removing dotnet-targeting-pack-8.0 (8.0.19-0ubuntu1~24.04.1) ...
2025-09-20T21:23:56.9561595Z Processing triggers for man-db (2.12.0-4build2) ...
2025-09-20T21:25:02.6226998Z Reading package lists...
2025-09-20T21:25:02.7652949Z Building dependency tree...
2025-09-20T21:25:02.7660754Z Reading state information...
2025-09-20T21:25:02.9894921Z Package 'llvm-14-linker-tools' is not installed, so not removed
2025-09-20T21:25:02.9895567Z Package 'llvm-14-dev' is not installed, so not removed
2025-09-20T21:25:02.9896043Z Package 'llvm-15-linker-tools' is not installed, so not removed
2025-09-20T21:25:02.9896429Z Package 'llvm-15-dev' is not installed, so not removed
2025-09-20T21:25:02.9896764Z Package 'llvm-15' is not installed, so not removed
2025-09-20T21:25:02.9897063Z Package 'llvm-dev' is not installed, so not removed
2025-09-20T21:25:02.9897589Z Package 'llvm-14-doc' is not installed, so not removed
2025-09-20T21:25:02.9897892Z Package 'llvm-15-doc' is not installed, so not removed
2025-09-20T21:25:02.9898194Z Package 'llvm-16-doc' is not installed, so not removed
2025-09-20T21:25:02.9898593Z Package 'llvm-17-doc' is not installed, so not removed
2025-09-20T21:25:02.9899126Z Package 'llvm-18-doc' is not installed, so not removed
2025-09-20T21:25:02.9899450Z Package 'llvm-runtime' is not installed, so not removed
2025-09-20T21:25:02.9899755Z Package 'llvm-14' is not installed, so not removed
2025-09-20T21:25:02.9900286Z Package 'llvm-14-runtime' is not installed, so not removed
2025-09-20T21:25:02.9900797Z Package 'llvm-14-tools' is not installed, so not removed
2025-09-20T21:25:02.9901345Z Package 'llvm-14-examples' is not installed, so not removed
2025-09-20T21:25:02.9901926Z Package 'llvm-15-runtime' is not installed, so not removed
2025-09-20T21:25:02.9902492Z Package 'llvm-15-tools' is not installed, so not removed
2025-09-20T21:25:02.9903039Z Package 'llvm-15-examples' is not installed, so not removed
2025-09-20T21:25:02.9903601Z Package 'llvm-16-examples' is not installed, so not removed
2025-09-20T21:25:02.9904188Z Package 'llvm-17-examples' is not installed, so not removed
2025-09-20T21:25:02.9904742Z Package 'llvm-18-examples' is not installed, so not removed
2025-09-20T21:25:02.9905266Z Package 'llvm-bolt' is not installed, so not removed
2025-09-20T21:25:02.9905785Z Package 'llvm-spirv-14' is not installed, so not removed
2025-09-20T21:25:02.9906346Z Package 'llvm-spirv-15' is not installed, so not removed
2025-09-20T21:25:02.9906687Z Package 'llvm-spirv-16' is not installed, so not removed
2025-09-20T21:25:02.9907005Z Package 'llvm-spirv-17' is not installed, so not removed
2025-09-20T21:25:02.9907826Z Package 'llvm-spirv-18' is not installed, so not removed
2025-09-20T21:25:02.9908140Z Package 'llvm-19-dev' is not installed, so not removed
2025-09-20T21:25:02.9908457Z Package 'llvm-20-dev' is not installed, so not removed
2025-09-20T21:25:02.9908810Z Package 'llvm-19-linker-tools' is not installed, so not removed
2025-09-20T21:25:02.9909180Z Package 'llvm-20-linker-tools' is not installed, so not removed
2025-09-20T21:25:02.9909517Z Package 'llvm-19-doc' is not installed, so not removed
2025-09-20T21:25:02.9909819Z Package 'llvm-20-doc' is not installed, so not removed
2025-09-20T21:25:02.9910116Z Package 'llvm-19' is not installed, so not removed
2025-09-20T21:25:02.9910429Z Package 'llvm-19-runtime' is not installed, so not removed
2025-09-20T21:25:02.9910764Z Package 'llvm-19-tools' is not installed, so not removed
2025-09-20T21:25:02.9911098Z Package 'llvm-19-examples' is not installed, so not removed
2025-09-20T21:25:02.9911407Z Package 'llvm-20' is not installed, so not removed
2025-09-20T21:25:02.9911724Z Package 'llvm-20-runtime' is not installed, so not removed
2025-09-20T21:25:02.9912044Z Package 'llvm-20-tools' is not installed, so not removed
2025-09-20T21:25:02.9912371Z Package 'llvm-20-examples' is not installed, so not removed
2025-09-20T21:25:02.9912857Z Package 'llvm-spirv-19' is not installed, so not removed
2025-09-20T21:25:02.9913192Z Package 'llvm-spirv-20' is not installed, so not removed
2025-09-20T21:25:02.9913478Z The following packages will be REMOVED:
2025-09-20T21:25:02.9913807Z   clang-16 clang-17 clang-18 clang-tidy-16 clang-tidy-17 clang-tidy-18
2025-09-20T21:25:02.9914213Z   clang-tools-16 clang-tools-17 clang-tools-18 llvm-16 llvm-16-dev
2025-09-20T21:25:02.9914622Z   llvm-16-linker-tools llvm-16-runtime llvm-16-tools llvm-17 llvm-17-dev
2025-09-20T21:25:02.9915045Z   llvm-17-linker-tools llvm-17-runtime llvm-17-tools llvm-18 llvm-18-dev
2025-09-20T21:25:02.9915412Z   llvm-18-linker-tools llvm-18-runtime llvm-18-tools
2025-09-20T21:25:03.2256708Z 0 upgraded, 0 newly installed, 24 to remove and 6 not upgraded.
2025-09-20T21:25:03.2257554Z After this operation, 1575 MB disk space will be freed.
2025-09-20T21:25:03.2433165Z (Reading database ... 
2025-09-20T21:25:03.2433705Z (Reading database ... 5%
2025-09-20T21:25:03.2435490Z (Reading database ... 10%
2025-09-20T21:25:03.2435891Z (Reading database ... 15%
2025-09-20T21:25:03.2436254Z (Reading database ... 20%
2025-09-20T21:25:03.2436583Z (Reading database ... 25%
2025-09-20T21:25:03.2436910Z (Reading database ... 30%
2025-09-20T21:25:03.2437403Z (Reading database ... 35%
2025-09-20T21:25:03.2437742Z (Reading database ... 40%
2025-09-20T21:25:03.2438069Z (Reading database ... 45%
2025-09-20T21:25:03.2438402Z (Reading database ... 50%
2025-09-20T21:25:03.2525352Z (Reading database ... 55%
2025-09-20T21:25:03.2551972Z (Reading database ... 60%
2025-09-20T21:25:03.2578439Z (Reading database ... 65%
2025-09-20T21:25:03.2608204Z (Reading database ... 70%
2025-09-20T21:25:03.2624734Z (Reading database ... 75%
2025-09-20T21:25:03.2644072Z (Reading database ... 80%
2025-09-20T21:25:03.2791078Z (Reading database ... 85%
2025-09-20T21:25:03.3010349Z (Reading database ... 90%
2025-09-20T21:25:03.3079612Z (Reading database ... 95%
2025-09-20T21:25:03.3079987Z (Reading database ... 100%
2025-09-20T21:25:03.3080393Z (Reading database ... 214123 files and directories currently installed.)
2025-09-20T21:25:03.3115030Z Removing clang-tidy-16 (1:16.0.6-23ubuntu4) ...
2025-09-20T21:25:03.3270059Z Removing clang-tools-16 (1:16.0.6-23ubuntu4) ...
2025-09-20T21:25:03.3663105Z Removing clang-16 (1:16.0.6-23ubuntu4) ...
2025-09-20T21:25:03.3801046Z Removing clang-tidy-17 (1:17.0.6-9ubuntu1) ...
2025-09-20T21:25:03.3937095Z Removing clang-tools-17 (1:17.0.6-9ubuntu1) ...
2025-09-20T21:25:03.4714987Z Removing clang-17 (1:17.0.6-9ubuntu1) ...
2025-09-20T21:25:03.4859151Z Removing clang-tidy-18 (1:18.1.3-1ubuntu1) ...
2025-09-20T21:25:03.5048390Z Removing clang-tools-18 (1:18.1.3-1ubuntu1) ...
2025-09-20T21:25:03.5375245Z Removing clang-18 (1:18.1.3-1ubuntu1) ...
2025-09-20T21:25:03.5512166Z Removing llvm-16-dev (1:16.0.6-23ubuntu4) ...
2025-09-20T21:25:03.8541084Z Removing llvm-16 (1:16.0.6-23ubuntu4) ...
2025-09-20T21:25:03.8782839Z Removing llvm-16-linker-tools (1:16.0.6-23ubuntu4) ...
2025-09-20T21:25:03.8984050Z Removing llvm-16-runtime (1:16.0.6-23ubuntu4) ...
2025-09-20T21:25:03.9279336Z Removing llvm-16-tools (1:16.0.6-23ubuntu4) ...
2025-09-20T21:25:04.1347762Z Removing llvm-17-dev (1:17.0.6-9ubuntu1) ...
2025-09-20T21:25:04.5386167Z Removing llvm-17 (1:17.0.6-9ubuntu1) ...
2025-09-20T21:25:04.5606438Z Removing llvm-17-linker-tools (1:17.0.6-9ubuntu1) ...
2025-09-20T21:25:04.5787000Z Removing llvm-17-runtime (1:17.0.6-9ubuntu1) ...
2025-09-20T21:25:04.6025497Z Removing llvm-17-tools (1:17.0.6-9ubuntu1) ...
2025-09-20T21:25:04.7209099Z Removing llvm-18-dev (1:18.1.3-1ubuntu1) ...
2025-09-20T21:25:04.9790038Z Removing llvm-18 (1:18.1.3-1ubuntu1) ...
2025-09-20T21:25:05.0005970Z Removing llvm-18-linker-tools (1:18.1.3-1ubuntu1) ...
2025-09-20T21:25:05.0192251Z Removing llvm-18-runtime (1:18.1.3-1ubuntu1) ...
2025-09-20T21:25:05.0435052Z Removing llvm-18-tools (1:18.1.3-1ubuntu1) ...
2025-09-20T21:25:05.1604419Z Processing triggers for systemd (255.4-1ubuntu8.10) ...
2025-09-20T21:25:05.1943640Z Processing triggers for man-db (2.12.0-4build2) ...
2025-09-20T21:25:08.9069154Z Processing triggers for libc-bin (2.39-0ubuntu8.5) ...
2025-09-20T21:25:09.8501184Z Reading package lists...
2025-09-20T21:25:09.9952378Z Building dependency tree...
2025-09-20T21:25:09.9960058Z Reading state information...
2025-09-20T21:25:10.1018157Z Package 'php-lua' is not installed, so not removed
2025-09-20T21:25:10.1018693Z Package 'php-mysqlnd-ms' is not installed, so not removed
2025-09-20T21:25:10.1019123Z Package 'php-radius' is not installed, so not removed
2025-09-20T21:25:10.1019533Z Package 'php5.6-common' is not installed, so not removed
2025-09-20T21:25:10.1019937Z Package 'php5.6-json' is not installed, so not removed
2025-09-20T21:25:10.1020354Z Package 'php7.0-common' is not installed, so not removed
2025-09-20T21:25:10.1020753Z Package 'php7.1-common' is not installed, so not removed
2025-09-20T21:25:10.1021147Z Package 'php7.2-common' is not installed, so not removed
2025-09-20T21:25:10.1021543Z Package 'php7.3-common' is not installed, so not removed
2025-09-20T21:25:10.1021937Z Package 'php7.4-common' is not installed, so not removed
2025-09-20T21:25:10.1022323Z Package 'php8.0-common' is not installed, so not removed
2025-09-20T21:25:10.1022713Z Package 'php8.1-common' is not installed, so not removed
2025-09-20T21:25:10.1023098Z Package 'php8.2-common' is not installed, so not removed
2025-09-20T21:25:10.1023573Z Package 'php-pear-frontend-gtk' is not installed, so not removed
2025-09-20T21:25:10.1024398Z Package 'php-pear-frontend-web' is not installed, so not removed
2025-09-20T21:25:10.1025092Z Package 'php7.0-curl' is not installed, so not removed
2025-09-20T21:25:10.1025729Z Package 'php7.2-sodium' is not installed, so not removed
2025-09-20T21:25:10.1026382Z Package 'php5' is not installed, so not removed
2025-09-20T21:25:10.1027005Z Package 'php5-cli' is not installed, so not removed
2025-09-20T21:25:10.1027867Z Package 'php5-pgsql' is not installed, so not removed
2025-09-20T21:25:10.1028399Z Package 'php5-curl' is not installed, so not removed
2025-09-20T21:25:10.1028916Z Package 'php5-ldap' is not installed, so not removed
2025-09-20T21:25:10.1029469Z Package 'gosa-plugin-phpgw' is not installed, so not removed
2025-09-20T21:25:10.1030131Z Package 'gosa-plugin-phpgw-schema' is not installed, so not removed
2025-09-20T21:25:10.1030728Z Package 'gosa-plugin-phpscheduleit' is not installed, so not removed
2025-09-20T21:25:10.1031175Z Package 'gosa-plugin-phpscheduleit-schema' is not installed, so not removed
2025-09-20T21:25:10.1031561Z Package 'php-apc' is not installed, so not removed
2025-09-20T21:25:10.1031871Z Package 'php-suhosin' is not installed, so not removed
2025-09-20T21:25:10.1032178Z Package 'php5-mysql' is not installed, so not removed
2025-09-20T21:25:10.1032854Z Package 'libsparkline-php' is not installed, so not removed
2025-09-20T21:25:10.1033223Z Package 'libapache2-mod-php5' is not installed, so not removed
2025-09-20T21:25:10.1033554Z Package 'php5-fpm' is not installed, so not removed
2025-09-20T21:25:10.1033863Z Package 'libgv-php5' is not installed, so not removed
2025-09-20T21:25:10.1034241Z Package 'php-greew-oauth2-azure-provider' is not installed, so not removed
2025-09-20T21:25:10.1034685Z Package 'php-hayageek-oauth2-yahoo' is not installed, so not removed
2025-09-20T21:25:10.1035092Z Package 'php-league-oauth2-google' is not installed, so not removed
2025-09-20T21:25:10.1035515Z Package 'php-thenetworg-oauth2-azure' is not installed, so not removed
2025-09-20T21:25:10.1035895Z Package 'phpphylotree' is not installed, so not removed
2025-09-20T21:25:10.1036234Z Package 'php-http-request2' is not installed, so not removed
2025-09-20T21:25:10.1036568Z Package 'php-xcache' is not installed, so not removed
2025-09-20T21:25:10.1036899Z Package 'php-async-aws-s3' is not installed, so not removed
2025-09-20T21:25:10.1037506Z Package 'php-paragonie-random-compat' is not installed, so not removed
2025-09-20T21:25:10.1037916Z Package 'php-console-color2' is not installed, so not removed
2025-09-20T21:25:10.1038456Z Package 'php-doctrine-phpcr-odm' is not installed, so not removed
2025-09-20T21:25:10.1038877Z Package 'php-alcaeus-mongo-php-adapter' is not installed, so not removed
2025-09-20T21:25:10.1039302Z Package 'php-doctrine-mongodb-odm' is not installed, so not removed
2025-09-20T21:25:10.1039722Z Package 'php-mtdowling-cron-expression' is not installed, so not removed
2025-09-20T21:25:10.1040109Z Package 'php-semsol-arc2' is not installed, so not removed
2025-09-20T21:25:10.1040469Z Package 'php-fzaninotto-faker' is not installed, so not removed
2025-09-20T21:25:10.1040802Z Package 'php7.4' is not installed, so not removed
2025-09-20T21:25:10.1041103Z Package 'php7.4-cli' is not installed, so not removed
2025-09-20T21:25:10.1041428Z Package 'php-com-dotnet' is not installed, so not removed
2025-09-20T21:25:10.1041743Z Package 'php-rar' is not installed, so not removed
2025-09-20T21:25:10.1042110Z Package 'php-laminas-httphandlerrunner' is not installed, so not removed
2025-09-20T21:25:10.1042542Z Package 'php-cordoval-hamcrest-php' is not installed, so not removed
2025-09-20T21:25:10.1042992Z Package 'php-davedevelopment-hamcrest-php' is not installed, so not removed
2025-09-20T21:25:10.1043428Z Package 'php-kodova-hamcrest-php' is not installed, so not removed
2025-09-20T21:25:10.1043833Z Package 'php-league-flysystem-sftp' is not installed, so not removed
2025-09-20T21:25:10.1044301Z Package 'php-league-flysystem-eventable-filesystem' is not installed, so not removed
2025-09-20T21:25:10.1044798Z Package 'php-league-flysystem-rackspace' is not installed, so not removed
2025-09-20T21:25:10.1045232Z Package 'php-league-flysystem-azure' is not installed, so not removed
2025-09-20T21:25:10.1045653Z Package 'php-league-flysystem-webdav' is not installed, so not removed
2025-09-20T21:25:10.1046084Z Package 'php-league-flysystem-aws-s3-v2' is not installed, so not removed
2025-09-20T21:25:10.1046518Z Package 'php-league-flysystem-aws-s3-v3' is not installed, so not removed
2025-09-20T21:25:10.1046960Z Package 'php-spatie-flysystem-dropbox' is not installed, so not removed
2025-09-20T21:25:10.1047732Z Package 'php-srmklive-flysystem-dropbox-v2' is not installed, so not removed
2025-09-20T21:25:10.1048212Z Package 'php-league-flysystem-cached-adapter' is not installed, so not removed
2025-09-20T21:25:10.1048687Z Package 'php-league-flysystem-ziparchive' is not installed, so not removed
2025-09-20T21:25:10.1049106Z Package 'php-league-uri-schemes' is not installed, so not removed
2025-09-20T21:25:10.1049542Z Package 'php-jeremykendall-php-domain-parser' is not installed, so not removed
2025-09-20T21:25:10.1049955Z Package 'php-php-64bit' is not installed, so not removed
2025-09-20T21:25:10.1050408Z Package 'php-sqlite' is not installed, so not removed
2025-09-20T21:25:10.1050713Z Package 'php-lzf' is not installed, so not removed
2025-09-20T21:25:10.1051008Z Package 'php-pnctl' is not installed, so not removed
2025-09-20T21:25:10.1051350Z Package 'php-mdb2-driver-fbsql' is not installed, so not removed
2025-09-20T21:25:10.1051725Z Package 'php-mdb2-driver-ibase' is not installed, so not removed
2025-09-20T21:25:10.1052092Z Package 'php-mdb2-driver-mssql' is not installed, so not removed
2025-09-20T21:25:10.1052461Z Package 'php-mdb2-driver-mysqli' is not installed, so not removed
2025-09-20T21:25:10.1052843Z Package 'php-mdb2-driver-oci8' is not installed, so not removed
2025-09-20T21:25:10.1053205Z Package 'php-mdb2-driver-odbc' is not installed, so not removed
2025-09-20T21:25:10.1053580Z Package 'php-mdb2-driver-querysim' is not installed, so not removed
2025-09-20T21:25:10.1053965Z Package 'php-mdb2-driver-sqlite' is not installed, so not removed
2025-09-20T21:25:10.1054336Z Package 'php-mdb2-driver-sqlsrv' is not installed, so not removed
2025-09-20T21:25:10.1054755Z Package 'php-barnabywalters-mf-cleaner' is not installed, so not removed
2025-09-20T21:25:10.1055157Z Package 'php-graylog2-gelf-php' is not installed, so not removed
2025-09-20T21:25:10.1055525Z Package 'php-doctrine-couchdb' is not installed, so not removed
2025-09-20T21:25:10.1056007Z Package 'php-ruflin-elastica' is not installed, so not removed
2025-09-20T21:25:10.1056368Z Package 'php-elasticsearch' is not installed, so not removed
2025-09-20T21:25:10.1056716Z Package 'php-aws-sdk-php' is not installed, so not removed
2025-09-20T21:25:10.1057040Z Package 'php-rollbar' is not installed, so not removed
2025-09-20T21:25:10.1057569Z Package 'php-nette-finder' is not installed, so not removed
2025-09-20T21:25:10.1057900Z Package 'php-dbase' is not installed, so not removed
2025-09-20T21:25:10.1058216Z Package 'php-libsodium' is not installed, so not removed
2025-09-20T21:25:10.1058521Z Package 'php-relay' is not installed, so not removed
2025-09-20T21:25:10.1058883Z Package 'php-ocramius-proxy-manager' is not installed, so not removed
2025-09-20T21:25:10.1059315Z Package 'php-zendframework-zend-stdlib' is not installed, so not removed
2025-09-20T21:25:10.1059737Z Package 'php-rhumsaa-uuid' is not installed, so not removed
2025-09-20T21:25:10.1060117Z Package 'php-paragonie-random-lib' is not installed, so not removed
2025-09-20T21:25:10.1060511Z Package 'php-ramsey-uuid-doctrine' is not installed, so not removed
2025-09-20T21:25:10.1060886Z Package 'php-crypt-blowfish' is not installed, so not removed
2025-09-20T21:25:10.1061221Z Package 'php-compat' is not installed, so not removed
2025-09-20T21:25:10.1061530Z Package 'libssh2-php' is not installed, so not removed
2025-09-20T21:25:10.1061875Z Package 'php-php-http-discovery' is not installed, so not removed
2025-09-20T21:25:10.1062271Z Package 'php-symfony-security-guard' is not installed, so not removed
2025-09-20T21:25:10.1062658Z Package 'php-numbers-words' is not installed, so not removed
2025-09-20T21:25:10.1062998Z Package 'php7.0-thrift' is not installed, so not removed
2025-09-20T21:25:10.1063319Z Package 'php7.2-thrift' is not installed, so not removed
2025-09-20T21:25:10.1063640Z Package 'php-net-idna' is not installed, so not removed
2025-09-20T21:25:10.1063963Z Package 'php-phpstan' is not installed, so not removed
2025-09-20T21:25:10.1064291Z Package 'php-vimeo-psalm' is not installed, so not removed
2025-09-20T21:25:10.1064643Z Package 'php-container-interop' is not installed, so not removed
2025-09-20T21:25:10.1065075Z Package 'php-zendframework-zend-eventmanager' is not installed, so not removed
2025-09-20T21:25:10.1065470Z Package 'php-recode' is not installed, so not removed
2025-09-20T21:25:10.1065770Z Package 'php-gd2' is not installed, so not removed
2025-09-20T21:25:10.1066130Z Package 'php-pragmarx-google2fa-qrcode' is not installed, so not removed
2025-09-20T21:25:10.1066549Z Package 'php-bjeavons-zxcvbn-php' is not installed, so not removed
2025-09-20T21:25:10.1066931Z Package 'php-pimlie-php-dkim' is not installed, so not removed
2025-09-20T21:25:10.1067534Z Package 'libapache2-mod-php7.4' is not installed, so not removed
2025-09-20T21:25:10.1067882Z Package 'php7.4-fpm' is not installed, so not removed
2025-09-20T21:25:10.1068191Z Package 'php-crypt-gpg' is not installed, so not removed
2025-09-20T21:25:10.1068539Z Package 'libapache2-mod-php' is not installed, so not removed
2025-09-20T21:25:10.1068904Z Package 'libapache2-mod-php8.3' is not installed, so not removed
2025-09-20T21:25:10.1069239Z Package 'php-json' is not installed, so not removed
2025-09-20T21:25:10.1069525Z Package 'php' is not installed, so not removed
2025-09-20T21:25:10.1069818Z Package 'php-all-dev' is not installed, so not removed
2025-09-20T21:25:10.1070117Z Package 'php-cgi' is not installed, so not removed
2025-09-20T21:25:10.1070426Z Package 'php-cli' is not installed, so not removed
2025-09-20T21:25:10.1070799Z Package 'php-amqp' is not installed, so not removed
2025-09-20T21:25:10.1071091Z Package 'php-apcu' is not installed, so not removed
2025-09-20T21:25:10.1071381Z Package 'php-ast' is not installed, so not removed
2025-09-20T21:25:10.1071688Z Package 'php-ds' is not installed, so not removed
2025-09-20T21:25:10.1072003Z Package 'php-facedetect' is not installed, so not removed
2025-09-20T21:25:10.1072454Z Package 'php-gearman' is not installed, so not removed
2025-09-20T21:25:10.1072774Z Package 'php-gmagick' is not installed, so not removed
2025-09-20T21:25:10.1073078Z Package 'php-gnupg' is not installed, so not removed
2025-09-20T21:25:10.1073395Z Package 'php-igbinary' is not installed, so not removed
2025-09-20T21:25:10.1073706Z Package 'php-imagick' is not installed, so not removed
2025-09-20T21:25:10.1074033Z Package 'php-libvirt-php' is not installed, so not removed
2025-09-20T21:25:10.1074369Z Package 'php-mailparse' is not installed, so not removed
2025-09-20T21:25:10.1074692Z Package 'php-memcache' is not installed, so not removed
2025-09-20T21:25:10.1075010Z Package 'php-memcached' is not installed, so not removed
2025-09-20T21:25:10.1075342Z Package 'php-mongodb' is not installed, so not removed
2025-09-20T21:25:10.1075650Z Package 'php-msgpack' is not installed, so not removed
2025-09-20T21:25:10.1075948Z Package 'php-oauth' is not installed, so not removed
2025-09-20T21:25:10.1076258Z Package 'php-pcov' is not installed, so not removed
2025-09-20T21:25:10.1076552Z Package 'php-ps' is not installed, so not removed
2025-09-20T21:25:10.1076846Z Package 'php-psr' is not installed, so not removed
2025-09-20T21:25:10.1077239Z Package 'php-raphf' is not installed, so not removed
2025-09-20T21:25:10.1077539Z Package 'php-redis' is not installed, so not removed
2025-09-20T21:25:10.1077832Z Package 'php-rrd' is not installed, so not removed
2025-09-20T21:25:10.1078131Z Package 'php-smbclient' is not installed, so not removed
2025-09-20T21:25:10.1078450Z Package 'php-ssh2' is not installed, so not removed
2025-09-20T21:25:10.1078743Z Package 'php-stomp' is not installed, so not removed
2025-09-20T21:25:10.1079048Z Package 'php-tideways' is not installed, so not removed
2025-09-20T21:25:10.1079350Z Package 'php-uopz' is not installed, so not removed
2025-09-20T21:25:10.1079673Z Package 'php-uploadprogress' is not installed, so not removed
2025-09-20T21:25:10.1080003Z Package 'php-uuid' is not installed, so not removed
2025-09-20T21:25:10.1080306Z Package 'php-xdebug' is not installed, so not removed
2025-09-20T21:25:10.1080615Z Package 'php-xmlrpc' is not installed, so not removed
2025-09-20T21:25:10.1080910Z Package 'php-yac' is not installed, so not removed
2025-09-20T21:25:10.1081193Z Package 'php-yaml' is not installed, so not removed
2025-09-20T21:25:10.1081480Z Package 'php-zmq' is not installed, so not removed
2025-09-20T21:25:10.1081763Z Package 'php-curl' is not installed, so not removed
2025-09-20T21:25:10.1082048Z Package 'php-dev' is not installed, so not removed
2025-09-20T21:25:10.1082329Z Package 'php-gd' is not installed, so not removed
2025-09-20T21:25:10.1082611Z Package 'php-gmp' is not installed, so not removed
2025-09-20T21:25:10.1083017Z Package 'php-ldap' is not installed, so not removed
2025-09-20T21:25:10.1083305Z Package 'php-mysql' is not installed, so not removed
2025-09-20T21:25:10.1083598Z Package 'php-odbc' is not installed, so not removed
2025-09-20T21:25:10.1083880Z Package 'php-xml' is not installed, so not removed
2025-09-20T21:25:10.1084172Z Package 'php-pgsql' is not installed, so not removed
2025-09-20T21:25:10.1084468Z Package 'php-pspell' is not installed, so not removed
2025-09-20T21:25:10.1084766Z Package 'php-snmp' is not installed, so not removed
2025-09-20T21:25:10.1085060Z Package 'php-sqlite3' is not installed, so not removed
2025-09-20T21:25:10.1085360Z Package 'php-tidy' is not installed, so not removed
2025-09-20T21:25:10.1085663Z Package 'php-tokenizer' is not installed, so not removed
2025-09-20T21:25:10.1085983Z Package 'pkg-php-tools' is not installed, so not removed
2025-09-20T21:25:10.1086288Z Package 'dh-php' is not installed, so not removed
2025-09-20T21:25:10.1086588Z Package 'php-mbstring' is not installed, so not removed
2025-09-20T21:25:10.1086903Z Package 'php-readline' is not installed, so not removed
2025-09-20T21:25:10.1087393Z Package 'php-fpm' is not installed, so not removed
2025-09-20T21:25:10.1087853Z Package 'php-codesniffer' is not installed, so not removed
2025-09-20T21:25:10.1088206Z Package 'libphp-phpmailer' is not installed, so not removed
2025-09-20T21:25:10.1088601Z Package 'php-phpmyadmin-motranslator' is not installed, so not removed
2025-09-20T21:25:10.1088985Z Package 'php-phpseclib' is not installed, so not removed
2025-09-20T21:25:10.1089288Z Package 'php-twig' is not installed, so not removed
2025-09-20T21:25:10.1089607Z Package 'php-mapscript-ng' is not installed, so not removed
2025-09-20T21:25:10.1089971Z Package 'php-composer-ca-bundle' is not installed, so not removed
2025-09-20T21:25:10.1090402Z Package 'php-composer-class-map-generator' is not installed, so not removed
2025-09-20T21:25:10.1090871Z Package 'php-composer-metadata-minifier' is not installed, so not removed
2025-09-20T21:25:10.1091286Z Package 'php-composer-semver' is not installed, so not removed
2025-09-20T21:25:10.1091685Z Package 'php-composer-spdx-licenses' is not installed, so not removed
2025-09-20T21:25:10.1092107Z Package 'php-composer-xdebug-handler' is not installed, so not removed
2025-09-20T21:25:10.1092496Z Package 'php-json-schema' is not installed, so not removed
2025-09-20T21:25:10.1092825Z Package 'php-psr-log' is not installed, so not removed
2025-09-20T21:25:10.1093164Z Package 'php-symfony-console' is not installed, so not removed
2025-09-20T21:25:10.1093541Z Package 'php-symfony-filesystem' is not installed, so not removed
2025-09-20T21:25:10.1093917Z Package 'php-symfony-finder' is not installed, so not removed
2025-09-20T21:25:10.1094281Z Package 'php-symfony-process' is not installed, so not removed
2025-09-20T21:25:10.1094635Z Package 'php-react-promise' is not installed, so not removed
2025-09-20T21:25:10.1094990Z Package 'php-composer-pcre' is not installed, so not removed
2025-09-20T21:25:10.1095364Z Package 'php-seld-signal-handler' is not installed, so not removed
2025-09-20T21:25:10.1095713Z Package 'php-intl' is not installed, so not removed
2025-09-20T21:25:10.1096003Z Package 'php-zip' is not installed, so not removed
2025-09-20T21:25:10.1096312Z Package 'libawl-php' is not installed, so not removed
2025-09-20T21:25:10.1096644Z Package 'libphp-simplepie' is not installed, so not removed
2025-09-20T21:25:10.1096966Z Package 'php-geshi' is not installed, so not removed
2025-09-20T21:25:10.1097492Z Package 'php-random-compat' is not installed, so not removed
2025-09-20T21:25:10.1097828Z Package 'elpa-php-mode' is not installed, so not removed
2025-09-20T21:25:10.1098139Z Package 'phpunit' is not installed, so not removed
2025-09-20T21:25:10.1098428Z Package 'php-geos' is not installed, so not removed
2025-09-20T21:25:10.1098816Z Package 'golang-github-phpdave11-gofpdi-dev' is not installed, so not removed
2025-09-20T21:25:10.1099335Z Package 'php-imap' is not installed, so not removed
2025-09-20T21:25:10.1099619Z Package 'php-fpdf' is not installed, so not removed
2025-09-20T21:25:10.1099944Z Package 'icinga-php-library' is not installed, so not removed
2025-09-20T21:25:10.1100312Z Package 'icinga-php-thirdparty' is not installed, so not removed
2025-09-20T21:25:10.1100651Z Package 'php-soap' is not installed, so not removed
2025-09-20T21:25:10.1100943Z Package 'php-icinga' is not installed, so not removed
2025-09-20T21:25:10.1101246Z Package 'php-tcpdf' is not installed, so not removed
2025-09-20T21:25:10.1101561Z Package 'kdevelop-php' is not installed, so not removed
2025-09-20T21:25:10.1101893Z Package 'kdevelop-php-l10n' is not installed, so not removed
2025-09-20T21:25:10.1102224Z Package 'php-mcrypt' is not installed, so not removed
2025-09-20T21:25:10.1102515Z Package 'less.php' is not installed, so not removed
2025-09-20T21:25:10.1102870Z Package 'libphp-serialization-perl' is not installed, so not removed
2025-09-20T21:25:10.1103326Z Package 'libhtml-wikiconverter-phpwiki-perl' is not installed, so not removed
2025-09-20T21:25:10.1103777Z Package 'libjs-php-date-formatter' is not installed, so not removed
2025-09-20T21:25:10.1104150Z Package 'libmarkdown-php' is not installed, so not removed
2025-09-20T21:25:10.1104607Z Package 'libnusoap-php' is not installed, so not removed
2025-09-20T21:25:10.1104954Z Package 'php-econea-nusoap' is not installed, so not removed
2025-09-20T21:25:10.1105288Z Package 'libow-php7t64' is not installed, so not removed
2025-09-20T21:25:10.1105608Z Package 'libownet-php' is not installed, so not removed
2025-09-20T21:25:10.1105923Z Package 'libphp-adodb' is not installed, so not removed
2025-09-20T21:25:10.1106233Z Package 'php-sybase' is not installed, so not removed
2025-09-20T21:25:10.1106535Z Package 'libphp-embed' is not installed, so not removed
2025-09-20T21:25:10.1106859Z Package 'libphp8.3-embed' is not installed, so not removed
2025-09-20T21:25:10.1107293Z Package 'libphp-jabber' is not installed, so not removed
2025-09-20T21:25:10.1107628Z Package 'libphp-snoopy' is not installed, so not removed
2025-09-20T21:25:10.1107946Z Package 'libphpy-dev' is not installed, so not removed
2025-09-20T21:25:10.1108244Z Package 'libphpy1' is not installed, so not removed
2025-09-20T21:25:10.1108569Z Package 'libxrdcephposix0' is not installed, so not removed
2025-09-20T21:25:10.1108882Z Package 'php-spyc' is not installed, so not removed
2025-09-20T21:25:10.1109206Z Package 'matomo-php-tracker' is not installed, so not removed
2025-09-20T21:25:10.1109547Z Package 'php-wikidiff2' is not installed, so not removed
2025-09-20T21:25:10.1109876Z Package 'php-luasandbox' is not installed, so not removed
2025-09-20T21:25:10.1110208Z Package 'mlmmj-php-web' is not installed, so not removed
2025-09-20T21:25:10.1110549Z Package 'mlmmj-php-web-admin' is not installed, so not removed
2025-09-20T21:25:10.1110902Z Package 'php-net-socket' is not installed, so not removed
2025-09-20T21:25:10.1111263Z Package 'node-codemirror-lang-php' is not installed, so not removed
2025-09-20T21:25:10.1111635Z Package 'node-lezer-php' is not installed, so not removed
2025-09-20T21:25:10.1111949Z Package 'phpmyadmin' is not installed, so not removed
2025-09-20T21:25:10.1112249Z Package 'php-cas' is not installed, so not removed
2025-09-20T21:25:10.1112553Z Package 'php-pclzip' is not installed, so not removed
2025-09-20T21:25:10.1112854Z Package 'phpqrcode' is not installed, so not removed
2025-09-20T21:25:10.1113186Z Package 'php-symfony-config' is not installed, so not removed
2025-09-20T21:25:10.1113596Z Package 'php-symfony-dependency-injection' is not installed, so not removed
2025-09-20T21:25:10.1113978Z Package 'phpmd' is not installed, so not removed
2025-09-20T21:25:10.1114313Z Package 'php-algo26-idna-convert' is not installed, so not removed
2025-09-20T21:25:10.1114736Z Package 'php-jakeasmith-http-build-url' is not installed, so not removed
2025-09-20T21:25:10.1115122Z Package 'php-amphp-amp' is not installed, so not removed
2025-09-20T21:25:10.1115579Z Package 'php-amqp-all-dev' is not installed, so not removed
2025-09-20T21:25:10.1115911Z Package 'php-amqplib' is not installed, so not removed
2025-09-20T21:25:10.1116231Z Package 'php-apcu-all-dev' is not installed, so not removed
2025-09-20T21:25:10.1116636Z Package 'php-arthurhoaro-web-thumbnailer' is not installed, so not removed
2025-09-20T21:25:10.1117041Z Package 'php-text-template' is not installed, so not removed
2025-09-20T21:25:10.1117464Z Package 'php8.3-ast' is not installed, so not removed
2025-09-20T21:25:10.1117783Z Package 'php-ast-all-dev' is not installed, so not removed
2025-09-20T21:25:10.1118135Z Package 'php-async-aws-core' is not installed, so not removed
2025-09-20T21:25:10.1118478Z Package 'php-psr-cache' is not installed, so not removed
2025-09-20T21:25:10.1118877Z Package 'php-symfony-deprecation-contracts' is not installed, so not removed
2025-09-20T21:25:10.1119315Z Package 'php-symfony-http-client' is not installed, so not removed
2025-09-20T21:25:10.1119743Z Package 'php-symfony-http-client-contracts' is not installed, so not removed
2025-09-20T21:25:10.1120193Z Package 'php-symfony-service-contracts' is not installed, so not removed
2025-09-20T21:25:10.1120591Z Package 'php-async-aws-ses' is not installed, so not removed
2025-09-20T21:25:10.1121062Z Package 'php-async-aws-sns' is not installed, so not removed
2025-09-20T21:25:10.1121412Z Package 'php-async-aws-sqs' is not installed, so not removed
2025-09-20T21:25:10.1121743Z Package 'php-auth-sasl' is not installed, so not removed
2025-09-20T21:25:10.1122076Z Package 'php-bacon-qr-code' is not installed, so not removed
2025-09-20T21:25:10.1122416Z Package 'php-dasprid-enum' is not installed, so not removed
2025-09-20T21:25:10.1122743Z Package 'php-bcmath' is not installed, so not removed
2025-09-20T21:25:10.1123055Z Package 'php-brick-math' is not installed, so not removed
2025-09-20T21:25:10.1123412Z Package 'php-brick-varexporter' is not installed, so not removed
2025-09-20T21:25:10.1123757Z Package 'php-parser' is not installed, so not removed
2025-09-20T21:25:10.1124057Z Package 'php-bz2' is not installed, so not removed
2025-09-20T21:25:10.1124413Z Package 'php-cache-integration-tests' is not installed, so not removed
2025-09-20T21:25:10.1124811Z Package 'php-cache-tag-interop' is not installed, so not removed
2025-09-20T21:25:10.1125215Z Package 'php-christianriesen-base32' is not installed, so not removed
2025-09-20T21:25:10.1125620Z Package 'php-christianriesen-otp' is not installed, so not removed
2025-09-20T21:25:10.1126027Z Package 'php-code-lts-u2f-php-server' is not installed, so not removed
2025-09-20T21:25:10.1126411Z Package 'php-codecoverage' is not installed, so not removed
2025-09-20T21:25:10.1126754Z Package 'php-file-iterator' is not installed, so not removed
2025-09-20T21:25:10.1127316Z Package 'phpunit-code-unit-reverse-lookup' is not installed, so not removed
2025-09-20T21:25:10.1127785Z Package 'phpunit-complexity' is not installed, so not removed
2025-09-20T21:25:10.1128149Z Package 'phpunit-environment' is not installed, so not removed
2025-09-20T21:25:10.1128520Z Package 'phpunit-lines-of-code' is not installed, so not removed
2025-09-20T21:25:10.1128882Z Package 'phpunit-version' is not installed, so not removed
2025-09-20T21:25:10.1129260Z Package 'php-codeigniter-framework' is not installed, so not removed
2025-09-20T21:25:10.1129679Z Package 'php-codeigniter-framework-doc' is not installed, so not removed
2025-09-20T21:25:10.1130099Z Package 'php-console-commandline' is not installed, so not removed
2025-09-20T21:25:10.1130465Z Package 'php-console-table' is not installed, so not removed
2025-09-20T21:25:10.1130814Z Package 'php-constant-time' is not installed, so not removed
2025-09-20T21:25:10.1131159Z Package 'php-dapphp-radius' is not installed, so not removed
2025-09-20T21:25:10.1131483Z Package 'php-date' is not installed, so not removed
2025-09-20T21:25:10.1131809Z Package 'php-datto-json-rpc' is not installed, so not removed
2025-09-20T21:25:10.1132177Z Package 'php-datto-json-rpc-http' is not installed, so not removed
2025-09-20T21:25:10.1132654Z Package 'php-db' is not installed, so not removed
2025-09-20T21:25:10.1132958Z Package 'php-deepcopy' is not installed, so not removed
2025-09-20T21:25:10.1133332Z Package 'php-dflydev-dot-access-data' is not installed, so not removed
2025-09-20T21:25:10.1133687Z Package 'php-di' is not installed, so not removed
2025-09-20T21:25:10.1134006Z Package 'php-psr-container' is not installed, so not removed
2025-09-20T21:25:10.1134344Z Package 'php-di-invoker' is not installed, so not removed
2025-09-20T21:25:10.1134738Z Package 'php-laravel-serializable-closure' is not installed, so not removed
2025-09-20T21:25:10.1135165Z Package 'php-directory-scanner' is not installed, so not removed
2025-09-20T21:25:10.1135495Z Package 'php-doc' is not installed, so not removed
2025-09-20T21:25:10.1135838Z Package 'php-doctrine-annotations' is not installed, so not removed
2025-09-20T21:25:10.1136215Z Package 'php-doctrine-lexer' is not installed, so not removed
2025-09-20T21:25:10.1136582Z Package 'php-doctrine-cache' is not installed, so not removed
2025-09-20T21:25:10.1136955Z Package 'php-doctrine-collections' is not installed, so not removed
2025-09-20T21:25:10.1137555Z Package 'php-doctrine-deprecations' is not installed, so not removed
2025-09-20T21:25:10.1138085Z Package 'php-doctrine-common' is not installed, so not removed
2025-09-20T21:25:10.1138469Z Package 'php-doctrine-persistence' is not installed, so not removed
2025-09-20T21:25:10.1138877Z Package 'php-doctrine-data-fixtures' is not installed, so not removed
2025-09-20T21:25:10.1139260Z Package 'php-doctrine-dbal' is not installed, so not removed
2025-09-20T21:25:10.1139608Z Package 'php-doctrine-orm' is not installed, so not removed
2025-09-20T21:25:10.1139983Z Package 'php-doctrine-event-manager' is not installed, so not removed
2025-09-20T21:25:10.1140385Z Package 'php-doctrine-inflector' is not installed, so not removed
2025-09-20T21:25:10.1140781Z Package 'php-doctrine-instantiator' is not installed, so not removed
2025-09-20T21:25:10.1141160Z Package 'php-symfony-cache' is not installed, so not removed
2025-09-20T21:25:10.1141507Z Package 'php-symfony-yaml' is not installed, so not removed
2025-09-20T21:25:10.1141915Z Package 'php-dragonmantank-cron-expression' is not installed, so not removed
2025-09-20T21:25:10.1142350Z Package 'php-webmozart-assert' is not installed, so not removed
2025-09-20T21:25:10.1142686Z Package 'php8.3-ds' is not installed, so not removed
2025-09-20T21:25:10.1143007Z Package 'php-ds-all-dev' is not installed, so not removed
2025-09-20T21:25:10.1143333Z Package 'php-easyrdf' is not installed, so not removed
2025-09-20T21:25:10.1143648Z Package 'php-ml-json-ld' is not installed, so not removed
2025-09-20T21:25:10.1143982Z Package 'php-eluceo-ical' is not installed, so not removed
2025-09-20T21:25:10.1144331Z Package 'php-email-validator' is not installed, so not removed
2025-09-20T21:25:10.1144663Z Package 'php-embed' is not installed, so not removed
2025-09-20T21:25:10.1145024Z Package 'php-oscarotero-html-parser' is not installed, so not removed
2025-09-20T21:25:10.1145425Z Package 'php-psr-http-message' is not installed, so not removed
2025-09-20T21:25:10.1145794Z Package 'php-psr-http-client' is not installed, so not removed
2025-09-20T21:25:10.1146163Z Package 'php-psr-http-factory' is not installed, so not removed
2025-09-20T21:25:10.1146547Z Package 'php-symfony-css-selector' is not installed, so not removed
2025-09-20T21:25:10.1146898Z Package 'php-enchant' is not installed, so not removed
2025-09-20T21:25:10.1147310Z Package 'php-excimer' is not installed, so not removed
2025-09-20T21:25:10.1147634Z Package 'php8.3-facedetect' is not installed, so not removed
2025-09-20T21:25:10.1148000Z Package 'php-facedetect-all-dev' is not installed, so not removed
2025-09-20T21:25:10.1148346Z Package 'php-faker' is not installed, so not removed
2025-09-20T21:25:10.1148669Z Package 'php-fdomdocument' is not installed, so not removed
2025-09-20T21:25:10.1149041Z Package 'php-fig-http-message-util' is not installed, so not removed
2025-09-20T21:25:10.1149533Z Package 'php-fig-link-util' is not installed, so not removed
2025-09-20T21:25:10.1168332Z Package 'php-psr-link' is not installed, so not removed
2025-09-20T21:25:10.1168903Z Package 'php-font-lib' is not installed, so not removed
2025-09-20T21:25:10.1169491Z Package 'php-fruitcake-php-cors' is not installed, so not removed
2025-09-20T21:25:10.1170020Z Package 'php-symfony-http-foundation' is not installed, so not removed
2025-09-20T21:25:10.1170404Z Package 'php-fxsl' is not installed, so not removed
2025-09-20T21:25:10.1170729Z Package 'php8.3-gearman' is not installed, so not removed
2025-09-20T21:25:10.1171082Z Package 'php-gearman-all-dev' is not installed, so not removed
2025-09-20T21:25:10.1171448Z Package 'php-getallheaders' is not installed, so not removed
2025-09-20T21:25:10.1171773Z Package 'php-getid3' is not installed, so not removed
2025-09-20T21:25:10.1172133Z Package 'php-gettext-languages' is not installed, so not removed
2025-09-20T21:25:10.1172528Z Package 'php-oscarotero-gettext' is not installed, so not removed
2025-09-20T21:25:10.1172940Z Package 'php-giggsey-libphonenumber' is not installed, so not removed
2025-09-20T21:25:10.1173339Z Package 'php-giggsey-locale' is not installed, so not removed
2025-09-20T21:25:10.1173873Z Package 'php8.3-gmagick' is not installed, so not removed
2025-09-20T21:25:10.1174234Z Package 'php-gmagick-all-dev' is not installed, so not removed
2025-09-20T21:25:10.1174579Z Package 'php8.3-gnupg' is not installed, so not removed
2025-09-20T21:25:10.1174919Z Package 'php-gnupg-all-dev' is not installed, so not removed
2025-09-20T21:25:10.1175269Z Package 'php-google-protobuf' is not installed, so not removed
2025-09-20T21:25:10.1175636Z Package 'php-google-recaptcha' is not installed, so not removed
2025-09-20T21:25:10.1176046Z Package 'php-graham-campbell-result-type' is not installed, so not removed
2025-09-20T21:25:10.1176454Z Package 'php-phpoption' is not installed, so not removed
2025-09-20T21:25:10.1176805Z Package 'php-gregwar-captcha' is not installed, so not removed
2025-09-20T21:25:10.1177294Z Package 'php-guestfs' is not installed, so not removed
2025-09-20T21:25:10.1177705Z Package 'php-guzzlehttp-guzzle' is not installed, so not removed
2025-09-20T21:25:10.1178102Z Package 'php-guzzlehttp-promises' is not installed, so not removed
2025-09-20T21:25:10.1178482Z Package 'php-guzzlehttp-psr7' is not installed, so not removed
2025-09-20T21:25:10.1178822Z Package 'php-hamcrest' is not installed, so not removed
2025-09-20T21:25:10.1179136Z Package 'php-htmlawed' is not installed, so not removed
2025-09-20T21:25:10.1179463Z Package 'php-htmlpurifier' is not installed, so not removed
2025-09-20T21:25:10.1179782Z Package 'php-http' is not installed, so not removed
2025-09-20T21:25:10.1180086Z Package 'php8.3-http' is not installed, so not removed
2025-09-20T21:25:10.1180411Z Package 'php-http-all-dev' is not installed, so not removed
2025-09-20T21:25:10.1180774Z Package 'php-http-httplug' is not installed, so not removed
2025-09-20T21:25:10.1181111Z Package 'php-http-promise' is not installed, so not removed
2025-09-20T21:25:10.1181528Z Package 'php-http-interop-http-factory-tests' is not installed, so not removed
2025-09-20T21:25:10.1181982Z Package 'php-http-message-factory' is not installed, so not removed
2025-09-20T21:25:10.1182408Z Package 'php-http-psr7-integration-tests' is not installed, so not removed
2025-09-20T21:25:10.1182834Z Package 'php-http-webdav-server' is not installed, so not removed
2025-09-20T21:25:10.1183184Z Package 'php-httpful' is not installed, so not removed
2025-09-20T21:25:10.1183528Z Package 'php-igbinary-all-dev' is not installed, so not removed
2025-09-20T21:25:10.1183878Z Package 'php-image-text' is not installed, so not removed
2025-09-20T21:25:10.1184227Z Package 'php-imagick-all-dev' is not installed, so not removed
2025-09-20T21:25:10.1184577Z Package 'php-interbase' is not installed, so not removed
2025-09-20T21:25:10.1184888Z Package 'php-invoker' is not installed, so not removed
2025-09-20T21:25:10.1185323Z Package 'php-jshrink' is not installed, so not removed
2025-09-20T21:25:10.1185660Z Package 'php-kissifrot-php-ixr' is not installed, so not removed
2025-09-20T21:25:10.1186004Z Package 'php-klogger' is not installed, so not removed
2025-09-20T21:25:10.1186336Z Package 'php-lcobucci-clock' is not installed, so not removed
2025-09-20T21:25:10.1186680Z Package 'php-psr-clock' is not installed, so not removed
2025-09-20T21:25:10.1187013Z Package 'php-lcobucci-jwt' is not installed, so not removed
2025-09-20T21:25:10.1187475Z Package 'php-league-commonmark' is not installed, so not removed
2025-09-20T21:25:10.1187846Z Package 'php-league-config' is not installed, so not removed
2025-09-20T21:25:10.1188217Z Package 'php-psr-event-dispatcher' is not installed, so not removed
2025-09-20T21:25:10.1188588Z Package 'php-nette-schema' is not installed, so not removed
2025-09-20T21:25:10.1188920Z Package 'php-league-csv' is not installed, so not removed
2025-09-20T21:25:10.1189277Z Package 'php-league-flysystem' is not installed, so not removed
2025-09-20T21:25:10.1189678Z Package 'php-league-mime-type-detection' is not installed, so not removed
2025-09-20T21:25:10.1190115Z Package 'php-league-html-to-markdown' is not installed, so not removed
2025-09-20T21:25:10.1190609Z Package 'php-league-uri' is not installed, so not removed
2025-09-20T21:25:10.1190976Z Package 'php-league-uri-interfaces' is not installed, so not removed
2025-09-20T21:25:10.1191379Z Package 'php-league-uri-components' is not installed, so not removed
2025-09-20T21:25:10.1191745Z Package 'php-letodms-core' is not installed, so not removed
2025-09-20T21:25:10.1192114Z Package 'php-libvirt-php-all-dev' is not installed, so not removed
2025-09-20T21:25:10.1192455Z Package 'php-log' is not installed, so not removed
2025-09-20T21:25:10.1192754Z Package 'php-mdb2' is not installed, so not removed
2025-09-20T21:25:10.1193045Z Package 'php-mail' is not installed, so not removed
2025-09-20T21:25:10.1193367Z Package 'php-lorenzo-pinky' is not installed, so not removed
2025-09-20T21:25:10.1193705Z Package 'php-net-smtp' is not installed, so not removed
2025-09-20T21:25:10.1194022Z Package 'php-mail-mime' is not installed, so not removed
2025-09-20T21:25:10.1194359Z Package 'php8.3-mailparse' is not installed, so not removed
2025-09-20T21:25:10.1194706Z Package 'php-mailparse-all-dev' is not installed, so not removed
2025-09-20T21:25:10.1195072Z Package 'php-malkusch-lock' is not installed, so not removed
2025-09-20T21:25:10.1195405Z Package 'php-predis' is not installed, so not removed
2025-09-20T21:25:10.1195738Z Package 'php-mariadb-mysql-kbs' is not installed, so not removed
2025-09-20T21:25:10.1196106Z Package 'php-masterminds-html5' is not installed, so not removed
2025-09-20T21:25:10.1196487Z Package 'php-matthiasmullie-minify' is not installed, so not removed
2025-09-20T21:25:10.1196934Z Package 'php-matthiasmullie-path-converter' is not installed, so not removed
2025-09-20T21:25:10.1197492Z Package 'php-maxmind-web-service-common' is not installed, so not removed
2025-09-20T21:25:10.1197892Z Package 'php-maxminddb' is not installed, so not removed
2025-09-20T21:25:10.1198218Z Package 'php8.3-maxminddb' is not installed, so not removed
2025-09-20T21:25:10.1198566Z Package 'php-maxminddb-all-dev' is not installed, so not removed
2025-09-20T21:25:10.1198915Z Package 'php8.3-mcrypt' is not installed, so not removed
2025-09-20T21:25:10.1199248Z Package 'php-mcrypt-all-dev' is not installed, so not removed
2025-09-20T21:25:10.1199613Z Package 'php-mdb2-driver-mysql' is not installed, so not removed
2025-09-20T21:25:10.1199971Z Package 'php-mdb2-driver-pgsql' is not installed, so not removed
2025-09-20T21:25:10.1200337Z Package 'php-memcache-all-dev' is not installed, so not removed
2025-09-20T21:25:10.1200705Z Package 'php-memcached-all-dev' is not installed, so not removed
2025-09-20T21:25:10.1201065Z Package 'php-msgpack-all-dev' is not installed, so not removed
2025-09-20T21:25:10.1201394Z Package 'php-mf2' is not installed, so not removed
2025-09-20T21:25:10.1201843Z Package 'php-mikey179-vfsstream' is not installed, so not removed
2025-09-20T21:25:10.1202200Z Package 'php-ml-iri' is not installed, so not removed
2025-09-20T21:25:10.1202503Z Package 'php-mock' is not installed, so not removed
2025-09-20T21:25:10.1202820Z Package 'php-mock-phpunit' is not installed, so not removed
2025-09-20T21:25:10.1203172Z Package 'php-mock-integration' is not installed, so not removed
2025-09-20T21:25:10.1203511Z Package 'php-mockery' is not installed, so not removed
2025-09-20T21:25:10.1203840Z Package 'php-mockery-doc' is not installed, so not removed
2025-09-20T21:25:10.1204186Z Package 'php-mongodb-all-dev' is not installed, so not removed
2025-09-20T21:25:10.1204525Z Package 'php-monolog' is not installed, so not removed
2025-09-20T21:25:10.1204832Z Package 'php-net-dime' is not installed, so not removed
2025-09-20T21:25:10.1205147Z Package 'php-net-dns2' is not installed, so not removed
2025-09-20T21:25:10.1205462Z Package 'php-net-ftp' is not installed, so not removed
2025-09-20T21:25:10.1205764Z Package 'php-net-imap' is not installed, so not removed
2025-09-20T21:25:10.1206072Z Package 'php-net-ipv6' is not installed, so not removed
2025-09-20T21:25:10.1206382Z Package 'php-net-ldap2' is not installed, so not removed
2025-09-20T21:25:10.1206818Z Package 'php-net-ldap3' is not installed, so not removed
2025-09-20T21:25:10.1207131Z Package 'php-net-nntp' is not installed, so not removed
2025-09-20T21:25:10.1207683Z Package 'php-net-publicsuffix' is not installed, so not removed
2025-09-20T21:25:10.1208033Z Package 'php-net-sieve' is not installed, so not removed
2025-09-20T21:25:10.1208342Z Package 'php-net-url' is not installed, so not removed
2025-09-20T21:25:10.1208651Z Package 'php-net-url2' is not installed, so not removed
2025-09-20T21:25:10.1208960Z Package 'php-net-whois' is not installed, so not removed
2025-09-20T21:25:10.1209344Z Package 'php-netscape-bookmark-parser' is not installed, so not removed
2025-09-20T21:25:10.1209740Z Package 'php-nette-utils' is not installed, so not removed
2025-09-20T21:25:10.1210090Z Package 'php-nikic-fast-route' is not installed, so not removed
2025-09-20T21:25:10.1210432Z Package 'php-nyholm-psr7' is not installed, so not removed
2025-09-20T21:25:10.1210759Z Package 'php8.3-oauth' is not installed, so not removed
2025-09-20T21:25:10.1211094Z Package 'php-oauth-all-dev' is not installed, so not removed
2025-09-20T21:25:10.1211437Z Package 'php-opis-closure' is not installed, so not removed
2025-09-20T21:25:10.1211773Z Package 'php-parsedown' is not installed, so not removed
2025-09-20T21:25:10.1212109Z Package 'php-parsedown-extra' is not installed, so not removed
2025-09-20T21:25:10.1212462Z Package 'php-pcov-all-dev' is not installed, so not removed
2025-09-20T21:25:10.1212826Z Package 'php-pda-pheanstalk' is not installed, so not removed
2025-09-20T21:25:10.1213197Z Package 'php-phar-io-manifest' is not installed, so not removed
2025-09-20T21:25:10.1213560Z Package 'php-phar-io-version' is not installed, so not removed
2025-09-20T21:25:10.1213910Z Package 'php-php-gettext' is not installed, so not removed
2025-09-20T21:25:10.1214238Z Package 'php-phpdbg' is not installed, so not removed
2025-09-20T21:25:10.1214636Z Package 'php-phpdocumentor-reflection-common' is not installed, so not removed
2025-09-20T21:25:10.1215148Z Package 'php-phpdocumentor-reflection-docblock' is not installed, so not removed
2025-09-20T21:25:10.1215631Z Package 'php-phpdocumentor-type-resolver' is not installed, so not removed
2025-09-20T21:25:10.1216074Z Package 'php-phpstan-phpdoc-parser' is not installed, so not removed
2025-09-20T21:25:10.1216505Z Package 'php-symfony-expression-language' is not installed, so not removed
2025-09-20T21:25:10.1216930Z Package 'php-phpmyadmin-shapefile' is not installed, so not removed
2025-09-20T21:25:10.1217529Z Package 'php-phpmyadmin-sql-parser' is not installed, so not removed
2025-09-20T21:25:10.1217942Z Package 'php-symfony-polyfill-php80' is not installed, so not removed
2025-09-20T21:25:10.1218438Z Package 'php-seclib' is not installed, so not removed
2025-09-20T21:25:10.1218753Z Package 'php-phpseclib3' is not installed, so not removed
2025-09-20T21:25:10.1219105Z Package 'php-phpspec-prophecy' is not installed, so not removed
2025-09-20T21:25:10.1219476Z Package 'phpunit-comparator' is not installed, so not removed
2025-09-20T21:25:10.1219852Z Package 'phpunit-recursion-context' is not installed, so not removed
2025-09-20T21:25:10.1220275Z Package 'php-phpspec-prophecy-phpunit' is not installed, so not removed
2025-09-20T21:25:10.1220645Z Package 'php-pinba' is not installed, so not removed
2025-09-20T21:25:10.1220956Z Package 'php8.3-pinba' is not installed, so not removed
2025-09-20T21:25:10.1221286Z Package 'php-pinba-all-dev' is not installed, so not removed
2025-09-20T21:25:10.1221636Z Package 'php-proxy-manager' is not installed, so not removed
2025-09-20T21:25:10.1221957Z Package 'php8.3-ps' is not installed, so not removed
2025-09-20T21:25:10.1222269Z Package 'php-ps-all-dev' is not installed, so not removed
2025-09-20T21:25:10.1222587Z Package 'php8.3-psr' is not installed, so not removed
2025-09-20T21:25:10.1222902Z Package 'php-psr-all-dev' is not installed, so not removed
2025-09-20T21:25:10.1223253Z Package 'php-psr-simple-cache' is not installed, so not removed
2025-09-20T21:25:10.1223756Z Package 'php-pubsubhubbub-publisher' is not installed, so not removed
2025-09-20T21:25:10.1224162Z Package 'php-ramsey-collection' is not installed, so not removed
2025-09-20T21:25:10.1224514Z Package 'php-ramsey-uuid' is not installed, so not removed
2025-09-20T21:25:10.1224841Z Package 'php8.3-raphf' is not installed, so not removed
2025-09-20T21:25:10.1225175Z Package 'php-raphf-all-dev' is not installed, so not removed
2025-09-20T21:25:10.1225515Z Package 'php-redis-all-dev' is not installed, so not removed
2025-09-20T21:25:10.1225854Z Package 'php-remctl' is not installed, so not removed
2025-09-20T21:25:10.1226223Z Package 'php-roundcube-rtf-html-php' is not installed, so not removed
2025-09-20T21:25:10.1226599Z Package 'php8.3-rrd' is not installed, so not removed
2025-09-20T21:25:10.1226923Z Package 'php-rrd-all-dev' is not installed, so not removed
2025-09-20T21:25:10.1227369Z Package 'php-sabre-dav' is not installed, so not removed
2025-09-20T21:25:10.1227718Z Package 'php-sabre-vobject' is not installed, so not removed
2025-09-20T21:25:10.1228049Z Package 'php-sass' is not installed, so not removed
2025-09-20T21:25:10.1228357Z Package 'php8.3-sass' is not installed, so not removed
2025-09-20T21:25:10.1228680Z Package 'php-sass-all-dev' is not installed, so not removed
2025-09-20T21:25:10.1229023Z Package 'php-shellcommand' is not installed, so not removed
2025-09-20T21:25:10.1229350Z Package 'php-slim-psr7' is not installed, so not removed
2025-09-20T21:25:10.1229678Z Package 'php8.3-smbclient' is not installed, so not removed
2025-09-20T21:25:10.1230032Z Package 'php-smbclient-all-dev' is not installed, so not removed
2025-09-20T21:25:10.1230368Z Package 'php-solr' is not installed, so not removed
2025-09-20T21:25:10.1230677Z Package 'php8.3-solr' is not installed, so not removed
2025-09-20T21:25:10.1230995Z Package 'php-solr-all-dev' is not installed, so not removed
2025-09-20T21:25:10.1231326Z Package 'php-sparkline' is not installed, so not removed
2025-09-20T21:25:10.1231660Z Package 'php-sql-formatter' is not installed, so not removed
2025-09-20T21:25:10.1231987Z Package 'php8.3-ssh2' is not installed, so not removed
2025-09-20T21:25:10.1232301Z Package 'php-ssh2-all-dev' is not installed, so not removed
2025-09-20T21:25:10.1232634Z Package 'php8.3-stomp' is not installed, so not removed
2025-09-20T21:25:10.1232970Z Package 'php-stomp-all-dev' is not installed, so not removed
2025-09-20T21:25:10.1233312Z Package 'php-swiftmailer' is not installed, so not removed
2025-09-20T21:25:10.1233634Z Package 'php-symfony' is not installed, so not removed
2025-09-20T21:25:10.1233956Z Package 'php-symfony-asset' is not installed, so not removed
2025-09-20T21:25:10.1234453Z Package 'php-symfony-asset-mapper' is not installed, so not removed
2025-09-20T21:25:10.1234851Z Package 'php-symfony-browser-kit' is not installed, so not removed
2025-09-20T21:25:10.1235223Z Package 'php-symfony-clock' is not installed, so not removed
2025-09-20T21:25:10.1235594Z Package 'php-symfony-debug-bundle' is not installed, so not removed
2025-09-20T21:25:10.1236002Z Package 'php-symfony-doctrine-bridge' is not installed, so not removed
2025-09-20T21:25:10.1236420Z Package 'php-symfony-dom-crawler' is not installed, so not removed
2025-09-20T21:25:10.1236794Z Package 'php-symfony-dotenv' is not installed, so not removed
2025-09-20T21:25:10.1237275Z Package 'php-symfony-error-handler' is not installed, so not removed
2025-09-20T21:25:10.1237694Z Package 'php-symfony-event-dispatcher' is not installed, so not removed
2025-09-20T21:25:10.1238093Z Package 'php-symfony-form' is not installed, so not removed
2025-09-20T21:25:10.1238476Z Package 'php-symfony-framework-bundle' is not installed, so not removed
2025-09-20T21:25:10.1238891Z Package 'php-symfony-http-kernel' is not installed, so not removed
2025-09-20T21:25:10.1239257Z Package 'php-symfony-intl' is not installed, so not removed
2025-09-20T21:25:10.1239590Z Package 'php-symfony-ldap' is not installed, so not removed
2025-09-20T21:25:10.1240047Z Package 'php-symfony-lock' is not installed, so not removed
2025-09-20T21:25:10.1240392Z Package 'php-symfony-mailer' is not installed, so not removed
2025-09-20T21:25:10.1240759Z Package 'php-symfony-messenger' is not installed, so not removed
2025-09-20T21:25:10.1241115Z Package 'php-symfony-mime' is not installed, so not removed
2025-09-20T21:25:10.1241489Z Package 'php-symfony-monolog-bridge' is not installed, so not removed
2025-09-20T21:25:10.1241883Z Package 'php-symfony-notifier' is not installed, so not removed
2025-09-20T21:25:10.1242275Z Package 'php-symfony-options-resolver' is not installed, so not removed
2025-09-20T21:25:10.1242712Z Package 'php-symfony-password-hasher' is not installed, so not removed
2025-09-20T21:25:10.1243134Z Package 'php-symfony-property-access' is not installed, so not removed
2025-09-20T21:25:10.1243548Z Package 'php-symfony-property-info' is not installed, so not removed
2025-09-20T21:25:10.1243989Z Package 'php-symfony-proxy-manager-bridge' is not installed, so not removed
2025-09-20T21:25:10.1244424Z Package 'php-symfony-rate-limiter' is not installed, so not removed
2025-09-20T21:25:10.1244814Z Package 'php-symfony-remote-event' is not installed, so not removed
2025-09-20T21:25:10.1245190Z Package 'php-symfony-routing' is not installed, so not removed
2025-09-20T21:25:10.1245563Z Package 'php-symfony-scheduler' is not installed, so not removed
2025-09-20T21:25:10.1245953Z Package 'php-symfony-security-bundle' is not installed, so not removed
2025-09-20T21:25:10.1246366Z Package 'php-symfony-security-core' is not installed, so not removed
2025-09-20T21:25:10.1246768Z Package 'php-symfony-security-csrf' is not installed, so not removed
2025-09-20T21:25:10.1247322Z Package 'php-symfony-security-http' is not installed, so not removed
2025-09-20T21:25:10.1247752Z Package 'php-symfony-semaphore' is not installed, so not removed
2025-09-20T21:25:10.1248127Z Package 'php-symfony-serializer' is not installed, so not removed
2025-09-20T21:25:10.1248511Z Package 'php-symfony-stopwatch' is not installed, so not removed
2025-09-20T21:25:10.1248869Z Package 'php-symfony-string' is not installed, so not removed
2025-09-20T21:25:10.1249237Z Package 'php-symfony-templating' is not installed, so not removed
2025-09-20T21:25:10.1249621Z Package 'php-symfony-translation' is not installed, so not removed
2025-09-20T21:25:10.1250001Z Package 'php-symfony-twig-bridge' is not installed, so not removed
2025-09-20T21:25:10.1250380Z Package 'php-symfony-twig-bundle' is not installed, so not removed
2025-09-20T21:25:10.1250735Z Package 'php-symfony-uid' is not installed, so not removed
2025-09-20T21:25:10.1251083Z Package 'php-symfony-validator' is not installed, so not removed
2025-09-20T21:25:10.1251581Z Package 'php-symfony-var-dumper' is not installed, so not removed
2025-09-20T21:25:10.1251964Z Package 'php-symfony-var-exporter' is not installed, so not removed
2025-09-20T21:25:10.1252342Z Package 'php-symfony-web-link' is not installed, so not removed
2025-09-20T21:25:10.1252757Z Package 'php-symfony-web-profiler-bundle' is not installed, so not removed
2025-09-20T21:25:10.1253171Z Package 'php-symfony-webhook' is not installed, so not removed
2025-09-20T21:25:10.1253528Z Package 'php-symfony-workflow' is not installed, so not removed
2025-09-20T21:25:10.1253893Z Package 'php-symfony-contracts' is not installed, so not removed
2025-09-20T21:25:10.1254286Z Package 'php-symfony-polyfill-php83' is not installed, so not removed
2025-09-20T21:25:10.1254716Z Package 'php-symfony-all-my-sms-notifier' is not installed, so not removed
2025-09-20T21:25:10.1255142Z Package 'php-symfony-amazon-mailer' is not installed, so not removed
2025-09-20T21:25:10.1255562Z Package 'php-symfony-amazon-sns-notifier' is not installed, so not removed
2025-09-20T21:25:10.1256018Z Package 'php-symfony-amazon-sqs-messenger' is not installed, so not removed
2025-09-20T21:25:10.1256447Z Package 'php-symfony-amqp-messenger' is not installed, so not removed
2025-09-20T21:25:10.1256984Z Package 'php-symfony-bandwidth-notifier' is not installed, so not removed
2025-09-20T21:25:10.1257635Z Package 'php-symfony-beanstalkd-messenger' is not installed, so not removed
2025-09-20T21:25:10.1258075Z Package 'php-symfony-brevo-mailer' is not installed, so not removed
2025-09-20T21:25:10.1258495Z Package 'php-symfony-brevo-notifier' is not installed, so not removed
2025-09-20T21:25:10.1258908Z Package 'php-symfony-cache-contracts' is not installed, so not removed
2025-09-20T21:25:10.1259338Z Package 'php-symfony-chatwork-notifier' is not installed, so not removed
2025-09-20T21:25:10.1259807Z Package 'php-symfony-click-send-notifier' is not installed, so not removed
2025-09-20T21:25:10.1260256Z Package 'php-symfony-clickatell-notifier' is not installed, so not removed
2025-09-20T21:25:10.1260733Z Package 'php-symfony-contact-everyone-notifier' is not installed, so not removed
2025-09-20T21:25:10.1261238Z Package 'php-symfony-event-dispatcher-contracts' is not installed, so not removed
2025-09-20T21:25:10.1261740Z Package 'php-symfony-translation-contracts' is not installed, so not removed
2025-09-20T21:25:10.1262245Z Package 'php-symfony-crowdin-translation-provider' is not installed, so not removed
2025-09-20T21:25:10.1262730Z Package 'php-symfony-discord-notifier' is not installed, so not removed
2025-09-20T21:25:10.1263167Z Package 'php-symfony-doctrine-messenger' is not installed, so not removed
2025-09-20T21:25:10.1263622Z Package 'php-symfony-engagespot-notifier' is not installed, so not removed
2025-09-20T21:25:10.1264060Z Package 'php-symfony-esendex-notifier' is not installed, so not removed
2025-09-20T21:25:10.1264482Z Package 'php-symfony-expo-notifier' is not installed, so not removed
2025-09-20T21:25:10.1264904Z Package 'php-symfony-fake-chat-notifier' is not installed, so not removed
2025-09-20T21:25:10.1265339Z Package 'php-symfony-fake-sms-notifier' is not installed, so not removed
2025-09-20T21:25:10.1265768Z Package 'php-symfony-firebase-notifier' is not installed, so not removed
2025-09-20T21:25:10.1266225Z Package 'php-symfony-forty-six-elks-notifier' is not installed, so not removed
2025-09-20T21:25:10.1266702Z Package 'php-symfony-free-mobile-notifier' is not installed, so not removed
2025-09-20T21:25:10.1267242Z Package 'php-symfony-gateway-api-notifier' is not installed, so not removed
2025-09-20T21:25:10.1267687Z Package 'php-symfony-gitter-notifier' is not installed, so not removed
2025-09-20T21:25:10.1268118Z Package 'php-symfony-go-ip-notifier' is not installed, so not removed
2025-09-20T21:25:10.1268546Z Package 'php-symfony-google-chat-notifier' is not installed, so not removed
2025-09-20T21:25:10.1268981Z Package 'php-symfony-google-mailer' is not installed, so not removed
2025-09-20T21:25:10.1269393Z Package 'php-symfony-html-sanitizer' is not installed, so not removed
2025-09-20T21:25:10.1269980Z Package 'php-symfony-infobip-mailer' is not installed, so not removed
2025-09-20T21:25:10.1270404Z Package 'php-symfony-infobip-notifier' is not installed, so not removed
2025-09-20T21:25:10.1270823Z Package 'php-symfony-iqsms-notifier' is not installed, so not removed
2025-09-20T21:25:10.1271245Z Package 'php-symfony-isendpro-notifier' is not installed, so not removed
2025-09-20T21:25:10.1271692Z Package 'php-symfony-kaz-info-teh-notifier' is not installed, so not removed
2025-09-20T21:25:10.1272147Z Package 'php-symfony-light-sms-notifier' is not installed, so not removed
2025-09-20T21:25:10.1272595Z Package 'php-symfony-line-notify-notifier' is not installed, so not removed
2025-09-20T21:25:10.1273045Z Package 'php-symfony-linked-in-notifier' is not installed, so not removed
2025-09-20T21:25:10.1273519Z Package 'php-symfony-loco-translation-provider' is not installed, so not removed
2025-09-20T21:25:10.1274036Z Package 'php-symfony-lokalise-translation-provider' is not installed, so not removed
2025-09-20T21:25:10.1274531Z Package 'php-symfony-mail-pace-mailer' is not installed, so not removed
2025-09-20T21:25:10.1274959Z Package 'php-symfony-mailchimp-mailer' is not installed, so not removed
2025-09-20T21:25:10.1275507Z Package 'php-symfony-mailer-send-mailer' is not installed, so not removed
2025-09-20T21:25:10.1275938Z Package 'php-symfony-mailgun-mailer' is not installed, so not removed
2025-09-20T21:25:10.1276351Z Package 'php-symfony-mailjet-mailer' is not installed, so not removed
2025-09-20T21:25:10.1276765Z Package 'php-symfony-mailjet-notifier' is not installed, so not removed
2025-09-20T21:25:10.1277291Z Package 'php-symfony-mastodon-notifier' is not installed, so not removed
2025-09-20T21:25:10.1277739Z Package 'php-symfony-mattermost-notifier' is not installed, so not removed
2025-09-20T21:25:10.1278158Z Package 'php-symfony-mercure' is not installed, so not removed
2025-09-20T21:25:10.1278552Z Package 'php-symfony-mercure-bundle' is not installed, so not removed
2025-09-20T21:25:10.1278968Z Package 'php-symfony-mercure-notifier' is not installed, so not removed
2025-09-20T21:25:10.1279413Z Package 'php-symfony-message-bird-notifier' is not installed, so not removed
2025-09-20T21:25:10.1279891Z Package 'php-symfony-message-media-notifier' is not installed, so not removed
2025-09-20T21:25:10.1280378Z Package 'php-symfony-microsoft-teams-notifier' is not installed, so not removed
2025-09-20T21:25:10.1280833Z Package 'php-symfony-mobyt-notifier' is not installed, so not removed
2025-09-20T21:25:10.1281240Z Package 'php-symfony-novu-notifier' is not installed, so not removed
2025-09-20T21:25:10.1281638Z Package 'php-symfony-ntfy-notifier' is not installed, so not removed
2025-09-20T21:25:10.1282047Z Package 'php-symfony-octopush-notifier' is not installed, so not removed
2025-09-20T21:25:10.1282479Z Package 'php-symfony-oh-my-smtp-mailer' is not installed, so not removed
2025-09-20T21:25:10.1282919Z Package 'php-symfony-one-signal-notifier' is not installed, so not removed
2025-09-20T21:25:10.1283368Z Package 'php-symfony-orange-sms-notifier' is not installed, so not removed
2025-09-20T21:25:10.1283812Z Package 'php-symfony-ovh-cloud-notifier' is not installed, so not removed
2025-09-20T21:25:10.1284251Z Package 'php-symfony-pager-duty-notifier' is not installed, so not removed
2025-09-20T21:25:10.1284685Z Package 'php-symfony-phpunit-bridge' is not installed, so not removed
2025-09-20T21:25:10.1285156Z Package 'php-symfony-phrase-translation-provider' is not installed, so not removed
2025-09-20T21:25:10.1285622Z Package 'php-symfony-plivo-notifier' is not installed, so not removed
2025-09-20T21:25:10.1286017Z Package 'php-symfony-polyfill' is not installed, so not removed
2025-09-20T21:25:10.1286404Z Package 'php-symfony-polyfill-apcu' is not installed, so not removed
2025-09-20T21:25:10.1286811Z Package 'php-symfony-polyfill-ctype' is not installed, so not removed
2025-09-20T21:25:10.1287412Z Package 'php-symfony-polyfill-php72' is not installed, so not removed
2025-09-20T21:25:10.1287960Z Package 'php-symfony-polyfill-php73' is not installed, so not removed
2025-09-20T21:25:10.1288377Z Package 'php-symfony-polyfill-php74' is not installed, so not removed
2025-09-20T21:25:10.1288785Z Package 'php-symfony-polyfill-php81' is not installed, so not removed
2025-09-20T21:25:10.1289192Z Package 'php-symfony-polyfill-php82' is not installed, so not removed
2025-09-20T21:25:10.1289597Z Package 'php-symfony-polyfill-iconv' is not installed, so not removed
2025-09-20T21:25:10.1290040Z Package 'php-symfony-polyfill-intl-grapheme' is not installed, so not removed
2025-09-20T21:25:10.1290495Z Package 'php-symfony-polyfill-intl-icu' is not installed, so not removed
2025-09-20T21:25:10.1290987Z Package 'php-symfony-polyfill-intl-messageformatter' is not installed, so not removed
2025-09-20T21:25:10.1291478Z Package 'php-symfony-polyfill-intl-idn' is not installed, so not removed
2025-09-20T21:25:10.1291938Z Package 'php-symfony-polyfill-intl-normalizer' is not installed, so not removed
2025-09-20T21:25:10.1292408Z Package 'php-symfony-polyfill-mbstring' is not installed, so not removed
2025-09-20T21:25:10.1292826Z Package 'php-symfony-polyfill-util' is not installed, so not removed
2025-09-20T21:25:10.1293342Z Package 'php-symfony-polyfill-xml' is not installed, so not removed
2025-09-20T21:25:10.1293745Z Package 'php-symfony-polyfill-uuid' is not installed, so not removed
2025-09-20T21:25:10.1294158Z Package 'php-symfony-postmark-mailer' is not installed, so not removed
2025-09-20T21:25:10.1294614Z Package 'php-symfony-psr-http-message-bridge' is not installed, so not removed
2025-09-20T21:25:10.1295070Z Package 'php-symfony-pushover-notifier' is not installed, so not removed
2025-09-20T21:25:10.1295495Z Package 'php-symfony-redis-messenger' is not installed, so not removed
2025-09-20T21:25:10.1295913Z Package 'php-symfony-redlink-notifier' is not installed, so not removed
2025-09-20T21:25:10.1296358Z Package 'php-symfony-ring-central-notifier' is not installed, so not removed
2025-09-20T21:25:10.1296820Z Package 'php-symfony-rocket-chat-notifier' is not installed, so not removed
2025-09-20T21:25:10.1297430Z Package 'php-symfony-runtime' is not installed, so not removed
2025-09-20T21:25:10.1297832Z Package 'php-symfony-scaleway-mailer' is not installed, so not removed
2025-09-20T21:25:10.1298244Z Package 'php-symfony-security-acl' is not installed, so not removed
2025-09-20T21:25:10.1298667Z Package 'php-symfony-sendberry-notifier' is not installed, so not removed
2025-09-20T21:25:10.1299095Z Package 'php-symfony-sendgrid-mailer' is not installed, so not removed
2025-09-20T21:25:10.1299518Z Package 'php-symfony-sendinblue-mailer' is not installed, so not removed
2025-09-20T21:25:10.1299954Z Package 'php-symfony-sendinblue-notifier' is not installed, so not removed
2025-09-20T21:25:10.1300419Z Package 'php-symfony-simple-textin-notifier' is not installed, so not removed
2025-09-20T21:25:10.1300863Z Package 'php-symfony-sinch-notifier' is not installed, so not removed
2025-09-20T21:25:10.1301274Z Package 'php-symfony-slack-notifier' is not installed, so not removed
2025-09-20T21:25:10.1301700Z Package 'php-symfony-sms-biuras-notifier' is not installed, so not removed
2025-09-20T21:25:10.1302138Z Package 'php-symfony-sms-factor-notifier' is not installed, so not removed
2025-09-20T21:25:10.1302567Z Package 'php-symfony-sms77-notifier' is not installed, so not removed
2025-09-20T21:25:10.1302984Z Package 'php-symfony-smsapi-notifier' is not installed, so not removed
2025-09-20T21:25:10.1303388Z Package 'php-symfony-smsc-notifier' is not installed, so not removed
2025-09-20T21:25:10.1303808Z Package 'php-symfony-smsmode-notifier' is not installed, so not removed
2025-09-20T21:25:10.1304229Z Package 'php-symfony-spot-hit-notifier' is not installed, so not removed
2025-09-20T21:25:10.1304660Z Package 'php-symfony-telegram-notifier' is not installed, so not removed
2025-09-20T21:25:10.1305077Z Package 'php-symfony-telnyx-notifier' is not installed, so not removed
2025-09-20T21:25:10.1305622Z Package 'php-symfony-termii-notifier' is not installed, so not removed
2025-09-20T21:25:10.1306056Z Package 'php-symfony-turbo-sms-notifier' is not installed, so not removed
2025-09-20T21:25:10.1306485Z Package 'php-symfony-twilio-notifier' is not installed, so not removed
2025-09-20T21:25:10.1306908Z Package 'php-symfony-twitter-notifier' is not installed, so not removed
2025-09-20T21:25:10.1307415Z Package 'php-symfony-vonage-notifier' is not installed, so not removed
2025-09-20T21:25:10.1307839Z Package 'php-symfony-yunpian-notifier' is not installed, so not removed
2025-09-20T21:25:10.1308258Z Package 'php-symfony-zendesk-notifier' is not installed, so not removed
2025-09-20T21:25:10.1308674Z Package 'php-symfony-zulip-notifier' is not installed, so not removed
2025-09-20T21:25:10.1309055Z Package 'php-text-captcha' is not installed, so not removed
2025-09-20T21:25:10.1309405Z Package 'php-text-password' is not installed, so not removed
2025-09-20T21:25:10.1309755Z Package 'php-text-figlet' is not installed, so not removed
2025-09-20T21:25:10.1310120Z Package 'php-text-languagedetect' is not installed, so not removed
2025-09-20T21:25:10.1310485Z Package 'php-text-wiki' is not installed, so not removed
2025-09-20T21:25:10.1310801Z Package 'php-thrift' is not installed, so not removed
2025-09-20T21:25:10.1311237Z Package 'php8.3-tideways' is not installed, so not removed
2025-09-20T21:25:10.1311597Z Package 'php-tideways-all-dev' is not installed, so not removed
2025-09-20T21:25:10.1312027Z Package 'php-tijsverkoyen-css-to-inline-styles' is not installed, so not removed
2025-09-20T21:25:10.1312433Z Package 'php-timer' is not installed, so not removed
2025-09-20T21:25:10.1312741Z Package 'php-twig-doc' is not installed, so not removed
2025-09-20T21:25:10.2453794Z Package 'php-twig-cache-extra' is not installed, so not removed
2025-09-20T21:25:10.2454709Z Package 'php-twig-cssinliner-extra' is not installed, so not removed
2025-09-20T21:25:10.2455572Z Package 'php-twig-extra-bundle' is not installed, so not removed
2025-09-20T21:25:10.2456428Z Package 'php-twig-html-extra' is not installed, so not removed
2025-09-20T21:25:10.2457479Z Package 'php-twig-i18n-extension' is not installed, so not removed
2025-09-20T21:25:10.2458253Z Package 'php-twig-inky-extra' is not installed, so not removed
2025-09-20T21:25:10.2459034Z Package 'php-twig-intl-extra' is not installed, so not removed
2025-09-20T21:25:10.2459847Z Package 'php-twig-markdown-extra' is not installed, so not removed
2025-09-20T21:25:10.2460607Z Package 'php-twig-string-extra' is not installed, so not removed
2025-09-20T21:25:10.2461188Z Package 'php8.3-uopz' is not installed, so not removed
2025-09-20T21:25:10.2461538Z Package 'php-uopz-all-dev' is not installed, so not removed
2025-09-20T21:25:10.2461916Z Package 'php8.3-uploadprogress' is not installed, so not removed
2025-09-20T21:25:10.2462328Z Package 'php-uploadprogress-all-dev' is not installed, so not removed
2025-09-20T21:25:10.2462701Z Package 'php8.3-uuid' is not installed, so not removed
2025-09-20T21:25:10.2463041Z Package 'php-uuid-all-dev' is not installed, so not removed
2025-09-20T21:25:10.2463373Z Package 'php-validate' is not installed, so not removed
2025-09-20T21:25:10.2463718Z Package 'php-vlucas-phpdotenv' is not installed, so not removed
2025-09-20T21:25:10.2464111Z Package 'php-voku-portable-ascii' is not installed, so not removed
2025-09-20T21:25:10.2464487Z Package 'php-wmerrors' is not installed, so not removed
2025-09-20T21:25:10.2464843Z Package 'php-xdebug-all-dev' is not installed, so not removed
2025-09-20T21:25:10.2465183Z Package 'php-xml-svg' is not installed, so not removed
2025-09-20T21:25:10.2465507Z Package 'php8.3-xmlrpc' is not installed, so not removed
2025-09-20T21:25:10.2465854Z Package 'php-xmlrpc-all-dev' is not installed, so not removed
2025-09-20T21:25:10.2466190Z Package 'php8.3-yac' is not installed, so not removed
2025-09-20T21:25:10.2466519Z Package 'php-yac-all-dev' is not installed, so not removed
2025-09-20T21:25:10.2466859Z Package 'php-yaml-all-dev' is not installed, so not removed
2025-09-20T21:25:10.2467753Z Package 'php-zend-code' is not installed, so not removed
2025-09-20T21:25:10.2468101Z Package 'php-zend-eventmanager' is not installed, so not removed
2025-09-20T21:25:10.2468459Z Package 'php-zend-stdlib' is not installed, so not removed
2025-09-20T21:25:10.2468791Z Package 'php-zeroc-ice' is not installed, so not removed
2025-09-20T21:25:10.2469112Z Package 'php-zeta-base' is not installed, so not removed
2025-09-20T21:25:10.2469466Z Package 'php-zeta-console-tools' is not installed, so not removed
2025-09-20T21:25:10.2469839Z Package 'php-zeta-unit-test' is not installed, so not removed
2025-09-20T21:25:10.2470210Z Package 'php-zmq-all-dev' is not installed, so not removed
2025-09-20T21:25:10.2470583Z Package 'php-zumba-json-serializer' is not installed, so not removed
2025-09-20T21:25:10.2470970Z Package 'php8.3-libvirt-php' is not installed, so not removed
2025-09-20T21:25:10.2471291Z Package 'phpab' is not installed, so not removed
2025-09-20T21:25:10.2471595Z Package 'phpcpd' is not installed, so not removed
2025-09-20T21:25:10.2471923Z Package 'phpunit-cli-parser' is not installed, so not removed
2025-09-20T21:25:10.2472261Z Package 'phpldapadmin' is not installed, so not removed
2025-09-20T21:25:10.2472769Z Package 'phpliteadmin' is not installed, so not removed
2025-09-20T21:25:10.2473115Z Package 'phpliteadmin-themes' is not installed, so not removed
2025-09-20T21:25:10.2473449Z Package 'phploc' is not installed, so not removed
2025-09-20T21:25:10.2473744Z Package 'phppgadmin' is not installed, so not removed
2025-09-20T21:25:10.2474056Z Package 'phpsysinfo' is not installed, so not removed
2025-09-20T21:25:10.2474388Z Package 'phpunit-code-unit' is not installed, so not removed
2025-09-20T21:25:10.2474722Z Package 'phpunit-diff' is not installed, so not removed
2025-09-20T21:25:10.2475054Z Package 'phpunit-exporter' is not installed, so not removed
2025-09-20T21:25:10.2475415Z Package 'phpunit-global-state' is not installed, so not removed
2025-09-20T21:25:10.2475822Z Package 'phpunit-object-enumerator' is not installed, so not removed
2025-09-20T21:25:10.2476240Z Package 'phpunit-resource-operations' is not installed, so not removed
2025-09-20T21:25:10.2476616Z Package 'phpunit-type' is not installed, so not removed
2025-09-20T21:25:10.2476976Z Package 'phpunit-object-reflector' is not installed, so not removed
2025-09-20T21:25:10.2477549Z Package 'phpwebcounter' is not installed, so not removed
2025-09-20T21:25:10.2477903Z Package 'phpwebcounter-extra' is not installed, so not removed
2025-09-20T21:25:10.2478255Z Package 'python3-phply' is not installed, so not removed
2025-09-20T21:25:10.2478606Z Package 'python3-phpserialize' is not installed, so not removed
2025-09-20T21:25:10.2479025Z Package 'python3-sphinxcontrib.phpdomain' is not installed, so not removed
2025-09-20T21:25:10.2479429Z Package 'simplesamlphp' is not installed, so not removed
2025-09-20T21:25:10.2479760Z Package 'slbackup-php' is not installed, so not removed
2025-09-20T21:25:10.2480105Z Package 'uwsgi-plugin-php' is not installed, so not removed
2025-09-20T21:25:10.2480450Z Package 'weechat-php' is not installed, so not removed
2025-09-20T21:25:10.2480758Z Package 'php-mythtv' is not installed, so not removed
2025-09-20T21:25:10.2481050Z The following packages will be REMOVED:
2025-09-20T21:25:10.2481409Z   php-common php-pear php8.3 php8.3-amqp php8.3-apcu php8.3-bcmath php8.3-bz2
2025-09-20T21:25:10.2481849Z   php8.3-cgi php8.3-cli php8.3-common php8.3-curl php8.3-dba php8.3-dev
2025-09-20T21:25:10.2482240Z   php8.3-enchant php8.3-fpm php8.3-gd php8.3-gmp php8.3-igbinary
2025-09-20T21:25:10.2482634Z   php8.3-imagick php8.3-imap php8.3-interbase php8.3-intl php8.3-ldap
2025-09-20T21:25:10.2483028Z   php8.3-mbstring php8.3-memcache php8.3-memcached php8.3-mongodb
2025-09-20T21:25:10.2483412Z   php8.3-msgpack php8.3-mysql php8.3-odbc php8.3-opcache php8.3-pcov
2025-09-20T21:25:10.2483813Z   php8.3-pgsql php8.3-phpdbg php8.3-pspell php8.3-readline php8.3-redis
2025-09-20T21:25:10.2484332Z   php8.3-snmp php8.3-soap php8.3-sqlite3 php8.3-sybase php8.3-tidy
2025-09-20T21:25:10.2484720Z   php8.3-xdebug php8.3-xml php8.3-xsl php8.3-yaml php8.3-zip php8.3-zmq
2025-09-20T21:25:10.4901108Z 0 upgraded, 0 newly installed, 48 to remove and 6 not upgraded.
2025-09-20T21:25:10.4901559Z After this operation, 58.9 MB disk space will be freed.
2025-09-20T21:25:10.5073141Z (Reading database ... 
2025-09-20T21:25:10.5073552Z (Reading database ... 5%
2025-09-20T21:25:10.5073898Z (Reading database ... 10%
2025-09-20T21:25:10.5074239Z (Reading database ... 15%
2025-09-20T21:25:10.5074564Z (Reading database ... 20%
2025-09-20T21:25:10.5074898Z (Reading database ... 25%
2025-09-20T21:25:10.5076824Z (Reading database ... 30%
2025-09-20T21:25:10.5077359Z (Reading database ... 35%
2025-09-20T21:25:10.5077704Z (Reading database ... 40%
2025-09-20T21:25:10.5078044Z (Reading database ... 45%
2025-09-20T21:25:10.5078381Z (Reading database ... 50%
2025-09-20T21:25:10.5093632Z (Reading database ... 55%
2025-09-20T21:25:10.5193404Z (Reading database ... 60%
2025-09-20T21:25:10.5218141Z (Reading database ... 65%
2025-09-20T21:25:10.5248417Z (Reading database ... 70%
2025-09-20T21:25:10.5265670Z (Reading database ... 75%
2025-09-20T21:25:10.5285316Z (Reading database ... 80%
2025-09-20T21:25:10.5412198Z (Reading database ... 85%
2025-09-20T21:25:10.5629221Z (Reading database ... 90%
2025-09-20T21:25:10.5697498Z (Reading database ... 95%
2025-09-20T21:25:10.5697852Z (Reading database ... 100%
2025-09-20T21:25:10.5698365Z (Reading database ... 204079 files and directories currently installed.)
2025-09-20T21:25:10.5731722Z Removing php8.3-zip (8.3.6-0ubuntu0.24.04.5) ...
2025-09-20T21:25:10.8522099Z Removing php8.3-sybase (8.3.6-0ubuntu0.24.04.5) ...
2025-09-20T21:25:10.9837101Z Removing php-pear (1:1.10.13+submodules+notgz+2022032202-2build1) ...
2025-09-20T21:25:11.2427809Z Removing php8.3 (8.3.6-0ubuntu0.24.04.5) ...
2025-09-20T21:25:11.2554425Z Removing php8.3-amqp (1.11.0-5ubuntu1) ...
2025-09-20T21:25:11.3870761Z Removing php8.3-apcu (5.1.22+4.0.11-2ubuntu1) ...
2025-09-20T21:25:11.5179730Z Removing php8.3-bcmath (8.3.6-0ubuntu0.24.04.5) ...
2025-09-20T21:25:11.6415061Z Removing php8.3-bz2 (8.3.6-0ubuntu0.24.04.5) ...
2025-09-20T21:25:11.7609781Z Removing php8.3-zmq (1.1.3-24ubuntu1) ...
2025-09-20T21:25:11.8849239Z Removing php8.3-yaml (2.2.2+2.1.0+2.0.4+1.3.2-6ubuntu1) ...
2025-09-20T21:25:12.0022849Z Removing php8.3-cgi (8.3.6-0ubuntu0.24.04.5) ...
2025-09-20T21:25:14.0162029Z apache2_invoke php8.3-cgi prerm: No action required
2025-09-20T21:25:14.0421012Z Removing php8.3-dev (8.3.6-0ubuntu0.24.04.5) ...
2025-09-20T21:25:14.1041169Z Removing php8.3-xdebug (3.2.0+3.1.6+2.9.8+2.8.1+2.5.5-3ubuntu1) ...
2025-09-20T21:25:14.2015624Z Removing php8.3-phpdbg (8.3.6-0ubuntu0.24.04.5) ...
2025-09-20T21:25:15.6462674Z Removing php8.3-redis (5.3.7+4.3.0-3ubuntu1) ...
2025-09-20T21:25:15.7235783Z Removing php8.3-xsl (8.3.6-0ubuntu0.24.04.5) ...
2025-09-20T21:25:15.7431474Z Removing php8.3-soap (8.3.6-0ubuntu0.24.04.5) ...
2025-09-20T21:25:15.8220442Z Removing php8.3-curl (8.3.6-0ubuntu0.24.04.5) ...
2025-09-20T21:25:15.9153376Z Removing php8.3-dba (8.3.6-0ubuntu0.24.04.5) ...
2025-09-20T21:25:16.0083793Z Removing php8.3-enchant (8.3.6-0ubuntu0.24.04.5) ...
2025-09-20T21:25:16.1180906Z Removing php8.3-pcov (1.0.11-5ubuntu1) ...
2025-09-20T21:25:16.2093436Z Removing php8.3-fpm (8.3.6-0ubuntu0.24.04.5) ...
2025-09-20T21:25:17.5737799Z apache2_invoke php8.3-fpm prerm: No action required
2025-09-20T21:25:17.6093420Z Removing php8.3-gd (8.3.6-0ubuntu0.24.04.5) ...
2025-09-20T21:25:17.6830253Z Removing php8.3-gmp (8.3.6-0ubuntu0.24.04.5) ...
2025-09-20T21:25:17.7552442Z Removing php8.3-memcached (3.2.0+2.2.0-4ubuntu3) ...
2025-09-20T21:25:17.8169082Z Removing php8.3-igbinary (3.2.13-1ubuntu3) ...
2025-09-20T21:25:17.8834257Z Removing php8.3-imagick (3.7.0-4ubuntu3) ...
2025-09-20T21:25:18.0374988Z Removing php8.3-imap (8.3.6-0ubuntu0.24.04.5) ...
2025-09-20T21:25:18.1032473Z Removing php8.3-interbase (8.3.6-0ubuntu0.24.04.5) ...
2025-09-20T21:25:18.1602329Z Removing php8.3-intl (8.3.6-0ubuntu0.24.04.5) ...
2025-09-20T21:25:18.2401103Z Removing php8.3-ldap (8.3.6-0ubuntu0.24.04.5) ...
2025-09-20T21:25:18.3160048Z Removing php8.3-mbstring (8.3.6-0ubuntu0.24.04.5) ...
2025-09-20T21:25:18.3863579Z Removing php8.3-memcache (8.0+4.0.5.2+3.0.9~20170802.e702b5f9+-8ubuntu1) ...
2025-09-20T21:25:18.4430695Z Removing php8.3-mongodb (1.15.0+1.11.1+1.9.2+1.7.5-1ubuntu3) ...
2025-09-20T21:25:18.5081508Z Removing php8.3-msgpack (1:2.2.0~rc2-3ubuntu1) ...
2025-09-20T21:25:18.5653286Z Removing php8.3-mysql (8.3.6-0ubuntu0.24.04.5) ...
2025-09-20T21:25:18.7508429Z Removing php8.3-odbc (8.3.6-0ubuntu0.24.04.5) ...
2025-09-20T21:25:18.8732165Z Removing php8.3-pgsql (8.3.6-0ubuntu0.24.04.5) ...
2025-09-20T21:25:18.9743363Z Removing php8.3-pspell (8.3.6-0ubuntu0.24.04.5) ...
2025-09-20T21:25:19.0362658Z Removing php8.3-snmp (8.3.6-0ubuntu0.24.04.5) ...
2025-09-20T21:25:19.0944623Z Removing php8.3-sqlite3 (8.3.6-0ubuntu0.24.04.5) ...
2025-09-20T21:25:19.1973002Z Removing php8.3-tidy (8.3.6-0ubuntu0.24.04.5) ...
2025-09-20T21:25:19.2565282Z Removing php8.3-xml (8.3.6-0ubuntu0.24.04.5) ...
2025-09-20T21:25:19.4914126Z Removing php8.3-cli (8.3.6-0ubuntu0.24.04.5) ...
2025-09-20T21:25:20.0222887Z Removing php8.3-opcache (8.3.6-0ubuntu0.24.04.5) ...
2025-09-20T21:25:20.0762686Z Removing php8.3-readline (8.3.6-0ubuntu0.24.04.5) ...
2025-09-20T21:25:20.1156943Z Removing php8.3-common (8.3.6-0ubuntu0.24.04.5) ...
2025-09-20T21:25:20.3204899Z Removing php-common (2:93ubuntu2) ...
2025-09-20T21:25:20.3860584Z Stopping 'phpsessionclean.service', but its triggering units are still active:
2025-09-20T21:25:20.3861145Z 
2025-09-20T21:25:20.3861311Z phpsessionclean.timer
2025-09-20T21:25:20.3861539Z 
2025-09-20T21:25:20.9809076Z Processing triggers for man-db (2.12.0-4build2) ...
2025-09-20T21:25:27.7863411Z Reading package lists...
2025-09-20T21:25:27.9340087Z Building dependency tree...
2025-09-20T21:25:27.9347126Z Reading state information...
2025-09-20T21:25:28.1680293Z Package 'mongodb-dev' is not installed, so not removed
2025-09-20T21:25:28.1680695Z Package 'mongodb-server' is not installed, so not removed
2025-09-20T21:25:28.1681056Z 0 upgraded, 0 newly installed, 0 to remove and 6 not upgraded.
2025-09-20T21:25:28.1915006Z Reading package lists...
2025-09-20T21:25:28.3365554Z Building dependency tree...
2025-09-20T21:25:28.3373759Z Reading state information...
2025-09-20T21:25:28.5665587Z Package 'mysql-client-5.7' is not installed, so not removed
2025-09-20T21:25:28.5666453Z Package 'mysql-client-core-5.7' is not installed, so not removed
2025-09-20T21:25:28.5667084Z Package 'mysql-server-5.5' is not installed, so not removed
2025-09-20T21:25:28.5667974Z Package 'mysql-server-5.7' is not installed, so not removed
2025-09-20T21:25:28.5668454Z Package 'mysql-server-core-5.7' is not installed, so not removed
2025-09-20T21:25:28.5668932Z Package 'mysql-client-core-5.5' is not installed, so not removed
2025-09-20T21:25:28.5669531Z Package 'mysql-client-core-5.6' is not installed, so not removed
2025-09-20T21:25:28.5670001Z Package 'mysql-client-5.5' is not installed, so not removed
2025-09-20T21:25:28.5670419Z Package 'mysql-client-5.6' is not installed, so not removed
2025-09-20T21:25:28.5670971Z Package 'mysql-cluster-community-client-plugins' is not installed, so not removed
2025-09-20T21:25:28.5671539Z Package 'mysql-server-core-5.5' is not installed, so not removed
2025-09-20T21:25:28.5671998Z Package 'mysql-server-core-5.6' is not installed, so not removed
2025-09-20T21:25:28.5672431Z Package 'mysql-server-5.6' is not installed, so not removed
2025-09-20T21:25:28.5672864Z Package 'mysql-testsuite-5.5' is not installed, so not removed
2025-09-20T21:25:28.5673321Z Package 'mysql-testsuite-5.6' is not installed, so not removed
2025-09-20T21:25:28.5673761Z Package 'mysql-testsuite-5.7' is not installed, so not removed
2025-09-20T21:25:28.5674200Z Package 'mysql-testsuite' is not installed, so not removed
2025-09-20T21:25:28.5674626Z Package 'mysql-testsuite-8.0' is not installed, so not removed
2025-09-20T21:25:28.5675403Z Package 'mysql-router' is not installed, so not removed
2025-09-20T21:25:28.5675808Z Package 'mysql-sandbox' is not installed, so not removed
2025-09-20T21:25:28.5676123Z Package 'mysql-shell' is not installed, so not removed
2025-09-20T21:25:28.5676457Z Package 'mysql-source-8.0' is not installed, so not removed
2025-09-20T21:25:28.5676753Z The following packages will be REMOVED:
2025-09-20T21:25:28.5677089Z   libmysqlclient-dev libmysqlclient21 mysql-client mysql-client-8.0
2025-09-20T21:25:28.5677718Z   mysql-client-core-8.0 mysql-common mysql-server mysql-server-8.0
2025-09-20T21:25:28.5678056Z   mysql-server-core-8.0 sphinxsearch
2025-09-20T21:25:28.7979807Z 0 upgraded, 0 newly installed, 10 to remove and 6 not upgraded.
2025-09-20T21:25:28.7980463Z After this operation, 209 MB disk space will be freed.
2025-09-20T21:25:28.8154274Z (Reading database ... 
2025-09-20T21:25:28.8154665Z (Reading database ... 5%
2025-09-20T21:25:28.8155023Z (Reading database ... 10%
2025-09-20T21:25:28.8155402Z (Reading database ... 15%
2025-09-20T21:25:28.8155761Z (Reading database ... 20%
2025-09-20T21:25:28.8156095Z (Reading database ... 25%
2025-09-20T21:25:28.8156413Z (Reading database ... 30%
2025-09-20T21:25:28.8156734Z (Reading database ... 35%
2025-09-20T21:25:28.8157333Z (Reading database ... 40%
2025-09-20T21:25:28.8157552Z (Reading database ... 45%
2025-09-20T21:25:28.8157733Z (Reading database ... 50%
2025-09-20T21:25:28.8157930Z (Reading database ... 55%
2025-09-20T21:25:28.8267998Z (Reading database ... 60%
2025-09-20T21:25:28.8290812Z (Reading database ... 65%
2025-09-20T21:25:28.8321055Z (Reading database ... 70%
2025-09-20T21:25:28.8340218Z (Reading database ... 75%
2025-09-20T21:25:28.8354687Z (Reading database ... 80%
2025-09-20T21:25:28.8482472Z (Reading database ... 85%
2025-09-20T21:25:28.8530190Z (Reading database ... 90%
2025-09-20T21:25:28.8770222Z (Reading database ... 95%
2025-09-20T21:25:28.8770605Z (Reading database ... 100%
2025-09-20T21:25:28.8771016Z (Reading database ... 203084 files and directories currently installed.)
2025-09-20T21:25:28.8804309Z Removing libmysqlclient-dev (8.0.43-0ubuntu0.24.04.1) ...
2025-09-20T21:25:28.9195280Z Removing sphinxsearch (2.2.11-8build1) ...
2025-09-20T21:25:29.0179820Z Removing libmysqlclient21:amd64 (8.0.43-0ubuntu0.24.04.1) ...
2025-09-20T21:25:29.0387819Z Removing mysql-client (8.0.43-0ubuntu0.24.04.1) ...
2025-09-20T21:25:29.0570171Z Removing mysql-server (8.0.43-0ubuntu0.24.04.1) ...
2025-09-20T21:25:29.0725568Z Removing mysql-server-8.0 (8.0.43-0ubuntu0.24.04.1) ...
2025-09-20T21:25:29.3774925Z update-alternatives: using /etc/mysql/my.cnf.fallback to provide /etc/mysql/my.cnf (my.cnf) in auto mode
2025-09-20T21:25:29.4140828Z Removing mysql-client-8.0 (8.0.43-0ubuntu0.24.04.1) ...
2025-09-20T21:25:29.4331907Z Removing mysql-client-core-8.0 (8.0.43-0ubuntu0.24.04.1) ...
2025-09-20T21:25:29.4483826Z Removing mysql-common (5.8+1.1.0build1) ...
2025-09-20T21:25:29.4962923Z Removing mysql-server-core-8.0 (8.0.43-0ubuntu0.24.04.1) ...
2025-09-20T21:25:29.6262291Z Processing triggers for man-db (2.12.0-4build2) ...
2025-09-20T21:25:33.5016045Z Processing triggers for libc-bin (2.39-0ubuntu8.5) ...
2025-09-20T21:25:34.3945874Z Reading package lists...
2025-09-20T21:25:34.5405620Z Building dependency tree...
2025-09-20T21:25:34.5412947Z Reading state information...
2025-09-20T21:25:34.7014929Z Package 'mono-devel' is not installed, so not removed
2025-09-20T21:25:34.7015530Z The following packages will be REMOVED:
2025-09-20T21:25:34.7016091Z   azure-cli firefox google-chrome-stable libgl1 libgl1-mesa-dri libglx-mesa0
2025-09-20T21:25:34.7021841Z   libglx0 powershell xvfb
2025-09-20T21:25:34.9332632Z 0 upgraded, 0 newly installed, 9 to remove and 4 not upgraded.
2025-09-20T21:25:34.9333285Z After this operation, 1461 MB disk space will be freed.
2025-09-20T21:25:34.9505905Z (Reading database ... 
2025-09-20T21:25:34.9506273Z (Reading database ... 5%
2025-09-20T21:25:34.9506603Z (Reading database ... 10%
2025-09-20T21:25:34.9507477Z (Reading database ... 15%
2025-09-20T21:25:34.9507778Z (Reading database ... 20%
2025-09-20T21:25:34.9508066Z (Reading database ... 25%
2025-09-20T21:25:34.9508261Z (Reading database ... 30%
2025-09-20T21:25:34.9508454Z (Reading database ... 35%
2025-09-20T21:25:34.9508637Z (Reading database ... 40%
2025-09-20T21:25:34.9508836Z (Reading database ... 45%
2025-09-20T21:25:34.9509020Z (Reading database ... 50%
2025-09-20T21:25:34.9509205Z (Reading database ... 55%
2025-09-20T21:25:34.9621306Z (Reading database ... 60%
2025-09-20T21:25:34.9644088Z (Reading database ... 65%
2025-09-20T21:25:34.9674068Z (Reading database ... 70%
2025-09-20T21:25:34.9693254Z (Reading database ... 75%
2025-09-20T21:25:34.9707941Z (Reading database ... 80%
2025-09-20T21:25:34.9835005Z (Reading database ... 85%
2025-09-20T21:25:34.9883324Z (Reading database ... 90%
2025-09-20T21:25:35.0122975Z (Reading database ... 95%
2025-09-20T21:25:35.0123234Z (Reading database ... 100%
2025-09-20T21:25:35.0123604Z (Reading database ... 202809 files and directories currently installed.)
2025-09-20T21:25:35.0156499Z Removing azure-cli (2.77.0-1~noble) ...
2025-09-20T21:25:39.8917427Z Removing firefox (142.0.1+build1-0ubuntu0.24.04.1~mt1) ...
2025-09-20T21:25:39.9641213Z Removing google-chrome-stable (140.0.7339.80-1) ...
2025-09-20T21:25:40.1994127Z Removing xvfb (2:21.1.12-1ubuntu1.4) ...
2025-09-20T21:25:40.2179631Z Removing libgl1:amd64 (1.7.0-1build1) ...
2025-09-20T21:25:40.2366283Z Removing libglx0:amd64 (1.7.0-1build1) ...
2025-09-20T21:25:40.2549386Z Removing libglx-mesa0:amd64 (25.0.7-0ubuntu0.24.04.2) ...
2025-09-20T21:25:40.2905775Z Removing libgl1-mesa-dri:amd64 (25.0.7-0ubuntu0.24.04.2) ...
2025-09-20T21:25:40.3407117Z Removing powershell (7.4.11-1.deb) ...
2025-09-20T21:25:40.4367797Z Processing triggers for libc-bin (2.39-0ubuntu8.5) ...
2025-09-20T21:25:40.4496766Z Processing triggers for man-db (2.12.0-4build2) ...
2025-09-20T21:25:44.1429071Z Processing triggers for hicolor-icon-theme (0.17-2) ...
2025-09-20T21:25:45.1705734Z Reading package lists...
2025-09-20T21:25:45.3140011Z Building dependency tree...
2025-09-20T21:25:45.3147496Z Reading state information...
2025-09-20T21:25:45.4775789Z Package 'google-cloud-sdk' is not installed, so not removed
2025-09-20T21:25:45.4776270Z 0 upgraded, 0 newly installed, 0 to remove and 4 not upgraded.
2025-09-20T21:25:45.5007758Z Reading package lists...
2025-09-20T21:25:45.6452706Z Building dependency tree...
2025-09-20T21:25:45.6459967Z Reading state information...
2025-09-20T21:25:45.8009525Z The following packages will be REMOVED:
2025-09-20T21:25:45.8015271Z   google-cloud-cli google-cloud-cli-anthoscli
2025-09-20T21:25:46.0213493Z 0 upgraded, 0 newly installed, 2 to remove and 4 not upgraded.
2025-09-20T21:25:46.0214159Z After this operation, 665 MB disk space will be freed.
2025-09-20T21:25:46.0375944Z (Reading database ... 
2025-09-20T21:25:46.0376619Z (Reading database ... 5%
2025-09-20T21:25:46.0377008Z (Reading database ... 10%
2025-09-20T21:25:46.0377513Z (Reading database ... 15%
2025-09-20T21:25:46.0377878Z (Reading database ... 20%
2025-09-20T21:25:46.0378206Z (Reading database ... 25%
2025-09-20T21:25:46.0380186Z (Reading database ... 30%
2025-09-20T21:25:46.0380734Z (Reading database ... 35%
2025-09-20T21:25:46.0381071Z (Reading database ... 40%
2025-09-20T21:25:46.0381423Z (Reading database ... 45%
2025-09-20T21:25:46.0381752Z (Reading database ... 50%
2025-09-20T21:25:46.0384409Z (Reading database ... 55%
2025-09-20T21:25:46.0491033Z (Reading database ... 60%
2025-09-20T21:25:46.0514481Z (Reading database ... 65%
2025-09-20T21:25:46.0544958Z (Reading database ... 70%
2025-09-20T21:25:46.0564223Z (Reading database ... 75%
2025-09-20T21:25:46.0578791Z (Reading database ... 80%
2025-09-20T21:25:46.0602537Z (Reading database ... 85%
2025-09-20T21:25:46.0648322Z (Reading database ... 90%
2025-09-20T21:25:46.0878426Z (Reading database ... 95%
2025-09-20T21:25:46.0878793Z (Reading database ... 100%
2025-09-20T21:25:46.0879312Z (Reading database ... 171984 files and directories currently installed.)
2025-09-20T21:25:46.0907036Z Removing google-cloud-cli-anthoscli (537.0.0-0) ...
2025-09-20T21:25:57.0364355Z Removing google-cloud-cli (537.0.0-0) ...
2025-09-20T21:26:35.9803086Z ##[error]The operation was canceled.
2025-09-20T21:26:35.9941094Z Post job cleanup.
2025-09-20T21:26:36.0904724Z [command]/usr/bin/git version
2025-09-20T21:26:36.0943829Z git version 2.51.0
2025-09-20T21:26:36.0997965Z Temporarily overriding HOME='/home/runner/work/_temp/0e8c7fc0-30f3-4fa2-84c8-e89a7467dac9' before making global git config changes
2025-09-20T21:26:36.0999340Z Adding repository directory to the temporary git global config as a safe directory
2025-09-20T21:26:36.1003233Z [command]/usr/bin/git config --global --add safe.directory /home/runner/work/Citadel-Protocol/Citadel-Protocol
2025-09-20T21:26:36.1038803Z [command]/usr/bin/git config --local --name-only --get-regexp core\.sshCommand
2025-09-20T21:26:36.1071885Z [command]/usr/bin/git submodule foreach --recursive sh -c "git config --local --name-only --get-regexp 'core\.sshCommand' && git config --local --unset-all 'core.sshCommand' || :"
2025-09-20T21:26:36.1306595Z [command]/usr/bin/git config --local --name-only --get-regexp http\.https\:\/\/github\.com\/\.extraheader
2025-09-20T21:26:36.1328992Z http.https://github.com/.extraheader
2025-09-20T21:26:36.1343014Z [command]/usr/bin/git config --local --unset-all http.https://github.com/.extraheader
2025-09-20T21:26:36.1375485Z [command]/usr/bin/git submodule foreach --recursive sh -c "git config --local --name-only --get-regexp 'http\.https\:\/\/github\.com\/\.extraheader' && git config --local --unset-all 'http.https://github.com/.extraheader' || :"
2025-09-20T21:26:36.1713952Z Cleaning up orphan processes
