2025-09-20T21:18:24.4101682Z Current runner version: '2.328.0'
2025-09-20T21:18:24.4124849Z ##[group]Runner Image Provisioner
2025-09-20T21:18:24.4125739Z Hosted Compute Agent
2025-09-20T21:18:24.4126284Z Version: 20250829.383
2025-09-20T21:18:24.4126850Z Commit: 27cb235aab5b0e52e153a26cd86b4742e89dac5d
2025-09-20T21:18:24.4127589Z Build Date: 2025-08-29T13:48:48Z
2025-09-20T21:18:24.4128137Z ##[endgroup]
2025-09-20T21:18:24.4128686Z ##[group]Operating System
2025-09-20T21:18:24.4129281Z Ubuntu
2025-09-20T21:18:24.4129728Z 24.04.3
2025-09-20T21:18:24.4130182Z LTS
2025-09-20T21:18:24.4130622Z ##[endgroup]
2025-09-20T21:18:24.4131118Z ##[group]Runner Image
2025-09-20T21:18:24.4131642Z Image: ubuntu-24.04
2025-09-20T21:18:24.4132172Z Version: 20250907.24.1
2025-09-20T21:18:24.4133146Z Included Software: https://github.com/actions/runner-images/blob/ubuntu24/20250907.24/images/ubuntu/Ubuntu2404-Readme.md
2025-09-20T21:18:24.4134626Z Image Release: https://github.com/actions/runner-images/releases/tag/ubuntu24%2F20250907.24
2025-09-20T21:18:24.4136026Z ##[endgroup]
2025-09-20T21:18:24.4138406Z ##[group]GITHUB_TOKEN Permissions
2025-09-20T21:18:24.4140420Z Actions: write
2025-09-20T21:18:24.4140975Z Attestations: write
2025-09-20T21:18:24.4141435Z Checks: write
2025-09-20T21:18:24.4142032Z Contents: write
2025-09-20T21:18:24.4142531Z Deployments: write
2025-09-20T21:18:24.4143025Z Discussions: write
2025-09-20T21:18:24.4143551Z Issues: write
2025-09-20T21:18:24.4144029Z Metadata: read
2025-09-20T21:18:24.4144494Z Models: read
2025-09-20T21:18:24.4145187Z Packages: write
2025-09-20T21:18:24.4145722Z Pages: write
2025-09-20T21:18:24.4146178Z PullRequests: write
2025-09-20T21:18:24.4146769Z RepositoryProjects: write
2025-09-20T21:18:24.4147301Z SecurityEvents: write
2025-09-20T21:18:24.4147915Z Statuses: write
2025-09-20T21:18:24.4148455Z ##[endgroup]
2025-09-20T21:18:24.4150406Z Secret source: Actions
2025-09-20T21:18:24.4151094Z Prepare workflow directory
2025-09-20T21:18:24.4730855Z Prepare all required actions
2025-09-20T21:18:24.4772396Z Getting action download info
2025-09-20T21:18:24.8796967Z Download action repository 'actions/checkout@v4' (SHA:08eba0b27e820071cde6df949e0beb9ba4906955)
2025-09-20T21:18:25.0532754Z Download action repository 'jlumbroso/free-disk-space@main' (SHA:54081f138730dfa15788a46383842cd2f914a1be)
2025-09-20T21:18:25.5688976Z Uses: Avarok-Cybersecurity/Citadel-Protocol/.github/workflows/validate.yml@refs/pull/236/merge (7edf0bb75f061919add02f6d6a82672c0b2e9654)
2025-09-20T21:18:25.5694555Z Complete job name: Validate PR / docker_nat_p2p (port_restricted, port_restricted)
2025-09-20T21:18:25.6351875Z ##[group]Run actions/checkout@v4
2025-09-20T21:18:25.6352778Z with:
2025-09-20T21:18:25.6353283Z   repository: Avarok-Cybersecurity/Citadel-Protocol
2025-09-20T21:18:25.6354084Z   token: ***
2025-09-20T21:18:25.6354482Z   ssh-strict: true
2025-09-20T21:18:25.6355152Z   ssh-user: git
2025-09-20T21:18:25.6355575Z   persist-credentials: true
2025-09-20T21:18:25.6356042Z   clean: true
2025-09-20T21:18:25.6356465Z   sparse-checkout-cone-mode: true
2025-09-20T21:18:25.6357000Z   fetch-depth: 1
2025-09-20T21:18:25.6357405Z   fetch-tags: false
2025-09-20T21:18:25.6357964Z   show-progress: true
2025-09-20T21:18:25.6358406Z   lfs: false
2025-09-20T21:18:25.6358801Z   submodules: false
2025-09-20T21:18:25.6359231Z   set-safe-directory: true
2025-09-20T21:18:25.6359986Z env:
2025-09-20T21:18:25.6360438Z   CARGO_TERM_COLOR: always
2025-09-20T21:18:25.6360917Z   RUST_BACKTRACE: full
2025-09-20T21:18:25.6361372Z   RUST_MIN_STACK: 40971520
2025-09-20T21:18:25.6361836Z   RUST_LOG: citadel=warn
2025-09-20T21:18:25.6362337Z   IN_CI: true
2025-09-20T21:18:25.6362766Z   NAT_TYPE_PEER_A: port_restricted
2025-09-20T21:18:25.6363302Z   NAT_TYPE_PEER_B: port_restricted
2025-09-20T21:18:25.6363803Z ##[endgroup]
2025-09-20T21:18:25.7442372Z Syncing repository: Avarok-Cybersecurity/Citadel-Protocol
2025-09-20T21:18:25.7444295Z ##[group]Getting Git version info
2025-09-20T21:18:25.7445400Z Working directory is '/home/runner/work/Citadel-Protocol/Citadel-Protocol'
2025-09-20T21:18:25.7447088Z [command]/usr/bin/git version
2025-09-20T21:18:25.7516795Z git version 2.51.0
2025-09-20T21:18:25.7542610Z ##[endgroup]
2025-09-20T21:18:25.7557102Z Temporarily overriding HOME='/home/runner/work/_temp/909f85fb-f572-4b48-b346-fa68f17df441' before making global git config changes
2025-09-20T21:18:25.7558514Z Adding repository directory to the temporary git global config as a safe directory
2025-09-20T21:18:25.7562374Z [command]/usr/bin/git config --global --add safe.directory /home/runner/work/Citadel-Protocol/Citadel-Protocol
2025-09-20T21:18:25.7604958Z Deleting the contents of '/home/runner/work/Citadel-Protocol/Citadel-Protocol'
2025-09-20T21:18:25.7608532Z ##[group]Initializing the repository
2025-09-20T21:18:25.7612377Z [command]/usr/bin/git init /home/runner/work/Citadel-Protocol/Citadel-Protocol
2025-09-20T21:18:25.7722051Z hint: Using 'master' as the name for the initial branch. This default branch name
2025-09-20T21:18:25.7723720Z hint: is subject to change. To configure the initial branch name to use in all
2025-09-20T21:18:25.7725221Z hint: of your new repositories, which will suppress this warning, call:
2025-09-20T21:18:25.7726220Z hint:
2025-09-20T21:18:25.7727291Z hint: 	git config --global init.defaultBranch <name>
2025-09-20T21:18:25.7728128Z hint:
2025-09-20T21:18:25.7729380Z hint: Names commonly chosen instead of 'master' are 'main', 'trunk' and
2025-09-20T21:18:25.7731606Z hint: 'development'. The just-created branch can be renamed via this command:
2025-09-20T21:18:25.7733419Z hint:
2025-09-20T21:18:25.7734262Z hint: 	git branch -m <name>
2025-09-20T21:18:25.7735455Z hint:
2025-09-20T21:18:25.7736548Z hint: Disable this message with "git config set advice.defaultBranchName false"
2025-09-20T21:18:25.7738675Z Initialized empty Git repository in /home/runner/work/Citadel-Protocol/Citadel-Protocol/.git/
2025-09-20T21:18:25.7742280Z [command]/usr/bin/git remote add origin https://github.com/Avarok-Cybersecurity/Citadel-Protocol
2025-09-20T21:18:25.7778529Z ##[endgroup]
2025-09-20T21:18:25.7779898Z ##[group]Disabling automatic garbage collection
2025-09-20T21:18:25.7783561Z [command]/usr/bin/git config --local gc.auto 0
2025-09-20T21:18:25.7812202Z ##[endgroup]
2025-09-20T21:18:25.7812922Z ##[group]Setting up auth
2025-09-20T21:18:25.7818958Z [command]/usr/bin/git config --local --name-only --get-regexp core\.sshCommand
2025-09-20T21:18:25.7849532Z [command]/usr/bin/git submodule foreach --recursive sh -c "git config --local --name-only --get-regexp 'core\.sshCommand' && git config --local --unset-all 'core.sshCommand' || :"
2025-09-20T21:18:25.8211190Z [command]/usr/bin/git config --local --name-only --get-regexp http\.https\:\/\/github\.com\/\.extraheader
2025-09-20T21:18:25.8240595Z [command]/usr/bin/git submodule foreach --recursive sh -c "git config --local --name-only --get-regexp 'http\.https\:\/\/github\.com\/\.extraheader' && git config --local --unset-all 'http.https://github.com/.extraheader' || :"
2025-09-20T21:18:25.8463479Z [command]/usr/bin/git config --local http.https://github.com/.extraheader AUTHORIZATION: basic ***
2025-09-20T21:18:25.8498219Z ##[endgroup]
2025-09-20T21:18:25.8499183Z ##[group]Fetching the repository
2025-09-20T21:18:25.8507979Z [command]/usr/bin/git -c protocol.version=2 fetch --no-tags --prune --no-recurse-submodules --depth=1 origin +7edf0bb75f061919add02f6d6a82672c0b2e9654:refs/remotes/pull/236/merge
2025-09-20T21:18:26.4863920Z From https://github.com/Avarok-Cybersecurity/Citadel-Protocol
2025-09-20T21:18:26.4867677Z  * [new ref]         7edf0bb75f061919add02f6d6a82672c0b2e9654 -> pull/236/merge
2025-09-20T21:18:26.4900435Z ##[endgroup]
2025-09-20T21:18:26.4902455Z ##[group]Determining the checkout info
2025-09-20T21:18:26.4905237Z ##[endgroup]
2025-09-20T21:18:26.4907396Z [command]/usr/bin/git sparse-checkout disable
2025-09-20T21:18:26.4949038Z [command]/usr/bin/git config --local --unset-all extensions.worktreeConfig
2025-09-20T21:18:26.4978984Z ##[group]Checking out the ref
2025-09-20T21:18:26.4981554Z [command]/usr/bin/git checkout --progress --force refs/remotes/pull/236/merge
2025-09-20T21:18:27.2447896Z Note: switching to 'refs/remotes/pull/236/merge'.
2025-09-20T21:18:27.2449230Z 
2025-09-20T21:18:27.2450246Z You are in 'detached HEAD' state. You can look around, make experimental
2025-09-20T21:18:27.2452550Z changes and commit them, and you can discard any commits you make in this
2025-09-20T21:18:27.2454531Z state without impacting any branches by switching back to a branch.
2025-09-20T21:18:27.2455963Z 
2025-09-20T21:18:27.2456752Z If you want to create a new branch to retain commits you create, you may
2025-09-20T21:18:27.2458510Z do so (now or later) by using -c with the switch command. Example:
2025-09-20T21:18:27.2459542Z 
2025-09-20T21:18:27.2460110Z   git switch -c <new-branch-name>
2025-09-20T21:18:27.2461236Z 
2025-09-20T21:18:27.2461822Z Or undo this operation with:
2025-09-20T21:18:27.2463053Z 
2025-09-20T21:18:27.2463672Z   git switch -
2025-09-20T21:18:27.2464575Z 
2025-09-20T21:18:27.2466255Z Turn off this advice by setting config variable advice.detachedHead to false
2025-09-20T21:18:27.2468367Z 
2025-09-20T21:18:27.2470776Z HEAD is now at 7edf0bb Merge 8a89b2152348ab91c1a5bd335ccb554a7eae26c5 into 2b40ca3c28904a155dd62f453494820feec744f0
2025-09-20T21:18:27.2807880Z ##[endgroup]
2025-09-20T21:18:27.2844593Z [command]/usr/bin/git log -1 --format=%H
2025-09-20T21:18:27.2867371Z 7edf0bb75f061919add02f6d6a82672c0b2e9654
2025-09-20T21:18:27.3334476Z ##[group]Run jlumbroso/free-disk-space@main
2025-09-20T21:18:27.3335786Z with:
2025-09-20T21:18:27.3336547Z   android: true
2025-09-20T21:18:27.3337361Z   dotnet: true
2025-09-20T21:18:27.3338174Z   haskell: true
2025-09-20T21:18:27.3339015Z   large-packages: true
2025-09-20T21:18:27.3339925Z   docker-images: true
2025-09-20T21:18:27.3340797Z   tool-cache: false
2025-09-20T21:18:27.3341635Z   swap-storage: true
2025-09-20T21:18:27.3342471Z env:
2025-09-20T21:18:27.3343258Z   CARGO_TERM_COLOR: always
2025-09-20T21:18:27.3344208Z   RUST_BACKTRACE: full
2025-09-20T21:18:27.3345284Z   RUST_MIN_STACK: 40971520
2025-09-20T21:18:27.3346224Z   RUST_LOG: citadel=warn
2025-09-20T21:18:27.3347105Z   IN_CI: true
2025-09-20T21:18:27.3347956Z   NAT_TYPE_PEER_A: port_restricted
2025-09-20T21:18:27.3349026Z   NAT_TYPE_PEER_B: port_restricted
2025-09-20T21:18:27.3350033Z ##[endgroup]
2025-09-20T21:18:27.3478330Z ##[group]Run # ======
2025-09-20T21:18:27.3479592Z [36;1m[0m
2025-09-20T21:18:27.3480349Z [36;1m# ======[0m
2025-09-20T21:18:27.3481109Z [36;1m# MACROS[0m
2025-09-20T21:18:27.3481869Z [36;1m# ======[0m
2025-09-20T21:18:27.3482605Z [36;1m[0m
2025-09-20T21:18:27.3483392Z [36;1m# macro to print a line of equals[0m
2025-09-20T21:18:27.3484455Z [36;1m# (silly but works)[0m
2025-09-20T21:18:27.3485559Z [36;1mprintSeparationLine() {[0m
2025-09-20T21:18:27.3486513Z [36;1m  str=${1:=}[0m
2025-09-20T21:18:27.3487305Z [36;1m  num=${2:-80}[0m
2025-09-20T21:18:27.3488135Z [36;1m  counter=1[0m
2025-09-20T21:18:27.3488933Z [36;1m  output=""[0m
2025-09-20T21:18:27.3489784Z [36;1m  while [ $counter -le $num ][0m
2025-09-20T21:18:27.3490772Z [36;1m  do[0m
2025-09-20T21:18:27.3491544Z [36;1m     output="${output}${str}"[0m
2025-09-20T21:18:27.3492567Z [36;1m     counter=$((counter+1))[0m
2025-09-20T21:18:27.3493519Z [36;1m  done[0m
2025-09-20T21:18:27.3494292Z [36;1m  echo "${output}"[0m
2025-09-20T21:18:27.3495254Z [36;1m}[0m
2025-09-20T21:18:27.3495945Z [36;1m[0m
2025-09-20T21:18:27.3496737Z [36;1m# macro to compute available space[0m
2025-09-20T21:18:27.3498046Z [36;1m# REF: https://unix.stackexchange.com/a/42049/60849[0m
2025-09-20T21:18:27.3499427Z [36;1m# REF: https://stackoverflow.com/a/450821/408734[0m
2025-09-20T21:18:27.3501126Z [36;1mgetAvailableSpace() { echo $(df -a $1 | awk 'NR > 1 {avail+=$4} END {print avail}'); }[0m
2025-09-20T21:18:27.3502669Z [36;1m[0m
2025-09-20T21:18:27.3503666Z [36;1m# macro to make Kb human readable (assume the input is Kb)[0m
2025-09-20T21:18:27.3505286Z [36;1m# REF: https://unix.stackexchange.com/a/44087/60849[0m
2025-09-20T21:18:27.3507216Z [36;1mformatByteCount() { echo $(numfmt --to=iec-i --suffix=B --padding=7 $1'000'); }[0m
2025-09-20T21:18:27.3508708Z [36;1m[0m
2025-09-20T21:18:27.3509471Z [36;1m# macro to output saved space[0m
2025-09-20T21:18:27.3510510Z [36;1mprintSavedSpace() {[0m
2025-09-20T21:18:27.3511396Z [36;1m  saved=${1}[0m
2025-09-20T21:18:27.3512198Z [36;1m  title=${2:-}[0m
2025-09-20T21:18:27.3513014Z [36;1m[0m
2025-09-20T21:18:27.3513702Z [36;1m  echo ""[0m
2025-09-20T21:18:27.3514550Z [36;1m  printSeparationLine '*' 80[0m
2025-09-20T21:18:27.3515705Z [36;1m  if [ ! -z "${title}" ]; then[0m
2025-09-20T21:18:27.3516884Z [36;1m    echo "=> ${title}: Saved $(formatByteCount $saved)"[0m
2025-09-20T21:18:27.3518039Z [36;1m  else[0m
2025-09-20T21:18:27.3518935Z [36;1m    echo "=> Saved $(formatByteCount $saved)"[0m
2025-09-20T21:18:27.3520023Z [36;1m  fi[0m
2025-09-20T21:18:27.3520823Z [36;1m  printSeparationLine '*' 80[0m
2025-09-20T21:18:27.3521813Z [36;1m  echo ""[0m
2025-09-20T21:18:27.3522630Z [36;1m}[0m
2025-09-20T21:18:27.3523328Z [36;1m[0m
2025-09-20T21:18:27.3524151Z [36;1m# macro to print output of dh with caption[0m
2025-09-20T21:18:27.3525363Z [36;1mprintDH() {[0m
2025-09-20T21:18:27.3526178Z [36;1m  caption=${1:-}[0m
2025-09-20T21:18:27.3526996Z [36;1m[0m
2025-09-20T21:18:27.3527745Z [36;1m  printSeparationLine '=' 80[0m
2025-09-20T21:18:27.3528933Z [36;1m  echo "${caption}"[0m
2025-09-20T21:18:27.3529836Z [36;1m  echo ""[0m
2025-09-20T21:18:27.3530618Z [36;1m  echo "$ dh -h /"[0m
2025-09-20T21:18:27.3531499Z [36;1m  echo ""[0m
2025-09-20T21:18:27.3532255Z [36;1m  df -h /[0m
2025-09-20T21:18:27.3533040Z [36;1m  echo "$ dh -a /"[0m
2025-09-20T21:18:27.3533886Z [36;1m  echo ""[0m
2025-09-20T21:18:27.3534660Z [36;1m  df -a /[0m
2025-09-20T21:18:27.3535560Z [36;1m  echo "$ dh -a"[0m
2025-09-20T21:18:27.3536387Z [36;1m  echo ""[0m
2025-09-20T21:18:27.3537154Z [36;1m  df -a[0m
2025-09-20T21:18:27.3537969Z [36;1m  printSeparationLine '=' 80[0m
2025-09-20T21:18:27.3538962Z [36;1m}[0m
2025-09-20T21:18:27.3539640Z [36;1m[0m
2025-09-20T21:18:27.3540315Z [36;1m[0m
2025-09-20T21:18:27.3540987Z [36;1m[0m
2025-09-20T21:18:27.3541667Z [36;1m# ======[0m
2025-09-20T21:18:27.3542403Z [36;1m# SCRIPT[0m
2025-09-20T21:18:27.3543179Z [36;1m# ======[0m
2025-09-20T21:18:27.3543904Z [36;1m[0m
2025-09-20T21:18:27.3544834Z [36;1m# Display initial disk space stats[0m
2025-09-20T21:18:27.3545852Z [36;1m[0m
2025-09-20T21:18:27.3546665Z [36;1mAVAILABLE_INITIAL=$(getAvailableSpace)[0m
2025-09-20T21:18:27.3547974Z [36;1mAVAILABLE_ROOT_INITIAL=$(getAvailableSpace '/')[0m
2025-09-20T21:18:27.3549138Z [36;1m[0m
2025-09-20T21:18:27.3549880Z [36;1mprintDH "BEFORE CLEAN-UP:"[0m
2025-09-20T21:18:27.3550843Z [36;1mecho ""[0m
2025-09-20T21:18:27.3551574Z [36;1m[0m
2025-09-20T21:18:27.3552240Z [36;1m[0m
2025-09-20T21:18:27.3553023Z [36;1m# Option: Remove Android library[0m
2025-09-20T21:18:27.3554008Z [36;1m[0m
2025-09-20T21:18:27.3554895Z [36;1mif [[ true == 'true' ]]; then[0m
2025-09-20T21:18:27.3555929Z [36;1m  BEFORE=$(getAvailableSpace)[0m
2025-09-20T21:18:27.3556893Z [36;1m  [0m
2025-09-20T21:18:27.3557722Z [36;1m  sudo rm -rf /usr/local/lib/android || true[0m
2025-09-20T21:18:27.3558792Z [36;1m[0m
2025-09-20T21:18:27.3559563Z [36;1m  AFTER=$(getAvailableSpace)[0m
2025-09-20T21:18:27.3560576Z [36;1m  SAVED=$((AFTER-BEFORE))[0m
2025-09-20T21:18:27.3561648Z [36;1m  printSavedSpace $SAVED "Android library"[0m
2025-09-20T21:18:27.3562726Z [36;1mfi[0m
2025-09-20T21:18:27.3563388Z [36;1m[0m
2025-09-20T21:18:27.3564162Z [36;1m# Option: Remove .NET runtime[0m
2025-09-20T21:18:27.3565202Z [36;1m[0m
2025-09-20T21:18:27.3565901Z [36;1mif [[ true == 'true' ]]; then[0m
2025-09-20T21:18:27.3566889Z [36;1m  BEFORE=$(getAvailableSpace)[0m
2025-09-20T21:18:27.3567840Z [36;1m[0m
2025-09-20T21:18:27.3569108Z [36;1m  # https://github.community/t/bigger-github-hosted-runners-disk-space/17267/11[0m
2025-09-20T21:18:27.3570920Z [36;1m  sudo rm -rf /usr/share/dotnet || true[0m
2025-09-20T21:18:27.3571945Z [36;1m  [0m
2025-09-20T21:18:27.3572691Z [36;1m  AFTER=$(getAvailableSpace)[0m
2025-09-20T21:18:27.3573726Z [36;1m  SAVED=$((AFTER-BEFORE))[0m
2025-09-20T21:18:27.3574852Z [36;1m  printSavedSpace $SAVED ".NET runtime"[0m
2025-09-20T21:18:27.3575886Z [36;1mfi[0m
2025-09-20T21:18:27.3576541Z [36;1m[0m
2025-09-20T21:18:27.3577290Z [36;1m# Option: Remove Haskell runtime[0m
2025-09-20T21:18:27.3578260Z [36;1m[0m
2025-09-20T21:18:27.3578969Z [36;1mif [[ true == 'true' ]]; then[0m
2025-09-20T21:18:27.3579998Z [36;1m  BEFORE=$(getAvailableSpace)[0m
2025-09-20T21:18:27.3580957Z [36;1m[0m
2025-09-20T21:18:27.3581707Z [36;1m  sudo rm -rf /opt/ghc || true[0m
2025-09-20T21:18:27.3582787Z [36;1m  sudo rm -rf /usr/local/.ghcup || true[0m
2025-09-20T21:18:27.3583828Z [36;1m  [0m
2025-09-20T21:18:27.3584582Z [36;1m  AFTER=$(getAvailableSpace)[0m
2025-09-20T21:18:27.3585731Z [36;1m  SAVED=$((AFTER-BEFORE))[0m
2025-09-20T21:18:27.3586820Z [36;1m  printSavedSpace $SAVED "Haskell runtime"[0m
2025-09-20T21:18:27.3652601Z [36;1mfi[0m
2025-09-20T21:18:27.3653417Z [36;1m[0m
2025-09-20T21:18:27.3654239Z [36;1m# Option: Remove large packages[0m
2025-09-20T21:18:27.3656130Z [36;1m# REF: https://github.com/apache/flink/blob/master/tools/azure-pipelines/free_disk_space.sh[0m
2025-09-20T21:18:27.3657859Z [36;1m[0m
2025-09-20T21:18:27.3658779Z [36;1mif [[ true == 'true' ]]; then[0m
2025-09-20T21:18:27.3659823Z [36;1m  BEFORE=$(getAvailableSpace)[0m
2025-09-20T21:18:27.3660806Z [36;1m  [0m
2025-09-20T21:18:27.3662844Z [36;1m  sudo apt-get remove -y '^aspnetcore-.*' || echo "::warning::The command [sudo apt-get remove -y '^aspnetcore-.*'] failed to complete successfully. Proceeding..."[0m
2025-09-20T21:18:27.3666774Z [36;1m  sudo apt-get remove -y '^dotnet-.*' --fix-missing || echo "::warning::The command [sudo apt-get remove -y '^dotnet-.*' --fix-missing] failed to complete successfully. Proceeding..."[0m
2025-09-20T21:18:27.3670685Z [36;1m  sudo apt-get remove -y '^llvm-.*' --fix-missing || echo "::warning::The command [sudo apt-get remove -y '^llvm-.*' --fix-missing] failed to complete successfully. Proceeding..."[0m
2025-09-20T21:18:27.3674464Z [36;1m  sudo apt-get remove -y 'php.*' --fix-missing || echo "::warning::The command [sudo apt-get remove -y 'php.*' --fix-missing] failed to complete successfully. Proceeding..."[0m
2025-09-20T21:18:27.3678381Z [36;1m  sudo apt-get remove -y '^mongodb-.*' --fix-missing || echo "::warning::The command [sudo apt-get remove -y '^mongodb-.*' --fix-missing] failed to complete successfully. Proceeding..."[0m
2025-09-20T21:18:27.3682293Z [36;1m  sudo apt-get remove -y '^mysql-.*' --fix-missing || echo "::warning::The command [sudo apt-get remove -y '^mysql-.*' --fix-missing] failed to complete successfully. Proceeding..."[0m
2025-09-20T21:18:27.3688253Z [36;1m  sudo apt-get remove -y azure-cli google-chrome-stable firefox powershell mono-devel libgl1-mesa-dri --fix-missing || echo "::warning::The command [sudo apt-get remove -y azure-cli google-chrome-stable firefox powershell mono-devel libgl1-mesa-dri --fix-missing] failed to complete successfully. Proceeding..."[0m
2025-09-20T21:18:27.3694048Z [36;1m  sudo apt-get remove -y google-cloud-sdk --fix-missing || echo "::debug::The command [sudo apt-get remove -y google-cloud-sdk --fix-missing] failed to complete successfully. Proceeding..."[0m
2025-09-20T21:18:27.3698378Z [36;1m  sudo apt-get remove -y google-cloud-cli --fix-missing || echo "::debug::The command [sudo apt-get remove -y google-cloud-cli --fix-missing] failed to complete successfully. Proceeding..."[0m
2025-09-20T21:18:27.3702007Z [36;1m  sudo apt-get autoremove -y || echo "::warning::The command [sudo apt-get autoremove -y] failed to complete successfully. Proceeding..."[0m
2025-09-20T21:18:27.3704987Z [36;1m  sudo apt-get clean || echo "::warning::The command [sudo apt-get clean] failed to complete successfully. Proceeding..."[0m
2025-09-20T21:18:27.3706979Z [36;1m[0m
2025-09-20T21:18:27.3707741Z [36;1m  AFTER=$(getAvailableSpace)[0m
2025-09-20T21:18:27.3708764Z [36;1m  SAVED=$((AFTER-BEFORE))[0m
2025-09-20T21:18:27.3709914Z [36;1m  printSavedSpace $SAVED "Large misc. packages"[0m
2025-09-20T21:18:27.3711037Z [36;1mfi[0m
2025-09-20T21:18:27.3711730Z [36;1m[0m
2025-09-20T21:18:27.3712496Z [36;1m# Option: Remove Docker images[0m
2025-09-20T21:18:27.3713470Z [36;1m[0m
2025-09-20T21:18:27.3714189Z [36;1mif [[ true == 'true' ]]; then[0m
2025-09-20T21:18:27.3715306Z [36;1m  BEFORE=$(getAvailableSpace)[0m
2025-09-20T21:18:27.3716274Z [36;1m[0m
2025-09-20T21:18:27.3717137Z [36;1m  sudo docker image prune --all --force || true[0m
2025-09-20T21:18:27.3718240Z [36;1m[0m
2025-09-20T21:18:27.3718978Z [36;1m  AFTER=$(getAvailableSpace)[0m
2025-09-20T21:18:27.3719978Z [36;1m  SAVED=$((AFTER-BEFORE))[0m
2025-09-20T21:18:27.3721023Z [36;1m  printSavedSpace $SAVED "Docker images"[0m
2025-09-20T21:18:27.3722085Z [36;1mfi[0m
2025-09-20T21:18:27.3722790Z [36;1m[0m
2025-09-20T21:18:27.3723525Z [36;1m# Option: Remove tool cache[0m
2025-09-20T21:18:27.3725296Z [36;1m# REF: https://github.com/actions/virtual-environments/issues/2875#issuecomment-1163392159[0m
2025-09-20T21:18:27.3726925Z [36;1m[0m
2025-09-20T21:18:27.3727654Z [36;1mif [[ false == 'true' ]]; then[0m
2025-09-20T21:18:27.3728737Z [36;1m  BEFORE=$(getAvailableSpace)[0m
2025-09-20T21:18:27.3729832Z [36;1m[0m
2025-09-20T21:18:27.3730673Z [36;1m  sudo rm -rf "$AGENT_TOOLSDIRECTORY" || true[0m
2025-09-20T21:18:27.3731767Z [36;1m  [0m
2025-09-20T21:18:27.3732529Z [36;1m  AFTER=$(getAvailableSpace)[0m
2025-09-20T21:18:27.3733524Z [36;1m  SAVED=$((AFTER-BEFORE))[0m
2025-09-20T21:18:27.3734557Z [36;1m  printSavedSpace $SAVED "Tool cache"[0m
2025-09-20T21:18:27.3735717Z [36;1mfi[0m
2025-09-20T21:18:27.3736411Z [36;1m[0m
2025-09-20T21:18:27.3737153Z [36;1m# Option: Remove Swap storage[0m
2025-09-20T21:18:27.3738115Z [36;1m[0m
2025-09-20T21:18:27.3738834Z [36;1mif [[ true == 'true' ]]; then[0m
2025-09-20T21:18:27.3739853Z [36;1m  BEFORE=$(getAvailableSpace)[0m
2025-09-20T21:18:27.3740804Z [36;1m[0m
2025-09-20T21:18:27.3741520Z [36;1m  sudo swapoff -a || true[0m
2025-09-20T21:18:27.3742545Z [36;1m  sudo rm -f /mnt/swapfile || true[0m
2025-09-20T21:18:27.3743586Z [36;1m  free -h[0m
2025-09-20T21:18:27.3744328Z [36;1m  [0m
2025-09-20T21:18:27.3745189Z [36;1m  AFTER=$(getAvailableSpace)[0m
2025-09-20T21:18:27.3746180Z [36;1m  SAVED=$((AFTER-BEFORE))[0m
2025-09-20T21:18:27.3747209Z [36;1m  printSavedSpace $SAVED "Swap storage"[0m
2025-09-20T21:18:27.3748243Z [36;1mfi[0m
2025-09-20T21:18:27.3748925Z [36;1m[0m
2025-09-20T21:18:27.3749587Z [36;1m[0m
2025-09-20T21:18:27.3750253Z [36;1m[0m
2025-09-20T21:18:27.3750994Z [36;1m# Output saved space statistic[0m
2025-09-20T21:18:27.3751958Z [36;1m[0m
2025-09-20T21:18:27.3752727Z [36;1mAVAILABLE_END=$(getAvailableSpace)[0m
2025-09-20T21:18:27.3753918Z [36;1mAVAILABLE_ROOT_END=$(getAvailableSpace '/')[0m
2025-09-20T21:18:27.3755178Z [36;1m[0m
2025-09-20T21:18:27.3755852Z [36;1mecho ""[0m
2025-09-20T21:18:27.3756628Z [36;1mprintDH "AFTER CLEAN-UP:"[0m
2025-09-20T21:18:27.3757557Z [36;1m[0m
2025-09-20T21:18:27.3758232Z [36;1mecho ""[0m
2025-09-20T21:18:27.3758958Z [36;1mecho ""[0m
2025-09-20T21:18:27.3759694Z [36;1m[0m
2025-09-20T21:18:27.3760399Z [36;1mecho "/dev/root:"[0m
2025-09-20T21:18:27.3761671Z [36;1mprintSavedSpace $((AVAILABLE_ROOT_END - AVAILABLE_ROOT_INITIAL))[0m
2025-09-20T21:18:27.3763036Z [36;1mecho "overall:"[0m
2025-09-20T21:18:27.3764163Z [36;1mprintSavedSpace $((AVAILABLE_END - AVAILABLE_INITIAL))[0m
2025-09-20T21:18:27.3821272Z shell: /usr/bin/bash --noprofile --norc -e -o pipefail {0}
2025-09-20T21:18:27.3822485Z env:
2025-09-20T21:18:27.3823180Z   CARGO_TERM_COLOR: always
2025-09-20T21:18:27.3824052Z   RUST_BACKTRACE: full
2025-09-20T21:18:27.3825072Z   RUST_MIN_STACK: 40971520
2025-09-20T21:18:27.3825941Z   RUST_LOG: citadel=warn
2025-09-20T21:18:27.3826745Z   IN_CI: true
2025-09-20T21:18:27.3827699Z   NAT_TYPE_PEER_A: port_restricted
2025-09-20T21:18:27.3828672Z   NAT_TYPE_PEER_B: port_restricted
2025-09-20T21:18:27.3829589Z ##[endgroup]
2025-09-20T21:18:27.4061387Z ================================================================================
2025-09-20T21:18:27.4062747Z BEFORE CLEAN-UP:
2025-09-20T21:18:27.4063234Z 
2025-09-20T21:18:27.4063571Z $ dh -h /
2025-09-20T21:18:27.4064014Z 
2025-09-20T21:18:27.4070933Z Filesystem      Size  Used Avail Use% Mounted on
2025-09-20T21:18:27.4072252Z /dev/root        72G   46G   27G  64% /
2025-09-20T21:18:27.4073471Z $ dh -a /
2025-09-20T21:18:27.4074115Z 
2025-09-20T21:18:27.4083166Z Filesystem     1K-blocks     Used Available Use% Mounted on
2025-09-20T21:18:27.4085383Z /dev/root       75085112 47603280  27465448  64% /
2025-09-20T21:18:27.4086667Z $ dh -a
2025-09-20T21:18:27.4087057Z 
2025-09-20T21:18:27.4097204Z Filesystem     1K-blocks     Used Available Use% Mounted on
2025-09-20T21:18:27.4098535Z /dev/root       75085112 47603280  27465448  64% /
2025-09-20T21:18:27.4099729Z devtmpfs         8186144        0   8186144   0% /dev
2025-09-20T21:18:27.4100889Z proc                   0        0         0    - /proc
2025-09-20T21:18:27.4102032Z sysfs                  0        0         0    - /sys
2025-09-20T21:18:27.4103430Z securityfs             0        0         0    - /sys/kernel/security
2025-09-20T21:18:27.4105169Z tmpfs            8189736       84   8189652   1% /dev/shm
2025-09-20T21:18:27.4106428Z devpts                 0        0         0    - /dev/pts
2025-09-20T21:18:27.4107599Z tmpfs            3275896     1104   3274792   1% /run
2025-09-20T21:18:27.4108763Z tmpfs               5120        0      5120   0% /run/lock
2025-09-20T21:18:27.4109998Z cgroup2                0        0         0    - /sys/fs/cgroup
2025-09-20T21:18:27.4111550Z pstore                 0        0         0    - /sys/fs/pstore
2025-09-20T21:18:27.4113462Z bpf                    0        0         0    - /sys/fs/bpf
2025-09-20T21:18:27.4115776Z systemd-1              -        -         -    - /proc/sys/fs/binfmt_misc
2025-09-20T21:18:27.4118147Z hugetlbfs              0        0         0    - /dev/hugepages
2025-09-20T21:18:27.4120212Z mqueue                 0        0         0    - /dev/mqueue
2025-09-20T21:18:27.4122262Z debugfs                0        0         0    - /sys/kernel/debug
2025-09-20T21:18:27.4124399Z tracefs                0        0         0    - /sys/kernel/tracing
2025-09-20T21:18:27.4126772Z fusectl                0        0         0    - /sys/fs/fuse/connections
2025-09-20T21:18:27.4128956Z configfs               0        0         0    - /sys/kernel/config
2025-09-20T21:18:27.4130993Z /dev/sda16        901520    60640    777752   8% /boot
2025-09-20T21:18:27.4132981Z /dev/sda15        106832     6250    100582   6% /boot/efi
2025-09-20T21:18:27.4135069Z binfmt_misc            0        0         0    - /proc/sys/fs/binfmt_misc
2025-09-20T21:18:27.4136417Z /dev/sdb1       76829444  4194336  68686668   6% /mnt
2025-09-20T21:18:27.4137632Z tmpfs            1637944       12   1637932   1% /run/user/1001
2025-09-20T21:18:27.4138866Z ================================================================================
2025-09-20T21:18:27.4139630Z 
2025-09-20T21:22:00.3923209Z 
2025-09-20T21:22:00.3929406Z ********************************************************************************
2025-09-20T21:22:00.4363876Z => Android library: Saved 9.3GiB
2025-09-20T21:22:00.4370999Z ********************************************************************************
2025-09-20T21:22:00.4371402Z 
2025-09-20T21:22:00.4502571Z 
2025-09-20T21:22:00.4508957Z ********************************************************************************
2025-09-20T21:22:00.4525677Z => .NET runtime: Saved 0B
2025-09-20T21:22:00.4531673Z ********************************************************************************
2025-09-20T21:22:00.4531925Z 
2025-09-20T21:22:08.6733374Z 
2025-09-20T21:22:08.6739859Z ********************************************************************************
2025-09-20T21:22:08.6756003Z => Haskell runtime: Saved 6.2GiB
2025-09-20T21:22:08.6761997Z ********************************************************************************
2025-09-20T21:22:08.6762393Z 
2025-09-20T21:22:14.1168404Z Reading package lists...
2025-09-20T21:22:14.2822355Z Building dependency tree...
2025-09-20T21:22:14.2891050Z Reading state information...
2025-09-20T21:22:14.5281031Z Package 'aspnetcore-runtime-6.0' is not installed, so not removed
2025-09-20T21:22:14.5282046Z Package 'aspnetcore-targeting-pack-6.0' is not installed, so not removed
2025-09-20T21:22:14.5283025Z Package 'aspnetcore-runtime-dbg-8.0' is not installed, so not removed
2025-09-20T21:22:14.5283719Z The following packages will be REMOVED:
2025-09-20T21:22:14.5288644Z   aspnetcore-runtime-8.0 aspnetcore-targeting-pack-8.0 dotnet-sdk-8.0
2025-09-20T21:22:14.8158635Z 0 upgraded, 0 newly installed, 3 to remove and 6 not upgraded.
2025-09-20T21:22:14.8159283Z After this operation, 350 MB disk space will be freed.
2025-09-20T21:22:14.9982101Z (Reading database ... 
2025-09-20T21:22:14.9982626Z (Reading database ... 5%
2025-09-20T21:22:14.9983029Z (Reading database ... 10%
2025-09-20T21:22:14.9983465Z (Reading database ... 15%
2025-09-20T21:22:14.9984214Z (Reading database ... 20%
2025-09-20T21:22:14.9984515Z (Reading database ... 25%
2025-09-20T21:22:14.9985176Z (Reading database ... 30%
2025-09-20T21:22:14.9985743Z (Reading database ... 35%
2025-09-20T21:22:14.9986017Z (Reading database ... 40%
2025-09-20T21:22:14.9986277Z (Reading database ... 45%
2025-09-20T21:22:14.9986529Z (Reading database ... 50%
2025-09-20T21:22:15.1699320Z (Reading database ... 55%
2025-09-20T21:22:15.9414919Z (Reading database ... 60%
2025-09-20T21:22:16.7026470Z (Reading database ... 65%
2025-09-20T21:22:17.4378243Z (Reading database ... 70%
2025-09-20T21:22:18.1939921Z (Reading database ... 75%
2025-09-20T21:22:18.9565359Z (Reading database ... 80%
2025-09-20T21:22:19.8152687Z (Reading database ... 85%
2025-09-20T21:22:20.6525224Z (Reading database ... 90%
2025-09-20T21:22:21.4164632Z (Reading database ... 95%
2025-09-20T21:22:21.4165388Z (Reading database ... 100%
2025-09-20T21:22:21.4166084Z (Reading database ... 218655 files and directories currently installed.)
2025-09-20T21:22:21.4208921Z Removing dotnet-sdk-8.0 (8.0.119-0ubuntu1~24.04.1) ...
2025-09-20T21:22:25.6993239Z Removing aspnetcore-runtime-8.0 (8.0.19-0ubuntu1~24.04.1) ...
2025-09-20T21:22:25.7329128Z Removing aspnetcore-targeting-pack-8.0 (8.0.19-0ubuntu1~24.04.1) ...
2025-09-20T21:22:27.3206122Z Reading package lists...
2025-09-20T21:22:27.4784293Z Building dependency tree...
2025-09-20T21:22:27.4791840Z Reading state information...
2025-09-20T21:22:27.7176571Z Package 'dotnet-hostfxr-6.0' is not installed, so not removed
2025-09-20T21:22:27.7177444Z Package 'dotnet-runtime-6.0' is not installed, so not removed
2025-09-20T21:22:27.7178284Z Package 'dotnet-sdk-6.0' is not installed, so not removed
2025-09-20T21:22:27.7179114Z Package 'dotnet-targeting-pack-6.0' is not installed, so not removed
2025-09-20T21:22:27.7179958Z Package 'dotnet-templates-6.0' is not installed, so not removed
2025-09-20T21:22:27.7180483Z Package 'dotnet-apphost-pack-6.0' is not installed, so not removed
2025-09-20T21:22:27.7180960Z Package 'dotnet-sdk-8.0' is not installed, so not removed
2025-09-20T21:22:27.7181429Z Package 'dotnet-runtime-dbg-8.0' is not installed, so not removed
2025-09-20T21:22:27.7182011Z Package 'dotnet-sdk-8.0-source-built-artifacts' is not installed, so not removed
2025-09-20T21:22:27.7182874Z Package 'dotnet-sdk-dbg-8.0' is not installed, so not removed
2025-09-20T21:22:27.7183517Z The following packages will be REMOVED:
2025-09-20T21:22:27.7184138Z   dotnet-apphost-pack-8.0 dotnet-host-8.0 dotnet-hostfxr-8.0
2025-09-20T21:22:27.7185146Z   dotnet-runtime-8.0 dotnet-targeting-pack-8.0 dotnet-templates-8.0
2025-09-20T21:22:27.9679812Z 0 upgraded, 0 newly installed, 6 to remove and 6 not upgraded.
2025-09-20T21:22:27.9680454Z After this operation, 125 MB disk space will be freed.
2025-09-20T21:22:27.9867686Z (Reading database ... 
2025-09-20T21:22:27.9868083Z (Reading database ... 5%
2025-09-20T21:22:27.9868433Z (Reading database ... 10%
2025-09-20T21:22:27.9868770Z (Reading database ... 15%
2025-09-20T21:22:27.9869104Z (Reading database ... 20%
2025-09-20T21:22:27.9869444Z (Reading database ... 25%
2025-09-20T21:22:27.9869771Z (Reading database ... 30%
2025-09-20T21:22:27.9870132Z (Reading database ... 35%
2025-09-20T21:22:27.9870464Z (Reading database ... 40%
2025-09-20T21:22:27.9870787Z (Reading database ... 45%
2025-09-20T21:22:27.9871119Z (Reading database ... 50%
2025-09-20T21:22:27.9961766Z (Reading database ... 55%
2025-09-20T21:22:27.9988723Z (Reading database ... 60%
2025-09-20T21:22:28.0015452Z (Reading database ... 65%
2025-09-20T21:22:28.0045711Z (Reading database ... 70%
2025-09-20T21:22:28.0062462Z (Reading database ... 75%
2025-09-20T21:22:28.0082002Z (Reading database ... 80%
2025-09-20T21:22:28.0233605Z (Reading database ... 85%
2025-09-20T21:22:28.0463891Z (Reading database ... 90%
2025-09-20T21:22:28.0538826Z (Reading database ... 95%
2025-09-20T21:22:28.0539260Z (Reading database ... 100%
2025-09-20T21:22:28.0539682Z (Reading database ... 214778 files and directories currently installed.)
2025-09-20T21:22:28.0578324Z Removing dotnet-apphost-pack-8.0 (8.0.19-0ubuntu1~24.04.1) ...
2025-09-20T21:22:28.1102069Z Removing dotnet-runtime-8.0 (8.0.19-0ubuntu1~24.04.1) ...
2025-09-20T21:22:28.1432648Z Removing dotnet-hostfxr-8.0 (8.0.19-0ubuntu1~24.04.1) ...
2025-09-20T21:22:28.1650509Z Removing dotnet-templates-8.0 (8.0.119-0ubuntu1~24.04.1) ...
2025-09-20T21:22:28.1967343Z Removing dotnet-host-8.0 (8.0.19-0ubuntu1~24.04.1) ...
2025-09-20T21:22:28.9554555Z Removing dotnet-targeting-pack-8.0 (8.0.19-0ubuntu1~24.04.1) ...
2025-09-20T21:22:29.1317214Z Processing triggers for man-db (2.12.0-4build2) ...
2025-09-20T21:24:07.7535165Z Reading package lists...
2025-09-20T21:24:07.9309665Z Building dependency tree...
2025-09-20T21:24:07.9319539Z Reading state information...
2025-09-20T21:24:08.1895728Z Package 'llvm-14-linker-tools' is not installed, so not removed
2025-09-20T21:24:08.1896251Z Package 'llvm-14-dev' is not installed, so not removed
2025-09-20T21:24:08.1896819Z Package 'llvm-15-linker-tools' is not installed, so not removed
2025-09-20T21:24:08.1897322Z Package 'llvm-15-dev' is not installed, so not removed
2025-09-20T21:24:08.1897760Z Package 'llvm-15' is not installed, so not removed
2025-09-20T21:24:08.1898150Z Package 'llvm-dev' is not installed, so not removed
2025-09-20T21:24:08.1898549Z Package 'llvm-14-doc' is not installed, so not removed
2025-09-20T21:24:08.1898956Z Package 'llvm-15-doc' is not installed, so not removed
2025-09-20T21:24:08.1899380Z Package 'llvm-16-doc' is not installed, so not removed
2025-09-20T21:24:08.1899965Z Package 'llvm-17-doc' is not installed, so not removed
2025-09-20T21:24:08.1900365Z Package 'llvm-18-doc' is not installed, so not removed
2025-09-20T21:24:08.1900771Z Package 'llvm-runtime' is not installed, so not removed
2025-09-20T21:24:08.1901191Z Package 'llvm-14' is not installed, so not removed
2025-09-20T21:24:08.1901784Z Package 'llvm-14-runtime' is not installed, so not removed
2025-09-20T21:24:08.1902290Z Package 'llvm-14-tools' is not installed, so not removed
2025-09-20T21:24:08.1902729Z Package 'llvm-14-examples' is not installed, so not removed
2025-09-20T21:24:08.1903194Z Package 'llvm-15-runtime' is not installed, so not removed
2025-09-20T21:24:08.1903633Z Package 'llvm-15-tools' is not installed, so not removed
2025-09-20T21:24:08.1904062Z Package 'llvm-15-examples' is not installed, so not removed
2025-09-20T21:24:08.1904503Z Package 'llvm-16-examples' is not installed, so not removed
2025-09-20T21:24:08.1905196Z Package 'llvm-17-examples' is not installed, so not removed
2025-09-20T21:24:08.1905633Z Package 'llvm-18-examples' is not installed, so not removed
2025-09-20T21:24:08.1906083Z Package 'llvm-bolt' is not installed, so not removed
2025-09-20T21:24:08.1906557Z Package 'llvm-spirv-14' is not installed, so not removed
2025-09-20T21:24:08.1907276Z Package 'llvm-spirv-15' is not installed, so not removed
2025-09-20T21:24:08.1907655Z Package 'llvm-spirv-16' is not installed, so not removed
2025-09-20T21:24:08.1908037Z Package 'llvm-spirv-17' is not installed, so not removed
2025-09-20T21:24:08.1908418Z Package 'llvm-spirv-18' is not installed, so not removed
2025-09-20T21:24:08.1908807Z Package 'llvm-19-dev' is not installed, so not removed
2025-09-20T21:24:08.1909182Z Package 'llvm-20-dev' is not installed, so not removed
2025-09-20T21:24:08.1909584Z Package 'llvm-19-linker-tools' is not installed, so not removed
2025-09-20T21:24:08.1910026Z Package 'llvm-20-linker-tools' is not installed, so not removed
2025-09-20T21:24:08.1910424Z Package 'llvm-19-doc' is not installed, so not removed
2025-09-20T21:24:08.1910797Z Package 'llvm-20-doc' is not installed, so not removed
2025-09-20T21:24:08.1911152Z Package 'llvm-19' is not installed, so not removed
2025-09-20T21:24:08.1911527Z Package 'llvm-19-runtime' is not installed, so not removed
2025-09-20T21:24:08.1911929Z Package 'llvm-19-tools' is not installed, so not removed
2025-09-20T21:24:08.1912319Z Package 'llvm-19-examples' is not installed, so not removed
2025-09-20T21:24:08.1912695Z Package 'llvm-20' is not installed, so not removed
2025-09-20T21:24:08.1913063Z Package 'llvm-20-runtime' is not installed, so not removed
2025-09-20T21:24:08.1913633Z Package 'llvm-20-tools' is not installed, so not removed
2025-09-20T21:24:08.1914029Z Package 'llvm-20-examples' is not installed, so not removed
2025-09-20T21:24:08.1914425Z Package 'llvm-spirv-19' is not installed, so not removed
2025-09-20T21:24:08.1914940Z Package 'llvm-spirv-20' is not installed, so not removed
2025-09-20T21:24:08.1915293Z The following packages will be REMOVED:
2025-09-20T21:24:08.1915679Z   clang-16 clang-17 clang-18 clang-tidy-16 clang-tidy-17 clang-tidy-18
2025-09-20T21:24:08.1916147Z   clang-tools-16 clang-tools-17 clang-tools-18 llvm-16 llvm-16-dev
2025-09-20T21:24:08.1916641Z   llvm-16-linker-tools llvm-16-runtime llvm-16-tools llvm-17 llvm-17-dev
2025-09-20T21:24:08.1917128Z   llvm-17-linker-tools llvm-17-runtime llvm-17-tools llvm-18 llvm-18-dev
2025-09-20T21:24:08.1917489Z   llvm-18-linker-tools llvm-18-runtime llvm-18-tools
2025-09-20T21:24:08.4438901Z 0 upgraded, 0 newly installed, 24 to remove and 6 not upgraded.
2025-09-20T21:24:08.4439744Z After this operation, 1575 MB disk space will be freed.
2025-09-20T21:24:08.4625269Z (Reading database ... 
2025-09-20T21:24:08.4625687Z (Reading database ... 5%
2025-09-20T21:24:08.4626047Z (Reading database ... 10%
2025-09-20T21:24:08.4626397Z (Reading database ... 15%
2025-09-20T21:24:08.4626725Z (Reading database ... 20%
2025-09-20T21:24:08.4627540Z (Reading database ... 25%
2025-09-20T21:24:08.4627892Z (Reading database ... 30%
2025-09-20T21:24:08.4628226Z (Reading database ... 35%
2025-09-20T21:24:08.4628557Z (Reading database ... 40%
2025-09-20T21:24:08.4628890Z (Reading database ... 45%
2025-09-20T21:24:08.4629221Z (Reading database ... 50%
2025-09-20T21:24:08.4723124Z (Reading database ... 55%
2025-09-20T21:24:08.4750828Z (Reading database ... 60%
2025-09-20T21:24:08.4778146Z (Reading database ... 65%
2025-09-20T21:24:08.4808995Z (Reading database ... 70%
2025-09-20T21:24:08.4826234Z (Reading database ... 75%
2025-09-20T21:24:08.4846293Z (Reading database ... 80%
2025-09-20T21:24:08.5001582Z (Reading database ... 85%
2025-09-20T21:24:08.5238705Z (Reading database ... 90%
2025-09-20T21:24:08.5313568Z (Reading database ... 95%
2025-09-20T21:24:08.5313842Z (Reading database ... 100%
2025-09-20T21:24:08.5314231Z (Reading database ... 214123 files and directories currently installed.)
2025-09-20T21:24:08.5353155Z Removing clang-tidy-16 (1:16.0.6-23ubuntu4) ...
2025-09-20T21:24:08.5851338Z Removing clang-tools-16 (1:16.0.6-23ubuntu4) ...
2025-09-20T21:24:08.7165329Z Removing clang-16 (1:16.0.6-23ubuntu4) ...
2025-09-20T21:24:08.7596620Z Removing clang-tidy-17 (1:17.0.6-9ubuntu1) ...
2025-09-20T21:24:08.8018523Z Removing clang-tools-17 (1:17.0.6-9ubuntu1) ...
2025-09-20T21:24:08.9388263Z Removing clang-17 (1:17.0.6-9ubuntu1) ...
2025-09-20T21:24:08.9774421Z Removing clang-tidy-18 (1:18.1.3-1ubuntu1) ...
2025-09-20T21:24:09.0102643Z Removing clang-tools-18 (1:18.1.3-1ubuntu1) ...
2025-09-20T21:24:09.1427786Z Removing clang-18 (1:18.1.3-1ubuntu1) ...
2025-09-20T21:24:09.1810935Z Removing llvm-16-dev (1:16.0.6-23ubuntu4) ...
2025-09-20T21:24:10.0232368Z Removing llvm-16 (1:16.0.6-23ubuntu4) ...
2025-09-20T21:24:10.0569293Z Removing llvm-16-linker-tools (1:16.0.6-23ubuntu4) ...
2025-09-20T21:24:10.0872512Z Removing llvm-16-runtime (1:16.0.6-23ubuntu4) ...
2025-09-20T21:24:10.1207159Z Removing llvm-16-tools (1:16.0.6-23ubuntu4) ...
2025-09-20T21:24:10.6645161Z Removing llvm-17-dev (1:17.0.6-9ubuntu1) ...
2025-09-20T21:24:11.3779469Z Removing llvm-17 (1:17.0.6-9ubuntu1) ...
2025-09-20T21:24:11.4115366Z Removing llvm-17-linker-tools (1:17.0.6-9ubuntu1) ...
2025-09-20T21:24:11.4390870Z Removing llvm-17-runtime (1:17.0.6-9ubuntu1) ...
2025-09-20T21:24:11.4706451Z Removing llvm-17-tools (1:17.0.6-9ubuntu1) ...
2025-09-20T21:24:11.9802016Z Removing llvm-18-dev (1:18.1.3-1ubuntu1) ...
2025-09-20T21:24:12.6841762Z Removing llvm-18 (1:18.1.3-1ubuntu1) ...
2025-09-20T21:24:12.7182461Z Removing llvm-18-linker-tools (1:18.1.3-1ubuntu1) ...
2025-09-20T21:24:12.7454202Z Removing llvm-18-runtime (1:18.1.3-1ubuntu1) ...
2025-09-20T21:24:12.7787623Z Removing llvm-18-tools (1:18.1.3-1ubuntu1) ...
2025-09-20T21:24:13.3623751Z Processing triggers for systemd (255.4-1ubuntu8.10) ...
2025-09-20T21:24:13.4005748Z Processing triggers for man-db (2.12.0-4build2) ...
2025-09-20T21:24:17.1407835Z Processing triggers for libc-bin (2.39-0ubuntu8.5) ...
2025-09-20T21:24:20.0265574Z Reading package lists...
2025-09-20T21:24:20.1847266Z Building dependency tree...
2025-09-20T21:24:20.1854599Z Reading state information...
2025-09-20T21:24:20.2937031Z Package 'php-lua' is not installed, so not removed
2025-09-20T21:24:20.2937751Z Package 'php-mysqlnd-ms' is not installed, so not removed
2025-09-20T21:24:20.2938224Z Package 'php-radius' is not installed, so not removed
2025-09-20T21:24:20.2938632Z Package 'php5.6-common' is not installed, so not removed
2025-09-20T21:24:20.2939040Z Package 'php5.6-json' is not installed, so not removed
2025-09-20T21:24:20.2939442Z Package 'php7.0-common' is not installed, so not removed
2025-09-20T21:24:20.2939836Z Package 'php7.1-common' is not installed, so not removed
2025-09-20T21:24:20.2940244Z Package 'php7.2-common' is not installed, so not removed
2025-09-20T21:24:20.2940635Z Package 'php7.3-common' is not installed, so not removed
2025-09-20T21:24:20.2941031Z Package 'php7.4-common' is not installed, so not removed
2025-09-20T21:24:20.2941420Z Package 'php8.0-common' is not installed, so not removed
2025-09-20T21:24:20.2941813Z Package 'php8.1-common' is not installed, so not removed
2025-09-20T21:24:20.2942352Z Package 'php8.2-common' is not installed, so not removed
2025-09-20T21:24:20.2943009Z Package 'php-pear-frontend-gtk' is not installed, so not removed
2025-09-20T21:24:20.2943533Z Package 'php-pear-frontend-web' is not installed, so not removed
2025-09-20T21:24:20.2944128Z Package 'php7.0-curl' is not installed, so not removed
2025-09-20T21:24:20.2944627Z Package 'php7.2-sodium' is not installed, so not removed
2025-09-20T21:24:20.2945209Z Package 'php5' is not installed, so not removed
2025-09-20T21:24:20.2945662Z Package 'php5-cli' is not installed, so not removed
2025-09-20T21:24:20.2946222Z Package 'php5-pgsql' is not installed, so not removed
2025-09-20T21:24:20.2946760Z Package 'php5-curl' is not installed, so not removed
2025-09-20T21:24:20.2947239Z Package 'php5-ldap' is not installed, so not removed
2025-09-20T21:24:20.2947708Z Package 'gosa-plugin-phpgw' is not installed, so not removed
2025-09-20T21:24:20.2948380Z Package 'gosa-plugin-phpgw-schema' is not installed, so not removed
2025-09-20T21:24:20.2949150Z Package 'gosa-plugin-phpscheduleit' is not installed, so not removed
2025-09-20T21:24:20.2949691Z Package 'gosa-plugin-phpscheduleit-schema' is not installed, so not removed
2025-09-20T21:24:20.2950498Z Package 'php-apc' is not installed, so not removed
2025-09-20T21:24:20.2950868Z Package 'php-suhosin' is not installed, so not removed
2025-09-20T21:24:20.2951241Z Package 'php5-mysql' is not installed, so not removed
2025-09-20T21:24:20.2951634Z Package 'libsparkline-php' is not installed, so not removed
2025-09-20T21:24:20.2952078Z Package 'libapache2-mod-php5' is not installed, so not removed
2025-09-20T21:24:20.2952480Z Package 'php5-fpm' is not installed, so not removed
2025-09-20T21:24:20.2952840Z Package 'libgv-php5' is not installed, so not removed
2025-09-20T21:24:20.2953294Z Package 'php-greew-oauth2-azure-provider' is not installed, so not removed
2025-09-20T21:24:20.2953827Z Package 'php-hayageek-oauth2-yahoo' is not installed, so not removed
2025-09-20T21:24:20.2954314Z Package 'php-league-oauth2-google' is not installed, so not removed
2025-09-20T21:24:20.2954921Z Package 'php-thenetworg-oauth2-azure' is not installed, so not removed
2025-09-20T21:24:20.2955328Z Package 'phpphylotree' is not installed, so not removed
2025-09-20T21:24:20.2955657Z Package 'php-http-request2' is not installed, so not removed
2025-09-20T21:24:20.2955978Z Package 'php-xcache' is not installed, so not removed
2025-09-20T21:24:20.2956292Z Package 'php-async-aws-s3' is not installed, so not removed
2025-09-20T21:24:20.2956844Z Package 'php-paragonie-random-compat' is not installed, so not removed
2025-09-20T21:24:20.2957237Z Package 'php-console-color2' is not installed, so not removed
2025-09-20T21:24:20.2957615Z Package 'php-doctrine-phpcr-odm' is not installed, so not removed
2025-09-20T21:24:20.2958033Z Package 'php-alcaeus-mongo-php-adapter' is not installed, so not removed
2025-09-20T21:24:20.2958450Z Package 'php-doctrine-mongodb-odm' is not installed, so not removed
2025-09-20T21:24:20.2958866Z Package 'php-mtdowling-cron-expression' is not installed, so not removed
2025-09-20T21:24:20.2959249Z Package 'php-semsol-arc2' is not installed, so not removed
2025-09-20T21:24:20.2959613Z Package 'php-fzaninotto-faker' is not installed, so not removed
2025-09-20T21:24:20.2959939Z Package 'php7.4' is not installed, so not removed
2025-09-20T21:24:20.2960236Z Package 'php7.4-cli' is not installed, so not removed
2025-09-20T21:24:20.2960559Z Package 'php-com-dotnet' is not installed, so not removed
2025-09-20T21:24:20.2960863Z Package 'php-rar' is not installed, so not removed
2025-09-20T21:24:20.2961233Z Package 'php-laminas-httphandlerrunner' is not installed, so not removed
2025-09-20T21:24:20.2961649Z Package 'php-cordoval-hamcrest-php' is not installed, so not removed
2025-09-20T21:24:20.2962083Z Package 'php-davedevelopment-hamcrest-php' is not installed, so not removed
2025-09-20T21:24:20.2962517Z Package 'php-kodova-hamcrest-php' is not installed, so not removed
2025-09-20T21:24:20.2962914Z Package 'php-league-flysystem-sftp' is not installed, so not removed
2025-09-20T21:24:20.2963377Z Package 'php-league-flysystem-eventable-filesystem' is not installed, so not removed
2025-09-20T21:24:20.2963866Z Package 'php-league-flysystem-rackspace' is not installed, so not removed
2025-09-20T21:24:20.2964287Z Package 'php-league-flysystem-azure' is not installed, so not removed
2025-09-20T21:24:20.2964845Z Package 'php-league-flysystem-webdav' is not installed, so not removed
2025-09-20T21:24:20.2965343Z Package 'php-league-flysystem-aws-s3-v2' is not installed, so not removed
2025-09-20T21:24:20.2965777Z Package 'php-league-flysystem-aws-s3-v3' is not installed, so not removed
2025-09-20T21:24:20.2966207Z Package 'php-spatie-flysystem-dropbox' is not installed, so not removed
2025-09-20T21:24:20.2966743Z Package 'php-srmklive-flysystem-dropbox-v2' is not installed, so not removed
2025-09-20T21:24:20.2967214Z Package 'php-league-flysystem-cached-adapter' is not installed, so not removed
2025-09-20T21:24:20.2967679Z Package 'php-league-flysystem-ziparchive' is not installed, so not removed
2025-09-20T21:24:20.2968092Z Package 'php-league-uri-schemes' is not installed, so not removed
2025-09-20T21:24:20.2968652Z Package 'php-jeremykendall-php-domain-parser' is not installed, so not removed
2025-09-20T21:24:20.2969063Z Package 'php-php-64bit' is not installed, so not removed
2025-09-20T21:24:20.2969374Z Package 'php-sqlite' is not installed, so not removed
2025-09-20T21:24:20.2969672Z Package 'php-lzf' is not installed, so not removed
2025-09-20T21:24:20.2969969Z Package 'php-pnctl' is not installed, so not removed
2025-09-20T21:24:20.2970304Z Package 'php-mdb2-driver-fbsql' is not installed, so not removed
2025-09-20T21:24:20.2970666Z Package 'php-mdb2-driver-ibase' is not installed, so not removed
2025-09-20T21:24:20.2971027Z Package 'php-mdb2-driver-mssql' is not installed, so not removed
2025-09-20T21:24:20.2971391Z Package 'php-mdb2-driver-mysqli' is not installed, so not removed
2025-09-20T21:24:20.2971754Z Package 'php-mdb2-driver-oci8' is not installed, so not removed
2025-09-20T21:24:20.2972117Z Package 'php-mdb2-driver-odbc' is not installed, so not removed
2025-09-20T21:24:20.2972494Z Package 'php-mdb2-driver-querysim' is not installed, so not removed
2025-09-20T21:24:20.2972880Z Package 'php-mdb2-driver-sqlite' is not installed, so not removed
2025-09-20T21:24:20.2973244Z Package 'php-mdb2-driver-sqlsrv' is not installed, so not removed
2025-09-20T21:24:20.2973653Z Package 'php-barnabywalters-mf-cleaner' is not installed, so not removed
2025-09-20T21:24:20.2974181Z Package 'php-graylog2-gelf-php' is not installed, so not removed
2025-09-20T21:24:20.2974545Z Package 'php-doctrine-couchdb' is not installed, so not removed
2025-09-20T21:24:20.2975026Z Package 'php-ruflin-elastica' is not installed, so not removed
2025-09-20T21:24:20.2975384Z Package 'php-elasticsearch' is not installed, so not removed
2025-09-20T21:24:20.2975745Z Package 'php-aws-sdk-php' is not installed, so not removed
2025-09-20T21:24:20.2976069Z Package 'php-rollbar' is not installed, so not removed
2025-09-20T21:24:20.2976393Z Package 'php-nette-finder' is not installed, so not removed
2025-09-20T21:24:20.2976716Z Package 'php-dbase' is not installed, so not removed
2025-09-20T21:24:20.2977039Z Package 'php-libsodium' is not installed, so not removed
2025-09-20T21:24:20.2977341Z Package 'php-relay' is not installed, so not removed
2025-09-20T21:24:20.2977697Z Package 'php-ocramius-proxy-manager' is not installed, so not removed
2025-09-20T21:24:20.2978129Z Package 'php-zendframework-zend-stdlib' is not installed, so not removed
2025-09-20T21:24:20.2978525Z Package 'php-rhumsaa-uuid' is not installed, so not removed
2025-09-20T21:24:20.2978893Z Package 'php-paragonie-random-lib' is not installed, so not removed
2025-09-20T21:24:20.2979289Z Package 'php-ramsey-uuid-doctrine' is not installed, so not removed
2025-09-20T21:24:20.2979661Z Package 'php-crypt-blowfish' is not installed, so not removed
2025-09-20T21:24:20.2979993Z Package 'php-compat' is not installed, so not removed
2025-09-20T21:24:20.2980302Z Package 'libssh2-php' is not installed, so not removed
2025-09-20T21:24:20.2980645Z Package 'php-php-http-discovery' is not installed, so not removed
2025-09-20T21:24:20.2981045Z Package 'php-symfony-security-guard' is not installed, so not removed
2025-09-20T21:24:20.2981421Z Package 'php-numbers-words' is not installed, so not removed
2025-09-20T21:24:20.2981758Z Package 'php7.0-thrift' is not installed, so not removed
2025-09-20T21:24:20.2982072Z Package 'php7.2-thrift' is not installed, so not removed
2025-09-20T21:24:20.2982394Z Package 'php-net-idna' is not installed, so not removed
2025-09-20T21:24:20.2982706Z Package 'php-phpstan' is not installed, so not removed
2025-09-20T21:24:20.2983026Z Package 'php-vimeo-psalm' is not installed, so not removed
2025-09-20T21:24:20.2983382Z Package 'php-container-interop' is not installed, so not removed
2025-09-20T21:24:20.2983808Z Package 'php-zendframework-zend-eventmanager' is not installed, so not removed
2025-09-20T21:24:20.2984212Z Package 'php-recode' is not installed, so not removed
2025-09-20T21:24:20.2984507Z Package 'php-gd2' is not installed, so not removed
2025-09-20T21:24:20.2985203Z Package 'php-pragmarx-google2fa-qrcode' is not installed, so not removed
2025-09-20T21:24:20.2985629Z Package 'php-bjeavons-zxcvbn-php' is not installed, so not removed
2025-09-20T21:24:20.2986018Z Package 'php-pimlie-php-dkim' is not installed, so not removed
2025-09-20T21:24:20.2986399Z Package 'libapache2-mod-php7.4' is not installed, so not removed
2025-09-20T21:24:20.2986745Z Package 'php7.4-fpm' is not installed, so not removed
2025-09-20T21:24:20.2987063Z Package 'php-crypt-gpg' is not installed, so not removed
2025-09-20T21:24:20.2987404Z Package 'libapache2-mod-php' is not installed, so not removed
2025-09-20T21:24:20.2987781Z Package 'libapache2-mod-php8.3' is not installed, so not removed
2025-09-20T21:24:20.2988122Z Package 'php-json' is not installed, so not removed
2025-09-20T21:24:20.2988410Z Package 'php' is not installed, so not removed
2025-09-20T21:24:20.2988708Z Package 'php-all-dev' is not installed, so not removed
2025-09-20T21:24:20.2989014Z Package 'php-cgi' is not installed, so not removed
2025-09-20T21:24:20.2989317Z Package 'php-cli' is not installed, so not removed
2025-09-20T21:24:20.2989622Z Package 'php-amqp' is not installed, so not removed
2025-09-20T21:24:20.2989921Z Package 'php-apcu' is not installed, so not removed
2025-09-20T21:24:20.2990207Z Package 'php-ast' is not installed, so not removed
2025-09-20T21:24:20.2990614Z Package 'php-ds' is not installed, so not removed
2025-09-20T21:24:20.2990931Z Package 'php-facedetect' is not installed, so not removed
2025-09-20T21:24:20.2991253Z Package 'php-gearman' is not installed, so not removed
2025-09-20T21:24:20.2991563Z Package 'php-gmagick' is not installed, so not removed
2025-09-20T21:24:20.2991864Z Package 'php-gnupg' is not installed, so not removed
2025-09-20T21:24:20.2992176Z Package 'php-igbinary' is not installed, so not removed
2025-09-20T21:24:20.2992486Z Package 'php-imagick' is not installed, so not removed
2025-09-20T21:24:20.2992815Z Package 'php-libvirt-php' is not installed, so not removed
2025-09-20T21:24:20.2993162Z Package 'php-mailparse' is not installed, so not removed
2025-09-20T21:24:20.2993480Z Package 'php-memcache' is not installed, so not removed
2025-09-20T21:24:20.2993796Z Package 'php-memcached' is not installed, so not removed
2025-09-20T21:24:20.2994122Z Package 'php-mongodb' is not installed, so not removed
2025-09-20T21:24:20.2994435Z Package 'php-msgpack' is not installed, so not removed
2025-09-20T21:24:20.2994834Z Package 'php-oauth' is not installed, so not removed
2025-09-20T21:24:20.2995137Z Package 'php-pcov' is not installed, so not removed
2025-09-20T21:24:20.2995423Z Package 'php-ps' is not installed, so not removed
2025-09-20T21:24:20.2995715Z Package 'php-psr' is not installed, so not removed
2025-09-20T21:24:20.2996009Z Package 'php-raphf' is not installed, so not removed
2025-09-20T21:24:20.2996296Z Package 'php-redis' is not installed, so not removed
2025-09-20T21:24:20.2996587Z Package 'php-rrd' is not installed, so not removed
2025-09-20T21:24:20.2996882Z Package 'php-smbclient' is not installed, so not removed
2025-09-20T21:24:20.2997193Z Package 'php-ssh2' is not installed, so not removed
2025-09-20T21:24:20.2997478Z Package 'php-stomp' is not installed, so not removed
2025-09-20T21:24:20.2997783Z Package 'php-tideways' is not installed, so not removed
2025-09-20T21:24:20.2998082Z Package 'php-uopz' is not installed, so not removed
2025-09-20T21:24:20.2998412Z Package 'php-uploadprogress' is not installed, so not removed
2025-09-20T21:24:20.2998742Z Package 'php-uuid' is not installed, so not removed
2025-09-20T21:24:20.2999036Z Package 'php-xdebug' is not installed, so not removed
2025-09-20T21:24:20.2999342Z Package 'php-xmlrpc' is not installed, so not removed
2025-09-20T21:24:20.2999633Z Package 'php-yac' is not installed, so not removed
2025-09-20T21:24:20.2999918Z Package 'php-yaml' is not installed, so not removed
2025-09-20T21:24:20.3000199Z Package 'php-zmq' is not installed, so not removed
2025-09-20T21:24:20.3000483Z Package 'php-curl' is not installed, so not removed
2025-09-20T21:24:20.3000883Z Package 'php-dev' is not installed, so not removed
2025-09-20T21:24:20.3001164Z Package 'php-gd' is not installed, so not removed
2025-09-20T21:24:20.3001448Z Package 'php-gmp' is not installed, so not removed
2025-09-20T21:24:20.3001730Z Package 'php-ldap' is not installed, so not removed
2025-09-20T21:24:20.3002028Z Package 'php-mysql' is not installed, so not removed
2025-09-20T21:24:20.3002316Z Package 'php-odbc' is not installed, so not removed
2025-09-20T21:24:20.3002599Z Package 'php-xml' is not installed, so not removed
2025-09-20T21:24:20.3002886Z Package 'php-pgsql' is not installed, so not removed
2025-09-20T21:24:20.3003188Z Package 'php-pspell' is not installed, so not removed
2025-09-20T21:24:20.3003485Z Package 'php-snmp' is not installed, so not removed
2025-09-20T21:24:20.3003788Z Package 'php-sqlite3' is not installed, so not removed
2025-09-20T21:24:20.3004090Z Package 'php-tidy' is not installed, so not removed
2025-09-20T21:24:20.3004388Z Package 'php-tokenizer' is not installed, so not removed
2025-09-20T21:24:20.3004871Z Package 'pkg-php-tools' is not installed, so not removed
2025-09-20T21:24:20.3005222Z Package 'dh-php' is not installed, so not removed
2025-09-20T21:24:20.3005556Z Package 'php-mbstring' is not installed, so not removed
2025-09-20T21:24:20.3005870Z Package 'php-readline' is not installed, so not removed
2025-09-20T21:24:20.3006286Z Package 'php-fpm' is not installed, so not removed
2025-09-20T21:24:20.3006607Z Package 'php-codesniffer' is not installed, so not removed
2025-09-20T21:24:20.3006949Z Package 'libphp-phpmailer' is not installed, so not removed
2025-09-20T21:24:20.3007342Z Package 'php-phpmyadmin-motranslator' is not installed, so not removed
2025-09-20T21:24:20.3007717Z Package 'php-phpseclib' is not installed, so not removed
2025-09-20T21:24:20.3008023Z Package 'php-twig' is not installed, so not removed
2025-09-20T21:24:20.3008336Z Package 'php-mapscript-ng' is not installed, so not removed
2025-09-20T21:24:20.3008713Z Package 'php-composer-ca-bundle' is not installed, so not removed
2025-09-20T21:24:20.3009142Z Package 'php-composer-class-map-generator' is not installed, so not removed
2025-09-20T21:24:20.3009591Z Package 'php-composer-metadata-minifier' is not installed, so not removed
2025-09-20T21:24:20.3010002Z Package 'php-composer-semver' is not installed, so not removed
2025-09-20T21:24:20.3010395Z Package 'php-composer-spdx-licenses' is not installed, so not removed
2025-09-20T21:24:20.3010817Z Package 'php-composer-xdebug-handler' is not installed, so not removed
2025-09-20T21:24:20.3011195Z Package 'php-json-schema' is not installed, so not removed
2025-09-20T21:24:20.3011521Z Package 'php-psr-log' is not installed, so not removed
2025-09-20T21:24:20.3011861Z Package 'php-symfony-console' is not installed, so not removed
2025-09-20T21:24:20.3012229Z Package 'php-symfony-filesystem' is not installed, so not removed
2025-09-20T21:24:20.3012604Z Package 'php-symfony-finder' is not installed, so not removed
2025-09-20T21:24:20.3012963Z Package 'php-symfony-process' is not installed, so not removed
2025-09-20T21:24:20.3013322Z Package 'php-react-promise' is not installed, so not removed
2025-09-20T21:24:20.3013669Z Package 'php-composer-pcre' is not installed, so not removed
2025-09-20T21:24:20.3014055Z Package 'php-seld-signal-handler' is not installed, so not removed
2025-09-20T21:24:20.3014404Z Package 'php-intl' is not installed, so not removed
2025-09-20T21:24:20.3014792Z Package 'php-zip' is not installed, so not removed
2025-09-20T21:24:20.3015098Z Package 'libawl-php' is not installed, so not removed
2025-09-20T21:24:20.3015421Z Package 'libphp-simplepie' is not installed, so not removed
2025-09-20T21:24:20.3015743Z Package 'php-geshi' is not installed, so not removed
2025-09-20T21:24:20.3016062Z Package 'php-random-compat' is not installed, so not removed
2025-09-20T21:24:20.3016401Z Package 'elpa-php-mode' is not installed, so not removed
2025-09-20T21:24:20.3016708Z Package 'phpunit' is not installed, so not removed
2025-09-20T21:24:20.3017109Z Package 'php-geos' is not installed, so not removed
2025-09-20T21:24:20.3017489Z Package 'golang-github-phpdave11-gofpdi-dev' is not installed, so not removed
2025-09-20T21:24:20.3017872Z Package 'php-imap' is not installed, so not removed
2025-09-20T21:24:20.3018164Z Package 'php-fpdf' is not installed, so not removed
2025-09-20T21:24:20.3018487Z Package 'icinga-php-library' is not installed, so not removed
2025-09-20T21:24:20.3018856Z Package 'icinga-php-thirdparty' is not installed, so not removed
2025-09-20T21:24:20.3019186Z Package 'php-soap' is not installed, so not removed
2025-09-20T21:24:20.3019482Z Package 'php-icinga' is not installed, so not removed
2025-09-20T21:24:20.3019785Z Package 'php-tcpdf' is not installed, so not removed
2025-09-20T21:24:20.3020092Z Package 'kdevelop-php' is not installed, so not removed
2025-09-20T21:24:20.3020428Z Package 'kdevelop-php-l10n' is not installed, so not removed
2025-09-20T21:24:20.3020751Z Package 'php-mcrypt' is not installed, so not removed
2025-09-20T21:24:20.3021057Z Package 'less.php' is not installed, so not removed
2025-09-20T21:24:20.3021401Z Package 'libphp-serialization-perl' is not installed, so not removed
2025-09-20T21:24:20.3021851Z Package 'libhtml-wikiconverter-phpwiki-perl' is not installed, so not removed
2025-09-20T21:24:20.3022293Z Package 'libjs-php-date-formatter' is not installed, so not removed
2025-09-20T21:24:20.3022775Z Package 'libmarkdown-php' is not installed, so not removed
2025-09-20T21:24:20.3023117Z Package 'libnusoap-php' is not installed, so not removed
2025-09-20T21:24:20.3023450Z Package 'php-econea-nusoap' is not installed, so not removed
2025-09-20T21:24:20.3023785Z Package 'libow-php7t64' is not installed, so not removed
2025-09-20T21:24:20.3024099Z Package 'libownet-php' is not installed, so not removed
2025-09-20T21:24:20.3024415Z Package 'libphp-adodb' is not installed, so not removed
2025-09-20T21:24:20.3024885Z Package 'php-sybase' is not installed, so not removed
2025-09-20T21:24:20.3025247Z Package 'libphp-embed' is not installed, so not removed
2025-09-20T21:24:20.3025575Z Package 'libphp8.3-embed' is not installed, so not removed
2025-09-20T21:24:20.3025901Z Package 'libphp-jabber' is not installed, so not removed
2025-09-20T21:24:20.3026229Z Package 'libphp-snoopy' is not installed, so not removed
2025-09-20T21:24:20.3026549Z Package 'libphpy-dev' is not installed, so not removed
2025-09-20T21:24:20.3026854Z Package 'libphpy1' is not installed, so not removed
2025-09-20T21:24:20.3027165Z Package 'libxrdcephposix0' is not installed, so not removed
2025-09-20T21:24:20.3027484Z Package 'php-spyc' is not installed, so not removed
2025-09-20T21:24:20.3027810Z Package 'matomo-php-tracker' is not installed, so not removed
2025-09-20T21:24:20.3028146Z Package 'php-wikidiff2' is not installed, so not removed
2025-09-20T21:24:20.3028473Z Package 'php-luasandbox' is not installed, so not removed
2025-09-20T21:24:20.3028821Z Package 'mlmmj-php-web' is not installed, so not removed
2025-09-20T21:24:20.3029167Z Package 'mlmmj-php-web-admin' is not installed, so not removed
2025-09-20T21:24:20.3029515Z Package 'php-net-socket' is not installed, so not removed
2025-09-20T21:24:20.3029882Z Package 'node-codemirror-lang-php' is not installed, so not removed
2025-09-20T21:24:20.3030249Z Package 'node-lezer-php' is not installed, so not removed
2025-09-20T21:24:20.3030564Z Package 'phpmyadmin' is not installed, so not removed
2025-09-20T21:24:20.3030862Z Package 'php-cas' is not installed, so not removed
2025-09-20T21:24:20.3031156Z Package 'php-pclzip' is not installed, so not removed
2025-09-20T21:24:20.3031464Z Package 'phpqrcode' is not installed, so not removed
2025-09-20T21:24:20.3031782Z Package 'php-symfony-config' is not installed, so not removed
2025-09-20T21:24:20.3032191Z Package 'php-symfony-dependency-injection' is not installed, so not removed
2025-09-20T21:24:20.3032590Z Package 'phpmd' is not installed, so not removed
2025-09-20T21:24:20.3033037Z Package 'php-algo26-idna-convert' is not installed, so not removed
2025-09-20T21:24:20.3033583Z Package 'php-jakeasmith-http-build-url' is not installed, so not removed
2025-09-20T21:24:20.3033965Z Package 'php-amphp-amp' is not installed, so not removed
2025-09-20T21:24:20.3034300Z Package 'php-amqp-all-dev' is not installed, so not removed
2025-09-20T21:24:20.3034623Z Package 'php-amqplib' is not installed, so not removed
2025-09-20T21:24:20.3035069Z Package 'php-apcu-all-dev' is not installed, so not removed
2025-09-20T21:24:20.3035472Z Package 'php-arthurhoaro-web-thumbnailer' is not installed, so not removed
2025-09-20T21:24:20.3035873Z Package 'php-text-template' is not installed, so not removed
2025-09-20T21:24:20.3036206Z Package 'php8.3-ast' is not installed, so not removed
2025-09-20T21:24:20.3036522Z Package 'php-ast-all-dev' is not installed, so not removed
2025-09-20T21:24:20.3036868Z Package 'php-async-aws-core' is not installed, so not removed
2025-09-20T21:24:20.3037204Z Package 'php-psr-cache' is not installed, so not removed
2025-09-20T21:24:20.3037605Z Package 'php-symfony-deprecation-contracts' is not installed, so not removed
2025-09-20T21:24:20.3038032Z Package 'php-symfony-http-client' is not installed, so not removed
2025-09-20T21:24:20.3038478Z Package 'php-symfony-http-client-contracts' is not installed, so not removed
2025-09-20T21:24:20.3038924Z Package 'php-symfony-service-contracts' is not installed, so not removed
2025-09-20T21:24:20.3039427Z Package 'php-async-aws-ses' is not installed, so not removed
2025-09-20T21:24:20.3039778Z Package 'php-async-aws-sns' is not installed, so not removed
2025-09-20T21:24:20.3040118Z Package 'php-async-aws-sqs' is not installed, so not removed
2025-09-20T21:24:20.3040453Z Package 'php-auth-sasl' is not installed, so not removed
2025-09-20T21:24:20.3040784Z Package 'php-bacon-qr-code' is not installed, so not removed
2025-09-20T21:24:20.3041126Z Package 'php-dasprid-enum' is not installed, so not removed
2025-09-20T21:24:20.3041453Z Package 'php-bcmath' is not installed, so not removed
2025-09-20T21:24:20.3041774Z Package 'php-brick-math' is not installed, so not removed
2025-09-20T21:24:20.3042128Z Package 'php-brick-varexporter' is not installed, so not removed
2025-09-20T21:24:20.3042467Z Package 'php-parser' is not installed, so not removed
2025-09-20T21:24:20.3042763Z Package 'php-bz2' is not installed, so not removed
2025-09-20T21:24:20.3043123Z Package 'php-cache-integration-tests' is not installed, so not removed
2025-09-20T21:24:20.3043523Z Package 'php-cache-tag-interop' is not installed, so not removed
2025-09-20T21:24:20.3043922Z Package 'php-christianriesen-base32' is not installed, so not removed
2025-09-20T21:24:20.3044320Z Package 'php-christianriesen-otp' is not installed, so not removed
2025-09-20T21:24:20.3063518Z Package 'php-code-lts-u2f-php-server' is not installed, so not removed
2025-09-20T21:24:20.3064171Z Package 'php-codecoverage' is not installed, so not removed
2025-09-20T21:24:20.3064946Z Package 'php-file-iterator' is not installed, so not removed
2025-09-20T21:24:20.3065526Z Package 'phpunit-code-unit-reverse-lookup' is not installed, so not removed
2025-09-20T21:24:20.3065966Z Package 'phpunit-complexity' is not installed, so not removed
2025-09-20T21:24:20.3066343Z Package 'phpunit-environment' is not installed, so not removed
2025-09-20T21:24:20.3066757Z Package 'phpunit-lines-of-code' is not installed, so not removed
2025-09-20T21:24:20.3067143Z Package 'phpunit-version' is not installed, so not removed
2025-09-20T21:24:20.3067541Z Package 'php-codeigniter-framework' is not installed, so not removed
2025-09-20T21:24:20.3067975Z Package 'php-codeigniter-framework-doc' is not installed, so not removed
2025-09-20T21:24:20.3068394Z Package 'php-console-commandline' is not installed, so not removed
2025-09-20T21:24:20.3068773Z Package 'php-console-table' is not installed, so not removed
2025-09-20T21:24:20.3069118Z Package 'php-constant-time' is not installed, so not removed
2025-09-20T21:24:20.3069463Z Package 'php-dapphp-radius' is not installed, so not removed
2025-09-20T21:24:20.3070043Z Package 'php-date' is not installed, so not removed
2025-09-20T21:24:20.3070377Z Package 'php-datto-json-rpc' is not installed, so not removed
2025-09-20T21:24:20.3070753Z Package 'php-datto-json-rpc-http' is not installed, so not removed
2025-09-20T21:24:20.3071091Z Package 'php-db' is not installed, so not removed
2025-09-20T21:24:20.3071405Z Package 'php-deepcopy' is not installed, so not removed
2025-09-20T21:24:20.3071776Z Package 'php-dflydev-dot-access-data' is not installed, so not removed
2025-09-20T21:24:20.3072136Z Package 'php-di' is not installed, so not removed
2025-09-20T21:24:20.3072452Z Package 'php-psr-container' is not installed, so not removed
2025-09-20T21:24:20.3072788Z Package 'php-di-invoker' is not installed, so not removed
2025-09-20T21:24:20.3073189Z Package 'php-laravel-serializable-closure' is not installed, so not removed
2025-09-20T21:24:20.3073610Z Package 'php-directory-scanner' is not installed, so not removed
2025-09-20T21:24:20.3073952Z Package 'php-doc' is not installed, so not removed
2025-09-20T21:24:20.3074306Z Package 'php-doctrine-annotations' is not installed, so not removed
2025-09-20T21:24:20.3074843Z Package 'php-doctrine-lexer' is not installed, so not removed
2025-09-20T21:24:20.3075277Z Package 'php-doctrine-cache' is not installed, so not removed
2025-09-20T21:24:20.3075773Z Package 'php-doctrine-collections' is not installed, so not removed
2025-09-20T21:24:20.3076185Z Package 'php-doctrine-deprecations' is not installed, so not removed
2025-09-20T21:24:20.3076570Z Package 'php-doctrine-common' is not installed, so not removed
2025-09-20T21:24:20.3076952Z Package 'php-doctrine-persistence' is not installed, so not removed
2025-09-20T21:24:20.3077364Z Package 'php-doctrine-data-fixtures' is not installed, so not removed
2025-09-20T21:24:20.3077763Z Package 'php-doctrine-dbal' is not installed, so not removed
2025-09-20T21:24:20.3078117Z Package 'php-doctrine-orm' is not installed, so not removed
2025-09-20T21:24:20.3078496Z Package 'php-doctrine-event-manager' is not installed, so not removed
2025-09-20T21:24:20.3078906Z Package 'php-doctrine-inflector' is not installed, so not removed
2025-09-20T21:24:20.3079312Z Package 'php-doctrine-instantiator' is not installed, so not removed
2025-09-20T21:24:20.3079703Z Package 'php-symfony-cache' is not installed, so not removed
2025-09-20T21:24:20.3080061Z Package 'php-symfony-yaml' is not installed, so not removed
2025-09-20T21:24:20.3080476Z Package 'php-dragonmantank-cron-expression' is not installed, so not removed
2025-09-20T21:24:20.3080923Z Package 'php-webmozart-assert' is not installed, so not removed
2025-09-20T21:24:20.3081271Z Package 'php8.3-ds' is not installed, so not removed
2025-09-20T21:24:20.3081596Z Package 'php-ds-all-dev' is not installed, so not removed
2025-09-20T21:24:20.3081931Z Package 'php-easyrdf' is not installed, so not removed
2025-09-20T21:24:20.3082268Z Package 'php-ml-json-ld' is not installed, so not removed
2025-09-20T21:24:20.3082603Z Package 'php-eluceo-ical' is not installed, so not removed
2025-09-20T21:24:20.3082964Z Package 'php-email-validator' is not installed, so not removed
2025-09-20T21:24:20.3083300Z Package 'php-embed' is not installed, so not removed
2025-09-20T21:24:20.3083668Z Package 'php-oscarotero-html-parser' is not installed, so not removed
2025-09-20T21:24:20.3084069Z Package 'php-psr-http-message' is not installed, so not removed
2025-09-20T21:24:20.3084437Z Package 'php-psr-http-client' is not installed, so not removed
2025-09-20T21:24:20.3084980Z Package 'php-psr-http-factory' is not installed, so not removed
2025-09-20T21:24:20.3085379Z Package 'php-symfony-css-selector' is not installed, so not removed
2025-09-20T21:24:20.3085739Z Package 'php-enchant' is not installed, so not removed
2025-09-20T21:24:20.3086047Z Package 'php-excimer' is not installed, so not removed
2025-09-20T21:24:20.3086380Z Package 'php8.3-facedetect' is not installed, so not removed
2025-09-20T21:24:20.3086751Z Package 'php-facedetect-all-dev' is not installed, so not removed
2025-09-20T21:24:20.3087229Z Package 'php-faker' is not installed, so not removed
2025-09-20T21:24:20.3087551Z Package 'php-fdomdocument' is not installed, so not removed
2025-09-20T21:24:20.3087923Z Package 'php-fig-http-message-util' is not installed, so not removed
2025-09-20T21:24:20.3088301Z Package 'php-fig-link-util' is not installed, so not removed
2025-09-20T21:24:20.3088644Z Package 'php-psr-link' is not installed, so not removed
2025-09-20T21:24:20.3088967Z Package 'php-font-lib' is not installed, so not removed
2025-09-20T21:24:20.3089320Z Package 'php-fruitcake-php-cors' is not installed, so not removed
2025-09-20T21:24:20.3089730Z Package 'php-symfony-http-foundation' is not installed, so not removed
2025-09-20T21:24:20.3090098Z Package 'php-fxsl' is not installed, so not removed
2025-09-20T21:24:20.3090411Z Package 'php8.3-gearman' is not installed, so not removed
2025-09-20T21:24:20.3090755Z Package 'php-gearman-all-dev' is not installed, so not removed
2025-09-20T21:24:20.3091119Z Package 'php-getallheaders' is not installed, so not removed
2025-09-20T21:24:20.3091452Z Package 'php-getid3' is not installed, so not removed
2025-09-20T21:24:20.3091790Z Package 'php-gettext-languages' is not installed, so not removed
2025-09-20T21:24:20.3092174Z Package 'php-oscarotero-gettext' is not installed, so not removed
2025-09-20T21:24:20.3092692Z Package 'php-giggsey-libphonenumber' is not installed, so not removed
2025-09-20T21:24:20.3093082Z Package 'php-giggsey-locale' is not installed, so not removed
2025-09-20T21:24:20.3093429Z Package 'php8.3-gmagick' is not installed, so not removed
2025-09-20T21:24:20.3093774Z Package 'php-gmagick-all-dev' is not installed, so not removed
2025-09-20T21:24:20.3094118Z Package 'php8.3-gnupg' is not installed, so not removed
2025-09-20T21:24:20.3094450Z Package 'php-gnupg-all-dev' is not installed, so not removed
2025-09-20T21:24:20.3095079Z Package 'php-google-protobuf' is not installed, so not removed
2025-09-20T21:24:20.3095449Z Package 'php-google-recaptcha' is not installed, so not removed
2025-09-20T21:24:20.3095866Z Package 'php-graham-campbell-result-type' is not installed, so not removed
2025-09-20T21:24:20.3096269Z Package 'php-phpoption' is not installed, so not removed
2025-09-20T21:24:20.3096608Z Package 'php-gregwar-captcha' is not installed, so not removed
2025-09-20T21:24:20.3096947Z Package 'php-guestfs' is not installed, so not removed
2025-09-20T21:24:20.3097290Z Package 'php-guzzlehttp-guzzle' is not installed, so not removed
2025-09-20T21:24:20.3097679Z Package 'php-guzzlehttp-promises' is not installed, so not removed
2025-09-20T21:24:20.3098056Z Package 'php-guzzlehttp-psr7' is not installed, so not removed
2025-09-20T21:24:20.3098395Z Package 'php-hamcrest' is not installed, so not removed
2025-09-20T21:24:20.3098709Z Package 'php-htmlawed' is not installed, so not removed
2025-09-20T21:24:20.3099032Z Package 'php-htmlpurifier' is not installed, so not removed
2025-09-20T21:24:20.3099359Z Package 'php-http' is not installed, so not removed
2025-09-20T21:24:20.3099667Z Package 'php8.3-http' is not installed, so not removed
2025-09-20T21:24:20.3099989Z Package 'php-http-all-dev' is not installed, so not removed
2025-09-20T21:24:20.3100326Z Package 'php-http-httplug' is not installed, so not removed
2025-09-20T21:24:20.3100658Z Package 'php-http-promise' is not installed, so not removed
2025-09-20T21:24:20.3101083Z Package 'php-http-interop-http-factory-tests' is not installed, so not removed
2025-09-20T21:24:20.3101532Z Package 'php-http-message-factory' is not installed, so not removed
2025-09-20T21:24:20.3101953Z Package 'php-http-psr7-integration-tests' is not installed, so not removed
2025-09-20T21:24:20.3102373Z Package 'php-http-webdav-server' is not installed, so not removed
2025-09-20T21:24:20.3102720Z Package 'php-httpful' is not installed, so not removed
2025-09-20T21:24:20.3103064Z Package 'php-igbinary-all-dev' is not installed, so not removed
2025-09-20T21:24:20.3103412Z Package 'php-image-text' is not installed, so not removed
2025-09-20T21:24:20.3103882Z Package 'php-imagick-all-dev' is not installed, so not removed
2025-09-20T21:24:20.3104228Z Package 'php-interbase' is not installed, so not removed
2025-09-20T21:24:20.3104551Z Package 'php-invoker' is not installed, so not removed
2025-09-20T21:24:20.3105043Z Package 'php-jshrink' is not installed, so not removed
2025-09-20T21:24:20.3105382Z Package 'php-kissifrot-php-ixr' is not installed, so not removed
2025-09-20T21:24:20.3105761Z Package 'php-klogger' is not installed, so not removed
2025-09-20T21:24:20.3106087Z Package 'php-lcobucci-clock' is not installed, so not removed
2025-09-20T21:24:20.3106432Z Package 'php-psr-clock' is not installed, so not removed
2025-09-20T21:24:20.3106766Z Package 'php-lcobucci-jwt' is not installed, so not removed
2025-09-20T21:24:20.3107116Z Package 'php-league-commonmark' is not installed, so not removed
2025-09-20T21:24:20.3107480Z Package 'php-league-config' is not installed, so not removed
2025-09-20T21:24:20.3107847Z Package 'php-psr-event-dispatcher' is not installed, so not removed
2025-09-20T21:24:20.3108228Z Package 'php-nette-schema' is not installed, so not removed
2025-09-20T21:24:20.3108560Z Package 'php-league-csv' is not installed, so not removed
2025-09-20T21:24:20.3108907Z Package 'php-league-flysystem' is not installed, so not removed
2025-09-20T21:24:20.3109429Z Package 'php-league-mime-type-detection' is not installed, so not removed
2025-09-20T21:24:20.3109864Z Package 'php-league-html-to-markdown' is not installed, so not removed
2025-09-20T21:24:20.3110238Z Package 'php-league-uri' is not installed, so not removed
2025-09-20T21:24:20.3110598Z Package 'php-league-uri-interfaces' is not installed, so not removed
2025-09-20T21:24:20.3110997Z Package 'php-league-uri-components' is not installed, so not removed
2025-09-20T21:24:20.3111364Z Package 'php-letodms-core' is not installed, so not removed
2025-09-20T21:24:20.3111733Z Package 'php-libvirt-php-all-dev' is not installed, so not removed
2025-09-20T21:24:20.3112082Z Package 'php-log' is not installed, so not removed
2025-09-20T21:24:20.3112384Z Package 'php-mdb2' is not installed, so not removed
2025-09-20T21:24:20.3112681Z Package 'php-mail' is not installed, so not removed
2025-09-20T21:24:20.3113011Z Package 'php-lorenzo-pinky' is not installed, so not removed
2025-09-20T21:24:20.3113358Z Package 'php-net-smtp' is not installed, so not removed
2025-09-20T21:24:20.3113690Z Package 'php-mail-mime' is not installed, so not removed
2025-09-20T21:24:20.3114029Z Package 'php8.3-mailparse' is not installed, so not removed
2025-09-20T21:24:20.3114397Z Package 'php-mailparse-all-dev' is not installed, so not removed
2025-09-20T21:24:20.3114944Z Package 'php-malkusch-lock' is not installed, so not removed
2025-09-20T21:24:20.3115289Z Package 'php-predis' is not installed, so not removed
2025-09-20T21:24:20.3115630Z Package 'php-mariadb-mysql-kbs' is not installed, so not removed
2025-09-20T21:24:20.3116010Z Package 'php-masterminds-html5' is not installed, so not removed
2025-09-20T21:24:20.3116411Z Package 'php-matthiasmullie-minify' is not installed, so not removed
2025-09-20T21:24:20.3116863Z Package 'php-matthiasmullie-path-converter' is not installed, so not removed
2025-09-20T21:24:20.3117322Z Package 'php-maxmind-web-service-common' is not installed, so not removed
2025-09-20T21:24:20.3117714Z Package 'php-maxminddb' is not installed, so not removed
2025-09-20T21:24:20.3118058Z Package 'php8.3-maxminddb' is not installed, so not removed
2025-09-20T21:24:20.3118415Z Package 'php-maxminddb-all-dev' is not installed, so not removed
2025-09-20T21:24:20.3118771Z Package 'php8.3-mcrypt' is not installed, so not removed
2025-09-20T21:24:20.3119110Z Package 'php-mcrypt-all-dev' is not installed, so not removed
2025-09-20T21:24:20.3119478Z Package 'php-mdb2-driver-mysql' is not installed, so not removed
2025-09-20T21:24:20.3119843Z Package 'php-mdb2-driver-pgsql' is not installed, so not removed
2025-09-20T21:24:20.3120216Z Package 'php-memcache-all-dev' is not installed, so not removed
2025-09-20T21:24:20.3120713Z Package 'php-memcached-all-dev' is not installed, so not removed
2025-09-20T21:24:20.3121078Z Package 'php-msgpack-all-dev' is not installed, so not removed
2025-09-20T21:24:20.3121411Z Package 'php-mf2' is not installed, so not removed
2025-09-20T21:24:20.3121744Z Package 'php-mikey179-vfsstream' is not installed, so not removed
2025-09-20T21:24:20.3122101Z Package 'php-ml-iri' is not installed, so not removed
2025-09-20T21:24:20.3122403Z Package 'php-mock' is not installed, so not removed
2025-09-20T21:24:20.3122734Z Package 'php-mock-phpunit' is not installed, so not removed
2025-09-20T21:24:20.3123094Z Package 'php-mock-integration' is not installed, so not removed
2025-09-20T21:24:20.3123435Z Package 'php-mockery' is not installed, so not removed
2025-09-20T21:24:20.3123765Z Package 'php-mockery-doc' is not installed, so not removed
2025-09-20T21:24:20.3124113Z Package 'php-mongodb-all-dev' is not installed, so not removed
2025-09-20T21:24:20.3124450Z Package 'php-monolog' is not installed, so not removed
2025-09-20T21:24:20.3124955Z Package 'php-net-dime' is not installed, so not removed
2025-09-20T21:24:20.3125289Z Package 'php-net-dns2' is not installed, so not removed
2025-09-20T21:24:20.3125597Z Package 'php-net-ftp' is not installed, so not removed
2025-09-20T21:24:20.3125913Z Package 'php-net-imap' is not installed, so not removed
2025-09-20T21:24:20.3126352Z Package 'php-net-ipv6' is not installed, so not removed
2025-09-20T21:24:20.3126675Z Package 'php-net-ldap2' is not installed, so not removed
2025-09-20T21:24:20.3127000Z Package 'php-net-ldap3' is not installed, so not removed
2025-09-20T21:24:20.3127313Z Package 'php-net-nntp' is not installed, so not removed
2025-09-20T21:24:20.3127652Z Package 'php-net-publicsuffix' is not installed, so not removed
2025-09-20T21:24:20.3127995Z Package 'php-net-sieve' is not installed, so not removed
2025-09-20T21:24:20.3128314Z Package 'php-net-url' is not installed, so not removed
2025-09-20T21:24:20.3128624Z Package 'php-net-url2' is not installed, so not removed
2025-09-20T21:24:20.3128941Z Package 'php-net-whois' is not installed, so not removed
2025-09-20T21:24:20.3129320Z Package 'php-netscape-bookmark-parser' is not installed, so not removed
2025-09-20T21:24:20.3129710Z Package 'php-nette-utils' is not installed, so not removed
2025-09-20T21:24:20.3130064Z Package 'php-nikic-fast-route' is not installed, so not removed
2025-09-20T21:24:20.3130417Z Package 'php-nyholm-psr7' is not installed, so not removed
2025-09-20T21:24:20.3130747Z Package 'php8.3-oauth' is not installed, so not removed
2025-09-20T21:24:20.3131077Z Package 'php-oauth-all-dev' is not installed, so not removed
2025-09-20T21:24:20.3131433Z Package 'php-opis-closure' is not installed, so not removed
2025-09-20T21:24:20.3131777Z Package 'php-parsedown' is not installed, so not removed
2025-09-20T21:24:20.3132125Z Package 'php-parsedown-extra' is not installed, so not removed
2025-09-20T21:24:20.3132483Z Package 'php-pcov-all-dev' is not installed, so not removed
2025-09-20T21:24:20.3132851Z Package 'php-pda-pheanstalk' is not installed, so not removed
2025-09-20T21:24:20.3133226Z Package 'php-phar-io-manifest' is not installed, so not removed
2025-09-20T21:24:20.3133600Z Package 'php-phar-io-version' is not installed, so not removed
2025-09-20T21:24:20.3133956Z Package 'php-php-gettext' is not installed, so not removed
2025-09-20T21:24:20.3134287Z Package 'php-phpdbg' is not installed, so not removed
2025-09-20T21:24:20.3134834Z Package 'php-phpdocumentor-reflection-common' is not installed, so not removed
2025-09-20T21:24:20.3135392Z Package 'php-phpdocumentor-reflection-docblock' is not installed, so not removed
2025-09-20T21:24:20.3135877Z Package 'php-phpdocumentor-type-resolver' is not installed, so not removed
2025-09-20T21:24:20.3136323Z Package 'php-phpstan-phpdoc-parser' is not installed, so not removed
2025-09-20T21:24:20.3136752Z Package 'php-symfony-expression-language' is not installed, so not removed
2025-09-20T21:24:20.3137183Z Package 'php-phpmyadmin-shapefile' is not installed, so not removed
2025-09-20T21:24:20.3137705Z Package 'php-phpmyadmin-sql-parser' is not installed, so not removed
2025-09-20T21:24:20.3138123Z Package 'php-symfony-polyfill-php80' is not installed, so not removed
2025-09-20T21:24:20.3138491Z Package 'php-seclib' is not installed, so not removed
2025-09-20T21:24:20.3138812Z Package 'php-phpseclib3' is not installed, so not removed
2025-09-20T21:24:20.3139173Z Package 'php-phpspec-prophecy' is not installed, so not removed
2025-09-20T21:24:20.3139540Z Package 'phpunit-comparator' is not installed, so not removed
2025-09-20T21:24:20.3139924Z Package 'phpunit-recursion-context' is not installed, so not removed
2025-09-20T21:24:20.3140345Z Package 'php-phpspec-prophecy-phpunit' is not installed, so not removed
2025-09-20T21:24:20.3140720Z Package 'php-pinba' is not installed, so not removed
2025-09-20T21:24:20.3141037Z Package 'php8.3-pinba' is not installed, so not removed
2025-09-20T21:24:20.3141372Z Package 'php-pinba-all-dev' is not installed, so not removed
2025-09-20T21:24:20.3141729Z Package 'php-proxy-manager' is not installed, so not removed
2025-09-20T21:24:20.3142049Z Package 'php8.3-ps' is not installed, so not removed
2025-09-20T21:24:20.3142362Z Package 'php-ps-all-dev' is not installed, so not removed
2025-09-20T21:24:20.3142680Z Package 'php8.3-psr' is not installed, so not removed
2025-09-20T21:24:20.3143118Z Package 'php-psr-all-dev' is not installed, so not removed
2025-09-20T21:24:20.3143480Z Package 'php-psr-simple-cache' is not installed, so not removed
2025-09-20T21:24:20.3143873Z Package 'php-pubsubhubbub-publisher' is not installed, so not removed
2025-09-20T21:24:20.3144279Z Package 'php-ramsey-collection' is not installed, so not removed
2025-09-20T21:24:20.3144632Z Package 'php-ramsey-uuid' is not installed, so not removed
2025-09-20T21:24:20.3145132Z Package 'php8.3-raphf' is not installed, so not removed
2025-09-20T21:24:20.3145464Z Package 'php-raphf-all-dev' is not installed, so not removed
2025-09-20T21:24:20.3145819Z Package 'php-redis-all-dev' is not installed, so not removed
2025-09-20T21:24:20.3146147Z Package 'php-remctl' is not installed, so not removed
2025-09-20T21:24:20.3146503Z Package 'php-roundcube-rtf-html-php' is not installed, so not removed
2025-09-20T21:24:20.3146866Z Package 'php8.3-rrd' is not installed, so not removed
2025-09-20T21:24:20.3147179Z Package 'php-rrd-all-dev' is not installed, so not removed
2025-09-20T21:24:20.3147510Z Package 'php-sabre-dav' is not installed, so not removed
2025-09-20T21:24:20.3147839Z Package 'php-sabre-vobject' is not installed, so not removed
2025-09-20T21:24:20.3148159Z Package 'php-sass' is not installed, so not removed
2025-09-20T21:24:20.3148462Z Package 'php8.3-sass' is not installed, so not removed
2025-09-20T21:24:20.3148790Z Package 'php-sass-all-dev' is not installed, so not removed
2025-09-20T21:24:20.3149135Z Package 'php-shellcommand' is not installed, so not removed
2025-09-20T21:24:20.3149471Z Package 'php-slim-psr7' is not installed, so not removed
2025-09-20T21:24:20.3149803Z Package 'php8.3-smbclient' is not installed, so not removed
2025-09-20T21:24:20.3150151Z Package 'php-smbclient-all-dev' is not installed, so not removed
2025-09-20T21:24:20.3150490Z Package 'php-solr' is not installed, so not removed
2025-09-20T21:24:20.3150786Z Package 'php8.3-solr' is not installed, so not removed
2025-09-20T21:24:20.3151113Z Package 'php-solr-all-dev' is not installed, so not removed
2025-09-20T21:24:20.3151448Z Package 'php-sparkline' is not installed, so not removed
2025-09-20T21:24:20.3151775Z Package 'php-sql-formatter' is not installed, so not removed
2025-09-20T21:24:20.3152107Z Package 'php8.3-ssh2' is not installed, so not removed
2025-09-20T21:24:20.3152426Z Package 'php-ssh2-all-dev' is not installed, so not removed
2025-09-20T21:24:20.3152759Z Package 'php8.3-stomp' is not installed, so not removed
2025-09-20T21:24:20.3153090Z Package 'php-stomp-all-dev' is not installed, so not removed
2025-09-20T21:24:20.3153435Z Package 'php-swiftmailer' is not installed, so not removed
2025-09-20T21:24:20.3153887Z Package 'php-symfony' is not installed, so not removed
2025-09-20T21:24:20.3154216Z Package 'php-symfony-asset' is not installed, so not removed
2025-09-20T21:24:20.3154588Z Package 'php-symfony-asset-mapper' is not installed, so not removed
2025-09-20T21:24:20.3155210Z Package 'php-symfony-browser-kit' is not installed, so not removed
2025-09-20T21:24:20.3155588Z Package 'php-symfony-clock' is not installed, so not removed
2025-09-20T21:24:20.3155959Z Package 'php-symfony-debug-bundle' is not installed, so not removed
2025-09-20T21:24:20.3156373Z Package 'php-symfony-doctrine-bridge' is not installed, so not removed
2025-09-20T21:24:20.3156778Z Package 'php-symfony-dom-crawler' is not installed, so not removed
2025-09-20T21:24:20.3157151Z Package 'php-symfony-dotenv' is not installed, so not removed
2025-09-20T21:24:20.3157533Z Package 'php-symfony-error-handler' is not installed, so not removed
2025-09-20T21:24:20.3157945Z Package 'php-symfony-event-dispatcher' is not installed, so not removed
2025-09-20T21:24:20.3158340Z Package 'php-symfony-form' is not installed, so not removed
2025-09-20T21:24:20.3158720Z Package 'php-symfony-framework-bundle' is not installed, so not removed
2025-09-20T21:24:20.3159127Z Package 'php-symfony-http-kernel' is not installed, so not removed
2025-09-20T21:24:20.3159608Z Package 'php-symfony-intl' is not installed, so not removed
2025-09-20T21:24:20.3159956Z Package 'php-symfony-ldap' is not installed, so not removed
2025-09-20T21:24:20.3160295Z Package 'php-symfony-lock' is not installed, so not removed
2025-09-20T21:24:20.3160637Z Package 'php-symfony-mailer' is not installed, so not removed
2025-09-20T21:24:20.3161006Z Package 'php-symfony-messenger' is not installed, so not removed
2025-09-20T21:24:20.3161359Z Package 'php-symfony-mime' is not installed, so not removed
2025-09-20T21:24:20.3161735Z Package 'php-symfony-monolog-bridge' is not installed, so not removed
2025-09-20T21:24:20.3162122Z Package 'php-symfony-notifier' is not installed, so not removed
2025-09-20T21:24:20.3162521Z Package 'php-symfony-options-resolver' is not installed, so not removed
2025-09-20T21:24:20.3162958Z Package 'php-symfony-password-hasher' is not installed, so not removed
2025-09-20T21:24:20.3163373Z Package 'php-symfony-property-access' is not installed, so not removed
2025-09-20T21:24:20.3163799Z Package 'php-symfony-property-info' is not installed, so not removed
2025-09-20T21:24:20.3164232Z Package 'php-symfony-proxy-manager-bridge' is not installed, so not removed
2025-09-20T21:24:20.3164666Z Package 'php-symfony-rate-limiter' is not installed, so not removed
2025-09-20T21:24:20.3165298Z Package 'php-symfony-remote-event' is not installed, so not removed
2025-09-20T21:24:20.3165681Z Package 'php-symfony-routing' is not installed, so not removed
2025-09-20T21:24:20.3166052Z Package 'php-symfony-scheduler' is not installed, so not removed
2025-09-20T21:24:20.3166446Z Package 'php-symfony-security-bundle' is not installed, so not removed
2025-09-20T21:24:20.3166865Z Package 'php-symfony-security-core' is not installed, so not removed
2025-09-20T21:24:20.3167263Z Package 'php-symfony-security-csrf' is not installed, so not removed
2025-09-20T21:24:20.3167662Z Package 'php-symfony-security-http' is not installed, so not removed
2025-09-20T21:24:20.3168038Z Package 'php-symfony-semaphore' is not installed, so not removed
2025-09-20T21:24:20.3168423Z Package 'php-symfony-serializer' is not installed, so not removed
2025-09-20T21:24:20.3168798Z Package 'php-symfony-stopwatch' is not installed, so not removed
2025-09-20T21:24:20.3169153Z Package 'php-symfony-string' is not installed, so not removed
2025-09-20T21:24:20.3169523Z Package 'php-symfony-templating' is not installed, so not removed
2025-09-20T21:24:20.3169906Z Package 'php-symfony-translation' is not installed, so not removed
2025-09-20T21:24:20.3170292Z Package 'php-symfony-twig-bridge' is not installed, so not removed
2025-09-20T21:24:20.3170668Z Package 'php-symfony-twig-bundle' is not installed, so not removed
2025-09-20T21:24:20.3171177Z Package 'php-symfony-uid' is not installed, so not removed
2025-09-20T21:24:20.3171542Z Package 'php-symfony-validator' is not installed, so not removed
2025-09-20T21:24:20.3171918Z Package 'php-symfony-var-dumper' is not installed, so not removed
2025-09-20T21:24:20.3172305Z Package 'php-symfony-var-exporter' is not installed, so not removed
2025-09-20T21:24:20.3172687Z Package 'php-symfony-web-link' is not installed, so not removed
2025-09-20T21:24:20.3173100Z Package 'php-symfony-web-profiler-bundle' is not installed, so not removed
2025-09-20T21:24:20.3173508Z Package 'php-symfony-webhook' is not installed, so not removed
2025-09-20T21:24:20.3173882Z Package 'php-symfony-workflow' is not installed, so not removed
2025-09-20T21:24:20.3174249Z Package 'php-symfony-contracts' is not installed, so not removed
2025-09-20T21:24:20.3174639Z Package 'php-symfony-polyfill-php83' is not installed, so not removed
2025-09-20T21:24:20.3175185Z Package 'php-symfony-all-my-sms-notifier' is not installed, so not removed
2025-09-20T21:24:20.3175617Z Package 'php-symfony-amazon-mailer' is not installed, so not removed
2025-09-20T21:24:20.3176041Z Package 'php-symfony-amazon-sns-notifier' is not installed, so not removed
2025-09-20T21:24:20.3176487Z Package 'php-symfony-amazon-sqs-messenger' is not installed, so not removed
2025-09-20T21:24:20.3177041Z Package 'php-symfony-amqp-messenger' is not installed, so not removed
2025-09-20T21:24:20.3177473Z Package 'php-symfony-bandwidth-notifier' is not installed, so not removed
2025-09-20T21:24:20.3177918Z Package 'php-symfony-beanstalkd-messenger' is not installed, so not removed
2025-09-20T21:24:20.3178345Z Package 'php-symfony-brevo-mailer' is not installed, so not removed
2025-09-20T21:24:20.3178741Z Package 'php-symfony-brevo-notifier' is not installed, so not removed
2025-09-20T21:24:20.3179152Z Package 'php-symfony-cache-contracts' is not installed, so not removed
2025-09-20T21:24:20.3179576Z Package 'php-symfony-chatwork-notifier' is not installed, so not removed
2025-09-20T21:24:20.3180032Z Package 'php-symfony-click-send-notifier' is not installed, so not removed
2025-09-20T21:24:20.3180484Z Package 'php-symfony-clickatell-notifier' is not installed, so not removed
2025-09-20T21:24:20.3180953Z Package 'php-symfony-contact-everyone-notifier' is not installed, so not removed
2025-09-20T21:24:20.3181465Z Package 'php-symfony-event-dispatcher-contracts' is not installed, so not removed
2025-09-20T21:24:20.3181950Z Package 'php-symfony-translation-contracts' is not installed, so not removed
2025-09-20T21:24:20.3182450Z Package 'php-symfony-crowdin-translation-provider' is not installed, so not removed
2025-09-20T21:24:20.3182935Z Package 'php-symfony-discord-notifier' is not installed, so not removed
2025-09-20T21:24:20.3183369Z Package 'php-symfony-doctrine-messenger' is not installed, so not removed
2025-09-20T21:24:20.3183814Z Package 'php-symfony-engagespot-notifier' is not installed, so not removed
2025-09-20T21:24:20.3184246Z Package 'php-symfony-esendex-notifier' is not installed, so not removed
2025-09-20T21:24:20.3184670Z Package 'php-symfony-expo-notifier' is not installed, so not removed
2025-09-20T21:24:20.3185297Z Package 'php-symfony-fake-chat-notifier' is not installed, so not removed
2025-09-20T21:24:20.3185733Z Package 'php-symfony-fake-sms-notifier' is not installed, so not removed
2025-09-20T21:24:20.3186167Z Package 'php-symfony-firebase-notifier' is not installed, so not removed
2025-09-20T21:24:20.3186616Z Package 'php-symfony-forty-six-elks-notifier' is not installed, so not removed
2025-09-20T21:24:20.3187086Z Package 'php-symfony-free-mobile-notifier' is not installed, so not removed
2025-09-20T21:24:20.3187532Z Package 'php-symfony-gateway-api-notifier' is not installed, so not removed
2025-09-20T21:24:20.3187971Z Package 'php-symfony-gitter-notifier' is not installed, so not removed
2025-09-20T21:24:20.3188386Z Package 'php-symfony-go-ip-notifier' is not installed, so not removed
2025-09-20T21:24:20.3188816Z Package 'php-symfony-google-chat-notifier' is not installed, so not removed
2025-09-20T21:24:20.3189372Z Package 'php-symfony-google-mailer' is not installed, so not removed
2025-09-20T21:24:20.3189773Z Package 'php-symfony-html-sanitizer' is not installed, so not removed
2025-09-20T21:24:20.3190183Z Package 'php-symfony-infobip-mailer' is not installed, so not removed
2025-09-20T21:24:20.3190600Z Package 'php-symfony-infobip-notifier' is not installed, so not removed
2025-09-20T21:24:20.3191015Z Package 'php-symfony-iqsms-notifier' is not installed, so not removed
2025-09-20T21:24:20.3191429Z Package 'php-symfony-isendpro-notifier' is not installed, so not removed
2025-09-20T21:24:20.3191874Z Package 'php-symfony-kaz-info-teh-notifier' is not installed, so not removed
2025-09-20T21:24:20.3192325Z Package 'php-symfony-light-sms-notifier' is not installed, so not removed
2025-09-20T21:24:20.3192767Z Package 'php-symfony-line-notify-notifier' is not installed, so not removed
2025-09-20T21:24:20.3193207Z Package 'php-symfony-linked-in-notifier' is not installed, so not removed
2025-09-20T21:24:20.3193676Z Package 'php-symfony-loco-translation-provider' is not installed, so not removed
2025-09-20T21:24:20.3194203Z Package 'php-symfony-lokalise-translation-provider' is not installed, so not removed
2025-09-20T21:24:20.3194843Z Package 'php-symfony-mail-pace-mailer' is not installed, so not removed
2025-09-20T21:24:20.3195489Z Package 'php-symfony-mailchimp-mailer' is not installed, so not removed
2025-09-20T21:24:20.3195928Z Package 'php-symfony-mailer-send-mailer' is not installed, so not removed
2025-09-20T21:24:20.3196352Z Package 'php-symfony-mailgun-mailer' is not installed, so not removed
2025-09-20T21:24:20.3196773Z Package 'php-symfony-mailjet-mailer' is not installed, so not removed
2025-09-20T21:24:20.3197182Z Package 'php-symfony-mailjet-notifier' is not installed, so not removed
2025-09-20T21:24:20.3197611Z Package 'php-symfony-mastodon-notifier' is not installed, so not removed
2025-09-20T21:24:20.3198058Z Package 'php-symfony-mattermost-notifier' is not installed, so not removed
2025-09-20T21:24:20.3198470Z Package 'php-symfony-mercure' is not installed, so not removed
2025-09-20T21:24:20.3198860Z Package 'php-symfony-mercure-bundle' is not installed, so not removed
2025-09-20T21:24:20.3199267Z Package 'php-symfony-mercure-notifier' is not installed, so not removed
2025-09-20T21:24:20.3199716Z Package 'php-symfony-message-bird-notifier' is not installed, so not removed
2025-09-20T21:24:20.3200181Z Package 'php-symfony-message-media-notifier' is not installed, so not removed
2025-09-20T21:24:20.3200662Z Package 'php-symfony-microsoft-teams-notifier' is not installed, so not removed
2025-09-20T21:24:20.3201110Z Package 'php-symfony-mobyt-notifier' is not installed, so not removed
2025-09-20T21:24:20.3201510Z Package 'php-symfony-novu-notifier' is not installed, so not removed
2025-09-20T21:24:20.3201906Z Package 'php-symfony-ntfy-notifier' is not installed, so not removed
2025-09-20T21:24:20.3202317Z Package 'php-symfony-octopush-notifier' is not installed, so not removed
2025-09-20T21:24:20.3202751Z Package 'php-symfony-oh-my-smtp-mailer' is not installed, so not removed
2025-09-20T21:24:20.3203186Z Package 'php-symfony-one-signal-notifier' is not installed, so not removed
2025-09-20T21:24:20.3203634Z Package 'php-symfony-orange-sms-notifier' is not installed, so not removed
2025-09-20T21:24:20.3204077Z Package 'php-symfony-ovh-cloud-notifier' is not installed, so not removed
2025-09-20T21:24:20.3204511Z Package 'php-symfony-pager-duty-notifier' is not installed, so not removed
2025-09-20T21:24:20.3205167Z Package 'php-symfony-phpunit-bridge' is not installed, so not removed
2025-09-20T21:24:20.3205671Z Package 'php-symfony-phrase-translation-provider' is not installed, so not removed
2025-09-20T21:24:20.3206152Z Package 'php-symfony-plivo-notifier' is not installed, so not removed
2025-09-20T21:24:20.3206555Z Package 'php-symfony-polyfill' is not installed, so not removed
2025-09-20T21:24:20.3206952Z Package 'php-symfony-polyfill-apcu' is not installed, so not removed
2025-09-20T21:24:20.3207533Z Package 'php-symfony-polyfill-ctype' is not installed, so not removed
2025-09-20T21:24:20.3207944Z Package 'php-symfony-polyfill-php72' is not installed, so not removed
2025-09-20T21:24:20.3208356Z Package 'php-symfony-polyfill-php73' is not installed, so not removed
2025-09-20T21:24:20.3208764Z Package 'php-symfony-polyfill-php74' is not installed, so not removed
2025-09-20T21:24:20.3209174Z Package 'php-symfony-polyfill-php81' is not installed, so not removed
2025-09-20T21:24:20.3209583Z Package 'php-symfony-polyfill-php82' is not installed, so not removed
2025-09-20T21:24:20.3209993Z Package 'php-symfony-polyfill-iconv' is not installed, so not removed
2025-09-20T21:24:20.3210447Z Package 'php-symfony-polyfill-intl-grapheme' is not installed, so not removed
2025-09-20T21:24:20.3210908Z Package 'php-symfony-polyfill-intl-icu' is not installed, so not removed
2025-09-20T21:24:20.3211400Z Package 'php-symfony-polyfill-intl-messageformatter' is not installed, so not removed
2025-09-20T21:24:20.3211893Z Package 'php-symfony-polyfill-intl-idn' is not installed, so not removed
2025-09-20T21:24:20.3212359Z Package 'php-symfony-polyfill-intl-normalizer' is not installed, so not removed
2025-09-20T21:24:20.3212823Z Package 'php-symfony-polyfill-mbstring' is not installed, so not removed
2025-09-20T21:24:20.3213350Z Package 'php-symfony-polyfill-util' is not installed, so not removed
2025-09-20T21:24:20.3213770Z Package 'php-symfony-polyfill-xml' is not installed, so not removed
2025-09-20T21:24:20.3214177Z Package 'php-symfony-polyfill-uuid' is not installed, so not removed
2025-09-20T21:24:20.3214593Z Package 'php-symfony-postmark-mailer' is not installed, so not removed
2025-09-20T21:24:20.3215159Z Package 'php-symfony-psr-http-message-bridge' is not installed, so not removed
2025-09-20T21:24:20.3215631Z Package 'php-symfony-pushover-notifier' is not installed, so not removed
2025-09-20T21:24:20.3216069Z Package 'php-symfony-redis-messenger' is not installed, so not removed
2025-09-20T21:24:20.3216496Z Package 'php-symfony-redlink-notifier' is not installed, so not removed
2025-09-20T21:24:20.3216943Z Package 'php-symfony-ring-central-notifier' is not installed, so not removed
2025-09-20T21:24:20.3217407Z Package 'php-symfony-rocket-chat-notifier' is not installed, so not removed
2025-09-20T21:24:20.3217831Z Package 'php-symfony-runtime' is not installed, so not removed
2025-09-20T21:24:20.3218224Z Package 'php-symfony-scaleway-mailer' is not installed, so not removed
2025-09-20T21:24:20.3218637Z Package 'php-symfony-security-acl' is not installed, so not removed
2025-09-20T21:24:20.3219069Z Package 'php-symfony-sendberry-notifier' is not installed, so not removed
2025-09-20T21:24:20.3219496Z Package 'php-symfony-sendgrid-mailer' is not installed, so not removed
2025-09-20T21:24:20.3219927Z Package 'php-symfony-sendinblue-mailer' is not installed, so not removed
2025-09-20T21:24:20.3220365Z Package 'php-symfony-sendinblue-notifier' is not installed, so not removed
2025-09-20T21:24:20.3220841Z Package 'php-symfony-simple-textin-notifier' is not installed, so not removed
2025-09-20T21:24:20.3221284Z Package 'php-symfony-sinch-notifier' is not installed, so not removed
2025-09-20T21:24:20.3221697Z Package 'php-symfony-slack-notifier' is not installed, so not removed
2025-09-20T21:24:20.3222134Z Package 'php-symfony-sms-biuras-notifier' is not installed, so not removed
2025-09-20T21:24:20.3222579Z Package 'php-symfony-sms-factor-notifier' is not installed, so not removed
2025-09-20T21:24:20.3223005Z Package 'php-symfony-sms77-notifier' is not installed, so not removed
2025-09-20T21:24:20.3223415Z Package 'php-symfony-smsapi-notifier' is not installed, so not removed
2025-09-20T21:24:20.3223824Z Package 'php-symfony-smsc-notifier' is not installed, so not removed
2025-09-20T21:24:20.3224237Z Package 'php-symfony-smsmode-notifier' is not installed, so not removed
2025-09-20T21:24:20.3224673Z Package 'php-symfony-spot-hit-notifier' is not installed, so not removed
2025-09-20T21:24:20.3225356Z Package 'php-symfony-telegram-notifier' is not installed, so not removed
2025-09-20T21:24:20.3225783Z Package 'php-symfony-telnyx-notifier' is not installed, so not removed
2025-09-20T21:24:20.3226204Z Package 'php-symfony-termii-notifier' is not installed, so not removed
2025-09-20T21:24:20.3226636Z Package 'php-symfony-turbo-sms-notifier' is not installed, so not removed
2025-09-20T21:24:20.3227074Z Package 'php-symfony-twilio-notifier' is not installed, so not removed
2025-09-20T21:24:20.3227509Z Package 'php-symfony-twitter-notifier' is not installed, so not removed
2025-09-20T21:24:20.3227935Z Package 'php-symfony-vonage-notifier' is not installed, so not removed
2025-09-20T21:24:20.3228360Z Package 'php-symfony-yunpian-notifier' is not installed, so not removed
2025-09-20T21:24:20.3228782Z Package 'php-symfony-zendesk-notifier' is not installed, so not removed
2025-09-20T21:24:20.3229204Z Package 'php-symfony-zulip-notifier' is not installed, so not removed
2025-09-20T21:24:20.3229589Z Package 'php-text-captcha' is not installed, so not removed
2025-09-20T21:24:20.3229955Z Package 'php-text-password' is not installed, so not removed
2025-09-20T21:24:20.3230311Z Package 'php-text-figlet' is not installed, so not removed
2025-09-20T21:24:20.3230679Z Package 'php-text-languagedetect' is not installed, so not removed
2025-09-20T21:24:20.3231160Z Package 'php-text-wiki' is not installed, so not removed
2025-09-20T21:24:20.3231482Z Package 'php-thrift' is not installed, so not removed
2025-09-20T21:24:20.3231807Z Package 'php8.3-tideways' is not installed, so not removed
2025-09-20T21:24:20.3232160Z Package 'php-tideways-all-dev' is not installed, so not removed
2025-09-20T21:24:20.3232603Z Package 'php-tijsverkoyen-css-to-inline-styles' is not installed, so not removed
2025-09-20T21:24:20.3233005Z Package 'php-timer' is not installed, so not removed
2025-09-20T21:24:20.3233321Z Package 'php-twig-doc' is not installed, so not removed
2025-09-20T21:24:20.4439907Z Package 'php-twig-cache-extra' is not installed, so not removed
2025-09-20T21:24:20.4440662Z Package 'php-twig-cssinliner-extra' is not installed, so not removed
2025-09-20T21:24:20.4441238Z Package 'php-twig-extra-bundle' is not installed, so not removed
2025-09-20T21:24:20.4441775Z Package 'php-twig-html-extra' is not installed, so not removed
2025-09-20T21:24:20.4442326Z Package 'php-twig-i18n-extension' is not installed, so not removed
2025-09-20T21:24:20.4442862Z Package 'php-twig-inky-extra' is not installed, so not removed
2025-09-20T21:24:20.4443362Z Package 'php-twig-intl-extra' is not installed, so not removed
2025-09-20T21:24:20.4443891Z Package 'php-twig-markdown-extra' is not installed, so not removed
2025-09-20T21:24:20.4444423Z Package 'php-twig-string-extra' is not installed, so not removed
2025-09-20T21:24:20.4445257Z Package 'php8.3-uopz' is not installed, so not removed
2025-09-20T21:24:20.4445726Z Package 'php-uopz-all-dev' is not installed, so not removed
2025-09-20T21:24:20.4446232Z Package 'php8.3-uploadprogress' is not installed, so not removed
2025-09-20T21:24:20.4446759Z Package 'php-uploadprogress-all-dev' is not installed, so not removed
2025-09-20T21:24:20.4447176Z Package 'php8.3-uuid' is not installed, so not removed
2025-09-20T21:24:20.4447546Z Package 'php-uuid-all-dev' is not installed, so not removed
2025-09-20T21:24:20.4447919Z Package 'php-validate' is not installed, so not removed
2025-09-20T21:24:20.4448318Z Package 'php-vlucas-phpdotenv' is not installed, so not removed
2025-09-20T21:24:20.4448753Z Package 'php-voku-portable-ascii' is not installed, so not removed
2025-09-20T21:24:20.4449153Z Package 'php-wmerrors' is not installed, so not removed
2025-09-20T21:24:20.4449537Z Package 'php-xdebug-all-dev' is not installed, so not removed
2025-09-20T21:24:20.4449920Z Package 'php-xml-svg' is not installed, so not removed
2025-09-20T21:24:20.4450288Z Package 'php8.3-xmlrpc' is not installed, so not removed
2025-09-20T21:24:20.4450674Z Package 'php-xmlrpc-all-dev' is not installed, so not removed
2025-09-20T21:24:20.4451330Z Package 'php8.3-yac' is not installed, so not removed
2025-09-20T21:24:20.4451694Z Package 'php-yac-all-dev' is not installed, so not removed
2025-09-20T21:24:20.4452089Z Package 'php-yaml-all-dev' is not installed, so not removed
2025-09-20T21:24:20.4452478Z Package 'php-zend-code' is not installed, so not removed
2025-09-20T21:24:20.4452877Z Package 'php-zend-eventmanager' is not installed, so not removed
2025-09-20T21:24:20.4453287Z Package 'php-zend-stdlib' is not installed, so not removed
2025-09-20T21:24:20.4453661Z Package 'php-zeroc-ice' is not installed, so not removed
2025-09-20T21:24:20.4454027Z Package 'php-zeta-base' is not installed, so not removed
2025-09-20T21:24:20.4454423Z Package 'php-zeta-console-tools' is not installed, so not removed
2025-09-20T21:24:20.4454959Z Package 'php-zeta-unit-test' is not installed, so not removed
2025-09-20T21:24:20.4455385Z Package 'php-zmq-all-dev' is not installed, so not removed
2025-09-20T21:24:20.4455807Z Package 'php-zumba-json-serializer' is not installed, so not removed
2025-09-20T21:24:20.4456259Z Package 'php8.3-libvirt-php' is not installed, so not removed
2025-09-20T21:24:20.4456628Z Package 'phpab' is not installed, so not removed
2025-09-20T21:24:20.4456963Z Package 'phpcpd' is not installed, so not removed
2025-09-20T21:24:20.4457330Z Package 'phpunit-cli-parser' is not installed, so not removed
2025-09-20T21:24:20.4457879Z Package 'phpldapadmin' is not installed, so not removed
2025-09-20T21:24:20.4458206Z Package 'phpliteadmin' is not installed, so not removed
2025-09-20T21:24:20.4458547Z Package 'phpliteadmin-themes' is not installed, so not removed
2025-09-20T21:24:20.4458893Z Package 'phploc' is not installed, so not removed
2025-09-20T21:24:20.4459185Z Package 'phppgadmin' is not installed, so not removed
2025-09-20T21:24:20.4459495Z Package 'phpsysinfo' is not installed, so not removed
2025-09-20T21:24:20.4459821Z Package 'phpunit-code-unit' is not installed, so not removed
2025-09-20T21:24:20.4460161Z Package 'phpunit-diff' is not installed, so not removed
2025-09-20T21:24:20.4460489Z Package 'phpunit-exporter' is not installed, so not removed
2025-09-20T21:24:20.4460847Z Package 'phpunit-global-state' is not installed, so not removed
2025-09-20T21:24:20.4461239Z Package 'phpunit-object-enumerator' is not installed, so not removed
2025-09-20T21:24:20.4461661Z Package 'phpunit-resource-operations' is not installed, so not removed
2025-09-20T21:24:20.4462035Z Package 'phpunit-type' is not installed, so not removed
2025-09-20T21:24:20.4462399Z Package 'phpunit-object-reflector' is not installed, so not removed
2025-09-20T21:24:20.4462774Z Package 'phpwebcounter' is not installed, so not removed
2025-09-20T21:24:20.4463173Z Package 'phpwebcounter-extra' is not installed, so not removed
2025-09-20T21:24:20.4463532Z Package 'python3-phply' is not installed, so not removed
2025-09-20T21:24:20.4463887Z Package 'python3-phpserialize' is not installed, so not removed
2025-09-20T21:24:20.4464304Z Package 'python3-sphinxcontrib.phpdomain' is not installed, so not removed
2025-09-20T21:24:20.4464810Z Package 'simplesamlphp' is not installed, so not removed
2025-09-20T21:24:20.4465156Z Package 'slbackup-php' is not installed, so not removed
2025-09-20T21:24:20.4465502Z Package 'uwsgi-plugin-php' is not installed, so not removed
2025-09-20T21:24:20.4465840Z Package 'weechat-php' is not installed, so not removed
2025-09-20T21:24:20.4466150Z Package 'php-mythtv' is not installed, so not removed
2025-09-20T21:24:20.4466444Z The following packages will be REMOVED:
2025-09-20T21:24:20.4466802Z   php-common php-pear php8.3 php8.3-amqp php8.3-apcu php8.3-bcmath php8.3-bz2
2025-09-20T21:24:20.4467245Z   php8.3-cgi php8.3-cli php8.3-common php8.3-curl php8.3-dba php8.3-dev
2025-09-20T21:24:20.4467633Z   php8.3-enchant php8.3-fpm php8.3-gd php8.3-gmp php8.3-igbinary
2025-09-20T21:24:20.4468037Z   php8.3-imagick php8.3-imap php8.3-interbase php8.3-intl php8.3-ldap
2025-09-20T21:24:20.4468425Z   php8.3-mbstring php8.3-memcache php8.3-memcached php8.3-mongodb
2025-09-20T21:24:20.4468948Z   php8.3-msgpack php8.3-mysql php8.3-odbc php8.3-opcache php8.3-pcov
2025-09-20T21:24:20.4469345Z   php8.3-pgsql php8.3-phpdbg php8.3-pspell php8.3-readline php8.3-redis
2025-09-20T21:24:20.4469731Z   php8.3-snmp php8.3-soap php8.3-sqlite3 php8.3-sybase php8.3-tidy
2025-09-20T21:24:20.4470120Z   php8.3-xdebug php8.3-xml php8.3-xsl php8.3-yaml php8.3-zip php8.3-zmq
2025-09-20T21:24:20.6868829Z 0 upgraded, 0 newly installed, 48 to remove and 6 not upgraded.
2025-09-20T21:24:20.6869393Z After this operation, 58.9 MB disk space will be freed.
2025-09-20T21:24:20.7045544Z (Reading database ... 
2025-09-20T21:24:20.7045909Z (Reading database ... 5%
2025-09-20T21:24:20.7046165Z (Reading database ... 10%
2025-09-20T21:24:20.7046403Z (Reading database ... 15%
2025-09-20T21:24:20.7046634Z (Reading database ... 20%
2025-09-20T21:24:20.7046857Z (Reading database ... 25%
2025-09-20T21:24:20.7047088Z (Reading database ... 30%
2025-09-20T21:24:20.7047316Z (Reading database ... 35%
2025-09-20T21:24:20.7047572Z (Reading database ... 40%
2025-09-20T21:24:20.7047800Z (Reading database ... 45%
2025-09-20T21:24:20.7048034Z (Reading database ... 50%
2025-09-20T21:24:20.7063847Z (Reading database ... 55%
2025-09-20T21:24:20.7163705Z (Reading database ... 60%
2025-09-20T21:24:20.7188235Z (Reading database ... 65%
2025-09-20T21:24:20.7218148Z (Reading database ... 70%
2025-09-20T21:24:20.7235955Z (Reading database ... 75%
2025-09-20T21:24:20.7255634Z (Reading database ... 80%
2025-09-20T21:24:20.7382923Z (Reading database ... 85%
2025-09-20T21:24:20.7605529Z (Reading database ... 90%
2025-09-20T21:24:20.7675782Z (Reading database ... 95%
2025-09-20T21:24:20.7676056Z (Reading database ... 100%
2025-09-20T21:24:20.7676457Z (Reading database ... 204079 files and directories currently installed.)
2025-09-20T21:24:20.7711927Z Removing php8.3-zip (8.3.6-0ubuntu0.24.04.5) ...
2025-09-20T21:24:21.0247661Z Removing php8.3-sybase (8.3.6-0ubuntu0.24.04.5) ...
2025-09-20T21:24:21.1767192Z Removing php-pear (1:1.10.13+submodules+notgz+2022032202-2build1) ...
2025-09-20T21:24:21.4585160Z Removing php8.3 (8.3.6-0ubuntu0.24.04.5) ...
2025-09-20T21:24:21.4910553Z Removing php8.3-amqp (1.11.0-5ubuntu1) ...
2025-09-20T21:24:21.6415193Z Removing php8.3-apcu (5.1.22+4.0.11-2ubuntu1) ...
2025-09-20T21:24:21.7960718Z Removing php8.3-bcmath (8.3.6-0ubuntu0.24.04.5) ...
2025-09-20T21:24:21.9462803Z Removing php8.3-bz2 (8.3.6-0ubuntu0.24.04.5) ...
2025-09-20T21:24:22.1044197Z Removing php8.3-zmq (1.1.3-24ubuntu1) ...
2025-09-20T21:24:22.2421244Z Removing php8.3-yaml (2.2.2+2.1.0+2.0.4+1.3.2-6ubuntu1) ...
2025-09-20T21:24:22.3774418Z Removing php8.3-cgi (8.3.6-0ubuntu0.24.04.5) ...
2025-09-20T21:24:24.5188442Z apache2_invoke php8.3-cgi prerm: No action required
2025-09-20T21:24:24.5621383Z Removing php8.3-dev (8.3.6-0ubuntu0.24.04.5) ...
2025-09-20T21:24:24.7747210Z Removing php8.3-xdebug (3.2.0+3.1.6+2.9.8+2.8.1+2.5.5-3ubuntu1) ...
2025-09-20T21:24:24.8900631Z Removing php8.3-phpdbg (8.3.6-0ubuntu0.24.04.5) ...
2025-09-20T21:24:26.4162354Z Removing php8.3-redis (5.3.7+4.3.0-3ubuntu1) ...
2025-09-20T21:24:26.5138482Z Removing php8.3-xsl (8.3.6-0ubuntu0.24.04.5) ...
2025-09-20T21:24:26.5368149Z Removing php8.3-soap (8.3.6-0ubuntu0.24.04.5) ...
2025-09-20T21:24:26.6512832Z Removing php8.3-curl (8.3.6-0ubuntu0.24.04.5) ...
2025-09-20T21:24:26.7814030Z Removing php8.3-dba (8.3.6-0ubuntu0.24.04.5) ...
2025-09-20T21:24:26.8955568Z Removing php8.3-enchant (8.3.6-0ubuntu0.24.04.5) ...
2025-09-20T21:24:27.0090568Z Removing php8.3-pcov (1.0.11-5ubuntu1) ...
2025-09-20T21:24:27.1471560Z Removing php8.3-fpm (8.3.6-0ubuntu0.24.04.5) ...
2025-09-20T21:24:28.5791145Z apache2_invoke php8.3-fpm prerm: No action required
2025-09-20T21:24:28.6535433Z Removing php8.3-gd (8.3.6-0ubuntu0.24.04.5) ...
2025-09-20T21:24:28.7438369Z Removing php8.3-gmp (8.3.6-0ubuntu0.24.04.5) ...
2025-09-20T21:24:28.8296059Z Removing php8.3-memcached (3.2.0+2.2.0-4ubuntu3) ...
2025-09-20T21:24:28.9058253Z Removing php8.3-igbinary (3.2.13-1ubuntu3) ...
2025-09-20T21:24:28.9932508Z Removing php8.3-imagick (3.7.0-4ubuntu3) ...
2025-09-20T21:24:29.0734988Z Removing php8.3-imap (8.3.6-0ubuntu0.24.04.5) ...
2025-09-20T21:24:29.1613064Z Removing php8.3-interbase (8.3.6-0ubuntu0.24.04.5) ...
2025-09-20T21:24:29.2510840Z Removing php8.3-intl (8.3.6-0ubuntu0.24.04.5) ...
2025-09-20T21:24:29.3419466Z Removing php8.3-ldap (8.3.6-0ubuntu0.24.04.5) ...
2025-09-20T21:24:29.4350721Z Removing php8.3-mbstring (8.3.6-0ubuntu0.24.04.5) ...
2025-09-20T21:24:29.5264479Z Removing php8.3-memcache (8.0+4.0.5.2+3.0.9~20170802.e702b5f9+-8ubuntu1) ...
2025-09-20T21:24:29.6170090Z Removing php8.3-mongodb (1.15.0+1.11.1+1.9.2+1.7.5-1ubuntu3) ...
2025-09-20T21:24:29.7010839Z Removing php8.3-msgpack (1:2.2.0~rc2-3ubuntu1) ...
2025-09-20T21:24:29.7833812Z Removing php8.3-mysql (8.3.6-0ubuntu0.24.04.5) ...
2025-09-20T21:24:29.9425166Z Removing php8.3-odbc (8.3.6-0ubuntu0.24.04.5) ...
2025-09-20T21:24:30.0649969Z Removing php8.3-pgsql (8.3.6-0ubuntu0.24.04.5) ...
2025-09-20T21:24:30.1847730Z Removing php8.3-pspell (8.3.6-0ubuntu0.24.04.5) ...
2025-09-20T21:24:30.2788942Z Removing php8.3-snmp (8.3.6-0ubuntu0.24.04.5) ...
2025-09-20T21:24:30.3866898Z Removing php8.3-sqlite3 (8.3.6-0ubuntu0.24.04.5) ...
2025-09-20T21:24:30.5165059Z Removing php8.3-tidy (8.3.6-0ubuntu0.24.04.5) ...
2025-09-20T21:24:30.6131135Z Removing php8.3-xml (8.3.6-0ubuntu0.24.04.5) ...
2025-09-20T21:24:30.8607935Z Removing php8.3-cli (8.3.6-0ubuntu0.24.04.5) ...
2025-09-20T21:24:31.4202972Z Removing php8.3-opcache (8.3.6-0ubuntu0.24.04.5) ...
2025-09-20T21:24:31.4841206Z Removing php8.3-readline (8.3.6-0ubuntu0.24.04.5) ...
2025-09-20T21:24:31.5587554Z Removing php8.3-common (8.3.6-0ubuntu0.24.04.5) ...
2025-09-20T21:24:31.7635236Z Removing php-common (2:93ubuntu2) ...
2025-09-20T21:24:31.8035808Z Stopping 'phpsessionclean.service', but its triggering units are still active:
2025-09-20T21:24:31.8036400Z 
2025-09-20T21:24:31.8036542Z phpsessionclean.timer
2025-09-20T21:24:31.8036769Z 
2025-09-20T21:24:32.4057665Z Processing triggers for man-db (2.12.0-4build2) ...
2025-09-20T21:24:44.4804428Z Reading package lists...
2025-09-20T21:24:44.6344216Z Building dependency tree...
2025-09-20T21:24:44.6351585Z Reading state information...
2025-09-20T21:24:44.8802339Z Package 'mongodb-dev' is not installed, so not removed
2025-09-20T21:24:44.8802952Z Package 'mongodb-server' is not installed, so not removed
2025-09-20T21:24:44.8803385Z 0 upgraded, 0 newly installed, 0 to remove and 6 not upgraded.
2025-09-20T21:24:44.9034081Z Reading package lists...
2025-09-20T21:24:45.0601041Z Building dependency tree...
2025-09-20T21:24:45.0606915Z Reading state information...
2025-09-20T21:24:45.3002453Z Package 'mysql-client-5.7' is not installed, so not removed
2025-09-20T21:24:45.3003196Z Package 'mysql-client-core-5.7' is not installed, so not removed
2025-09-20T21:24:45.3003776Z Package 'mysql-server-5.5' is not installed, so not removed
2025-09-20T21:24:45.3004412Z Package 'mysql-server-5.7' is not installed, so not removed
2025-09-20T21:24:45.3005610Z Package 'mysql-server-core-5.7' is not installed, so not removed
2025-09-20T21:24:45.3006570Z Package 'mysql-client-core-5.5' is not installed, so not removed
2025-09-20T21:24:45.3007167Z Package 'mysql-client-core-5.6' is not installed, so not removed
2025-09-20T21:24:45.3007713Z Package 'mysql-client-5.5' is not installed, so not removed
2025-09-20T21:24:45.3008242Z Package 'mysql-client-5.6' is not installed, so not removed
2025-09-20T21:24:45.3008894Z Package 'mysql-cluster-community-client-plugins' is not installed, so not removed
2025-09-20T21:24:45.3009576Z Package 'mysql-server-core-5.5' is not installed, so not removed
2025-09-20T21:24:45.3010130Z Package 'mysql-server-core-5.6' is not installed, so not removed
2025-09-20T21:24:45.3010667Z Package 'mysql-server-5.6' is not installed, so not removed
2025-09-20T21:24:45.3011192Z Package 'mysql-testsuite-5.5' is not installed, so not removed
2025-09-20T21:24:45.3011741Z Package 'mysql-testsuite-5.6' is not installed, so not removed
2025-09-20T21:24:45.3012616Z Package 'mysql-testsuite-5.7' is not installed, so not removed
2025-09-20T21:24:45.3013134Z Package 'mysql-testsuite' is not installed, so not removed
2025-09-20T21:24:45.3013631Z Package 'mysql-testsuite-8.0' is not installed, so not removed
2025-09-20T21:24:45.3014037Z Package 'mysql-router' is not installed, so not removed
2025-09-20T21:24:45.3014432Z Package 'mysql-sandbox' is not installed, so not removed
2025-09-20T21:24:45.3015056Z Package 'mysql-shell' is not installed, so not removed
2025-09-20T21:24:45.3015463Z Package 'mysql-source-8.0' is not installed, so not removed
2025-09-20T21:24:45.3015825Z The following packages will be REMOVED:
2025-09-20T21:24:45.3016238Z   libmysqlclient-dev libmysqlclient21 mysql-client mysql-client-8.0
2025-09-20T21:24:45.3016740Z   mysql-client-core-8.0 mysql-common mysql-server mysql-server-8.0
2025-09-20T21:24:45.3017134Z   mysql-server-core-8.0 sphinxsearch
2025-09-20T21:24:45.5412087Z 0 upgraded, 0 newly installed, 10 to remove and 6 not upgraded.
2025-09-20T21:24:45.5412827Z After this operation, 209 MB disk space will be freed.
2025-09-20T21:24:45.5596497Z (Reading database ... 
2025-09-20T21:24:45.5596898Z (Reading database ... 5%
2025-09-20T21:24:45.5597273Z (Reading database ... 10%
2025-09-20T21:24:45.5598032Z (Reading database ... 15%
2025-09-20T21:24:45.5598405Z (Reading database ... 20%
2025-09-20T21:24:45.5598767Z (Reading database ... 25%
2025-09-20T21:24:45.5599260Z (Reading database ... 30%
2025-09-20T21:24:45.5599507Z (Reading database ... 35%
2025-09-20T21:24:45.5599730Z (Reading database ... 40%
2025-09-20T21:24:45.5599944Z (Reading database ... 45%
2025-09-20T21:24:45.5600157Z (Reading database ... 50%
2025-09-20T21:24:45.5600365Z (Reading database ... 55%
2025-09-20T21:24:45.5712205Z (Reading database ... 60%
2025-09-20T21:24:45.5735213Z (Reading database ... 65%
2025-09-20T21:24:45.5765624Z (Reading database ... 70%
2025-09-20T21:24:45.5785624Z (Reading database ... 75%
2025-09-20T21:24:45.5800373Z (Reading database ... 80%
2025-09-20T21:24:45.5929895Z (Reading database ... 85%
2025-09-20T21:24:45.5978897Z (Reading database ... 90%
2025-09-20T21:24:45.6226931Z (Reading database ... 95%
2025-09-20T21:24:45.6227305Z (Reading database ... 100%
2025-09-20T21:24:45.6227698Z (Reading database ... 203084 files and directories currently installed.)
2025-09-20T21:24:45.6262396Z Removing libmysqlclient-dev (8.0.43-0ubuntu0.24.04.1) ...
2025-09-20T21:24:45.6777389Z Removing sphinxsearch (2.2.11-8build1) ...
2025-09-20T21:24:45.8172108Z Removing libmysqlclient21:amd64 (8.0.43-0ubuntu0.24.04.1) ...
2025-09-20T21:24:45.8506881Z Removing mysql-client (8.0.43-0ubuntu0.24.04.1) ...
2025-09-20T21:24:45.8780466Z Removing mysql-server (8.0.43-0ubuntu0.24.04.1) ...
2025-09-20T21:24:45.9002880Z Removing mysql-server-8.0 (8.0.43-0ubuntu0.24.04.1) ...
2025-09-20T21:24:46.2439765Z update-alternatives: using /etc/mysql/my.cnf.fallback to provide /etc/mysql/my.cnf (my.cnf) in auto mode
2025-09-20T21:24:46.2851379Z Removing mysql-client-8.0 (8.0.43-0ubuntu0.24.04.1) ...
2025-09-20T21:24:46.3092371Z Removing mysql-client-core-8.0 (8.0.43-0ubuntu0.24.04.1) ...
2025-09-20T21:24:46.3288371Z Removing mysql-common (5.8+1.1.0build1) ...
2025-09-20T21:24:46.4170614Z Removing mysql-server-core-8.0 (8.0.43-0ubuntu0.24.04.1) ...
2025-09-20T21:24:46.6011643Z Processing triggers for man-db (2.12.0-4build2) ...
2025-09-20T21:24:50.5015794Z Processing triggers for libc-bin (2.39-0ubuntu8.5) ...
2025-09-20T21:24:51.4529383Z Reading package lists...
2025-09-20T21:24:51.6113893Z Building dependency tree...
2025-09-20T21:24:51.6120908Z Reading state information...
2025-09-20T21:24:51.7763215Z Package 'mono-devel' is not installed, so not removed
2025-09-20T21:24:51.7763662Z The following packages will be REMOVED:
2025-09-20T21:24:51.7764384Z   azure-cli firefox google-chrome-stable libgl1 libgl1-mesa-dri libglx-mesa0
2025-09-20T21:24:51.7770123Z   libglx0 powershell xvfb
2025-09-20T21:24:52.0162090Z 0 upgraded, 0 newly installed, 9 to remove and 4 not upgraded.
2025-09-20T21:24:52.0162863Z After this operation, 1461 MB disk space will be freed.
2025-09-20T21:24:52.0346285Z (Reading database ... 
2025-09-20T21:24:52.0346852Z (Reading database ... 5%
2025-09-20T21:24:52.0347262Z (Reading database ... 10%
2025-09-20T21:24:52.0347639Z (Reading database ... 15%
2025-09-20T21:24:52.0348007Z (Reading database ... 20%
2025-09-20T21:24:52.0348341Z (Reading database ... 25%
2025-09-20T21:24:52.0348593Z (Reading database ... 30%
2025-09-20T21:24:52.0348838Z (Reading database ... 35%
2025-09-20T21:24:52.0349074Z (Reading database ... 40%
2025-09-20T21:24:52.0349299Z (Reading database ... 45%
2025-09-20T21:24:52.0349529Z (Reading database ... 50%
2025-09-20T21:24:52.0349757Z (Reading database ... 55%
2025-09-20T21:24:52.0462233Z (Reading database ... 60%
2025-09-20T21:24:52.0485381Z (Reading database ... 65%
2025-09-20T21:24:52.0516028Z (Reading database ... 70%
2025-09-20T21:24:52.0535909Z (Reading database ... 75%
2025-09-20T21:24:52.0550849Z (Reading database ... 80%
2025-09-20T21:24:52.0685693Z (Reading database ... 85%
2025-09-20T21:24:52.0739186Z (Reading database ... 90%
2025-09-20T21:24:52.0995874Z (Reading database ... 95%
2025-09-20T21:24:52.0996171Z (Reading database ... 100%
2025-09-20T21:24:52.0996565Z (Reading database ... 202809 files and directories currently installed.)
2025-09-20T21:24:52.1032033Z Removing azure-cli (2.77.0-1~noble) ...
2025-09-20T21:25:10.3010538Z Removing firefox (142.0.1+build1-0ubuntu0.24.04.1~mt1) ...
2025-09-20T21:25:10.5839451Z Removing google-chrome-stable (140.0.7339.80-1) ...
2025-09-20T21:25:10.9050398Z Removing xvfb (2:21.1.12-1ubuntu1.4) ...
2025-09-20T21:25:10.9283242Z Removing libgl1:amd64 (1.7.0-1build1) ...
2025-09-20T21:25:10.9644613Z Removing libglx0:amd64 (1.7.0-1build1) ...
2025-09-20T21:25:11.0119156Z Removing libglx-mesa0:amd64 (25.0.7-0ubuntu0.24.04.2) ...
2025-09-20T21:25:11.0709121Z Removing libgl1-mesa-dri:amd64 (25.0.7-0ubuntu0.24.04.2) ...
2025-09-20T21:25:11.1563786Z Removing powershell (7.4.11-1.deb) ...
2025-09-20T21:25:11.5061124Z Processing triggers for libc-bin (2.39-0ubuntu8.5) ...
2025-09-20T21:25:11.5207835Z Processing triggers for man-db (2.12.0-4build2) ...
2025-09-20T21:25:15.2819272Z Processing triggers for hicolor-icon-theme (0.17-2) ...
2025-09-20T21:25:17.9371827Z Reading package lists...
2025-09-20T21:25:18.1201835Z Building dependency tree...
2025-09-20T21:25:18.1209389Z Reading state information...
2025-09-20T21:25:18.2956845Z Package 'google-cloud-sdk' is not installed, so not removed
2025-09-20T21:25:18.2957527Z 0 upgraded, 0 newly installed, 0 to remove and 4 not upgraded.
2025-09-20T21:25:18.3195559Z Reading package lists...
2025-09-20T21:25:18.4962133Z Building dependency tree...
2025-09-20T21:25:18.4969285Z Reading state information...
2025-09-20T21:25:18.6622309Z The following packages will be REMOVED:
2025-09-20T21:25:18.6628357Z   google-cloud-cli google-cloud-cli-anthoscli
2025-09-20T21:25:18.8988390Z 0 upgraded, 0 newly installed, 2 to remove and 4 not upgraded.
2025-09-20T21:25:18.8989015Z After this operation, 665 MB disk space will be freed.
2025-09-20T21:25:18.9157086Z (Reading database ... 
2025-09-20T21:25:18.9157501Z (Reading database ... 5%
2025-09-20T21:25:18.9157872Z (Reading database ... 10%
2025-09-20T21:25:18.9158224Z (Reading database ... 15%
2025-09-20T21:25:18.9158595Z (Reading database ... 20%
2025-09-20T21:25:18.9159075Z (Reading database ... 25%
2025-09-20T21:25:18.9159673Z (Reading database ... 30%
2025-09-20T21:25:18.9160071Z (Reading database ... 35%
2025-09-20T21:25:18.9160416Z (Reading database ... 40%
2025-09-20T21:25:18.9160780Z (Reading database ... 45%
2025-09-20T21:25:18.9161134Z (Reading database ... 50%
2025-09-20T21:25:18.9161460Z (Reading database ... 55%
2025-09-20T21:25:18.9283038Z (Reading database ... 60%
2025-09-20T21:25:18.9308533Z (Reading database ... 65%
2025-09-20T21:25:18.9340611Z (Reading database ... 70%
2025-09-20T21:25:18.9361473Z (Reading database ... 75%
2025-09-20T21:25:18.9376970Z (Reading database ... 80%
2025-09-20T21:25:18.9403130Z (Reading database ... 85%
2025-09-20T21:25:18.9451230Z (Reading database ... 90%
2025-09-20T21:25:18.9702938Z (Reading database ... 95%
2025-09-20T21:25:18.9703551Z (Reading database ... 100%
2025-09-20T21:25:18.9704265Z (Reading database ... 171984 files and directories currently installed.)
2025-09-20T21:25:18.9734155Z Removing google-cloud-cli-anthoscli (537.0.0-0) ...
2025-09-20T21:26:04.3761585Z Removing google-cloud-cli (537.0.0-0) ...
2025-09-20T21:27:04.8137721Z Processing triggers for man-db (2.12.0-4build2) ...
2025-09-20T21:27:06.7676117Z Processing triggers for libc-bin (2.39-0ubuntu8.5) ...
2025-09-20T21:27:07.7384158Z Reading package lists...
2025-09-20T21:27:07.9457897Z Building dependency tree...
2025-09-20T21:27:07.9465248Z Reading state information...
2025-09-20T21:27:08.1360387Z The following packages will be REMOVED:
2025-09-20T21:27:08.1361286Z   dictionaries-common emacsen-common firebird3.0-common firebird3.0-common-doc
2025-09-20T21:27:08.1362295Z   freetds-common hunspell-en-us icu-devtools imagemagick-6-common lib32gcc-s1
2025-09-20T21:27:08.1363391Z   lib32stdc++6 libaom3 libaspell15 libc-client2007e libc6-i386 libcanberra0t64
2025-09-20T21:27:08.1364290Z   libcgi-fast-perl libcgi-pm-perl libclang-common-16-dev
2025-09-20T21:27:08.1365444Z   libclang-common-17-dev libclang-common-18-dev libclang-rt-16-dev
2025-09-20T21:27:08.1366334Z   libclang-rt-17-dev libclang-rt-18-dev libclang1-16t64 libclang1-17t64
2025-09-20T21:27:08.1367809Z   libclone-perl libdbusmenu-glib4 libdbusmenu-gtk3-4 libde265-0 libenchant-2-2
2025-09-20T21:27:08.1368742Z   libencode-locale-perl libevent-pthreads-2.1-7t64 libfbclient2 libfcgi-bin
2025-09-20T21:27:08.1369559Z   libfcgi-perl libfcgi0t64 libffi-dev libfftw3-double3 libfontenc1 libgc1
2025-09-20T21:27:08.1370016Z   libgd3 libglvnd0 libhashkit2t64 libheif-plugin-aomdec
2025-09-20T21:27:08.1370468Z   libheif-plugin-libde265 libheif1 libhtml-parser-perl libhtml-tagset-perl
2025-09-20T21:27:08.1370958Z   libhtml-template-perl libhttp-date-perl libhttp-message-perl
2025-09-20T21:27:08.1371408Z   libhunspell-1.7-0 libice6 libicu-dev libio-html-perl liblldb-16t64
2025-09-20T21:27:08.1371910Z   liblldb-17t64 liblqr-1-0 liblttng-ust-common1t64 liblttng-ust-ctl5t64
2025-09-20T21:27:08.1372636Z   liblttng-ust1t64 liblwp-mediatypes-perl libmagickcore-6.q16-7t64
2025-09-20T21:27:08.1373216Z   libmagickwand-6.q16-7t64 libmecab2 libmemcached11t64 libncurses-dev
2025-09-20T21:27:08.1373684Z   libnorm1t64 libobjc-13-dev libobjc4 libodbc2 libogg0 libopenjp2-7
2025-09-20T21:27:08.1374124Z   libpcre2-16-0 libpcre2-32-0 libpcre2-dev libpcre2-posix3 libpfm4
2025-09-20T21:27:08.1374602Z   libpgm-5.3-0t64 libprotobuf-lite32t64 libqdbm14t64 librabbitmq4 libraw23t64
2025-09-20T21:27:08.1375284Z   libre2-10 libsm6 libsnappy1v5 libsybdb5 libtdb1 libtidy5deb1
2025-09-20T21:27:08.1375733Z   libtimedate-perl libtommath1 liburi-perl libvorbis0a libvorbisfile3
2025-09-20T21:27:08.1376213Z   libwebpdemux2 libwebpmux3 libxaw7 libxcb-glx0 libxfont2 libxkbfile1
2025-09-20T21:27:08.1376670Z   libxml2-dev libxmu6 libxpm4 libxt6t64 libxxf86vm1 libz3-4 libz3-dev
2025-09-20T21:27:08.1377159Z   libzip4t64 libzmq5 libzstd-dev mecab-ipadic mecab-ipadic-utf8 mecab-utils
2025-09-20T21:27:08.1377671Z   mlock netstandard-targeting-pack-2.1-8.0 shtool sound-theme-freedesktop
2025-09-20T21:27:08.1378075Z   x11-xkb-utils xserver-common xul-ext-ubufox
2025-09-20T21:27:08.3918125Z 0 upgraded, 0 newly installed, 120 to remove and 4 not upgraded.
2025-09-20T21:27:08.3918817Z After this operation, 472 MB disk space will be freed.
2025-09-20T21:27:08.4098391Z (Reading database ... 
2025-09-20T21:27:08.4098909Z (Reading database ... 5%
2025-09-20T21:27:08.4099376Z (Reading database ... 10%
2025-09-20T21:27:08.4099825Z (Reading database ... 15%
2025-09-20T21:27:08.4100265Z (Reading database ... 20%
2025-09-20T21:27:08.4100566Z (Reading database ... 25%
2025-09-20T21:27:08.4100834Z (Reading database ... 30%
2025-09-20T21:27:08.4101080Z (Reading database ... 35%
2025-09-20T21:27:08.4101319Z (Reading database ... 40%
2025-09-20T21:27:08.4101582Z (Reading database ... 45%
2025-09-20T21:27:08.4102115Z (Reading database ... 50%
2025-09-20T21:27:08.4102349Z (Reading database ... 55%
2025-09-20T21:27:08.4238542Z (Reading database ... 60%
2025-09-20T21:27:08.4265979Z (Reading database ... 65%
2025-09-20T21:27:08.4302740Z (Reading database ... 70%
2025-09-20T21:27:08.4325515Z (Reading database ... 75%
2025-09-20T21:27:08.4342200Z (Reading database ... 80%
2025-09-20T21:27:08.4370364Z (Reading database ... 85%
2025-09-20T21:27:08.4422989Z (Reading database ... 90%
2025-09-20T21:27:08.4497611Z (Reading database ... 95%
2025-09-20T21:27:08.4498020Z (Reading database ... 100%
2025-09-20T21:27:08.4498392Z (Reading database ... 120489 files and directories currently installed.)
2025-09-20T21:27:08.4522097Z Removing libenchant-2-2:amd64 (2.3.3-2build2) ...
2025-09-20T21:27:08.4927190Z Removing hunspell-en-us (1:2020.12.07-2) ...
2025-09-20T21:27:08.6064192Z Removing dictionaries-common (1.29.7) ...
2025-09-20T21:27:08.7825113Z Removing 'diversion of /usr/share/dict/words to /usr/share/dict/words.pre-dictionaries-common by dictionaries-common'
2025-09-20T21:27:08.8211493Z Removing emacsen-common (3.0.5) ...
2025-09-20T21:27:08.8864546Z Removing libfbclient2:amd64 (3.0.11.33703.ds4-2ubuntu2) ...
2025-09-20T21:27:08.9505788Z Removing firebird3.0-common (3.0.11.33703.ds4-2ubuntu2) ...
2025-09-20T21:27:08.9912538Z Removing firebird3.0-common-doc (3.0.11.33703.ds4-2ubuntu2) ...
2025-09-20T21:27:09.0134678Z Removing libsybdb5:amd64 (1.3.17+ds-2build3) ...
2025-09-20T21:27:09.0403612Z Removing freetds-common (1.3.17+ds-2build3) ...
2025-09-20T21:27:09.0817381Z Removing libxml2-dev:amd64 (2.9.14+dfsg-1.3ubuntu3.4) ...
2025-09-20T21:27:09.1240860Z Removing libicu-dev:amd64 (74.2-1ubuntu3.1) ...
2025-09-20T21:27:09.1966182Z Removing icu-devtools (74.2-1ubuntu3.1) ...
2025-09-20T21:27:09.2190462Z Removing libmagickwand-6.q16-7t64:amd64 (8:6.9.12.98+dfsg1-5.2build2) ...
2025-09-20T21:27:09.2600807Z Removing libmagickcore-6.q16-7t64:amd64 (8:6.9.12.98+dfsg1-5.2build2) ...
2025-09-20T21:27:09.3184311Z Removing imagemagick-6-common (8:6.9.12.98+dfsg1-5.2build2) ...
2025-09-20T21:27:09.3409748Z Removing libclang-rt-18-dev:amd64 (1:18.1.3-1ubuntu1) ...
2025-09-20T21:27:09.4210635Z Removing libclang-rt-16-dev:amd64 (1:16.0.6-23ubuntu4) ...
2025-09-20T21:27:09.5006027Z Removing lib32stdc++6 (14.2.0-4ubuntu2~24.04) ...
2025-09-20T21:27:09.5302842Z Removing lib32gcc-s1 (14.2.0-4ubuntu2~24.04) ...
2025-09-20T21:27:09.5566304Z Removing libaspell15:amd64 (0.60.8.1-1build1) ...
2025-09-20T21:27:09.5919906Z Removing libc-client2007e (8:2007f~dfsg-7build3) ...
2025-09-20T21:27:09.6302084Z Removing libc6-i386 (2.39-0ubuntu8.5) ...
2025-09-20T21:27:09.7312334Z Removing libcanberra0t64:amd64 (0.30-10ubuntu10) ...
2025-09-20T21:27:09.7759499Z Removing libcgi-fast-perl (1:2.17-1) ...
2025-09-20T21:27:09.8065281Z Removing libhtml-template-perl (2.97-2) ...
2025-09-20T21:27:09.8481602Z Removing libcgi-pm-perl (4.63-1) ...
2025-09-20T21:27:09.8910467Z Removing libclang-common-16-dev (1:16.0.6-23ubuntu4) ...
2025-09-20T21:27:09.9872537Z Removing libclang-common-17-dev:amd64 (1:17.0.6-9ubuntu1) ...
2025-09-20T21:27:10.0942025Z Removing libclang-common-18-dev:amd64 (1:18.1.3-1ubuntu1) ...
2025-09-20T21:27:10.2021759Z Removing libclang-rt-17-dev:amd64 (1:17.0.6-9ubuntu1) ...
2025-09-20T21:27:10.2576276Z Removing libclang1-16t64 (1:16.0.6-23ubuntu4) ...
2025-09-20T21:27:10.3074918Z Removing libclang1-17t64 (1:17.0.6-9ubuntu1) ...
2025-09-20T21:27:10.3352935Z Removing libhttp-message-perl (6.45-1ubuntu1) ...
2025-09-20T21:27:10.3726459Z Removing libclone-perl:amd64 (0.46-1build3) ...
2025-09-20T21:27:10.3998967Z Removing libdbusmenu-gtk3-4:amd64 (18.10.20180917~bzr492+repack1-3.1ubuntu5) ...
2025-09-20T21:27:10.4332988Z Removing libdbusmenu-glib4:amd64 (18.10.20180917~bzr492+repack1-3.1ubuntu5) ...
2025-09-20T21:27:10.4594323Z Removing libencode-locale-perl (1.05-3) ...
2025-09-20T21:27:10.4914357Z Removing libevent-pthreads-2.1-7t64:amd64 (2.1.12-stable-9ubuntu2) ...
2025-09-20T21:27:10.5223513Z Removing libfcgi-bin (2.4.2-2.1ubuntu0.24.04.1) ...
2025-09-20T21:27:10.5450632Z Removing libfcgi-perl (0.82+ds-3build2) ...
2025-09-20T21:27:10.5757844Z Removing libfcgi0t64:amd64 (2.4.2-2.1ubuntu0.24.04.1) ...
2025-09-20T21:27:10.6200829Z Removing libffi-dev:amd64 (3.4.6-1build1) ...
2025-09-20T21:27:10.6686644Z Removing libfftw3-double3:amd64 (3.3.10-1ubuntu3) ...
2025-09-20T21:27:10.7176795Z Removing libxfont2:amd64 (1:2.0.6-1build1) ...
2025-09-20T21:27:10.7614524Z Removing libfontenc1:amd64 (1:1.1.8-1build1) ...
2025-09-20T21:27:10.7863558Z Removing libobjc-13-dev:amd64 (13.3.0-6ubuntu2~24.04) ...
2025-09-20T21:27:10.8317203Z Removing libobjc4:amd64 (14.2.0-4ubuntu2~24.04) ...
2025-09-20T21:27:10.8543720Z Removing libgc1:amd64 (1:8.2.6-1build1) ...
2025-09-20T21:27:10.8804960Z Removing libgd3:amd64 (2.3.3-9ubuntu5) ...
2025-09-20T21:27:10.9078266Z Removing libglvnd0:amd64 (1.7.0-1build1) ...
2025-09-20T21:27:10.9470831Z Removing libmemcached11t64:amd64 (1.1.4-1.1build3) ...
2025-09-20T21:27:10.9806483Z Removing libhashkit2t64:amd64 (1.1.4-1.1build3) ...
2025-09-20T21:27:11.0019564Z Removing libhtml-parser-perl:amd64 (3.81-1build3) ...
2025-09-20T21:27:11.0460283Z Removing libhtml-tagset-perl (3.20-6) ...
2025-09-20T21:27:11.0666085Z Removing libhttp-date-perl (6.06-1) ...
2025-09-20T21:27:11.0876149Z Removing libhunspell-1.7-0:amd64 (1.7.2+really1.7.2-10build3) ...
2025-09-20T21:27:11.1172589Z Removing xserver-common (2:21.1.12-1ubuntu1.4) ...
2025-09-20T21:27:11.1451939Z Removing x11-xkb-utils (7.7+8build2) ...
2025-09-20T21:27:11.1663435Z Removing libxaw7:amd64 (2:1.0.14-1build2) ...
2025-09-20T21:27:11.2198433Z Removing libxmu6:amd64 (2:1.1.3-3build2) ...
2025-09-20T21:27:11.2567419Z Removing libxt6t64:amd64 (1:1.2.1-1.2build1) ...
2025-09-20T21:27:11.3049064Z Removing libsm6:amd64 (2:1.2.3-1build3) ...
2025-09-20T21:27:11.3406376Z Removing libice6:amd64 (2:1.0.10-1build3) ...
2025-09-20T21:27:11.3818888Z Removing libio-html-perl (1.004-3) ...
2025-09-20T21:27:11.4023460Z Removing liblldb-16t64 (1:16.0.6-23ubuntu4) ...
2025-09-20T21:27:11.4501806Z Removing liblldb-17t64 (1:17.0.6-9ubuntu1) ...
2025-09-20T21:27:11.4811205Z Removing liblqr-1-0:amd64 (0.4.2-2.1build2) ...
2025-09-20T21:27:11.5563295Z Removing liblttng-ust1t64:amd64 (2.13.7-1.1ubuntu2) ...
2025-09-20T21:27:11.5901347Z Removing liblttng-ust-ctl5t64:amd64 (2.13.7-1.1ubuntu2) ...
2025-09-20T21:27:11.6150250Z Removing liblttng-ust-common1t64:amd64 (2.13.7-1.1ubuntu2) ...
2025-09-20T21:27:11.6400417Z Removing liblwp-mediatypes-perl (6.04-2) ...
2025-09-20T21:27:11.6693397Z Removing mecab-ipadic-utf8 (2.7.0-20070801+main-3) ...
2025-09-20T21:27:11.7271554Z update-alternatives: using /var/lib/mecab/dic/ipadic to provide /var/lib/mecab/dic/debian (mecab-dictionary) in auto mode
2025-09-20T21:27:11.7651785Z Removing mecab-ipadic (2.7.0-20070801+main-3) ...
2025-09-20T21:27:11.8480848Z Removing mecab-utils (0.996-14ubuntu4) ...
2025-09-20T21:27:11.8766006Z Removing libmecab2:amd64 (0.996-14ubuntu4) ...
2025-09-20T21:27:11.9068790Z Removing libncurses-dev:amd64 (6.4+20240113-1ubuntu2) ...
2025-09-20T21:27:11.9393415Z Removing libzmq5:amd64 (4.3.5-1build2) ...
2025-09-20T21:27:11.9702984Z Removing libnorm1t64:amd64 (1.5.9+dfsg-3.1build1) ...
2025-09-20T21:27:12.0229231Z Removing libodbc2:amd64 (2.3.12-1ubuntu0.24.04.1) ...
2025-09-20T21:27:12.0528456Z Removing libvorbisfile3:amd64 (1.3.7-1build3) ...
2025-09-20T21:27:12.0888129Z Removing libvorbis0a:amd64 (1.3.7-1build3) ...
2025-09-20T21:27:12.1099518Z Removing libogg0:amd64 (1.3.5-3build1) ...
2025-09-20T21:27:12.1472298Z Removing libopenjp2-7:amd64 (2.5.0-2ubuntu0.3) ...
2025-09-20T21:27:12.1909024Z Removing libpcre2-dev:amd64 (10.42-4ubuntu2.1) ...
2025-09-20T21:27:12.2260952Z Removing libpcre2-16-0:amd64 (10.42-4ubuntu2.1) ...
2025-09-20T21:27:12.2561284Z Removing libpcre2-32-0:amd64 (10.42-4ubuntu2.1) ...
2025-09-20T21:27:12.2851408Z Removing libpcre2-posix3:amd64 (10.42-4ubuntu2.1) ...
2025-09-20T21:27:12.3222665Z Removing libpfm4:amd64 (4.13.0+git32-g0d4ed0e-1) ...
2025-09-20T21:27:12.3739229Z Removing libpgm-5.3-0t64:amd64 (5.3.128~dfsg-2.1build1) ...
2025-09-20T21:27:12.4020579Z Removing libprotobuf-lite32t64:amd64 (3.21.12-8.2ubuntu0.2) ...
2025-09-20T21:27:12.4328886Z Removing libqdbm14t64 (1.8.78-12.1build2) ...
2025-09-20T21:27:12.4621615Z Removing librabbitmq4:amd64 (0.11.0-1build2) ...
2025-09-20T21:27:12.5098458Z Removing libraw23t64:amd64 (0.21.2-2.1ubuntu0.24.04.1) ...
2025-09-20T21:27:12.5625544Z Removing libre2-10:amd64 (20230301-3build1) ...
2025-09-20T21:27:12.5915410Z Removing libsnappy1v5:amd64 (1.1.10-1build1) ...
2025-09-20T21:27:12.6210893Z Removing libtdb1:amd64 (1.4.10-1build1) ...
2025-09-20T21:27:12.6512710Z Removing libtidy5deb1:amd64 (2:5.6.0-11ubuntu2) ...
2025-09-20T21:27:12.6783259Z Removing libtimedate-perl (2.3300-2) ...
2025-09-20T21:27:12.7196026Z Removing libtommath1:amd64 (1.2.1-2build1) ...
2025-09-20T21:27:12.7629944Z Removing liburi-perl (5.27-1) ...
2025-09-20T21:27:12.8046325Z Removing libwebpdemux2:amd64 (1.3.2-0.4build3) ...
2025-09-20T21:27:12.8356117Z Removing libwebpmux3:amd64 (1.3.2-0.4build3) ...
2025-09-20T21:27:12.8628005Z Removing libxcb-glx0:amd64 (1.15-1ubuntu2) ...
2025-09-20T21:27:12.9332015Z Removing libxkbfile1:amd64 (1:1.1.0-1build4) ...
2025-09-20T21:27:12.9619046Z Removing libxpm4:amd64 (1:3.5.17-1build2) ...
2025-09-20T21:27:12.9919485Z Removing libxxf86vm1:amd64 (1:1.1.4-1build4) ...
2025-09-20T21:27:13.0269687Z Removing libz3-dev:amd64 (4.8.12-3.1build1) ...
2025-09-20T21:27:13.0542092Z Removing libz3-4:amd64 (4.8.12-3.1build1) ...
2025-09-20T21:27:13.0831835Z Removing libzip4t64:amd64 (1.7.3-1.1ubuntu2) ...
2025-09-20T21:27:13.1295305Z Removing libzstd-dev:amd64 (1.5.5+dfsg2-2build1.1) ...
2025-09-20T21:27:13.1889293Z Removing mlock (8:2007f~dfsg-7build3) ...
2025-09-20T21:27:13.2105367Z Removing netstandard-targeting-pack-2.1-8.0 (8.0.119-0ubuntu1~24.04.1) ...
2025-09-20T21:27:13.2864606Z Removing shtool (2.0.8-10) ...
2025-09-20T21:27:13.3191634Z Removing sound-theme-freedesktop (0.8-2ubuntu1) ...
2025-09-20T21:27:13.3585811Z Removing xul-ext-ubufox (3.4-0ubuntu1.17.10.4) ...
2025-09-20T21:27:13.4411056Z Removing libheif1:amd64 (1.17.6-1ubuntu4.1) ...
2025-09-20T21:27:13.4727964Z Removing libheif-plugin-libde265:amd64 (1.17.6-1ubuntu4.1) ...
2025-09-20T21:27:13.5053150Z Removing libde265-0:amd64 (1.0.15-1build3) ...
2025-09-20T21:27:13.5331698Z Removing libheif-plugin-aomdec:amd64 (1.17.6-1ubuntu4.1) ...
2025-09-20T21:27:13.5526388Z Removing libaom3:amd64 (3.8.2-2ubuntu0.1) ...
2025-09-20T21:27:13.5966977Z Processing triggers for man-db (2.12.0-4build2) ...
2025-09-20T21:27:17.6839853Z Processing triggers for postgresql-common (281.pgdg24.04+1) ...
2025-09-20T21:27:17.8198732Z Building PostgreSQL dictionaries from installed myspell/hunspell packages...
2025-09-20T21:27:17.8199287Z Removing obsolete dictionary files:
2025-09-20T21:27:17.8249754Z   /var/cache/postgresql/dicts/en_us.affix
2025-09-20T21:27:17.8250251Z   /var/cache/postgresql/dicts/en_us.dict
2025-09-20T21:27:17.8298110Z   /usr/share/postgresql/16/tsearch_data/en_us.affix
2025-09-20T21:27:17.8299105Z   /usr/share/postgresql/16/tsearch_data/en_us.dict
2025-09-20T21:27:17.8510785Z Processing triggers for install-info (7.1-3build2) ...
2025-09-20T21:27:18.1585582Z Processing triggers for libc-bin (2.39-0ubuntu8.5) ...
2025-09-20T21:27:19.1831005Z 
2025-09-20T21:27:19.1838201Z ********************************************************************************
2025-09-20T21:27:19.1855994Z => Large misc. packages: Saved 5.1GiB
2025-09-20T21:27:19.1862465Z ********************************************************************************
2025-09-20T21:27:19.1862810Z 
2025-09-20T21:27:19.3232838Z Total reclaimed space: 0B
2025-09-20T21:27:19.3288196Z 
2025-09-20T21:27:19.3296525Z ********************************************************************************
2025-09-20T21:27:19.3313595Z => Docker images: Saved 0B
2025-09-20T21:27:19.3319659Z ********************************************************************************
2025-09-20T21:27:19.3319974Z 
2025-09-20T21:27:19.3696673Z                total        used        free      shared  buff/cache   available
2025-09-20T21:27:19.3697592Z Mem:            15Gi       869Mi        12Gi        44Mi       2.2Gi        14Gi
2025-09-20T21:27:19.3698103Z Swap:             0B          0B          0B
2025-09-20T21:27:19.3728685Z 
2025-09-20T21:27:19.3734457Z ********************************************************************************
2025-09-20T21:27:19.3751280Z => Swap storage: Saved 4.0GiB
2025-09-20T21:27:19.3757219Z ********************************************************************************
2025-09-20T21:27:19.3757538Z 
2025-09-20T21:27:19.3813843Z 
2025-09-20T21:27:19.3820224Z ================================================================================
2025-09-20T21:27:19.3820696Z AFTER CLEAN-UP:
2025-09-20T21:27:19.3820881Z 
2025-09-20T21:27:19.3821007Z $ dh -h /
2025-09-20T21:27:19.3821160Z 
2025-09-20T21:27:19.3830302Z Filesystem      Size  Used Avail Use% Mounted on
2025-09-20T21:27:19.3830760Z /dev/root        72G   25G   48G  35% /
2025-09-20T21:27:19.3832022Z $ dh -a /
2025-09-20T21:27:19.3832198Z 
2025-09-20T21:27:19.3841719Z Filesystem     1K-blocks     Used Available Use% Mounted on
2025-09-20T21:27:19.3842251Z /dev/root       75085112 25662184  49406544  35% /
2025-09-20T21:27:19.3843340Z $ dh -a
2025-09-20T21:27:19.3855809Z 
2025-09-20T21:27:19.3856107Z Filesystem     1K-blocks     Used Available Use% Mounted on
2025-09-20T21:27:19.3856559Z /dev/root       75085112 25662184  49406544  35% /
2025-09-20T21:27:19.3857194Z devtmpfs         8186144        0   8186144   0% /dev
2025-09-20T21:27:19.3857730Z proc                   0        0         0    - /proc
2025-09-20T21:27:19.3858220Z sysfs                  0        0         0    - /sys
2025-09-20T21:27:19.3858752Z securityfs             0        0         0    - /sys/kernel/security
2025-09-20T21:27:19.3859326Z tmpfs            8189736       84   8189652   1% /dev/shm
2025-09-20T21:27:19.3859814Z devpts                 0        0         0    - /dev/pts
2025-09-20T21:27:19.3860296Z tmpfs            3275896     1100   3274796   1% /run
2025-09-20T21:27:19.3860779Z tmpfs               5120        0      5120   0% /run/lock
2025-09-20T21:27:19.3861293Z cgroup2                0        0         0    - /sys/fs/cgroup
2025-09-20T21:27:19.3861829Z pstore                 0        0         0    - /sys/fs/pstore
2025-09-20T21:27:19.3862317Z bpf                    0        0         0    - /sys/fs/bpf
2025-09-20T21:27:19.3862867Z systemd-1              -        -         -    - /proc/sys/fs/binfmt_misc
2025-09-20T21:27:19.3863450Z hugetlbfs              0        0         0    - /dev/hugepages
2025-09-20T21:27:19.3863980Z mqueue                 0        0         0    - /dev/mqueue
2025-09-20T21:27:19.3864498Z debugfs                0        0         0    - /sys/kernel/debug
2025-09-20T21:27:19.3865250Z tracefs                0        0         0    - /sys/kernel/tracing
2025-09-20T21:27:19.3865815Z fusectl                0        0         0    - /sys/fs/fuse/connections
2025-09-20T21:27:19.3866380Z configfs               0        0         0    - /sys/kernel/config
2025-09-20T21:27:19.3866919Z /dev/sda16        901520    60640    777752   8% /boot
2025-09-20T21:27:19.3867422Z /dev/sda15        106832     6250    100582   6% /boot/efi
2025-09-20T21:27:19.3867992Z binfmt_misc            0        0         0    - /proc/sys/fs/binfmt_misc
2025-09-20T21:27:19.3868544Z /dev/sdb1       76829444       28  72880976   1% /mnt
2025-09-20T21:27:19.3869061Z tmpfs            1637944       12   1637932   1% /run/user/1001
2025-09-20T21:27:19.3869564Z ================================================================================
2025-09-20T21:27:19.3869884Z 
2025-09-20T21:27:19.3869889Z 
2025-09-20T21:27:19.3870002Z /dev/root:
2025-09-20T21:27:19.3870176Z 
2025-09-20T21:27:19.3875405Z ********************************************************************************
2025-09-20T21:27:19.3891654Z => Saved 21GiB
2025-09-20T21:27:19.3898189Z ********************************************************************************
2025-09-20T21:27:19.3898537Z 
2025-09-20T21:27:19.3898910Z overall:
2025-09-20T21:27:19.3899078Z 
2025-09-20T21:27:19.3905335Z ********************************************************************************
2025-09-20T21:27:19.3921277Z => Saved 25GiB
2025-09-20T21:27:19.3927759Z ********************************************************************************
2025-09-20T21:27:19.3928093Z 
2025-09-20T21:27:19.3996400Z ##[group]Run docker compose -f ./docker/peer_to_peer.yml up --abort-on-container-exit --exit-code-from peer_a
2025-09-20T21:27:19.3997112Z [36;1mdocker compose -f ./docker/peer_to_peer.yml up --abort-on-container-exit --exit-code-from peer_a[0m
2025-09-20T21:27:19.4021356Z shell: /usr/bin/bash --noprofile --norc -e -o pipefail {0}
2025-09-20T21:27:19.4021664Z env:
2025-09-20T21:27:19.4021828Z   CARGO_TERM_COLOR: always
2025-09-20T21:27:19.4022035Z   RUST_BACKTRACE: full
2025-09-20T21:27:19.4022225Z   RUST_MIN_STACK: 40971520
2025-09-20T21:27:19.4022420Z   RUST_LOG: citadel=warn
2025-09-20T21:27:19.4022612Z   IN_CI: true
2025-09-20T21:27:19.4022807Z   NAT_TYPE_PEER_A: port_restricted
2025-09-20T21:27:19.4023051Z   NAT_TYPE_PEER_B: port_restricted
2025-09-20T21:27:19.4023264Z ##[endgroup]
2025-09-20T21:27:19.7272560Z time="2025-09-20T21:27:19Z" level=warning msg="/home/runner/work/Citadel-Protocol/Citadel-Protocol/docker/peer_to_peer.yml: the attribute `version` is obsolete, it will be ignored, please remove it to avoid potential confusion"
2025-09-20T21:27:19.7337021Z  stun2 Pulling 
2025-09-20T21:27:19.7337363Z  stun0 Pulling 
2025-09-20T21:27:19.7337889Z  stun1 Pulling 
2025-09-20T21:27:22.5366622Z  f1f26f570256 Pulling fs layer 
2025-09-20T21:27:22.5367233Z  d005b7db85f2 Pulling fs layer 
2025-09-20T21:27:22.5367587Z  69e015b9fae5 Pulling fs layer 
2025-09-20T21:27:22.5367853Z  f14cd0fedc6e Pulling fs layer 
2025-09-20T21:27:22.5368105Z  f14cd0fedc6e Waiting 
2025-09-20T21:27:22.6157443Z  f1f26f570256 Pulling fs layer 
2025-09-20T21:27:22.6157736Z  d005b7db85f2 Pulling fs layer 
2025-09-20T21:27:22.6157964Z  69e015b9fae5 Pulling fs layer 
2025-09-20T21:27:22.6158211Z  f14cd0fedc6e Pulling fs layer 
2025-09-20T21:27:22.6158418Z  f14cd0fedc6e Waiting 
2025-09-20T21:27:22.8225637Z  69e015b9fae5 Downloading [>                                                  ]  17.36kB/1.605MB
2025-09-20T21:27:22.8226338Z  69e015b9fae5 Downloading [>                                                  ]  17.36kB/1.605MB
2025-09-20T21:27:22.8300250Z  d005b7db85f2 Downloading [>                                                  ]  213.1kB/21.08MB
2025-09-20T21:27:22.8302493Z  d005b7db85f2 Downloading [>                                                  ]  213.1kB/21.08MB
2025-09-20T21:27:22.8309405Z  69e015b9fae5 Download complete 
2025-09-20T21:27:22.8309924Z  69e015b9fae5 Verifying Checksum 
2025-09-20T21:27:22.8310307Z  69e015b9fae5 Download complete 
2025-09-20T21:27:22.8566649Z  f1f26f570256 Downloading [>                                                  ]  327.7kB/31.41MB
2025-09-20T21:27:22.8567849Z  f1f26f570256 Downloading [>                                                  ]  327.7kB/31.41MB
2025-09-20T21:27:22.8783238Z  f1f26f570256 Pulling fs layer 
2025-09-20T21:27:22.8784941Z  d005b7db85f2 Pulling fs layer 
2025-09-20T21:27:22.8785342Z  69e015b9fae5 Pulling fs layer 
2025-09-20T21:27:22.8785727Z  f14cd0fedc6e Pulling fs layer 
2025-09-20T21:27:22.8786003Z  f14cd0fedc6e Waiting 
2025-09-20T21:27:22.8786484Z  d005b7db85f2 Downloading [>                                                  ]  213.1kB/21.08MB
2025-09-20T21:27:22.8787023Z  69e015b9fae5 Download complete 
2025-09-20T21:27:22.8787344Z  f1f26f570256 Downloading [>                                                  ]  327.7kB/31.41MB
2025-09-20T21:27:22.9365341Z  d005b7db85f2 Downloading [=================================>                 ]  14.27MB/21.08MB
2025-09-20T21:27:22.9365978Z  d005b7db85f2 Downloading [=================================>                 ]  14.27MB/21.08MB
2025-09-20T21:27:22.9366488Z  d005b7db85f2 Downloading [=================================>                 ]  14.27MB/21.08MB
2025-09-20T21:27:22.9584158Z  f1f26f570256 Downloading [====================>                              ]  12.58MB/31.41MB
2025-09-20T21:27:22.9586099Z  f1f26f570256 Downloading [====================>                              ]  12.58MB/31.41MB
2025-09-20T21:27:22.9587263Z  f1f26f570256 Downloading [====================>                              ]  12.58MB/31.41MB
2025-09-20T21:27:23.0406475Z  d005b7db85f2 Verifying Checksum 
2025-09-20T21:27:23.0406907Z  d005b7db85f2 Download complete 
2025-09-20T21:27:23.0407163Z  d005b7db85f2 Download complete 
2025-09-20T21:27:23.0407391Z  d005b7db85f2 Download complete 
2025-09-20T21:27:23.0610680Z  f1f26f570256 Downloading [==============================>                    ]  19.35MB/31.41MB
2025-09-20T21:27:23.0611533Z  f1f26f570256 Downloading [==============================>                    ]  19.35MB/31.41MB
2025-09-20T21:27:23.0612503Z  f1f26f570256 Downloading [==============================>                    ]  19.35MB/31.41MB
2025-09-20T21:27:23.1448068Z  f14cd0fedc6e Downloading [>                                                  ]   6.41kB/584.8kB
2025-09-20T21:27:23.1449065Z  f14cd0fedc6e Downloading [>                                                  ]   6.41kB/584.8kB
2025-09-20T21:27:23.1449847Z  f14cd0fedc6e Downloading [>                                                  ]   6.41kB/584.8kB
2025-09-20T21:27:23.1500381Z  f14cd0fedc6e Verifying Checksum 
2025-09-20T21:27:23.1500733Z  f14cd0fedc6e Download complete 
2025-09-20T21:27:23.1500979Z  f14cd0fedc6e Download complete 
2025-09-20T21:27:23.1501207Z  f14cd0fedc6e Download complete 
2025-09-20T21:27:23.1922315Z  f1f26f570256 Downloading [==================================>                ]  21.95MB/31.41MB
2025-09-20T21:27:23.1923228Z  f1f26f570256 Downloading [==================================>                ]  21.95MB/31.41MB
2025-09-20T21:27:23.1923782Z  f1f26f570256 Downloading [==================================>                ]  21.95MB/31.41MB
2025-09-20T21:27:23.3042338Z  f1f26f570256 Downloading [======================================>            ]  24.22MB/31.41MB
2025-09-20T21:27:23.3043014Z  f1f26f570256 Downloading [======================================>            ]  24.22MB/31.41MB
2025-09-20T21:27:23.3043533Z  f1f26f570256 Downloading [======================================>            ]  24.22MB/31.41MB
2025-09-20T21:27:23.4050430Z  f1f26f570256 Downloading [========================================>          ]  25.51MB/31.41MB
2025-09-20T21:27:23.4051031Z  f1f26f570256 Downloading [========================================>          ]  25.51MB/31.41MB
2025-09-20T21:27:23.4051582Z  f1f26f570256 Downloading [========================================>          ]  25.51MB/31.41MB
2025-09-20T21:27:23.5079128Z  f1f26f570256 Downloading [=============================================>     ]  28.44MB/31.41MB
2025-09-20T21:27:23.5079796Z  f1f26f570256 Downloading [=============================================>     ]  28.44MB/31.41MB
2025-09-20T21:27:23.5080320Z  f1f26f570256 Downloading [=============================================>     ]  28.44MB/31.41MB
2025-09-20T21:27:23.5872356Z  f1f26f570256 Verifying Checksum 
2025-09-20T21:27:23.5872873Z  f1f26f570256 Download complete 
2025-09-20T21:27:23.5873278Z  f1f26f570256 Verifying Checksum 
2025-09-20T21:27:23.5873697Z  f1f26f570256 Download complete 
2025-09-20T21:27:23.5874039Z  f1f26f570256 Verifying Checksum 
2025-09-20T21:27:23.5874302Z  f1f26f570256 Download complete 
2025-09-20T21:27:23.5921766Z  f1f26f570256 Extracting [>                                                  ]  327.7kB/31.41MB
2025-09-20T21:27:23.5922525Z  f1f26f570256 Extracting [>                                                  ]  327.7kB/31.41MB
2025-09-20T21:27:23.5923248Z  f1f26f570256 Extracting [>                                                  ]  327.7kB/31.41MB
2025-09-20T21:27:23.6927752Z  f1f26f570256 Extracting [========>                                          ]  5.243MB/31.41MB
2025-09-20T21:27:23.6928594Z  f1f26f570256 Extracting [========>                                          ]  5.243MB/31.41MB
2025-09-20T21:27:23.6929778Z  f1f26f570256 Extracting [========>                                          ]  5.243MB/31.41MB
2025-09-20T21:27:23.7940203Z  f1f26f570256 Extracting [=================>                                 ]  10.81MB/31.41MB
2025-09-20T21:27:23.7942164Z  f1f26f570256 Extracting [=================>                                 ]  10.81MB/31.41MB
2025-09-20T21:27:23.7942908Z  f1f26f570256 Extracting [=================>                                 ]  10.81MB/31.41MB
2025-09-20T21:27:23.9033483Z  f1f26f570256 Extracting [=========================>                         ]  16.06MB/31.41MB
2025-09-20T21:27:23.9034278Z  f1f26f570256 Extracting [=========================>                         ]  16.06MB/31.41MB
2025-09-20T21:27:23.9035192Z  f1f26f570256 Extracting [=========================>                         ]  16.06MB/31.41MB
2025-09-20T21:27:24.0041763Z  f1f26f570256 Extracting [===================================>               ]  22.28MB/31.41MB
2025-09-20T21:27:24.0042589Z  f1f26f570256 Extracting [===================================>               ]  22.28MB/31.41MB
2025-09-20T21:27:24.0043288Z  f1f26f570256 Extracting [===================================>               ]  22.28MB/31.41MB
2025-09-20T21:27:24.2125761Z  f1f26f570256 Extracting [=============================================>     ]  28.84MB/31.41MB
2025-09-20T21:27:24.2126564Z  f1f26f570256 Extracting [=============================================>     ]  28.84MB/31.41MB
2025-09-20T21:27:24.2127281Z  f1f26f570256 Extracting [=============================================>     ]  28.84MB/31.41MB
2025-09-20T21:27:24.3952859Z  f1f26f570256 Extracting [===============================================>   ]  30.15MB/31.41MB
2025-09-20T21:27:24.3953661Z  f1f26f570256 Extracting [===============================================>   ]  30.15MB/31.41MB
2025-09-20T21:27:24.3954456Z  f1f26f570256 Extracting [===============================================>   ]  30.15MB/31.41MB
2025-09-20T21:27:24.6042228Z  f1f26f570256 Extracting [================================================>  ]  30.47MB/31.41MB
2025-09-20T21:27:24.6043027Z  f1f26f570256 Extracting [================================================>  ]  30.47MB/31.41MB
2025-09-20T21:27:24.6043827Z  f1f26f570256 Extracting [================================================>  ]  30.47MB/31.41MB
2025-09-20T21:27:24.7309960Z  f1f26f570256 Extracting [==================================================>]  31.41MB/31.41MB
2025-09-20T21:27:24.7310974Z  f1f26f570256 Extracting [==================================================>]  31.41MB/31.41MB
2025-09-20T21:27:24.7312088Z  f1f26f570256 Extracting [==================================================>]  31.41MB/31.41MB
2025-09-20T21:27:24.7528116Z  f1f26f570256 Pull complete 
2025-09-20T21:27:24.7528548Z  f1f26f570256 Pull complete 
2025-09-20T21:27:24.7528905Z  f1f26f570256 Pull complete 
2025-09-20T21:27:24.7786514Z  d005b7db85f2 Extracting [>                                                  ]  229.4kB/21.08MB
2025-09-20T21:27:24.7787356Z  d005b7db85f2 Extracting [>                                                  ]  229.4kB/21.08MB
2025-09-20T21:27:24.7788151Z  d005b7db85f2 Extracting [>                                                  ]  229.4kB/21.08MB
2025-09-20T21:27:24.8806979Z  d005b7db85f2 Extracting [===================>                               ]  8.028MB/21.08MB
2025-09-20T21:27:24.8807819Z  d005b7db85f2 Extracting [===================>                               ]  8.028MB/21.08MB
2025-09-20T21:27:24.8808588Z  d005b7db85f2 Extracting [===================>                               ]  8.028MB/21.08MB
2025-09-20T21:27:24.9842659Z  d005b7db85f2 Extracting [=========================================>         ]  17.66MB/21.08MB
2025-09-20T21:27:24.9843775Z  d005b7db85f2 Extracting [=========================================>         ]  17.66MB/21.08MB
2025-09-20T21:27:24.9845100Z  d005b7db85f2 Extracting [=========================================>         ]  17.66MB/21.08MB
2025-09-20T21:27:25.1216731Z  d005b7db85f2 Extracting [===============================================>   ]  20.19MB/21.08MB
2025-09-20T21:27:25.1217493Z  d005b7db85f2 Extracting [===============================================>   ]  20.19MB/21.08MB
2025-09-20T21:27:25.1218351Z  d005b7db85f2 Extracting [===============================================>   ]  20.19MB/21.08MB
2025-09-20T21:27:25.3688487Z  d005b7db85f2 Extracting [================================================>  ]  20.41MB/21.08MB
2025-09-20T21:27:25.3689157Z  d005b7db85f2 Extracting [================================================>  ]  20.41MB/21.08MB
2025-09-20T21:27:25.3689704Z  d005b7db85f2 Extracting [================================================>  ]  20.41MB/21.08MB
2025-09-20T21:27:25.5149460Z  d005b7db85f2 Extracting [================================================>  ]  20.64MB/21.08MB
2025-09-20T21:27:25.5150256Z  d005b7db85f2 Extracting [================================================>  ]  20.64MB/21.08MB
2025-09-20T21:27:25.5150992Z  d005b7db85f2 Extracting [================================================>  ]  20.64MB/21.08MB
2025-09-20T21:27:25.5638641Z  d005b7db85f2 Extracting [==================================================>]  21.08MB/21.08MB
2025-09-20T21:27:25.5639438Z  d005b7db85f2 Extracting [==================================================>]  21.08MB/21.08MB
2025-09-20T21:27:25.5640186Z  d005b7db85f2 Extracting [==================================================>]  21.08MB/21.08MB
2025-09-20T21:27:25.6904333Z  d005b7db85f2 Pull complete 
2025-09-20T21:27:25.6904970Z  d005b7db85f2 Pull complete 
2025-09-20T21:27:25.6905213Z  d005b7db85f2 Pull complete 
2025-09-20T21:27:25.6918949Z  69e015b9fae5 Extracting [=>                                                 ]  32.77kB/1.605MB
2025-09-20T21:27:25.6919953Z  69e015b9fae5 Extracting [=>                                                 ]  32.77kB/1.605MB
2025-09-20T21:27:25.6920683Z  69e015b9fae5 Extracting [=>                                                 ]  32.77kB/1.605MB
2025-09-20T21:27:25.7148815Z  69e015b9fae5 Extracting [==================================================>]  1.605MB/1.605MB
2025-09-20T21:27:25.7150290Z  69e015b9fae5 Extracting [==================================================>]  1.605MB/1.605MB
2025-09-20T21:27:25.7150816Z  69e015b9fae5 Extracting [==================================================>]  1.605MB/1.605MB
2025-09-20T21:27:25.7165289Z  69e015b9fae5 Extracting [==================================================>]  1.605MB/1.605MB
2025-09-20T21:27:25.7166088Z  69e015b9fae5 Extracting [==================================================>]  1.605MB/1.605MB
2025-09-20T21:27:25.7166711Z  69e015b9fae5 Extracting [==================================================>]  1.605MB/1.605MB
2025-09-20T21:27:25.7408581Z  69e015b9fae5 Pull complete 
2025-09-20T21:27:25.7409115Z  69e015b9fae5 Pull complete 
2025-09-20T21:27:25.7409429Z  69e015b9fae5 Pull complete 
2025-09-20T21:27:25.7426283Z  f14cd0fedc6e Extracting [==>                                                ]  32.77kB/584.8kB
2025-09-20T21:27:25.7430628Z  f14cd0fedc6e Extracting [==>                                                ]  32.77kB/584.8kB
2025-09-20T21:27:25.7431368Z  f14cd0fedc6e Extracting [==>                                                ]  32.77kB/584.8kB
2025-09-20T21:27:25.7525900Z  f14cd0fedc6e Extracting [==================================================>]  584.8kB/584.8kB
2025-09-20T21:27:25.7527067Z  f14cd0fedc6e Extracting [==================================================>]  584.8kB/584.8kB
2025-09-20T21:27:25.7527840Z  f14cd0fedc6e Extracting [==================================================>]  584.8kB/584.8kB
2025-09-20T21:27:25.7529865Z  f14cd0fedc6e Extracting [==================================================>]  584.8kB/584.8kB
2025-09-20T21:27:25.7531425Z  f14cd0fedc6e Extracting [==================================================>]  584.8kB/584.8kB
2025-09-20T21:27:25.7532161Z  f14cd0fedc6e Extracting [==================================================>]  584.8kB/584.8kB
2025-09-20T21:27:25.7691686Z  f14cd0fedc6e Pull complete 
2025-09-20T21:27:25.7692258Z  f14cd0fedc6e Pull complete 
2025-09-20T21:27:25.7692541Z  f14cd0fedc6e Pull complete 
2025-09-20T21:27:25.7757323Z  stun2 Pulled 
2025-09-20T21:27:25.7762144Z  stun0 Pulled 
2025-09-20T21:27:25.7767006Z  stun1 Pulled 
2025-09-20T21:27:26.0233808Z #1 [internal] load local bake definitions
2025-09-20T21:27:26.2718591Z #1 reading from stdin 1.08kB done
2025-09-20T21:27:26.2719024Z #1 DONE 0.0s
2025-09-20T21:27:26.2719217Z 
2025-09-20T21:27:26.2719456Z #2 [server internal] load build definition from Dockerfile
2025-09-20T21:27:26.2719881Z #2 transferring dockerfile: 439B done
2025-09-20T21:27:26.2720292Z #2 WARN: FromAsCasing: 'as' and 'FROM' keywords' casing do not match (line 1)
2025-09-20T21:27:26.2720683Z #2 DONE 0.0s
2025-09-20T21:27:26.2720796Z 
2025-09-20T21:27:26.2720958Z #3 [peer_a internal] load build definition from Dockerfile
2025-09-20T21:27:26.2721315Z #3 transferring dockerfile: 433B done
2025-09-20T21:27:26.2721709Z #3 WARN: FromAsCasing: 'as' and 'FROM' keywords' casing do not match (line 1)
2025-09-20T21:27:26.2722227Z #3 WARN: FromAsCasing: 'as' and 'FROM' keywords' casing do not match (line 1)
2025-09-20T21:27:26.2722608Z #3 DONE 0.0s
2025-09-20T21:27:26.2722721Z 
2025-09-20T21:27:26.2722926Z #4 [server internal] load metadata for docker.io/library/rust:latest
2025-09-20T21:27:26.5086867Z #4 ...
2025-09-20T21:27:26.5087085Z 
2025-09-20T21:27:26.5087355Z #5 [auth] library/rust:pull token for registry-1.docker.io
2025-09-20T21:27:26.5087919Z #5 DONE 0.0s
2025-09-20T21:27:26.6589368Z 
2025-09-20T21:27:26.6589934Z #4 [server internal] load metadata for docker.io/library/rust:latest
2025-09-20T21:27:27.1925215Z #4 DONE 1.0s
2025-09-20T21:27:27.1925477Z 
2025-09-20T21:27:27.1925643Z #6 [peer_b internal] load .dockerignore
2025-09-20T21:27:27.1926098Z #6 transferring context: 105B done
2025-09-20T21:27:27.1926466Z #6 DONE 0.0s
2025-09-20T21:27:27.1926572Z 
2025-09-20T21:27:27.1926941Z #7 [peer_a 1/8] FROM docker.io/library/rust:latest@sha256:eabb786e74b520e7ea45baca03ea20c3e8c6dc037c392d457badf05d8e5818b5
2025-09-20T21:27:27.1927718Z #7 resolve docker.io/library/rust:latest@sha256:eabb786e74b520e7ea45baca03ea20c3e8c6dc037c392d457badf05d8e5818b5 done
2025-09-20T21:27:27.3010040Z #7 ...
2025-09-20T21:27:27.3010685Z 
2025-09-20T21:27:27.3010960Z #8 [peer_a internal] load build context
2025-09-20T21:27:27.3011625Z #8 transferring context: 7.89MB 0.1s done
2025-09-20T21:27:27.3012028Z #8 DONE 0.1s
2025-09-20T21:27:27.3012189Z 
2025-09-20T21:27:27.3012757Z #7 [peer_a 1/8] FROM docker.io/library/rust:latest@sha256:eabb786e74b520e7ea45baca03ea20c3e8c6dc037c392d457badf05d8e5818b5
2025-09-20T21:27:27.3013455Z #7 sha256:764b84273d2bcba8e8c9ed3b36caf520e40b0dc1720a2ac14655497778437e6a 4.47kB / 4.47kB done
2025-09-20T21:27:27.3014068Z #7 sha256:15b1d8a5ff03aeb0f14c8d39a60a73ef22f656550bfa1bb90d1850f25a0ac0fa 8.39MB / 49.28MB 0.2s
2025-09-20T21:27:27.3014656Z #7 sha256:22718812f617084a0c5e539e02723b75bf79ea2a589430f820efcbb07f45b91b 0B / 25.61MB 0.2s
2025-09-20T21:27:27.3015462Z #7 sha256:401a98f7495bee3e8e6943da9f52f0ab1043c43eb1d107a3817fc2a4b916be97 0B / 67.78MB 0.2s
2025-09-20T21:27:27.3016052Z #7 sha256:eabb786e74b520e7ea45baca03ea20c3e8c6dc037c392d457badf05d8e5818b5 8.99kB / 8.99kB done
2025-09-20T21:27:27.3016656Z #7 sha256:fa250457cf8a30440cc577c40c9e073d72e54f008f9a11a046e10db5f42c0320 1.93kB / 1.93kB done
2025-09-20T21:27:27.5004870Z #7 sha256:15b1d8a5ff03aeb0f14c8d39a60a73ef22f656550bfa1bb90d1850f25a0ac0fa 33.55MB / 49.28MB 0.4s
2025-09-20T21:27:27.5005761Z #7 sha256:22718812f617084a0c5e539e02723b75bf79ea2a589430f820efcbb07f45b91b 25.61MB / 25.61MB 0.3s done
2025-09-20T21:27:27.5006553Z #7 sha256:401a98f7495bee3e8e6943da9f52f0ab1043c43eb1d107a3817fc2a4b916be97 6.29MB / 67.78MB 0.4s
2025-09-20T21:27:27.5007275Z #7 sha256:ad446e7df19acd39290d995e6d78ccbfde171596237968a140518b183d94c04f 0B / 235.91MB 0.4s
2025-09-20T21:27:27.6004326Z #7 sha256:15b1d8a5ff03aeb0f14c8d39a60a73ef22f656550bfa1bb90d1850f25a0ac0fa 44.04MB / 49.28MB 0.5s
2025-09-20T21:27:27.6005511Z #7 sha256:22718812f617084a0c5e539e02723b75bf79ea2a589430f820efcbb07f45b91b 25.61MB / 25.61MB 0.3s done
2025-09-20T21:27:27.6006125Z #7 sha256:401a98f7495bee3e8e6943da9f52f0ab1043c43eb1d107a3817fc2a4b916be97 14.68MB / 67.78MB 0.5s
2025-09-20T21:27:27.7914131Z #7 sha256:15b1d8a5ff03aeb0f14c8d39a60a73ef22f656550bfa1bb90d1850f25a0ac0fa 49.28MB / 49.28MB 0.5s done
2025-09-20T21:27:27.7915679Z #7 sha256:401a98f7495bee3e8e6943da9f52f0ab1043c43eb1d107a3817fc2a4b916be97 18.87MB / 67.78MB 0.6s
2025-09-20T21:27:27.7917149Z #7 extracting sha256:15b1d8a5ff03aeb0f14c8d39a60a73ef22f656550bfa1bb90d1850f25a0ac0fa 0.1s
2025-09-20T21:27:27.7918402Z #7 sha256:0807dfd77f5a19f148b0befb80e3689209b7413ac391e7510e5156b6739df573 0B / 211.09MB 0.6s
2025-09-20T21:27:27.9002991Z #7 sha256:401a98f7495bee3e8e6943da9f52f0ab1043c43eb1d107a3817fc2a4b916be97 39.85MB / 67.78MB 0.8s
2025-09-20T21:27:27.9004200Z #7 sha256:ad446e7df19acd39290d995e6d78ccbfde171596237968a140518b183d94c04f 31.46MB / 235.91MB 0.8s
2025-09-20T21:27:27.9005092Z #7 sha256:0807dfd77f5a19f148b0befb80e3689209b7413ac391e7510e5156b6739df573 18.87MB / 211.09MB 0.8s
2025-09-20T21:27:28.0004639Z #7 sha256:401a98f7495bee3e8e6943da9f52f0ab1043c43eb1d107a3817fc2a4b916be97 52.43MB / 67.78MB 0.9s
2025-09-20T21:27:28.0006083Z #7 sha256:ad446e7df19acd39290d995e6d78ccbfde171596237968a140518b183d94c04f 44.04MB / 235.91MB 0.9s
2025-09-20T21:27:28.1008907Z #7 sha256:401a98f7495bee3e8e6943da9f52f0ab1043c43eb1d107a3817fc2a4b916be97 58.72MB / 67.78MB 1.0s
2025-09-20T21:27:28.1010612Z #7 sha256:ad446e7df19acd39290d995e6d78ccbfde171596237968a140518b183d94c04f 61.99MB / 235.91MB 1.0s
2025-09-20T21:27:28.1011934Z #7 sha256:0807dfd77f5a19f148b0befb80e3689209b7413ac391e7510e5156b6739df573 30.41MB / 211.09MB 1.0s
2025-09-20T21:27:28.3003835Z #7 sha256:401a98f7495bee3e8e6943da9f52f0ab1043c43eb1d107a3817fc2a4b916be97 67.78MB / 67.78MB 1.2s done
2025-09-20T21:27:28.3005035Z #7 sha256:ad446e7df19acd39290d995e6d78ccbfde171596237968a140518b183d94c04f 80.74MB / 235.91MB 1.2s
2025-09-20T21:27:28.3006164Z #7 sha256:0807dfd77f5a19f148b0befb80e3689209b7413ac391e7510e5156b6739df573 41.00MB / 211.09MB 1.2s
2025-09-20T21:27:28.4003732Z #7 sha256:401a98f7495bee3e8e6943da9f52f0ab1043c43eb1d107a3817fc2a4b916be97 67.78MB / 67.78MB 1.2s done
2025-09-20T21:27:28.5412931Z #7 sha256:0807dfd77f5a19f148b0befb80e3689209b7413ac391e7510e5156b6739df573 54.53MB / 211.09MB 1.4s
2025-09-20T21:27:28.6432989Z #7 sha256:ad446e7df19acd39290d995e6d78ccbfde171596237968a140518b183d94c04f 101.71MB / 235.91MB 1.5s
2025-09-20T21:27:28.7439448Z #7 sha256:0807dfd77f5a19f148b0befb80e3689209b7413ac391e7510e5156b6739df573 71.30MB / 211.09MB 1.6s
2025-09-20T21:27:28.8528407Z #7 sha256:ad446e7df19acd39290d995e6d78ccbfde171596237968a140518b183d94c04f 114.29MB / 235.91MB 1.7s
2025-09-20T21:27:28.9818232Z #7 sha256:0807dfd77f5a19f148b0befb80e3689209b7413ac391e7510e5156b6739df573 85.98MB / 211.09MB 1.8s
2025-09-20T21:27:29.1002756Z #7 sha256:ad446e7df19acd39290d995e6d78ccbfde171596237968a140518b183d94c04f 138.41MB / 235.91MB 2.0s
2025-09-20T21:27:29.1003947Z #7 sha256:0807dfd77f5a19f148b0befb80e3689209b7413ac391e7510e5156b6739df573 99.91MB / 211.09MB 2.0s
2025-09-20T21:27:29.3450032Z #7 extracting sha256:15b1d8a5ff03aeb0f14c8d39a60a73ef22f656550bfa1bb90d1850f25a0ac0fa 1.6s done
2025-09-20T21:27:29.3451198Z #7 sha256:0807dfd77f5a19f148b0befb80e3689209b7413ac391e7510e5156b6739df573 111.15MB / 211.09MB 2.2s
2025-09-20T21:27:29.3452175Z #7 extracting sha256:22718812f617084a0c5e539e02723b75bf79ea2a589430f820efcbb07f45b91b
2025-09-20T21:27:29.5503889Z #7 sha256:ad446e7df19acd39290d995e6d78ccbfde171596237968a140518b183d94c04f 158.33MB / 235.91MB 2.4s
2025-09-20T21:27:29.5505432Z #7 sha256:0807dfd77f5a19f148b0befb80e3689209b7413ac391e7510e5156b6739df573 126.88MB / 211.09MB 2.4s
2025-09-20T21:27:29.7752952Z #7 sha256:ad446e7df19acd39290d995e6d78ccbfde171596237968a140518b183d94c04f 176.16MB / 235.91MB 2.6s
2025-09-20T21:27:29.7753949Z #7 sha256:0807dfd77f5a19f148b0befb80e3689209b7413ac391e7510e5156b6739df573 139.46MB / 211.09MB 2.6s
2025-09-20T21:27:29.9883129Z #7 sha256:ad446e7df19acd39290d995e6d78ccbfde171596237968a140518b183d94c04f 198.18MB / 235.91MB 2.8s
2025-09-20T21:27:29.9884341Z #7 sha256:0807dfd77f5a19f148b0befb80e3689209b7413ac391e7510e5156b6739df573 152.04MB / 211.09MB 2.8s
2025-09-20T21:27:30.1002528Z #7 sha256:ad446e7df19acd39290d995e6d78ccbfde171596237968a140518b183d94c04f 211.81MB / 235.91MB 3.0s
2025-09-20T21:27:30.1003740Z #7 sha256:0807dfd77f5a19f148b0befb80e3689209b7413ac391e7510e5156b6739df573 163.58MB / 211.09MB 3.0s
2025-09-20T21:27:30.1005066Z #7 extracting sha256:22718812f617084a0c5e539e02723b75bf79ea2a589430f820efcbb07f45b91b 0.7s done
2025-09-20T21:27:30.3011120Z #7 sha256:ad446e7df19acd39290d995e6d78ccbfde171596237968a140518b183d94c04f 226.49MB / 235.91MB 3.2s
2025-09-20T21:27:30.3011991Z #7 sha256:0807dfd77f5a19f148b0befb80e3689209b7413ac391e7510e5156b6739df573 175.11MB / 211.09MB 3.2s
2025-09-20T21:27:30.5003276Z #7 sha256:0807dfd77f5a19f148b0befb80e3689209b7413ac391e7510e5156b6739df573 190.84MB / 211.09MB 3.4s
2025-09-20T21:27:30.7002715Z #7 sha256:0807dfd77f5a19f148b0befb80e3689209b7413ac391e7510e5156b6739df573 205.52MB / 211.09MB 3.6s
2025-09-20T21:27:31.2006609Z #7 sha256:ad446e7df19acd39290d995e6d78ccbfde171596237968a140518b183d94c04f 235.91MB / 235.91MB 4.0s done
2025-09-20T21:27:31.2007441Z #7 sha256:0807dfd77f5a19f148b0befb80e3689209b7413ac391e7510e5156b6739df573 211.09MB / 211.09MB 4.1s done
2025-09-20T21:27:31.3509882Z #7 sha256:0807dfd77f5a19f148b0befb80e3689209b7413ac391e7510e5156b6739df573 211.09MB / 211.09MB 4.1s done
2025-09-20T21:27:31.4831989Z #7 extracting sha256:401a98f7495bee3e8e6943da9f52f0ab1043c43eb1d107a3817fc2a4b916be97
2025-09-20T21:27:33.7974345Z #7 extracting sha256:401a98f7495bee3e8e6943da9f52f0ab1043c43eb1d107a3817fc2a4b916be97 2.2s done
2025-09-20T21:27:33.9798087Z #7 extracting sha256:ad446e7df19acd39290d995e6d78ccbfde171596237968a140518b183d94c04f
2025-09-20T21:27:39.0965568Z #7 extracting sha256:ad446e7df19acd39290d995e6d78ccbfde171596237968a140518b183d94c04f 5.1s
2025-09-20T21:27:40.1376668Z #7 extracting sha256:ad446e7df19acd39290d995e6d78ccbfde171596237968a140518b183d94c04f 6.0s done
2025-09-20T21:27:41.4751086Z #7 extracting sha256:0807dfd77f5a19f148b0befb80e3689209b7413ac391e7510e5156b6739df573
2025-09-20T21:27:44.1975533Z #7 extracting sha256:0807dfd77f5a19f148b0befb80e3689209b7413ac391e7510e5156b6739df573 2.6s done
2025-09-20T21:27:45.4524560Z #7 DONE 18.2s
2025-09-20T21:27:45.4525024Z 
2025-09-20T21:27:45.6416827Z #9 [peer_a 2/8] WORKDIR /usr/src/peer
2025-09-20T21:27:45.6417263Z #9 DONE 0.0s
2025-09-20T21:27:45.6417448Z 
2025-09-20T21:27:45.6417597Z #10 [server 2/8] WORKDIR /usr/src/server
2025-09-20T21:27:45.6417972Z #10 DONE 0.0s
2025-09-20T21:27:45.6418137Z 
2025-09-20T21:27:45.6418255Z #11 [peer_b 3/8] COPY . .
2025-09-20T21:27:45.6418676Z #11 DONE 0.1s
2025-09-20T21:27:45.6418857Z 
2025-09-20T21:27:45.6418971Z #12 [server 3/8] COPY . .
2025-09-20T21:27:45.6419285Z #12 DONE 0.1s
2025-09-20T21:27:45.6419448Z 
2025-09-20T21:27:45.6419590Z #13 [peer_b 4/8] COPY ./docker/set_nat.sh .
2025-09-20T21:27:45.6419980Z #13 DONE 0.0s
2025-09-20T21:27:45.6420126Z 
2025-09-20T21:27:45.6420259Z #14 [server 4/8] COPY ./docker/set_nat.sh .
2025-09-20T21:27:45.6420661Z #14 DONE 0.0s
2025-09-20T21:27:45.6420821Z 
2025-09-20T21:27:45.6420977Z #15 [peer_b 5/8] COPY ./docker/peer/exec.sh .
2025-09-20T21:27:45.6421365Z #15 DONE 0.0s
2025-09-20T21:27:45.6421535Z 
2025-09-20T21:27:45.6421692Z #16 [server 5/8] COPY ./docker/server/exec.sh .
2025-09-20T21:27:45.6422069Z #16 DONE 0.0s
2025-09-20T21:27:45.6422215Z 
2025-09-20T21:27:45.6423113Z #17 [peer_b 6/8] RUN apt-get update --fix-missing && apt-get install --fix-missing -y openssl libclang-dev build-essential cmake iptables inetutils-ping net-tools iproute2 && rm -rf /var/lib/apt/lists/*
2025-09-20T21:27:45.6985624Z #17 0.211 Hit:1 http://deb.debian.org/debian trixie InRelease
2025-09-20T21:27:45.8514013Z #17 0.212 Get:2 http://deb.debian.org/debian trixie-updates InRelease [47.3 kB]
2025-09-20T21:27:45.8516147Z #17 0.213 Get:3 http://deb.debian.org/debian-security trixie-security InRelease [43.4 kB]
2025-09-20T21:27:45.8517419Z #17 0.226 Get:4 http://deb.debian.org/debian trixie/main amd64 Packages [9669 kB]
2025-09-20T21:27:45.8518377Z #17 0.270 Get:5 http://deb.debian.org/debian trixie-updates/main amd64 Packages [5412 B]
2025-09-20T21:27:45.8519504Z #17 0.271 Get:6 http://deb.debian.org/debian-security trixie-security/main amd64 Packages [41.1 kB]
2025-09-20T21:27:46.5587361Z #17 0.927 Fetched 9806 kB in 1s (13.4 MB/s)
2025-09-20T21:27:47.0176147Z #17 0.927 Reading package lists...
2025-09-20T21:27:47.4795990Z #17 1.396 Reading package lists...
2025-09-20T21:27:47.4798068Z #17 1.874 Building dependency tree...
2025-09-20T21:27:47.6161843Z #17 1.993 Reading state information...
2025-09-20T21:27:47.6162629Z #17 2.129 openssl is already the newest version (3.5.1-1).
2025-09-20T21:27:47.6163277Z #17 2.129 openssl set to manually installed.
2025-09-20T21:27:47.6163880Z #17 2.129 The following additional packages will be installed:
2025-09-20T21:27:47.7985593Z #17 2.129   cmake-data lib32gcc-s1 lib32stdc++6 libarchive13t64 libbpf1 libc6-i386
2025-09-20T21:27:47.7986624Z #17 2.129   libcap2-bin libclang-19-dev libclang-common-19-dev libclang-rt-19-dev
2025-09-20T21:27:47.7987524Z #17 2.130   libclang1-19 libgc1 libip4tc2 libip6tc2 libjsoncpp26 libllvm19 libmnl0
2025-09-20T21:27:47.7988458Z #17 2.130   libnetfilter-conntrack3 libnfnetlink0 libnftables1 libnftnl11 libobjc-14-dev
2025-09-20T21:27:47.7989408Z #17 2.130   libobjc4 libpam-cap librhash1 libtirpc-common libtirpc3t64 libuv1t64
2025-09-20T21:27:47.7990096Z #17 2.130   libxtables12 libz3-4 nftables
2025-09-20T21:27:47.7990544Z #17 2.131 Suggested packages:
2025-09-20T21:27:47.7991156Z #17 2.131   cmake-doc cmake-format elpa-cmake-mode ninja-build firewalld kmod lrzip
2025-09-20T21:27:47.9004455Z #17 2.319 The following NEW packages will be installed:
2025-09-20T21:27:47.9006128Z #17 2.320   build-essential cmake cmake-data inetutils-ping iproute2 iptables
2025-09-20T21:27:47.9007022Z #17 2.320   lib32gcc-s1 lib32stdc++6 libarchive13t64 libbpf1 libc6-i386 libcap2-bin
2025-09-20T21:27:47.9007921Z #17 2.320   libclang-19-dev libclang-common-19-dev libclang-dev libclang-rt-19-dev
2025-09-20T21:27:47.9008760Z #17 2.320   libclang1-19 libgc1 libip4tc2 libip6tc2 libjsoncpp26 libllvm19 libmnl0
2025-09-20T21:27:47.9009670Z #17 2.320   libnetfilter-conntrack3 libnfnetlink0 libnftables1 libnftnl11 libobjc-14-dev
2025-09-20T21:27:47.9010565Z #17 2.320   libobjc4 libpam-cap librhash1 libtirpc-common libtirpc3t64 libuv1t64
2025-09-20T21:27:47.9011247Z #17 2.321   libxtables12 libz3-4 net-tools nftables
2025-09-20T21:27:47.9011843Z #17 2.414 0 upgraded, 38 newly installed, 0 to remove and 15 not upgraded.
2025-09-20T21:27:47.9012453Z #17 2.414 Need to get 96.4 MB of archives.
2025-09-20T21:27:47.9013054Z #17 2.414 After this operation, 654 MB of additional disk space will be used.
2025-09-20T21:27:47.9013990Z #17 2.414 Get:1 http://deb.debian.org/debian trixie/main amd64 libbpf1 amd64 1:1.5.0-3 [169 kB]
2025-09-20T21:27:48.0016834Z #17 2.419 Get:2 http://deb.debian.org/debian trixie/main amd64 libmnl0 amd64 1.0.5-3 [11.9 kB]
2025-09-20T21:27:48.0017946Z #17 2.420 Get:3 http://deb.debian.org/debian trixie/main amd64 libtirpc-common all 1.3.6+ds-1 [11.0 kB]
2025-09-20T21:27:48.0018912Z #17 2.423 Get:4 http://deb.debian.org/debian trixie/main amd64 libtirpc3t64 amd64 1.3.6+ds-1 [83.3 kB]
2025-09-20T21:27:48.0019843Z #17 2.423 Get:5 http://deb.debian.org/debian trixie/main amd64 libxtables12 amd64 1.8.11-2 [31.9 kB]
2025-09-20T21:27:48.0020765Z #17 2.424 Get:6 http://deb.debian.org/debian trixie/main amd64 libcap2-bin amd64 1:2.75-10+b1 [36.4 kB]
2025-09-20T21:27:48.0021760Z #17 2.426 Get:7 http://deb.debian.org/debian trixie/main amd64 iproute2 amd64 6.15.0-1 [1089 kB]
2025-09-20T21:27:48.0022722Z #17 2.431 Get:8 http://deb.debian.org/debian trixie/main amd64 libnftnl11 amd64 1.2.9-1 [65.0 kB]
2025-09-20T21:27:48.0023627Z #17 2.432 Get:9 http://deb.debian.org/debian trixie/main amd64 libnftables1 amd64 1.1.3-1 [332 kB]
2025-09-20T21:27:48.0028971Z #17 2.433 Get:10 http://deb.debian.org/debian trixie/main amd64 nftables amd64 1.1.3-1 [75.9 kB]
2025-09-20T21:27:48.0030275Z #17 2.434 Get:11 http://deb.debian.org/debian trixie/main amd64 build-essential amd64 12.12 [4624 B]
2025-09-20T21:27:48.0031463Z #17 2.435 Get:12 http://deb.debian.org/debian trixie/main amd64 cmake-data all 3.31.6-2 [2268 kB]
2025-09-20T21:27:48.0034246Z #17 2.444 Get:13 http://deb.debian.org/debian trixie/main amd64 libarchive13t64 amd64 3.7.4-4 [349 kB]
2025-09-20T21:27:48.0036501Z #17 2.445 Get:14 http://deb.debian.org/debian trixie/main amd64 libjsoncpp26 amd64 1.9.6-3 [81.7 kB]
2025-09-20T21:27:48.0037522Z #17 2.446 Get:15 http://deb.debian.org/debian trixie/main amd64 librhash1 amd64 1.4.5-1 [132 kB]
2025-09-20T21:27:48.0038486Z #17 2.447 Get:16 http://deb.debian.org/debian trixie/main amd64 libuv1t64 amd64 1.50.0-2 [154 kB]
2025-09-20T21:27:48.0042761Z #17 2.448 Get:17 http://deb.debian.org/debian trixie/main amd64 cmake amd64 3.31.6-2 [12.0 MB]
2025-09-20T21:27:48.0043727Z #17 2.491 Get:18 http://deb.debian.org/debian trixie/main amd64 inetutils-ping amd64 2:2.6-3 [89.0 kB]
2025-09-20T21:27:48.0044682Z #17 2.495 Get:19 http://deb.debian.org/debian trixie/main amd64 libip4tc2 amd64 1.8.11-2 [20.0 kB]
2025-09-20T21:27:48.0045816Z #17 2.497 Get:20 http://deb.debian.org/debian trixie/main amd64 libip6tc2 amd64 1.8.11-2 [20.3 kB]
2025-09-20T21:27:48.0046695Z #17 2.498 Get:21 http://deb.debian.org/debian trixie/main amd64 libnfnetlink0 amd64 1.0.2-3 [14.4 kB]
2025-09-20T21:27:48.0047715Z #17 2.499 Get:22 http://deb.debian.org/debian trixie/main amd64 libnetfilter-conntrack3 amd64 1.1.0-1 [42.1 kB]
2025-09-20T21:27:48.0048686Z #17 2.501 Get:23 http://deb.debian.org/debian trixie/main amd64 iptables amd64 1.8.11-2 [361 kB]
2025-09-20T21:27:48.0049590Z #17 2.503 Get:24 http://deb.debian.org/debian trixie/main amd64 libc6-i386 amd64 2.41-12 [2540 kB]
2025-09-20T21:27:48.0050497Z #17 2.511 Get:25 http://deb.debian.org/debian trixie/main amd64 lib32gcc-s1 amd64 14.2.0-19 [88.4 kB]
2025-09-20T21:27:48.0051374Z #17 2.512 Get:26 http://deb.debian.org/debian trixie/main amd64 lib32stdc++6 amd64 14.2.0-19 [745 kB]
2025-09-20T21:27:48.1066661Z #17 2.515 Get:27 http://deb.debian.org/debian trixie/main amd64 libgc1 amd64 1:8.2.8-1 [247 kB]
2025-09-20T21:27:48.1067327Z #17 2.516 Get:28 http://deb.debian.org/debian trixie/main amd64 libobjc4 amd64 14.2.0-19 [43.3 kB]
2025-09-20T21:27:48.1067895Z #17 2.517 Get:29 http://deb.debian.org/debian trixie/main amd64 libobjc-14-dev amd64 14.2.0-19 [173 kB]
2025-09-20T21:27:48.1068444Z #17 2.518 Get:30 http://deb.debian.org/debian trixie/main amd64 libz3-4 amd64 4.13.3-1 [8560 kB]
2025-09-20T21:27:48.1068976Z #17 2.546 Get:31 http://deb.debian.org/debian trixie/main amd64 libllvm19 amd64 1:19.1.7-3+b1 [26.0 MB]
2025-09-20T21:27:48.2168919Z #17 2.635 Get:32 http://deb.debian.org/debian trixie/main amd64 libclang1-19 amd64 1:19.1.7-3+b1 [7623 kB]
2025-09-20T21:27:48.2171674Z #17 2.663 Get:33 http://deb.debian.org/debian trixie/main amd64 libclang-common-19-dev amd64 1:19.1.7-3+b1 [740 kB]
2025-09-20T21:27:48.2172818Z #17 2.666 Get:34 http://deb.debian.org/debian trixie/main amd64 libclang-19-dev amd64 1:19.1.7-3+b1 [28.3 MB]
2025-09-20T21:27:48.3291826Z #17 2.766 Get:35 http://deb.debian.org/debian trixie/main amd64 libclang-dev amd64 1:19.0-63 [5828 B]
2025-09-20T21:27:48.3294107Z #17 2.766 Get:36 http://deb.debian.org/debian trixie/main amd64 libclang-rt-19-dev amd64 1:19.1.7-3+b1 [3690 kB]
2025-09-20T21:27:48.3295562Z #17 2.782 Get:37 http://deb.debian.org/debian trixie/main amd64 libpam-cap amd64 1:2.75-10+b1 [16.5 kB]
2025-09-20T21:27:48.3296502Z #17 2.782 Get:38 http://deb.debian.org/debian trixie/main amd64 net-tools amd64 2.10-1.3 [245 kB]
2025-09-20T21:27:48.5881066Z #17 2.984 debconf: unable to initialize frontend: Dialog
2025-09-20T21:27:48.5883208Z #17 2.984 debconf: (TERM is not set, so the dialog frontend is not usable.)
2025-09-20T21:27:48.5883908Z #17 2.984 debconf: falling back to frontend: Readline
2025-09-20T21:27:48.5884496Z #17 2.990 debconf: unable to initialize frontend: Readline
2025-09-20T21:27:48.5885928Z #17 2.990 debconf: (This frontend requires a controlling tty.)
2025-09-20T21:27:48.5886554Z #17 2.990 debconf: falling back to frontend: Teletype
2025-09-20T21:27:48.5887139Z #17 2.994 debconf: unable to initialize frontend: Teletype
2025-09-20T21:27:48.5888024Z #17 2.994 debconf: (This frontend requires a controlling tty.)
2025-09-20T21:27:48.5888691Z #17 2.994 debconf: falling back to frontend: Noninteractive
2025-09-20T21:27:49.4283800Z #17 3.941 Preconfiguring packages ...
2025-09-20T21:27:49.5427578Z #17 3.983 Fetched 96.4 MB in 0s (214 MB/s)
2025-09-20T21:27:49.5428214Z #17 4.004 Selecting previously unselected package libbpf1:amd64.
2025-09-20T21:27:49.5428768Z #17 4.004 (Reading database ... 
2025-09-20T21:27:49.5429139Z (Reading database ... 5%
2025-09-20T21:27:49.5429499Z (Reading database ... 10%
2025-09-20T21:27:49.5429839Z (Reading database ... 15%
2025-09-20T21:27:49.5430181Z (Reading database ... 20%
2025-09-20T21:27:49.5430519Z (Reading database ... 25%
2025-09-20T21:27:49.5430884Z (Reading database ... 30%
2025-09-20T21:27:49.5431214Z (Reading database ... 35%
2025-09-20T21:27:49.5431550Z (Reading database ... 40%
2025-09-20T21:27:49.5431880Z (Reading database ... 45%
2025-09-20T21:27:49.5432203Z (Reading database ... 50%
2025-09-20T21:27:49.5432544Z (Reading database ... 55%
2025-09-20T21:27:49.5432861Z (Reading database ... 60%
2025-09-20T21:27:49.5433184Z (Reading database ... 65%
2025-09-20T21:27:49.5433513Z (Reading database ... 70%
2025-09-20T21:27:49.5433848Z (Reading database ... 75%
2025-09-20T21:27:49.5434179Z (Reading database ... 80%
2025-09-20T21:27:49.5434501Z (Reading database ... 85%
2025-09-20T21:27:49.5435029Z (Reading database ... 90%
2025-09-20T21:27:49.5435365Z (Reading database ... 95%
2025-09-20T21:27:49.5435706Z (Reading database ... 100%
2025-09-20T21:27:49.5436200Z (Reading database ... 26065 files and directories currently installed.)
2025-09-20T21:27:49.5436898Z #17 4.023 Preparing to unpack .../00-libbpf1_1%3a1.5.0-3_amd64.deb ...
2025-09-20T21:27:49.5437477Z #17 4.026 Unpacking libbpf1:amd64 (1:1.5.0-3) ...
2025-09-20T21:27:49.5438022Z #17 4.056 Selecting previously unselected package libmnl0:amd64.
2025-09-20T21:27:49.6434149Z #17 4.059 Preparing to unpack .../01-libmnl0_1.0.5-3_amd64.deb ...
2025-09-20T21:27:49.6435022Z #17 4.060 Unpacking libmnl0:amd64 (1.0.5-3) ...
2025-09-20T21:27:49.6435632Z #17 4.084 Selecting previously unselected package libtirpc-common.
2025-09-20T21:27:49.6436333Z #17 4.088 Preparing to unpack .../02-libtirpc-common_1.3.6+ds-1_all.deb ...
2025-09-20T21:27:49.6437122Z #17 4.089 Unpacking libtirpc-common (1.3.6+ds-1) ...
2025-09-20T21:27:49.6437744Z #17 4.114 Selecting previously unselected package libtirpc3t64:amd64.
2025-09-20T21:27:49.6438651Z #17 4.118 Preparing to unpack .../03-libtirpc3t64_1.3.6+ds-1_amd64.deb ...
2025-09-20T21:27:49.6439687Z #17 4.125 Adding 'diversion of /lib/x86_64-linux-gnu/libtirpc.so.3 to /lib/x86_64-linux-gnu/libtirpc.so.3.usr-is-merged by libtirpc3t64'
2025-09-20T21:27:49.6441084Z #17 4.132 Adding 'diversion of /lib/x86_64-linux-gnu/libtirpc.so.3.0.0 to /lib/x86_64-linux-gnu/libtirpc.so.3.0.0.usr-is-merged by libtirpc3t64'
2025-09-20T21:27:49.6442061Z #17 4.135 Unpacking libtirpc3t64:amd64 (1.3.6+ds-1) ...
2025-09-20T21:27:49.7438819Z #17 4.161 Selecting previously unselected package libxtables12:amd64.
2025-09-20T21:27:49.7439598Z #17 4.164 Preparing to unpack .../04-libxtables12_1.8.11-2_amd64.deb ...
2025-09-20T21:27:49.7440234Z #17 4.165 Unpacking libxtables12:amd64 (1.8.11-2) ...
2025-09-20T21:27:49.7440820Z #17 4.185 Selecting previously unselected package libcap2-bin.
2025-09-20T21:27:49.7441495Z #17 4.187 Preparing to unpack .../05-libcap2-bin_1%3a2.75-10+b1_amd64.deb ...
2025-09-20T21:27:49.7442278Z #17 4.189 Unpacking libcap2-bin (1:2.75-10+b1) ...
2025-09-20T21:27:49.7442765Z #17 4.219 Selecting previously unselected package iproute2.
2025-09-20T21:27:49.7443269Z #17 4.222 Preparing to unpack .../06-iproute2_6.15.0-1_amd64.deb ...
2025-09-20T21:27:49.8458909Z #17 4.258 Unpacking iproute2 (6.15.0-1) ...
2025-09-20T21:27:49.8459586Z #17 4.356 Selecting previously unselected package libnftnl11:amd64.
2025-09-20T21:27:49.9460015Z #17 4.359 Preparing to unpack .../07-libnftnl11_1.2.9-1_amd64.deb ...
2025-09-20T21:27:49.9460667Z #17 4.361 Unpacking libnftnl11:amd64 (1.2.9-1) ...
2025-09-20T21:27:49.9461564Z #17 4.382 Selecting previously unselected package libnftables1:amd64.
2025-09-20T21:27:49.9462279Z #17 4.385 Preparing to unpack .../08-libnftables1_1.1.3-1_amd64.deb ...
2025-09-20T21:27:49.9462873Z #17 4.387 Unpacking libnftables1:amd64 (1.1.3-1) ...
2025-09-20T21:27:49.9463410Z #17 4.424 Selecting previously unselected package nftables.
2025-09-20T21:27:49.9464023Z #17 4.427 Preparing to unpack .../09-nftables_1.1.3-1_amd64.deb ...
2025-09-20T21:27:49.9464556Z #17 4.430 Unpacking nftables (1.1.3-1) ...
2025-09-20T21:27:49.9465635Z #17 4.454 Selecting previously unselected package build-essential.
2025-09-20T21:27:49.9466056Z #17 4.457 Preparing to unpack .../10-build-essential_12.12_amd64.deb ...
2025-09-20T21:27:50.0722971Z #17 4.459 Unpacking build-essential (12.12) ...
2025-09-20T21:27:50.0724633Z #17 4.482 Selecting previously unselected package cmake-data.
2025-09-20T21:27:50.0726412Z #17 4.485 Preparing to unpack .../11-cmake-data_3.31.6-2_all.deb ...
2025-09-20T21:27:50.0728020Z #17 4.491 Unpacking cmake-data (3.31.6-2) ...
2025-09-20T21:27:50.3747129Z ##[error]The operation was canceled.
2025-09-20T21:27:50.3863776Z Post job cleanup.
2025-09-20T21:27:50.4923087Z [command]/usr/bin/git version
2025-09-20T21:27:50.4960935Z git version 2.51.0
2025-09-20T21:27:50.5017476Z Temporarily overriding HOME='/home/runner/work/_temp/f7daac86-1d7b-4b10-9f42-190b4c585731' before making global git config changes
2025-09-20T21:27:50.5018418Z Adding repository directory to the temporary git global config as a safe directory
2025-09-20T21:27:50.5022189Z [command]/usr/bin/git config --global --add safe.directory /home/runner/work/Citadel-Protocol/Citadel-Protocol
2025-09-20T21:27:50.5060683Z [command]/usr/bin/git config --local --name-only --get-regexp core\.sshCommand
2025-09-20T21:27:50.5098788Z [command]/usr/bin/git submodule foreach --recursive sh -c "git config --local --name-only --get-regexp 'core\.sshCommand' && git config --local --unset-all 'core.sshCommand' || :"
2025-09-20T21:27:50.5348651Z [command]/usr/bin/git config --local --name-only --get-regexp http\.https\:\/\/github\.com\/\.extraheader
2025-09-20T21:27:50.5375623Z http.https://github.com/.extraheader
2025-09-20T21:27:50.5390777Z [command]/usr/bin/git config --local --unset-all http.https://github.com/.extraheader
2025-09-20T21:27:50.5429507Z [command]/usr/bin/git submodule foreach --recursive sh -c "git config --local --name-only --get-regexp 'http\.https\:\/\/github\.com\/\.extraheader' && git config --local --unset-all 'http.https://github.com/.extraheader' || :"
2025-09-20T21:27:50.5807160Z Cleaning up orphan processes
2025-09-20T21:27:50.6217875Z Terminate orphan process: pid (89999) (docker)
2025-09-20T21:27:50.6243137Z Terminate orphan process: pid (90015) (docker-compose)
