2025-09-20T21:18:23.4312950Z Current runner version: '2.328.0'
2025-09-20T21:18:23.4325480Z ##[group]Runner Image Provisioner
2025-09-20T21:18:23.4325920Z Hosted Compute Agent
2025-09-20T21:18:23.4326250Z Version: 20250912.392
2025-09-20T21:18:23.4326810Z Commit: d921fda672a98b64f4f82364647e2f10b2267d0b
2025-09-20T21:18:23.4327250Z Build Date: 2025-09-12T15:23:14Z
2025-09-20T21:18:23.4327610Z ##[endgroup]
2025-09-20T21:18:23.4327920Z ##[group]Operating System
2025-09-20T21:18:23.4328240Z macOS
2025-09-20T21:18:23.4328510Z 15.6.1
2025-09-20T21:18:23.4328780Z 24G90
2025-09-20T21:18:23.4329040Z ##[endgroup]
2025-09-20T21:18:23.4329320Z ##[group]Runner Image
2025-09-20T21:18:23.4329620Z Image: macos-15-arm64
2025-09-20T21:18:23.4329920Z Version: 20250916.2338
2025-09-20T21:18:23.4330560Z Included Software: https://github.com/actions/runner-images/blob/macos-15-arm64/20250916.2338/images/macos/macos-15-arm64-Readme.md
2025-09-20T21:18:23.4331510Z Image Release: https://github.com/actions/runner-images/releases/tag/macos-15-arm64%2F20250916.2338
2025-09-20T21:18:23.4332070Z ##[endgroup]
2025-09-20T21:18:23.4333490Z ##[group]GITHUB_TOKEN Permissions
2025-09-20T21:18:23.4334450Z Actions: write
2025-09-20T21:18:23.4334740Z Attestations: write
2025-09-20T21:18:23.4335020Z Checks: write
2025-09-20T21:18:23.4335300Z Contents: write
2025-09-20T21:18:23.4335580Z Deployments: write
2025-09-20T21:18:23.4335870Z Discussions: write
2025-09-20T21:18:23.4336150Z Issues: write
2025-09-20T21:18:23.4336430Z Metadata: read
2025-09-20T21:18:23.4336700Z Models: read
2025-09-20T21:18:23.4337190Z Packages: write
2025-09-20T21:18:23.4337550Z Pages: write
2025-09-20T21:18:23.4337860Z PullRequests: write
2025-09-20T21:18:23.4338170Z RepositoryProjects: write
2025-09-20T21:18:23.4338510Z SecurityEvents: write
2025-09-20T21:18:23.4338870Z Statuses: write
2025-09-20T21:18:23.4339170Z ##[endgroup]
2025-09-20T21:18:23.4340360Z Secret source: Actions
2025-09-20T21:18:23.4340740Z Prepare workflow directory
2025-09-20T21:18:23.4585290Z Prepare all required actions
2025-09-20T21:18:23.4614600Z Getting action download info
2025-09-20T21:18:23.7737920Z Download action repository 'Avarok-Cybersecurity/gh-actions-deps@master' (SHA:495f309997d6623b1d15d4767970d70d46cfaa17)
2025-09-20T21:18:24.7210570Z Download action repository 'taiki-e/install-action@nextest' (SHA:320133d5f45b215a033477e643139da5245dd9fc)
2025-09-20T21:18:25.8035970Z Getting action download info
2025-09-20T21:18:26.0123850Z Download action repository 'KyleMayes/install-llvm-action@v1.5.1' (SHA:60cc93ee15c6225007baa18ccf433d9d7f67d8a4)
2025-09-20T21:18:26.9162590Z Download action repository 'actions/checkout@v2' (SHA:ee0669bd1cc54295c223e0bb666b733df41de1c5)
2025-09-20T21:18:26.9746580Z Download action repository 'dtolnay/rust-toolchain@stable' (SHA:5d458579430fc14a04a08a1e7d3694f545e91ce6)
2025-09-20T21:18:27.6815680Z Download action repository 'actions-rs/cargo@v1' (SHA:844f36862e911db73fe0815f00a4a2602c279505)
2025-09-20T21:18:28.5889210Z Uses: Avarok-Cybersecurity/Citadel-Protocol/.github/workflows/validate.yml@refs/pull/236/merge (7edf0bb75f061919add02f6d6a82672c0b2e9654)
2025-09-20T21:18:28.5891940Z Complete job name: Validate PR / nat (macos-latest)
2025-09-20T21:18:28.6240950Z ##[group]Run Avarok-Cybersecurity/gh-actions-deps@master
2025-09-20T21:18:28.6241490Z env:
2025-09-20T21:18:28.6241620Z   CARGO_TERM_COLOR: always
2025-09-20T21:18:28.6241770Z   RUST_BACKTRACE: full
2025-09-20T21:18:28.6241910Z   RUST_MIN_STACK: 40971520
2025-09-20T21:18:28.6242060Z   RUST_LOG: citadel=warn
2025-09-20T21:18:28.6242200Z   IN_CI: true
2025-09-20T21:18:28.6242320Z ##[endgroup]
2025-09-20T21:18:28.6341280Z ##[group]Run echo "OPENSSL_ROOT_DIR=/usr/local/opt/openssl@1.1" >> $GITHUB_ENV
2025-09-20T21:18:28.6341740Z [36;1mecho "OPENSSL_ROOT_DIR=/usr/local/opt/openssl@1.1" >> $GITHUB_ENV[0m
2025-09-20T21:18:28.6386680Z shell: /bin/bash --noprofile --norc -e -o pipefail {0}
2025-09-20T21:18:28.6386970Z env:
2025-09-20T21:18:28.6387110Z   CARGO_TERM_COLOR: always
2025-09-20T21:18:28.6387270Z   RUST_BACKTRACE: full
2025-09-20T21:18:28.6387900Z   RUST_MIN_STACK: 40971520
2025-09-20T21:18:28.6388080Z   RUST_LOG: citadel=warn
2025-09-20T21:18:28.6388230Z   IN_CI: true
2025-09-20T21:18:28.6388400Z ##[endgroup]
2025-09-20T21:18:28.6822140Z ##[group]Run actions/checkout@v2
2025-09-20T21:18:28.6822350Z with:
2025-09-20T21:18:28.6822510Z   repository: Avarok-Cybersecurity/Citadel-Protocol
2025-09-20T21:18:28.6822880Z   token: ***
2025-09-20T21:18:28.6823040Z   ssh-strict: true
2025-09-20T21:18:28.6823170Z   persist-credentials: true
2025-09-20T21:18:28.6823320Z   clean: true
2025-09-20T21:18:28.6823440Z   fetch-depth: 1
2025-09-20T21:18:28.6823560Z   lfs: false
2025-09-20T21:18:28.6823730Z   submodules: false
2025-09-20T21:18:28.6823870Z   set-safe-directory: true
2025-09-20T21:18:28.6824020Z env:
2025-09-20T21:18:28.6824140Z   CARGO_TERM_COLOR: always
2025-09-20T21:18:28.6824560Z   RUST_BACKTRACE: full
2025-09-20T21:18:28.6824710Z   RUST_MIN_STACK: 40971520
2025-09-20T21:18:28.6825190Z   RUST_LOG: citadel=warn
2025-09-20T21:18:28.6825340Z   IN_CI: true
2025-09-20T21:18:28.6825620Z   OPENSSL_ROOT_DIR: /usr/local/opt/openssl@1.1
2025-09-20T21:18:28.6825860Z ##[endgroup]
2025-09-20T21:18:29.0587180Z Syncing repository: Avarok-Cybersecurity/Citadel-Protocol
2025-09-20T21:18:29.0588950Z ##[group]Getting Git version info
2025-09-20T21:18:29.0589310Z Working directory is '/Users/runner/work/Citadel-Protocol/Citadel-Protocol'
2025-09-20T21:18:29.0589920Z [command]/opt/homebrew/bin/git version
2025-09-20T21:18:29.0877460Z git version 2.50.1
2025-09-20T21:18:29.0908520Z ##[endgroup]
2025-09-20T21:18:29.0916020Z Copying '/Users/runner/.gitconfig' to '/Users/runner/work/_temp/af9f9b31-039a-45c8-886d-ff252dbb93a7/.gitconfig'
2025-09-20T21:18:29.0932420Z Temporarily overriding HOME='/Users/runner/work/_temp/af9f9b31-039a-45c8-886d-ff252dbb93a7' before making global git config changes
2025-09-20T21:18:29.0937660Z Adding repository directory to the temporary git global config as a safe directory
2025-09-20T21:18:29.0938530Z [command]/opt/homebrew/bin/git config --global --add safe.directory /Users/runner/work/Citadel-Protocol/Citadel-Protocol
2025-09-20T21:18:29.1031490Z Deleting the contents of '/Users/runner/work/Citadel-Protocol/Citadel-Protocol'
2025-09-20T21:18:29.1034250Z ##[group]Initializing the repository
2025-09-20T21:18:29.1036480Z [command]/opt/homebrew/bin/git init /Users/runner/work/Citadel-Protocol/Citadel-Protocol
2025-09-20T21:18:29.1359990Z hint: Using 'master' as the name for the initial branch. This default branch name
2025-09-20T21:18:29.1362110Z hint: is subject to change. To configure the initial branch name to use in all
2025-09-20T21:18:29.1408260Z hint: of your new repositories, which will suppress this warning, call:
2025-09-20T21:18:29.1413320Z hint:
2025-09-20T21:18:29.1413740Z hint: 	git config --global init.defaultBranch <name>
2025-09-20T21:18:29.1414070Z hint:
2025-09-20T21:18:29.1414450Z hint: Names commonly chosen instead of 'master' are 'main', 'trunk' and
2025-09-20T21:18:29.1414950Z hint: 'development'. The just-created branch can be renamed via this command:
2025-09-20T21:18:29.1415400Z hint:
2025-09-20T21:18:29.1415720Z hint: 	git branch -m <name>
2025-09-20T21:18:29.1416630Z hint:
2025-09-20T21:18:29.1417180Z hint: Disable this message with "git config set advice.defaultBranchName false"
2025-09-20T21:18:29.1425960Z Initialized empty Git repository in /Users/runner/work/Citadel-Protocol/Citadel-Protocol/.git/
2025-09-20T21:18:29.1439600Z [command]/opt/homebrew/bin/git remote add origin https://github.com/Avarok-Cybersecurity/Citadel-Protocol
2025-09-20T21:18:29.1502080Z ##[endgroup]
2025-09-20T21:18:29.1560030Z ##[group]Disabling automatic garbage collection
2025-09-20T21:18:29.1606720Z [command]/opt/homebrew/bin/git config --local gc.auto 0
2025-09-20T21:18:29.1607330Z ##[endgroup]
2025-09-20T21:18:29.1607600Z ##[group]Setting up auth
2025-09-20T21:18:29.1607930Z [command]/opt/homebrew/bin/git config --local --name-only --get-regexp core\.sshCommand
2025-09-20T21:18:29.1608660Z [command]/opt/homebrew/bin/git submodule foreach --recursive sh -c "git config --local --name-only --get-regexp 'core\.sshCommand' && git config --local --unset-all 'core.sshCommand' || :"
2025-09-20T21:18:29.2471270Z [command]/opt/homebrew/bin/git config --local --name-only --get-regexp http\.https\:\/\/github\.com\/\.extraheader
2025-09-20T21:18:29.2530310Z [command]/opt/homebrew/bin/git submodule foreach --recursive sh -c "git config --local --name-only --get-regexp 'http\.https\:\/\/github\.com\/\.extraheader' && git config --local --unset-all 'http.https://github.com/.extraheader' || :"
2025-09-20T21:18:29.3297500Z [command]/opt/homebrew/bin/git config --local http.https://github.com/.extraheader AUTHORIZATION: basic ***
2025-09-20T21:18:29.3360070Z ##[endgroup]
2025-09-20T21:18:29.3360830Z ##[group]Fetching the repository
2025-09-20T21:18:29.3364050Z [command]/opt/homebrew/bin/git -c protocol.version=2 fetch --no-tags --prune --progress --no-recurse-submodules --depth=1 origin +7edf0bb75f061919add02f6d6a82672c0b2e9654:refs/remotes/pull/236/merge
2025-09-20T21:18:29.8631530Z remote: Enumerating objects: 421, done.        
2025-09-20T21:18:29.8632440Z remote: Counting objects:   0% (1/421)        
2025-09-20T21:18:29.8633050Z remote: Counting objects:   1% (5/421)        
2025-09-20T21:18:29.8633660Z remote: Counting objects:   2% (9/421)        
2025-09-20T21:18:29.8634290Z remote: Counting objects:   3% (13/421)        
2025-09-20T21:18:29.8634880Z remote: Counting objects:   4% (17/421)        
2025-09-20T21:18:29.8635480Z remote: Counting objects:   5% (22/421)        
2025-09-20T21:18:29.8636200Z remote: Counting objects:   6% (26/421)        
2025-09-20T21:18:29.8636800Z remote: Counting objects:   7% (30/421)        
2025-09-20T21:18:29.8637460Z remote: Counting objects:   8% (34/421)        
2025-09-20T21:18:29.8638330Z remote: Counting objects:   9% (38/421)        
2025-09-20T21:18:29.8638900Z remote: Counting objects:  10% (43/421)        
2025-09-20T21:18:29.8639150Z remote: Counting objects:  11% (47/421)        
2025-09-20T21:18:29.8639440Z remote: Counting objects:  12% (51/421)        
2025-09-20T21:18:29.8639770Z remote: Counting objects:  13% (55/421)        
2025-09-20T21:18:29.8640090Z remote: Counting objects:  14% (59/421)        
2025-09-20T21:18:29.8640340Z remote: Counting objects:  15% (64/421)        
2025-09-20T21:18:29.8640560Z remote: Counting objects:  16% (68/421)        
2025-09-20T21:18:29.8640820Z remote: Counting objects:  17% (72/421)        
2025-09-20T21:18:29.8641040Z remote: Counting objects:  18% (76/421)        
2025-09-20T21:18:29.8641700Z remote: Counting objects:  19% (80/421)        
2025-09-20T21:18:29.8641960Z remote: Counting objects:  20% (85/421)        
2025-09-20T21:18:29.8642170Z remote: Counting objects:  21% (89/421)        
2025-09-20T21:18:29.8642400Z remote: Counting objects:  22% (93/421)        
2025-09-20T21:18:29.8642640Z remote: Counting objects:  23% (97/421)        
2025-09-20T21:18:29.8642900Z remote: Counting objects:  24% (102/421)        
2025-09-20T21:18:29.8643170Z remote: Counting objects:  25% (106/421)        
2025-09-20T21:18:29.8643430Z remote: Counting objects:  26% (110/421)        
2025-09-20T21:18:29.8644140Z remote: Counting objects:  27% (114/421)        
2025-09-20T21:18:29.8644490Z remote: Counting objects:  28% (118/421)        
2025-09-20T21:18:29.8644760Z remote: Counting objects:  29% (123/421)        
2025-09-20T21:18:29.8645510Z remote: Counting objects:  30% (127/421)        
2025-09-20T21:18:29.8645860Z remote: Counting objects:  31% (131/421)        
2025-09-20T21:18:29.8646140Z remote: Counting objects:  32% (135/421)        
2025-09-20T21:18:29.8646420Z remote: Counting objects:  33% (139/421)        
2025-09-20T21:18:29.8646710Z remote: Counting objects:  34% (144/421)        
2025-09-20T21:18:29.8646980Z remote: Counting objects:  35% (148/421)        
2025-09-20T21:18:29.8647810Z remote: Counting objects:  36% (152/421)        
2025-09-20T21:18:29.8648170Z remote: Counting objects:  37% (156/421)        
2025-09-20T21:18:29.8648470Z remote: Counting objects:  38% (160/421)        
2025-09-20T21:18:29.8649030Z remote: Counting objects:  39% (165/421)        
2025-09-20T21:18:29.8649310Z remote: Counting objects:  40% (169/421)        
2025-09-20T21:18:29.8649640Z remote: Counting objects:  41% (173/421)        
2025-09-20T21:18:29.8649990Z remote: Counting objects:  42% (177/421)        
2025-09-20T21:18:29.8650280Z remote: Counting objects:  43% (182/421)        
2025-09-20T21:18:29.8650590Z remote: Counting objects:  44% (186/421)        
2025-09-20T21:18:29.8650870Z remote: Counting objects:  45% (190/421)        
2025-09-20T21:18:29.8651190Z remote: Counting objects:  46% (194/421)        
2025-09-20T21:18:29.8651550Z remote: Counting objects:  47% (198/421)        
2025-09-20T21:18:29.8651850Z remote: Counting objects:  48% (203/421)        
2025-09-20T21:18:29.8652130Z remote: Counting objects:  49% (207/421)        
2025-09-20T21:18:29.8652410Z remote: Counting objects:  50% (211/421)        
2025-09-20T21:18:29.8652720Z remote: Counting objects:  51% (215/421)        
2025-09-20T21:18:29.8653010Z remote: Counting objects:  52% (219/421)        
2025-09-20T21:18:29.8653290Z remote: Counting objects:  53% (224/421)        
2025-09-20T21:18:29.8653580Z remote: Counting objects:  54% (228/421)        
2025-09-20T21:18:29.8653870Z remote: Counting objects:  55% (232/421)        
2025-09-20T21:18:29.8654160Z remote: Counting objects:  56% (236/421)        
2025-09-20T21:18:29.8654490Z remote: Counting objects:  57% (240/421)        
2025-09-20T21:18:29.8654860Z remote: Counting objects:  58% (245/421)        
2025-09-20T21:18:29.8655150Z remote: Counting objects:  59% (249/421)        
2025-09-20T21:18:29.8655440Z remote: Counting objects:  60% (253/421)        
2025-09-20T21:18:29.8655740Z remote: Counting objects:  61% (257/421)        
2025-09-20T21:18:29.8656020Z remote: Counting objects:  62% (262/421)        
2025-09-20T21:18:29.8656370Z remote: Counting objects:  63% (266/421)        
2025-09-20T21:18:29.8656680Z remote: Counting objects:  64% (270/421)        
2025-09-20T21:18:29.8656990Z remote: Counting objects:  65% (274/421)        
2025-09-20T21:18:29.8657280Z remote: Counting objects:  66% (278/421)        
2025-09-20T21:18:29.8657560Z remote: Counting objects:  67% (283/421)        
2025-09-20T21:18:29.8657860Z remote: Counting objects:  68% (287/421)        
2025-09-20T21:18:29.8658170Z remote: Counting objects:  69% (291/421)        
2025-09-20T21:18:29.8658440Z remote: Counting objects:  70% (295/421)        
2025-09-20T21:18:29.8658730Z remote: Counting objects:  71% (299/421)        
2025-09-20T21:18:29.8658990Z remote: Counting objects:  72% (304/421)        
2025-09-20T21:18:29.8659310Z remote: Counting objects:  73% (308/421)        
2025-09-20T21:18:29.8659590Z remote: Counting objects:  74% (312/421)        
2025-09-20T21:18:29.8659870Z remote: Counting objects:  75% (316/421)        
2025-09-20T21:18:29.8660170Z remote: Counting objects:  76% (320/421)        
2025-09-20T21:18:29.8660440Z remote: Counting objects:  77% (325/421)        
2025-09-20T21:18:29.8660730Z remote: Counting objects:  78% (329/421)        
2025-09-20T21:18:29.8661020Z remote: Counting objects:  79% (333/421)        
2025-09-20T21:18:29.8742810Z remote: Counting objects:  80% (337/421)        
2025-09-20T21:18:29.8743360Z remote: Counting objects:  81% (342/421)        
2025-09-20T21:18:29.8743690Z remote: Counting objects:  82% (346/421)        
2025-09-20T21:18:29.8744000Z remote: Counting objects:  83% (350/421)        
2025-09-20T21:18:29.8744330Z remote: Counting objects:  84% (354/421)        
2025-09-20T21:18:29.8744610Z remote: Counting objects:  85% (358/421)        
2025-09-20T21:18:29.8744880Z remote: Counting objects:  86% (363/421)        
2025-09-20T21:18:29.8745150Z remote: Counting objects:  87% (367/421)        
2025-09-20T21:18:29.8745440Z remote: Counting objects:  88% (371/421)        
2025-09-20T21:18:29.8745710Z remote: Counting objects:  89% (375/421)        
2025-09-20T21:18:29.8745990Z remote: Counting objects:  90% (379/421)        
2025-09-20T21:18:29.8746290Z remote: Counting objects:  91% (384/421)        
2025-09-20T21:18:29.8746790Z remote: Counting objects:  92% (388/421)        
2025-09-20T21:18:29.8747070Z remote: Counting objects:  93% (392/421)        
2025-09-20T21:18:29.8747390Z remote: Counting objects:  94% (396/421)        
2025-09-20T21:18:29.8747680Z remote: Counting objects:  95% (400/421)        
2025-09-20T21:18:29.8747960Z remote: Counting objects:  96% (405/421)        
2025-09-20T21:18:29.8748250Z remote: Counting objects:  97% (409/421)        
2025-09-20T21:18:29.8748540Z remote: Counting objects:  98% (413/421)        
2025-09-20T21:18:29.8748810Z remote: Counting objects:  99% (417/421)        
2025-09-20T21:18:29.8749090Z remote: Counting objects: 100% (421/421)        
2025-09-20T21:18:29.8749420Z remote: Counting objects: 100% (421/421), done.        
2025-09-20T21:18:29.8749750Z remote: Compressing objects:   0% (1/377)        
2025-09-20T21:18:29.8750060Z remote: Compressing objects:   1% (4/377)        
2025-09-20T21:18:29.8750340Z remote: Compressing objects:   2% (8/377)        
2025-09-20T21:18:29.8750630Z remote: Compressing objects:   3% (12/377)        
2025-09-20T21:18:29.8750960Z remote: Compressing objects:   4% (16/377)        
2025-09-20T21:18:29.8751240Z remote: Compressing objects:   5% (19/377)        
2025-09-20T21:18:29.8751530Z remote: Compressing objects:   6% (23/377)        
2025-09-20T21:18:29.8751920Z remote: Compressing objects:   7% (27/377)        
2025-09-20T21:18:29.8752200Z remote: Compressing objects:   8% (31/377)        
2025-09-20T21:18:29.8752660Z remote: Compressing objects:   9% (34/377)        
2025-09-20T21:18:29.9068510Z remote: Compressing objects:  10% (38/377)        
2025-09-20T21:18:29.9069220Z remote: Compressing objects:  11% (42/377)        
2025-09-20T21:18:29.9069580Z remote: Compressing objects:  12% (46/377)        
2025-09-20T21:18:29.9085200Z remote: Compressing objects:  13% (50/377)        
2025-09-20T21:18:29.9085500Z remote: Compressing objects:  14% (53/377)        
2025-09-20T21:18:29.9085830Z remote: Compressing objects:  15% (57/377)        
2025-09-20T21:18:29.9086120Z remote: Compressing objects:  16% (61/377)        
2025-09-20T21:18:29.9086420Z remote: Compressing objects:  17% (65/377)        
2025-09-20T21:18:29.9086670Z remote: Compressing objects:  18% (68/377)        
2025-09-20T21:18:29.9086890Z remote: Compressing objects:  19% (72/377)        
2025-09-20T21:18:29.9087120Z remote: Compressing objects:  20% (76/377)        
2025-09-20T21:18:29.9087370Z remote: Compressing objects:  21% (80/377)        
2025-09-20T21:18:29.9087590Z remote: Compressing objects:  22% (83/377)        
2025-09-20T21:18:29.9087850Z remote: Compressing objects:  23% (87/377)        
2025-09-20T21:18:29.9088130Z remote: Compressing objects:  24% (91/377)        
2025-09-20T21:18:29.9088350Z remote: Compressing objects:  25% (95/377)        
2025-09-20T21:18:29.9088580Z remote: Compressing objects:  26% (99/377)        
2025-09-20T21:18:29.9088860Z remote: Compressing objects:  27% (102/377)        
2025-09-20T21:18:29.9089110Z remote: Compressing objects:  28% (106/377)        
2025-09-20T21:18:29.9089790Z remote: Compressing objects:  29% (110/377)        
2025-09-20T21:18:29.9338950Z remote: Compressing objects:  30% (114/377)        
2025-09-20T21:18:29.9339560Z remote: Compressing objects:  31% (117/377)        
2025-09-20T21:18:29.9339810Z remote: Compressing objects:  32% (121/377)        
2025-09-20T21:18:29.9340190Z remote: Compressing objects:  33% (125/377)        
2025-09-20T21:18:29.9340420Z remote: Compressing objects:  34% (129/377)        
2025-09-20T21:18:29.9340640Z remote: Compressing objects:  35% (132/377)        
2025-09-20T21:18:29.9340890Z remote: Compressing objects:  36% (136/377)        
2025-09-20T21:18:29.9341100Z remote: Compressing objects:  37% (140/377)        
2025-09-20T21:18:29.9341340Z remote: Compressing objects:  38% (144/377)        
2025-09-20T21:18:29.9341560Z remote: Compressing objects:  39% (148/377)        
2025-09-20T21:18:29.9341780Z remote: Compressing objects:  40% (151/377)        
2025-09-20T21:18:29.9342660Z remote: Compressing objects:  41% (155/377)        
2025-09-20T21:18:29.9342890Z remote: Compressing objects:  42% (159/377)        
2025-09-20T21:18:29.9343110Z remote: Compressing objects:  43% (163/377)        
2025-09-20T21:18:29.9343340Z remote: Compressing objects:  44% (166/377)        
2025-09-20T21:18:29.9461120Z remote: Compressing objects:  45% (170/377)        
2025-09-20T21:18:29.9461450Z remote: Compressing objects:  46% (174/377)        
2025-09-20T21:18:29.9461680Z remote: Compressing objects:  47% (178/377)        
2025-09-20T21:18:29.9461910Z remote: Compressing objects:  48% (181/377)        
2025-09-20T21:18:29.9462140Z remote: Compressing objects:  49% (185/377)        
2025-09-20T21:18:29.9462390Z remote: Compressing objects:  50% (189/377)        
2025-09-20T21:18:29.9462620Z remote: Compressing objects:  51% (193/377)        
2025-09-20T21:18:29.9462860Z remote: Compressing objects:  52% (197/377)        
2025-09-20T21:18:29.9463110Z remote: Compressing objects:  53% (200/377)        
2025-09-20T21:18:29.9463330Z remote: Compressing objects:  54% (204/377)        
2025-09-20T21:18:29.9463590Z remote: Compressing objects:  55% (208/377)        
2025-09-20T21:18:29.9463820Z remote: Compressing objects:  56% (212/377)        
2025-09-20T21:18:29.9464040Z remote: Compressing objects:  57% (215/377)        
2025-09-20T21:18:29.9464250Z remote: Compressing objects:  58% (219/377)        
2025-09-20T21:18:29.9594890Z remote: Compressing objects:  59% (223/377)        
2025-09-20T21:18:29.9595280Z remote: Compressing objects:  60% (227/377)        
2025-09-20T21:18:29.9595510Z remote: Compressing objects:  61% (230/377)        
2025-09-20T21:18:29.9595740Z remote: Compressing objects:  62% (234/377)        
2025-09-20T21:18:29.9595950Z remote: Compressing objects:  63% (238/377)        
2025-09-20T21:18:29.9596230Z remote: Compressing objects:  64% (242/377)        
2025-09-20T21:18:29.9596450Z remote: Compressing objects:  65% (246/377)        
2025-09-20T21:18:29.9596720Z remote: Compressing objects:  66% (249/377)        
2025-09-20T21:18:29.9596950Z remote: Compressing objects:  67% (253/377)        
2025-09-20T21:18:29.9597260Z remote: Compressing objects:  68% (257/377)        
2025-09-20T21:18:29.9597480Z remote: Compressing objects:  69% (261/377)        
2025-09-20T21:18:29.9597700Z remote: Compressing objects:  70% (264/377)        
2025-09-20T21:18:29.9597920Z remote: Compressing objects:  71% (268/377)        
2025-09-20T21:18:29.9598140Z remote: Compressing objects:  72% (272/377)        
2025-09-20T21:18:29.9598360Z remote: Compressing objects:  73% (276/377)        
2025-09-20T21:18:29.9598600Z remote: Compressing objects:  74% (279/377)        
2025-09-20T21:18:29.9598820Z remote: Compressing objects:  75% (283/377)        
2025-09-20T21:18:29.9599040Z remote: Compressing objects:  76% (287/377)        
2025-09-20T21:18:29.9599260Z remote: Compressing objects:  77% (291/377)        
2025-09-20T21:18:29.9599480Z remote: Compressing objects:  78% (295/377)        
2025-09-20T21:18:29.9599700Z remote: Compressing objects:  79% (298/377)        
2025-09-20T21:18:29.9610490Z remote: Compressing objects:  80% (302/377)        
2025-09-20T21:18:29.9611320Z remote: Compressing objects:  81% (306/377)        
2025-09-20T21:18:29.9611740Z remote: Compressing objects:  82% (310/377)        
2025-09-20T21:18:29.9612300Z remote: Compressing objects:  83% (313/377)        
2025-09-20T21:18:29.9612570Z remote: Compressing objects:  84% (317/377)        
2025-09-20T21:18:29.9612820Z remote: Compressing objects:  85% (321/377)        
2025-09-20T21:18:29.9613040Z remote: Compressing objects:  86% (325/377)        
2025-09-20T21:18:29.9613290Z remote: Compressing objects:  87% (328/377)        
2025-09-20T21:18:29.9613590Z remote: Compressing objects:  88% (332/377)        
2025-09-20T21:18:29.9613820Z remote: Compressing objects:  89% (336/377)        
2025-09-20T21:18:29.9614080Z remote: Compressing objects:  90% (340/377)        
2025-09-20T21:18:29.9614680Z remote: Compressing objects:  91% (344/377)        
2025-09-20T21:18:29.9614910Z remote: Compressing objects:  92% (347/377)        
2025-09-20T21:18:29.9615130Z remote: Compressing objects:  93% (351/377)        
2025-09-20T21:18:29.9615350Z remote: Compressing objects:  94% (355/377)        
2025-09-20T21:18:29.9615580Z remote: Compressing objects:  95% (359/377)        
2025-09-20T21:18:29.9615810Z remote: Compressing objects:  96% (362/377)        
2025-09-20T21:18:29.9616030Z remote: Compressing objects:  97% (366/377)        
2025-09-20T21:18:29.9616250Z remote: Compressing objects:  98% (370/377)        
2025-09-20T21:18:29.9616460Z remote: Compressing objects:  99% (374/377)        
2025-09-20T21:18:29.9616680Z remote: Compressing objects: 100% (377/377)        
2025-09-20T21:18:29.9616950Z remote: Compressing objects: 100% (377/377), done.        
2025-09-20T21:18:29.9696190Z Receiving objects:   0% (1/421)
2025-09-20T21:18:29.9696400Z Receiving objects:   1% (5/421)
2025-09-20T21:18:29.9696580Z Receiving objects:   2% (9/421)
2025-09-20T21:18:29.9696750Z Receiving objects:   3% (13/421)
2025-09-20T21:18:30.0093030Z Receiving objects:   4% (17/421)
2025-09-20T21:18:30.0093530Z Receiving objects:   5% (22/421)
2025-09-20T21:18:30.0108900Z Receiving objects:   6% (26/421)
2025-09-20T21:18:30.1110960Z Receiving objects:   7% (30/421)
2025-09-20T21:18:30.1330200Z Receiving objects:   8% (34/421)
2025-09-20T21:18:30.1331250Z Receiving objects:   9% (38/421)
2025-09-20T21:18:30.1331890Z Receiving objects:  10% (43/421)
2025-09-20T21:18:30.1332260Z Receiving objects:  11% (47/421)
2025-09-20T21:18:30.1332550Z Receiving objects:  12% (51/421)
2025-09-20T21:18:30.1332840Z Receiving objects:  13% (55/421)
2025-09-20T21:18:30.1333100Z Receiving objects:  14% (59/421)
2025-09-20T21:18:30.1333350Z Receiving objects:  15% (64/421)
2025-09-20T21:18:30.1333970Z Receiving objects:  16% (68/421)
2025-09-20T21:18:30.1334280Z Receiving objects:  17% (72/421)
2025-09-20T21:18:30.1334470Z Receiving objects:  18% (76/421)
2025-09-20T21:18:30.1334650Z Receiving objects:  19% (80/421)
2025-09-20T21:18:30.1457880Z Receiving objects:  20% (85/421)
2025-09-20T21:18:30.1458150Z Receiving objects:  21% (89/421)
2025-09-20T21:18:30.1586300Z Receiving objects:  22% (93/421)
2025-09-20T21:18:30.1588430Z Receiving objects:  23% (97/421)
2025-09-20T21:18:30.1603760Z Receiving objects:  24% (102/421)
2025-09-20T21:18:30.1605330Z Receiving objects:  25% (106/421)
2025-09-20T21:18:30.1606250Z Receiving objects:  26% (110/421)
2025-09-20T21:18:30.1607100Z Receiving objects:  27% (114/421)
2025-09-20T21:18:30.1607370Z Receiving objects:  28% (118/421)
2025-09-20T21:18:30.1607620Z Receiving objects:  29% (123/421)
2025-09-20T21:18:30.1608400Z Receiving objects:  30% (127/421)
2025-09-20T21:18:30.1608670Z Receiving objects:  31% (131/421)
2025-09-20T21:18:30.1634480Z Receiving objects:  32% (135/421)
2025-09-20T21:18:30.1634860Z Receiving objects:  33% (139/421)
2025-09-20T21:18:30.1635170Z Receiving objects:  34% (144/421)
2025-09-20T21:18:30.1635460Z Receiving objects:  35% (148/421)
2025-09-20T21:18:30.1635720Z Receiving objects:  36% (152/421)
2025-09-20T21:18:30.1636240Z Receiving objects:  37% (156/421)
2025-09-20T21:18:30.1636520Z Receiving objects:  38% (160/421)
2025-09-20T21:18:30.1636830Z Receiving objects:  39% (165/421)
2025-09-20T21:18:30.1637100Z Receiving objects:  40% (169/421)
2025-09-20T21:18:30.1637380Z Receiving objects:  41% (173/421)
2025-09-20T21:18:30.1637640Z Receiving objects:  42% (177/421)
2025-09-20T21:18:30.1830260Z Receiving objects:  43% (182/421)
2025-09-20T21:18:30.1831230Z Receiving objects:  44% (186/421)
2025-09-20T21:18:30.1834760Z Receiving objects:  45% (190/421)
2025-09-20T21:18:30.1835900Z Receiving objects:  46% (194/421)
2025-09-20T21:18:30.1964240Z Receiving objects:  47% (198/421)
2025-09-20T21:18:30.1964780Z Receiving objects:  48% (203/421)
2025-09-20T21:18:30.2090090Z Receiving objects:  49% (207/421)
2025-09-20T21:18:30.2095510Z Receiving objects:  50% (211/421)
2025-09-20T21:18:30.2095960Z Receiving objects:  51% (215/421)
2025-09-20T21:18:30.2097160Z Receiving objects:  52% (219/421)
2025-09-20T21:18:30.2099880Z Receiving objects:  53% (224/421)
2025-09-20T21:18:30.2100890Z Receiving objects:  54% (228/421)
2025-09-20T21:18:30.2101230Z Receiving objects:  55% (232/421)
2025-09-20T21:18:30.2104280Z Receiving objects:  56% (236/421)
2025-09-20T21:18:30.2106140Z Receiving objects:  57% (240/421)
2025-09-20T21:18:30.2110390Z Receiving objects:  58% (245/421)
2025-09-20T21:18:30.2111850Z Receiving objects:  59% (249/421)
2025-09-20T21:18:30.2112370Z Receiving objects:  60% (253/421)
2025-09-20T21:18:30.2118130Z Receiving objects:  61% (257/421)
2025-09-20T21:18:30.2118770Z Receiving objects:  62% (262/421)
2025-09-20T21:18:30.2119530Z Receiving objects:  63% (266/421)
2025-09-20T21:18:30.2119800Z Receiving objects:  64% (270/421)
2025-09-20T21:18:30.2120140Z Receiving objects:  65% (274/421)
2025-09-20T21:18:30.2120450Z Receiving objects:  66% (278/421)
2025-09-20T21:18:30.2120960Z Receiving objects:  67% (283/421)
2025-09-20T21:18:30.2122980Z Receiving objects:  68% (287/421)
2025-09-20T21:18:30.2126970Z Receiving objects:  69% (291/421)
2025-09-20T21:18:30.2128660Z Receiving objects:  70% (295/421)
2025-09-20T21:18:30.2130600Z Receiving objects:  71% (299/421)
2025-09-20T21:18:30.2131970Z Receiving objects:  72% (304/421)
2025-09-20T21:18:30.2132490Z Receiving objects:  73% (308/421)
2025-09-20T21:18:30.2135250Z Receiving objects:  74% (312/421)
2025-09-20T21:18:30.2135740Z Receiving objects:  75% (316/421)
2025-09-20T21:18:30.2139320Z Receiving objects:  76% (320/421)
2025-09-20T21:18:30.2140340Z Receiving objects:  77% (325/421)
2025-09-20T21:18:30.2142170Z Receiving objects:  78% (329/421)
2025-09-20T21:18:30.2144160Z Receiving objects:  79% (333/421)
2025-09-20T21:18:30.2149540Z Receiving objects:  80% (337/421)
2025-09-20T21:18:30.2149800Z Receiving objects:  81% (342/421)
2025-09-20T21:18:30.2149970Z Receiving objects:  82% (346/421)
2025-09-20T21:18:30.2150140Z Receiving objects:  83% (350/421)
2025-09-20T21:18:30.2150310Z Receiving objects:  84% (354/421)
2025-09-20T21:18:30.2151130Z Receiving objects:  85% (358/421)
2025-09-20T21:18:30.2152000Z Receiving objects:  86% (363/421)
2025-09-20T21:18:30.2153340Z Receiving objects:  87% (367/421)
2025-09-20T21:18:30.2154880Z Receiving objects:  88% (371/421)
2025-09-20T21:18:30.2155040Z Receiving objects:  89% (375/421)
2025-09-20T21:18:30.2155210Z Receiving objects:  90% (379/421)
2025-09-20T21:18:30.2156760Z Receiving objects:  91% (384/421)
2025-09-20T21:18:30.2158290Z Receiving objects:  92% (388/421)
2025-09-20T21:18:30.2159560Z Receiving objects:  93% (392/421)
2025-09-20T21:18:30.2160520Z Receiving objects:  94% (396/421)
2025-09-20T21:18:30.2162190Z Receiving objects:  95% (400/421)
2025-09-20T21:18:30.2329450Z Receiving objects:  96% (405/421)
2025-09-20T21:18:30.2329780Z Receiving objects:  97% (409/421)
2025-09-20T21:18:30.3171650Z Receiving objects:  98% (413/421)
2025-09-20T21:18:30.3172050Z remote: Total 421 (delta 39), reused 203 (delta 16), pack-reused 0 (from 0)        
2025-09-20T21:18:30.3180190Z Receiving objects:  99% (417/421)
2025-09-20T21:18:30.3186300Z Receiving objects: 100% (421/421)
2025-09-20T21:18:30.3187260Z Receiving objects: 100% (421/421), 2.56 MiB | 7.33 MiB/s, done.
2025-09-20T21:18:30.3187520Z Resolving deltas:   0% (0/39)
2025-09-20T21:18:30.3188230Z Resolving deltas:   2% (1/39)
2025-09-20T21:18:30.3189090Z Resolving deltas:   5% (2/39)
2025-09-20T21:18:30.3189280Z Resolving deltas:   7% (3/39)
2025-09-20T21:18:30.3189710Z Resolving deltas:  10% (4/39)
2025-09-20T21:18:30.3189870Z Resolving deltas:  12% (5/39)
2025-09-20T21:18:30.3190030Z Resolving deltas:  15% (6/39)
2025-09-20T21:18:30.3190230Z Resolving deltas:  17% (7/39)
2025-09-20T21:18:30.3190390Z Resolving deltas:  20% (8/39)
2025-09-20T21:18:30.3190540Z Resolving deltas:  23% (9/39)
2025-09-20T21:18:30.3190710Z Resolving deltas:  25% (10/39)
2025-09-20T21:18:30.3190870Z Resolving deltas:  28% (11/39)
2025-09-20T21:18:30.3191020Z Resolving deltas:  30% (12/39)
2025-09-20T21:18:30.3191450Z Resolving deltas:  33% (13/39)
2025-09-20T21:18:30.3191600Z Resolving deltas:  35% (14/39)
2025-09-20T21:18:30.3191760Z Resolving deltas:  38% (15/39)
2025-09-20T21:18:30.3191920Z Resolving deltas:  41% (16/39)
2025-09-20T21:18:30.3192070Z Resolving deltas:  43% (17/39)
2025-09-20T21:18:30.3192220Z Resolving deltas:  46% (18/39)
2025-09-20T21:18:30.3192400Z Resolving deltas:  51% (20/39)
2025-09-20T21:18:30.3192550Z Resolving deltas:  53% (21/39)
2025-09-20T21:18:30.3192700Z Resolving deltas:  56% (22/39)
2025-09-20T21:18:30.3192850Z Resolving deltas:  58% (23/39)
2025-09-20T21:18:30.3192990Z Resolving deltas:  61% (24/39)
2025-09-20T21:18:30.3193140Z Resolving deltas:  66% (26/39)
2025-09-20T21:18:30.3193290Z Resolving deltas:  69% (27/39)
2025-09-20T21:18:30.3193440Z Resolving deltas:  71% (28/39)
2025-09-20T21:18:30.3193590Z Resolving deltas:  74% (29/39)
2025-09-20T21:18:30.3193730Z Resolving deltas:  76% (30/39)
2025-09-20T21:18:30.3193880Z Resolving deltas:  79% (31/39)
2025-09-20T21:18:30.3194030Z Resolving deltas:  82% (32/39)
2025-09-20T21:18:30.3194170Z Resolving deltas:  84% (33/39)
2025-09-20T21:18:30.3194320Z Resolving deltas:  87% (34/39)
2025-09-20T21:18:30.3194460Z Resolving deltas:  89% (35/39)
2025-09-20T21:18:30.3194610Z Resolving deltas:  92% (36/39)
2025-09-20T21:18:30.3194750Z Resolving deltas:  94% (37/39)
2025-09-20T21:18:30.3194900Z Resolving deltas:  97% (38/39)
2025-09-20T21:18:30.3195040Z Resolving deltas: 100% (39/39)
2025-09-20T21:18:30.3195200Z Resolving deltas: 100% (39/39), done.
2025-09-20T21:18:30.3329530Z From https://github.com/Avarok-Cybersecurity/Citadel-Protocol
2025-09-20T21:18:30.3330400Z  * [new ref]         7edf0bb75f061919add02f6d6a82672c0b2e9654 -> pull/236/merge
2025-09-20T21:18:30.3398120Z ##[endgroup]
2025-09-20T21:18:30.3398430Z ##[group]Determining the checkout info
2025-09-20T21:18:30.3399040Z ##[endgroup]
2025-09-20T21:18:30.3399340Z ##[group]Checking out the ref
2025-09-20T21:18:30.3402630Z [command]/opt/homebrew/bin/git checkout --progress --force refs/remotes/pull/236/merge
2025-09-20T21:18:30.6123870Z HEAD is now at 7edf0bb Merge 8a89b2152348ab91c1a5bd335ccb554a7eae26c5 into 2b40ca3c28904a155dd62f453494820feec744f0
2025-09-20T21:18:30.7003900Z ##[endgroup]
2025-09-20T21:18:30.7075230Z [command]/opt/homebrew/bin/git log -1 --format='%H'
2025-09-20T21:18:30.7132820Z '7edf0bb75f061919add02f6d6a82672c0b2e9654'
2025-09-20T21:18:30.7349720Z ##[group]Run dtolnay/rust-toolchain@stable
2025-09-20T21:18:30.7349920Z with:
2025-09-20T21:18:30.7350030Z   toolchain: stable
2025-09-20T21:18:30.7350160Z env:
2025-09-20T21:18:30.7350280Z   CARGO_TERM_COLOR: always
2025-09-20T21:18:30.7350430Z   RUST_BACKTRACE: full
2025-09-20T21:18:30.7350560Z   RUST_MIN_STACK: 40971520
2025-09-20T21:18:30.7350710Z   RUST_LOG: citadel=warn
2025-09-20T21:18:30.7350840Z   IN_CI: true
2025-09-20T21:18:30.7350990Z   OPENSSL_ROOT_DIR: /usr/local/opt/openssl@1.1
2025-09-20T21:18:30.7351190Z ##[endgroup]
2025-09-20T21:18:30.7387220Z ##[group]Run : parse toolchain version
2025-09-20T21:18:30.7387480Z [36;1m: parse toolchain version[0m
2025-09-20T21:18:30.7387650Z [36;1mif [[ -z $toolchain ]]; then[0m
2025-09-20T21:18:30.7388280Z [36;1m  # GitHub does not enforce `required: true` inputs itself. https://github.com/actions/runner/issues/1070[0m
2025-09-20T21:18:30.7388660Z [36;1m  echo "'toolchain' is a required input" >&2[0m
2025-09-20T21:18:30.7388860Z [36;1m  exit 1[0m
2025-09-20T21:18:30.7389080Z [36;1melif [[ $toolchain =~ ^stable' '[0-9]+' '(year|month|week|day)s?' 'ago$ ]]; then[0m
2025-09-20T21:18:30.7389360Z [36;1m  if [[ macOS == macOS ]]; then[0m
2025-09-20T21:18:30.7389710Z [36;1m    echo "toolchain=1.$((($(date -v-$(sed 's/stable \([0-9]*\) \(.\).*/\1\2/' <<< $toolchain) +%s)/60/60/24-16569)/7/6))" >> $GITHUB_OUTPUT[0m
2025-09-20T21:18:30.7390030Z [36;1m  else[0m
2025-09-20T21:18:30.7390290Z [36;1m    echo "toolchain=1.$((($(date --date "${toolchain#stable }" +%s)/60/60/24-16569)/7/6))" >> $GITHUB_OUTPUT[0m
2025-09-20T21:18:30.7390580Z [36;1m  fi[0m
2025-09-20T21:18:30.7390970Z [36;1melif [[ $toolchain =~ ^stable' 'minus' '[0-9]+' 'releases?$ ]]; then[0m
2025-09-20T21:18:30.7391340Z [36;1m  echo "toolchain=1.$((($(date +%s)/60/60/24-16569)/7/6-${toolchain//[^0-9]/}))" >> $GITHUB_OUTPUT[0m
2025-09-20T21:18:30.7391650Z [36;1melif [[ $toolchain =~ ^1\.[0-9]+$ ]]; then[0m
2025-09-20T21:18:30.7392010Z [36;1m  echo "toolchain=1.$((i=${toolchain#1.}, c=($(date +%s)/60/60/24-16569)/7/6, i+9*i*(10*i<=c)+90*i*(100*i<=c)))" >> $GITHUB_OUTPUT[0m
2025-09-20T21:18:30.7392330Z [36;1melse[0m
2025-09-20T21:18:30.7392480Z [36;1m  echo "toolchain=$toolchain" >> $GITHUB_OUTPUT[0m
2025-09-20T21:18:30.7392670Z [36;1mfi[0m
2025-09-20T21:18:30.7426560Z shell: /bin/bash --noprofile --norc -e -o pipefail {0}
2025-09-20T21:18:30.7426800Z env:
2025-09-20T21:18:30.7426940Z   CARGO_TERM_COLOR: always
2025-09-20T21:18:30.7427100Z   RUST_BACKTRACE: full
2025-09-20T21:18:30.7427250Z   RUST_MIN_STACK: 40971520
2025-09-20T21:18:30.7427400Z   RUST_LOG: citadel=warn
2025-09-20T21:18:30.7427550Z   IN_CI: true
2025-09-20T21:18:30.7427690Z   OPENSSL_ROOT_DIR: /usr/local/opt/openssl@1.1
2025-09-20T21:18:30.7427890Z   toolchain: stable
2025-09-20T21:18:30.7428020Z ##[endgroup]
2025-09-20T21:18:30.7743340Z ##[group]Run : construct rustup command line
2025-09-20T21:18:30.7743640Z [36;1m: construct rustup command line[0m
2025-09-20T21:18:30.7743990Z [36;1mecho "targets=$(for t in ${targets//,/ }; do echo -n ' --target' $t; done)" >> $GITHUB_OUTPUT[0m
2025-09-20T21:18:30.7744460Z [36;1mecho "components=$(for c in ${components//,/ }; do echo -n ' --component' $c; done)" >> $GITHUB_OUTPUT[0m
2025-09-20T21:18:30.7744840Z [36;1mecho "downgrade=" >> $GITHUB_OUTPUT[0m
2025-09-20T21:18:30.7778020Z shell: /bin/bash --noprofile --norc -e -o pipefail {0}
2025-09-20T21:18:30.7778300Z env:
2025-09-20T21:18:30.7778430Z   CARGO_TERM_COLOR: always
2025-09-20T21:18:30.7778610Z   RUST_BACKTRACE: full
2025-09-20T21:18:30.7778750Z   RUST_MIN_STACK: 40971520
2025-09-20T21:18:30.7778920Z   RUST_LOG: citadel=warn
2025-09-20T21:18:30.7779150Z   IN_CI: true
2025-09-20T21:18:30.7779300Z   OPENSSL_ROOT_DIR: /usr/local/opt/openssl@1.1
2025-09-20T21:18:30.7779570Z   targets: 
2025-09-20T21:18:30.7779690Z   components: 
2025-09-20T21:18:30.7779810Z ##[endgroup]
2025-09-20T21:18:30.8065700Z ##[group]Run : set $CARGO_HOME
2025-09-20T21:18:30.8065940Z [36;1m: set $CARGO_HOME[0m
2025-09-20T21:18:30.8066180Z [36;1mecho CARGO_HOME=${CARGO_HOME:-"$HOME/.cargo"} >> $GITHUB_ENV[0m
2025-09-20T21:18:30.8097370Z shell: /bin/bash --noprofile --norc -e -o pipefail {0}
2025-09-20T21:18:30.8097600Z env:
2025-09-20T21:18:30.8097740Z   CARGO_TERM_COLOR: always
2025-09-20T21:18:30.8097890Z   RUST_BACKTRACE: full
2025-09-20T21:18:30.8098050Z   RUST_MIN_STACK: 40971520
2025-09-20T21:18:30.8098210Z   RUST_LOG: citadel=warn
2025-09-20T21:18:30.8098360Z   IN_CI: true
2025-09-20T21:18:30.8098510Z   OPENSSL_ROOT_DIR: /usr/local/opt/openssl@1.1
2025-09-20T21:18:30.8098720Z ##[endgroup]
2025-09-20T21:18:30.8371780Z ##[group]Run : install rustup if needed
2025-09-20T21:18:30.8372090Z [36;1m: install rustup if needed[0m
2025-09-20T21:18:30.8372550Z [36;1mif ! command -v rustup &>/dev/null; then[0m
2025-09-20T21:18:30.8373160Z [36;1m  curl --proto '=https' --tlsv1.2 --retry 10 --retry-connrefused --location --silent --show-error --fail https://sh.rustup.rs | sh -s -- --default-toolchain none -y[0m
2025-09-20T21:18:30.8373670Z [36;1m  echo "$CARGO_HOME/bin" >> $GITHUB_PATH[0m
2025-09-20T21:18:30.8373870Z [36;1mfi[0m
2025-09-20T21:18:30.8405060Z shell: /bin/bash --noprofile --norc -e -o pipefail {0}
2025-09-20T21:18:30.8405310Z env:
2025-09-20T21:18:30.8405450Z   CARGO_TERM_COLOR: always
2025-09-20T21:18:30.8405610Z   RUST_BACKTRACE: full
2025-09-20T21:18:30.8405760Z   RUST_MIN_STACK: 40971520
2025-09-20T21:18:30.8405930Z   RUST_LOG: citadel=warn
2025-09-20T21:18:30.8406080Z   IN_CI: true
2025-09-20T21:18:30.8406240Z   OPENSSL_ROOT_DIR: /usr/local/opt/openssl@1.1
2025-09-20T21:18:30.8406490Z   CARGO_HOME: /Users/runner/.cargo
2025-09-20T21:18:30.8406910Z ##[endgroup]
2025-09-20T21:18:30.8678920Z ##[group]Run rustup toolchain install stable --profile minimal --no-self-update
2025-09-20T21:18:30.8679360Z [36;1mrustup toolchain install stable --profile minimal --no-self-update[0m
2025-09-20T21:18:30.8710260Z shell: /bin/bash --noprofile --norc -e -o pipefail {0}
2025-09-20T21:18:30.8710500Z env:
2025-09-20T21:18:30.8710650Z   CARGO_TERM_COLOR: always
2025-09-20T21:18:30.8710810Z   RUST_BACKTRACE: full
2025-09-20T21:18:30.8710950Z   RUST_MIN_STACK: 40971520
2025-09-20T21:18:30.8711120Z   RUST_LOG: citadel=warn
2025-09-20T21:18:30.8711280Z   IN_CI: true
2025-09-20T21:18:30.8711440Z   OPENSSL_ROOT_DIR: /usr/local/opt/openssl@1.1
2025-09-20T21:18:30.8711650Z   CARGO_HOME: /Users/runner/.cargo
2025-09-20T21:18:30.8711840Z ##[endgroup]
2025-09-20T21:18:31.3082940Z info: syncing channel updates for 'stable-aarch64-apple-darwin'
2025-09-20T21:18:31.5666100Z info: latest update on 2025-09-18, rust version 1.90.0 (1159e78c4 2025-09-14)
2025-09-20T21:18:31.5893030Z info: downloading component 'clippy'
2025-09-20T21:18:31.7008500Z info: downloading component 'rustfmt'
2025-09-20T21:18:31.8088700Z info: downloading component 'cargo'
2025-09-20T21:18:31.9870240Z info: downloading component 'rust-std'
2025-09-20T21:18:32.2836750Z info: downloading component 'rustc'
2025-09-20T21:18:32.8883760Z info: removing previous version of component 'clippy'
2025-09-20T21:18:32.8906080Z info: removing previous version of component 'rustfmt'
2025-09-20T21:18:32.8927440Z info: removing previous version of component 'cargo'
2025-09-20T21:18:32.8991480Z info: removing previous version of component 'rust-std'
2025-09-20T21:18:32.9162550Z info: removing previous version of component 'rustc'
2025-09-20T21:18:32.9390490Z info: installing component 'clippy'
2025-09-20T21:18:33.2385530Z info: installing component 'rustfmt'
2025-09-20T21:18:33.4580600Z info: installing component 'cargo'
2025-09-20T21:18:33.9644640Z info: installing component 'rust-std'
2025-09-20T21:18:35.5529160Z info: installing component 'rustc'
2025-09-20T21:18:38.6573090Z 
2025-09-20T21:18:38.8058700Z   stable-aarch64-apple-darwin updated - rustc 1.90.0 (1159e78c4 2025-09-14) (from rustc 1.89.0 (29483883e 2025-08-04))
2025-09-20T21:18:38.8059230Z 
2025-09-20T21:18:38.8063230Z info: self-update is disabled for this build of rustup
2025-09-20T21:18:38.8063780Z info: any updates to rustup will need to be fetched with your system package manager
2025-09-20T21:18:38.8249940Z ##[group]Run rustup default stable
2025-09-20T21:18:38.8250390Z [36;1mrustup default stable[0m
2025-09-20T21:18:38.8288360Z shell: /bin/bash --noprofile --norc -e -o pipefail {0}
2025-09-20T21:18:38.8288570Z env:
2025-09-20T21:18:38.8288700Z   CARGO_TERM_COLOR: always
2025-09-20T21:18:38.8288950Z   RUST_BACKTRACE: full
2025-09-20T21:18:38.8289150Z   RUST_MIN_STACK: 40971520
2025-09-20T21:18:38.8289370Z   RUST_LOG: citadel=warn
2025-09-20T21:18:38.8289520Z   IN_CI: true
2025-09-20T21:18:38.8289700Z   OPENSSL_ROOT_DIR: /usr/local/opt/openssl@1.1
2025-09-20T21:18:38.8289930Z   CARGO_HOME: /Users/runner/.cargo
2025-09-20T21:18:38.8290130Z ##[endgroup]
2025-09-20T21:18:38.8881720Z info: using existing install for 'stable-aarch64-apple-darwin'
2025-09-20T21:18:38.9105280Z info: default toolchain set to 'stable-aarch64-apple-darwin'
2025-09-20T21:18:38.9105510Z 
2025-09-20T21:18:38.9191690Z   stable-aarch64-apple-darwin unchanged - rustc 1.90.0 (1159e78c4 2025-09-14)
2025-09-20T21:18:38.9205500Z 
2025-09-20T21:18:38.9226840Z ##[group]Run : create cachekey
2025-09-20T21:18:38.9227040Z [36;1m: create cachekey[0m
2025-09-20T21:18:38.9227390Z [36;1mDATE=$(rustc +stable --version --verbose | sed -ne 's/^commit-date: \(20[0-9][0-9]\)-\([01][0-9]\)-\([0-3][0-9]\)$/\1\2\3/p')[0m
2025-09-20T21:18:38.9227800Z [36;1mHASH=$(rustc +stable --version --verbose | sed -ne 's/^commit-hash: //p')[0m
2025-09-20T21:18:38.9228300Z [36;1mecho "cachekey=$(echo $DATE$HASH | head -c12)" >> $GITHUB_OUTPUT[0m
2025-09-20T21:18:38.9255920Z shell: /bin/bash --noprofile --norc -e -o pipefail {0}
2025-09-20T21:18:38.9260680Z env:
2025-09-20T21:18:38.9260890Z   CARGO_TERM_COLOR: always
2025-09-20T21:18:38.9261200Z   RUST_BACKTRACE: full
2025-09-20T21:18:38.9261430Z   RUST_MIN_STACK: 40971520
2025-09-20T21:18:38.9261680Z   RUST_LOG: citadel=warn
2025-09-20T21:18:38.9261890Z   IN_CI: true
2025-09-20T21:18:38.9262090Z   OPENSSL_ROOT_DIR: /usr/local/opt/openssl@1.1
2025-09-20T21:18:38.9262330Z   CARGO_HOME: /Users/runner/.cargo
2025-09-20T21:18:38.9262630Z ##[endgroup]
2025-09-20T21:18:38.9934640Z ##[group]Run : disable incremental compilation
2025-09-20T21:18:38.9934930Z [36;1m: disable incremental compilation[0m
2025-09-20T21:18:38.9935170Z [36;1mif [ -z "${CARGO_INCREMENTAL+set}" ]; then[0m
2025-09-20T21:18:38.9935420Z [36;1m  echo CARGO_INCREMENTAL=0 >> $GITHUB_ENV[0m
2025-09-20T21:18:38.9935610Z [36;1mfi[0m
2025-09-20T21:18:38.9968850Z shell: /bin/bash --noprofile --norc -e -o pipefail {0}
2025-09-20T21:18:38.9969140Z env:
2025-09-20T21:18:38.9969280Z   CARGO_TERM_COLOR: always
2025-09-20T21:18:38.9969490Z   RUST_BACKTRACE: full
2025-09-20T21:18:38.9969780Z   RUST_MIN_STACK: 40971520
2025-09-20T21:18:38.9970000Z   RUST_LOG: citadel=warn
2025-09-20T21:18:38.9970160Z   IN_CI: true
2025-09-20T21:18:38.9970360Z   OPENSSL_ROOT_DIR: /usr/local/opt/openssl@1.1
2025-09-20T21:18:38.9970630Z   CARGO_HOME: /Users/runner/.cargo
2025-09-20T21:18:38.9970840Z ##[endgroup]
2025-09-20T21:18:39.0210520Z ##[group]Run : enable colors in Cargo output
2025-09-20T21:18:39.0210780Z [36;1m: enable colors in Cargo output[0m
2025-09-20T21:18:39.0211010Z [36;1mif [ -z "${CARGO_TERM_COLOR+set}" ]; then[0m
2025-09-20T21:18:39.0211240Z [36;1m  echo CARGO_TERM_COLOR=always >> $GITHUB_ENV[0m
2025-09-20T21:18:39.0211560Z [36;1mfi[0m
2025-09-20T21:18:39.0247790Z shell: /bin/bash --noprofile --norc -e -o pipefail {0}
2025-09-20T21:18:39.0248030Z env:
2025-09-20T21:18:39.0248170Z   CARGO_TERM_COLOR: always
2025-09-20T21:18:39.0248340Z   RUST_BACKTRACE: full
2025-09-20T21:18:39.0248500Z   RUST_MIN_STACK: 40971520
2025-09-20T21:18:39.0248760Z   RUST_LOG: citadel=warn
2025-09-20T21:18:39.0248910Z   IN_CI: true
2025-09-20T21:18:39.0249110Z   OPENSSL_ROOT_DIR: /usr/local/opt/openssl@1.1
2025-09-20T21:18:39.0249330Z   CARGO_HOME: /Users/runner/.cargo
2025-09-20T21:18:39.0249520Z   CARGO_INCREMENTAL: 0
2025-09-20T21:18:39.0249820Z ##[endgroup]
2025-09-20T21:18:39.0489050Z ##[group]Run : enable Cargo sparse registry
2025-09-20T21:18:39.0489320Z [36;1m: enable Cargo sparse registry[0m
2025-09-20T21:18:39.0489590Z [36;1m# implemented in 1.66, stabilized in 1.68, made default in 1.70[0m
2025-09-20T21:18:39.0490130Z [36;1mif [ -z "${CARGO_REGISTRIES_CRATES_IO_PROTOCOL+set}" -o -f "/Users/runner/work/_temp"/.implicit_cargo_registries_crates_io_protocol ]; then[0m
2025-09-20T21:18:39.0491370Z [36;1m  if rustc +stable --version --verbose | grep -q '^release: 1\.6[89]\.'; then[0m
2025-09-20T21:18:39.0491840Z [36;1m    touch "/Users/runner/work/_temp"/.implicit_cargo_registries_crates_io_protocol || true[0m
2025-09-20T21:18:39.0492320Z [36;1m    echo CARGO_REGISTRIES_CRATES_IO_PROTOCOL=sparse >> $GITHUB_ENV[0m
2025-09-20T21:18:39.0492960Z [36;1m  elif rustc +stable --version --verbose | grep -q '^release: 1\.6[67]\.'; then[0m
2025-09-20T21:18:39.0493400Z [36;1m    touch "/Users/runner/work/_temp"/.implicit_cargo_registries_crates_io_protocol || true[0m
2025-09-20T21:18:39.0493780Z [36;1m    echo CARGO_REGISTRIES_CRATES_IO_PROTOCOL=git >> $GITHUB_ENV[0m
2025-09-20T21:18:39.0494020Z [36;1m  fi[0m
2025-09-20T21:18:39.0494150Z [36;1mfi[0m
2025-09-20T21:18:39.0527660Z shell: /bin/bash --noprofile --norc -e -o pipefail {0}
2025-09-20T21:18:39.0527950Z env:
2025-09-20T21:18:39.0528110Z   CARGO_TERM_COLOR: always
2025-09-20T21:18:39.0528280Z   RUST_BACKTRACE: full
2025-09-20T21:18:39.0540920Z   RUST_MIN_STACK: 40971520
2025-09-20T21:18:39.0541120Z   RUST_LOG: citadel=warn
2025-09-20T21:18:39.0541270Z   IN_CI: true
2025-09-20T21:18:39.0541420Z   OPENSSL_ROOT_DIR: /usr/local/opt/openssl@1.1
2025-09-20T21:18:39.0541630Z   CARGO_HOME: /Users/runner/.cargo
2025-09-20T21:18:39.0542210Z   CARGO_INCREMENTAL: 0
2025-09-20T21:18:39.0542360Z ##[endgroup]
2025-09-20T21:18:39.1121310Z ##[group]Run : work around spurious network errors in curl 8.0
2025-09-20T21:18:39.1121650Z [36;1m: work around spurious network errors in curl 8.0[0m
2025-09-20T21:18:39.1122070Z [36;1m# https://rust-lang.zulipchat.com/#narrow/stream/246057-t-cargo/topic/timeout.20investigation[0m
2025-09-20T21:18:39.1122640Z [36;1mif rustc +stable --version --verbose | grep -q '^release: 1\.7[01]\.'; then[0m
2025-09-20T21:18:39.1122980Z [36;1m  echo CARGO_HTTP_MULTIPLEXING=false >> $GITHUB_ENV[0m
2025-09-20T21:18:39.1123200Z [36;1mfi[0m
2025-09-20T21:18:39.1155130Z shell: /bin/bash --noprofile --norc -e -o pipefail {0}
2025-09-20T21:18:39.1155390Z env:
2025-09-20T21:18:39.1155530Z   CARGO_TERM_COLOR: always
2025-09-20T21:18:39.1155690Z   RUST_BACKTRACE: full
2025-09-20T21:18:39.1155840Z   RUST_MIN_STACK: 40971520
2025-09-20T21:18:39.1156020Z   RUST_LOG: citadel=warn
2025-09-20T21:18:39.1156210Z   IN_CI: true
2025-09-20T21:18:39.1156390Z   OPENSSL_ROOT_DIR: /usr/local/opt/openssl@1.1
2025-09-20T21:18:39.1156650Z   CARGO_HOME: /Users/runner/.cargo
2025-09-20T21:18:39.1156830Z   CARGO_INCREMENTAL: 0
2025-09-20T21:18:39.1156970Z ##[endgroup]
2025-09-20T21:18:39.1557900Z ##[group]Run rustc +stable --version --verbose
2025-09-20T21:18:39.1558170Z [36;1mrustc +stable --version --verbose[0m
2025-09-20T21:18:39.1588510Z shell: /bin/bash --noprofile --norc -e -o pipefail {0}
2025-09-20T21:18:39.1588740Z env:
2025-09-20T21:18:39.1588880Z   CARGO_TERM_COLOR: always
2025-09-20T21:18:39.1589050Z   RUST_BACKTRACE: full
2025-09-20T21:18:39.1589200Z   RUST_MIN_STACK: 40971520
2025-09-20T21:18:39.1589360Z   RUST_LOG: citadel=warn
2025-09-20T21:18:39.1589510Z   IN_CI: true
2025-09-20T21:18:39.1589670Z   OPENSSL_ROOT_DIR: /usr/local/opt/openssl@1.1
2025-09-20T21:18:39.1589900Z   CARGO_HOME: /Users/runner/.cargo
2025-09-20T21:18:39.1590080Z   CARGO_INCREMENTAL: 0
2025-09-20T21:18:39.1590270Z ##[endgroup]
2025-09-20T21:18:39.1949760Z rustc 1.90.0 (1159e78c4 2025-09-14)
2025-09-20T21:18:39.1950080Z binary: rustc
2025-09-20T21:18:39.1950320Z commit-hash: 1159e78c4747b02ef996e55082b704c09b970588
2025-09-20T21:18:39.1950540Z commit-date: 2025-09-14
2025-09-20T21:18:39.1950690Z host: aarch64-apple-darwin
2025-09-20T21:18:39.1950860Z release: 1.90.0
2025-09-20T21:18:39.1953160Z LLVM version: 20.1.8
2025-09-20T21:18:39.2004310Z ##[group]Run actions-rs/cargo@v1
2025-09-20T21:18:39.2004490Z with:
2025-09-20T21:18:39.2004600Z   command: install
2025-09-20T21:18:39.2004740Z   args: --force cargo-make
2025-09-20T21:18:39.2004900Z   use-cross: false
2025-09-20T21:18:39.2005030Z env:
2025-09-20T21:18:39.2005150Z   CARGO_TERM_COLOR: always
2025-09-20T21:18:39.2005330Z   RUST_BACKTRACE: full
2025-09-20T21:18:39.2005500Z   RUST_MIN_STACK: 40971520
2025-09-20T21:18:39.2005650Z   RUST_LOG: citadel=warn
2025-09-20T21:18:39.2005790Z   IN_CI: true
2025-09-20T21:18:39.2005950Z   OPENSSL_ROOT_DIR: /usr/local/opt/openssl@1.1
2025-09-20T21:18:39.2006220Z   CARGO_HOME: /Users/runner/.cargo
2025-09-20T21:18:39.2006390Z   CARGO_INCREMENTAL: 0
2025-09-20T21:18:39.2006730Z ##[endgroup]
2025-09-20T21:18:39.2712820Z [command]/Users/runner/.cargo/bin/cargo install --force cargo-make
2025-09-20T21:18:39.3740670Z [1m[32m    Updating[0m crates.io index
2025-09-20T21:18:39.4664840Z [1m[32m Downloading[0m crates ...
2025-09-20T21:18:39.5822010Z [1m[32m  Downloaded[0m cargo-make v0.37.24
2025-09-20T21:18:39.7767370Z [1m[32m  Installing[0m cargo-make v0.37.24
2025-09-20T21:18:39.8246810Z [1m[32m    Updating[0m crates.io index
2025-09-20T21:18:40.6598380Z [1m[32m     Locking[0m 234 packages to latest compatible versions
2025-09-20T21:18:40.6612210Z [1m[36m      Adding[0m cargo_metadata v0.19.2 [1m[33m(available: v0.22.0)[0m
2025-09-20T21:18:40.6671570Z [1m[36m      Adding[0m petgraph v0.7.1 [1m[33m(available: v0.8.2)[0m
2025-09-20T21:18:40.6715390Z [1m[36m      Adding[0m strum_macros v0.26.4 [1m[33m(available: v0.27.2)[0m
2025-09-20T21:18:40.6804240Z [1m[36m      Adding[0m toml v0.8.23 [1m[33m(available: v0.9.7)[0m
2025-09-20T21:18:40.6804880Z [1m[32m Downloading[0m crates ...
2025-09-20T21:18:40.7807640Z [1m[32m  Downloaded[0m block-buffer v0.10.4
2025-09-20T21:18:40.7845560Z [1m[32m  Downloaded[0m attohttpc v0.28.5
2025-09-20T21:18:40.8259850Z [1m[32m  Downloaded[0m webpki-roots v0.26.11
2025-09-20T21:18:40.8394680Z [1m[32m  Downloaded[0m cfg_aliases v0.2.1
2025-09-20T21:18:40.8510060Z [1m[32m  Downloaded[0m zerocopy v0.8.27
2025-09-20T21:18:41.0662290Z [1m[32m  Downloaded[0m num-traits v0.2.19
2025-09-20T21:18:41.1092610Z [1m[32m  Downloaded[0m serde v1.0.225
2025-09-20T21:18:41.1305530Z [1m[32m  Downloaded[0m zeroize v1.8.1
2025-09-20T21:18:41.1408100Z [1m[32m  Downloaded[0m zerofrom v0.1.6
2025-09-20T21:18:41.1519120Z [1m[32m  Downloaded[0m zerovec-derive v0.11.1
2025-09-20T21:18:41.1543070Z [1m[32m  Downloaded[0m yoke v0.8.0
2025-09-20T21:18:41.2527950Z [1m[32m  Downloaded[0m zopfli v0.8.2
2025-09-20T21:18:41.2629600Z [1m[32m  Downloaded[0m vte v0.14.1
2025-09-20T21:18:41.2735590Z [1m[32m  Downloaded[0m rustls-webpki v0.103.6
2025-09-20T21:18:41.2843930Z [1m[32m  Downloaded[0m zip v2.4.2
2025-09-20T21:18:41.2861250Z [1m[32m  Downloaded[0m time v0.3.44
2025-09-20T21:18:41.3090440Z [1m[32m  Downloaded[0m aho-corasick v1.1.3
2025-09-20T21:18:41.3472840Z [1m[32m  Downloaded[0m winnow v0.7.13
2025-09-20T21:18:41.3698140Z [1m[32m  Downloaded[0m regex-syntax v0.8.6
2025-09-20T21:18:41.3818490Z [1m[32m  Downloaded[0m chrono v0.4.42
2025-09-20T21:18:41.3920830Z [1m[32m  Downloaded[0m zerovec v0.11.4
2025-09-20T21:18:41.4416670Z [1m[32m  Downloaded[0m syn v2.0.106
2025-09-20T21:18:41.4626310Z [1m[32m  Downloaded[0m rustix v0.38.44
2025-09-20T21:18:41.5522510Z [1m[32m  Downloaded[0m nix v0.30.1
2025-09-20T21:18:41.6102530Z [1m[32m  Downloaded[0m lenient_semver v0.4.2
2025-09-20T21:18:41.6239390Z [1m[32m  Downloaded[0m rustls v0.23.32
2025-09-20T21:18:41.6441040Z [1m[32m  Downloaded[0m fern v0.7.1
2025-09-20T21:18:41.6542370Z [1m[32m  Downloaded[0m webpki-roots v1.0.2
2025-09-20T21:18:41.6830470Z [1m[32m  Downloaded[0m rand v0.9.2
2025-09-20T21:18:41.6931980Z [1m[32m  Downloaded[0m rand v0.8.5
2025-09-20T21:18:41.7033700Z [1m[32m  Downloaded[0m idna v1.1.0
2025-09-20T21:18:41.7087720Z [1m[32m  Downloaded[0m icu_properties_data v2.0.1
2025-09-20T21:18:41.7899070Z [1m[32m  Downloaded[0m hashbrown v0.16.0
2025-09-20T21:18:41.8274010Z [1m[32m  Downloaded[0m toml_edit v0.22.27
2025-09-20T21:18:41.8354870Z [1m[32m  Downloaded[0m suppaftp v6.3.0
2025-09-20T21:18:41.8411250Z [1m[32m  Downloaded[0m duckscriptsdk v0.11.1
2025-09-20T21:18:42.0164080Z [1m[32m  Downloaded[0m zerotrie v0.2.2
2025-09-20T21:18:42.0236340Z [1m[32m  Downloaded[0m url v2.5.7
2025-09-20T21:18:42.0286890Z [1m[32m  Downloaded[0m rustls-pki-types v1.12.0
2025-09-20T21:18:42.0381570Z [1m[32m  Downloaded[0m bzip2-sys v0.1.13+1.0.8
2025-09-20T21:18:42.0827200Z [1m[32m  Downloaded[0m quote v1.0.40
2025-09-20T21:18:42.0882700Z [1m[32m  Downloaded[0m proc-macro2 v1.0.101
2025-09-20T21:18:42.0943880Z [1m[32m  Downloaded[0m memchr v2.7.5
2025-09-20T21:18:42.1043590Z [1m[32m  Downloaded[0m http v1.3.1
2025-09-20T21:18:42.1110980Z [1m[32m  Downloaded[0m hashbrown v0.12.3
2025-09-20T21:18:42.1174340Z [1m[32m  Downloaded[0m cc v1.2.38
2025-09-20T21:18:42.1231670Z [1m[32m  Downloaded[0m bytes v1.10.1
2025-09-20T21:18:42.1587880Z [1m[32m  Downloaded[0m unicode-ident v1.0.19
2025-09-20T21:18:42.1636220Z [1m[32m  Downloaded[0m libc v0.2.175
2025-09-20T21:18:42.2395580Z [1m[32m  Downloaded[0m uname v0.1.1
2025-09-20T21:18:42.2412990Z [1m[32m  Downloaded[0m ci_info v0.14.14
2025-09-20T21:18:42.2637340Z [1m[32m  Downloaded[0m thiserror v2.0.16
2025-09-20T21:18:42.3107040Z [1m[32m  Downloaded[0m miniz_oxide v0.8.9
2025-09-20T21:18:42.3386650Z [1m[32m  Downloaded[0m indexmap v2.11.4
2025-09-20T21:18:42.3475570Z [1m[32m  Downloaded[0m icu_normalizer_data v2.0.0
2025-09-20T21:18:42.3512750Z [1m[32m  Downloaded[0m base64 v0.22.1
2025-09-20T21:18:42.3579550Z [1m[32m  Downloaded[0m zerofrom-derive v0.1.6
2025-09-20T21:18:42.3599080Z [1m[32m  Downloaded[0m writeable v0.6.1
2025-09-20T21:18:42.3636650Z [1m[32m  Downloaded[0m which v6.0.3
2025-09-20T21:18:42.3663100Z [1m[32m  Downloaded[0m walkdir v2.5.0
2025-09-20T21:18:42.3702010Z [1m[32m  Downloaded[0m version_check v0.9.5
2025-09-20T21:18:42.3737810Z [1m[32m  Downloaded[0m untrusted v0.9.0
2025-09-20T21:18:42.4077010Z [1m[32m  Downloaded[0m toml_datetime v0.6.11
2025-09-20T21:18:42.4092800Z [1m[32m  Downloaded[0m tinystr v0.8.1
2025-09-20T21:18:42.4123860Z [1m[32m  Downloaded[0m time-core v0.1.6
2025-09-20T21:18:42.4142200Z [1m[32m  Downloaded[0m git_info v0.1.3
2025-09-20T21:18:42.4294110Z [1m[32m  Downloaded[0m synstructure v0.13.2
2025-09-20T21:18:42.4313140Z [1m[32m  Downloaded[0m strum_macros v0.26.4
2025-09-20T21:18:42.4364780Z [1m[32m  Downloaded[0m shell2batch v0.4.5
2025-09-20T21:18:42.4509910Z [1m[32m  Downloaded[0m cliparser v0.1.2
2025-09-20T21:18:42.4981550Z [1m[32m  Downloaded[0m envmnt v0.10.4
2025-09-20T21:18:42.5585260Z [1m[32m  Downloaded[0m simd-adler32 v0.3.7
2025-09-20T21:18:42.5616100Z [1m[32m  Downloaded[0m shlex v1.3.0
2025-09-20T21:18:42.5634900Z [1m[32m  Downloaded[0m sha2 v0.10.9
2025-09-20T21:18:42.5686820Z [1m[32m  Downloaded[0m same-file v1.0.6
2025-09-20T21:18:42.5708280Z [1m[32m  Downloaded[0m rand_chacha v0.3.1
2025-09-20T21:18:42.5724630Z [1m[32m  Downloaded[0m indexmap v1.9.3
2025-09-20T21:18:42.5773990Z [1m[32m  Downloaded[0m ignore v0.4.23
2025-09-20T21:18:42.5809340Z [1m[32m  Downloaded[0m icu_collections v2.0.0
2025-09-20T21:18:42.5927980Z [1m[32m  Downloaded[0m encoding_rs v0.8.35
2025-09-20T21:18:42.6219170Z [1m[32m  Downloaded[0m flate2 v1.1.2
2025-09-20T21:18:42.6305980Z [1m[32m  Downloaded[0m evalexpr v11.3.1
2025-09-20T21:18:42.6369990Z [1m[32m  Downloaded[0m crossbeam-utils v0.8.21
2025-09-20T21:18:42.6419130Z [1m[32m  Downloaded[0m crossbeam-epoch v0.9.18
2025-09-20T21:18:42.6457760Z [1m[32m  Downloaded[0m yoke-derive v0.8.0
2025-09-20T21:18:42.6470350Z [1m[32m  Downloaded[0m whoami v1.6.1
2025-09-20T21:18:42.6504410Z [1m[32m  Downloaded[0m toml v0.8.23
2025-09-20T21:18:42.6543670Z [1m[32m  Downloaded[0m thiserror-impl v2.0.16
2025-09-20T21:18:42.6569350Z [1m[32m  Downloaded[0m subtle v2.6.1
2025-09-20T21:18:42.6588920Z [1m[32m  Downloaded[0m strip-ansi-escapes v0.2.1
2025-09-20T21:18:42.6610630Z [1m[32m  Downloaded[0m stable_deref_trait v1.2.0
2025-09-20T21:18:42.6623720Z [1m[32m  Downloaded[0m ring v0.17.14
2025-09-20T21:18:42.7700060Z [1m[32m  Downloaded[0m smallvec v1.15.1
2025-09-20T21:18:42.7810050Z [1m[32m  Downloaded[0m serde_json v1.0.145
2025-09-20T21:18:42.7911270Z [1m[32m  Downloaded[0m regex v1.11.2
2025-09-20T21:18:42.8078130Z [1m[32m  Downloaded[0m rand_core v0.9.3
2025-09-20T21:18:42.8095610Z [1m[32m  Downloaded[0m rand_core v0.6.4
2025-09-20T21:18:42.8096300Z [1m[32m  Downloaded[0m rand_chacha v0.9.0
2025-09-20T21:18:42.8099080Z [1m[32m  Downloaded[0m powerfmt v0.2.0
2025-09-20T21:18:42.8218990Z [1m[32m  Downloaded[0m potential_utf v0.1.3
2025-09-20T21:18:42.8383870Z [1m[32m  Downloaded[0m pkg-config v0.3.32
2025-09-20T21:18:42.8403770Z [1m[32m  Downloaded[0m petgraph v0.7.1
2025-09-20T21:18:42.8684880Z [1m[32m  Downloaded[0m icu_provider v2.0.0
2025-09-20T21:18:42.8745150Z [1m[32m  Downloaded[0m icu_normalizer v2.0.0
2025-09-20T21:18:42.8785930Z [1m[32m  Downloaded[0m getrandom v0.3.3
2025-09-20T21:18:42.9074150Z [1m[32m  Downloaded[0m displaydoc v0.2.5
2025-09-20T21:18:42.9196030Z [1m[32m  Downloaded[0m core-foundation-sys v0.8.7
2025-09-20T21:18:42.9252870Z [1m[32m  Downloaded[0m camino v1.2.0
2025-09-20T21:18:42.9282530Z [1m[32m  Downloaded[0m bzip2 v0.5.2
2025-09-20T21:18:42.9322280Z [1m[32m  Downloaded[0m bitflags v2.9.4
2025-09-20T21:18:42.9400810Z [1m[32m  Downloaded[0m utf8_iter v1.0.4
2025-09-20T21:18:42.9408000Z [1m[32m  Downloaded[0m toml_write v0.1.2
2025-09-20T21:18:42.9476520Z [1m[32m  Downloaded[0m serde_spanned v0.6.9
2025-09-20T21:18:42.9477140Z [1m[32m  Downloaded[0m serde_ignored v0.1.14
2025-09-20T21:18:42.9478080Z [1m[32m  Downloaded[0m serde_derive v1.0.225
2025-09-20T21:18:42.9802940Z [1m[32m  Downloaded[0m serde_core v1.0.225
2025-09-20T21:18:42.9848540Z [1m[32m  Downloaded[0m ryu v1.0.20
2025-09-20T21:18:42.9905070Z [1m[32m  Downloaded[0m rust_info v0.3.3
2025-09-20T21:18:43.0067960Z [1m[32m  Downloaded[0m litemap v0.8.0
2025-09-20T21:18:43.0099730Z [1m[32m  Downloaded[0m idna_adapter v1.2.1
2025-09-20T21:18:43.0114580Z [1m[32m  Downloaded[0m iana-time-zone v0.1.64
2025-09-20T21:18:43.0164110Z [1m[32m  Downloaded[0m globset v0.4.16
2025-09-20T21:18:43.0245330Z [1m[32m  Downloaded[0m generic-array v0.14.7
2025-09-20T21:18:43.0245850Z [1m[32m  Downloaded[0m futures-io v0.3.31
2025-09-20T21:18:43.0246220Z [1m[32m  Downloaded[0m fsio v0.4.1
2025-09-20T21:18:43.0264960Z [1m[32m  Downloaded[0m fixedbitset v0.5.7
2025-09-20T21:18:43.0291720Z [1m[32m  Downloaded[0m duckscript v0.10.0
2025-09-20T21:18:43.0336060Z [1m[32m  Downloaded[0m dispatch v0.2.0
2025-09-20T21:18:43.0353100Z [1m[32m  Downloaded[0m dirs-sys-next v0.1.2
2025-09-20T21:18:43.0366550Z [1m[32m  Downloaded[0m dirs-next v2.0.0
2025-09-20T21:18:43.0386510Z [1m[32m  Downloaded[0m digest v0.10.7
2025-09-20T21:18:43.0412210Z [1m[32m  Downloaded[0m deranged v0.5.3
2025-09-20T21:18:43.0447260Z [1m[32m  Downloaded[0m crypto-common v0.1.6
2025-09-20T21:18:43.0451660Z [1m[32m  Downloaded[0m crossbeam-deque v0.8.6
2025-09-20T21:18:43.0471890Z [1m[32m  Downloaded[0m cpufeatures v0.2.17
2025-09-20T21:18:43.0493900Z [1m[32m  Downloaded[0m colored v2.2.0
2025-09-20T21:18:43.0542230Z [1m[32m  Downloaded[0m cfg-if v1.0.3
2025-09-20T21:18:43.0562150Z [1m[32m  Downloaded[0m cargo_metadata v0.19.2
2025-09-20T21:18:43.0596720Z [1m[32m  Downloaded[0m bstr v1.12.0
2025-09-20T21:18:43.0723430Z [1m[32m  Downloaded[0m autocfg v1.5.0
2025-09-20T21:18:43.0762540Z [1m[32m  Downloaded[0m semver v1.0.27
2025-09-20T21:18:43.0795580Z [1m[32m  Downloaded[0m run_script v0.11.0
2025-09-20T21:18:43.0822750Z [1m[32m  Downloaded[0m regex-automata v0.4.10
2025-09-20T21:18:43.1458600Z [1m[32m  Downloaded[0m ppv-lite86 v0.2.21
2025-09-20T21:18:43.1486230Z [1m[32m  Downloaded[0m percent-encoding v2.3.2
2025-09-20T21:18:43.1493650Z [1m[32m  Downloaded[0m parking v2.2.1
2025-09-20T21:18:43.1508880Z [1m[32m  Downloaded[0m once_cell v1.21.3
2025-09-20T21:18:43.1547660Z [1m[32m  Downloaded[0m num_cpus v1.17.0
2025-09-20T21:18:43.1596310Z [1m[32m  Downloaded[0m lenient_semver_parser v0.4.2
2025-09-20T21:18:43.1607030Z [1m[32m  Downloaded[0m lazy_static v1.5.0
2025-09-20T21:18:43.1639200Z [1m[32m  Downloaded[0m java-properties v2.0.0
2025-09-20T21:18:43.1651400Z [1m[32m  Downloaded[0m itoa v1.0.15
2025-09-20T21:18:43.1676840Z [1m[32m  Downloaded[0m home v0.5.11
2025-09-20T21:18:43.1693270Z [1m[32m  Downloaded[0m hex v0.4.3
2025-09-20T21:18:43.1957780Z [1m[32m  Downloaded[0m heck v0.5.0
2025-09-20T21:18:43.2031890Z [1m[32m  Downloaded[0m glob v0.3.3
2025-09-20T21:18:43.2082070Z [1m[32m  Downloaded[0m futures-core v0.3.31
2025-09-20T21:18:43.2082910Z [1m[32m  Downloaded[0m fs_extra v1.3.0
2025-09-20T21:18:43.2099500Z [1m[32m  Downloaded[0m fnv v1.0.7
2025-09-20T21:18:43.2112000Z [1m[32m  Downloaded[0m fastrand v2.3.0
2025-09-20T21:18:43.2130150Z [1m[32m  Downloaded[0m errno v0.3.14
2025-09-20T21:18:43.2220430Z [1m[32m  Downloaded[0m equivalent v1.0.2
2025-09-20T21:18:43.2229100Z [1m[32m  Downloaded[0m ctrlc v3.5.0
2025-09-20T21:18:43.2229570Z [1m[32m  Downloaded[0m cargo-platform v0.1.9
2025-09-20T21:18:43.2231130Z [1m[32m  Downloaded[0m bumpalo v3.19.0
2025-09-20T21:18:43.2274560Z [1m[32m  Downloaded[0m num-conv v0.1.0
2025-09-20T21:18:43.2285430Z [1m[32m  Downloaded[0m log v0.4.28
2025-09-20T21:18:43.2322270Z [1m[32m  Downloaded[0m lazy-regex-proc_macros v3.4.1
2025-09-20T21:18:43.2330700Z [1m[32m  Downloaded[0m itertools v0.14.0
2025-09-20T21:18:43.2771760Z [1m[32m  Downloaded[0m icu_properties v2.0.1
2025-09-20T21:18:43.2805210Z [1m[32m  Downloaded[0m icu_locale_core v2.0.0
2025-09-20T21:18:43.2931350Z [1m[32m  Downloaded[0m getrandom v0.2.16
2025-09-20T21:18:43.2975570Z [1m[32m  Downloaded[0m futures-lite v2.6.1
2025-09-20T21:18:43.2999240Z [1m[32m  Downloaded[0m crc32fast v1.5.0
2025-09-20T21:18:43.3023860Z [1m[32m  Downloaded[0m adler2 v2.0.1
2025-09-20T21:18:43.3315260Z [1m[32m  Downloaded[0m typenum v1.18.0
2025-09-20T21:18:43.3367390Z [1m[32m  Downloaded[0m rustversion v1.0.22
2025-09-20T21:18:43.3420790Z [1m[32m  Downloaded[0m pin-project-lite v0.2.16
2025-09-20T21:18:43.3516770Z [1m[32m  Downloaded[0m lenient_semver_version_builder v0.4.2
2025-09-20T21:18:43.3524610Z [1m[32m  Downloaded[0m lazy-regex v3.4.1
2025-09-20T21:18:43.3541690Z [1m[32m  Downloaded[0m form_urlencoded v1.2.2
2025-09-20T21:18:43.3555180Z [1m[32m  Downloaded[0m find-msvc-tools v0.1.2
2025-09-20T21:18:43.3615620Z [1m[32m  Downloaded[0m either v1.15.0
2025-09-20T21:18:43.3615990Z [1m[32m  Downloaded[0m colored v3.0.0
2025-09-20T21:18:43.4530480Z [1m[32m   Compiling[0m proc-macro2 v1.0.101
2025-09-20T21:18:43.4530780Z [1m[32m   Compiling[0m unicode-ident v1.0.19
2025-09-20T21:18:43.4531120Z [1m[32m   Compiling[0m libc v0.2.175
2025-09-20T21:18:43.7777740Z [1m[32m   Compiling[0m cfg-if v1.0.3
2025-09-20T21:18:43.8151610Z [1m[32m   Compiling[0m serde_core v1.0.225
2025-09-20T21:18:46.5407830Z [1m[32m   Compiling[0m quote v1.0.40
2025-09-20T21:18:46.6774040Z [1m[32m   Compiling[0m syn v2.0.106
2025-09-20T21:18:46.8700160Z [1m[32m   Compiling[0m memchr v2.7.5
2025-09-20T21:18:47.3479490Z [1m[32m   Compiling[0m stable_deref_trait v1.2.0
2025-09-20T21:18:47.3819000Z [1m[32m   Compiling[0m shlex v1.3.0
2025-09-20T21:18:47.4693380Z [1m[32m   Compiling[0m find-msvc-tools v0.1.2
2025-09-20T21:18:47.5696920Z [1m[32m   Compiling[0m cc v1.2.38
2025-09-20T21:18:48.2187540Z [1m[32m   Compiling[0m zerocopy v0.8.27
2025-09-20T21:18:48.6060530Z [1m[32m   Compiling[0m autocfg v1.5.0
2025-09-20T21:18:48.7934570Z [1m[32m   Compiling[0m serde v1.0.225
2025-09-20T21:18:48.9338460Z [1m[32m   Compiling[0m getrandom v0.3.3
2025-09-20T21:18:49.1764040Z [1m[32m   Compiling[0m aho-corasick v1.1.3
2025-09-20T21:18:49.6583040Z [1m[32m   Compiling[0m synstructure v0.13.2
2025-09-20T21:18:50.0254600Z [1m[32m   Compiling[0m ppv-lite86 v0.2.21
2025-09-20T21:18:50.1506500Z [1m[32m   Compiling[0m regex-syntax v0.8.6
2025-09-20T21:18:50.6462060Z [1m[32m   Compiling[0m zerofrom-derive v0.1.6
2025-09-20T21:18:51.0674530Z [1m[32m   Compiling[0m yoke-derive v0.8.0
2025-09-20T21:18:51.4190060Z [1m[32m   Compiling[0m zerofrom v0.1.6
2025-09-20T21:18:51.4798910Z [1m[32m   Compiling[0m zerovec-derive v0.11.1
2025-09-20T21:18:51.6626040Z [1m[32m   Compiling[0m yoke v0.8.0
2025-09-20T21:18:51.7553330Z [1m[32m   Compiling[0m displaydoc v0.2.5
2025-09-20T21:18:52.0904690Z [1m[32m   Compiling[0m serde_derive v1.0.225
2025-09-20T21:18:52.1054550Z [1m[32m   Compiling[0m zerovec v0.11.4
2025-09-20T21:18:52.6894410Z [1m[32m   Compiling[0m tinystr v0.8.1
2025-09-20T21:18:52.7780440Z [1m[32m   Compiling[0m writeable v0.6.1
2025-09-20T21:18:52.9461660Z [1m[32m   Compiling[0m litemap v0.8.0
2025-09-20T21:18:53.0527070Z [1m[32m   Compiling[0m icu_locale_core v2.0.0
2025-09-20T21:18:53.2371250Z [1m[32m   Compiling[0m potential_utf v0.1.3
2025-09-20T21:18:53.2926820Z [1m[32m   Compiling[0m zerotrie v0.2.2
2025-09-20T21:18:53.4750700Z [1m[32m   Compiling[0m regex-automata v0.4.10
2025-09-20T21:18:54.0465990Z [1m[32m   Compiling[0m rand_core v0.9.3
2025-09-20T21:18:54.1122380Z [1m[32m   Compiling[0m getrandom v0.2.16
2025-09-20T21:18:54.1520520Z [1m[32m   Compiling[0m version_check v0.9.5
2025-09-20T21:18:54.1826900Z [1m[32m   Compiling[0m log v0.4.28
2025-09-20T21:18:54.2786460Z [1m[32m   Compiling[0m icu_normalizer_data v2.0.0
2025-09-20T21:18:54.2816040Z [1m[32m   Compiling[0m typenum v1.18.0
2025-09-20T21:18:54.3848930Z [1m[32m   Compiling[0m icu_properties_data v2.0.1
2025-09-20T21:18:54.4939350Z [1m[32m   Compiling[0m generic-array v0.14.7
2025-09-20T21:18:54.4942540Z [1m[32m   Compiling[0m rand_chacha v0.9.0
2025-09-20T21:18:54.5779980Z [1m[32m   Compiling[0m icu_provider v2.0.0
2025-09-20T21:18:54.7388790Z [1m[32m   Compiling[0m icu_collections v2.0.0
2025-09-20T21:18:55.0109590Z [1m[32m   Compiling[0m ring v0.17.14
2025-09-20T21:18:55.2421610Z [1m[32m   Compiling[0m zeroize v1.8.1
2025-09-20T21:18:55.3029260Z [1m[32m   Compiling[0m crc32fast v1.5.0
2025-09-20T21:18:55.4340700Z [1m[32m   Compiling[0m rustls-pki-types v1.12.0
2025-09-20T21:18:56.1971000Z [1m[32m   Compiling[0m rand v0.9.2
2025-09-20T21:18:56.9949670Z [1m[32m   Compiling[0m hashbrown v0.16.0
2025-09-20T21:18:57.3354580Z [1m[32m   Compiling[0m crossbeam-utils v0.8.21
2025-09-20T21:18:57.4510300Z [1m[32m   Compiling[0m equivalent v1.0.2
2025-09-20T21:18:57.4753910Z [1m[32m   Compiling[0m smallvec v1.15.1
2025-09-20T21:18:57.5797940Z [1m[32m   Compiling[0m thiserror v2.0.16
2025-09-20T21:18:57.8515040Z [1m[32m   Compiling[0m pkg-config v0.3.32
2025-09-20T21:18:58.0952270Z [1m[32m   Compiling[0m bzip2-sys v0.1.13+1.0.8
2025-09-20T21:18:58.2434360Z [1m[32m   Compiling[0m icu_normalizer v2.0.0
2025-09-20T21:18:59.1418650Z [1m[32m   Compiling[0m indexmap v2.11.4
2025-09-20T21:18:59.9341290Z [1m[32m   Compiling[0m icu_properties v2.0.1
2025-09-20T21:19:00.8997840Z [1m[32m   Compiling[0m fsio v0.4.1
2025-09-20T21:19:01.2400290Z [1m[32m   Compiling[0m regex v1.11.2
2025-09-20T21:19:01.4017170Z [1m[32m   Compiling[0m thiserror-impl v2.0.16
2025-09-20T21:19:01.5688700Z [1m[32m   Compiling[0m num-traits v0.2.19
2025-09-20T21:19:01.6934880Z [1m[32m   Compiling[0m semver v1.0.27
2025-09-20T21:19:01.9767440Z [1m[32m   Compiling[0m once_cell v1.21.3
2025-09-20T21:19:02.0770380Z [1m[32m   Compiling[0m untrusted v0.9.0
2025-09-20T21:19:02.1286950Z [1m[32m   Compiling[0m itoa v1.0.15
2025-09-20T21:19:02.1905880Z [1m[32m   Compiling[0m bitflags v2.9.4
2025-09-20T21:19:02.3586580Z [1m[32m   Compiling[0m adler2 v2.0.1
2025-09-20T21:19:02.4430510Z [1m[32m   Compiling[0m miniz_oxide v0.8.9
2025-09-20T21:19:02.8640620Z [1m[32m   Compiling[0m idna_adapter v1.2.1
2025-09-20T21:19:03.3599900Z [1m[32m   Compiling[0m indexmap v1.9.3
2025-09-20T21:19:03.4309180Z [1m[32m   Compiling[0m rustix v0.38.44
2025-09-20T21:19:03.5307170Z [1m[32m   Compiling[0m cfg_aliases v0.2.1
2025-09-20T21:19:03.5715360Z [1m[32m   Compiling[0m core-foundation-sys v0.8.7
2025-09-20T21:19:03.6332480Z [1m[32m   Compiling[0m powerfmt v0.2.0
2025-09-20T21:19:03.7035770Z [1m[32m   Compiling[0m rustls v0.23.32
2025-09-20T21:19:03.7551230Z [1m[32m   Compiling[0m utf8_iter v1.0.4
2025-09-20T21:19:03.8481350Z [1m[32m   Compiling[0m percent-encoding v2.3.2
2025-09-20T21:19:03.8814460Z [1m[32m   Compiling[0m serde_json v1.0.145
2025-09-20T21:19:04.0053980Z [1m[32m   Compiling[0m form_urlencoded v1.2.2
2025-09-20T21:19:04.0167460Z [1m[32m   Compiling[0m idna v1.1.0
2025-09-20T21:19:04.1203340Z [1m[32m   Compiling[0m rustls-webpki v0.103.6
2025-09-20T21:19:05.4286250Z [1m[32m   Compiling[0m deranged v0.5.3
2025-09-20T21:19:05.4395320Z [1m[32m   Compiling[0m iana-time-zone v0.1.64
2025-09-20T21:19:05.5720750Z [1m[32m   Compiling[0m nix v0.30.1
2025-09-20T21:19:05.8866330Z [1m[32m   Compiling[0m crossbeam-epoch v0.9.18
2025-09-20T21:19:06.1122070Z [1m[32m   Compiling[0m lazy-regex-proc_macros v3.4.1
2025-09-20T21:19:06.5752090Z [1m[32m   Compiling[0m flate2 v1.1.2
2025-09-20T21:19:06.6959390Z [1m[32m   Compiling[0m crypto-common v0.1.6
2025-09-20T21:19:06.7461580Z [1m[32m   Compiling[0m block-buffer v0.10.4
2025-09-20T21:19:06.8165230Z [1m[32m   Compiling[0m webpki-roots v1.0.2
2025-09-20T21:19:06.8727710Z [1m[32m   Compiling[0m rand_core v0.6.4
2025-09-20T21:19:06.9808870Z [1m[32m   Compiling[0m bstr v1.12.0
2025-09-20T21:19:07.0514330Z [1m[32m   Compiling[0m errno v0.3.14
2025-09-20T21:19:07.1155390Z [1m[32m   Compiling[0m pin-project-lite v0.2.16
2025-09-20T21:19:07.1459560Z [1m[32m   Compiling[0m camino v1.2.0
2025-09-20T21:19:07.3488040Z [1m[32m   Compiling[0m fastrand v2.3.0
2025-09-20T21:19:07.3602890Z [1m[32m   Compiling[0m fnv v1.0.7
2025-09-20T21:19:07.4015740Z [1m[32m   Compiling[0m lazy_static v1.5.0
2025-09-20T21:19:07.4317650Z [1m[32m   Compiling[0m time-core v0.1.6
2025-09-20T21:19:07.4692220Z [1m[32m   Compiling[0m either v1.15.0
2025-09-20T21:19:07.5518810Z [1m[32m   Compiling[0m bumpalo v3.19.0
2025-09-20T21:19:07.5626120Z [1m[32m   Compiling[0m subtle v2.6.1
2025-09-20T21:19:07.6262720Z [1m[32m   Compiling[0m futures-core v0.3.31
2025-09-20T21:19:07.6715070Z [1m[32m   Compiling[0m zip v2.4.2
2025-09-20T21:19:07.6817320Z [1m[32m   Compiling[0m futures-io v0.3.31
2025-09-20T21:19:07.6935920Z [1m[32m   Compiling[0m ryu v1.0.20
2025-09-20T21:19:07.7732250Z [1m[32m   Compiling[0m num-conv v0.1.0
2025-09-20T21:19:07.8139140Z [1m[32m   Compiling[0m same-file v1.0.6
2025-09-20T21:19:07.8641520Z [1m[32m   Compiling[0m parking v2.2.1
2025-09-20T21:19:07.8846980Z [1m[32m   Compiling[0m simd-adler32 v0.3.7
2025-09-20T21:19:07.8926160Z [1m[32m   Compiling[0m rustversion v1.0.22
2025-09-20T21:19:07.9396700Z [1m[32m   Compiling[0m hashbrown v0.12.3
2025-09-20T21:19:08.1106830Z [1m[32m   Compiling[0m bytes v1.10.1
2025-09-20T21:19:08.1355350Z [1m[32m   Compiling[0m zopfli v0.8.2
2025-09-20T21:19:08.5150810Z [1m[32m   Compiling[0m http v1.3.1
2025-09-20T21:19:08.5323900Z [1m[32m   Compiling[0m futures-lite v2.6.1
2025-09-20T21:19:08.8078950Z [1m[32m   Compiling[0m walkdir v2.5.0
2025-09-20T21:19:08.9647150Z [1m[32m   Compiling[0m time v0.3.44
2025-09-20T21:19:09.3591370Z [1m[32m   Compiling[0m globset v0.4.16
2025-09-20T21:19:10.3087760Z [1m[32m   Compiling[0m chrono v0.4.42
2025-09-20T21:19:11.3734970Z [1m[32m   Compiling[0m rand_chacha v0.3.1
2025-09-20T21:19:11.9878450Z [1m[32m   Compiling[0m webpki-roots v0.26.11
2025-09-20T21:19:12.0135930Z [1m[32m   Compiling[0m digest v0.10.7
2025-09-20T21:19:12.0874790Z [1m[32m   Compiling[0m lazy-regex v3.4.1
2025-09-20T21:19:12.1261770Z [1m[32m   Compiling[0m crossbeam-deque v0.8.6
2025-09-20T21:19:12.1355280Z [1m[32m   Compiling[0m bzip2 v0.5.2
2025-09-20T21:19:12.2466160Z [1m[32m   Compiling[0m url v2.5.7
2025-09-20T21:19:12.2551000Z [1m[32m   Compiling[0m lenient_semver_version_builder v0.4.2
2025-09-20T21:19:12.4557080Z [1m[32m   Compiling[0m toml_datetime v0.6.11
2025-09-20T21:19:12.6013690Z [1m[32m   Compiling[0m serde_spanned v0.6.9
2025-09-20T21:19:12.6482150Z [1m[32m   Compiling[0m cpufeatures v0.2.17
2025-09-20T21:19:12.6885380Z [1m[32m   Compiling[0m encoding_rs v0.8.35
2025-09-20T21:19:13.2581340Z [1m[32m   Compiling[0m winnow v0.7.13
2025-09-20T21:19:14.4559300Z [1m[32m   Compiling[0m home v0.5.11
2025-09-20T21:19:14.5366890Z [1m[32m   Compiling[0m toml_write v0.1.2
2025-09-20T21:19:14.6446720Z [1m[32m   Compiling[0m toml_edit v0.22.27
2025-09-20T21:19:14.7845190Z [1m[32m   Compiling[0m which v6.0.3
2025-09-20T21:19:14.9998280Z [1m[32m   Compiling[0m java-properties v2.0.0
2025-09-20T21:19:15.2419600Z [1m[32m   Compiling[0m sha2 v0.10.9
2025-09-20T21:19:15.6224280Z [1m[32m   Compiling[0m attohttpc v0.28.5
2025-09-20T21:19:16.4771410Z [1m[32m   Compiling[0m lenient_semver_parser v0.4.2
2025-09-20T21:19:17.0214690Z [1m[32m   Compiling[0m ignore v0.4.23
2025-09-20T21:19:19.0024710Z [1m[32m   Compiling[0m suppaftp v6.3.0
2025-09-20T21:19:19.9201930Z [1m[32m   Compiling[0m rand v0.8.5
2025-09-20T21:19:20.2444180Z [1m[32m   Compiling[0m envmnt v0.10.4
2025-09-20T21:19:20.8309680Z [1m[32m   Compiling[0m colored v2.2.0
2025-09-20T21:19:20.9691210Z [1m[32m   Compiling[0m duckscript v0.10.0
2025-09-20T21:19:21.1564380Z [1m[32m   Compiling[0m cargo-platform v0.1.9
2025-09-20T21:19:21.3788350Z [1m[32m   Compiling[0m vte v0.14.1
2025-09-20T21:19:21.4820390Z [1m[32m   Compiling[0m dirs-sys-next v0.1.2
2025-09-20T21:19:21.5474260Z [1m[32m   Compiling[0m num_cpus v1.17.0
2025-09-20T21:19:21.6294260Z [1m[32m   Compiling[0m uname v0.1.1
2025-09-20T21:19:21.7098250Z [1m[32m   Compiling[0m fs_extra v1.3.0
2025-09-20T21:19:21.7404690Z [1m[32m   Compiling[0m glob v0.3.3
2025-09-20T21:19:22.0383490Z [1m[32m   Compiling[0m whoami v1.6.1
2025-09-20T21:19:22.0484770Z [1m[32m   Compiling[0m fixedbitset v0.5.7
2025-09-20T21:19:22.3269650Z [1m[32m   Compiling[0m heck v0.5.0
2025-09-20T21:19:22.3507140Z [1m[32m   Compiling[0m dispatch v0.2.0
2025-09-20T21:19:22.3988120Z [1m[32m   Compiling[0m evalexpr v11.3.1
2025-09-20T21:19:22.4776370Z [1m[32m   Compiling[0m base64 v0.22.1
2025-09-20T21:19:22.8706290Z [1m[32m   Compiling[0m strum_macros v0.26.4
2025-09-20T21:19:23.2303400Z [1m[32m   Compiling[0m duckscriptsdk v0.11.1
2025-09-20T21:19:24.2137960Z [1m[32m   Compiling[0m ctrlc v3.5.0
2025-09-20T21:19:24.2862920Z [1m[32m   Compiling[0m petgraph v0.7.1
2025-09-20T21:19:24.2971310Z [1m[32m   Compiling[0m dirs-next v2.0.0
2025-09-20T21:19:24.3478910Z [1m[32m   Compiling[0m strip-ansi-escapes v0.2.1
2025-09-20T21:19:24.6378930Z [1m[32m   Compiling[0m cargo_metadata v0.19.2
2025-09-20T21:19:25.9935270Z [1m[32m   Compiling[0m ci_info v0.14.14
2025-09-20T21:19:26.2794240Z [1m[32m   Compiling[0m lenient_semver v0.4.2
2025-09-20T21:19:26.3815690Z [1m[32m   Compiling[0m toml v0.8.23
2025-09-20T21:19:27.4261200Z [1m[32m   Compiling[0m itertools v0.14.0
2025-09-20T21:19:28.1467040Z [1m[32m   Compiling[0m shell2batch v0.4.5
2025-09-20T21:19:28.3125310Z [1m[32m   Compiling[0m run_script v0.11.0
2025-09-20T21:19:28.5482670Z [1m[32m   Compiling[0m fern v0.7.1
2025-09-20T21:19:28.5601460Z [1m[32m   Compiling[0m serde_ignored v0.1.14
2025-09-20T21:19:28.6522720Z [1m[32m   Compiling[0m colored v3.0.0
2025-09-20T21:19:28.9052270Z [1m[32m   Compiling[0m rust_info v0.3.3
2025-09-20T21:19:29.0637750Z [1m[32m   Compiling[0m cliparser v0.1.2
2025-09-20T21:19:29.2531050Z [1m[32m   Compiling[0m hex v0.4.3
2025-09-20T21:19:29.3914840Z [1m[32m   Compiling[0m git_info v0.1.3
2025-09-20T21:19:29.6011820Z [1m[32m   Compiling[0m cargo-make v0.37.24
2025-09-20T21:20:42.6924780Z [1m[32m    Finished[0m `release` profile [optimized] target(s) in 2m 03s
2025-09-20T21:20:42.7672610Z [1m[32m  Installing[0m /Users/runner/.cargo/bin/cargo-make
2025-09-20T21:20:42.7673080Z [1m[32m  Installing[0m /Users/runner/.cargo/bin/makers
2025-09-20T21:20:42.7683930Z [1m[32m   Installed[0m package `cargo-make v0.37.24` (executables `cargo-make`, `makers`)
2025-09-20T21:20:42.9298510Z ##[group]Run taiki-e/install-action@nextest
2025-09-20T21:20:42.9298890Z with:
2025-09-20T21:20:42.9299060Z   tool: nextest
2025-09-20T21:20:42.9299420Z   checksum: true
2025-09-20T21:20:42.9299640Z   fallback: cargo-binstall
2025-09-20T21:20:42.9299940Z env:
2025-09-20T21:20:42.9300110Z   CARGO_TERM_COLOR: always
2025-09-20T21:20:42.9300480Z   RUST_BACKTRACE: full
2025-09-20T21:20:42.9300680Z   RUST_MIN_STACK: 40971520
2025-09-20T21:20:42.9300910Z   RUST_LOG: citadel=warn
2025-09-20T21:20:42.9301200Z   IN_CI: true
2025-09-20T21:20:42.9301420Z   OPENSSL_ROOT_DIR: /usr/local/opt/openssl@1.1
2025-09-20T21:20:42.9301680Z   CARGO_HOME: /Users/runner/.cargo
2025-09-20T21:20:42.9301930Z   CARGO_INCREMENTAL: 0
2025-09-20T21:20:42.9302220Z ##[endgroup]
2025-09-20T21:20:42.9346820Z ##[group]Run bash --noprofile --norc "${GITHUB_ACTION_PATH:?}/main.sh"
2025-09-20T21:20:42.9347310Z [36;1mbash --noprofile --norc "${GITHUB_ACTION_PATH:?}/main.sh"[0m
2025-09-20T21:20:42.9660530Z shell: /bin/bash --noprofile --norc -e -o pipefail {0}
2025-09-20T21:20:42.9660850Z env:
2025-09-20T21:20:42.9661080Z   CARGO_TERM_COLOR: always
2025-09-20T21:20:42.9661320Z   RUST_BACKTRACE: full
2025-09-20T21:20:42.9666110Z   RUST_MIN_STACK: 40971520
2025-09-20T21:20:42.9666310Z   RUST_LOG: citadel=warn
2025-09-20T21:20:42.9666520Z   IN_CI: true
2025-09-20T21:20:42.9666810Z   OPENSSL_ROOT_DIR: /usr/local/opt/openssl@1.1
2025-09-20T21:20:42.9667060Z   CARGO_HOME: /Users/runner/.cargo
2025-09-20T21:20:42.9667280Z   CARGO_INCREMENTAL: 0
2025-09-20T21:20:42.9667480Z   INPUT_TOOL: nextest
2025-09-20T21:20:42.9667710Z   INPUT_CHECKSUM: true
2025-09-20T21:20:42.9667950Z   INPUT_FALLBACK: cargo-binstall
2025-09-20T21:20:42.9669220Z   DEFAULT_GITHUB_TOKEN: ***
2025-09-20T21:20:42.9669590Z   ACTION_USER_AGENT: taiki-e/install-action (nextest)
2025-09-20T21:20:42.9669880Z ##[endgroup]
2025-09-20T21:20:43.0374550Z info: host platform: aarch64_macos
2025-09-20T21:20:43.1328770Z * Host crates.io:443 was resolved.
2025-09-20T21:20:43.1329590Z * IPv6: (none)
2025-09-20T21:20:43.1331460Z * IPv4: 13.225.61.42, 13.225.61.87, 13.225.61.4, 13.225.61.21
2025-09-20T21:20:43.1332290Z *   Trying 13.225.61.42:443...
2025-09-20T21:20:43.1450350Z * Connected to crates.io (13.225.61.42) port 443
2025-09-20T21:20:43.1450770Z * ALPN: curl offers h2,http/1.1
2025-09-20T21:20:43.1452150Z * (304) (OUT), TLS handshake, Client hello (1):
2025-09-20T21:20:43.1452410Z } [310 bytes data]
2025-09-20T21:20:43.1553470Z *  CAfile: /etc/ssl/cert.pem
2025-09-20T21:20:43.1553730Z *  CApath: none
2025-09-20T21:20:43.1580210Z * (304) (IN), TLS handshake, Server hello (2):
2025-09-20T21:20:43.1580780Z { [122 bytes data]
2025-09-20T21:20:43.1581760Z * (304) (IN), TLS handshake, Unknown (8):
2025-09-20T21:20:43.1582010Z { [19 bytes data]
2025-09-20T21:20:43.1590370Z * (304) (IN), TLS handshake, Certificate (11):
2025-09-20T21:20:43.1590850Z { [3858 bytes data]
2025-09-20T21:20:43.1605800Z * (304) (IN), TLS handshake, CERT verify (15):
2025-09-20T21:20:43.1606450Z { [264 bytes data]
2025-09-20T21:20:43.1606910Z * (304) (IN), TLS handshake, Finished (20):
2025-09-20T21:20:43.1607180Z { [36 bytes data]
2025-09-20T21:20:43.1607420Z * (304) (OUT), TLS handshake, Finished (20):
2025-09-20T21:20:43.1607710Z } [36 bytes data]
2025-09-20T21:20:43.1608120Z * SSL connection using TLSv1.3 / AEAD-AES128-GCM-SHA256 / [blank] / UNDEF
2025-09-20T21:20:43.1608470Z * ALPN: server accepted h2
2025-09-20T21:20:43.1608780Z * Server certificate:
2025-09-20T21:20:43.1609000Z *  subject: CN=crates.io
2025-09-20T21:20:43.1609230Z *  start date: Nov 25 00:00:00 2024 GMT
2025-09-20T21:20:43.1609570Z *  expire date: Dec 24 23:59:59 2025 GMT
2025-09-20T21:20:43.1609900Z *  subjectAltName: host "crates.io" matched cert's "crates.io"
2025-09-20T21:20:43.1610310Z *  issuer: C=US; O=Amazon; CN=Amazon RSA 2048 M02
2025-09-20T21:20:43.1610580Z *  SSL certificate verify ok.
2025-09-20T21:20:43.1610820Z * using HTTP/2
2025-09-20T21:20:43.1611610Z * [HTTP/2] [1] OPENED stream for https://crates.io/api/v1/crates/cargo-nextest
2025-09-20T21:20:43.1612070Z * [HTTP/2] [1] [:method: GET]
2025-09-20T21:20:43.1612420Z * [HTTP/2] [1] [:scheme: https]
2025-09-20T21:20:43.1612660Z * [HTTP/2] [1] [:authority: crates.io]
2025-09-20T21:20:43.1613040Z * [HTTP/2] [1] [:path: /api/v1/crates/cargo-nextest]
2025-09-20T21:20:43.1613380Z * [HTTP/2] [1] [user-agent: taiki-e/install-action (nextest)]
2025-09-20T21:20:43.1613630Z * [HTTP/2] [1] [accept: */*]
2025-09-20T21:20:43.1613910Z > GET /api/v1/crates/cargo-nextest HTTP/2
2025-09-20T21:20:43.1614160Z > Host: crates.io
2025-09-20T21:20:43.1614420Z > User-Agent: taiki-e/install-action (nextest)
2025-09-20T21:20:43.1614680Z > Accept: */*
2025-09-20T21:20:43.1614930Z > 
2025-09-20T21:20:43.1615110Z * Request completely sent off
2025-09-20T21:20:43.3154280Z < HTTP/2 200 
2025-09-20T21:20:43.3154940Z < content-type: application/json
2025-09-20T21:20:43.3155770Z < content-length: 182668
2025-09-20T21:20:43.3156380Z < access-control-allow-origin: *
2025-09-20T21:20:43.3160480Z < content-security-policy: default-src 'self'; connect-src 'self' *.ingest.sentry.io https://docs.rs https://play.rust-lang.org https://static.crates.io; script-src 'self' 'unsafe-eval' 'sha256-n1+BB7Ckjcal1Pr7QNBh/dKRTtBQsIytFodRiIosXdE=' 'sha256-dbf9FMl76C7BnK1CC3eWb3pvsQAUaTYSHAlBy9tNTG0='; style-src 'self' 'unsafe-inline' https://code.cdn.mozilla.net; font-src https://code.cdn.mozilla.net; img-src *; object-src 'none'
2025-09-20T21:20:43.3165210Z < date: Sat, 20 Sep 2025 21:20:43 GMT
2025-09-20T21:20:43.3166370Z < nel: {"report_to":"heroku-nel","response_headers":["Via"],"max_age":3600,"success_fraction":0.01,"failure_fraction":0.1}
2025-09-20T21:20:43.3168780Z < report-to: {"group":"heroku-nel","endpoints":[{"url":"https://nel.heroku.com/reports?s=3I%2F%2FVs1CCToqP3M5k6feFN76vrsGN5GqyE7IATT0nhk%3D\u0026sid=af571f24-03ee-46d1-9f90-ab9030c2c74c\u0026ts=1758403243"}],"max_age":3600}
2025-09-20T21:20:43.3172340Z < reporting-endpoints: heroku-nel="https://nel.heroku.com/reports?s=3I%2F%2FVs1CCToqP3M5k6feFN76vrsGN5GqyE7IATT0nhk%3D&sid=af571f24-03ee-46d1-9f90-ab9030c2c74c&ts=1758403243"
2025-09-20T21:20:43.3173900Z < server: Heroku
2025-09-20T21:20:43.3174660Z < strict-transport-security: max-age=31536000; includeSubDomains
2025-09-20T21:20:43.3175920Z < via: 1.1 heroku-router, 1.1 d2c100427e6cc08d2b75af72792dd922.cloudfront.net (CloudFront)
2025-09-20T21:20:43.3177100Z < x-content-type-options: nosniff
2025-09-20T21:20:43.3177810Z < x-frame-options: SAMEORIGIN
2025-09-20T21:20:43.3178460Z < x-xss-protection: 0
2025-09-20T21:20:43.3179350Z < vary: Accept,Accept-Encoding,Cookie
2025-09-20T21:20:43.3180150Z < x-cache: Miss from cloudfront
2025-09-20T21:20:43.3180960Z < x-amz-cf-pop: DFW59-P8
2025-09-20T21:20:43.3181880Z < x-amz-cf-id: F-icVID2PhyBk1NbGX-K7mYTzm_CcOWoLYHG63UZXy-s-f9ctjesRQ==
2025-09-20T21:20:43.3182950Z < 
2025-09-20T21:20:43.3183510Z { [8192 bytes data]
2025-09-20T21:20:43.4473840Z * Connection #0 to host crates.io left intact
2025-09-20T21:20:43.5895770Z info: installing cargo-nextest@latest
2025-09-20T21:20:43.6725070Z info: downloading https://github.com/nextest-rs/nextest/releases/download/cargo-nextest-0.9.104/cargo-nextest-0.9.104-universal-apple-darwin.tar.gz
2025-09-20T21:20:44.2081070Z info: verifying sha256 checksum for cargo-nextest-0.9.104-universal-apple-darwin.tar.gz
2025-09-20T21:20:44.2989350Z info: cargo-nextest installed at /Users/runner/.cargo/bin/cargo-nextest
2025-09-20T21:20:44.2993970Z + cargo-nextest nextest --version
2025-09-20T21:20:44.3054940Z cargo-nextest 0.9.104 (87857ddf2 2025-09-15)
2025-09-20T21:20:44.3055230Z release: 0.9.104
2025-09-20T21:20:44.3055480Z commit-hash: 87857ddf299a42c9cb5822422aeba77bd8fb74e8
2025-09-20T21:20:44.3055760Z commit-date: 2025-09-15
2025-09-20T21:20:44.3055980Z host: aarch64-apple-darwin
2025-09-20T21:20:44.3057310Z 
2025-09-20T21:20:44.3111760Z ##[group]Run cargo nextest run --package netbeam
2025-09-20T21:20:44.3112040Z [36;1mcargo nextest run --package netbeam[0m
2025-09-20T21:20:44.3141800Z shell: /bin/bash -e {0}
2025-09-20T21:20:44.3141960Z env:
2025-09-20T21:20:44.3142080Z   CARGO_TERM_COLOR: always
2025-09-20T21:20:44.3142240Z   RUST_BACKTRACE: full
2025-09-20T21:20:44.3142380Z   RUST_MIN_STACK: 40971520
2025-09-20T21:20:44.3142540Z   RUST_LOG: citadel=warn
2025-09-20T21:20:44.3142670Z   IN_CI: true
2025-09-20T21:20:44.3142830Z   OPENSSL_ROOT_DIR: /usr/local/opt/openssl@1.1
2025-09-20T21:20:44.3143030Z   CARGO_HOME: /Users/runner/.cargo
2025-09-20T21:20:44.3143210Z   CARGO_INCREMENTAL: 0
2025-09-20T21:20:44.3143350Z ##[endgroup]
2025-09-20T21:20:44.5701980Z [1m[32m    Updating[0m crates.io index
2025-09-20T21:20:44.6450440Z [1m[32m    Updating[0m git repository `https://github.com/second-state/socket2.git`
2025-09-20T21:20:45.8700140Z [1m[32m    Updating[0m git repository `https://github.com/second-state/wasi_tokio.git`
2025-09-20T21:20:49.0299330Z [1m[32m     Locking[0m 461 packages to latest Rust 1.90.0 compatible versions
2025-09-20T21:20:49.0308830Z [1m[36m      Adding[0m ascon-aead v0.4.4 [1m[33m(available: v0.5.1)[0m
2025-09-20T21:20:49.0329950Z [1m[36m      Adding[0m bincode v1.3.3 [1m[33m(available: v2.0.1)[0m
2025-09-20T21:20:49.0387400Z [1m[36m      Adding[0m generic-array v0.14.7 [1m[33m(available: v1.2.0)[0m
2025-09-20T21:20:49.0408060Z [1m[36m      Adding[0m hyper v0.14.32 [1m[33m(available: v1.7.0)[0m
2025-09-20T21:20:49.0514860Z [1m[36m      Adding[0m rand v0.8.5 [1m[33m(available: v0.9.2)[0m
2025-09-20T21:20:49.0581000Z [1m[36m      Adding[0m rstest v0.23.0 [1m[33m(available: v0.26.1)[0m
2025-09-20T21:20:49.0757050Z [1m[36m      Adding[0m stun v0.5.1 [1m[33m(available: v0.9.0)[0m
2025-09-20T21:20:49.0784320Z [1m[36m      Adding[0m sysinfo v0.29.11 [1m[33m(available: v0.37.0)[0m
2025-09-20T21:20:49.1001010Z [1m[36m      Adding[0m webrtc-util v0.11.0 [1m[33m(available: v0.12.0)[0m
2025-09-20T21:20:49.1147420Z [1m[36m      Adding[0m zerocopy v0.7.35 [1m[33m(available: v0.8.27)[0m
2025-09-20T21:20:49.1430730Z [1m[32m Downloading[0m crates ...
2025-09-20T21:20:49.3523120Z [1m[32m  Downloaded[0m async-stream-impl v0.3.6
2025-09-20T21:20:49.3684890Z [1m[32m  Downloaded[0m aes v0.8.4
2025-09-20T21:20:49.3785920Z [1m[32m  Downloaded[0m aead v0.5.2
2025-09-20T21:20:49.4071750Z [1m[32m  Downloaded[0m addr2line v0.24.2
2025-09-20T21:20:49.4121490Z [1m[32m  Downloaded[0m twox-hash v2.1.2
2025-09-20T21:20:49.4169340Z [1m[32m  Downloaded[0m serde_urlencoded v0.7.1
2025-09-20T21:20:49.4198740Z [1m[32m  Downloaded[0m pem v3.0.5
2025-09-20T21:20:49.4224070Z [1m[32m  Downloaded[0m async-stream v0.3.6
2025-09-20T21:20:49.4276870Z [1m[32m  Downloaded[0m rustls-native-certs v0.8.1
2025-09-20T21:20:49.4339480Z [1m[32m  Downloaded[0m rustls-platform-verifier v0.6.1
2025-09-20T21:20:49.4466110Z [1m[32m  Downloaded[0m toml_datetime v0.7.2
2025-09-20T21:20:49.4528420Z [1m[32m  Downloaded[0m uuid v1.18.1
2025-09-20T21:20:49.4612110Z [1m[32m  Downloaded[0m tokio-rustls v0.26.3
2025-09-20T21:20:49.4680350Z [1m[32m  Downloaded[0m rustc_version v0.4.1
2025-09-20T21:20:49.4733380Z [1m[32m  Downloaded[0m rust-argon2 v3.0.0
2025-09-20T21:20:49.4832180Z [1m[32m  Downloaded[0m thread-id v4.2.2
2025-09-20T21:20:49.4942520Z [1m[32m  Downloaded[0m signature v2.2.0
2025-09-20T21:20:49.4980680Z [1m[32m  Downloaded[0m foreign-types-shared v0.1.1
2025-09-20T21:20:49.5049640Z [1m[32m  Downloaded[0m h2 v0.3.27
2025-09-20T21:20:49.5253380Z [1m[32m  Downloaded[0m openssl-macros v0.1.1
2025-09-20T21:20:49.5347690Z [1m[32m  Downloaded[0m sync_wrapper v1.0.2
2025-09-20T21:20:49.5414700Z [1m[32m  Downloaded[0m spki v0.7.3
2025-09-20T21:20:49.5510440Z [1m[32m  Downloaded[0m sqlx-macros v0.8.6
2025-09-20T21:20:49.5574450Z [1m[32m  Downloaded[0m tempfile v3.22.0
2025-09-20T21:20:49.5686670Z [1m[32m  Downloaded[0m stun v0.5.1
2025-09-20T21:20:49.5784320Z [1m[32m  Downloaded[0m sqlx-mysql v0.8.6
2025-09-20T21:20:49.5938470Z [1m[32m  Downloaded[0m stringprep v0.1.5
2025-09-20T21:20:49.5983160Z [1m[32m  Downloaded[0m tokio-util v0.7.16
2025-09-20T21:20:49.6132730Z [1m[32m  Downloaded[0m reqwest v0.12.23
2025-09-20T21:20:49.6243150Z [1m[32m  Downloaded[0m tokio-macros v2.5.0
2025-09-20T21:20:49.6278290Z [1m[32m  Downloaded[0m strum_macros v0.27.2
2025-09-20T21:20:49.6328240Z [1m[32m  Downloaded[0m quinn-proto v0.11.13
2025-09-20T21:20:49.6848730Z [1m[32m  Downloaded[0m syn v1.0.109
2025-09-20T21:20:49.7026900Z [1m[32m  Downloaded[0m openssl v0.10.73
2025-09-20T21:20:49.7201930Z [1m[32m  Downloaded[0m nix v0.26.4
2025-09-20T21:20:49.7719990Z [1m[32m  Downloaded[0m sqlx-sqlite v0.8.6
2025-09-20T21:20:49.7805680Z [1m[32m  Downloaded[0m sqlx-postgres v0.8.6
2025-09-20T21:20:49.8002120Z [1m[32m  Downloaded[0m object v0.36.7
2025-09-20T21:20:49.8498710Z [1m[32m  Downloaded[0m sqlx-macros-core v0.8.6
2025-09-20T21:20:49.8542240Z [1m[32m  Downloaded[0m sqlx v0.8.6
2025-09-20T21:20:49.9120340Z [1m[32m  Downloaded[0m portable-atomic v1.11.1
2025-09-20T21:20:49.9258740Z [1m[32m  Downloaded[0m redis v0.32.5
2025-09-20T21:20:49.9447710Z [1m[32m  Downloaded[0m zerocopy v0.7.35
2025-09-20T21:20:50.0137390Z [1m[32m  Downloaded[0m pqc_kyber_kyberslash v0.7.1
2025-09-20T21:20:50.0622360Z [1m[32m  Downloaded[0m tap v1.0.1
2025-09-20T21:20:50.0649750Z [1m[32m  Downloaded[0m rustix v1.1.2
2025-09-20T21:20:50.1512240Z [1m[32m  Downloaded[0m sysinfo v0.29.11
2025-09-20T21:20:50.1984450Z [1m[32m  Downloaded[0m sqlx-core v0.8.6
2025-09-20T21:20:50.2187460Z [1m[32m  Downloaded[0m gimli v0.31.1
2025-09-20T21:20:50.2338300Z [1m[32m  Downloaded[0m num-bigint-dig v0.8.4
2025-09-20T21:20:50.2413420Z [1m[32m  Downloaded[0m num-bigint v0.4.6
2025-09-20T21:20:50.2779990Z [1m[32m  Downloaded[0m bitvec v1.0.1
2025-09-20T21:20:50.3183450Z [1m[32m  Downloaded[0m tinyvec_macros v0.1.1
2025-09-20T21:20:50.3351000Z [1m[32m  Downloaded[0m siphasher v1.0.1
2025-09-20T21:20:50.3540810Z [1m[32m  Downloaded[0m security-framework v3.4.0
2025-09-20T21:20:50.3616630Z [1m[32m  Downloaded[0m security-framework v2.11.1
2025-09-20T21:20:50.3687430Z [1m[32m  Downloaded[0m petgraph v0.6.5
2025-09-20T21:20:50.3984960Z [1m[32m  Downloaded[0m openssl-sys v0.9.109
2025-09-20T21:20:50.4394270Z [1m[32m  Downloaded[0m mio v1.0.4
2025-09-20T21:20:50.4511970Z [1m[32m  Downloaded[0m base64 v0.21.7
2025-09-20T21:20:50.4591700Z [1m[32m  Downloaded[0m tokio v1.47.1
2025-09-20T21:20:50.5914850Z [1m[32m  Downloaded[0m aes-gcm v0.10.3
2025-09-20T21:20:50.5972000Z [1m[32m  Downloaded[0m socket2 v0.6.0
2025-09-20T21:20:50.6014880Z [1m[32m  Downloaded[0m rsa v0.9.8
2025-09-20T21:20:50.6116550Z [1m[32m  Downloaded[0m rayon-core v1.13.0
2025-09-20T21:20:50.6729110Z [1m[32m  Downloaded[0m sha3 v0.10.8
2025-09-20T21:20:50.6821630Z [1m[32m  Downloaded[0m hyper v1.7.0
2025-09-20T21:20:50.6956020Z [1m[32m  Downloaded[0m chacha20poly1305 v0.10.1
2025-09-20T21:20:50.6977590Z [1m[32m  Downloaded[0m tinyvec v1.10.0
2025-09-20T21:20:50.7023300Z [1m[32m  Downloaded[0m socket2 v0.5.10
2025-09-20T21:20:50.7053870Z [1m[32m  Downloaded[0m sharded-slab v0.1.7
2025-09-20T21:20:50.7121110Z [1m[32m  Downloaded[0m rstest_macros v0.23.0
2025-09-20T21:20:50.7188560Z [1m[32m  Downloaded[0m poly1305 v0.8.0
2025-09-20T21:20:50.7535800Z [1m[32m  Downloaded[0m mobc v0.9.0
2025-09-20T21:20:50.7585180Z [1m[32m  Downloaded[0m metrics v0.24.2
2025-09-20T21:20:50.7645760Z [1m[32m  Downloaded[0m jwt v0.16.0
2025-09-20T21:20:50.7683830Z [1m[32m  Downloaded[0m hyper-util v0.1.17
2025-09-20T21:20:50.7790820Z [1m[32m  Downloaded[0m bytemuck_derive v1.10.1
2025-09-20T21:20:50.7815430Z [1m[32m  Downloaded[0m attohttpc v0.16.3
2025-09-20T21:20:50.7910290Z [1m[32m  Downloaded[0m ahash v0.8.12
2025-09-20T21:20:50.8233490Z [1m[32m  Downloaded[0m thread_local v1.1.9
2025-09-20T21:20:50.8258800Z [1m[32m  Downloaded[0m thiserror v1.0.69
2025-09-20T21:20:50.8381180Z [1m[32m  Downloaded[0m tokio-native-tls v0.3.1
2025-09-20T21:20:50.8412540Z [1m[32m  Downloaded[0m spin v0.9.8
2025-09-20T21:20:50.8464040Z [1m[32m  Downloaded[0m toml_parser v1.0.3
2025-09-20T21:20:50.8520740Z [1m[32m  Downloaded[0m slab v0.4.11
2025-09-20T21:20:50.8547210Z [1m[32m  Downloaded[0m security-framework-sys v2.15.0
2025-09-20T21:20:50.8595180Z [1m[32m  Downloaded[0m rstest v0.23.0
2025-09-20T21:20:50.9010230Z [1m[32m  Downloaded[0m quinn-udp v0.5.14
2025-09-20T21:20:50.9046080Z [1m[32m  Downloaded[0m pem-rfc7468 v0.7.0
2025-09-20T21:20:50.9089330Z [1m[32m  Downloaded[0m parking_lot_core v0.9.11
2025-09-20T21:20:50.9143830Z [1m[32m  Downloaded[0m multimap v0.10.1
2025-09-20T21:20:50.9163230Z [1m[32m  Downloaded[0m memoffset v0.7.1
2025-09-20T21:20:50.9190970Z [1m[32m  Downloaded[0m md-5 v0.10.6
2025-09-20T21:20:50.9227270Z [1m[32m  Downloaded[0m xmltree v0.10.3
2025-09-20T21:20:50.9257340Z [1m[32m  Downloaded[0m wyz v0.5.1
2025-09-20T21:20:50.9278820Z [1m[32m  Downloaded[0m wildmatch v1.1.0
2025-09-20T21:20:50.9300430Z [1m[32m  Downloaded[0m tokio-stream v0.1.17
2025-09-20T21:20:50.9707490Z [1m[32m  Downloaded[0m kyber-pke v0.5.0
2025-09-20T21:20:50.9731230Z [1m[32m  Downloaded[0m httparse v1.10.1
2025-09-20T21:20:50.9771930Z [1m[32m  Downloaded[0m event-listener v5.4.1
2025-09-20T21:20:50.9807650Z [1m[32m  Downloaded[0m embedded-semver v0.3.0
2025-09-20T21:20:50.9836720Z [1m[32m  Downloaded[0m dirs2 v3.0.1
2025-09-20T21:20:50.9887630Z [1m[32m  Downloaded[0m chacha20 v0.9.1
2025-09-20T21:20:50.9898490Z [1m[32m  Downloaded[0m byteorder v1.5.0
2025-09-20T21:20:50.9927250Z [1m[32m  Downloaded[0m bitflags v1.3.2
2025-09-20T21:20:51.0007500Z [1m[32m  Downloaded[0m bincode v1.3.3
2025-09-20T21:20:51.0394590Z [1m[32m  Downloaded[0m base64 v0.13.1
2025-09-20T21:20:51.0440860Z [1m[32m  Downloaded[0m arrayref v0.3.9
2025-09-20T21:20:51.0461840Z [1m[32m  Downloaded[0m allocator-api2 v0.2.21
2025-09-20T21:20:51.0504750Z [1m[32m  Downloaded[0m thiserror-impl v1.0.69
2025-09-20T21:20:51.0527570Z [1m[32m  Downloaded[0m strum v0.27.2
2025-09-20T21:20:51.0543880Z [1m[32m  Downloaded[0m serde-big-array v0.5.1
2025-09-20T21:20:51.0575210Z [1m[32m  Downloaded[0m rustc-hash v2.1.1
2025-09-20T21:20:51.0614800Z [1m[32m  Downloaded[0m proc-macro-crate v3.4.0
2025-09-20T21:20:51.0643550Z [1m[32m  Downloaded[0m libm v0.2.15
2025-09-20T21:20:51.1190230Z [1m[32m  Downloaded[0m inout v0.1.4
2025-09-20T21:20:51.1208290Z [1m[32m  Downloaded[0m hybrid-array v0.3.1
2025-09-20T21:20:51.1256650Z [1m[32m  Downloaded[0m http-body-util v0.1.3
2025-09-20T21:20:51.1277100Z [1m[32m  Downloaded[0m http v0.2.12
2025-09-20T21:20:51.1344430Z [1m[32m  Downloaded[0m hmac v0.12.1
2025-09-20T21:20:51.1385950Z [1m[32m  Downloaded[0m hashbrown v0.15.5
2025-09-20T21:20:51.1484770Z [1m[32m  Downloaded[0m futures-task v0.3.31
2025-09-20T21:20:51.1956500Z [1m[32m  Downloaded[0m futures-executor v0.3.31
2025-09-20T21:20:51.1978900Z [1m[32m  Downloaded[0m foreign-types v0.3.2
2025-09-20T21:20:51.1990780Z [1m[32m  Downloaded[0m foldhash v0.1.5
2025-09-20T21:20:51.2012010Z [1m[32m  Downloaded[0m fixedbitset v0.4.2
2025-09-20T21:20:51.2044770Z [1m[32m  Downloaded[0m cipher v0.4.4
2025-09-20T21:20:51.2062570Z [1m[32m  Downloaded[0m blake2b_simd v1.0.3
2025-09-20T21:20:51.2095160Z [1m[32m  Downloaded[0m atomic-waker v1.1.2
2025-09-20T21:20:51.2114790Z [1m[32m  Downloaded[0m atomic v0.6.1
2025-09-20T21:20:51.2137280Z [1m[32m  Downloaded[0m opaque-debug v0.3.1
2025-09-20T21:20:51.2155150Z [1m[32m  Downloaded[0m keccak v0.1.5
2025-09-20T21:20:51.2175080Z [1m[32m  Downloaded[0m iri-string v0.7.8
2025-09-20T21:20:51.2308520Z [1m[32m  Downloaded[0m httpdate v1.0.3
2025-09-20T21:20:51.2377210Z [1m[32m  Downloaded[0m http-body v1.0.1
2025-09-20T21:20:51.2671510Z [1m[32m  Downloaded[0m hashlink v0.10.0
2025-09-20T21:20:51.2732610Z [1m[32m  Downloaded[0m ghash v0.5.1
2025-09-20T21:20:51.2753370Z [1m[32m  Downloaded[0m futures-timer v3.0.3
2025-09-20T21:20:51.2793220Z [1m[32m  Downloaded[0m futures-sink v0.3.31
2025-09-20T21:20:51.2815270Z [1m[32m  Downloaded[0m futures-intrusive v0.5.0
2025-09-20T21:20:51.2902910Z [1m[32m  Downloaded[0m dotenvy v0.15.7
2025-09-20T21:20:51.2957250Z [1m[32m  Downloaded[0m combine v4.6.7
2025-09-20T21:20:51.3054730Z [1m[32m  Downloaded[0m futures-channel v0.3.31
2025-09-20T21:20:51.3099190Z [1m[32m  Downloaded[0m der v0.7.10
2025-09-20T21:20:51.3528270Z [1m[32m  Downloaded[0m ctr v0.9.2
2025-09-20T21:20:51.3568550Z [1m[32m  Downloaded[0m const-oid v0.9.6
2025-09-20T21:20:51.3621170Z [1m[32m  Downloaded[0m cfg-if v0.1.10
2025-09-20T21:20:51.3641890Z [1m[32m  Downloaded[0m backtrace v0.3.75
2025-09-20T21:20:51.3855020Z [1m[32m  Downloaded[0m async-trait-with-sync v0.1.36
2025-09-20T21:20:51.3923760Z [1m[32m  Downloaded[0m async-trait v0.1.89
2025-09-20T21:20:51.4218320Z [1m[32m  Downloaded[0m anyhow v1.0.100
2025-09-20T21:20:51.4295670Z [1m[32m  Downloaded[0m sha1 v0.10.6
2025-09-20T21:20:51.4330310Z [1m[32m  Downloaded[0m scopeguard v1.2.0
2025-09-20T21:20:51.4345470Z [1m[32m  Downloaded[0m rustls-pemfile v2.2.0
2025-09-20T21:20:51.4396900Z [1m[32m  Downloaded[0m parking_lot v0.12.4
2025-09-20T21:20:51.4440940Z [1m[32m  Downloaded[0m packed_struct v0.10.1
2025-09-20T21:20:51.4470090Z [1m[32m  Downloaded[0m num-integer v0.1.46
2025-09-20T21:20:51.4498040Z [1m[32m  Downloaded[0m nu-ansi-term v0.50.1
2025-09-20T21:20:51.4544470Z [1m[32m  Downloaded[0m zeroize_derive v1.4.2
2025-09-20T21:20:51.4564000Z [1m[32m  Downloaded[0m zerocopy-derive v0.7.35
2025-09-20T21:20:51.4681660Z [1m[32m  Downloaded[0m xml-rs v0.8.27
2025-09-20T21:20:51.4740320Z [1m[32m  Downloaded[0m lock_api v0.4.13
2025-09-20T21:20:51.4761410Z [1m[32m  Downloaded[0m igd v0.12.1
2025-09-20T21:20:51.4816560Z [1m[32m  Downloaded[0m hyper v0.14.32
2025-09-20T21:20:51.4968190Z [1m[32m  Downloaded[0m hash32 v0.2.1
2025-09-20T21:20:51.4994230Z [1m[32m  Downloaded[0m futures-util v0.3.31
2025-09-20T21:20:51.5286910Z [1m[32m  Downloaded[0m futures-macro v0.3.31
2025-09-20T21:20:51.5302400Z [1m[32m  Downloaded[0m fastbloom v0.14.0
2025-09-20T21:20:51.5335390Z [1m[32m  Downloaded[0m crossbeam-queue v0.3.12
2025-09-20T21:20:51.5356800Z [1m[32m  Downloaded[0m constant_time_eq v0.4.2
2025-09-20T21:20:51.5397890Z [1m[32m  Downloaded[0m concurrent-queue v2.5.0
2025-09-20T21:20:51.5427410Z [1m[32m  Downloaded[0m bytemuck v1.23.2
2025-09-20T21:20:51.5787200Z [1m[32m  Downloaded[0m base64ct v1.8.0
2025-09-20T21:20:51.5836470Z [1m[32m  Downloaded[0m atoi v2.0.0
2025-09-20T21:20:51.5858310Z [1m[32m  Downloaded[0m ascon-aead v0.4.4
2025-09-20T21:20:51.5963340Z [1m[32m  Downloaded[0m termcolor v1.4.1
2025-09-20T21:20:51.5968380Z [1m[32m  Downloaded[0m signal-hook-registry v1.4.6
2025-09-20T21:20:51.6002060Z [1m[32m  Downloaded[0m sha1_smol v1.0.1
2025-09-20T21:20:51.6024380Z [1m[32m  Downloaded[0m rustc-demangle v0.1.26
2025-09-20T21:20:51.6053870Z [1m[32m  Downloaded[0m relative-path v1.9.3
2025-09-20T21:20:51.6070770Z [1m[32m  Downloaded[0m rayon v1.11.0
2025-09-20T21:20:51.6265540Z [1m[32m  Downloaded[0m polyval v0.6.2
2025-09-20T21:20:51.6312270Z [1m[32m  Downloaded[0m pkcs8 v0.10.2
2025-09-20T21:20:51.6365090Z [1m[32m  Downloaded[0m radium v0.7.0
2025-09-20T21:20:51.6449880Z [1m[32m  Downloaded[0m pkcs1 v0.7.5
2025-09-20T21:20:51.6451780Z [1m[32m  Downloaded[0m pin-utils v0.1.0
2025-09-20T21:20:51.6456160Z [1m[32m  Downloaded[0m num-iter v0.1.45
2025-09-20T21:20:51.6473300Z [1m[32m  Downloaded[0m hkdf v0.12.4
2025-09-20T21:20:51.6517900Z [1m[32m  Downloaded[0m futures v0.3.31
2025-09-20T21:20:51.6615630Z [1m[32m  Downloaded[0m funty v2.0.0
2025-09-20T21:20:51.6630570Z [1m[32m  Downloaded[0m embed-doc-image v0.1.4
2025-09-20T21:20:51.6876790Z [1m[32m  Downloaded[0m dirs-sys v0.3.7
2025-09-20T21:20:51.6978950Z [1m[32m  Downloaded[0m crc-catalog v2.4.0
2025-09-20T21:20:51.7002560Z [1m[32m  Downloaded[0m auto_impl v1.3.0
2025-09-20T21:20:51.7137420Z [1m[32m  Downloaded[0m async-recursion v1.1.1
2025-09-20T21:20:51.7225400Z [1m[32m  Downloaded[0m arrayvec v0.7.6
2025-09-20T21:20:51.7269160Z [1m[32m  Downloaded[0m webrtc-util v0.8.1
2025-09-20T21:20:51.7668140Z [1m[32m  Downloaded[0m vcpkg v0.2.15
2025-09-20T21:20:51.8707090Z [1m[32m  Downloaded[0m flume v0.11.1
2025-09-20T21:20:51.8773370Z [1m[32m  Downloaded[0m core-foundation v0.9.4
2025-09-20T21:20:51.8813920Z [1m[32m  Downloaded[0m toml_edit v0.23.6
2025-09-20T21:20:51.8902180Z [1m[32m  Downloaded[0m packed_struct_codegen v0.10.1
2025-09-20T21:20:51.8925660Z [1m[32m  Downloaded[0m matchers v0.2.0
2025-09-20T21:20:51.8945230Z [1m[32m  Downloaded[0m universal-hash v0.5.1
2025-09-20T21:20:51.8965580Z [1m[32m  Downloaded[0m unicode-normalization v0.1.24
2025-09-20T21:20:51.9021500Z [1m[32m  Downloaded[0m unicode-bidi v0.3.18
2025-09-20T21:20:51.9063980Z [1m[32m  Downloaded[0m ts-rs v11.0.1
2025-09-20T21:20:51.9172200Z [1m[32m  Downloaded[0m tracing-log v0.2.0
2025-09-20T21:20:51.9194670Z [1m[32m  Downloaded[0m tracing v0.1.41
2025-09-20T21:20:51.9282290Z [1m[32m  Downloaded[0m tower-http v0.6.6
2025-09-20T21:20:51.9444610Z [1m[32m  Downloaded[0m tower v0.5.2
2025-09-20T21:20:51.9943870Z [1m[32m  Downloaded[0m lru-slab v0.1.2
2025-09-20T21:20:51.9963550Z [1m[32m  Downloaded[0m ipnet v2.11.0
2025-09-20T21:20:51.9990640Z [1m[32m  Downloaded[0m hyper-rustls v0.27.7
2025-09-20T21:20:52.0030410Z [1m[32m  Downloaded[0m http-body v0.4.6
2025-09-20T21:20:52.0059100Z [1m[32m  Downloaded[0m heapless v0.7.17
2025-09-20T21:20:52.0142960Z [1m[32m  Downloaded[0m crc v3.3.0
2025-09-20T21:20:52.0176400Z [1m[32m  Downloaded[0m try-lock v0.2.5
2025-09-20T21:20:52.0198920Z [1m[32m  Downloaded[0m tracing-subscriber v0.3.20
2025-09-20T21:20:52.0774770Z [1m[32m  Downloaded[0m tracing-attributes v0.1.30
2025-09-20T21:20:52.0823440Z [1m[32m  Downloaded[0m tower-layer v0.3.3
2025-09-20T21:20:52.0839250Z [1m[32m  Downloaded[0m quinn v0.11.9
2025-09-20T21:20:52.0924260Z [1m[32m  Downloaded[0m native-tls v0.2.14
2025-09-20T21:20:52.1062240Z [1m[32m  Downloaded[0m yasna v0.5.2
2025-09-20T21:20:52.1129910Z [1m[32m  Downloaded[0m webrtc-util v0.11.0
2025-09-20T21:20:52.1231640Z [1m[32m  Downloaded[0m libsqlite3-sys v0.30.1
2025-09-20T21:20:52.2439830Z [1m[32m  Downloaded[0m unicode-properties v0.1.3
2025-09-20T21:20:52.2498290Z [1m[32m  Downloaded[0m ts-rs-macros v11.0.1
2025-09-20T21:20:52.2556240Z [1m[32m  Downloaded[0m rcgen v0.14.4
2025-09-20T21:20:52.2592690Z [1m[32m  Downloaded[0m core-foundation v0.10.1
2025-09-20T21:20:52.2647970Z [1m[32m  Downloaded[0m ascon-core v0.4.1
2025-09-20T21:20:52.2682430Z [1m[32m  Downloaded[0m ml-dsa v0.0.4
2025-09-20T21:20:52.2740540Z [1m[32m  Downloaded[0m want v0.3.1
2025-09-20T21:20:52.2754270Z [1m[32m  Downloaded[0m tracing-core v0.1.34
2025-09-20T21:20:52.2800180Z [1m[32m  Downloaded[0m tower-service v0.3.3
2025-09-20T21:20:52.2810780Z [1m[32m  Downloaded[0m constant_time_eq v0.3.1
2025-09-20T21:20:52.3163690Z [1m[32m  Downloaded[0m openssl-src v300.5.2+3.5.2
2025-09-20T21:20:53.7174150Z [1m[32m   Compiling[0m proc-macro2 v1.0.101
2025-09-20T21:20:53.7192420Z [1m[32m   Compiling[0m unicode-ident v1.0.19
2025-09-20T21:20:53.7200850Z [1m[32m   Compiling[0m cfg-if v1.0.3
2025-09-20T21:20:53.8028820Z [1m[32m   Compiling[0m libc v0.2.175
2025-09-20T21:20:53.8873890Z [1m[32m   Compiling[0m pin-project-lite v0.2.16
2025-09-20T21:20:53.9516540Z [1m[32m   Compiling[0m futures-core v0.3.31
2025-09-20T21:20:54.0731600Z [1m[32m   Compiling[0m autocfg v1.5.0
2025-09-20T21:20:54.4014310Z [1m[32m   Compiling[0m smallvec v1.15.1
2025-09-20T21:20:54.4684570Z [1m[32m   Compiling[0m lock_api v0.4.13
2025-09-20T21:20:54.5117010Z [1m[32m   Compiling[0m quote v1.0.40
2025-09-20T21:20:54.5966550Z [1m[32m   Compiling[0m futures-sink v0.3.31
2025-09-20T21:20:54.6471080Z [1m[32m   Compiling[0m syn v2.0.106
2025-09-20T21:20:54.7085390Z [1m[32m   Compiling[0m parking_lot_core v0.9.11
2025-09-20T21:20:54.7999600Z [1m[32m   Compiling[0m zerocopy v0.8.27
2025-09-20T21:20:54.8653360Z [1m[32m   Compiling[0m slab v0.4.11
2025-09-20T21:20:54.9785750Z [1m[32m   Compiling[0m scopeguard v1.2.0
2025-09-20T21:20:55.1802480Z [1m[32m   Compiling[0m hashbrown v0.16.0
2025-09-20T21:20:55.2732320Z [1m[32m   Compiling[0m once_cell v1.21.3
2025-09-20T21:20:55.3766370Z [1m[32m   Compiling[0m semver v1.0.27
2025-09-20T21:20:55.5191330Z [1m[32m   Compiling[0m memchr v2.7.5
2025-09-20T21:20:55.5730430Z [1m[32m   Compiling[0m equivalent v1.0.2
2025-09-20T21:20:55.6323560Z [1m[32m   Compiling[0m winnow v0.7.13
2025-09-20T21:20:55.8326980Z [1m[32m   Compiling[0m aho-corasick v1.1.3
2025-09-20T21:20:56.6656300Z [1m[32m   Compiling[0m toml_parser v1.0.3
2025-09-20T21:20:56.7787500Z [1m[32m   Compiling[0m indexmap v2.11.4
2025-09-20T21:20:57.0736210Z [1m[32m   Compiling[0m rustc_version v0.4.1
2025-09-20T21:20:57.1749760Z [1m[32m   Compiling[0m tracing-core v0.1.34
2025-09-20T21:20:57.2517580Z [1m[32m   Compiling[0m parking_lot v0.12.4
2025-09-20T21:20:57.5492330Z [1m[32m   Compiling[0m futures-channel v0.3.31
2025-09-20T21:20:57.6702150Z [1m[32m   Compiling[0m getrandom v0.2.16
2025-09-20T21:20:57.7784120Z [1m[32m   Compiling[0m mio v1.0.4
2025-09-20T21:20:57.8578580Z [1m[32m   Compiling[0m tokio-macros v2.5.0
2025-09-20T21:20:58.1911440Z [1m[32m   Compiling[0m futures-macro v0.3.31
2025-09-20T21:20:58.2012950Z [1m[32m   Compiling[0m socket2 v0.6.0
2025-09-20T21:20:58.5107490Z [1m[32m   Compiling[0m futures-io v0.3.31
2025-09-20T21:20:58.5959520Z [1m[32m   Compiling[0m regex-syntax v0.8.6
2025-09-20T21:20:58.6061120Z [1m[32m   Compiling[0m futures-task v0.3.31
2025-09-20T21:20:58.6980020Z [1m[32m   Compiling[0m pin-utils v0.1.0
2025-09-20T21:20:58.7393570Z [1m[32m   Compiling[0m toml_datetime v0.7.2
2025-09-20T21:20:58.8671590Z [1m[32m   Compiling[0m bytes v1.10.1
2025-09-20T21:20:59.2551830Z [1m[32m   Compiling[0m serde_core v1.0.225
2025-09-20T21:20:59.4784060Z [1m[32m   Compiling[0m regex-automata v0.4.10
2025-09-20T21:21:00.4686760Z [1m[32m   Compiling[0m tokio v1.47.1
2025-09-20T21:21:01.9004220Z [1m[32m   Compiling[0m toml_edit v0.23.6
2025-09-20T21:21:02.1284850Z [1m[32m   Compiling[0m futures-util v0.3.31
2025-09-20T21:21:02.5617660Z [1m[32m   Compiling[0m ppv-lite86 v0.2.21
2025-09-20T21:21:02.6976130Z [1m[32m   Compiling[0m rand_core v0.6.4
2025-09-20T21:21:02.8066890Z [1m[32m   Compiling[0m rstest_macros v0.23.0
2025-09-20T21:21:02.9805090Z [1m[32m   Compiling[0m serde v1.0.225
2025-09-20T21:21:03.2444620Z [1m[32m   Compiling[0m lazy_static v1.5.0
2025-09-20T21:21:03.3248530Z [1m[32m   Compiling[0m log v0.4.28
2025-09-20T21:21:03.5659640Z [1m[32m   Compiling[0m tracing-log v0.2.0
2025-09-20T21:21:03.8084580Z [1m[32m   Compiling[0m sharded-slab v0.1.7
2025-09-20T21:21:04.2769970Z [1m[32m   Compiling[0m futures-executor v0.3.31
2025-09-20T21:21:04.3639740Z [1m[32m   Compiling[0m rand_chacha v0.3.1
2025-09-20T21:21:04.5034560Z [1m[32m   Compiling[0m proc-macro-crate v3.4.0
2025-09-20T21:21:04.9999420Z [1m[32m   Compiling[0m regex v1.11.2
2025-09-20T21:21:05.1550300Z [1m[32m   Compiling[0m matchers v0.2.0
2025-09-20T21:21:05.2162250Z [1m[32m   Compiling[0m serde_derive v1.0.225
2025-09-20T21:21:05.4598130Z [1m[32m   Compiling[0m tracing v0.1.41
2025-09-20T21:21:05.5707960Z [1m[32m   Compiling[0m thread_local v1.1.9
2025-09-20T21:21:05.7313780Z [1m[32m   Compiling[0m nu-ansi-term v0.50.1
2025-09-20T21:21:05.9626610Z [1m[32m   Compiling[0m relative-path v1.9.3
2025-09-20T21:21:06.1253210Z [1m[32m   Compiling[0m glob v0.3.3
2025-09-20T21:21:06.3370110Z [1m[32m   Compiling[0m anyhow v1.0.100
2025-09-20T21:21:07.7472560Z [1m[32m   Compiling[0m tracing-subscriber v0.3.20
2025-09-20T21:21:08.6080620Z [1m[32m   Compiling[0m rand v0.8.5
2025-09-20T21:21:09.3121580Z [1m[32m   Compiling[0m futures v0.3.31
2025-09-20T21:21:09.3122180Z [1m[32m   Compiling[0m tokio-util v0.7.16
2025-09-20T21:21:09.3422880Z [1m[32m   Compiling[0m tokio-stream v0.1.17
2025-09-20T21:21:09.6728650Z [1m[32m   Compiling[0m async-stream-impl v0.3.6
2025-09-20T21:21:10.0158260Z [1m[32m   Compiling[0m futures-timer v3.0.3
2025-09-20T21:21:10.2895810Z [1m[32m   Compiling[0m rstest v0.23.0
2025-09-20T21:21:10.3501430Z [1m[32m   Compiling[0m async-stream v0.3.6
2025-09-20T21:21:10.3805570Z [1m[32m   Compiling[0m citadel_logging v0.13.0 (/Users/runner/work/Citadel-Protocol/Citadel-Protocol/citadel_logging)
2025-09-20T21:21:10.4106210Z [1m[32m   Compiling[0m bincode v1.3.3
2025-09-20T21:21:10.6839430Z [1m[32m   Compiling[0m citadel_io v0.13.0 (/Users/runner/work/Citadel-Protocol/Citadel-Protocol/citadel_io)
2025-09-20T21:21:10.7346950Z [1m[32m   Compiling[0m async-trait v0.1.89
2025-09-20T21:21:10.8052420Z [1m[32m   Compiling[0m async-recursion v1.1.1
2025-09-20T21:21:10.9275100Z [1m[32m   Compiling[0m sync_wrapper v1.0.2
2025-09-20T21:21:11.3071000Z [1m[32m   Compiling[0m netbeam v0.13.0 (/Users/runner/work/Citadel-Protocol/Citadel-Protocol/netbeam)
2025-09-20T21:21:15.4230590Z [1m[32m    Finished[0m `test` profile [unoptimized + debuginfo] target(s) in 21.85s
2025-09-20T21:21:15.4474340Z ────────────
2025-09-20T21:21:15.4475120Z [32;1m Nextest run[0m ID [1mf3cd9e5b-1be9-44f7-8cdb-087ef1a716da[0m with nextest profile: [1mdefault[0m
2025-09-20T21:21:15.4476590Z [32;1m    Starting[0m [1m19[0m tests across [1m1[0m binary
2025-09-20T21:21:15.6454720Z [32;1m        PASS[0m [   0.197s] [35;1mnetbeam[0m [36mmultiplex::tests[0m[36m::[0m[34;1mnested_multiplexed_stream[0m
2025-09-20T21:21:15.9538970Z [32;1m        PASS[0m [   0.309s] [35;1mnetbeam[0m [36msync::callback_channel::tests[0m[36m::[0m[34;1mmain[0m
2025-09-20T21:21:15.9762370Z [32;1m        PASS[0m [   0.022s] [35;1mnetbeam[0m [36msync::channel::bi_channel::tests[0m[36m::[0m[34;1mbi_channel[0m
2025-09-20T21:21:15.9827180Z [32;1m        PASS[0m [   0.006s] [35;1mnetbeam[0m [36msync::network_endpoint::tests[0m[36m::[0m[34;1mmain[0m
2025-09-20T21:21:32.0414580Z [32;1m        PASS[0m [  16.058s] [35;1mnetbeam[0m [36msync::operations::net_select_ok::tests[0m[36m::[0m[34;1mracer[0m
2025-09-20T21:21:32.6429790Z [32;1m        PASS[0m [   0.601s] [35;1mnetbeam[0m [36msync::operations::net_try_join::tests[0m[36m::[0m[34;1mracer[0m
2025-09-20T21:21:32.9358740Z [32;1m        PASS[0m [   0.293s] [35;1mnetbeam[0m [36msync::primitives::net_mutex::tests::test_net_mutex[0m[36m::[0m[34;1mcase_1[0m
2025-09-20T21:21:37.6107710Z [32;1m        PASS[0m [   4.674s] [35;1mnetbeam[0m [36msync::primitives::net_mutex::tests::test_net_mutex[0m[36m::[0m[34;1mcase_2[0m
2025-09-20T21:21:43.9659200Z [32;1m        PASS[0m [   6.356s] [35;1mnetbeam[0m [36msync::primitives::net_mutex::tests::test_net_mutex[0m[36m::[0m[34;1mcase_3[0m
2025-09-20T21:21:44.2758140Z [32;1m        PASS[0m [   0.310s] [35;1mnetbeam[0m [36msync::primitives::net_rwlock::tests[0m[36m::[0m[34;1mmany_interweaved[0m
2025-09-20T21:21:44.2882020Z [32;1m        PASS[0m [   0.012s] [35;1mnetbeam[0m [36msync::primitives::net_rwlock::tests[0m[36m::[0m[34;1mmany_reads[0m
2025-09-20T21:21:47.2495540Z [32;1m        PASS[0m [   2.961s] [35;1mnetbeam[0m [36msync::primitives::net_rwlock::tests[0m[36m::[0m[34;1mmany_reads_end_with_write[0m
2025-09-20T21:21:50.6532730Z [32;1m        PASS[0m [   3.403s] [35;1mnetbeam[0m [36msync::primitives::net_rwlock::tests[0m[36m::[0m[34;1mmany_reads_no_initial_write[0m
2025-09-20T21:21:50.9573910Z [32;1m        PASS[0m [   0.304s] [35;1mnetbeam[0m [36msync::primitives::net_rwlock::tests[0m[36m::[0m[34;1mmany_writes[0m
2025-09-20T21:21:50.9659560Z [32;1m        PASS[0m [   0.009s] [35;1mnetbeam[0m [36msync::sync_start::tests[0m[36m::[0m[34;1mrun_getter[0m
2025-09-20T21:21:51.3100720Z [32;1m        PASS[0m [   0.344s] [35;1mnetbeam[0m [36msync::sync_start::tests[0m[36m::[0m[34;1mrun_parallel_many[0m
2025-09-20T21:21:51.3176210Z [32;1m        PASS[0m [   0.008s] [35;1mnetbeam[0m [36msync::tracked_callback_channel::tests[0m[36m::[0m[34;1mtest_error[0m
2025-09-20T21:21:51.3615360Z [32;1m        PASS[0m [   0.044s] [35;1mnetbeam[0m [36msync::tracked_callback_channel::tests[0m[36m::[0m[34;1mtest_tracked_callback[0m
2025-09-20T21:21:51.3776130Z [32;1m        PASS[0m [   0.016s] [35;1mnetbeam[0m [36msync::tracked_callback_channel::tests[0m[36m::[0m[34;1mtest_tracked_callback_no_response[0m
2025-09-20T21:21:51.3776790Z ────────────
2025-09-20T21:21:51.3777460Z [32;1m     Summary[0m [  35.930s] [1m19[0m tests run: [1m19[0m [32;1mpassed[0m, [1m0[0m [33;1mskipped[0m
2025-09-20T21:21:51.3779800Z [32;1m        PASS[0m [   0.197s] [35;1mnetbeam[0m [36mmultiplex::tests[0m[36m::[0m[34;1mnested_multiplexed_stream[0m
2025-09-20T21:21:51.3780600Z [32;1m        PASS[0m [   0.309s] [35;1mnetbeam[0m [36msync::callback_channel::tests[0m[36m::[0m[34;1mmain[0m
2025-09-20T21:21:51.3781590Z [32;1m        PASS[0m [   0.022s] [35;1mnetbeam[0m [36msync::channel::bi_channel::tests[0m[36m::[0m[34;1mbi_channel[0m
2025-09-20T21:21:51.3782450Z [32;1m        PASS[0m [   0.006s] [35;1mnetbeam[0m [36msync::network_endpoint::tests[0m[36m::[0m[34;1mmain[0m
2025-09-20T21:21:51.3783890Z [32;1m        PASS[0m [  16.058s] [35;1mnetbeam[0m [36msync::operations::net_select_ok::tests[0m[36m::[0m[34;1mracer[0m
2025-09-20T21:21:51.3784620Z [32;1m        PASS[0m [   0.601s] [35;1mnetbeam[0m [36msync::operations::net_try_join::tests[0m[36m::[0m[34;1mracer[0m
2025-09-20T21:21:51.3785480Z [32;1m        PASS[0m [   0.293s] [35;1mnetbeam[0m [36msync::primitives::net_mutex::tests::test_net_mutex[0m[36m::[0m[34;1mcase_1[0m
2025-09-20T21:21:51.3786280Z [32;1m        PASS[0m [   4.674s] [35;1mnetbeam[0m [36msync::primitives::net_mutex::tests::test_net_mutex[0m[36m::[0m[34;1mcase_2[0m
2025-09-20T21:21:51.3787120Z [32;1m        PASS[0m [   6.356s] [35;1mnetbeam[0m [36msync::primitives::net_mutex::tests::test_net_mutex[0m[36m::[0m[34;1mcase_3[0m
2025-09-20T21:21:51.3787860Z [32;1m        PASS[0m [   0.310s] [35;1mnetbeam[0m [36msync::primitives::net_rwlock::tests[0m[36m::[0m[34;1mmany_interweaved[0m
2025-09-20T21:21:51.3788740Z [32;1m        PASS[0m [   0.012s] [35;1mnetbeam[0m [36msync::primitives::net_rwlock::tests[0m[36m::[0m[34;1mmany_reads[0m
2025-09-20T21:21:51.3789510Z [32;1m        PASS[0m [   2.961s] [35;1mnetbeam[0m [36msync::primitives::net_rwlock::tests[0m[36m::[0m[34;1mmany_reads_end_with_write[0m
2025-09-20T21:21:51.3790310Z [32;1m        PASS[0m [   3.403s] [35;1mnetbeam[0m [36msync::primitives::net_rwlock::tests[0m[36m::[0m[34;1mmany_reads_no_initial_write[0m
2025-09-20T21:21:51.3791210Z [32;1m        PASS[0m [   0.304s] [35;1mnetbeam[0m [36msync::primitives::net_rwlock::tests[0m[36m::[0m[34;1mmany_writes[0m
2025-09-20T21:21:51.3791910Z [32;1m        PASS[0m [   0.009s] [35;1mnetbeam[0m [36msync::sync_start::tests[0m[36m::[0m[34;1mrun_getter[0m
2025-09-20T21:21:51.3792620Z [32;1m        PASS[0m [   0.344s] [35;1mnetbeam[0m [36msync::sync_start::tests[0m[36m::[0m[34;1mrun_parallel_many[0m
2025-09-20T21:21:51.3793480Z [32;1m        PASS[0m [   0.008s] [35;1mnetbeam[0m [36msync::tracked_callback_channel::tests[0m[36m::[0m[34;1mtest_error[0m
2025-09-20T21:21:51.3794290Z [32;1m        PASS[0m [   0.044s] [35;1mnetbeam[0m [36msync::tracked_callback_channel::tests[0m[36m::[0m[34;1mtest_tracked_callback[0m
2025-09-20T21:21:51.3795170Z [32;1m        PASS[0m [   0.016s] [35;1mnetbeam[0m [36msync::tracked_callback_channel::tests[0m[36m::[0m[34;1mtest_tracked_callback_no_response[0m
2025-09-20T21:21:51.4033500Z ##[group]Run cargo nextest run --package citadel_wire --features=localhost-testing
2025-09-20T21:21:51.4034160Z [36;1mcargo nextest run --package citadel_wire --features=localhost-testing[0m
2025-09-20T21:21:51.4072380Z shell: /bin/bash -e {0}
2025-09-20T21:21:51.4072550Z env:
2025-09-20T21:21:51.4072720Z   CARGO_TERM_COLOR: always
2025-09-20T21:21:51.4072910Z   RUST_BACKTRACE: full
2025-09-20T21:21:51.4073140Z   RUST_MIN_STACK: 40971520
2025-09-20T21:21:51.4073320Z   RUST_LOG: citadel=warn
2025-09-20T21:21:51.4073540Z   IN_CI: true
2025-09-20T21:21:51.4073720Z   OPENSSL_ROOT_DIR: /usr/local/opt/openssl@1.1
2025-09-20T21:21:51.4073950Z   CARGO_HOME: /Users/runner/.cargo
2025-09-20T21:21:51.4074150Z   CARGO_INCREMENTAL: 0
2025-09-20T21:21:51.4074360Z ##[endgroup]
2025-09-20T21:21:51.9691160Z [1m[32m   Compiling[0m syn v2.0.106
2025-09-20T21:21:51.9766860Z [1m[32m   Compiling[0m libc v0.2.175
2025-09-20T21:21:51.9774730Z [1m[32m   Compiling[0m smallvec v1.15.1
2025-09-20T21:21:52.1150370Z [1m[32m   Compiling[0m stable_deref_trait v1.2.0
2025-09-20T21:21:52.1518150Z [1m[32m   Compiling[0m shlex v1.3.0
2025-09-20T21:21:52.2714100Z [1m[32m   Compiling[0m find-msvc-tools v0.1.2
2025-09-20T21:21:52.3984450Z [1m[32m   Compiling[0m cc v1.2.38
2025-09-20T21:21:52.8655960Z [1m[32m   Compiling[0m socket2 v0.6.0
2025-09-20T21:21:53.1732890Z [1m[32m   Compiling[0m parking_lot_core v0.9.11
2025-09-20T21:21:53.2732510Z [1m[32m   Compiling[0m mio v1.0.4
2025-09-20T21:21:53.3902640Z [1m[32m   Compiling[0m parking_lot v0.12.4
2025-09-20T21:21:53.6648840Z [1m[32m   Compiling[0m signal-hook-registry v1.4.6
2025-09-20T21:21:53.6854940Z [1m[32m   Compiling[0m getrandom v0.2.16
2025-09-20T21:21:53.7791490Z [1m[32m   Compiling[0m itoa v1.0.15
2025-09-20T21:21:53.8745550Z [1m[32m   Compiling[0m futures-channel v0.3.31
2025-09-20T21:21:53.9576190Z [1m[32m   Compiling[0m fnv v1.0.7
2025-09-20T21:21:54.0895170Z [1m[32m   Compiling[0m litemap v0.8.0
2025-09-20T21:21:54.0999600Z [1m[32m   Compiling[0m writeable v0.6.1
2025-09-20T21:21:54.2815040Z [1m[32m   Compiling[0m synstructure v0.13.2
2025-09-20T21:21:54.3234290Z [1m[32m   Compiling[0m ring v0.17.14
2025-09-20T21:21:54.5992380Z [1m[32m   Compiling[0m icu_normalizer_data v2.0.0
2025-09-20T21:21:54.6538690Z [1m[32m   Compiling[0m icu_properties_data v2.0.1
2025-09-20T21:21:54.7750560Z [1m[32m   Compiling[0m zeroize v1.8.1
2025-09-20T21:21:54.8789840Z [1m[32m   Compiling[0m rustls-pki-types v1.12.0
2025-09-20T21:21:55.3187200Z [1m[32m   Compiling[0m percent-encoding v2.3.2
2025-09-20T21:21:55.4158350Z [1m[32m   Compiling[0m untrusted v0.9.0
2025-09-20T21:21:55.4688820Z [1m[32m   Compiling[0m bitflags v2.9.4
2025-09-20T21:21:55.5799770Z [1m[32m   Compiling[0m zerofrom-derive v0.1.6
2025-09-20T21:21:55.6045810Z [1m[32m   Compiling[0m yoke-derive v0.8.0
2025-09-20T21:21:56.1800180Z [1m[32m   Compiling[0m tokio-macros v2.5.0
2025-09-20T21:21:56.3350330Z [1m[32m   Compiling[0m zerofrom v0.1.6
2025-09-20T21:21:56.3563600Z [1m[32m   Compiling[0m zerovec-derive v0.11.1
2025-09-20T21:21:56.3918530Z [1m[32m   Compiling[0m yoke v0.8.0
2025-09-20T21:21:56.4719790Z [1m[32m   Compiling[0m displaydoc v0.2.5
2025-09-20T21:21:56.5458610Z [1m[32m   Compiling[0m tokio v1.47.1
2025-09-20T21:21:56.8570490Z [1m[32m   Compiling[0m futures-macro v0.3.31
2025-09-20T21:21:56.9921040Z [1m[32m   Compiling[0m zerovec v0.11.4
2025-09-20T21:21:57.3092800Z [1m[32m   Compiling[0m futures-util v0.3.31
2025-09-20T21:21:57.5555910Z [1m[32m   Compiling[0m tinystr v0.8.1
2025-09-20T21:21:57.6567910Z [1m[32m   Compiling[0m tracing-attributes v0.1.30
2025-09-20T21:21:58.4411040Z [1m[32m   Compiling[0m tracing v0.1.41
2025-09-20T21:21:58.5723320Z [1m[32m   Compiling[0m icu_locale_core v2.0.0
2025-09-20T21:21:59.1036360Z [1m[32m   Compiling[0m potential_utf v0.1.3
2025-09-20T21:21:59.2237680Z [1m[32m   Compiling[0m zerotrie v0.2.2
2025-09-20T21:21:59.2693270Z [1m[32m   Compiling[0m serde_derive v1.0.225
2025-09-20T21:21:59.4438120Z [1m[32m   Compiling[0m icu_provider v2.0.0
2025-09-20T21:21:59.7190080Z [1m[32m   Compiling[0m icu_collections v2.0.0
2025-09-20T21:22:00.2092770Z [1m[32m   Compiling[0m getrandom v0.3.3
2025-09-20T21:22:00.4012700Z [1m[32m   Compiling[0m icu_properties v2.0.1
2025-09-20T21:22:01.5885280Z [1m[32m   Compiling[0m icu_normalizer v2.0.0
2025-09-20T21:22:02.1629140Z [1m[32m   Compiling[0m rand_core v0.6.4
2025-09-20T21:22:02.2833340Z [1m[32m   Compiling[0m hashbrown v0.16.0
2025-09-20T21:22:02.6557530Z [1m[32m   Compiling[0m httparse v1.10.1
2025-09-20T21:22:02.7159480Z [1m[32m   Compiling[0m serde v1.0.225
2025-09-20T21:22:02.8674670Z [1m[32m   Compiling[0m version_check v0.9.5
2025-09-20T21:22:03.0205420Z [1m[32m   Compiling[0m typenum v1.18.0
2025-09-20T21:22:03.2474030Z [1m[32m   Compiling[0m equivalent v1.0.2
2025-09-20T21:22:03.2785000Z [1m[32m   Compiling[0m indexmap v2.11.4
2025-09-20T21:22:03.2886390Z [1m[32m   Compiling[0m generic-array v0.14.7
2025-09-20T21:22:03.4295050Z [1m[32m   Compiling[0m rand_chacha v0.3.1
2025-09-20T21:22:03.8116280Z [1m[32m   Compiling[0m idna_adapter v1.2.1
2025-09-20T21:22:03.9595110Z [1m[32m   Compiling[0m form_urlencoded v1.2.2
2025-09-20T21:22:03.9902190Z [1m[32m   Compiling[0m http v1.3.1
2025-09-20T21:22:04.0410290Z [1m[32m   Compiling[0m core-foundation-sys v0.8.7
2025-09-20T21:22:04.0920790Z [1m[32m   Compiling[0m tower-service v0.3.3
2025-09-20T21:22:04.1222560Z [1m[32m   Compiling[0m try-lock v0.2.5
2025-09-20T21:22:04.1627090Z [1m[32m   Compiling[0m utf8_iter v1.0.4
2025-09-20T21:22:04.1728400Z [1m[32m   Compiling[0m want v0.3.1
2025-09-20T21:22:04.2363070Z [1m[32m   Compiling[0m idna v1.1.0
2025-09-20T21:22:04.2464300Z [1m[32m   Compiling[0m rand v0.8.5
2025-09-20T21:22:04.7810090Z [1m[32m   Compiling[0m http-body v1.0.1
2025-09-20T21:22:05.0423850Z [1m[32m   Compiling[0m tokio-util v0.7.16
2025-09-20T21:22:05.0633230Z [1m[32m   Compiling[0m rustls v0.23.32
2025-09-20T21:22:05.1649470Z [1m[32m   Compiling[0m subtle v2.6.1
2025-09-20T21:22:05.2452730Z [1m[32m   Compiling[0m cfg_aliases v0.2.1
2025-09-20T21:22:05.2753640Z [1m[32m   Compiling[0m url v2.5.7
2025-09-20T21:22:05.7960920Z [1m[32m   Compiling[0m core-foundation v0.10.1
2025-09-20T21:22:05.9679800Z [1m[32m   Compiling[0m security-framework-sys v2.15.0
2025-09-20T21:22:06.0302250Z [1m[32m   Compiling[0m rand_core v0.9.3
2025-09-20T21:22:06.0703270Z [1m[32m   Compiling[0m rustls-webpki v0.103.6
2025-09-20T21:22:06.0805390Z [1m[32m   Compiling[0m futures-executor v0.3.31
2025-09-20T21:22:06.2024190Z [1m[32m   Compiling[0m http v0.2.12
2025-09-20T21:22:06.2426390Z [1m[32m   Compiling[0m sync_wrapper v1.0.2
2025-09-20T21:22:06.2829570Z [1m[32m   Compiling[0m memoffset v0.7.1
2025-09-20T21:22:06.3934810Z [1m[32m   Compiling[0m vcpkg v0.2.15
2025-09-20T21:22:06.7772580Z [1m[32m   Compiling[0m pkg-config v0.3.32
2025-09-20T21:22:07.1118260Z [1m[32m   Compiling[0m base64 v0.22.1
2025-09-20T21:22:07.1217360Z [1m[32m   Compiling[0m libm v0.2.15
2025-09-20T21:22:07.2763470Z [1m[32m   Compiling[0m ipnet v2.11.0
2025-09-20T21:22:07.4282550Z [1m[32m   Compiling[0m openssl-sys v0.9.109
2025-09-20T21:22:07.7716480Z [1m[32m   Compiling[0m rand_chacha v0.9.0
2025-09-20T21:22:07.8293440Z [1m[32m   Compiling[0m futures v0.3.31
2025-09-20T21:22:07.8598370Z [1m[32m   Compiling[0m security-framework v3.4.0
2025-09-20T21:22:08.0288390Z [1m[32m   Compiling[0m async-trait v0.1.89
2025-09-20T21:22:08.5801860Z [1m[32m   Compiling[0m powerfmt v0.2.0
2025-09-20T21:22:08.6811030Z [1m[32m   Compiling[0m atomic-waker v1.1.2
2025-09-20T21:22:08.7315320Z [1m[32m   Compiling[0m thiserror v2.0.16
2025-09-20T21:22:08.9005730Z [1m[32m   Compiling[0m tower-layer v0.3.3
2025-09-20T21:22:08.9115950Z [1m[32m   Compiling[0m thiserror v1.0.69
2025-09-20T21:22:08.9819080Z [1m[32m   Compiling[0m tower v0.5.2
2025-09-20T21:22:09.0955730Z [1m[32m   Compiling[0m toml_edit v0.23.6
2025-09-20T21:22:09.3021770Z [1m[32m   Compiling[0m hyper v1.7.0
2025-09-20T21:22:09.6929670Z [1m[32m   Compiling[0m deranged v0.5.3
2025-09-20T21:22:10.0802010Z [1m[32m   Compiling[0m rand v0.9.2
2025-09-20T21:22:10.5178500Z [1m[32m   Compiling[0m block-buffer v0.10.4
2025-09-20T21:22:10.5817730Z [1m[32m   Compiling[0m crypto-common v0.1.6
2025-09-20T21:22:10.6320290Z [1m[32m   Compiling[0m quinn-udp v0.5.14
2025-09-20T21:22:10.8303350Z [1m[32m   Compiling[0m tokio-stream v0.1.17
2025-09-20T21:22:11.0182830Z [1m[32m   Compiling[0m thiserror-impl v1.0.69
2025-09-20T21:22:11.2608000Z [1m[32m   Compiling[0m thiserror-impl v2.0.16
2025-09-20T21:22:11.2800740Z [1m[32m   Compiling[0m tinyvec_macros v0.1.1
2025-09-20T21:22:11.3108820Z [1m[32m   Compiling[0m num-conv v0.1.0
2025-09-20T21:22:11.3844900Z [1m[32m   Compiling[0m bitflags v1.3.2
2025-09-20T21:22:11.4151870Z [1m[32m   Compiling[0m ryu v1.0.20
2025-09-20T21:22:11.5212050Z [1m[32m   Compiling[0m siphasher v1.0.1
2025-09-20T21:22:11.5961700Z [1m[32m   Compiling[0m iri-string v0.7.8
2025-09-20T21:22:11.7058680Z [1m[32m   Compiling[0m syn v1.0.109
2025-09-20T21:22:11.8703600Z [1m[32m   Compiling[0m time-core v0.1.6
2025-09-20T21:22:11.9335510Z [1m[32m   Compiling[0m time v0.3.44
2025-09-20T21:22:12.1372770Z [1m[32m   Compiling[0m fastbloom v0.14.0
2025-09-20T21:22:12.2631920Z [1m[32m   Compiling[0m serde_urlencoded v0.7.1
2025-09-20T21:22:12.3149040Z [1m[32m   Compiling[0m nix v0.26.4
2025-09-20T21:22:12.3852460Z [1m[32m   Compiling[0m tinyvec v1.10.0
2025-09-20T21:22:12.5905590Z [1m[32m   Compiling[0m tower-http v0.6.6
2025-09-20T21:22:12.7651450Z [1m[32m   Compiling[0m rustls-platform-verifier v0.6.1
2025-09-20T21:22:12.8159810Z [1m[32m   Compiling[0m citadel_io v0.13.0 (/Users/runner/work/Citadel-Protocol/Citadel-Protocol/citadel_io)
2025-09-20T21:22:12.8773910Z [1m[32m   Compiling[0m digest v0.10.7
2025-09-20T21:22:12.9642030Z [1m[32m   Compiling[0m hyper-util v0.1.17
2025-09-20T21:22:13.0379490Z [1m[32m   Compiling[0m proc-macro-crate v3.4.0
2025-09-20T21:22:13.3254930Z [1m[32m   Compiling[0m h2 v0.3.27
2025-09-20T21:22:14.0111930Z [1m[32m   Compiling[0m http-body v0.4.6
2025-09-20T21:22:14.0815700Z [1m[32m   Compiling[0m quinn v0.11.9
2025-09-20T21:22:14.1335870Z [1m[32m   Compiling[0m http-body-util v0.1.3
2025-09-20T21:22:14.2195400Z [1m[32m   Compiling[0m async-stream-impl v0.3.6
2025-09-20T21:22:14.2600880Z [1m[32m   Compiling[0m socket2 v0.5.10
2025-09-20T21:22:14.5219360Z [1m[32m   Compiling[0m httpdate v1.0.3
2025-09-20T21:22:14.5638250Z [1m[32m   Compiling[0m lru-slab v0.1.2
2025-09-20T21:22:14.6142160Z [1m[32m   Compiling[0m rustc-hash v2.1.1
2025-09-20T21:22:14.6466650Z [1m[32m   Compiling[0m openssl v0.10.73
2025-09-20T21:22:14.6668520Z [1m[32m   Compiling[0m foreign-types-shared v0.1.1
2025-09-20T21:22:14.6962920Z [1m[32m   Compiling[0m wildmatch v1.1.0
2025-09-20T21:22:14.7692870Z [1m[32m   Compiling[0m xml-rs v0.8.27
2025-09-20T21:22:14.7831260Z [1m[32m   Compiling[0m crc-catalog v2.4.0
2025-09-20T21:22:14.8136650Z [1m[32m   Compiling[0m rstest_macros v0.23.0
2025-09-20T21:22:15.9744620Z [1m[32m   Compiling[0m hyper v0.14.32
2025-09-20T21:22:16.8680750Z [1m[32m   Compiling[0m xmltree v0.10.3
2025-09-20T21:22:16.9683670Z [1m[32m   Compiling[0m crc v3.3.0
2025-09-20T21:22:17.0896430Z [1m[32m   Compiling[0m attohttpc v0.16.3
2025-09-20T21:22:17.2112660Z [1m[32m   Compiling[0m foreign-types v0.3.2
2025-09-20T21:22:17.2414400Z [1m[32m   Compiling[0m quinn-proto v0.11.13
2025-09-20T21:22:17.8254400Z [1m[32m   Compiling[0m tracing-subscriber v0.3.20
2025-09-20T21:22:18.6417530Z [1m[32m   Compiling[0m async-stream v0.3.6
2025-09-20T21:22:18.6973680Z [1m[32m   Compiling[0m reqwest v0.12.23
2025-09-20T21:22:19.8811210Z [1m[32m   Compiling[0m webrtc-util v0.8.1
2025-09-20T21:22:20.9223190Z [1m[32m   Compiling[0m md-5 v0.10.6
2025-09-20T21:22:20.9927180Z [1m[32m   Compiling[0m yasna v0.5.2
2025-09-20T21:22:22.3901820Z [1m[32m   Compiling[0m pem v3.0.5
2025-09-20T21:22:22.5852630Z [1m[32m   Compiling[0m bincode v1.3.3
2025-09-20T21:22:22.9283860Z [1m[32m   Compiling[0m openssl-macros v0.1.1
2025-09-20T21:22:23.1446300Z [1m[32m   Compiling[0m auto_impl v1.3.0
2025-09-20T21:22:23.2788680Z [1m[32m   Compiling[0m either v1.15.0
2025-09-20T21:22:23.3953650Z [1m[32m   Compiling[0m base64 v0.21.7
2025-09-20T21:22:23.5790320Z [1m[32m   Compiling[0m stun v0.5.1
2025-09-20T21:22:23.8116570Z [1m[32m   Compiling[0m async_ip v0.13.0 (/Users/runner/work/Citadel-Protocol/Citadel-Protocol/async_ip)
2025-09-20T21:22:23.9998410Z [1m[32m   Compiling[0m rstest v0.23.0
2025-09-20T21:22:24.0610090Z [1m[32m   Compiling[0m itertools v0.14.0
2025-09-20T21:22:25.2211340Z [1m[32m   Compiling[0m async-trait-with-sync v0.1.36
2025-09-20T21:22:25.7695520Z [1m[32m   Compiling[0m netbeam v0.13.0 (/Users/runner/work/Citadel-Protocol/Citadel-Protocol/netbeam)
2025-09-20T21:22:26.0156640Z [1m[32m   Compiling[0m rcgen v0.14.4
2025-09-20T21:22:26.5991850Z [1m[32m   Compiling[0m citadel_logging v0.13.0 (/Users/runner/work/Citadel-Protocol/Citadel-Protocol/citadel_logging)
2025-09-20T21:22:26.7363080Z [1m[32m   Compiling[0m igd v0.12.1
2025-09-20T21:22:27.2717600Z [1m[32m   Compiling[0m tokio-rustls v0.26.3
2025-09-20T21:22:27.3955400Z [1m[32m   Compiling[0m rustls-native-certs v0.8.1
2025-09-20T21:22:27.5051780Z [1m[32m   Compiling[0m uuid v1.18.1
2025-09-20T21:22:27.5162110Z [1m[32m   Compiling[0m rustls-pemfile v2.2.0
2025-09-20T21:22:27.7028580Z [1m[32m   Compiling[0m citadel_wire v0.13.0 (/Users/runner/work/Citadel-Protocol/Citadel-Protocol/citadel_wire)
2025-09-20T21:22:28.5051230Z [0m[1m[33mwarning[0m[0m[1m: hiding a lifetime that's elided elsewhere is confusing[0m
2025-09-20T21:22:28.5051890Z [0m   [0m[0m[1m[38;5;12m--> [0m[0mcitadel_wire/src/udp_traversal/linear/method3.rs:456:20[0m
2025-09-20T21:22:28.5052360Z [0m    [0m[0m[1m[38;5;12m|[0m
2025-09-20T21:22:28.5052770Z [0m[1m[38;5;12m456[0m[0m [0m[0m[1m[38;5;12m|[0m[0m [0m[0m    fn new(socket: &UdpSocket) -> UdpWrapper {[0m
2025-09-20T21:22:28.5055020Z [0m    [0m[0m[1m[38;5;12m|[0m[0m                    [0m[0m[1m[33m^^^^^^^^^^[0m[0m     [0m[0m[1m[38;5;12m----------[0m[0m [0m[0m[1m[38;5;12mthe same lifetime is hidden here[0m
2025-09-20T21:22:28.5055700Z [0m    [0m[0m[1m[38;5;12m|[0m[0m                    [0m[0m[1m[33m|[0m
2025-09-20T21:22:28.5056140Z [0m    [0m[0m[1m[38;5;12m|[0m[0m                    [0m[0m[1m[33mthe lifetime is elided here[0m
2025-09-20T21:22:28.5056580Z [0m    [0m[0m[1m[38;5;12m|[0m
2025-09-20T21:22:28.5057150Z [0m    [0m[0m[1m[38;5;12m= [0m[0m[1mhelp[0m[0m: the same lifetime is referred to in inconsistent ways, making the signature confusing[0m
2025-09-20T21:22:28.5057860Z [0m    [0m[0m[1m[38;5;12m= [0m[0m[1mnote[0m[0m: `#[warn(mismatched_lifetime_syntaxes)]` on by default[0m
2025-09-20T21:22:28.5058370Z [0m[1m[38;5;14mhelp[0m[0m: use `'_` for type paths[0m
2025-09-20T21:22:28.5058660Z [0m    [0m[0m[1m[38;5;12m|[0m
2025-09-20T21:22:28.5059260Z [0m[1m[38;5;12m456[0m[0m [0m[0m[1m[38;5;12m| [0m[0m    fn new(socket: &UdpSocket) -> UdpWrapper[0m[0m[38;5;10m<'_>[0m[0m {[0m
2025-09-20T21:22:28.5059850Z [0m    [0m[0m[1m[38;5;12m|[0m[0m                                             [0m[0m[38;5;10m++++[0m
2025-09-20T21:22:28.5060140Z 
2025-09-20T21:22:28.5062220Z [0m[1m[33mwarning[0m[0m[1m: hiding a lifetime that's elided elsewhere is confusing[0m
2025-09-20T21:22:28.5063020Z [0m   [0m[0m[1m[38;5;12m--> [0m[0mcitadel_wire/src/udp_traversal/udp_hole_puncher.rs:217:9[0m
2025-09-20T21:22:28.5063580Z [0m    [0m[0m[1m[38;5;12m|[0m
2025-09-20T21:22:28.5064120Z [0m[1m[38;5;12m217[0m[0m [0m[0m[1m[38;5;12m|[0m[0m [0m[0m        &self,[0m
2025-09-20T21:22:28.5064990Z [0m    [0m[0m[1m[38;5;12m|[0m[0m         [0m[0m[1m[33m^^^^^[0m[0m [0m[0m[1m[33mthe lifetime is elided here[0m
2025-09-20T21:22:28.5065730Z [0m[1m[38;5;12m218[0m[0m [0m[0m[1m[38;5;12m|[0m[0m [0m[0m        encrypted_config_container: HolePunchConfigContainer,[0m
2025-09-20T21:22:28.5066580Z [0m[1m[38;5;12m219[0m[0m [0m[0m[1m[38;5;12m|[0m[0m [0m[0m    ) -> UdpHolePuncher;[0m
2025-09-20T21:22:28.5067260Z [0m    [0m[0m[1m[38;5;12m|[0m[0m          [0m[0m[1m[38;5;12m--------------[0m[0m [0m[0m[1m[38;5;12mthe same lifetime is hidden here[0m
2025-09-20T21:22:28.5068980Z [0m    [0m[0m[1m[38;5;12m|[0m
2025-09-20T21:22:28.5069950Z [0m    [0m[0m[1m[38;5;12m= [0m[0m[1mhelp[0m[0m: the same lifetime is referred to in inconsistent ways, making the signature confusing[0m
2025-09-20T21:22:28.5070580Z [0m[1m[38;5;14mhelp[0m[0m: use `'_` for type paths[0m
2025-09-20T21:22:28.5071270Z [0m    [0m[0m[1m[38;5;12m|[0m
2025-09-20T21:22:28.5071850Z [0m[1m[38;5;12m219[0m[0m [0m[0m[1m[38;5;12m| [0m[0m    ) -> UdpHolePuncher[0m[0m[38;5;10m<'_>[0m[0m;[0m
2025-09-20T21:22:28.5072500Z [0m    [0m[0m[1m[38;5;12m|[0m[0m                        [0m[0m[38;5;10m++++[0m
2025-09-20T21:22:28.5073110Z 
2025-09-20T21:22:28.5075140Z [0m[1m[33mwarning[0m[0m[1m: hiding a lifetime that's elided elsewhere is confusing[0m
2025-09-20T21:22:28.5075840Z [0m   [0m[0m[1m[38;5;12m--> [0m[0mcitadel_wire/src/udp_traversal/udp_hole_puncher.rs:224:9[0m
2025-09-20T21:22:28.5076630Z [0m    [0m[0m[1m[38;5;12m|[0m
2025-09-20T21:22:28.5078950Z [0m[1m[38;5;12m224[0m[0m [0m[0m[1m[38;5;12m|[0m[0m [0m[0m        &self,[0m
2025-09-20T21:22:28.5080450Z [0m    [0m[0m[1m[38;5;12m|[0m[0m         [0m[0m[1m[33m^^^^^[0m[0m [0m[0m[1m[33mthe lifetime is elided here[0m
2025-09-20T21:22:28.5080990Z [0m[1m[38;5;12m225[0m[0m [0m[0m[1m[38;5;12m|[0m[0m [0m[0m        encrypted_config_container: HolePunchConfigContainer,[0m
2025-09-20T21:22:28.5081620Z [0m[1m[38;5;12m226[0m[0m [0m[0m[1m[38;5;12m|[0m[0m [0m[0m    ) -> UdpHolePuncher {[0m
2025-09-20T21:22:28.5082060Z [0m    [0m[0m[1m[38;5;12m|[0m[0m          [0m[0m[1m[38;5;12m--------------[0m[0m [0m[0m[1m[38;5;12mthe same lifetime is hidden here[0m
2025-09-20T21:22:28.5082420Z [0m    [0m[0m[1m[38;5;12m|[0m
2025-09-20T21:22:28.5082910Z [0m    [0m[0m[1m[38;5;12m= [0m[0m[1mhelp[0m[0m: the same lifetime is referred to in inconsistent ways, making the signature confusing[0m
2025-09-20T21:22:28.5083820Z [0m[1m[38;5;14mhelp[0m[0m: use `'_` for type paths[0m
2025-09-20T21:22:28.5085410Z [0m    [0m[0m[1m[38;5;12m|[0m
2025-09-20T21:22:28.5086890Z [0m[1m[38;5;12m226[0m[0m [0m[0m[1m[38;5;12m| [0m[0m    ) -> UdpHolePuncher[0m[0m[38;5;10m<'_>[0m[0m {[0m
2025-09-20T21:22:28.5087290Z [0m    [0m[0m[1m[38;5;12m|[0m[0m                        [0m[0m[38;5;10m++++[0m
2025-09-20T21:22:28.5087500Z 
2025-09-20T21:22:28.5088940Z [0m[1m[33mwarning[0m[0m[1m: hiding a lifetime that's elided elsewhere is confusing[0m
2025-09-20T21:22:28.5090220Z [0m   [0m[0m[1m[38;5;12m--> [0m[0mcitadel_wire/src/standard/quic.rs:133:17[0m
2025-09-20T21:22:28.5091600Z [0m    [0m[0m[1m[38;5;12m|[0m
2025-09-20T21:22:28.5092020Z [0m[1m[38;5;12m133[0m[0m [0m[0m[1m[38;5;12m|[0m[0m [0m[0m    fn listener(&self) -> Accept;[0m
2025-09-20T21:22:28.5092560Z [0m    [0m[0m[1m[38;5;12m|[0m[0m                 [0m[0m[1m[33m^^^^^[0m[0m     [0m[0m[1m[38;5;12m------[0m[0m [0m[0m[1m[38;5;12mthe same lifetime is hidden here[0m
2025-09-20T21:22:28.5093000Z [0m    [0m[0m[1m[38;5;12m|[0m[0m                 [0m[0m[1m[33m|[0m
2025-09-20T21:22:28.5093400Z [0m    [0m[0m[1m[38;5;12m|[0m[0m                 [0m[0m[1m[33mthe lifetime is elided here[0m
2025-09-20T21:22:28.5093710Z [0m    [0m[0m[1m[38;5;12m|[0m
2025-09-20T21:22:28.5094370Z [0m    [0m[0m[1m[38;5;12m= [0m[0m[1mhelp[0m[0m: the same lifetime is referred to in inconsistent ways, making the signature confusing[0m
2025-09-20T21:22:28.5094870Z [0m[1m[38;5;14mhelp[0m[0m: use `'_` for type paths[0m
2025-09-20T21:22:28.5095150Z [0m    [0m[0m[1m[38;5;12m|[0m
2025-09-20T21:22:28.5095540Z [0m[1m[38;5;12m133[0m[0m [0m[0m[1m[38;5;12m| [0m[0m    fn listener(&self) -> Accept[0m[0m[38;5;10m<'_>[0m[0m;[0m
2025-09-20T21:22:28.5095970Z [0m    [0m[0m[1m[38;5;12m|[0m[0m                                 [0m[0m[38;5;10m++++[0m
2025-09-20T21:22:28.5096180Z 
2025-09-20T21:22:28.5096430Z [0m[1m[33mwarning[0m[0m[1m: hiding a lifetime that's elided elsewhere is confusing[0m
2025-09-20T21:22:28.5096860Z [0m   [0m[0m[1m[38;5;12m--> [0m[0mcitadel_wire/src/standard/quic.rs:134:24[0m
2025-09-20T21:22:28.5097170Z [0m    [0m[0m[1m[38;5;12m|[0m
2025-09-20T21:22:28.5097610Z [0m[1m[38;5;12m134[0m[0m [0m[0m[1m[38;5;12m|[0m[0m [0m[0m    fn next_connection(&mut self) -> QuicNextConnectionFuture[0m
2025-09-20T21:22:28.5098190Z [0m    [0m[0m[1m[38;5;12m|[0m[0m                        [0m[0m[1m[33m^^^^^^^^^[0m[0m     [0m[0m[1m[38;5;12m------------------------[0m[0m [0m[0m[1m[38;5;12mthe same lifetime is hidden here[0m
2025-09-20T21:22:28.5098650Z [0m    [0m[0m[1m[38;5;12m|[0m[0m                        [0m[0m[1m[33m|[0m
2025-09-20T21:22:28.5099060Z [0m    [0m[0m[1m[38;5;12m|[0m[0m                        [0m[0m[1m[33mthe lifetime is elided here[0m
2025-09-20T21:22:28.5099370Z [0m    [0m[0m[1m[38;5;12m|[0m
2025-09-20T21:22:28.5099940Z [0m    [0m[0m[1m[38;5;12m= [0m[0m[1mhelp[0m[0m: the same lifetime is referred to in inconsistent ways, making the signature confusing[0m
2025-09-20T21:22:28.5100400Z [0m[1m[38;5;14mhelp[0m[0m: use `'_` for type paths[0m
2025-09-20T21:22:28.5100710Z [0m    [0m[0m[1m[38;5;12m|[0m
2025-09-20T21:22:28.5101160Z [0m[1m[38;5;12m134[0m[0m [0m[0m[1m[38;5;12m| [0m[0m    fn next_connection(&mut self) -> QuicNextConnectionFuture[0m[0m[38;5;10m<'_>[0m
2025-09-20T21:22:28.5101650Z [0m    [0m[0m[1m[38;5;12m|[0m[0m                                                              [0m[0m[38;5;10m++++[0m
2025-09-20T21:22:28.5101870Z 
2025-09-20T21:22:28.5102110Z [0m[1m[33mwarning[0m[0m[1m: hiding a lifetime that's elided elsewhere is confusing[0m
2025-09-20T21:22:28.5102540Z [0m   [0m[0m[1m[38;5;12m--> [0m[0mcitadel_wire/src/standard/quic.rs:169:17[0m
2025-09-20T21:22:28.5102850Z [0m    [0m[0m[1m[38;5;12m|[0m
2025-09-20T21:22:28.5103230Z [0m[1m[38;5;12m169[0m[0m [0m[0m[1m[38;5;12m|[0m[0m [0m[0m    fn listener(&self) -> Accept {[0m
2025-09-20T21:22:28.5103740Z [0m    [0m[0m[1m[38;5;12m|[0m[0m                 [0m[0m[1m[33m^^^^^[0m[0m     [0m[0m[1m[38;5;12m------[0m[0m [0m[0m[1m[38;5;12mthe same lifetime is hidden here[0m
2025-09-20T21:22:28.5104180Z [0m    [0m[0m[1m[38;5;12m|[0m[0m                 [0m[0m[1m[33m|[0m
2025-09-20T21:22:28.5104540Z [0m    [0m[0m[1m[38;5;12m|[0m[0m                 [0m[0m[1m[33mthe lifetime is elided here[0m
2025-09-20T21:22:28.5104880Z [0m    [0m[0m[1m[38;5;12m|[0m
2025-09-20T21:22:28.5105330Z [0m    [0m[0m[1m[38;5;12m= [0m[0m[1mhelp[0m[0m: the same lifetime is referred to in inconsistent ways, making the signature confusing[0m
2025-09-20T21:22:28.5105790Z [0m[1m[38;5;14mhelp[0m[0m: use `'_` for type paths[0m
2025-09-20T21:22:28.5106110Z [0m    [0m[0m[1m[38;5;12m|[0m
2025-09-20T21:22:28.5106490Z [0m[1m[38;5;12m169[0m[0m [0m[0m[1m[38;5;12m| [0m[0m    fn listener(&self) -> Accept[0m[0m[38;5;10m<'_>[0m[0m {[0m
2025-09-20T21:22:28.5106930Z [0m    [0m[0m[1m[38;5;12m|[0m[0m                                 [0m[0m[38;5;10m++++[0m
2025-09-20T21:22:28.5107140Z 
2025-09-20T21:22:31.4367920Z [1m[33mwarning[0m[1m:[0m `citadel_wire` (lib test) generated 6 warnings
2025-09-20T21:22:31.4368470Z [1m[32m    Finished[0m `test` profile [unoptimized + debuginfo] target(s) in 39.64s
2025-09-20T21:22:31.4765140Z ────────────
2025-09-20T21:22:31.4765670Z [32;1m Nextest run[0m ID [1m7d45f674-3d36-4ad0-9b8e-2e233395e5b3[0m with nextest profile: [1mdefault[0m
2025-09-20T21:22:31.4766100Z [32;1m    Starting[0m [1m19[0m tests across [1m1[0m binary
2025-09-20T21:22:31.4871580Z [32;1m        PASS[0m [   0.010s] [35;1mcitadel_wire[0m [36mstandard::nat_identification::tests[0m[36m::[0m[34;1mtest_addr_translation_identification_constant_to_identity[0m
2025-09-20T21:22:31.4959880Z [32;1m        PASS[0m [   0.009s] [35;1mcitadel_wire[0m [36mstandard::nat_identification::tests[0m[36m::[0m[34;1mtest_addr_translation_identification_delta_offset_to_identity[0m
2025-09-20T21:22:31.5039780Z [32;1m        PASS[0m [   0.008s] [35;1mcitadel_wire[0m [36mstandard::nat_identification::tests[0m[36m::[0m[34;1mtest_addr_translation_identification_identity_to_delta_constant_offset[0m
2025-09-20T21:22:31.5127520Z [32;1m        PASS[0m [   0.009s] [35;1mcitadel_wire[0m [36mstandard::nat_identification::tests[0m[36m::[0m[34;1mtest_addr_translation_identification_identity_to_delta_independent_offset0[0m
2025-09-20T21:22:31.5220190Z [32;1m        PASS[0m [   0.009s] [35;1mcitadel_wire[0m [36mstandard::nat_identification::tests[0m[36m::[0m[34;1mtest_addr_translation_identification_identity_to_delta_independent_offset1[0m
2025-09-20T21:22:31.5302100Z [32;1m        PASS[0m [   0.008s] [35;1mcitadel_wire[0m [36mstandard::nat_identification::tests[0m[36m::[0m[34;1mtest_addr_translation_identification_identity_to_delta_independent_offset2[0m
2025-09-20T21:22:31.5382490Z [32;1m        PASS[0m [   0.008s] [35;1mcitadel_wire[0m [36mstandard::nat_identification::tests[0m[36m::[0m[34;1mtest_addr_translation_identification_identity_to_identity[0m
2025-09-20T21:22:31.5469180Z [32;1m        PASS[0m [   0.009s] [35;1mcitadel_wire[0m [36mstandard::nat_identification::tests[0m[36m::[0m[34;1mtest_addr_translation_identification_identity_to_unpredictable[0m
2025-09-20T21:22:31.6525380Z [32;1m        PASS[0m [   0.106s] [35;1mcitadel_wire[0m [36mstandard::nat_identification::tests[0m[36m::[0m[34;1mtest_identify[0m
2025-09-20T21:22:31.6689860Z [32;1m        PASS[0m [   0.016s] [35;1mcitadel_wire[0m [36mstandard::quic::tests::test_quic[0m[36m::[0m[34;1mcase_1[0m
2025-09-20T21:22:31.6821840Z [32;1m        PASS[0m [   0.013s] [35;1mcitadel_wire[0m [36mstandard::quic::tests::test_quic[0m[36m::[0m[34;1mcase_2[0m
2025-09-20T21:22:31.6924960Z [32;1m        PASS[0m [   0.010s] [35;1mcitadel_wire[0m [36mstandard::socket_helpers::tests::test_tcp[0m[36m::[0m[34;1mcase_1[0m
2025-09-20T21:22:31.7016990Z [32;1m        PASS[0m [   0.009s] [35;1mcitadel_wire[0m [36mstandard::socket_helpers::tests::test_tcp[0m[36m::[0m[34;1mcase_2[0m
2025-09-20T21:22:31.7101490Z [32;1m        PASS[0m [   0.008s] [35;1mcitadel_wire[0m [36mstandard::socket_helpers::tests::test_udp[0m[36m::[0m[34;1mcase_1[0m
2025-09-20T21:22:31.7193720Z [32;1m        PASS[0m [   0.009s] [35;1mcitadel_wire[0m [36mstandard::socket_helpers::tests::test_udp[0m[36m::[0m[34;1mcase_2[0m
2025-09-20T21:22:31.7287350Z [32;1m        PASS[0m [   0.009s] [35;1mcitadel_wire[0m [36mstandard::tls::tests[0m[36m::[0m[34;1mmain[0m
2025-09-20T21:22:31.9235640Z [32;1m        PASS[0m [   0.195s] [35;1mcitadel_wire[0m [36mudp_traversal::udp_hole_puncher::tests::test_dual_hole_puncher[0m[36m::[0m[34;1mcase_1[0m
2025-09-20T21:22:33.3119020Z [32;1m        PASS[0m [   1.385s] [35;1mcitadel_wire[0m [36mudp_traversal::udp_hole_puncher::tests::test_dual_hole_puncher[0m[36m::[0m[34;1mcase_2[0m
2025-09-20T21:22:35.1826040Z [32;1m        PASS[0m [   1.873s] [35;1mcitadel_wire[0m [36mudp_traversal::udp_hole_puncher::tests::test_dual_hole_puncher[0m[36m::[0m[34;1mcase_3[0m
2025-09-20T21:22:35.1830530Z ────────────
2025-09-20T21:22:35.1833520Z [32;1m     Summary[0m [   3.706s] [1m19[0m tests run: [1m19[0m [32;1mpassed[0m, [1m0[0m [33;1mskipped[0m
2025-09-20T21:22:35.1840650Z [32;1m        PASS[0m [   0.010s] [35;1mcitadel_wire[0m [36mstandard::nat_identification::tests[0m[36m::[0m[34;1mtest_addr_translation_identification_constant_to_identity[0m
2025-09-20T21:22:35.1846010Z [32;1m        PASS[0m [   0.009s] [35;1mcitadel_wire[0m [36mstandard::nat_identification::tests[0m[36m::[0m[34;1mtest_addr_translation_identification_delta_offset_to_identity[0m
2025-09-20T21:22:35.1851760Z [32;1m        PASS[0m [   0.008s] [35;1mcitadel_wire[0m [36mstandard::nat_identification::tests[0m[36m::[0m[34;1mtest_addr_translation_identification_identity_to_delta_constant_offset[0m
2025-09-20T21:22:35.1857450Z [32;1m        PASS[0m [   0.009s] [35;1mcitadel_wire[0m [36mstandard::nat_identification::tests[0m[36m::[0m[34;1mtest_addr_translation_identification_identity_to_delta_independent_offset0[0m
2025-09-20T21:22:35.1863030Z [32;1m        PASS[0m [   0.009s] [35;1mcitadel_wire[0m [36mstandard::nat_identification::tests[0m[36m::[0m[34;1mtest_addr_translation_identification_identity_to_delta_independent_offset1[0m
2025-09-20T21:22:35.1868720Z [32;1m        PASS[0m [   0.008s] [35;1mcitadel_wire[0m [36mstandard::nat_identification::tests[0m[36m::[0m[34;1mtest_addr_translation_identification_identity_to_delta_independent_offset2[0m
2025-09-20T21:22:35.1874210Z [32;1m        PASS[0m [   0.008s] [35;1mcitadel_wire[0m [36mstandard::nat_identification::tests[0m[36m::[0m[34;1mtest_addr_translation_identification_identity_to_identity[0m
2025-09-20T21:22:35.1881460Z [32;1m        PASS[0m [   0.009s] [35;1mcitadel_wire[0m [36mstandard::nat_identification::tests[0m[36m::[0m[34;1mtest_addr_translation_identification_identity_to_unpredictable[0m
2025-09-20T21:22:35.1885900Z [32;1m        PASS[0m [   0.106s] [35;1mcitadel_wire[0m [36mstandard::nat_identification::tests[0m[36m::[0m[34;1mtest_identify[0m
2025-09-20T21:22:35.1888770Z [32;1m        PASS[0m [   0.016s] [35;1mcitadel_wire[0m [36mstandard::quic::tests::test_quic[0m[36m::[0m[34;1mcase_1[0m
2025-09-20T21:22:35.1893160Z [32;1m        PASS[0m [   0.013s] [35;1mcitadel_wire[0m [36mstandard::quic::tests::test_quic[0m[36m::[0m[34;1mcase_2[0m
2025-09-20T21:22:35.1895860Z [32;1m        PASS[0m [   0.010s] [35;1mcitadel_wire[0m [36mstandard::socket_helpers::tests::test_tcp[0m[36m::[0m[34;1mcase_1[0m
2025-09-20T21:22:35.1899350Z [32;1m        PASS[0m [   0.009s] [35;1mcitadel_wire[0m [36mstandard::socket_helpers::tests::test_tcp[0m[36m::[0m[34;1mcase_2[0m
2025-09-20T21:22:35.1902130Z [32;1m        PASS[0m [   0.008s] [35;1mcitadel_wire[0m [36mstandard::socket_helpers::tests::test_udp[0m[36m::[0m[34;1mcase_1[0m
2025-09-20T21:22:35.1904900Z [32;1m        PASS[0m [   0.009s] [35;1mcitadel_wire[0m [36mstandard::socket_helpers::tests::test_udp[0m[36m::[0m[34;1mcase_2[0m
2025-09-20T21:22:35.1907370Z [32;1m        PASS[0m [   0.009s] [35;1mcitadel_wire[0m [36mstandard::tls::tests[0m[36m::[0m[34;1mmain[0m
2025-09-20T21:22:35.1910000Z [32;1m        PASS[0m [   0.195s] [35;1mcitadel_wire[0m [36mudp_traversal::udp_hole_puncher::tests::test_dual_hole_puncher[0m[36m::[0m[34;1mcase_1[0m
2025-09-20T21:22:35.1913210Z [32;1m        PASS[0m [   1.385s] [35;1mcitadel_wire[0m [36mudp_traversal::udp_hole_puncher::tests::test_dual_hole_puncher[0m[36m::[0m[34;1mcase_2[0m
2025-09-20T21:22:35.1916320Z [32;1m        PASS[0m [   1.873s] [35;1mcitadel_wire[0m [36mudp_traversal::udp_hole_puncher::tests::test_dual_hole_puncher[0m[36m::[0m[34;1mcase_3[0m
2025-09-20T21:22:35.2150470Z Post job cleanup.
2025-09-20T21:22:35.2225610Z Post job cleanup.
2025-09-20T21:22:35.3391900Z [command]/opt/homebrew/bin/git version
2025-09-20T21:22:35.3590190Z git version 2.50.1
2025-09-20T21:22:35.3613280Z Copying '/Users/runner/.gitconfig' to '/Users/runner/work/_temp/d321eb02-3b4a-4ab0-ba81-9f9075b5159a/.gitconfig'
2025-09-20T21:22:35.3619450Z Temporarily overriding HOME='/Users/runner/work/_temp/d321eb02-3b4a-4ab0-ba81-9f9075b5159a' before making global git config changes
2025-09-20T21:22:35.3620030Z Adding repository directory to the temporary git global config as a safe directory
2025-09-20T21:22:35.3622700Z [command]/opt/homebrew/bin/git config --global --add safe.directory /Users/runner/work/Citadel-Protocol/Citadel-Protocol
2025-09-20T21:22:35.3718420Z [command]/opt/homebrew/bin/git config --local --name-only --get-regexp core\.sshCommand
2025-09-20T21:22:35.3767940Z [command]/opt/homebrew/bin/git submodule foreach --recursive sh -c "git config --local --name-only --get-regexp 'core\.sshCommand' && git config --local --unset-all 'core.sshCommand' || :"
2025-09-20T21:22:35.4476510Z [command]/opt/homebrew/bin/git config --local --name-only --get-regexp http\.https\:\/\/github\.com\/\.extraheader
2025-09-20T21:22:35.4527550Z http.https://github.com/.extraheader
2025-09-20T21:22:35.4534700Z [command]/opt/homebrew/bin/git config --local --unset-all http.https://github.com/.extraheader
2025-09-20T21:22:35.4609980Z [command]/opt/homebrew/bin/git submodule foreach --recursive sh -c "git config --local --name-only --get-regexp 'http\.https\:\/\/github\.com\/\.extraheader' && git config --local --unset-all 'http.https://github.com/.extraheader' || :"
2025-09-20T21:22:35.5346050Z Cleaning up orphan processes
