2025-09-20T21:20:20.0204317Z Current runner version: '2.328.0'
2025-09-20T21:20:20.0229975Z ##[group]Runner Image Provisioner
2025-09-20T21:20:20.0231042Z Hosted Compute Agent
2025-09-20T21:20:20.0231633Z Version: 20250829.383
2025-09-20T21:20:20.0232226Z Commit: 27cb235aab5b0e52e153a26cd86b4742e89dac5d
2025-09-20T21:20:20.0232874Z Build Date: 2025-08-29T13:48:48Z
2025-09-20T21:20:20.0233377Z ##[endgroup]
2025-09-20T21:20:20.0233873Z ##[group]Operating System
2025-09-20T21:20:20.0234378Z Microsoft Windows Server 2025
2025-09-20T21:20:20.0234907Z 10.0.26100
2025-09-20T21:20:20.0235306Z Datacenter
2025-09-20T21:20:20.0235750Z ##[endgroup]
2025-09-20T21:20:20.0236201Z ##[group]Runner Image
2025-09-20T21:20:20.0236648Z Image: windows-2025
2025-09-20T21:20:20.0237171Z Version: 20250907.19.1
2025-09-20T21:20:20.0238112Z Included Software: https://github.com/actions/runner-images/blob/win25/20250907.19/images/windows/Windows2025-Readme.md
2025-09-20T21:20:20.0239812Z Image Release: https://github.com/actions/runner-images/releases/tag/win25%2F20250907.19
2025-09-20T21:20:20.0240709Z ##[endgroup]
2025-09-20T21:20:20.0243025Z ##[group]GITHUB_TOKEN Permissions
2025-09-20T21:20:20.0244870Z Actions: write
2025-09-20T21:20:20.0245390Z Attestations: write
2025-09-20T21:20:20.0245853Z Checks: write
2025-09-20T21:20:20.0246297Z Contents: write
2025-09-20T21:20:20.0246705Z Deployments: write
2025-09-20T21:20:20.0247201Z Discussions: write
2025-09-20T21:20:20.0247623Z Issues: write
2025-09-20T21:20:20.0248049Z Metadata: read
2025-09-20T21:20:20.0248811Z Models: read
2025-09-20T21:20:20.0249262Z Packages: write
2025-09-20T21:20:20.0249707Z Pages: write
2025-09-20T21:20:20.0250147Z PullRequests: write
2025-09-20T21:20:20.0250821Z RepositoryProjects: write
2025-09-20T21:20:20.0251323Z SecurityEvents: write
2025-09-20T21:20:20.0251888Z Statuses: write
2025-09-20T21:20:20.0252305Z ##[endgroup]
2025-09-20T21:20:20.0254414Z Secret source: Actions
2025-09-20T21:20:20.0255108Z Prepare workflow directory
2025-09-20T21:20:20.0756004Z Prepare all required actions
2025-09-20T21:20:20.0793983Z Getting action download info
2025-09-20T21:20:20.4568001Z Download action repository 'Avarok-Cybersecurity/gh-actions-deps@master' (SHA:495f309997d6623b1d15d4767970d70d46cfaa17)
2025-09-20T21:20:20.9754250Z Download action repository 'taiki-e/install-action@nextest' (SHA:320133d5f45b215a033477e643139da5245dd9fc)
2025-09-20T21:20:21.6726091Z Getting action download info
2025-09-20T21:20:21.9345773Z Download action repository 'KyleMayes/install-llvm-action@v1.5.1' (SHA:60cc93ee15c6225007baa18ccf433d9d7f67d8a4)
2025-09-20T21:20:22.3416993Z Download action repository 'actions/checkout@v2' (SHA:ee0669bd1cc54295c223e0bb666b733df41de1c5)
2025-09-20T21:20:22.4723567Z Download action repository 'dtolnay/rust-toolchain@stable' (SHA:5d458579430fc14a04a08a1e7d3694f545e91ce6)
2025-09-20T21:20:22.9941443Z Download action repository 'actions-rs/cargo@v1' (SHA:844f36862e911db73fe0815f00a4a2602c279505)
2025-09-20T21:20:23.5471705Z Uses: Avarok-Cybersecurity/Citadel-Protocol/.github/workflows/validate.yml@refs/pull/236/merge (7edf0bb75f061919add02f6d6a82672c0b2e9654)
2025-09-20T21:20:23.5476375Z Complete job name: Validate PR / nat (windows-latest)
2025-09-20T21:20:23.6898231Z ##[group]Run Avarok-Cybersecurity/gh-actions-deps@master
2025-09-20T21:20:23.6899239Z env:
2025-09-20T21:20:23.6899438Z   CARGO_TERM_COLOR: always
2025-09-20T21:20:23.6899653Z   RUST_BACKTRACE: full
2025-09-20T21:20:23.6899870Z   RUST_MIN_STACK: 40971520
2025-09-20T21:20:23.6900105Z   RUST_LOG: citadel=warn
2025-09-20T21:20:23.6900322Z   IN_CI: true
2025-09-20T21:20:23.6900508Z ##[endgroup]
2025-09-20T21:20:23.7175169Z ##[group]Run KyleMayes/install-llvm-action@v1.5.1
2025-09-20T21:20:23.7175498Z with:
2025-09-20T21:20:23.7175645Z   version: 13.0
2025-09-20T21:20:23.7175820Z   directory: D:\a\_temp/llvm
2025-09-20T21:20:23.7176006Z env:
2025-09-20T21:20:23.7176158Z   CARGO_TERM_COLOR: always
2025-09-20T21:20:23.7176347Z   RUST_BACKTRACE: full
2025-09-20T21:20:23.7176522Z   RUST_MIN_STACK: 40971520
2025-09-20T21:20:23.7179114Z   RUST_LOG: citadel=warn
2025-09-20T21:20:23.7179303Z   IN_CI: true
2025-09-20T21:20:23.7179833Z ##[endgroup]
2025-09-20T21:20:23.8204700Z 
2025-09-20T21:20:23.8232256Z ##[warning]The `set-output` command is deprecated and will be disabled soon. Please upgrade to using Environment Files. For more information see: https://github.blog/changelog/2022-10-11-github-actions-deprecating-save-state-and-set-output-commands/
2025-09-20T21:20:23.8236018Z Installing LLVM and Clang 13.0 (13.0.1)...
2025-09-20T21:20:23.8237207Z Downloading and extracting 'https://github.com/llvm/llvm-project/releases/download/llvmorg-13.0.1/LLVM-13.0.1-win64.exe'...
2025-09-20T21:20:25.9662015Z [command]C:\ProgramData\Chocolatey\bin\7z.exe x D:\a\_temp\58ffbe4a-4add-49e6-aa41-cf17b698f395 -oD:\a\_temp\llvm
2025-09-20T21:20:26.2889546Z 
2025-09-20T21:20:26.2890236Z 7-Zip 25.01 (x64) : Copyright (c) 1999-2025 Igor Pavlov : 2025-08-03
2025-09-20T21:20:26.2890730Z 
2025-09-20T21:20:26.2890907Z Scanning the drive for archives:
2025-09-20T21:20:26.2891284Z 1 file, 239478810 bytes (229 MiB)
2025-09-20T21:20:26.2891533Z 
2025-09-20T21:20:26.2891826Z Extracting archive: D:\a\_temp\58ffbe4a-4add-49e6-aa41-cf17b698f395
2025-09-20T21:20:36.6787045Z --
2025-09-20T21:20:36.6787565Z Path = D:\a\_temp\58ffbe4a-4add-49e6-aa41-cf17b698f395
2025-09-20T21:20:36.6788053Z Type = Nsis
2025-09-20T21:20:36.6788344Z Physical Size = 239478810
2025-09-20T21:20:36.6788701Z Method = LZMA:25
2025-09-20T21:20:36.6788964Z Solid = +
2025-09-20T21:20:36.6789264Z Headers Size = 222282
2025-09-20T21:20:36.6789741Z Embedded Stub Size = 114688
2025-09-20T21:20:36.6790529Z SubType = NSIS-3
2025-09-20T21:20:36.6790757Z 
2025-09-20T21:20:36.6807696Z Everything is Ok
2025-09-20T21:20:36.6808058Z 
2025-09-20T21:20:36.6808196Z Files: 415
2025-09-20T21:20:36.6808462Z Size:       2286126794
2025-09-20T21:20:36.6808783Z Compressed: 239478810
2025-09-20T21:20:36.6873098Z Installed LLVM and Clang 13.0 (13.0.1)!
2025-09-20T21:20:36.6874151Z Install location: D:\a\_temp\llvm
2025-09-20T21:20:36.7192078Z ##[group]Run echo "LIBCLANG_PATH=$((gcm clang).source -replace "clang.exe")" >> $env:GITHUB_ENV
2025-09-20T21:20:36.7192720Z [36;1mecho "LIBCLANG_PATH=$((gcm clang).source -replace "clang.exe")" >> $env:GITHUB_ENV[0m
2025-09-20T21:20:36.7229130Z shell: C:\Windows\system32\cmd.EXE /D /E:ON /V:OFF /S /C "CALL "{0}""
2025-09-20T21:20:36.7229545Z env:
2025-09-20T21:20:36.7229795Z   CARGO_TERM_COLOR: always
2025-09-20T21:20:36.7230087Z   RUST_BACKTRACE: full
2025-09-20T21:20:36.7230279Z   RUST_MIN_STACK: 40971520
2025-09-20T21:20:36.7230492Z   RUST_LOG: citadel=warn
2025-09-20T21:20:36.7230683Z   IN_CI: true
2025-09-20T21:20:36.7230864Z   LLVM_PATH: D:\a\_temp\llvm
2025-09-20T21:20:36.7231139Z   LD_LIBRARY_PATH: D:\a\_temp\llvm\lib;
2025-09-20T21:20:36.7231407Z   DYLD_LIBRARY_PATH: D:\a\_temp\llvm\lib;
2025-09-20T21:20:36.7231662Z ##[endgroup]
2025-09-20T21:20:36.7589721Z ##[group]Run echo "OPENSSL_ROOT_DIR=C:/Program Files/OpenSSL" >> $env:GITHUB_ENV
2025-09-20T21:20:36.7590207Z [36;1mecho "OPENSSL_ROOT_DIR=C:/Program Files/OpenSSL" >> $env:GITHUB_ENV[0m
2025-09-20T21:20:36.7619805Z shell: C:\Windows\system32\cmd.EXE /D /E:ON /V:OFF /S /C "CALL "{0}""
2025-09-20T21:20:36.7620182Z env:
2025-09-20T21:20:36.7620338Z   CARGO_TERM_COLOR: always
2025-09-20T21:20:36.7620536Z   RUST_BACKTRACE: full
2025-09-20T21:20:36.7620717Z   RUST_MIN_STACK: 40971520
2025-09-20T21:20:36.7620897Z   RUST_LOG: citadel=warn
2025-09-20T21:20:36.7621065Z   IN_CI: true
2025-09-20T21:20:36.7621219Z   LLVM_PATH: D:\a\_temp\llvm
2025-09-20T21:20:36.7621418Z   LD_LIBRARY_PATH: D:\a\_temp\llvm\lib;
2025-09-20T21:20:36.7621658Z   DYLD_LIBRARY_PATH: D:\a\_temp\llvm\lib;
2025-09-20T21:20:36.7621871Z ##[endgroup]
2025-09-20T21:20:36.7959186Z ##[group]Run actions/checkout@v2
2025-09-20T21:20:36.7959441Z with:
2025-09-20T21:20:36.7959661Z   repository: Avarok-Cybersecurity/Citadel-Protocol
2025-09-20T21:20:36.7960042Z   token: ***
2025-09-20T21:20:36.7960966Z   ssh-strict: true
2025-09-20T21:20:36.7961153Z   persist-credentials: true
2025-09-20T21:20:36.7961355Z   clean: true
2025-09-20T21:20:36.7961522Z   fetch-depth: 1
2025-09-20T21:20:36.7961697Z   lfs: false
2025-09-20T21:20:36.7961850Z   submodules: false
2025-09-20T21:20:36.7962037Z   set-safe-directory: true
2025-09-20T21:20:36.7962222Z env:
2025-09-20T21:20:36.7962384Z   CARGO_TERM_COLOR: always
2025-09-20T21:20:36.7962576Z   RUST_BACKTRACE: full
2025-09-20T21:20:36.7962764Z   RUST_MIN_STACK: 40971520
2025-09-20T21:20:36.7962950Z   RUST_LOG: citadel=warn
2025-09-20T21:20:36.7963135Z   IN_CI: true
2025-09-20T21:20:36.7963294Z   LLVM_PATH: D:\a\_temp\llvm
2025-09-20T21:20:36.7963512Z   LD_LIBRARY_PATH: D:\a\_temp\llvm\lib;
2025-09-20T21:20:36.7963770Z   DYLD_LIBRARY_PATH: D:\a\_temp\llvm\lib;
2025-09-20T21:20:36.7964419Z ##[endgroup]
2025-09-20T21:20:38.8307380Z Syncing repository: Avarok-Cybersecurity/Citadel-Protocol
2025-09-20T21:20:38.8308631Z ##[group]Getting Git version info
2025-09-20T21:20:38.8308993Z Working directory is 'D:\a\Citadel-Protocol\Citadel-Protocol'
2025-09-20T21:20:38.9399266Z [command]"C:\Program Files\Git\bin\git.exe" version
2025-09-20T21:20:39.4209074Z git version 2.51.0.windows.1
2025-09-20T21:20:39.4269726Z ##[endgroup]
2025-09-20T21:20:39.4293527Z Temporarily overriding HOME='D:\a\_temp\ee0bc01d-c627-4f10-b1cb-219284190ddb' before making global git config changes
2025-09-20T21:20:39.4294267Z Adding repository directory to the temporary git global config as a safe directory
2025-09-20T21:20:39.4301625Z [command]"C:\Program Files\Git\bin\git.exe" config --global --add safe.directory D:\a\Citadel-Protocol\Citadel-Protocol
2025-09-20T21:20:39.4996245Z Deleting the contents of 'D:\a\Citadel-Protocol\Citadel-Protocol'
2025-09-20T21:20:39.5175644Z ##[group]Initializing the repository
2025-09-20T21:20:39.5183975Z [command]"C:\Program Files\Git\bin\git.exe" init D:\a\Citadel-Protocol\Citadel-Protocol
2025-09-20T21:20:39.7172053Z Initialized empty Git repository in D:/a/Citadel-Protocol/Citadel-Protocol/.git/
2025-09-20T21:20:39.7212870Z [command]"C:\Program Files\Git\bin\git.exe" remote add origin https://github.com/Avarok-Cybersecurity/Citadel-Protocol
2025-09-20T21:20:39.7848973Z ##[endgroup]
2025-09-20T21:20:39.7849590Z ##[group]Disabling automatic garbage collection
2025-09-20T21:20:39.7858569Z [command]"C:\Program Files\Git\bin\git.exe" config --local gc.auto 0
2025-09-20T21:20:39.8165134Z ##[endgroup]
2025-09-20T21:20:39.8177238Z ##[group]Setting up auth
2025-09-20T21:20:39.8177709Z [command]"C:\Program Files\Git\bin\git.exe" config --local --name-only --get-regexp core\.sshCommand
2025-09-20T21:20:39.8479926Z [command]"C:\Program Files\Git\bin\git.exe" submodule foreach --recursive "sh -c \"git config --local --name-only --get-regexp 'core\.sshCommand' && git config --local --unset-all 'core.sshCommand' || :\""
2025-09-20T21:20:41.6312507Z [command]"C:\Program Files\Git\bin\git.exe" config --local --name-only --get-regexp http\.https\:\/\/github\.com\/\.extraheader
2025-09-20T21:20:41.6622907Z [command]"C:\Program Files\Git\bin\git.exe" submodule foreach --recursive "sh -c \"git config --local --name-only --get-regexp 'http\.https\:\/\/github\.com\/\.extraheader' && git config --local --unset-all 'http.https://github.com/.extraheader' || :\""
2025-09-20T21:20:42.2170490Z [command]"C:\Program Files\Git\bin\git.exe" config --local http.https://github.com/.extraheader "AUTHORIZATION: basic ***"
2025-09-20T21:20:42.2497052Z ##[endgroup]
2025-09-20T21:20:42.2497697Z ##[group]Fetching the repository
2025-09-20T21:20:42.2510480Z [command]"C:\Program Files\Git\bin\git.exe" -c protocol.version=2 fetch --no-tags --prune --progress --no-recurse-submodules --depth=1 origin +7edf0bb75f061919add02f6d6a82672c0b2e9654:refs/remotes/pull/236/merge
2025-09-20T21:20:44.0868191Z remote: Enumerating objects: 421, done.        
2025-09-20T21:20:44.0868752Z remote: Counting objects:   0% (1/421)        
2025-09-20T21:20:44.0869274Z remote: Counting objects:   1% (5/421)        
2025-09-20T21:20:44.0870368Z remote: Counting objects:   2% (9/421)        
2025-09-20T21:20:44.0870865Z remote: Counting objects:   3% (13/421)        
2025-09-20T21:20:44.0871265Z remote: Counting objects:   4% (17/421)        
2025-09-20T21:20:44.0871590Z remote: Counting objects:   5% (22/421)        
2025-09-20T21:20:44.0872018Z remote: Counting objects:   6% (26/421)        
2025-09-20T21:20:44.0872375Z remote: Counting objects:   7% (30/421)        
2025-09-20T21:20:44.0872659Z remote: Counting objects:   8% (34/421)        
2025-09-20T21:20:44.0872929Z remote: Counting objects:   9% (38/421)        
2025-09-20T21:20:44.0873210Z remote: Counting objects:  10% (43/421)        
2025-09-20T21:20:44.0873487Z remote: Counting objects:  11% (47/421)        
2025-09-20T21:20:44.0873758Z remote: Counting objects:  12% (51/421)        
2025-09-20T21:20:44.0874254Z remote: Counting objects:  13% (55/421)        
2025-09-20T21:20:44.0874550Z remote: Counting objects:  14% (59/421)        
2025-09-20T21:20:44.0874830Z remote: Counting objects:  15% (64/421)        
2025-09-20T21:20:44.0875111Z remote: Counting objects:  16% (68/421)        
2025-09-20T21:20:44.0875395Z remote: Counting objects:  17% (72/421)        
2025-09-20T21:20:44.0875675Z remote: Counting objects:  18% (76/421)        
2025-09-20T21:20:44.0875950Z remote: Counting objects:  19% (80/421)        
2025-09-20T21:20:44.0876226Z remote: Counting objects:  20% (85/421)        
2025-09-20T21:20:44.0876501Z remote: Counting objects:  21% (89/421)        
2025-09-20T21:20:44.0876781Z remote: Counting objects:  22% (93/421)        
2025-09-20T21:20:44.0877063Z remote: Counting objects:  23% (97/421)        
2025-09-20T21:20:44.0877344Z remote: Counting objects:  24% (102/421)        
2025-09-20T21:20:44.0877641Z remote: Counting objects:  25% (106/421)        
2025-09-20T21:20:44.0877919Z remote: Counting objects:  26% (110/421)        
2025-09-20T21:20:44.0878198Z remote: Counting objects:  27% (114/421)        
2025-09-20T21:20:44.0878477Z remote: Counting objects:  28% (118/421)        
2025-09-20T21:20:44.0878757Z remote: Counting objects:  29% (123/421)        
2025-09-20T21:20:44.0879033Z remote: Counting objects:  30% (127/421)        
2025-09-20T21:20:44.0879317Z remote: Counting objects:  31% (131/421)        
2025-09-20T21:20:44.0879601Z remote: Counting objects:  32% (135/421)        
2025-09-20T21:20:44.0879878Z remote: Counting objects:  33% (139/421)        
2025-09-20T21:20:44.0880153Z remote: Counting objects:  34% (144/421)        
2025-09-20T21:20:44.0880422Z remote: Counting objects:  35% (148/421)        
2025-09-20T21:20:44.0880696Z remote: Counting objects:  36% (152/421)        
2025-09-20T21:20:44.0880965Z remote: Counting objects:  37% (156/421)        
2025-09-20T21:20:44.0881242Z remote: Counting objects:  38% (160/421)        
2025-09-20T21:20:44.0881515Z remote: Counting objects:  39% (165/421)        
2025-09-20T21:20:44.0881784Z remote: Counting objects:  40% (169/421)        
2025-09-20T21:20:44.0882039Z remote: Counting objects:  41% (173/421)        
2025-09-20T21:20:44.0882277Z remote: Counting objects:  42% (177/421)        
2025-09-20T21:20:44.0882729Z remote: Counting objects:  43% (182/421)        
2025-09-20T21:20:44.0882985Z remote: Counting objects:  44% (186/421)        
2025-09-20T21:20:44.0883225Z remote: Counting objects:  45% (190/421)        
2025-09-20T21:20:44.0883460Z remote: Counting objects:  46% (194/421)        
2025-09-20T21:20:44.0883709Z remote: Counting objects:  47% (198/421)        
2025-09-20T21:20:44.0883948Z remote: Counting objects:  48% (203/421)        
2025-09-20T21:20:44.0884181Z remote: Counting objects:  49% (207/421)        
2025-09-20T21:20:44.0884427Z remote: Counting objects:  50% (211/421)        
2025-09-20T21:20:44.0884660Z remote: Counting objects:  51% (215/421)        
2025-09-20T21:20:44.0884904Z remote: Counting objects:  52% (219/421)        
2025-09-20T21:20:44.0885140Z remote: Counting objects:  53% (224/421)        
2025-09-20T21:20:44.0885781Z remote: Counting objects:  54% (228/421)        
2025-09-20T21:20:44.0886053Z remote: Counting objects:  55% (232/421)        
2025-09-20T21:20:44.0886459Z remote: Counting objects:  56% (236/421)        
2025-09-20T21:20:44.0886716Z remote: Counting objects:  57% (240/421)        
2025-09-20T21:20:44.0886953Z remote: Counting objects:  58% (245/421)        
2025-09-20T21:20:44.0887192Z remote: Counting objects:  59% (249/421)        
2025-09-20T21:20:44.0887428Z remote: Counting objects:  60% (253/421)        
2025-09-20T21:20:44.0887690Z remote: Counting objects:  61% (257/421)        
2025-09-20T21:20:44.0887938Z remote: Counting objects:  62% (262/421)        
2025-09-20T21:20:44.0888186Z remote: Counting objects:  63% (266/421)        
2025-09-20T21:20:44.0888444Z remote: Counting objects:  64% (270/421)        
2025-09-20T21:20:44.0888715Z remote: Counting objects:  65% (274/421)        
2025-09-20T21:20:44.0889119Z remote: Counting objects:  66% (278/421)        
2025-09-20T21:20:44.0889412Z remote: Counting objects:  67% (283/421)        
2025-09-20T21:20:44.0889833Z remote: Counting objects:  68% (287/421)        
2025-09-20T21:20:44.0890098Z remote: Counting objects:  69% (291/421)        
2025-09-20T21:20:44.0890334Z remote: Counting objects:  70% (295/421)        
2025-09-20T21:20:44.0890574Z remote: Counting objects:  71% (299/421)        
2025-09-20T21:20:44.0890808Z remote: Counting objects:  72% (304/421)        
2025-09-20T21:20:44.0891050Z remote: Counting objects:  73% (308/421)        
2025-09-20T21:20:44.0891283Z remote: Counting objects:  74% (312/421)        
2025-09-20T21:20:44.0891530Z remote: Counting objects:  75% (316/421)        
2025-09-20T21:20:44.0891774Z remote: Counting objects:  76% (320/421)        
2025-09-20T21:20:44.0892018Z remote: Counting objects:  77% (325/421)        
2025-09-20T21:20:44.0892269Z remote: Counting objects:  78% (329/421)        
2025-09-20T21:20:44.0892515Z remote: Counting objects:  79% (333/421)        
2025-09-20T21:20:44.0892765Z remote: Counting objects:  80% (337/421)        
2025-09-20T21:20:44.0893002Z remote: Counting objects:  81% (342/421)        
2025-09-20T21:20:44.0893245Z remote: Counting objects:  82% (346/421)        
2025-09-20T21:20:44.0893486Z remote: Counting objects:  83% (350/421)        
2025-09-20T21:20:44.0893719Z remote: Counting objects:  84% (354/421)        
2025-09-20T21:20:44.0893958Z remote: Counting objects:  85% (358/421)        
2025-09-20T21:20:44.0894198Z remote: Counting objects:  86% (363/421)        
2025-09-20T21:20:44.0894436Z remote: Counting objects:  87% (367/421)        
2025-09-20T21:20:44.0894671Z remote: Counting objects:  88% (371/421)        
2025-09-20T21:20:44.0894918Z remote: Counting objects:  89% (375/421)        
2025-09-20T21:20:44.0895152Z remote: Counting objects:  90% (379/421)        
2025-09-20T21:20:44.0895396Z remote: Counting objects:  91% (384/421)        
2025-09-20T21:20:44.0895643Z remote: Counting objects:  92% (388/421)        
2025-09-20T21:20:44.0895897Z remote: Counting objects:  93% (392/421)        
2025-09-20T21:20:44.0896266Z remote: Counting objects:  94% (396/421)        
2025-09-20T21:20:44.0896522Z remote: Counting objects:  95% (400/421)        
2025-09-20T21:20:44.0896768Z remote: Counting objects:  96% (405/421)        
2025-09-20T21:20:44.0897010Z remote: Counting objects:  97% (409/421)        
2025-09-20T21:20:44.0897253Z remote: Counting objects:  98% (413/421)        
2025-09-20T21:20:44.0897493Z remote: Counting objects:  99% (417/421)        
2025-09-20T21:20:44.0897741Z remote: Counting objects: 100% (421/421)        
2025-09-20T21:20:44.0898003Z remote: Counting objects: 100% (421/421), done.        
2025-09-20T21:20:44.0898285Z remote: Compressing objects:   0% (1/377)        
2025-09-20T21:20:44.0898537Z remote: Compressing objects:   1% (4/377)        
2025-09-20T21:20:44.1399704Z remote: Compressing objects:   2% (8/377)        
2025-09-20T21:20:44.1401912Z remote: Compressing objects:   3% (12/377)        
2025-09-20T21:20:44.1402710Z remote: Compressing objects:   4% (16/377)        
2025-09-20T21:20:44.1403143Z remote: Compressing objects:   5% (19/377)        
2025-09-20T21:20:44.1403488Z remote: Compressing objects:   6% (23/377)        
2025-09-20T21:20:44.1403830Z remote: Compressing objects:   7% (27/377)        
2025-09-20T21:20:44.1404404Z remote: Compressing objects:   8% (31/377)        
2025-09-20T21:20:44.1404788Z remote: Compressing objects:   9% (34/377)        
2025-09-20T21:20:44.1405220Z remote: Compressing objects:  10% (38/377)        
2025-09-20T21:20:44.1405558Z remote: Compressing objects:  11% (42/377)        
2025-09-20T21:20:44.1405903Z remote: Compressing objects:  12% (46/377)        
2025-09-20T21:20:44.1406239Z remote: Compressing objects:  13% (50/377)        
2025-09-20T21:20:44.1406587Z remote: Compressing objects:  14% (53/377)        
2025-09-20T21:20:44.1406923Z remote: Compressing objects:  15% (57/377)        
2025-09-20T21:20:44.1407607Z remote: Compressing objects:  16% (61/377)        
2025-09-20T21:20:44.1408020Z remote: Compressing objects:  17% (65/377)        
2025-09-20T21:20:44.1408368Z remote: Compressing objects:  18% (68/377)        
2025-09-20T21:20:44.1408716Z remote: Compressing objects:  19% (72/377)        
2025-09-20T21:20:44.1409053Z remote: Compressing objects:  20% (76/377)        
2025-09-20T21:20:44.1409398Z remote: Compressing objects:  21% (80/377)        
2025-09-20T21:20:44.1409742Z remote: Compressing objects:  22% (83/377)        
2025-09-20T21:20:44.1410081Z remote: Compressing objects:  23% (87/377)        
2025-09-20T21:20:44.1410424Z remote: Compressing objects:  24% (91/377)        
2025-09-20T21:20:44.1410778Z remote: Compressing objects:  25% (95/377)        
2025-09-20T21:20:44.1411121Z remote: Compressing objects:  26% (99/377)        
2025-09-20T21:20:44.1411463Z remote: Compressing objects:  27% (102/377)        
2025-09-20T21:20:44.1411819Z remote: Compressing objects:  28% (106/377)        
2025-09-20T21:20:44.1412163Z remote: Compressing objects:  29% (110/377)        
2025-09-20T21:20:44.1412513Z remote: Compressing objects:  30% (114/377)        
2025-09-20T21:20:44.1412867Z remote: Compressing objects:  31% (117/377)        
2025-09-20T21:20:44.1413205Z remote: Compressing objects:  32% (121/377)        
2025-09-20T21:20:44.1413468Z remote: Compressing objects:  33% (125/377)        
2025-09-20T21:20:44.1413720Z remote: Compressing objects:  34% (129/377)        
2025-09-20T21:20:44.1413980Z remote: Compressing objects:  35% (132/377)        
2025-09-20T21:20:44.1585653Z remote: Compressing objects:  36% (136/377)        
2025-09-20T21:20:44.1586094Z remote: Compressing objects:  37% (140/377)        
2025-09-20T21:20:44.1586551Z remote: Compressing objects:  38% (144/377)        
2025-09-20T21:20:44.1587026Z remote: Compressing objects:  39% (148/377)        
2025-09-20T21:20:44.1588030Z remote: Compressing objects:  40% (151/377)        
2025-09-20T21:20:44.1588549Z remote: Compressing objects:  41% (155/377)        
2025-09-20T21:20:44.1589024Z remote: Compressing objects:  42% (159/377)        
2025-09-20T21:20:44.1590269Z remote: Compressing objects:  43% (163/377)        
2025-09-20T21:20:44.1590675Z remote: Compressing objects:  44% (166/377)        
2025-09-20T21:20:44.1591049Z remote: Compressing objects:  45% (170/377)        
2025-09-20T21:20:44.1591416Z remote: Compressing objects:  46% (174/377)        
2025-09-20T21:20:44.1591787Z remote: Compressing objects:  47% (178/377)        
2025-09-20T21:20:44.1592153Z remote: Compressing objects:  48% (181/377)        
2025-09-20T21:20:44.1592523Z remote: Compressing objects:  49% (185/377)        
2025-09-20T21:20:44.1592892Z remote: Compressing objects:  50% (189/377)        
2025-09-20T21:20:44.1593263Z remote: Compressing objects:  51% (193/377)        
2025-09-20T21:20:44.1593620Z remote: Compressing objects:  52% (197/377)        
2025-09-20T21:20:44.1593962Z remote: Compressing objects:  53% (200/377)        
2025-09-20T21:20:44.1594437Z remote: Compressing objects:  54% (204/377)        
2025-09-20T21:20:44.1594774Z remote: Compressing objects:  55% (208/377)        
2025-09-20T21:20:44.1610153Z remote: Compressing objects:  56% (212/377)        
2025-09-20T21:20:44.1610506Z remote: Compressing objects:  57% (215/377)        
2025-09-20T21:20:44.1610843Z remote: Compressing objects:  58% (219/377)        
2025-09-20T21:20:44.1611729Z remote: Compressing objects:  59% (223/377)        
2025-09-20T21:20:44.1612542Z remote: Compressing objects:  60% (227/377)        
2025-09-20T21:20:44.1613669Z remote: Compressing objects:  61% (230/377)        
2025-09-20T21:20:44.1614613Z remote: Compressing objects:  62% (234/377)        
2025-09-20T21:20:44.1615212Z remote: Compressing objects:  63% (238/377)        
2025-09-20T21:20:44.1615817Z remote: Compressing objects:  64% (242/377)        
2025-09-20T21:20:44.1616419Z remote: Compressing objects:  65% (246/377)        
2025-09-20T21:20:44.1617056Z remote: Compressing objects:  66% (249/377)        
2025-09-20T21:20:44.1617656Z remote: Compressing objects:  67% (253/377)        
2025-09-20T21:20:44.1618219Z remote: Compressing objects:  68% (257/377)        
2025-09-20T21:20:44.1618729Z remote: Compressing objects:  69% (261/377)        
2025-09-20T21:20:44.1619363Z remote: Compressing objects:  70% (264/377)        
2025-09-20T21:20:44.1619942Z remote: Compressing objects:  71% (268/377)        
2025-09-20T21:20:44.1620894Z remote: Compressing objects:  72% (272/377)        
2025-09-20T21:20:44.1621409Z remote: Compressing objects:  73% (276/377)        
2025-09-20T21:20:44.1621889Z remote: Compressing objects:  74% (279/377)        
2025-09-20T21:20:44.1622403Z remote: Compressing objects:  75% (283/377)        
2025-09-20T21:20:44.1622968Z remote: Compressing objects:  76% (287/377)        
2025-09-20T21:20:44.1624469Z remote: Compressing objects:  77% (291/377)        
2025-09-20T21:20:44.1625021Z remote: Compressing objects:  78% (295/377)        
2025-09-20T21:20:44.1625552Z remote: Compressing objects:  79% (298/377)        
2025-09-20T21:20:44.1626007Z remote: Compressing objects:  80% (302/377)        
2025-09-20T21:20:44.1626456Z remote: Compressing objects:  81% (306/377)        
2025-09-20T21:20:44.1626906Z remote: Compressing objects:  82% (310/377)        
2025-09-20T21:20:44.1627321Z remote: Compressing objects:  83% (313/377)        
2025-09-20T21:20:44.1627709Z remote: Compressing objects:  84% (317/377)        
2025-09-20T21:20:44.1628151Z remote: Compressing objects:  85% (321/377)        
2025-09-20T21:20:44.1628611Z remote: Compressing objects:  86% (325/377)        
2025-09-20T21:20:44.1629028Z remote: Compressing objects:  87% (328/377)        
2025-09-20T21:20:44.1629478Z remote: Compressing objects:  88% (332/377)        
2025-09-20T21:20:44.1629911Z remote: Compressing objects:  89% (336/377)        
2025-09-20T21:20:44.1630405Z remote: Compressing objects:  90% (340/377)        
2025-09-20T21:20:44.1630877Z remote: Compressing objects:  91% (344/377)        
2025-09-20T21:20:44.1631337Z remote: Compressing objects:  92% (347/377)        
2025-09-20T21:20:44.1632019Z remote: Compressing objects:  93% (351/377)        
2025-09-20T21:20:44.1632487Z remote: Compressing objects:  94% (355/377)        
2025-09-20T21:20:44.1632927Z remote: Compressing objects:  95% (359/377)        
2025-09-20T21:20:44.1633352Z remote: Compressing objects:  96% (362/377)        
2025-09-20T21:20:44.1633791Z remote: Compressing objects:  97% (366/377)        
2025-09-20T21:20:44.1634061Z remote: Compressing objects:  98% (370/377)        
2025-09-20T21:20:44.1634393Z remote: Compressing objects:  99% (374/377)        
2025-09-20T21:20:44.1634739Z remote: Compressing objects: 100% (377/377)        
2025-09-20T21:20:44.1635024Z remote: Compressing objects: 100% (377/377), done.        
2025-09-20T21:20:44.2751804Z Receiving objects:   0% (1/421)
2025-09-20T21:20:44.2752326Z Receiving objects:   1% (5/421)
2025-09-20T21:20:44.2756023Z Receiving objects:   2% (9/421)
2025-09-20T21:20:44.2759371Z Receiving objects:   3% (13/421)
2025-09-20T21:20:44.2762833Z Receiving objects:   4% (17/421)
2025-09-20T21:20:44.2767279Z Receiving objects:   5% (22/421)
2025-09-20T21:20:44.2773762Z Receiving objects:   6% (26/421)
2025-09-20T21:20:44.2801344Z Receiving objects:   7% (30/421)
2025-09-20T21:20:44.2802566Z Receiving objects:   8% (34/421)
2025-09-20T21:20:44.2805312Z Receiving objects:   9% (38/421)
2025-09-20T21:20:44.2806737Z Receiving objects:  10% (43/421)
2025-09-20T21:20:44.2808722Z Receiving objects:  11% (47/421)
2025-09-20T21:20:44.2810909Z Receiving objects:  12% (51/421)
2025-09-20T21:20:44.2811540Z Receiving objects:  13% (55/421)
2025-09-20T21:20:44.2812675Z Receiving objects:  14% (59/421)
2025-09-20T21:20:44.2814809Z Receiving objects:  15% (64/421)
2025-09-20T21:20:44.2815435Z Receiving objects:  16% (68/421)
2025-09-20T21:20:44.2816004Z Receiving objects:  17% (72/421)
2025-09-20T21:20:44.2817526Z Receiving objects:  18% (76/421)
2025-09-20T21:20:44.2822896Z Receiving objects:  19% (80/421)
2025-09-20T21:20:44.2827897Z Receiving objects:  20% (85/421)
2025-09-20T21:20:44.2832531Z Receiving objects:  21% (89/421)
2025-09-20T21:20:44.2835300Z Receiving objects:  22% (93/421)
2025-09-20T21:20:44.2843610Z Receiving objects:  23% (97/421)
2025-09-20T21:20:44.2852318Z Receiving objects:  24% (102/421)
2025-09-20T21:20:44.2856690Z Receiving objects:  25% (106/421)
2025-09-20T21:20:44.2862522Z Receiving objects:  26% (110/421)
2025-09-20T21:20:44.2864179Z Receiving objects:  27% (114/421)
2025-09-20T21:20:44.2866293Z Receiving objects:  28% (118/421)
2025-09-20T21:20:44.2871746Z Receiving objects:  29% (123/421)
2025-09-20T21:20:44.2872915Z Receiving objects:  30% (127/421)
2025-09-20T21:20:44.2876402Z Receiving objects:  31% (131/421)
2025-09-20T21:20:44.2883873Z Receiving objects:  32% (135/421)
2025-09-20T21:20:44.2888627Z Receiving objects:  33% (139/421)
2025-09-20T21:20:44.2891654Z Receiving objects:  34% (144/421)
2025-09-20T21:20:44.2895519Z Receiving objects:  35% (148/421)
2025-09-20T21:20:44.2899879Z Receiving objects:  36% (152/421)
2025-09-20T21:20:44.2901917Z Receiving objects:  37% (156/421)
2025-09-20T21:20:44.2905335Z Receiving objects:  38% (160/421)
2025-09-20T21:20:44.2909663Z Receiving objects:  39% (165/421)
2025-09-20T21:20:44.2915887Z Receiving objects:  40% (169/421)
2025-09-20T21:20:44.2922138Z Receiving objects:  41% (173/421)
2025-09-20T21:20:44.2934072Z Receiving objects:  42% (177/421)
2025-09-20T21:20:44.2939505Z Receiving objects:  43% (182/421)
2025-09-20T21:20:44.2957712Z Receiving objects:  44% (186/421)
2025-09-20T21:20:44.2972159Z Receiving objects:  45% (190/421)
2025-09-20T21:20:44.2974577Z Receiving objects:  46% (194/421)
2025-09-20T21:20:44.2979275Z Receiving objects:  47% (198/421)
2025-09-20T21:20:44.2983818Z Receiving objects:  48% (203/421)
2025-09-20T21:20:44.2997606Z Receiving objects:  49% (207/421)
2025-09-20T21:20:44.3010845Z Receiving objects:  50% (211/421)
2025-09-20T21:20:44.3012807Z Receiving objects:  51% (215/421)
2025-09-20T21:20:44.3015741Z Receiving objects:  52% (219/421)
2025-09-20T21:20:44.3020550Z Receiving objects:  53% (224/421)
2025-09-20T21:20:44.3021964Z Receiving objects:  54% (228/421)
2025-09-20T21:20:44.3023434Z Receiving objects:  55% (232/421)
2025-09-20T21:20:44.3031942Z Receiving objects:  56% (236/421)
2025-09-20T21:20:44.3038149Z Receiving objects:  57% (240/421)
2025-09-20T21:20:44.3046390Z Receiving objects:  58% (245/421)
2025-09-20T21:20:44.3049507Z Receiving objects:  59% (249/421)
2025-09-20T21:20:44.3052265Z Receiving objects:  60% (253/421)
2025-09-20T21:20:44.3061075Z Receiving objects:  61% (257/421)
2025-09-20T21:20:44.3061642Z Receiving objects:  62% (262/421)
2025-09-20T21:20:44.3064952Z Receiving objects:  63% (266/421)
2025-09-20T21:20:44.3065911Z Receiving objects:  64% (270/421)
2025-09-20T21:20:44.3069354Z Receiving objects:  65% (274/421)
2025-09-20T21:20:44.3072100Z Receiving objects:  66% (278/421)
2025-09-20T21:20:44.3076040Z Receiving objects:  67% (283/421)
2025-09-20T21:20:44.3081057Z Receiving objects:  68% (287/421)
2025-09-20T21:20:44.3088326Z Receiving objects:  69% (291/421)
2025-09-20T21:20:44.3140017Z Receiving objects:  70% (295/421)
2025-09-20T21:20:44.3144787Z Receiving objects:  71% (299/421)
2025-09-20T21:20:44.3164401Z Receiving objects:  72% (304/421)
2025-09-20T21:20:44.3166441Z Receiving objects:  73% (308/421)
2025-09-20T21:20:44.3172613Z Receiving objects:  74% (312/421)
2025-09-20T21:20:44.3174312Z Receiving objects:  75% (316/421)
2025-09-20T21:20:44.3182141Z Receiving objects:  76% (320/421)
2025-09-20T21:20:44.3185156Z Receiving objects:  77% (325/421)
2025-09-20T21:20:44.3190115Z Receiving objects:  78% (329/421)
2025-09-20T21:20:44.3195816Z Receiving objects:  79% (333/421)
2025-09-20T21:20:44.3208998Z Receiving objects:  80% (337/421)
2025-09-20T21:20:44.3209676Z Receiving objects:  81% (342/421)
2025-09-20T21:20:44.3211203Z Receiving objects:  82% (346/421)
2025-09-20T21:20:44.3211793Z Receiving objects:  83% (350/421)
2025-09-20T21:20:44.3213100Z Receiving objects:  84% (354/421)
2025-09-20T21:20:44.3216230Z Receiving objects:  85% (358/421)
2025-09-20T21:20:44.3219165Z Receiving objects:  86% (363/421)
2025-09-20T21:20:44.3221846Z Receiving objects:  87% (367/421)
2025-09-20T21:20:44.3222459Z Receiving objects:  88% (371/421)
2025-09-20T21:20:44.3227104Z Receiving objects:  89% (375/421)
2025-09-20T21:20:44.3229012Z Receiving objects:  90% (379/421)
2025-09-20T21:20:44.3233304Z Receiving objects:  91% (384/421)
2025-09-20T21:20:44.3236752Z Receiving objects:  92% (388/421)
2025-09-20T21:20:44.3241116Z Receiving objects:  93% (392/421)
2025-09-20T21:20:44.3244232Z Receiving objects:  94% (396/421)
2025-09-20T21:20:44.3250025Z Receiving objects:  95% (400/421)
2025-09-20T21:20:44.3259130Z Receiving objects:  96% (405/421)
2025-09-20T21:20:44.3260497Z Receiving objects:  97% (409/421)
2025-09-20T21:20:44.3569669Z Receiving objects:  98% (413/421)
2025-09-20T21:20:44.3572145Z Receiving objects:  99% (417/421)
2025-09-20T21:20:44.3573023Z remote: Total 421 (delta 39), reused 203 (delta 16), pack-reused 0 (from 0)        
2025-09-20T21:20:44.3577749Z Receiving objects: 100% (421/421)
2025-09-20T21:20:44.3578341Z Receiving objects: 100% (421/421), 2.56 MiB | 17.15 MiB/s, done.
2025-09-20T21:20:44.3596840Z Resolving deltas:   0% (0/39)
2025-09-20T21:20:44.3597892Z Resolving deltas:   2% (1/39)
2025-09-20T21:20:44.3599187Z Resolving deltas:   5% (2/39)
2025-09-20T21:20:44.3601328Z Resolving deltas:   7% (3/39)
2025-09-20T21:20:44.3602069Z Resolving deltas:  10% (4/39)
2025-09-20T21:20:44.3603434Z Resolving deltas:  12% (5/39)
2025-09-20T21:20:44.3603782Z Resolving deltas:  15% (6/39)
2025-09-20T21:20:44.3604381Z Resolving deltas:  17% (7/39)
2025-09-20T21:20:44.3604903Z Resolving deltas:  20% (8/39)
2025-09-20T21:20:44.3605449Z Resolving deltas:  25% (10/39)
2025-09-20T21:20:44.3605877Z Resolving deltas:  28% (11/39)
2025-09-20T21:20:44.3606276Z Resolving deltas:  30% (12/39)
2025-09-20T21:20:44.3606619Z Resolving deltas:  35% (14/39)
2025-09-20T21:20:44.3610229Z Resolving deltas:  38% (15/39)
2025-09-20T21:20:44.3610672Z Resolving deltas:  43% (17/39)
2025-09-20T21:20:44.3611363Z Resolving deltas:  46% (18/39)
2025-09-20T21:20:44.3611929Z Resolving deltas:  48% (19/39)
2025-09-20T21:20:44.3612193Z Resolving deltas:  51% (20/39)
2025-09-20T21:20:44.3612812Z Resolving deltas:  53% (21/39)
2025-09-20T21:20:44.3613653Z Resolving deltas:  56% (22/39)
2025-09-20T21:20:44.3613992Z Resolving deltas:  58% (23/39)
2025-09-20T21:20:44.3616000Z Resolving deltas:  61% (24/39)
2025-09-20T21:20:44.3618074Z Resolving deltas:  64% (25/39)
2025-09-20T21:20:44.3618478Z Resolving deltas:  66% (26/39)
2025-09-20T21:20:44.3619704Z Resolving deltas:  69% (27/39)
2025-09-20T21:20:44.3622475Z Resolving deltas:  71% (28/39)
2025-09-20T21:20:44.3623542Z Resolving deltas:  76% (30/39)
2025-09-20T21:20:44.3625846Z Resolving deltas:  79% (31/39)
2025-09-20T21:20:44.3626145Z Resolving deltas:  82% (32/39)
2025-09-20T21:20:44.3626359Z Resolving deltas:  84% (33/39)
2025-09-20T21:20:44.3626570Z Resolving deltas:  87% (34/39)
2025-09-20T21:20:44.3626763Z Resolving deltas:  89% (35/39)
2025-09-20T21:20:44.3626943Z Resolving deltas:  92% (36/39)
2025-09-20T21:20:44.3627126Z Resolving deltas:  94% (37/39)
2025-09-20T21:20:44.3627319Z Resolving deltas:  97% (38/39)
2025-09-20T21:20:44.3627517Z Resolving deltas: 100% (39/39)
2025-09-20T21:20:44.3627715Z Resolving deltas: 100% (39/39), done.
2025-09-20T21:20:44.6079991Z From https://github.com/Avarok-Cybersecurity/Citadel-Protocol
2025-09-20T21:20:44.6080778Z  * [new ref]         7edf0bb75f061919add02f6d6a82672c0b2e9654 -> pull/236/merge
2025-09-20T21:20:44.6604418Z ##[endgroup]
2025-09-20T21:20:44.6604803Z ##[group]Determining the checkout info
2025-09-20T21:20:44.6606829Z ##[endgroup]
2025-09-20T21:20:44.6607355Z ##[group]Checking out the ref
2025-09-20T21:20:44.6615292Z [command]"C:\Program Files\Git\bin\git.exe" checkout --progress --force refs/remotes/pull/236/merge
2025-09-20T21:20:47.9542066Z Updating files:  98% (327/332)
2025-09-20T21:20:47.9585163Z Updating files:  99% (329/332)
2025-09-20T21:20:47.9586151Z Updating files: 100% (332/332)
2025-09-20T21:20:47.9586407Z Updating files: 100% (332/332), done.
2025-09-20T21:20:47.9831724Z Note: switching to 'refs/remotes/pull/236/merge'.
2025-09-20T21:20:47.9832115Z 
2025-09-20T21:20:47.9832427Z You are in 'detached HEAD' state. You can look around, make experimental
2025-09-20T21:20:47.9833173Z changes and commit them, and you can discard any commits you make in this
2025-09-20T21:20:47.9833979Z state without impacting any branches by switching back to a branch.
2025-09-20T21:20:47.9834410Z 
2025-09-20T21:20:47.9834685Z If you want to create a new branch to retain commits you create, you may
2025-09-20T21:20:47.9835370Z do so (now or later) by using -c with the switch command. Example:
2025-09-20T21:20:47.9835772Z 
2025-09-20T21:20:47.9835936Z   git switch -c <new-branch-name>
2025-09-20T21:20:47.9836184Z 
2025-09-20T21:20:47.9836295Z Or undo this operation with:
2025-09-20T21:20:47.9836550Z 
2025-09-20T21:20:47.9836663Z   git switch -
2025-09-20T21:20:47.9836822Z 
2025-09-20T21:20:47.9837125Z Turn off this advice by setting config variable advice.detachedHead to false
2025-09-20T21:20:47.9837563Z 
2025-09-20T21:20:47.9838074Z HEAD is now at 7edf0bb Merge 8a89b2152348ab91c1a5bd335ccb554a7eae26c5 into 2b40ca3c28904a155dd62f453494820feec744f0
2025-09-20T21:20:48.2831691Z ##[endgroup]
2025-09-20T21:20:48.3254700Z [command]"C:\Program Files\Git\bin\git.exe" log -1 --format='%H'
2025-09-20T21:20:48.3578588Z '7edf0bb75f061919add02f6d6a82672c0b2e9654'
2025-09-20T21:20:48.4081521Z ##[group]Run dtolnay/rust-toolchain@stable
2025-09-20T21:20:48.4081761Z with:
2025-09-20T21:20:48.4081954Z   toolchain: stable
2025-09-20T21:20:48.4082224Z env:
2025-09-20T21:20:48.4082477Z   CARGO_TERM_COLOR: always
2025-09-20T21:20:48.4082715Z   RUST_BACKTRACE: full
2025-09-20T21:20:48.4082889Z   RUST_MIN_STACK: 40971520
2025-09-20T21:20:48.4083063Z   RUST_LOG: citadel=warn
2025-09-20T21:20:48.4084020Z   IN_CI: true
2025-09-20T21:20:48.4084208Z   LLVM_PATH: D:\a\_temp\llvm
2025-09-20T21:20:48.4084437Z   LD_LIBRARY_PATH: D:\a\_temp\llvm\lib;
2025-09-20T21:20:48.4084907Z   DYLD_LIBRARY_PATH: D:\a\_temp\llvm\lib;
2025-09-20T21:20:48.4085127Z ##[endgroup]
2025-09-20T21:20:48.4230132Z ##[group]Run : parse toolchain version
2025-09-20T21:20:48.4230412Z [36;1m: parse toolchain version[0m
2025-09-20T21:20:48.4230637Z [36;1mif [[ -z $toolchain ]]; then[0m
2025-09-20T21:20:48.4231331Z [36;1m  # GitHub does not enforce `required: true` inputs itself. https://github.com/actions/runner/issues/1070[0m
2025-09-20T21:20:48.4231796Z [36;1m  echo "'toolchain' is a required input" >&2[0m
2025-09-20T21:20:48.4232040Z [36;1m  exit 1[0m
2025-09-20T21:20:48.4232299Z [36;1melif [[ $toolchain =~ ^stable' '[0-9]+' '(year|month|week|day)s?' 'ago$ ]]; then[0m
2025-09-20T21:20:48.4232809Z [36;1m  if [[ Windows == macOS ]]; then[0m
2025-09-20T21:20:48.4233250Z [36;1m    echo "toolchain=1.$((($(date -v-$(sed 's/stable \([0-9]*\) \(.\).*/\1\2/' <<< $toolchain) +%s)/60/60/24-16569)/7/6))" >> $GITHUB_OUTPUT[0m
2025-09-20T21:20:48.4233646Z [36;1m  else[0m
2025-09-20T21:20:48.4233958Z [36;1m    echo "toolchain=1.$((($(date --date "${toolchain#stable }" +%s)/60/60/24-16569)/7/6))" >> $GITHUB_OUTPUT[0m
2025-09-20T21:20:48.4234320Z [36;1m  fi[0m
2025-09-20T21:20:48.4234584Z [36;1melif [[ $toolchain =~ ^stable' 'minus' '[0-9]+' 'releases?$ ]]; then[0m
2025-09-20T21:20:48.4235015Z [36;1m  echo "toolchain=1.$((($(date +%s)/60/60/24-16569)/7/6-${toolchain//[^0-9]/}))" >> $GITHUB_OUTPUT[0m
2025-09-20T21:20:48.4235389Z [36;1melif [[ $toolchain =~ ^1\.[0-9]+$ ]]; then[0m
2025-09-20T21:20:48.4235793Z [36;1m  echo "toolchain=1.$((i=${toolchain#1.}, c=($(date +%s)/60/60/24-16569)/7/6, i+9*i*(10*i<=c)+90*i*(100*i<=c)))" >> $GITHUB_OUTPUT[0m
2025-09-20T21:20:48.4236353Z [36;1melse[0m
2025-09-20T21:20:48.4236557Z [36;1m  echo "toolchain=$toolchain" >> $GITHUB_OUTPUT[0m
2025-09-20T21:20:48.4236802Z [36;1mfi[0m
2025-09-20T21:20:48.4285648Z shell: C:\Program Files\Git\bin\bash.EXE --noprofile --norc -e -o pipefail {0}
2025-09-20T21:20:48.4286081Z env:
2025-09-20T21:20:48.4286273Z   CARGO_TERM_COLOR: always
2025-09-20T21:20:48.4286498Z   RUST_BACKTRACE: full
2025-09-20T21:20:48.4286713Z   RUST_MIN_STACK: 40971520
2025-09-20T21:20:48.4286924Z   RUST_LOG: citadel=warn
2025-09-20T21:20:48.4287132Z   IN_CI: true
2025-09-20T21:20:48.4287314Z   LLVM_PATH: D:\a\_temp\llvm
2025-09-20T21:20:48.4287563Z   LD_LIBRARY_PATH: D:\a\_temp\llvm\lib;
2025-09-20T21:20:48.4287845Z   DYLD_LIBRARY_PATH: D:\a\_temp\llvm\lib;
2025-09-20T21:20:48.4288121Z   toolchain: stable
2025-09-20T21:20:48.4288309Z ##[endgroup]
2025-09-20T21:20:48.6256641Z ##[group]Run : construct rustup command line
2025-09-20T21:20:48.6256943Z [36;1m: construct rustup command line[0m
2025-09-20T21:20:48.6257350Z [36;1mecho "targets=$(for t in ${targets//,/ }; do echo -n ' --target' $t; done)" >> $GITHUB_OUTPUT[0m
2025-09-20T21:20:48.6258317Z [36;1mecho "components=$(for c in ${components//,/ }; do echo -n ' --component' $c; done)" >> $GITHUB_OUTPUT[0m
2025-09-20T21:20:48.6258744Z [36;1mecho "downgrade=" >> $GITHUB_OUTPUT[0m
2025-09-20T21:20:48.6273422Z shell: C:\Program Files\Git\bin\bash.EXE --noprofile --norc -e -o pipefail {0}
2025-09-20T21:20:48.6273760Z env:
2025-09-20T21:20:48.6273907Z   CARGO_TERM_COLOR: always
2025-09-20T21:20:48.6274097Z   RUST_BACKTRACE: full
2025-09-20T21:20:48.6274266Z   RUST_MIN_STACK: 40971520
2025-09-20T21:20:48.6274448Z   RUST_LOG: citadel=warn
2025-09-20T21:20:48.6274607Z   IN_CI: true
2025-09-20T21:20:48.6274759Z   LLVM_PATH: D:\a\_temp\llvm
2025-09-20T21:20:48.6274960Z   LD_LIBRARY_PATH: D:\a\_temp\llvm\lib;
2025-09-20T21:20:48.6275191Z   DYLD_LIBRARY_PATH: D:\a\_temp\llvm\lib;
2025-09-20T21:20:48.6275417Z   targets: 
2025-09-20T21:20:48.6275551Z   components: 
2025-09-20T21:20:48.6275701Z ##[endgroup]
2025-09-20T21:20:48.7046410Z ##[group]Run : set $CARGO_HOME
2025-09-20T21:20:48.7046772Z [36;1m: set $CARGO_HOME[0m
2025-09-20T21:20:48.7047056Z [36;1mecho CARGO_HOME=${CARGO_HOME:-"$USERPROFILE\.cargo"} >> $GITHUB_ENV[0m
2025-09-20T21:20:48.7060088Z shell: C:\Program Files\Git\bin\bash.EXE --noprofile --norc -e -o pipefail {0}
2025-09-20T21:20:48.7060422Z env:
2025-09-20T21:20:48.7060564Z   CARGO_TERM_COLOR: always
2025-09-20T21:20:48.7060750Z   RUST_BACKTRACE: full
2025-09-20T21:20:48.7060926Z   RUST_MIN_STACK: 40971520
2025-09-20T21:20:48.7061095Z   RUST_LOG: citadel=warn
2025-09-20T21:20:48.7061261Z   IN_CI: true
2025-09-20T21:20:48.7061410Z   LLVM_PATH: D:\a\_temp\llvm
2025-09-20T21:20:48.7061607Z   LD_LIBRARY_PATH: D:\a\_temp\llvm\lib;
2025-09-20T21:20:48.7061831Z   DYLD_LIBRARY_PATH: D:\a\_temp\llvm\lib;
2025-09-20T21:20:48.7062040Z ##[endgroup]
2025-09-20T21:20:48.7706724Z ##[group]Run : install rustup if needed on windows
2025-09-20T21:20:48.7707299Z [36;1m: install rustup if needed on windows[0m
2025-09-20T21:20:48.7707632Z [36;1mif ! command -v rustup &>/dev/null; then[0m
2025-09-20T21:20:48.7708427Z [36;1m  curl --proto '=https' --tlsv1.2 --retry 10 --retry-connrefused --location --silent --show-error --fail https://win.rustup.rs/x86_64 --output 'D:\a\_temp\rustup-init.exe'[0m
2025-09-20T21:20:48.7709327Z [36;1m  'D:\a\_temp\rustup-init.exe' --default-toolchain none --no-modify-path -y[0m
2025-09-20T21:20:48.7709753Z [36;1m  echo "$CARGO_HOME\bin" >> $GITHUB_PATH[0m
2025-09-20T21:20:48.7710026Z [36;1mfi[0m
2025-09-20T21:20:48.7723010Z shell: C:\Program Files\Git\bin\bash.EXE --noprofile --norc -e -o pipefail {0}
2025-09-20T21:20:48.7723343Z env:
2025-09-20T21:20:48.7723929Z   CARGO_TERM_COLOR: always
2025-09-20T21:20:48.7724235Z   RUST_BACKTRACE: full
2025-09-20T21:20:48.7724404Z   RUST_MIN_STACK: 40971520
2025-09-20T21:20:48.7724594Z   RUST_LOG: citadel=warn
2025-09-20T21:20:48.7724769Z   IN_CI: true
2025-09-20T21:20:48.7724924Z   LLVM_PATH: D:\a\_temp\llvm
2025-09-20T21:20:48.7725117Z   LD_LIBRARY_PATH: D:\a\_temp\llvm\lib;
2025-09-20T21:20:48.7725353Z   DYLD_LIBRARY_PATH: D:\a\_temp\llvm\lib;
2025-09-20T21:20:48.7725587Z   CARGO_HOME: C:\Users\runneradmin\.cargo
2025-09-20T21:20:48.7725801Z ##[endgroup]
2025-09-20T21:20:48.8429243Z ##[group]Run rustup toolchain install stable --profile minimal --no-self-update
2025-09-20T21:20:48.8429726Z [36;1mrustup toolchain install stable --profile minimal --no-self-update[0m
2025-09-20T21:20:48.8443145Z shell: C:\Program Files\Git\bin\bash.EXE --noprofile --norc -e -o pipefail {0}
2025-09-20T21:20:48.8443480Z env:
2025-09-20T21:20:48.8443634Z   CARGO_TERM_COLOR: always
2025-09-20T21:20:48.8443816Z   RUST_BACKTRACE: full
2025-09-20T21:20:48.8443987Z   RUST_MIN_STACK: 40971520
2025-09-20T21:20:48.8444168Z   RUST_LOG: citadel=warn
2025-09-20T21:20:48.8444331Z   IN_CI: true
2025-09-20T21:20:48.8444489Z   LLVM_PATH: D:\a\_temp\llvm
2025-09-20T21:20:48.8444707Z   LD_LIBRARY_PATH: D:\a\_temp\llvm\lib;
2025-09-20T21:20:48.8444939Z   DYLD_LIBRARY_PATH: D:\a\_temp\llvm\lib;
2025-09-20T21:20:48.8445174Z   CARGO_HOME: C:\Users\runneradmin\.cargo
2025-09-20T21:20:48.8445380Z ##[endgroup]
2025-09-20T21:20:53.5095595Z info: syncing channel updates for 'stable-x86_64-pc-windows-msvc'
2025-09-20T21:20:54.0248798Z info: latest update on 2025-09-18, rust version 1.90.0 (1159e78c4 2025-09-14)
2025-09-20T21:20:54.0884708Z info: downloading component 'clippy'
2025-09-20T21:20:54.2204918Z info: downloading component 'rustfmt'
2025-09-20T21:20:54.2966527Z info: downloading component 'rust-std' for 'x86_64-pc-windows-gnu'
2025-09-20T21:20:54.8662532Z info: downloading component 'rust-std' for 'i686-pc-windows-msvc'
2025-09-20T21:20:55.2286946Z info: downloading component 'cargo'
2025-09-20T21:20:55.4448875Z info: downloading component 'rust-std'
2025-09-20T21:20:55.9239489Z info: downloading component 'rustc'
2025-09-20T21:20:57.0482813Z info: removing previous version of component 'clippy'
2025-09-20T21:20:57.0878873Z info: removing previous version of component 'rustfmt'
2025-09-20T21:20:57.1087455Z info: removing previous version of component 'rust-std' for 'x86_64-pc-windows-gnu'
2025-09-20T21:20:57.2814402Z info: removing previous version of component 'rust-std' for 'i686-pc-windows-msvc'
2025-09-20T21:20:57.3603800Z info: removing previous version of component 'cargo'
2025-09-20T21:20:57.4744093Z info: removing previous version of component 'rust-std'
2025-09-20T21:20:57.5256297Z info: removing previous version of component 'rustc'
2025-09-20T21:20:57.6382886Z info: installing component 'clippy'
2025-09-20T21:20:58.0338423Z info: installing component 'rustfmt'
2025-09-20T21:20:58.3228289Z info: installing component 'rust-std' for 'x86_64-pc-windows-gnu'
2025-09-20T21:21:00.4789616Z info: installing component 'rust-std' for 'i686-pc-windows-msvc'
2025-09-20T21:21:02.3299469Z info: installing component 'cargo'
2025-09-20T21:21:03.3509265Z info: installing component 'rust-std'
2025-09-20T21:21:04.9358360Z info: installing component 'rustc'
2025-09-20T21:21:10.1786728Z 
2025-09-20T21:21:10.2084785Z   stable-x86_64-pc-windows-msvc updated - rustc 1.90.0 (1159e78c4 2025-09-14) (from rustc 1.89.0 (29483883e 2025-08-04))
2025-09-20T21:21:10.2086361Z 
2025-09-20T21:21:10.2310376Z ##[group]Run rustup default stable
2025-09-20T21:21:10.2310636Z [36;1mrustup default stable[0m
2025-09-20T21:21:10.2324562Z shell: C:\Program Files\Git\bin\bash.EXE --noprofile --norc -e -o pipefail {0}
2025-09-20T21:21:10.2324911Z env:
2025-09-20T21:21:10.2325060Z   CARGO_TERM_COLOR: always
2025-09-20T21:21:10.2325247Z   RUST_BACKTRACE: full
2025-09-20T21:21:10.2325414Z   RUST_MIN_STACK: 40971520
2025-09-20T21:21:10.2325591Z   RUST_LOG: citadel=warn
2025-09-20T21:21:10.2325755Z   IN_CI: true
2025-09-20T21:21:10.2325913Z   LLVM_PATH: D:\a\_temp\llvm
2025-09-20T21:21:10.2326117Z   LD_LIBRARY_PATH: D:\a\_temp\llvm\lib;
2025-09-20T21:21:10.2326369Z   DYLD_LIBRARY_PATH: D:\a\_temp\llvm\lib;
2025-09-20T21:21:10.2326597Z   CARGO_HOME: C:\Users\runneradmin\.cargo
2025-09-20T21:21:10.2326809Z ##[endgroup]
2025-09-20T21:21:10.3561404Z info: using existing install for 'stable-x86_64-pc-windows-msvc'
2025-09-20T21:21:10.4041182Z info: default toolchain set to 'stable-x86_64-pc-windows-msvc'
2025-09-20T21:21:10.4041538Z 
2025-09-20T21:21:10.4255088Z   stable-x86_64-pc-windows-msvc unchanged - rustc 1.90.0 (1159e78c4 2025-09-14)
2025-09-20T21:21:10.4255434Z 
2025-09-20T21:21:10.5114338Z ##[group]Run : create cachekey
2025-09-20T21:21:10.5114589Z [36;1m: create cachekey[0m
2025-09-20T21:21:10.5115012Z [36;1mDATE=$(rustc +stable --version --verbose | sed -ne 's/^commit-date: \(20[0-9][0-9]\)-\([01][0-9]\)-\([0-3][0-9]\)$/\1\2\3/p')[0m
2025-09-20T21:21:10.5115548Z [36;1mHASH=$(rustc +stable --version --verbose | sed -ne 's/^commit-hash: //p')[0m
2025-09-20T21:21:10.5115976Z [36;1mecho "cachekey=$(echo $DATE$HASH | head -c12)" >> $GITHUB_OUTPUT[0m
2025-09-20T21:21:10.5129316Z shell: C:\Program Files\Git\bin\bash.EXE --noprofile --norc -e -o pipefail {0}
2025-09-20T21:21:10.5129652Z env:
2025-09-20T21:21:10.5129815Z   CARGO_TERM_COLOR: always
2025-09-20T21:21:10.5130004Z   RUST_BACKTRACE: full
2025-09-20T21:21:10.5130169Z   RUST_MIN_STACK: 40971520
2025-09-20T21:21:10.5130345Z   RUST_LOG: citadel=warn
2025-09-20T21:21:10.5130505Z   IN_CI: true
2025-09-20T21:21:10.5130654Z   LLVM_PATH: D:\a\_temp\llvm
2025-09-20T21:21:10.5141983Z   LD_LIBRARY_PATH: D:\a\_temp\llvm\lib;
2025-09-20T21:21:10.5142463Z   DYLD_LIBRARY_PATH: D:\a\_temp\llvm\lib;
2025-09-20T21:21:10.5142894Z   CARGO_HOME: C:\Users\runneradmin\.cargo
2025-09-20T21:21:10.5143276Z ##[endgroup]
2025-09-20T21:21:11.4711480Z ##[group]Run : disable incremental compilation
2025-09-20T21:21:11.4711934Z [36;1m: disable incremental compilation[0m
2025-09-20T21:21:11.4712210Z [36;1mif [ -z "${CARGO_INCREMENTAL+set}" ]; then[0m
2025-09-20T21:21:11.4712494Z [36;1m  echo CARGO_INCREMENTAL=0 >> $GITHUB_ENV[0m
2025-09-20T21:21:11.4712744Z [36;1mfi[0m
2025-09-20T21:21:11.4726905Z shell: C:\Program Files\Git\bin\bash.EXE --noprofile --norc -e -o pipefail {0}
2025-09-20T21:21:11.4727249Z env:
2025-09-20T21:21:11.4727414Z   CARGO_TERM_COLOR: always
2025-09-20T21:21:11.4727597Z   RUST_BACKTRACE: full
2025-09-20T21:21:11.4727773Z   RUST_MIN_STACK: 40971520
2025-09-20T21:21:11.4727948Z   RUST_LOG: citadel=warn
2025-09-20T21:21:11.4728125Z   IN_CI: true
2025-09-20T21:21:11.4728290Z   LLVM_PATH: D:\a\_temp\llvm
2025-09-20T21:21:11.4728495Z   LD_LIBRARY_PATH: D:\a\_temp\llvm\lib;
2025-09-20T21:21:11.4728732Z   DYLD_LIBRARY_PATH: D:\a\_temp\llvm\lib;
2025-09-20T21:21:11.4728966Z   CARGO_HOME: C:\Users\runneradmin\.cargo
2025-09-20T21:21:11.4729188Z ##[endgroup]
2025-09-20T21:21:11.5260957Z ##[group]Run : enable colors in Cargo output
2025-09-20T21:21:11.5261241Z [36;1m: enable colors in Cargo output[0m
2025-09-20T21:21:11.5261499Z [36;1mif [ -z "${CARGO_TERM_COLOR+set}" ]; then[0m
2025-09-20T21:21:11.5261940Z [36;1m  echo CARGO_TERM_COLOR=always >> $GITHUB_ENV[0m
2025-09-20T21:21:11.5262175Z [36;1mfi[0m
2025-09-20T21:21:11.5275379Z shell: C:\Program Files\Git\bin\bash.EXE --noprofile --norc -e -o pipefail {0}
2025-09-20T21:21:11.5275719Z env:
2025-09-20T21:21:11.5275868Z   CARGO_TERM_COLOR: always
2025-09-20T21:21:11.5276045Z   RUST_BACKTRACE: full
2025-09-20T21:21:11.5276217Z   RUST_MIN_STACK: 40971520
2025-09-20T21:21:11.5276384Z   RUST_LOG: citadel=warn
2025-09-20T21:21:11.5276548Z   IN_CI: true
2025-09-20T21:21:11.5276696Z   LLVM_PATH: D:\a\_temp\llvm
2025-09-20T21:21:11.5276903Z   LD_LIBRARY_PATH: D:\a\_temp\llvm\lib;
2025-09-20T21:21:11.5277133Z   DYLD_LIBRARY_PATH: D:\a\_temp\llvm\lib;
2025-09-20T21:21:11.5277358Z   CARGO_HOME: C:\Users\runneradmin\.cargo
2025-09-20T21:21:11.5277566Z   CARGO_INCREMENTAL: 0
2025-09-20T21:21:11.5277726Z ##[endgroup]
2025-09-20T21:21:11.5818843Z ##[group]Run : enable Cargo sparse registry
2025-09-20T21:21:11.5819329Z [36;1m: enable Cargo sparse registry[0m
2025-09-20T21:21:11.5819865Z [36;1m# implemented in 1.66, stabilized in 1.68, made default in 1.70[0m
2025-09-20T21:21:11.5820889Z [36;1mif [ -z "${CARGO_REGISTRIES_CRATES_IO_PROTOCOL+set}" -o -f "D:\a\_temp"/.implicit_cargo_registries_crates_io_protocol ]; then[0m
2025-09-20T21:21:11.5821940Z [36;1m  if rustc +stable --version --verbose | grep -q '^release: 1\.6[89]\.'; then[0m
2025-09-20T21:21:11.5822717Z [36;1m    touch "D:\a\_temp"/.implicit_cargo_registries_crates_io_protocol || true[0m
2025-09-20T21:21:11.5823458Z [36;1m    echo CARGO_REGISTRIES_CRATES_IO_PROTOCOL=sparse >> $GITHUB_ENV[0m
2025-09-20T21:21:11.5824242Z [36;1m  elif rustc +stable --version --verbose | grep -q '^release: 1\.6[67]\.'; then[0m
2025-09-20T21:21:11.5825035Z [36;1m    touch "D:\a\_temp"/.implicit_cargo_registries_crates_io_protocol || true[0m
2025-09-20T21:21:11.5825767Z [36;1m    echo CARGO_REGISTRIES_CRATES_IO_PROTOCOL=git >> $GITHUB_ENV[0m
2025-09-20T21:21:11.5826305Z [36;1m  fi[0m
2025-09-20T21:21:11.5826542Z [36;1mfi[0m
2025-09-20T21:21:11.5846729Z shell: C:\Program Files\Git\bin\bash.EXE --noprofile --norc -e -o pipefail {0}
2025-09-20T21:21:11.5847313Z env:
2025-09-20T21:21:11.5847559Z   CARGO_TERM_COLOR: always
2025-09-20T21:21:11.5847868Z   RUST_BACKTRACE: full
2025-09-20T21:21:11.5848154Z   RUST_MIN_STACK: 40971520
2025-09-20T21:21:11.5848455Z   RUST_LOG: citadel=warn
2025-09-20T21:21:11.5848751Z   IN_CI: true
2025-09-20T21:21:11.5849012Z   LLVM_PATH: D:\a\_temp\llvm
2025-09-20T21:21:11.5849370Z   LD_LIBRARY_PATH: D:\a\_temp\llvm\lib;
2025-09-20T21:21:11.5850154Z   DYLD_LIBRARY_PATH: D:\a\_temp\llvm\lib;
2025-09-20T21:21:11.5850571Z   CARGO_HOME: C:\Users\runneradmin\.cargo
2025-09-20T21:21:11.5850962Z   CARGO_INCREMENTAL: 0
2025-09-20T21:21:11.5851238Z ##[endgroup]
2025-09-20T21:21:11.8629766Z ##[group]Run : work around spurious network errors in curl 8.0
2025-09-20T21:21:11.8630442Z [36;1m: work around spurious network errors in curl 8.0[0m
2025-09-20T21:21:11.8631393Z [36;1m# https://rust-lang.zulipchat.com/#narrow/stream/246057-t-cargo/topic/timeout.20investigation[0m
2025-09-20T21:21:11.8632699Z [36;1mif rustc +stable --version --verbose | grep -q '^release: 1\.7[01]\.'; then[0m
2025-09-20T21:21:11.8633450Z [36;1m  echo CARGO_HTTP_MULTIPLEXING=false >> $GITHUB_ENV[0m
2025-09-20T21:21:11.8633923Z [36;1mfi[0m
2025-09-20T21:21:11.8658468Z shell: C:\Program Files\Git\bin\bash.EXE --noprofile --norc -e -o pipefail {0}
2025-09-20T21:21:11.8659049Z env:
2025-09-20T21:21:11.8659279Z   CARGO_TERM_COLOR: always
2025-09-20T21:21:11.8659584Z   RUST_BACKTRACE: full
2025-09-20T21:21:11.8659889Z   RUST_MIN_STACK: 40971520
2025-09-20T21:21:11.8660198Z   RUST_LOG: citadel=warn
2025-09-20T21:21:11.8660488Z   IN_CI: true
2025-09-20T21:21:11.8660753Z   LLVM_PATH: D:\a\_temp\llvm
2025-09-20T21:21:11.8661088Z   LD_LIBRARY_PATH: D:\a\_temp\llvm\lib;
2025-09-20T21:21:11.8661487Z   DYLD_LIBRARY_PATH: D:\a\_temp\llvm\lib;
2025-09-20T21:21:11.8662160Z   CARGO_HOME: C:\Users\runneradmin\.cargo
2025-09-20T21:21:11.8662550Z   CARGO_INCREMENTAL: 0
2025-09-20T21:21:11.8662820Z ##[endgroup]
2025-09-20T21:21:11.9930723Z ##[group]Run rustc +stable --version --verbose
2025-09-20T21:21:11.9931013Z [36;1mrustc +stable --version --verbose[0m
2025-09-20T21:21:11.9944739Z shell: C:\Program Files\Git\bin\bash.EXE --noprofile --norc -e -o pipefail {0}
2025-09-20T21:21:11.9945080Z env:
2025-09-20T21:21:11.9945232Z   CARGO_TERM_COLOR: always
2025-09-20T21:21:11.9945429Z   RUST_BACKTRACE: full
2025-09-20T21:21:11.9945598Z   RUST_MIN_STACK: 40971520
2025-09-20T21:21:11.9945782Z   RUST_LOG: citadel=warn
2025-09-20T21:21:11.9945951Z   IN_CI: true
2025-09-20T21:21:11.9946110Z   LLVM_PATH: D:\a\_temp\llvm
2025-09-20T21:21:11.9946320Z   LD_LIBRARY_PATH: D:\a\_temp\llvm\lib;
2025-09-20T21:21:11.9946556Z   DYLD_LIBRARY_PATH: D:\a\_temp\llvm\lib;
2025-09-20T21:21:11.9946791Z   CARGO_HOME: C:\Users\runneradmin\.cargo
2025-09-20T21:21:11.9947022Z   CARGO_INCREMENTAL: 0
2025-09-20T21:21:11.9947199Z ##[endgroup]
2025-09-20T21:21:12.0853145Z rustc 1.90.0 (1159e78c4 2025-09-14)
2025-09-20T21:21:12.0853647Z binary: rustc
2025-09-20T21:21:12.0854124Z commit-hash: 1159e78c4747b02ef996e55082b704c09b970588
2025-09-20T21:21:12.0854606Z commit-date: 2025-09-14
2025-09-20T21:21:12.0854849Z host: x86_64-pc-windows-msvc
2025-09-20T21:21:12.0855087Z release: 1.90.0
2025-09-20T21:21:12.0856753Z LLVM version: 20.1.8
2025-09-20T21:21:12.1141727Z ##[group]Run actions-rs/cargo@v1
2025-09-20T21:21:12.1141936Z with:
2025-09-20T21:21:12.1142080Z   command: install
2025-09-20T21:21:12.1142248Z   args: --force cargo-make
2025-09-20T21:21:12.1142431Z   use-cross: false
2025-09-20T21:21:12.1142574Z env:
2025-09-20T21:21:12.1142712Z   CARGO_TERM_COLOR: always
2025-09-20T21:21:12.1142886Z   RUST_BACKTRACE: full
2025-09-20T21:21:12.1143054Z   RUST_MIN_STACK: 40971520
2025-09-20T21:21:12.1143228Z   RUST_LOG: citadel=warn
2025-09-20T21:21:12.1143395Z   IN_CI: true
2025-09-20T21:21:12.1143564Z   LLVM_PATH: D:\a\_temp\llvm
2025-09-20T21:21:12.1143760Z   LD_LIBRARY_PATH: D:\a\_temp\llvm\lib;
2025-09-20T21:21:12.1144009Z   DYLD_LIBRARY_PATH: D:\a\_temp\llvm\lib;
2025-09-20T21:21:12.1144236Z   CARGO_HOME: C:\Users\runneradmin\.cargo
2025-09-20T21:21:12.1144456Z   CARGO_INCREMENTAL: 0
2025-09-20T21:21:12.1144614Z ##[endgroup]
2025-09-20T21:21:12.5633908Z [command]C:\Users\runneradmin\.cargo\bin\cargo.exe install --force cargo-make
2025-09-20T21:21:13.4299231Z [1m[32m    Updating[0m crates.io index
2025-09-20T21:21:13.5492036Z [1m[32m Downloading[0m crates ...
2025-09-20T21:21:13.6989051Z [1m[32m  Downloaded[0m cargo-make v0.37.24
2025-09-20T21:21:14.3748118Z [1m[32m  Installing[0m cargo-make v0.37.24
2025-09-20T21:21:14.4246680Z [1m[32m    Updating[0m crates.io index
2025-09-20T21:21:15.7652981Z [1m[32m     Locking[0m 234 packages to latest compatible versions
2025-09-20T21:21:15.7670726Z [1m[36m      Adding[0m cargo_metadata v0.19.2 [1m[33m(available: v0.22.0)[0m
2025-09-20T21:21:15.7774493Z [1m[36m      Adding[0m petgraph v0.7.1 [1m[33m(available: v0.8.2)[0m
2025-09-20T21:21:15.7894332Z [1m[36m      Adding[0m strum_macros v0.26.4 [1m[33m(available: v0.27.2)[0m
2025-09-20T21:21:15.7925991Z [1m[36m      Adding[0m toml v0.8.23 [1m[33m(available: v0.9.7)[0m
2025-09-20T21:21:15.7993595Z [1m[32m Downloading[0m crates ...
2025-09-20T21:21:15.8856462Z [1m[32m  Downloaded[0m equivalent v1.0.2
2025-09-20T21:21:15.9074189Z [1m[32m  Downloaded[0m yoke v0.8.0
2025-09-20T21:21:15.9399084Z [1m[32m  Downloaded[0m zerotrie v0.2.2
2025-09-20T21:21:16.0110964Z [1m[32m  Downloaded[0m ryu v1.0.20
2025-09-20T21:21:16.0761561Z [1m[32m  Downloaded[0m zerofrom v0.1.6
2025-09-20T21:21:16.0989767Z [1m[32m  Downloaded[0m zerovec-derive v0.11.1
2025-09-20T21:21:16.1377673Z [1m[32m  Downloaded[0m zeroize v1.8.1
2025-09-20T21:21:16.1620691Z [1m[32m  Downloaded[0m zopfli v0.8.2
2025-09-20T21:21:16.2122181Z [1m[32m  Downloaded[0m suppaftp v6.3.0
2025-09-20T21:21:16.2542959Z [1m[32m  Downloaded[0m typenum v1.18.0
2025-09-20T21:21:16.3120551Z [1m[32m  Downloaded[0m zip v2.4.2
2025-09-20T21:21:16.3770008Z [1m[32m  Downloaded[0m zerovec v0.11.4
2025-09-20T21:21:16.4859639Z [1m[32m  Downloaded[0m time v0.3.44
2025-09-20T21:21:16.6739764Z [1m[32m  Downloaded[0m idna v1.1.0
2025-09-20T21:21:16.7111905Z [1m[32m  Downloaded[0m winnow v0.7.13
2025-09-20T21:21:16.8649359Z [1m[32m  Downloaded[0m icu_properties_data v2.0.1
2025-09-20T21:21:17.0554198Z [1m[32m  Downloaded[0m serde_json v1.0.145
2025-09-20T21:21:17.2052481Z [1m[32m  Downloaded[0m zerocopy v0.8.27
2025-09-20T21:21:18.1119674Z [1m[32m  Downloaded[0m itertools v0.14.0
2025-09-20T21:21:18.2438300Z [1m[32m  Downloaded[0m hashbrown v0.16.0
2025-09-20T21:21:18.3132622Z [1m[32m  Downloaded[0m webpki-roots v1.0.2
2025-09-20T21:21:18.3400140Z [1m[32m  Downloaded[0m fern v0.7.1
2025-09-20T21:21:18.3918075Z [1m[32m  Downloaded[0m syn v2.0.106
2025-09-20T21:21:18.5479305Z [1m[32m  Downloaded[0m regex v1.11.2
2025-09-20T21:21:19.1423394Z [1m[32m  Downloaded[0m rustls v0.23.32
2025-09-20T21:21:19.3331442Z [1m[32m  Downloaded[0m regex-syntax v0.8.6
2025-09-20T21:21:19.4185586Z [1m[32m  Downloaded[0m lenient_semver v0.4.2
2025-09-20T21:21:19.4588435Z [1m[32m  Downloaded[0m bstr v1.12.0
2025-09-20T21:21:19.5562896Z [1m[32m  Downloaded[0m duckscriptsdk v0.11.1
2025-09-20T21:21:20.8107739Z [1m[32m  Downloaded[0m url v2.5.7
2025-09-20T21:21:20.8443964Z [1m[32m  Downloaded[0m rand v0.9.2
2025-09-20T21:21:20.9139155Z [1m[32m  Downloaded[0m winsafe v0.0.19
2025-09-20T21:21:22.1687792Z [1m[32m  Downloaded[0m memchr v2.7.5
2025-09-20T21:21:22.3548672Z [1m[32m  Downloaded[0m http v1.3.1
2025-09-20T21:21:22.5169869Z [1m[32m  Downloaded[0m hashbrown v0.12.3
2025-09-20T21:21:22.6689808Z [1m[32m  Downloaded[0m toml_edit v0.22.27
2025-09-20T21:21:22.7965866Z [1m[32m  Downloaded[0m rustls-webpki v0.103.6
2025-09-20T21:21:22.8565767Z [1m[32m  Downloaded[0m rand v0.8.5
2025-09-20T21:21:23.3242190Z [1m[32m  Downloaded[0m indexmap v2.11.4
2025-09-20T21:21:23.3947504Z [1m[32m  Downloaded[0m icu_normalizer_data v2.0.0
2025-09-20T21:21:23.4388565Z [1m[32m  Downloaded[0m icu_locale_core v2.0.0
2025-09-20T21:21:23.7258444Z [1m[32m  Downloaded[0m icu_collections v2.0.0
2025-09-20T21:21:23.9625411Z [1m[32m  Downloaded[0m flate2 v1.1.2
2025-09-20T21:21:24.8101810Z [1m[32m  Downloaded[0m rustls-pki-types v1.12.0
2025-09-20T21:21:24.9612991Z [1m[32m  Downloaded[0m miniz_oxide v0.8.9
2025-09-20T21:21:25.0178395Z [1m[32m  Downloaded[0m petgraph v0.7.1
2025-09-20T21:21:25.4831563Z [1m[32m  Downloaded[0m icu_properties v2.0.1
2025-09-20T21:21:25.5805879Z [1m[32m  Downloaded[0m icu_normalizer v2.0.0
2025-09-20T21:21:25.8472847Z [1m[32m  Downloaded[0m evalexpr v11.3.1
2025-09-20T21:21:25.9967848Z [1m[32m  Downloaded[0m bytes v1.10.1
2025-09-20T21:21:26.1257321Z [1m[32m  Downloaded[0m walkdir v2.5.0
2025-09-20T21:21:26.1597309Z [1m[32m  Downloaded[0m windows_x86_64_msvc v0.52.6
2025-09-20T21:21:26.1970577Z [1m[32m  Downloaded[0m vte v0.14.1
2025-09-20T21:21:26.2388545Z [1m[32m  Downloaded[0m unicode-ident v1.0.19
2025-09-20T21:21:26.2882559Z [1m[32m  Downloaded[0m smallvec v1.15.1
2025-09-20T21:21:26.3521597Z [1m[32m  Downloaded[0m serde_core v1.0.225
2025-09-20T21:21:26.3979956Z [1m[32m  Downloaded[0m serde v1.0.225
2025-09-20T21:21:26.4261667Z [1m[32m  Downloaded[0m quote v1.0.40
2025-09-20T21:21:26.4971795Z [1m[32m  Downloaded[0m num-traits v0.2.19
2025-09-20T21:21:26.5643704Z [1m[32m  Downloaded[0m lazy-regex v3.4.1
2025-09-20T21:21:26.6036883Z [1m[32m  Downloaded[0m indexmap v1.9.3
2025-09-20T21:21:26.6951742Z [1m[32m  Downloaded[0m getrandom v0.2.16
2025-09-20T21:21:26.8251956Z [1m[32m  Downloaded[0m futures-lite v2.6.1
2025-09-20T21:21:26.8813152Z [1m[32m  Downloaded[0m find-msvc-tools v0.1.2
2025-09-20T21:21:26.9414292Z [1m[32m  Downloaded[0m shell2batch v0.4.5
2025-09-20T21:21:27.6798140Z [1m[32m  Downloaded[0m winapi v0.3.9
2025-09-20T21:21:28.4137976Z [1m[32m  Downloaded[0m rust_info v0.3.3
2025-09-20T21:21:28.8092013Z [1m[32m  Downloaded[0m git_info v0.1.3
2025-09-20T21:21:29.0259325Z [1m[32m  Downloaded[0m envmnt v0.10.4
2025-09-20T21:21:29.3949264Z [1m[32m  Downloaded[0m cliparser v0.1.2
2025-09-20T21:21:29.6023593Z [1m[32m  Downloaded[0m ci_info v0.14.14
2025-09-20T21:21:29.7959076Z [1m[32m  Downloaded[0m crossbeam-utils v0.8.21
2025-09-20T21:21:29.8593324Z [1m[32m  Downloaded[0m camino v1.2.0
2025-09-20T21:21:30.2731740Z [1m[32m  Downloaded[0m writeable v0.6.1
2025-09-20T21:21:30.3219901Z [1m[32m  Downloaded[0m whoami v1.6.1
2025-09-20T21:21:30.3786306Z [1m[32m  Downloaded[0m untrusted v0.9.0
2025-09-20T21:21:30.4193368Z [1m[32m  Downloaded[0m toml_write v0.1.2
2025-09-20T21:21:30.4468248Z [1m[32m  Downloaded[0m toml v0.8.23
2025-09-20T21:21:30.4950310Z [1m[32m  Downloaded[0m tinystr v0.8.1
2025-09-20T21:21:30.5418727Z [1m[32m  Downloaded[0m thiserror v2.0.16
2025-09-20T21:21:30.7197962Z [1m[32m  Downloaded[0m encoding_rs v0.8.35
2025-09-20T21:21:30.8964640Z [1m[32m  Downloaded[0m strum_macros v0.26.4
2025-09-20T21:21:30.9448806Z [1m[32m  Downloaded[0m ring v0.17.14
2025-09-20T21:21:31.8391128Z [1m[32m  Downloaded[0m stable_deref_trait v1.2.0
2025-09-20T21:21:31.8586507Z [1m[32m  Downloaded[0m sha2 v0.10.9
2025-09-20T21:21:31.9937450Z [1m[32m  Downloaded[0m serde_ignored v0.1.14
2025-09-20T21:21:32.0733306Z [1m[32m  Downloaded[0m rustversion v1.0.22
2025-09-20T21:21:32.2671804Z [1m[32m  Downloaded[0m run_script v0.11.0
2025-09-20T21:21:32.3849040Z [1m[32m  Downloaded[0m rand_core v0.6.4
2025-09-20T21:21:32.4494582Z [1m[32m  Downloaded[0m rand_chacha v0.9.0
2025-09-20T21:21:32.5120637Z [1m[32m  Downloaded[0m rand_chacha v0.3.1
2025-09-20T21:21:32.5657703Z [1m[32m  Downloaded[0m pin-project-lite v0.2.16
2025-09-20T21:21:32.9622173Z [1m[32m  Downloaded[0m once_cell v1.21.3
2025-09-20T21:21:33.0177569Z [1m[32m  Downloaded[0m nu-ansi-term v0.50.1
2025-09-20T21:21:33.0896371Z [1m[32m  Downloaded[0m litemap v0.8.0
2025-09-20T21:21:33.1522983Z [1m[32m  Downloaded[0m home v0.5.11
2025-09-20T21:21:33.1709677Z [1m[32m  Downloaded[0m globset v0.4.16
2025-09-20T21:21:33.1949870Z [1m[32m  Downloaded[0m generic-array v0.14.7
2025-09-20T21:21:33.2207928Z [1m[32m  Downloaded[0m fsio v0.4.1
2025-09-20T21:21:33.2830558Z [1m[32m  Downloaded[0m fs_extra v1.3.0
2025-09-20T21:21:33.3052390Z [1m[32m  Downloaded[0m fixedbitset v0.5.7
2025-09-20T21:21:33.3363259Z [1m[32m  Downloaded[0m duckscript v0.10.0
2025-09-20T21:21:33.4082880Z [1m[32m  Downloaded[0m colored v2.2.0
2025-09-20T21:21:33.4688402Z [1m[32m  Downloaded[0m cc v1.2.38
2025-09-20T21:21:33.5157196Z [1m[32m  Downloaded[0m base64 v0.22.1
2025-09-20T21:21:33.5808257Z [1m[32m  Downloaded[0m zerofrom-derive v0.1.6
2025-09-20T21:21:33.6028233Z [1m[32m  Downloaded[0m yoke-derive v0.8.0
2025-09-20T21:21:33.6210329Z [1m[32m  Downloaded[0m which v6.0.3
2025-09-20T21:21:33.6509138Z [1m[32m  Downloaded[0m webpki-roots v0.26.11
2025-09-20T21:21:33.6728421Z [1m[32m  Downloaded[0m version_check v0.9.5
2025-09-20T21:21:33.6966148Z [1m[32m  Downloaded[0m utf8_iter v1.0.4
2025-09-20T21:21:33.7265084Z [1m[32m  Downloaded[0m toml_datetime v0.6.11
2025-09-20T21:21:33.7417253Z [1m[32m  Downloaded[0m time-core v0.1.6
2025-09-20T21:21:33.7585968Z [1m[32m  Downloaded[0m thiserror-impl v2.0.16
2025-09-20T21:21:33.7901055Z [1m[32m  Downloaded[0m synstructure v0.13.2
2025-09-20T21:21:33.8062636Z [1m[32m  Downloaded[0m subtle v2.6.1
2025-09-20T21:21:33.8339434Z [1m[32m  Downloaded[0m strip-ansi-escapes v0.2.1
2025-09-20T21:21:33.8559287Z [1m[32m  Downloaded[0m simd-adler32 v0.3.7
2025-09-20T21:21:33.8923627Z [1m[32m  Downloaded[0m shlex v1.3.0
2025-09-20T21:21:33.9172896Z [1m[32m  Downloaded[0m serde_spanned v0.6.9
2025-09-20T21:21:33.9339652Z [1m[32m  Downloaded[0m rand_core v0.9.3
2025-09-20T21:21:33.9672121Z [1m[32m  Downloaded[0m ppv-lite86 v0.2.21
2025-09-20T21:21:33.9901510Z [1m[32m  Downloaded[0m powerfmt v0.2.0
2025-09-20T21:21:34.2325556Z [1m[32m  Downloaded[0m pkg-config v0.3.32
2025-09-20T21:21:34.2909808Z [1m[32m  Downloaded[0m percent-encoding v2.3.2
2025-09-20T21:21:34.3058784Z [1m[32m  Downloaded[0m parking v2.2.1
2025-09-20T21:21:34.3293597Z [1m[32m  Downloaded[0m lenient_semver_parser v0.4.2
2025-09-20T21:21:34.3418406Z [1m[32m  Downloaded[0m lazy_static v1.5.0
2025-09-20T21:21:34.3758029Z [1m[32m  Downloaded[0m java-properties v2.0.0
2025-09-20T21:21:34.4019691Z [1m[32m  Downloaded[0m itoa v1.0.15
2025-09-20T21:21:34.4326896Z [1m[32m  Downloaded[0m idna_adapter v1.2.1
2025-09-20T21:21:34.4550436Z [1m[32m  Downloaded[0m hex v0.4.3
2025-09-20T21:21:34.4709078Z [1m[32m  Downloaded[0m heck v0.5.0
2025-09-20T21:21:34.4833500Z [1m[32m  Downloaded[0m windows-sys v0.59.0
2025-09-20T21:21:34.7793071Z [1m[32m  Downloaded[0m glob v0.3.3
2025-09-20T21:21:34.7911649Z [1m[32m  Downloaded[0m futures-io v0.3.31
2025-09-20T21:21:34.7974282Z [1m[32m  Downloaded[0m windows-sys v0.52.0
2025-09-20T21:21:35.7250372Z [1m[32m  Downloaded[0m futures-core v0.3.31
2025-09-20T21:21:35.7454040Z [1m[32m  Downloaded[0m form_urlencoded v1.2.2
2025-09-20T21:21:35.7522334Z [1m[32m  Downloaded[0m fnv v1.0.7
2025-09-20T21:21:35.7593994Z [1m[32m  Downloaded[0m either v1.15.0
2025-09-20T21:21:35.7724104Z [1m[32m  Downloaded[0m dunce v1.0.5
2025-09-20T21:21:35.7796120Z [1m[32m  Downloaded[0m dirs-next v2.0.0
2025-09-20T21:21:35.7885765Z [1m[32m  Downloaded[0m digest v0.10.7
2025-09-20T21:21:35.8041305Z [1m[32m  Downloaded[0m deranged v0.5.3
2025-09-20T21:21:35.8133330Z [1m[32m  Downloaded[0m windows-sys v0.61.0
2025-09-20T21:21:36.1152743Z [1m[32m  Downloaded[0m ctrlc v3.5.0
2025-09-20T21:21:36.1311214Z [1m[32m  Downloaded[0m crypto-common v0.1.6
2025-09-20T21:21:36.1382470Z [1m[32m  Downloaded[0m crossbeam-epoch v0.9.18
2025-09-20T21:21:36.1572007Z [1m[32m  Downloaded[0m crossbeam-deque v0.8.6
2025-09-20T21:21:36.1690004Z [1m[32m  Downloaded[0m cpufeatures v0.2.17
2025-09-20T21:21:36.1817106Z [1m[32m  Downloaded[0m bzip2-sys v0.1.13+1.0.8
2025-09-20T21:21:36.2317404Z [1m[32m  Downloaded[0m windows-targets v0.52.6
2025-09-20T21:21:36.2385627Z [1m[32m  Downloaded[0m windows-link v0.2.0
2025-09-20T21:21:36.2462116Z [1m[32m  Downloaded[0m serde_derive v1.0.225
2025-09-20T21:21:36.2688812Z [1m[32m  Downloaded[0m regex-automata v0.4.10
2025-09-20T21:21:36.3643059Z [1m[32m  Downloaded[0m num-conv v0.1.0
2025-09-20T21:21:36.3707687Z [1m[32m  Downloaded[0m lenient_semver_version_builder v0.4.2
2025-09-20T21:21:36.3762737Z [1m[32m  Downloaded[0m lazy-regex-proc_macros v3.4.1
2025-09-20T21:21:36.3817536Z [1m[32m  Downloaded[0m displaydoc v0.2.5
2025-09-20T21:21:36.4160797Z [1m[32m  Downloaded[0m crc32fast v1.5.0
2025-09-20T21:21:36.4290656Z [1m[32m  Downloaded[0m chrono v0.4.42
2025-09-20T21:21:36.4702415Z [1m[32m  Downloaded[0m bzip2 v0.5.2
2025-09-20T21:21:36.4832714Z [1m[32m  Downloaded[0m aho-corasick v1.1.3
2025-09-20T21:21:36.5223201Z [1m[32m  Downloaded[0m dirs-sys-next v0.1.2
2025-09-20T21:21:36.5302853Z [1m[32m  Downloaded[0m colored v3.0.0
2025-09-20T21:21:36.5556819Z [1m[32m  Downloaded[0m cargo-platform v0.1.9
2025-09-20T21:21:36.5649417Z [1m[32m  Downloaded[0m block-buffer v0.10.4
2025-09-20T21:21:36.5732424Z [1m[32m  Downloaded[0m autocfg v1.5.0
2025-09-20T21:21:36.5939545Z [1m[32m  Downloaded[0m attohttpc v0.28.5
2025-09-20T21:21:36.6374488Z [1m[32m  Downloaded[0m adler2 v2.0.1
2025-09-20T21:21:36.6473744Z [1m[32m  Downloaded[0m semver v1.0.27
2025-09-20T21:21:36.6698836Z [1m[32m  Downloaded[0m proc-macro2 v1.0.101
2025-09-20T21:21:36.6965888Z [1m[32m  Downloaded[0m potential_utf v0.1.3
2025-09-20T21:21:36.7043493Z [1m[32m  Downloaded[0m num_cpus v1.17.0
2025-09-20T21:21:37.4351324Z [1m[32m  Downloaded[0m log v0.4.28
2025-09-20T21:21:37.4512808Z [1m[32m  Downloaded[0m ignore v0.4.23
2025-09-20T21:21:37.4702676Z [1m[32m  Downloaded[0m icu_provider v2.0.0
2025-09-20T21:21:37.4884597Z [1m[32m  Downloaded[0m getrandom v0.3.3
2025-09-20T21:21:37.5180183Z [1m[32m  Downloaded[0m cfg-if v1.0.3
2025-09-20T21:21:37.5369366Z [1m[32m  Downloaded[0m bumpalo v3.19.0
2025-09-20T21:21:37.5524748Z [1m[32m  Downloaded[0m winapi-util v0.1.11
2025-09-20T21:21:37.5641859Z [1m[32m  Downloaded[0m same-file v1.0.6
2025-09-20T21:21:37.5765197Z [1m[32m  Downloaded[0m fastrand v2.3.0
2025-09-20T21:21:37.5858677Z [1m[32m  Downloaded[0m cargo_metadata v0.19.2
2025-09-20T21:21:37.8285282Z [1m[32m   Compiling[0m proc-macro2 v1.0.101
2025-09-20T21:21:37.8286007Z [1m[32m   Compiling[0m unicode-ident v1.0.19
2025-09-20T21:21:37.8286550Z [1m[32m   Compiling[0m cfg-if v1.0.3
2025-09-20T21:21:37.8287220Z [1m[32m   Compiling[0m serde_core v1.0.225
2025-09-20T21:21:37.9037844Z [1m[32m   Compiling[0m memchr v2.7.5
2025-09-20T21:21:37.9599702Z [1m[32m   Compiling[0m stable_deref_trait v1.2.0
2025-09-20T21:21:38.0443251Z [1m[32m   Compiling[0m shlex v1.3.0
2025-09-20T21:21:38.2599281Z [1m[32m   Compiling[0m find-msvc-tools v0.1.2
2025-09-20T21:21:39.0675405Z [1m[32m   Compiling[0m cc v1.2.38
2025-09-20T21:21:39.2211493Z [1m[32m   Compiling[0m zerocopy v0.8.27
2025-09-20T21:21:40.7702887Z [1m[32m   Compiling[0m autocfg v1.5.0
2025-09-20T21:21:41.3577044Z [1m[32m   Compiling[0m quote v1.0.40
2025-09-20T21:21:41.8096393Z [1m[32m   Compiling[0m syn v2.0.106
2025-09-20T21:21:41.8420270Z [1m[32m   Compiling[0m windows_x86_64_msvc v0.52.6
2025-09-20T21:21:42.1030406Z [1m[32m   Compiling[0m getrandom v0.3.3
2025-09-20T21:21:42.5173379Z [1m[32m   Compiling[0m serde v1.0.225
2025-09-20T21:21:43.2894443Z [1m[32m   Compiling[0m aho-corasick v1.1.3
2025-09-20T21:21:43.6025206Z [1m[32m   Compiling[0m ppv-lite86 v0.2.21
2025-09-20T21:21:44.2104151Z [1m[32m   Compiling[0m writeable v0.6.1
2025-09-20T21:21:44.6582027Z [1m[32m   Compiling[0m windows-link v0.2.0
2025-09-20T21:21:44.7244216Z [1m[32m   Compiling[0m litemap v0.8.0
2025-09-20T21:21:44.7465842Z [1m[32m   Compiling[0m regex-syntax v0.8.6
2025-09-20T21:21:45.0906413Z [1m[32m   Compiling[0m rand_core v0.9.3
2025-09-20T21:21:45.4093124Z [1m[32m   Compiling[0m windows-targets v0.52.6
2025-09-20T21:21:45.4739331Z [1m[32m   Compiling[0m getrandom v0.2.16
2025-09-20T21:21:45.6603450Z [1m[32m   Compiling[0m log v0.4.28
2025-09-20T21:21:45.9569292Z [1m[32m   Compiling[0m typenum v1.18.0
2025-09-20T21:21:46.4029071Z [1m[32m   Compiling[0m version_check v0.9.5
2025-09-20T21:21:46.8118783Z [1m[32m   Compiling[0m icu_normalizer_data v2.0.0
2025-09-20T21:21:47.0654619Z [1m[32m   Compiling[0m synstructure v0.13.2
2025-09-20T21:21:47.9969449Z [1m[32m   Compiling[0m regex-automata v0.4.10
2025-09-20T21:21:49.6399503Z [1m[32m   Compiling[0m icu_properties_data v2.0.1
2025-09-20T21:21:49.9503525Z [1m[32m   Compiling[0m generic-array v0.14.7
2025-09-20T21:21:50.2272172Z [1m[32m   Compiling[0m rand_chacha v0.9.0
2025-09-20T21:21:50.3962109Z [1m[32m   Compiling[0m zerofrom-derive v0.1.6
2025-09-20T21:21:51.3490311Z [1m[32m   Compiling[0m yoke-derive v0.8.0
2025-09-20T21:21:52.7306821Z [1m[32m   Compiling[0m zerofrom v0.1.6
2025-09-20T21:21:52.8840815Z [1m[32m   Compiling[0m displaydoc v0.2.5
2025-09-20T21:21:53.0916545Z [1m[32m   Compiling[0m yoke v0.8.0
2025-09-20T21:21:53.3629191Z [1m[32m   Compiling[0m zerovec-derive v0.11.1
2025-09-20T21:21:53.6276791Z [1m[32m   Compiling[0m serde_derive v1.0.225
2025-09-20T21:21:53.8748816Z [1m[32m   Compiling[0m zerotrie v0.2.2
2025-09-20T21:21:54.4601557Z [1m[32m   Compiling[0m ring v0.17.14
2025-09-20T21:21:55.2471387Z [1m[32m   Compiling[0m zerovec v0.11.4
2025-09-20T21:21:55.2722463Z [1m[32m   Compiling[0m crc32fast v1.5.0
2025-09-20T21:21:56.6438628Z [1m[32m   Compiling[0m zeroize v1.8.1
2025-09-20T21:21:56.8592973Z [1m[32m   Compiling[0m rustls-pki-types v1.12.0
2025-09-20T21:21:57.0396688Z [1m[32m   Compiling[0m tinystr v0.8.1
2025-09-20T21:21:57.3247319Z [1m[32m   Compiling[0m icu_locale_core v2.0.0
2025-09-20T21:21:57.9017873Z [1m[32m   Compiling[0m potential_utf v0.1.3
2025-09-20T21:21:58.1007393Z [1m[32m   Compiling[0m icu_collections v2.0.0
2025-09-20T21:21:59.0467641Z [1m[32m   Compiling[0m icu_provider v2.0.0
2025-09-20T21:22:00.4976130Z [1m[32m   Compiling[0m rand v0.9.2
2025-09-20T21:22:01.7459029Z [1m[32m   Compiling[0m windows-sys v0.61.0
2025-09-20T21:22:01.7726883Z [1m[32m   Compiling[0m crossbeam-utils v0.8.21
2025-09-20T21:22:02.1455481Z [1m[32m   Compiling[0m equivalent v1.0.2
2025-09-20T21:22:02.2220635Z [1m[32m   Compiling[0m thiserror v2.0.16
2025-09-20T21:22:02.2708637Z [1m[32m   Compiling[0m pkg-config v0.3.32
2025-09-20T21:22:03.3545466Z [1m[32m   Compiling[0m dunce v1.0.5
2025-09-20T21:22:03.6461207Z [1m[32m   Compiling[0m smallvec v1.15.1
2025-09-20T21:22:03.9781893Z [1m[32m   Compiling[0m hashbrown v0.16.0
2025-09-20T21:22:04.6462189Z [1m[32m   Compiling[0m icu_normalizer v2.0.0
2025-09-20T21:22:05.0848935Z [1m[32m   Compiling[0m indexmap v2.11.4
2025-09-20T21:22:05.6727579Z [1m[32m   Compiling[0m fsio v0.4.1
2025-09-20T21:22:06.3310319Z [1m[32m   Compiling[0m bzip2-sys v0.1.13+1.0.8
2025-09-20T21:22:06.6715360Z [1m[32m   Compiling[0m icu_properties v2.0.1
2025-09-20T21:22:07.5637724Z [1m[32m   Compiling[0m regex v1.11.2
2025-09-20T21:22:07.7062540Z [1m[32m   Compiling[0m thiserror-impl v2.0.16
2025-09-20T21:22:09.0434034Z [1m[32m   Compiling[0m windows-sys v0.59.0
2025-09-20T21:22:09.0740968Z [1m[32m   Compiling[0m semver v1.0.27
2025-09-20T21:22:09.8265444Z [1m[32m   Compiling[0m num-traits v0.2.19
2025-09-20T21:22:09.8679881Z [1m[32m   Compiling[0m once_cell v1.21.3
2025-09-20T21:22:10.0808774Z [1m[32m   Compiling[0m adler2 v2.0.1
2025-09-20T21:22:10.1599447Z [1m[32m   Compiling[0m untrusted v0.9.0
2025-09-20T21:22:10.2421409Z [1m[32m   Compiling[0m itoa v1.0.15
2025-09-20T21:22:10.4010910Z [1m[32m   Compiling[0m miniz_oxide v0.8.9
2025-09-20T21:22:11.7026488Z [1m[32m   Compiling[0m idna_adapter v1.2.1
2025-09-20T21:22:12.2738349Z [1m[32m   Compiling[0m winapi-util v0.1.11
2025-09-20T21:22:12.5615551Z [1m[32m   Compiling[0m indexmap v1.9.3
2025-09-20T21:22:12.7980893Z [1m[32m   Compiling[0m powerfmt v0.2.0
2025-09-20T21:22:13.0195138Z [1m[32m   Compiling[0m serde_json v1.0.145
2025-09-20T21:22:13.0731525Z [1m[32m   Compiling[0m rustls v0.23.32
2025-09-20T21:22:13.2742015Z [1m[32m   Compiling[0m utf8_iter v1.0.4
2025-09-20T21:22:13.3089577Z [1m[32m   Compiling[0m percent-encoding v2.3.2
2025-09-20T21:22:13.4338680Z [1m[32m   Compiling[0m winapi v0.3.9
2025-09-20T21:22:13.5888681Z [1m[32m   Compiling[0m form_urlencoded v1.2.2
2025-09-20T21:22:13.8440449Z [1m[32m   Compiling[0m idna v1.1.0
2025-09-20T21:22:14.0649569Z [1m[32m   Compiling[0m deranged v0.5.3
2025-09-20T21:22:15.4654033Z [1m[32m   Compiling[0m crossbeam-epoch v0.9.18
2025-09-20T21:22:16.1844347Z [1m[32m   Compiling[0m rustls-webpki v0.103.6
2025-09-20T21:22:16.3289540Z [1m[32m   Compiling[0m same-file v1.0.6
2025-09-20T21:22:16.3394674Z [1m[32m   Compiling[0m lazy-regex-proc_macros v3.4.1
2025-09-20T21:22:17.5738310Z [1m[32m   Compiling[0m flate2 v1.1.2
2025-09-20T21:22:17.8124025Z [1m[32m   Compiling[0m block-buffer v0.10.4
2025-09-20T21:22:17.9825331Z [1m[32m   Compiling[0m crypto-common v0.1.6
2025-09-20T21:22:18.1224137Z [1m[32m   Compiling[0m webpki-roots v1.0.2
2025-09-20T21:22:18.2669008Z [1m[32m   Compiling[0m rand_core v0.6.4
2025-09-20T21:22:18.3587459Z [1m[32m   Compiling[0m bstr v1.12.0
2025-09-20T21:22:18.5598973Z [1m[32m   Compiling[0m fnv v1.0.7
2025-09-20T21:22:18.6619988Z [1m[32m   Compiling[0m num-conv v0.1.0
2025-09-20T21:22:18.8557706Z [1m[32m   Compiling[0m futures-core v0.3.31
2025-09-20T21:22:18.9974783Z [1m[32m   Compiling[0m futures-io v0.3.31
2025-09-20T21:22:19.2104953Z [1m[32m   Compiling[0m rustversion v1.0.22
2025-09-20T21:22:19.3222105Z [1m[32m   Compiling[0m pin-project-lite v0.2.16
2025-09-20T21:22:19.4190975Z [1m[32m   Compiling[0m time-core v0.1.6
2025-09-20T21:22:19.6508749Z [1m[32m   Compiling[0m fastrand v2.3.0
2025-09-20T21:22:19.6715847Z [1m[32m   Compiling[0m lazy_static v1.5.0
2025-09-20T21:22:19.7683371Z [1m[32m   Compiling[0m simd-adler32 v0.3.7
2025-09-20T21:22:20.0424634Z [1m[32m   Compiling[0m zip v2.4.2
2025-09-20T21:22:20.2926497Z [1m[32m   Compiling[0m subtle v2.6.1
2025-09-20T21:22:20.3853954Z [1m[32m   Compiling[0m ryu v1.0.20
2025-09-20T21:22:20.4930954Z [1m[32m   Compiling[0m either v1.15.0
2025-09-20T21:22:20.6154288Z [1m[32m   Compiling[0m bytes v1.10.1
2025-09-20T21:22:20.7467213Z [1m[32m   Compiling[0m bumpalo v3.19.0
2025-09-20T21:22:20.8109399Z [1m[32m   Compiling[0m camino v1.2.0
2025-09-20T21:22:21.1885763Z [1m[32m   Compiling[0m hashbrown v0.12.3
2025-09-20T21:22:21.2686299Z [1m[32m   Compiling[0m parking v2.2.1
2025-09-20T21:22:21.3477131Z [1m[32m   Compiling[0m bzip2 v0.5.2
2025-09-20T21:22:21.4406677Z [1m[32m   Compiling[0m futures-lite v2.6.1
2025-09-20T21:22:21.6187584Z [1m[32m   Compiling[0m http v1.3.1
2025-09-20T21:22:22.0073145Z [1m[32m   Compiling[0m zopfli v0.8.2
2025-09-20T21:22:24.1046796Z [1m[32m   Compiling[0m time v0.3.44
2025-09-20T21:22:24.1087178Z [1m[32m   Compiling[0m globset v0.4.16
2025-09-20T21:22:25.1634445Z [1m[32m   Compiling[0m rand_chacha v0.3.1
2025-09-20T21:22:26.0580083Z [1m[32m   Compiling[0m webpki-roots v0.26.11
2025-09-20T21:22:26.1319254Z [1m[32m   Compiling[0m digest v0.10.7
2025-09-20T21:22:26.3607917Z [1m[32m   Compiling[0m chrono v0.4.42
2025-09-20T21:22:26.4320948Z [1m[32m   Compiling[0m lazy-regex v3.4.1
2025-09-20T21:22:26.5188543Z [1m[32m   Compiling[0m walkdir v2.5.0
2025-09-20T21:22:27.4461870Z [1m[32m   Compiling[0m crossbeam-deque v0.8.6
2025-09-20T21:22:27.4745488Z [1m[32m   Compiling[0m url v2.5.7
2025-09-20T21:22:30.0782148Z [1m[32m   Compiling[0m home v0.5.11
2025-09-20T21:22:30.2978509Z [1m[32m   Compiling[0m lenient_semver_version_builder v0.4.2
2025-09-20T21:22:30.5368873Z [1m[32m   Compiling[0m toml_datetime v0.6.11
2025-09-20T21:22:30.9023047Z [1m[32m   Compiling[0m serde_spanned v0.6.9
2025-09-20T21:22:31.0200165Z [1m[32m   Compiling[0m encoding_rs v0.8.35
2025-09-20T21:22:31.0584223Z [1m[32m   Compiling[0m winsafe v0.0.19
2025-09-20T21:22:31.6894705Z [1m[32m   Compiling[0m toml_write v0.1.2
2025-09-20T21:22:31.9798573Z [1m[32m   Compiling[0m cpufeatures v0.2.17
2025-09-20T21:22:32.0490451Z [1m[32m   Compiling[0m winnow v0.7.13
2025-09-20T21:22:35.3931180Z [1m[32m   Compiling[0m toml_edit v0.22.27
2025-09-20T21:22:37.4452718Z [1m[32m   Compiling[0m which v6.0.3
2025-09-20T21:22:38.1753586Z [1m[32m   Compiling[0m java-properties v2.0.0
2025-09-20T21:22:38.8726319Z [1m[32m   Compiling[0m sha2 v0.10.9
2025-09-20T21:22:39.1682277Z [1m[32m   Compiling[0m dirs-sys-next v0.1.2
2025-09-20T21:22:39.3071548Z [1m[32m   Compiling[0m lenient_semver_parser v0.4.2
2025-09-20T21:22:39.6375669Z [1m[32m   Compiling[0m attohttpc v0.28.5
2025-09-20T21:22:40.6036925Z [1m[32m   Compiling[0m suppaftp v6.3.0
2025-09-20T21:22:42.6778402Z [1m[32m   Compiling[0m ignore v0.4.23
2025-09-20T21:22:43.6612275Z [1m[32m   Compiling[0m rand v0.8.5
2025-09-20T21:22:45.8670090Z [1m[32m   Compiling[0m envmnt v0.10.4
2025-09-20T21:22:48.3885235Z [1m[32m   Compiling[0m colored v2.2.0
2025-09-20T21:22:49.0556899Z [1m[32m   Compiling[0m duckscript v0.10.0
2025-09-20T21:22:49.1754940Z [1m[32m   Compiling[0m cargo-platform v0.1.9
2025-09-20T21:22:49.1788792Z [1m[32m   Compiling[0m windows-sys v0.52.0
2025-09-20T21:22:49.6217264Z [1m[32m   Compiling[0m vte v0.14.1
2025-09-20T21:22:49.7152098Z [1m[32m   Compiling[0m heck v0.5.0
2025-09-20T21:22:49.8838212Z [1m[32m   Compiling[0m fixedbitset v0.5.7
2025-09-20T21:22:50.0427706Z [1m[32m   Compiling[0m evalexpr v11.3.1
2025-09-20T21:22:50.5448804Z [1m[32m   Compiling[0m fs_extra v1.3.0
2025-09-20T21:22:51.0523073Z [1m[32m   Compiling[0m num_cpus v1.17.0
2025-09-20T21:22:51.1552357Z [1m[32m   Compiling[0m base64 v0.22.1
2025-09-20T21:22:51.2363236Z [1m[32m   Compiling[0m whoami v1.6.1
2025-09-20T21:22:51.7407348Z [1m[32m   Compiling[0m glob v0.3.3
2025-09-20T21:22:51.8298601Z [1m[32m   Compiling[0m nu-ansi-term v0.50.1
2025-09-20T21:22:52.4396394Z [1m[32m   Compiling[0m duckscriptsdk v0.11.1
2025-09-20T21:22:52.5286734Z [1m[32m   Compiling[0m petgraph v0.7.1
2025-09-20T21:22:52.9658917Z [1m[32m   Compiling[0m strum_macros v0.26.4
2025-09-20T21:22:52.9929773Z [1m[32m   Compiling[0m strip-ansi-escapes v0.2.1
2025-09-20T21:22:53.6710283Z [1m[32m   Compiling[0m cargo_metadata v0.19.2
2025-09-20T21:22:56.1173475Z [1m[32m   Compiling[0m ci_info v0.14.14
2025-09-20T21:22:56.2586413Z [1m[32m   Compiling[0m lenient_semver v0.4.2
2025-09-20T21:22:56.5519772Z [1m[32m   Compiling[0m dirs-next v2.0.0
2025-09-20T21:22:56.6539420Z [1m[32m   Compiling[0m toml v0.8.23
2025-09-20T21:22:57.0074393Z [1m[32m   Compiling[0m itertools v0.14.0
2025-09-20T21:22:59.6240275Z [1m[32m   Compiling[0m colored v3.0.0
2025-09-20T21:22:59.8346508Z [1m[32m   Compiling[0m shell2batch v0.4.5
2025-09-20T21:23:00.4095250Z [1m[32m   Compiling[0m run_script v0.11.0
2025-09-20T21:23:01.0353477Z [1m[32m   Compiling[0m ctrlc v3.5.0
2025-09-20T21:23:01.2147491Z [1m[32m   Compiling[0m fern v0.7.1
2025-09-20T21:23:01.2262521Z [1m[32m   Compiling[0m serde_ignored v0.1.14
2025-09-20T21:23:01.5103493Z [1m[32m   Compiling[0m hex v0.4.3
2025-09-20T21:23:01.9288692Z [1m[32m   Compiling[0m rust_info v0.3.3
2025-09-20T21:23:02.7953890Z [1m[32m   Compiling[0m cliparser v0.1.2
2025-09-20T21:23:02.9568860Z [1m[32m   Compiling[0m git_info v0.1.3
2025-09-20T21:23:03.1013201Z [1m[32m   Compiling[0m cargo-make v0.37.24
2025-09-20T21:25:42.9257258Z [1m[32m    Finished[0m `release` profile [optimized] target(s) in 4m 29s
2025-09-20T21:25:42.9877538Z [1m[32m  Installing[0m C:\Users\runneradmin\.cargo\bin\cargo-make.exe
2025-09-20T21:25:42.9880835Z [1m[32m  Installing[0m C:\Users\runneradmin\.cargo\bin\makers.exe
2025-09-20T21:25:42.9889409Z [1m[32m   Installed[0m package `cargo-make v0.37.24` (executables `cargo-make.exe`, `makers.exe`)
2025-09-20T21:25:44.4480419Z ##[group]Run taiki-e/install-action@nextest
2025-09-20T21:25:44.4481050Z with:
2025-09-20T21:25:44.4481214Z   tool: nextest
2025-09-20T21:25:44.4481380Z   checksum: true
2025-09-20T21:25:44.4481548Z   fallback: cargo-binstall
2025-09-20T21:25:44.4481731Z env:
2025-09-20T21:25:44.4481875Z   CARGO_TERM_COLOR: always
2025-09-20T21:25:44.4482086Z   RUST_BACKTRACE: full
2025-09-20T21:25:44.4482265Z   RUST_MIN_STACK: 40971520
2025-09-20T21:25:44.4482441Z   RUST_LOG: citadel=warn
2025-09-20T21:25:44.4482619Z   IN_CI: true
2025-09-20T21:25:44.4482773Z   LLVM_PATH: D:\a\_temp\llvm
2025-09-20T21:25:44.4482981Z   LD_LIBRARY_PATH: D:\a\_temp\llvm\lib;
2025-09-20T21:25:44.4483214Z   DYLD_LIBRARY_PATH: D:\a\_temp\llvm\lib;
2025-09-20T21:25:44.4483464Z   CARGO_HOME: C:\Users\runneradmin\.cargo
2025-09-20T21:25:44.4483679Z   CARGO_INCREMENTAL: 0
2025-09-20T21:25:44.4483854Z ##[endgroup]
2025-09-20T21:25:44.4622960Z ##[group]Run bash --noprofile --norc "${GITHUB_ACTION_PATH:?}/main.sh"
2025-09-20T21:25:44.4623367Z [36;1mbash --noprofile --norc "${GITHUB_ACTION_PATH:?}/main.sh"[0m
2025-09-20T21:25:44.4636478Z shell: C:\Program Files\Git\bin\bash.EXE --noprofile --norc -e -o pipefail {0}
2025-09-20T21:25:44.4636810Z env:
2025-09-20T21:25:44.4637004Z   CARGO_TERM_COLOR: always
2025-09-20T21:25:44.4637201Z   RUST_BACKTRACE: full
2025-09-20T21:25:44.4637749Z   RUST_MIN_STACK: 40971520
2025-09-20T21:25:44.4637934Z   RUST_LOG: citadel=warn
2025-09-20T21:25:44.4638109Z   IN_CI: true
2025-09-20T21:25:44.4638267Z   LLVM_PATH: D:\a\_temp\llvm
2025-09-20T21:25:44.4638481Z   LD_LIBRARY_PATH: D:\a\_temp\llvm\lib;
2025-09-20T21:25:44.4638720Z   DYLD_LIBRARY_PATH: D:\a\_temp\llvm\lib;
2025-09-20T21:25:44.4638949Z   CARGO_HOME: C:\Users\runneradmin\.cargo
2025-09-20T21:25:44.4639170Z   CARGO_INCREMENTAL: 0
2025-09-20T21:25:44.4639334Z   INPUT_TOOL: nextest
2025-09-20T21:25:44.4639504Z   INPUT_CHECKSUM: true
2025-09-20T21:25:44.4639684Z   INPUT_FALLBACK: cargo-binstall
2025-09-20T21:25:44.4640582Z   DEFAULT_GITHUB_TOKEN: ***
2025-09-20T21:25:44.4640845Z   ACTION_USER_AGENT: taiki-e/install-action (nextest)
2025-09-20T21:25:44.4641105Z ##[endgroup]
2025-09-20T21:25:45.0948043Z info: host platform: x86_64_windows
2025-09-20T21:25:45.1275863Z info: cargo is located at /c/Users/runneradmin/.cargo/bin/cargo
2025-09-20T21:25:46.3874013Z * Host crates.io:443 was resolved.
2025-09-20T21:25:46.3874584Z * IPv6: (none)
2025-09-20T21:25:46.3874953Z * IPv4: 18.239.199.105, 18.239.199.91, 18.239.199.51, 18.239.199.106
2025-09-20T21:25:46.3875434Z *   Trying 18.239.199.105:443...
2025-09-20T21:25:46.3875932Z * schannel: disabled automatic use of client certificate
2025-09-20T21:25:46.3876420Z * ALPN: curl offers http/1.1
2025-09-20T21:25:46.3876795Z * ALPN: server accepted http/1.1
2025-09-20T21:25:46.3877200Z * Connected to crates.io (18.239.199.105) port 443
2025-09-20T21:25:46.3877587Z * using HTTP/1.x
2025-09-20T21:25:46.3878207Z > GET /api/v1/crates/cargo-nextest HTTP/1.1
2025-09-20T21:25:46.3878836Z 
2025-09-20T21:25:46.3878966Z > Host: crates.io
2025-09-20T21:25:46.3879141Z 
2025-09-20T21:25:46.3879308Z > User-Agent: taiki-e/install-action (nextest)
2025-09-20T21:25:46.3879888Z 
2025-09-20T21:25:46.3879986Z > Accept: */*
2025-09-20T21:25:46.3880137Z 
2025-09-20T21:25:46.3880226Z > 
2025-09-20T21:25:46.3880346Z 
2025-09-20T21:25:46.3880479Z * Request completely sent off
2025-09-20T21:25:46.3880863Z * schannel: remote party requests renegotiation
2025-09-20T21:25:46.3881161Z * schannel: renegotiating SSL/TLS connection
2025-09-20T21:25:46.3881509Z * schannel: SSL/TLS connection renegotiated
2025-09-20T21:25:46.3881891Z < HTTP/1.1 200 OK
2025-09-20T21:25:46.3882079Z 
2025-09-20T21:25:46.3882203Z < Content-Type: application/json
2025-09-20T21:25:46.3882511Z 
2025-09-20T21:25:46.3882652Z < Content-Length: 182668
2025-09-20T21:25:46.3882869Z 
2025-09-20T21:25:46.3882954Z < Connection: keep-alive
2025-09-20T21:25:46.3883080Z 
2025-09-20T21:25:46.3885898Z < Access-Control-Allow-Origin: *
2025-09-20T21:25:46.3886157Z 
2025-09-20T21:25:46.3887517Z < Content-Security-Policy: default-src 'self'; connect-src 'self' *.ingest.sentry.io https://docs.rs https://play.rust-lang.org https://static.crates.io; script-src 'self' 'unsafe-eval' 'sha256-n1+BB7Ckjcal1Pr7QNBh/dKRTtBQsIytFodRiIosXdE=' 'sha256-dbf9FMl76C7BnK1CC3eWb3pvsQAUaTYSHAlBy9tNTG0='; style-src 'self' 'unsafe-inline' https://code.cdn.mozilla.net; font-src https://code.cdn.mozilla.net; img-src *; object-src 'none'
2025-09-20T21:25:46.3889947Z 
2025-09-20T21:25:46.3890114Z < Date: Sat, 20 Sep 2025 21:25:46 GMT
2025-09-20T21:25:46.3890338Z 
2025-09-20T21:25:46.3890620Z < Nel: {"report_to":"heroku-nel","response_headers":["Via"],"max_age":3600,"success_fraction":0.01,"failure_fraction":0.1}
2025-09-20T21:25:46.3890971Z 
2025-09-20T21:25:46.3891618Z < Report-To: {"group":"heroku-nel","endpoints":[{"url":"https://nel.heroku.com/reports?s=h2SVx2CsLc55te3Qr9CIlgIEe%2FmVFWOee0i897KAzcs%3D\u0026sid=af571f24-03ee-46d1-9f90-ab9030c2c74c\u0026ts=1758403546"}],"max_age":3600}
2025-09-20T21:25:46.3892301Z 
2025-09-20T21:25:46.3892923Z < Reporting-Endpoints: heroku-nel="https://nel.heroku.com/reports?s=h2SVx2CsLc55te3Qr9CIlgIEe%2FmVFWOee0i897KAzcs%3D&sid=af571f24-03ee-46d1-9f90-ab9030c2c74c&ts=1758403546"
2025-09-20T21:25:46.3893519Z 
2025-09-20T21:25:46.3894023Z < Server: Heroku
2025-09-20T21:25:46.3894435Z 
2025-09-20T21:25:46.3894603Z < Strict-Transport-Security: max-age=31536000; includeSubDomains
2025-09-20T21:25:46.3894849Z 
2025-09-20T21:25:46.3895062Z < Via: 1.1 heroku-router, 1.1 1187ac5bbeaea0b3199ef80f73171c54.cloudfront.net (CloudFront)
2025-09-20T21:25:46.3895354Z 
2025-09-20T21:25:46.3895448Z < X-Content-Type-Options: nosniff
2025-09-20T21:25:46.3895604Z 
2025-09-20T21:25:46.3895683Z < X-Frame-Options: SAMEORIGIN
2025-09-20T21:25:46.3895840Z 
2025-09-20T21:25:46.3895957Z < X-Xss-Protection: 0
2025-09-20T21:25:46.3896161Z 
2025-09-20T21:25:46.3896320Z < Vary: Accept,Accept-Encoding,Cookie
2025-09-20T21:25:46.3896643Z 
2025-09-20T21:25:46.3896783Z < X-Cache: Miss from cloudfront
2025-09-20T21:25:46.3897032Z 
2025-09-20T21:25:46.3897180Z < X-Amz-Cf-Pop: SFO53-P3
2025-09-20T21:25:46.3897371Z 
2025-09-20T21:25:46.3897552Z < X-Amz-Cf-Id: z4_nKSAgYQIPBf0sSzst4g_Eo2OPmzAkLR4sBWrkkwPxSX3Z_5jIYw==
2025-09-20T21:25:46.3897841Z 
2025-09-20T21:25:46.3897931Z < 
2025-09-20T21:25:46.3898083Z 
2025-09-20T21:25:46.3898170Z { [2805 bytes data]
2025-09-20T21:25:46.3898366Z * Connection #0 to host crates.io left intact
2025-09-20T21:25:46.5427391Z info: installing cargo-nextest@latest
2025-09-20T21:25:46.9569487Z info: downloading https://github.com/nextest-rs/nextest/releases/download/cargo-nextest-0.9.104/cargo-nextest-0.9.104-x86_64-pc-windows-msvc.tar.gz
2025-09-20T21:25:47.3634435Z info: verifying sha256 checksum for cargo-nextest-0.9.104-x86_64-pc-windows-msvc.tar.gz
2025-09-20T21:25:47.9933824Z info: cargo-nextest installed at /c/Users/runneradmin/.cargo/bin/cargo-nextest.exe
2025-09-20T21:25:48.0023415Z + cargo-nextest nextest --version
2025-09-20T21:25:48.0284975Z cargo-nextest 0.9.104 (87857ddf2 2025-09-15)
2025-09-20T21:25:48.0285332Z release: 0.9.104
2025-09-20T21:25:48.0285562Z commit-hash: 87857ddf299a42c9cb5822422aeba77bd8fb74e8
2025-09-20T21:25:48.0285837Z commit-date: 2025-09-15
2025-09-20T21:25:48.0286047Z host: x86_64-pc-windows-msvc
2025-09-20T21:25:48.0310892Z 
2025-09-20T21:25:48.0528225Z ##[group]Run cargo nextest run --package netbeam
2025-09-20T21:25:48.0528620Z [36;1mcargo nextest run --package netbeam[0m
2025-09-20T21:25:48.2027604Z shell: C:\Program Files\PowerShell\7\pwsh.EXE -command ". '{0}'"
2025-09-20T21:25:48.2028023Z env:
2025-09-20T21:25:48.2028267Z   CARGO_TERM_COLOR: always
2025-09-20T21:25:48.2028532Z   RUST_BACKTRACE: full
2025-09-20T21:25:48.2028817Z   RUST_MIN_STACK: 40971520
2025-09-20T21:25:48.2029085Z   RUST_LOG: citadel=warn
2025-09-20T21:25:48.2029311Z   IN_CI: true
2025-09-20T21:25:48.2029505Z   LLVM_PATH: D:\a\_temp\llvm
2025-09-20T21:25:48.2029769Z   LD_LIBRARY_PATH: D:\a\_temp\llvm\lib;
2025-09-20T21:25:48.2030068Z   DYLD_LIBRARY_PATH: D:\a\_temp\llvm\lib;
2025-09-20T21:25:48.2030390Z   CARGO_HOME: C:\Users\runneradmin\.cargo
2025-09-20T21:25:48.2030681Z   CARGO_INCREMENTAL: 0
2025-09-20T21:25:48.2030896Z ##[endgroup]
2025-09-20T21:26:02.8899286Z [1m[32m    Updating[0m crates.io index
2025-09-20T21:26:02.9215660Z [1m[32m    Updating[0m git repository `https://github.com/second-state/socket2.git`
2025-09-20T21:26:03.8063909Z [1m[32m    Updating[0m git repository `https://github.com/second-state/wasi_tokio.git`
2025-09-20T21:26:08.2082949Z [1m[32m     Locking[0m 461 packages to latest Rust 1.90.0 compatible versions
2025-09-20T21:26:08.2100076Z [1m[36m      Adding[0m ascon-aead v0.4.4 [1m[33m(available: v0.5.1)[0m
2025-09-20T21:26:08.2139849Z [1m[36m      Adding[0m bincode v1.3.3 [1m[33m(available: v2.0.1)[0m
2025-09-20T21:26:08.2235097Z [1m[36m      Adding[0m generic-array v0.14.7 [1m[33m(available: v1.2.0)[0m
2025-09-20T21:26:08.2296108Z [1m[36m      Adding[0m hyper v0.14.32 [1m[33m(available: v1.7.0)[0m
2025-09-20T21:26:08.2498552Z [1m[36m      Adding[0m rand v0.8.5 [1m[33m(available: v0.9.2)[0m
2025-09-20T21:26:08.2622969Z [1m[36m      Adding[0m rstest v0.23.0 [1m[33m(available: v0.26.1)[0m
2025-09-20T21:26:08.2949752Z [1m[36m      Adding[0m stun v0.5.1 [1m[33m(available: v0.9.0)[0m
2025-09-20T21:26:08.3008703Z [1m[36m      Adding[0m sysinfo v0.29.11 [1m[33m(available: v0.37.0)[0m
2025-09-20T21:26:08.3363260Z [1m[36m      Adding[0m webrtc-util v0.11.0 [1m[33m(available: v0.12.0)[0m
2025-09-20T21:26:08.3587729Z [1m[36m      Adding[0m zerocopy v0.7.35 [1m[33m(available: v0.8.27)[0m
2025-09-20T21:26:08.4205946Z [1m[32m Downloading[0m crates ...
2025-09-20T21:26:08.5863034Z [1m[32m  Downloaded[0m futures-executor v0.3.31
2025-09-20T21:26:08.6084936Z [1m[32m  Downloaded[0m tinyvec_macros v0.1.1
2025-09-20T21:26:08.6306871Z [1m[32m  Downloaded[0m quinn-proto v0.11.13
2025-09-20T21:26:08.7137709Z [1m[32m  Downloaded[0m windows-targets v0.53.3
2025-09-20T21:26:08.7270210Z [1m[32m  Downloaded[0m universal-hash v0.5.1
2025-09-20T21:26:08.7483101Z [1m[32m  Downloaded[0m xmltree v0.10.3
2025-09-20T21:26:08.7728862Z [1m[32m  Downloaded[0m zeroize_derive v1.4.2
2025-09-20T21:26:08.7861353Z [1m[32m  Downloaded[0m yasna v0.5.2
2025-09-20T21:26:08.8069322Z [1m[32m  Downloaded[0m zerocopy-derive v0.7.35
2025-09-20T21:26:08.9624085Z [1m[32m  Downloaded[0m unicode-normalization v0.1.24
2025-09-20T21:26:08.9848850Z [1m[32m  Downloaded[0m tower-http v0.6.6
2025-09-20T21:26:09.0977543Z [1m[32m  Downloaded[0m sysinfo v0.29.11
2025-09-20T21:26:09.2209214Z [1m[32m  Downloaded[0m sqlx v0.8.6
2025-09-20T21:26:09.4120439Z [1m[32m  Downloaded[0m hyper v0.14.32
2025-09-20T21:26:09.4854508Z [1m[32m  Downloaded[0m portable-atomic v1.11.1
2025-09-20T21:26:09.5522437Z [1m[32m  Downloaded[0m vcpkg v0.2.15
2025-09-20T21:26:10.2905643Z [1m[32m  Downloaded[0m tracing-subscriber v0.3.20
2025-09-20T21:26:10.7346750Z [1m[32m  Downloaded[0m syn v1.0.109
2025-09-20T21:26:10.8256474Z [1m[32m  Downloaded[0m reqwest v0.12.23
2025-09-20T21:26:10.8830392Z [1m[32m  Downloaded[0m rayon v1.11.0
2025-09-20T21:26:10.9837735Z [1m[32m  Downloaded[0m openssl v0.10.73
2025-09-20T21:26:11.0670646Z [1m[32m  Downloaded[0m hkdf v0.12.4
2025-09-20T21:26:11.0951346Z [1m[32m  Downloaded[0m redis v0.32.5
2025-09-20T21:26:11.1733105Z [1m[32m  Downloaded[0m h2 v0.3.27
2025-09-20T21:26:11.2326838Z [1m[32m  Downloaded[0m futures-util v0.3.31
2025-09-20T21:26:11.3850318Z [1m[32m  Downloaded[0m libm v0.2.15
2025-09-20T21:26:11.5285568Z [1m[32m  Downloaded[0m winapi v0.2.8
2025-09-20T21:26:12.0272320Z [1m[32m  Downloaded[0m bitvec v1.0.1
2025-09-20T21:26:12.2258580Z [1m[32m  Downloaded[0m tokio-util v0.7.16
2025-09-20T21:26:12.7923005Z [1m[32m  Downloaded[0m sqlx-postgres v0.8.6
2025-09-20T21:26:12.8789902Z [1m[32m  Downloaded[0m sqlx-core v0.8.6
2025-09-20T21:26:12.9531981Z [1m[32m  Downloaded[0m iri-string v0.7.8
2025-09-20T21:26:13.1678938Z [1m[32m  Downloaded[0m zerocopy v0.7.35
2025-09-20T21:26:13.4623651Z [1m[32m  Downloaded[0m hyper v1.7.0
2025-09-20T21:26:13.5207795Z [1m[32m  Downloaded[0m hashbrown v0.15.5
2025-09-20T21:26:13.5557731Z [1m[32m  Downloaded[0m pqc_kyber_kyberslash v0.7.1
2025-09-20T21:26:13.6548553Z [1m[32m  Downloaded[0m xml-rs v0.8.27
2025-09-20T21:26:13.6999557Z [1m[32m  Downloaded[0m webrtc-util v0.11.0
2025-09-20T21:26:13.7815384Z [1m[32m  Downloaded[0m webrtc-util v0.8.1
2025-09-20T21:26:13.8358049Z [1m[32m  Downloaded[0m tower v0.5.2
2025-09-20T21:26:13.9473129Z [1m[32m  Downloaded[0m petgraph v0.6.5
2025-09-20T21:26:14.0625325Z [1m[32m  Downloaded[0m sqlx-mysql v0.8.6
2025-09-20T21:26:14.1395534Z [1m[32m  Downloaded[0m rstest_macros v0.23.0
2025-09-20T21:26:14.1780933Z [1m[32m  Downloaded[0m libc v0.2.175
2025-09-20T21:26:14.7747224Z [1m[32m  Downloaded[0m rayon-core v1.13.0
2025-09-20T21:26:14.8264017Z [1m[32m  Downloaded[0m windows_x86_64_msvc v0.53.0
2025-09-20T21:26:14.8510041Z [1m[32m  Downloaded[0m windows_x86_64_msvc v0.48.5
2025-09-20T21:26:14.8710645Z [1m[32m  Downloaded[0m quinn v0.11.9
2025-09-20T21:26:14.9076946Z [1m[32m  Downloaded[0m ntapi v0.4.1
2025-09-20T21:26:14.9399085Z [1m[32m  Downloaded[0m sha3 v0.10.8
2025-09-20T21:26:14.9666161Z [1m[32m  Downloaded[0m tokio v1.47.1
2025-09-20T21:26:15.4002331Z [1m[32m  Downloaded[0m hyper-util v0.1.17
2025-09-20T21:26:15.4501844Z [1m[32m  Downloaded[0m http v0.2.12
2025-09-20T21:26:15.4972257Z [1m[32m  Downloaded[0m der v0.7.10
2025-09-20T21:26:15.5512298Z [1m[32m  Downloaded[0m chacha20poly1305 v0.10.1
2025-09-20T21:26:15.5664802Z [1m[32m  Downloaded[0m tracing-core v0.1.34
2025-09-20T21:26:15.5966953Z [1m[32m  Downloaded[0m stun v0.5.1
2025-09-20T21:26:15.6324942Z [1m[32m  Downloaded[0m sqlx-sqlite v0.8.6
2025-09-20T21:26:15.6775245Z [1m[32m  Downloaded[0m socket2 v0.6.0
2025-09-20T21:26:15.6930643Z [1m[32m  Downloaded[0m rustls-platform-verifier v0.6.1
2025-09-20T21:26:15.7399664Z [1m[32m  Downloaded[0m rstest v0.23.0
2025-09-20T21:26:15.8232194Z [1m[32m  Downloaded[0m rsa v0.9.8
2025-09-20T21:26:16.3728214Z [1m[32m  Downloaded[0m openssl-sys v0.9.109
2025-09-20T21:26:16.4254705Z [1m[32m  Downloaded[0m num-bigint-dig v0.8.4
2025-09-20T21:26:16.4819026Z [1m[32m  Downloaded[0m httparse v1.10.1
2025-09-20T21:26:16.5147198Z [1m[32m  Downloaded[0m futures-intrusive v0.5.0
2025-09-20T21:26:16.5609818Z [1m[32m  Downloaded[0m flume v0.11.1
2025-09-20T21:26:16.6206318Z [1m[32m  Downloaded[0m base64 v0.21.7
2025-09-20T21:26:16.6509683Z [1m[32m  Downloaded[0m wyz v0.5.1
2025-09-20T21:26:16.6606170Z [1m[32m  Downloaded[0m uuid v1.18.1
2025-09-20T21:26:16.6861135Z [1m[32m  Downloaded[0m unicode-properties v0.1.3
2025-09-20T21:26:16.7071269Z [1m[32m  Downloaded[0m unicode-bidi v0.3.18
2025-09-20T21:26:16.7383438Z [1m[32m  Downloaded[0m ts-rs v11.0.1
2025-09-20T21:26:16.8144774Z [1m[32m  Downloaded[0m toml_edit v0.23.6
2025-09-20T21:26:16.8666189Z [1m[32m  Downloaded[0m sqlx-macros-core v0.8.6
2025-09-20T21:26:16.8935799Z [1m[32m  Downloaded[0m socket2 v0.5.10
2025-09-20T21:26:16.9075137Z [1m[32m  Downloaded[0m schannel v0.1.28
2025-09-20T21:26:16.9388938Z [1m[32m  Downloaded[0m pkcs1 v0.7.5
2025-09-20T21:26:16.9671504Z [1m[32m  Downloaded[0m hyper-rustls v0.27.7
2025-09-20T21:26:16.9927674Z [1m[32m  Downloaded[0m event-listener v5.4.1
2025-09-20T21:26:17.0081648Z [1m[32m  Downloaded[0m anyhow v1.0.100
2025-09-20T21:26:17.0541792Z [1m[32m  Downloaded[0m twox-hash v2.1.2
2025-09-20T21:26:17.0752707Z [1m[32m  Downloaded[0m tracing-attributes v0.1.30
2025-09-20T21:26:17.1074023Z [1m[32m  Downloaded[0m toml_parser v1.0.3
2025-09-20T21:26:17.1337774Z [1m[32m  Downloaded[0m tokio-stream v0.1.17
2025-09-20T21:26:17.1883504Z [1m[32m  Downloaded[0m tokio-rustls v0.26.3
2025-09-20T21:26:17.2051265Z [1m[32m  Downloaded[0m tinyvec v1.10.0
2025-09-20T21:26:17.2283849Z [1m[32m  Downloaded[0m thiserror v1.0.69
2025-09-20T21:26:17.3141129Z [1m[32m  Downloaded[0m stringprep v0.1.5
2025-09-20T21:26:17.3256651Z [1m[32m  Downloaded[0m spin v0.9.8
2025-09-20T21:26:17.3450300Z [1m[32m  Downloaded[0m rustls-pemfile v2.2.0
2025-09-20T21:26:17.3724838Z [1m[32m  Downloaded[0m rustls-native-certs v0.8.1
2025-09-20T21:26:17.3952551Z [1m[32m  Downloaded[0m rustc-demangle v0.1.26
2025-09-20T21:26:17.4087436Z [1m[32m  Downloaded[0m rust-argon2 v3.0.0
2025-09-20T21:26:17.4308067Z [1m[32m  Downloaded[0m radium v0.7.0
2025-09-20T21:26:17.4409206Z [1m[32m  Downloaded[0m pkcs8 v0.10.2
2025-09-20T21:26:17.4775297Z [1m[32m  Downloaded[0m pem-rfc7468 v0.7.0
2025-09-20T21:26:17.4995887Z [1m[32m  Downloaded[0m parking_lot_core v0.9.11
2025-09-20T21:26:17.5248239Z [1m[32m  Downloaded[0m parking_lot v0.12.4
2025-09-20T21:26:17.5484284Z [1m[32m  Downloaded[0m packed_struct v0.10.1
2025-09-20T21:26:17.5678338Z [1m[32m  Downloaded[0m kernel32-sys v0.2.2
2025-09-20T21:26:17.5741370Z [1m[32m  Downloaded[0m inout v0.1.4
2025-09-20T21:26:17.5844247Z [1m[32m  Downloaded[0m hybrid-array v0.3.1
2025-09-20T21:26:17.6412242Z [1m[32m  Downloaded[0m heapless v0.7.17
2025-09-20T21:26:17.9566937Z [1m[32m  Downloaded[0m futures-channel v0.3.31
2025-09-20T21:26:17.9736891Z [1m[32m  Downloaded[0m futures v0.3.31
2025-09-20T21:26:18.0408870Z [1m[32m  Downloaded[0m dirs2 v3.0.1
2025-09-20T21:26:18.0512202Z [1m[32m  Downloaded[0m crossbeam-queue v0.3.12
2025-09-20T21:26:18.0604785Z [1m[32m  Downloaded[0m bytemuck_derive v1.10.1
2025-09-20T21:26:18.0709975Z [1m[32m  Downloaded[0m ts-rs-macros v11.0.1
2025-09-20T21:26:18.0943438Z [1m[32m  Downloaded[0m tracing-log v0.2.0
2025-09-20T21:26:18.1066402Z [1m[32m  Downloaded[0m toml_datetime v0.7.2
2025-09-20T21:26:18.1183120Z [1m[32m  Downloaded[0m tokio-native-tls v0.3.1
2025-09-20T21:26:18.1332473Z [1m[32m  Downloaded[0m tokio-macros v2.5.0
2025-09-20T21:26:18.1413554Z [1m[32m  Downloaded[0m thread_local v1.1.9
2025-09-20T21:26:18.1572143Z [1m[32m  Downloaded[0m thiserror-impl v1.0.69
2025-09-20T21:26:18.1728676Z [1m[32m  Downloaded[0m tap v1.0.1
2025-09-20T21:26:18.1873665Z [1m[32m  Downloaded[0m strum v0.27.2
2025-09-20T21:26:18.1952247Z [1m[32m  Downloaded[0m spki v0.7.3
2025-09-20T21:26:18.2219678Z [1m[32m  Downloaded[0m siphasher v1.0.1
2025-09-20T21:26:18.2335406Z [1m[32m  Downloaded[0m signature v2.2.0
2025-09-20T21:26:18.2470605Z [1m[32m  Downloaded[0m sha1_smol v1.0.1
2025-09-20T21:26:18.2665426Z [1m[32m  Downloaded[0m sha1 v0.10.6
2025-09-20T21:26:18.2785900Z [1m[32m  Downloaded[0m serde_urlencoded v0.7.1
2025-09-20T21:26:18.2926125Z [1m[32m  Downloaded[0m scopeguard v1.2.0
2025-09-20T21:26:18.3058917Z [1m[32m  Downloaded[0m rustc_version v0.4.1
2025-09-20T21:26:18.3167727Z [1m[32m  Downloaded[0m rustc-hash v2.1.1
2025-09-20T21:26:18.3292316Z [1m[32m  Downloaded[0m relative-path v1.9.3
2025-09-20T21:26:18.3360287Z [1m[32m  Downloaded[0m proc-macro-crate v3.4.0
2025-09-20T21:26:18.3493169Z [1m[32m  Downloaded[0m polyval v0.6.2
2025-09-20T21:26:18.3682664Z [1m[32m  Downloaded[0m poly1305 v0.8.0
2025-09-20T21:26:18.3941445Z [1m[32m  Downloaded[0m pem v3.0.5
2025-09-20T21:26:18.4083381Z [1m[32m  Downloaded[0m packed_struct_codegen v0.10.1
2025-09-20T21:26:18.4308913Z [1m[32m  Downloaded[0m windows-sys v0.60.2
2025-09-20T21:26:18.7682766Z [1m[32m  Downloaded[0m windows-sys v0.48.0
2025-09-20T21:26:19.6363071Z [1m[32m  Downloaded[0m openssl-macros v0.1.1
2025-09-20T21:26:19.6438863Z [1m[32m  Downloaded[0m opaque-debug v0.3.1
2025-09-20T21:26:19.6518122Z [1m[32m  Downloaded[0m num-iter v0.1.45
2025-09-20T21:26:19.6619727Z [1m[32m  Downloaded[0m num-integer v0.1.46
2025-09-20T21:26:19.6746872Z [1m[32m  Downloaded[0m num-bigint v0.4.6
2025-09-20T21:26:19.7450907Z [1m[32m  Downloaded[0m native-tls v0.2.14
2025-09-20T21:26:19.7668015Z [1m[32m  Downloaded[0m ml-dsa v0.0.4
2025-09-20T21:26:19.7949708Z [1m[32m  Downloaded[0m matchers v0.2.0
2025-09-20T21:26:19.8057689Z [1m[32m  Downloaded[0m lock_api v0.4.13
2025-09-20T21:26:19.8162546Z [1m[32m  Downloaded[0m kyber-pke v0.5.0
2025-09-20T21:26:19.8321591Z [1m[32m  Downloaded[0m jwt v0.16.0
2025-09-20T21:26:19.8557007Z [1m[32m  Downloaded[0m http-body-util v0.1.3
2025-09-20T21:26:19.8769087Z [1m[32m  Downloaded[0m http-body v0.4.6
2025-09-20T21:26:19.8945974Z [1m[32m  Downloaded[0m hashlink v0.10.0
2025-09-20T21:26:19.9146187Z [1m[32m  Downloaded[0m futures-timer v3.0.3
2025-09-20T21:26:19.9441999Z [1m[32m  Downloaded[0m futures-macro v0.3.31
2025-09-20T21:26:19.9524792Z [1m[32m  Downloaded[0m fixedbitset v0.4.2
2025-09-20T21:26:19.9628418Z [1m[32m  Downloaded[0m embedded-semver v0.3.0
2025-09-20T21:26:19.9758326Z [1m[32m  Downloaded[0m dirs-sys v0.3.7
2025-09-20T21:26:19.9847841Z [1m[32m  Downloaded[0m crc v3.3.0
2025-09-20T21:26:20.0019573Z [1m[32m  Downloaded[0m constant_time_eq v0.4.2
2025-09-20T21:26:20.0219076Z [1m[32m  Downloaded[0m constant_time_eq v0.3.1
2025-09-20T21:26:20.0347387Z [1m[32m  Downloaded[0m const-oid v0.9.6
2025-09-20T21:26:20.0530982Z [1m[32m  Downloaded[0m concurrent-queue v2.5.0
2025-09-20T21:26:20.0726293Z [1m[32m  Downloaded[0m cipher v0.4.4
2025-09-20T21:26:20.0875302Z [1m[32m  Downloaded[0m cfg_aliases v0.2.1
2025-09-20T21:26:20.4553415Z [1m[32m  Downloaded[0m cfg-if v0.1.10
2025-09-20T21:26:20.5854612Z [1m[32m  Downloaded[0m blake2b_simd v1.0.3
2025-09-20T21:26:20.6064814Z [1m[32m  Downloaded[0m bitflags v2.9.4
2025-09-20T21:26:20.6563861Z [1m[32m  Downloaded[0m bitflags v1.3.2
2025-09-20T21:26:20.6968861Z [1m[32m  Downloaded[0m base64ct v1.8.0
2025-09-20T21:26:20.7350325Z [1m[32m  Downloaded[0m base64 v0.13.1
2025-09-20T21:26:20.7639352Z [1m[32m  Downloaded[0m auto_impl v1.3.0
2025-09-20T21:26:20.8775075Z [1m[32m  Downloaded[0m attohttpc v0.16.3
2025-09-20T21:26:20.9308603Z [1m[32m  Downloaded[0m async-recursion v1.1.1
2025-09-20T21:26:20.9901877Z [1m[32m  Downloaded[0m ascon-core v0.4.1
2025-09-20T21:26:20.9988875Z [1m[32m  Downloaded[0m arrayref v0.3.9
2025-09-20T21:26:21.0127339Z [1m[32m  Downloaded[0m ahash v0.8.12
2025-09-20T21:26:21.0418702Z [1m[32m  Downloaded[0m aes v0.8.4
2025-09-20T21:26:21.0832068Z [1m[32m  Downloaded[0m windows-targets v0.48.5
2025-09-20T21:26:21.0913053Z [1m[32m  Downloaded[0m winapi-build v0.1.1
2025-09-20T21:26:21.0938631Z [1m[32m  Downloaded[0m wildmatch v1.1.0
2025-09-20T21:26:21.1125752Z [1m[32m  Downloaded[0m want v0.3.1
2025-09-20T21:26:21.1213197Z [1m[32m  Downloaded[0m try-lock v0.2.5
2025-09-20T21:26:21.1308346Z [1m[32m  Downloaded[0m tracing v0.1.41
2025-09-20T21:26:21.1845313Z [1m[32m  Downloaded[0m tower-service v0.3.3
2025-09-20T21:26:21.1925283Z [1m[32m  Downloaded[0m tower-layer v0.3.3
2025-09-20T21:26:21.2017216Z [1m[32m  Downloaded[0m sync_wrapper v1.0.2
2025-09-20T21:26:21.2107444Z [1m[32m  Downloaded[0m sqlx-macros v0.8.6
2025-09-20T21:26:21.2184929Z [1m[32m  Downloaded[0m serde-big-array v0.5.1
2025-09-20T21:26:21.2358620Z [1m[32m  Downloaded[0m rcgen v0.14.4
2025-09-20T21:26:21.2725854Z [1m[32m  Downloaded[0m quinn-udp v0.5.14
2025-09-20T21:26:21.2903054Z [1m[32m  Downloaded[0m multimap v0.10.1
2025-09-20T21:26:21.3008102Z [1m[32m  Downloaded[0m mio v1.0.4
2025-09-20T21:26:21.3515812Z [1m[32m  Downloaded[0m metrics v0.24.2
2025-09-20T21:26:21.3787904Z [1m[32m  Downloaded[0m md-5 v0.10.6
2025-09-20T21:26:21.4007325Z [1m[32m  Downloaded[0m lru-slab v0.1.2
2025-09-20T21:26:21.4144884Z [1m[32m  Downloaded[0m ghash v0.5.1
2025-09-20T21:26:21.4253068Z [1m[32m  Downloaded[0m futures-task v0.3.31
2025-09-20T21:26:21.4403279Z [1m[32m  Downloaded[0m futures-sink v0.3.31
2025-09-20T21:26:21.4568080Z [1m[32m  Downloaded[0m foreign-types-shared v0.1.1
2025-09-20T21:26:21.4643098Z [1m[32m  Downloaded[0m foreign-types v0.3.2
2025-09-20T21:26:21.4726558Z [1m[32m  Downloaded[0m embed-doc-image v0.1.4
2025-09-20T21:26:21.4803532Z [1m[32m  Downloaded[0m ctr v0.9.2
2025-09-20T21:26:21.5038668Z [1m[32m  Downloaded[0m byteorder v1.5.0
2025-09-20T21:26:21.5166033Z [1m[32m  Downloaded[0m bincode v1.3.3
2025-09-20T21:26:21.5389937Z [1m[32m  Downloaded[0m atomic-waker v1.1.2
2025-09-20T21:26:21.5492714Z [1m[32m  Downloaded[0m atoi v2.0.0
2025-09-20T21:26:21.5600492Z [1m[32m  Downloaded[0m async-trait v0.1.89
2025-09-20T21:26:21.6536072Z [1m[32m  Downloaded[0m async-stream-impl v0.3.6
2025-09-20T21:26:21.6598253Z [1m[32m  Downloaded[0m async-stream v0.3.6
2025-09-20T21:26:21.6897284Z [1m[32m  Downloaded[0m ascon-aead v0.4.4
2025-09-20T21:26:21.7070654Z [1m[32m  Downloaded[0m aes-gcm v0.10.3
2025-09-20T21:26:21.7307259Z [1m[32m  Downloaded[0m aead v0.5.2
2025-09-20T21:26:21.7431034Z [1m[32m  Downloaded[0m mobc v0.9.0
2025-09-20T21:26:21.7639115Z [1m[32m  Downloaded[0m keccak v0.1.5
2025-09-20T21:26:21.7742364Z [1m[32m  Downloaded[0m ipnet v2.11.0
2025-09-20T21:26:21.7960049Z [1m[32m  Downloaded[0m igd v0.12.1
2025-09-20T21:26:21.8179577Z [1m[32m  Downloaded[0m hmac v0.12.1
2025-09-20T21:26:22.1052474Z [1m[32m  Downloaded[0m funty v2.0.0
2025-09-20T21:26:22.1116424Z [1m[32m  Downloaded[0m crc-catalog v2.4.0
2025-09-20T21:26:22.1230296Z [1m[32m  Downloaded[0m combine v4.6.7
2025-09-20T21:26:22.1961403Z [1m[32m  Downloaded[0m chacha20 v0.9.1
2025-09-20T21:26:22.2107937Z [1m[32m  Downloaded[0m bytemuck v1.23.2
2025-09-20T21:26:22.2488834Z [1m[32m  Downloaded[0m backtrace v0.3.75
2025-09-20T21:26:22.3300523Z [1m[32m  Downloaded[0m async-trait-with-sync v0.1.36
2025-09-20T21:26:22.3613098Z [1m[32m  Downloaded[0m arrayvec v0.7.6
2025-09-20T21:26:22.3880065Z [1m[32m  Downloaded[0m thread-id v4.2.2
2025-09-20T21:26:22.4000931Z [1m[32m  Downloaded[0m termcolor v1.4.1
2025-09-20T21:26:22.4098978Z [1m[32m  Downloaded[0m strum_macros v0.27.2
2025-09-20T21:26:22.4423990Z [1m[32m  Downloaded[0m slab v0.4.11
2025-09-20T21:26:22.4532757Z [1m[32m  Downloaded[0m sharded-slab v0.1.7
2025-09-20T21:26:22.4849661Z [1m[32m  Downloaded[0m pin-utils v0.1.0
2025-09-20T21:26:22.5044006Z [1m[32m  Downloaded[0m httpdate v1.0.3
2025-09-20T21:26:22.5153562Z [1m[32m  Downloaded[0m http-body v1.0.1
2025-09-20T21:26:22.5262032Z [1m[32m  Downloaded[0m hash32 v0.2.1
2025-09-20T21:26:22.5390061Z [1m[32m  Downloaded[0m foldhash v0.1.5
2025-09-20T21:26:22.5501535Z [1m[32m  Downloaded[0m fastbloom v0.14.0
2025-09-20T21:26:22.5731192Z [1m[32m  Downloaded[0m etcetera v0.8.0
2025-09-20T21:26:22.5909498Z [1m[32m  Downloaded[0m dotenvy v0.15.7
2025-09-20T21:26:22.6189189Z [1m[32m  Downloaded[0m atomic v0.6.1
2025-09-20T21:26:22.6300316Z [1m[32m  Downloaded[0m allocator-api2 v0.2.21
2025-09-20T21:26:22.6554559Z [1m[32m  Downloaded[0m libsqlite3-sys v0.30.1
2025-09-20T21:26:22.7648275Z [1m[32m  Downloaded[0m openssl-src v300.5.2+3.5.2
2025-09-20T21:26:27.9510546Z [1m[32m   Compiling[0m proc-macro2 v1.0.101
2025-09-20T21:26:27.9511292Z [1m[32m   Compiling[0m unicode-ident v1.0.19
2025-09-20T21:26:27.9515703Z [1m[32m   Compiling[0m windows_x86_64_msvc v0.52.6
2025-09-20T21:26:27.9524857Z [1m[32m   Compiling[0m cfg-if v1.0.3
2025-09-20T21:26:28.0154453Z [1m[32m   Compiling[0m pin-project-lite v0.2.16
2025-09-20T21:26:28.0787389Z [1m[32m   Compiling[0m futures-core v0.3.31
2025-09-20T21:26:28.1033727Z [1m[32m   Compiling[0m smallvec v1.15.1
2025-09-20T21:26:28.2739180Z [1m[32m   Compiling[0m autocfg v1.5.0
2025-09-20T21:26:28.4065343Z [1m[32m   Compiling[0m parking_lot_core v0.9.11
2025-09-20T21:26:28.7032271Z [1m[32m   Compiling[0m windows-targets v0.52.6
2025-09-20T21:26:28.7665442Z [1m[32m   Compiling[0m futures-sink v0.3.31
2025-09-20T21:26:28.7990110Z [1m[32m   Compiling[0m windows-sys v0.59.0
2025-09-20T21:26:28.8901907Z [1m[32m   Compiling[0m zerocopy v0.8.27
2025-09-20T21:26:28.9870049Z [1m[32m   Compiling[0m lock_api v0.4.13
2025-09-20T21:26:29.3752939Z [1m[32m   Compiling[0m scopeguard v1.2.0
2025-09-20T21:26:29.4233119Z [1m[32m   Compiling[0m slab v0.4.11
2025-09-20T21:26:29.6503890Z [1m[32m   Compiling[0m quote v1.0.40
2025-09-20T21:26:29.9548751Z [1m[32m   Compiling[0m syn v2.0.106
2025-09-20T21:26:30.1079338Z [1m[32m   Compiling[0m memchr v2.7.5
2025-09-20T21:26:30.3047017Z [1m[32m   Compiling[0m once_cell v1.21.3
2025-09-20T21:26:30.6021644Z [1m[32m   Compiling[0m equivalent v1.0.2
2025-09-20T21:26:30.6814404Z [1m[32m   Compiling[0m winnow v0.7.13
2025-09-20T21:26:31.2273702Z [1m[32m   Compiling[0m hashbrown v0.16.0
2025-09-20T21:26:32.1287538Z [1m[32m   Compiling[0m semver v1.0.27
2025-09-20T21:26:32.6048780Z [1m[32m   Compiling[0m rustc_version v0.4.1
2025-09-20T21:26:32.8828943Z [1m[32m   Compiling[0m mio v1.0.4
2025-09-20T21:26:33.0185413Z [1m[32m   Compiling[0m socket2 v0.6.0
2025-09-20T21:26:33.5281725Z [1m[32m   Compiling[0m toml_parser v1.0.3
2025-09-20T21:26:33.9300448Z [1m[32m   Compiling[0m indexmap v2.11.4
2025-09-20T21:26:34.4447184Z [1m[32m   Compiling[0m aho-corasick v1.1.3
2025-09-20T21:26:34.6190828Z [1m[32m   Compiling[0m tracing-core v0.1.34
2025-09-20T21:26:34.9971903Z [1m[32m   Compiling[0m parking_lot v0.12.4
2025-09-20T21:26:35.8085539Z [1m[32m   Compiling[0m futures-channel v0.3.31
2025-09-20T21:26:36.1061212Z [1m[32m   Compiling[0m getrandom v0.2.16
2025-09-20T21:26:36.3152943Z [1m[32m   Compiling[0m bytes v1.10.1
2025-09-20T21:26:37.5407083Z [1m[32m   Compiling[0m toml_datetime v0.7.2
2025-09-20T21:26:37.6255003Z [1m[32m   Compiling[0m regex-syntax v0.8.6
2025-09-20T21:26:37.9131737Z [1m[32m   Compiling[0m futures-task v0.3.31
2025-09-20T21:26:38.1062628Z [1m[32m   Compiling[0m serde_core v1.0.225
2025-09-20T21:26:38.6039361Z [1m[32m   Compiling[0m pin-utils v0.1.0
2025-09-20T21:26:38.6706157Z [1m[32m   Compiling[0m futures-io v0.3.31
2025-09-20T21:26:38.8470518Z [1m[32m   Compiling[0m tokio-macros v2.5.0
2025-09-20T21:26:38.8945146Z [1m[32m   Compiling[0m futures-macro v0.3.31
2025-09-20T21:26:39.8969282Z [1m[32m   Compiling[0m tokio v1.47.1
2025-09-20T21:26:40.2099600Z [1m[32m   Compiling[0m futures-util v0.3.31
2025-09-20T21:26:42.1490034Z [1m[32m   Compiling[0m regex-automata v0.4.10
2025-09-20T21:26:44.7566598Z [1m[32m   Compiling[0m ppv-lite86 v0.2.21
2025-09-20T21:26:45.3207322Z [1m[32m   Compiling[0m toml_edit v0.23.6
2025-09-20T21:26:47.2158693Z [1m[32m   Compiling[0m rand_core v0.6.4
2025-09-20T21:26:47.5293219Z [1m[32m   Compiling[0m rstest_macros v0.23.0
2025-09-20T21:26:47.8670336Z [1m[32m   Compiling[0m windows-sys v0.52.0
2025-09-20T21:26:49.5246869Z [1m[32m   Compiling[0m lazy_static v1.5.0
2025-09-20T21:26:49.6168520Z [1m[32m   Compiling[0m serde v1.0.225
2025-09-20T21:26:49.9374242Z [1m[32m   Compiling[0m log v0.4.28
2025-09-20T21:26:50.0568693Z [1m[32m   Compiling[0m nu-ansi-term v0.50.1
2025-09-20T21:26:50.1723444Z [1m[32m   Compiling[0m tracing-log v0.2.0
2025-09-20T21:26:50.2172252Z [1m[32m   Compiling[0m sharded-slab v0.1.7
2025-09-20T21:26:50.6057995Z [1m[32m   Compiling[0m regex v1.11.2
2025-09-20T21:26:50.6507529Z [1m[32m   Compiling[0m rand_chacha v0.3.1
2025-09-20T21:26:50.7958166Z [1m[32m   Compiling[0m proc-macro-crate v3.4.0
2025-09-20T21:26:51.1953679Z [1m[32m   Compiling[0m matchers v0.2.0
2025-09-20T21:26:51.3386445Z [1m[32m   Compiling[0m futures-executor v0.3.31
2025-09-20T21:26:51.6141394Z [1m[32m   Compiling[0m serde_derive v1.0.225
2025-09-20T21:26:51.6381727Z [1m[32m   Compiling[0m tracing v0.1.41
2025-09-20T21:26:51.8149421Z [1m[32m   Compiling[0m thread_local v1.1.9
2025-09-20T21:26:51.9367851Z [1m[32m   Compiling[0m anyhow v1.0.100
2025-09-20T21:26:52.2122321Z [1m[32m   Compiling[0m glob v0.3.3
2025-09-20T21:26:52.3678775Z [1m[32m   Compiling[0m relative-path v1.9.3
2025-09-20T21:26:52.9217886Z [1m[32m   Compiling[0m tracing-subscriber v0.3.20
2025-09-20T21:26:55.0720241Z [1m[32m   Compiling[0m futures v0.3.31
2025-09-20T21:26:55.1474442Z [1m[32m   Compiling[0m rand v0.8.5
2025-09-20T21:26:56.2883015Z [1m[32m   Compiling[0m tokio-stream v0.1.17
2025-09-20T21:26:56.8525928Z [1m[32m   Compiling[0m tokio-util v0.7.16
2025-09-20T21:26:57.7991596Z [1m[32m   Compiling[0m async-stream-impl v0.3.6
2025-09-20T21:26:58.0488729Z [1m[32m   Compiling[0m futures-timer v3.0.3
2025-09-20T21:26:58.1932802Z [1m[32m   Compiling[0m bincode v1.3.3
2025-09-20T21:26:58.6391064Z [1m[32m   Compiling[0m async-stream v0.3.6
2025-09-20T21:26:58.7378493Z [1m[32m   Compiling[0m rstest v0.23.0
2025-09-20T21:26:58.7785259Z [1m[32m   Compiling[0m citadel_io v0.13.0 (D:\a\Citadel-Protocol\Citadel-Protocol\citadel_io)
2025-09-20T21:26:58.8313155Z [1m[32m   Compiling[0m citadel_logging v0.13.0 (D:\a\Citadel-Protocol\Citadel-Protocol\citadel_logging)
2025-09-20T21:26:58.8998633Z [1m[32m   Compiling[0m async-trait v0.1.89
2025-09-20T21:26:58.9380942Z [1m[32m   Compiling[0m async-recursion v1.1.1
2025-09-20T21:26:59.2500925Z [1m[32m   Compiling[0m sync_wrapper v1.0.2
2025-09-20T21:27:00.0215872Z [1m[32m   Compiling[0m netbeam v0.13.0 (D:\a\Citadel-Protocol\Citadel-Protocol\netbeam)
2025-09-20T21:27:10.2122737Z [1m[32m    Finished[0m `test` profile [unoptimized + debuginfo] target(s) in 42.70s
2025-09-20T21:27:10.2471093Z ────────────
2025-09-20T21:27:10.2472887Z [32;1m Nextest run[0m ID [1m6b2378c2-b795-4410-ad62-4c6bae68230d[0m with nextest profile: [1mdefault[0m
2025-09-20T21:27:10.2473838Z [32;1m    Starting[0m [1m19[0m tests across [1m1[0m binary
2025-09-20T21:27:10.6686511Z [32;1m        PASS[0m [   0.421s] [35;1mnetbeam[0m [36mmultiplex::tests[0m[36m::[0m[34;1mnested_multiplexed_stream[0m
2025-09-20T21:27:11.2022418Z [32;1m        PASS[0m [   0.534s] [35;1mnetbeam[0m [36msync::callback_channel::tests[0m[36m::[0m[34;1mmain[0m
2025-09-20T21:27:11.2622292Z [32;1m        PASS[0m [   0.060s] [35;1mnetbeam[0m [36msync::channel::bi_channel::tests[0m[36m::[0m[34;1mbi_channel[0m
2025-09-20T21:27:11.2768928Z [32;1m        PASS[0m [   0.015s] [35;1mnetbeam[0m [36msync::network_endpoint::tests[0m[36m::[0m[34;1mmain[0m
2025-09-20T21:27:27.3927728Z [32;1m        PASS[0m [  16.116s] [35;1mnetbeam[0m [36msync::operations::net_select_ok::tests[0m[36m::[0m[34;1mracer[0m
2025-09-20T21:27:28.0072855Z [32;1m        PASS[0m [   0.614s] [35;1mnetbeam[0m [36msync::operations::net_try_join::tests[0m[36m::[0m[34;1mracer[0m
2025-09-20T21:27:28.5878690Z [32;1m        PASS[0m [   0.580s] [35;1mnetbeam[0m [36msync::primitives::net_mutex::tests::test_net_mutex[0m[36m::[0m[34;1mcase_1[0m
2025-09-20T21:27:33.6456141Z [32;1m        PASS[0m [   5.058s] [35;1mnetbeam[0m [36msync::primitives::net_mutex::tests::test_net_mutex[0m[36m::[0m[34;1mcase_2[0m
2025-09-20T21:27:40.2457126Z [32;1m        PASS[0m [   6.600s] [35;1mnetbeam[0m [36msync::primitives::net_mutex::tests::test_net_mutex[0m[36m::[0m[34;1mcase_3[0m
2025-09-20T21:27:40.9510747Z [32;1m        PASS[0m [   0.705s] [35;1mnetbeam[0m [36msync::primitives::net_rwlock::tests[0m[36m::[0m[34;1mmany_interweaved[0m
2025-09-20T21:27:40.9748409Z [32;1m        PASS[0m [   0.024s] [35;1mnetbeam[0m [36msync::primitives::net_rwlock::tests[0m[36m::[0m[34;1mmany_reads[0m
2025-09-20T21:27:51.7634156Z [32;1m        PASS[0m [  10.788s] [35;1mnetbeam[0m [36msync::primitives::net_rwlock::tests[0m[36m::[0m[34;1mmany_reads_end_with_write[0m
2025-09-20T21:28:02.4290928Z [32;1m        PASS[0m [  10.666s] [35;1mnetbeam[0m [36msync::primitives::net_rwlock::tests[0m[36m::[0m[34;1mmany_reads_no_initial_write[0m
2025-09-20T21:28:03.0791451Z [32;1m        PASS[0m [   0.650s] [35;1mnetbeam[0m [36msync::primitives::net_rwlock::tests[0m[36m::[0m[34;1mmany_writes[0m
2025-09-20T21:28:03.0964275Z [32;1m        PASS[0m [   0.017s] [35;1mnetbeam[0m [36msync::sync_start::tests[0m[36m::[0m[34;1mrun_getter[0m
2025-09-20T21:28:03.6970356Z [32;1m        PASS[0m [   0.600s] [35;1mnetbeam[0m [36msync::sync_start::tests[0m[36m::[0m[34;1mrun_parallel_many[0m
2025-09-20T21:28:03.7078022Z [32;1m        PASS[0m [   0.011s] [35;1mnetbeam[0m [36msync::tracked_callback_channel::tests[0m[36m::[0m[34;1mtest_error[0m
2025-09-20T21:28:03.7851442Z [32;1m        PASS[0m [   0.077s] [35;1mnetbeam[0m [36msync::tracked_callback_channel::tests[0m[36m::[0m[34;1mtest_tracked_callback[0m
2025-09-20T21:28:03.8155043Z [32;1m        PASS[0m [   0.030s] [35;1mnetbeam[0m [36msync::tracked_callback_channel::tests[0m[36m::[0m[34;1mtest_tracked_callback_no_response[0m
2025-09-20T21:28:03.8156952Z ────────────
2025-09-20T21:28:03.8157762Z [32;1m     Summary[0m [  53.568s] [1m19[0m tests run: [1m19[0m [32;1mpassed[0m, [1m0[0m [33;1mskipped[0m
2025-09-20T21:28:03.8158949Z [32;1m        PASS[0m [   0.421s] [35;1mnetbeam[0m [36mmultiplex::tests[0m[36m::[0m[34;1mnested_multiplexed_stream[0m
2025-09-20T21:28:03.8160128Z [32;1m        PASS[0m [   0.534s] [35;1mnetbeam[0m [36msync::callback_channel::tests[0m[36m::[0m[34;1mmain[0m
2025-09-20T21:28:03.8161311Z [32;1m        PASS[0m [   0.060s] [35;1mnetbeam[0m [36msync::channel::bi_channel::tests[0m[36m::[0m[34;1mbi_channel[0m
2025-09-20T21:28:03.8163279Z [32;1m        PASS[0m [   0.015s] [35;1mnetbeam[0m [36msync::network_endpoint::tests[0m[36m::[0m[34;1mmain[0m
2025-09-20T21:28:03.8164480Z [32;1m        PASS[0m [  16.116s] [35;1mnetbeam[0m [36msync::operations::net_select_ok::tests[0m[36m::[0m[34;1mracer[0m
2025-09-20T21:28:03.8165650Z [32;1m        PASS[0m [   0.614s] [35;1mnetbeam[0m [36msync::operations::net_try_join::tests[0m[36m::[0m[34;1mracer[0m
2025-09-20T21:28:03.8166951Z [32;1m        PASS[0m [   0.580s] [35;1mnetbeam[0m [36msync::primitives::net_mutex::tests::test_net_mutex[0m[36m::[0m[34;1mcase_1[0m
2025-09-20T21:28:03.8168306Z [32;1m        PASS[0m [   5.058s] [35;1mnetbeam[0m [36msync::primitives::net_mutex::tests::test_net_mutex[0m[36m::[0m[34;1mcase_2[0m
2025-09-20T21:28:03.8169629Z [32;1m        PASS[0m [   6.600s] [35;1mnetbeam[0m [36msync::primitives::net_mutex::tests::test_net_mutex[0m[36m::[0m[34;1mcase_3[0m
2025-09-20T21:28:03.8172047Z [32;1m        PASS[0m [   0.705s] [35;1mnetbeam[0m [36msync::primitives::net_rwlock::tests[0m[36m::[0m[34;1mmany_interweaved[0m
2025-09-20T21:28:03.8173345Z [32;1m        PASS[0m [   0.024s] [35;1mnetbeam[0m [36msync::primitives::net_rwlock::tests[0m[36m::[0m[34;1mmany_reads[0m
2025-09-20T21:28:03.8174738Z [32;1m        PASS[0m [  10.788s] [35;1mnetbeam[0m [36msync::primitives::net_rwlock::tests[0m[36m::[0m[34;1mmany_reads_end_with_write[0m
2025-09-20T21:28:03.8176139Z [32;1m        PASS[0m [  10.666s] [35;1mnetbeam[0m [36msync::primitives::net_rwlock::tests[0m[36m::[0m[34;1mmany_reads_no_initial_write[0m
2025-09-20T21:28:03.8177456Z [32;1m        PASS[0m [   0.650s] [35;1mnetbeam[0m [36msync::primitives::net_rwlock::tests[0m[36m::[0m[34;1mmany_writes[0m
2025-09-20T21:28:03.8178901Z [32;1m        PASS[0m [   0.017s] [35;1mnetbeam[0m [36msync::sync_start::tests[0m[36m::[0m[34;1mrun_getter[0m
2025-09-20T21:28:03.8180125Z [32;1m        PASS[0m [   0.600s] [35;1mnetbeam[0m [36msync::sync_start::tests[0m[36m::[0m[34;1mrun_parallel_many[0m
2025-09-20T21:28:03.8181335Z [32;1m        PASS[0m [   0.011s] [35;1mnetbeam[0m [36msync::tracked_callback_channel::tests[0m[36m::[0m[34;1mtest_error[0m
2025-09-20T21:28:03.8183125Z [32;1m        PASS[0m [   0.077s] [35;1mnetbeam[0m [36msync::tracked_callback_channel::tests[0m[36m::[0m[34;1mtest_tracked_callback[0m
2025-09-20T21:28:03.8184590Z [32;1m        PASS[0m [   0.030s] [35;1mnetbeam[0m [36msync::tracked_callback_channel::tests[0m[36m::[0m[34;1mtest_tracked_callback_no_response[0m
2025-09-20T21:28:04.4427899Z ##[group]Run cargo nextest run --package citadel_wire --features=localhost-testing,vendored
2025-09-20T21:28:04.4428538Z [36;1mcargo nextest run --package citadel_wire --features=localhost-testing,vendored[0m
2025-09-20T21:28:04.4491668Z shell: C:\Program Files\PowerShell\7\pwsh.EXE -command ". '{0}'"
2025-09-20T21:28:04.4491998Z env:
2025-09-20T21:28:04.4492160Z   CARGO_TERM_COLOR: always
2025-09-20T21:28:04.4492347Z   RUST_BACKTRACE: full
2025-09-20T21:28:04.4492522Z   RUST_MIN_STACK: 40971520
2025-09-20T21:28:04.4492702Z   RUST_LOG: citadel=warn
2025-09-20T21:28:04.4492874Z   IN_CI: true
2025-09-20T21:28:04.4493031Z   LLVM_PATH: D:\a\_temp\llvm
2025-09-20T21:28:04.4493235Z   LD_LIBRARY_PATH: D:\a\_temp\llvm\lib;
2025-09-20T21:28:04.4493500Z   DYLD_LIBRARY_PATH: D:\a\_temp\llvm\lib;
2025-09-20T21:28:04.4493742Z   CARGO_HOME: C:\Users\runneradmin\.cargo
2025-09-20T21:28:04.4493960Z   CARGO_INCREMENTAL: 0
2025-09-20T21:28:04.4494122Z ##[endgroup]
2025-09-20T21:28:06.0019455Z [1m[32m   Compiling[0m smallvec v1.15.1
2025-09-20T21:28:06.0024822Z [1m[32m   Compiling[0m syn v2.0.106
2025-09-20T21:28:06.0037323Z [1m[32m   Compiling[0m windows-sys v0.59.0
2025-09-20T21:28:06.0041904Z [1m[32m   Compiling[0m shlex v1.3.0
2025-09-20T21:28:06.3499229Z [1m[32m   Compiling[0m parking_lot_core v0.9.11
2025-09-20T21:28:06.3716940Z [1m[32m   Compiling[0m find-msvc-tools v0.1.2
2025-09-20T21:28:07.0205941Z [1m[32m   Compiling[0m parking_lot v0.12.4
2025-09-20T21:28:08.0804303Z [1m[32m   Compiling[0m cc v1.2.38
2025-09-20T21:28:08.1814316Z [1m[32m   Compiling[0m stable_deref_trait v1.2.0
2025-09-20T21:28:08.4150602Z [1m[32m   Compiling[0m itoa v1.0.15
2025-09-20T21:28:08.7932974Z [1m[32m   Compiling[0m futures-channel v0.3.31
2025-09-20T21:28:09.3863506Z [1m[32m   Compiling[0m fnv v1.0.7
2025-09-20T21:28:09.6380462Z [1m[32m   Compiling[0m writeable v0.6.1
2025-09-20T21:28:10.4514147Z [1m[32m   Compiling[0m litemap v0.8.0
2025-09-20T21:28:10.9101397Z [1m[32m   Compiling[0m icu_properties_data v2.0.1
2025-09-20T21:28:11.0986323Z [1m[32m   Compiling[0m ring v0.17.14
2025-09-20T21:28:11.5204833Z [1m[32m   Compiling[0m icu_normalizer_data v2.0.0
2025-09-20T21:28:12.2044928Z [1m[32m   Compiling[0m zeroize v1.8.1
2025-09-20T21:28:12.5582482Z [1m[32m   Compiling[0m rustls-pki-types v1.12.0
2025-09-20T21:28:13.8111278Z [1m[32m   Compiling[0m synstructure v0.13.2
2025-09-20T21:28:14.5512997Z [1m[32m   Compiling[0m socket2 v0.6.0
2025-09-20T21:28:15.0738267Z [1m[32m   Compiling[0m mio v1.0.4
2025-09-20T21:28:15.7453730Z [1m[32m   Compiling[0m libc v0.2.175
2025-09-20T21:28:15.7693576Z [1m[32m   Compiling[0m untrusted v0.9.0
2025-09-20T21:28:15.9966764Z [1m[32m   Compiling[0m getrandom v0.3.3
2025-09-20T21:28:16.4646717Z [1m[32m   Compiling[0m percent-encoding v2.3.2
2025-09-20T21:28:16.5903283Z [1m[32m   Compiling[0m zerofrom-derive v0.1.6
2025-09-20T21:28:16.6485855Z [1m[32m   Compiling[0m tokio-macros v2.5.0
2025-09-20T21:28:16.7990554Z [1m[32m   Compiling[0m yoke-derive v0.8.0
2025-09-20T21:28:16.8411424Z [1m[32m   Compiling[0m zerovec-derive v0.11.1
2025-09-20T21:28:17.9905051Z [1m[32m   Compiling[0m tokio v1.47.1
2025-09-20T21:28:18.9413329Z [1m[32m   Compiling[0m displaydoc v0.2.5
2025-09-20T21:28:19.4103639Z [1m[32m   Compiling[0m futures-macro v0.3.31
2025-09-20T21:28:19.5571180Z [1m[32m   Compiling[0m zerofrom v0.1.6
2025-09-20T21:28:19.8421688Z [1m[32m   Compiling[0m yoke v0.8.0
2025-09-20T21:28:20.2123542Z [1m[32m   Compiling[0m tracing-attributes v0.1.30
2025-09-20T21:28:20.3024884Z [1m[32m   Compiling[0m zerovec v0.11.4
2025-09-20T21:28:21.2084768Z [1m[32m   Compiling[0m futures-util v0.3.31
2025-09-20T21:28:22.4010588Z [1m[32m   Compiling[0m tinystr v0.8.1
2025-09-20T21:28:22.8818946Z [1m[32m   Compiling[0m icu_locale_core v2.0.0
2025-09-20T21:28:23.2435914Z [1m[32m   Compiling[0m tracing v0.1.41
2025-09-20T21:28:23.9038186Z [1m[32m   Compiling[0m potential_utf v0.1.3
2025-09-20T21:28:24.3366987Z [1m[32m   Compiling[0m zerotrie v0.2.2
2025-09-20T21:28:25.0450142Z [1m[32m   Compiling[0m serde_derive v1.0.225
2025-09-20T21:28:25.2429279Z [1m[32m   Compiling[0m icu_provider v2.0.0
2025-09-20T21:28:25.9863198Z [1m[32m   Compiling[0m icu_collections v2.0.0
2025-09-20T21:28:26.6673460Z [1m[32m   Compiling[0m icu_normalizer v2.0.0
2025-09-20T21:28:27.2909565Z [1m[32m   Compiling[0m icu_properties v2.0.1
2025-09-20T21:28:30.2825794Z [1m[32m   Compiling[0m httparse v1.10.1
2025-09-20T21:28:30.7359169Z [1m[32m   Compiling[0m typenum v1.18.0
2025-09-20T21:28:31.2281328Z [1m[32m   Compiling[0m equivalent v1.0.2
2025-09-20T21:28:31.3075289Z [1m[32m   Compiling[0m version_check v0.9.5
2025-09-20T21:28:31.4846310Z [1m[32m   Compiling[0m serde v1.0.225
2025-09-20T21:28:31.7382410Z [1m[32m   Compiling[0m hashbrown v0.16.0
2025-09-20T21:28:32.5466778Z [1m[32m   Compiling[0m generic-array v0.14.7
2025-09-20T21:28:32.7159849Z [1m[32m   Compiling[0m indexmap v2.11.4
2025-09-20T21:28:32.8953723Z [1m[32m   Compiling[0m idna_adapter v1.2.1
2025-09-20T21:28:33.1683421Z [1m[32m   Compiling[0m form_urlencoded v1.2.2
2025-09-20T21:28:33.3690786Z [1m[32m   Compiling[0m http v1.3.1
2025-09-20T21:28:33.3929560Z [1m[32m   Compiling[0m tower-service v0.3.3
2025-09-20T21:28:33.4063574Z [1m[32m   Compiling[0m utf8_iter v1.0.4
2025-09-20T21:28:33.4751037Z [1m[32m   Compiling[0m try-lock v0.2.5
2025-09-20T21:28:33.5734267Z [1m[32m   Compiling[0m want v0.3.1
2025-09-20T21:28:33.5736307Z [1m[32m   Compiling[0m idna v1.1.0
2025-09-20T21:28:33.7768877Z [1m[32m   Compiling[0m rand v0.8.5
2025-09-20T21:28:34.9857834Z [1m[32m   Compiling[0m http-body v1.0.1
2025-09-20T21:28:35.1955809Z [1m[32m   Compiling[0m tokio-util v0.7.16
2025-09-20T21:28:35.2581331Z [1m[32m   Compiling[0m windows-sys v0.52.0
2025-09-20T21:28:35.3396255Z [1m[32m   Compiling[0m windows_x86_64_msvc v0.53.0
2025-09-20T21:28:35.4364978Z [1m[32m   Compiling[0m rustls v0.23.32
2025-09-20T21:28:35.6045207Z [1m[32m   Compiling[0m cfg_aliases v0.2.1
2025-09-20T21:28:35.6678830Z [1m[32m   Compiling[0m subtle v2.6.1
2025-09-20T21:28:35.8648003Z [1m[32m   Compiling[0m url v2.5.7
2025-09-20T21:28:36.5819101Z [1m[32m   Compiling[0m rand_core v0.9.3
2025-09-20T21:28:36.6389584Z [1m[32m   Compiling[0m rustls-webpki v0.103.6
2025-09-20T21:28:36.8729503Z [1m[32m   Compiling[0m futures-executor v0.3.31
2025-09-20T21:28:39.7877423Z [1m[32m   Compiling[0m http v0.2.12
2025-09-20T21:28:39.8122053Z [1m[32m   Compiling[0m openssl-src v300.5.2+3.5.2
2025-09-20T21:28:39.8176663Z [1m[32m   Compiling[0m sync_wrapper v1.0.2
2025-09-20T21:28:39.8395839Z [1m[32m   Compiling[0m ipnet v2.11.0
2025-09-20T21:28:39.9476069Z [1m[32m   Compiling[0m pkg-config v0.3.32
2025-09-20T21:28:40.2598222Z [1m[32m   Compiling[0m base64 v0.22.1
2025-09-20T21:28:40.8065411Z [1m[32m   Compiling[0m vcpkg v0.2.15
2025-09-20T21:28:40.8168757Z [1m[32m   Compiling[0m libm v0.2.15
2025-09-20T21:28:41.3153486Z [1m[32m   Compiling[0m futures v0.3.31
2025-09-20T21:28:41.3907583Z [1m[32m   Compiling[0m rand_chacha v0.9.0
2025-09-20T21:28:41.9388808Z [1m[32m   Compiling[0m async-trait v0.1.89
2025-09-20T21:28:41.9778674Z [1m[32m   Compiling[0m openssl-sys v0.9.109
2025-09-20T21:28:42.3484706Z [1m[32m   Compiling[0m thiserror v2.0.16
2025-09-20T21:28:42.7446152Z [1m[32m   Compiling[0m tower-layer v0.3.3
2025-09-20T21:28:42.7593720Z [1m[32m   Compiling[0m powerfmt v0.2.0
2025-09-20T21:28:42.9556135Z [1m[32m   Compiling[0m thiserror v1.0.69
2025-09-20T21:28:43.0553998Z [1m[32m   Compiling[0m atomic-waker v1.1.2
2025-09-20T21:28:43.1863675Z [1m[32m   Compiling[0m winapi v0.3.9
2025-09-20T21:28:43.3443585Z [1m[32m   Compiling[0m bitflags v2.9.4
2025-09-20T21:28:43.6722724Z [1m[32m   Compiling[0m toml_edit v0.23.6
2025-09-20T21:28:43.8016448Z [1m[32m   Compiling[0m hyper v1.7.0
2025-09-20T21:28:43.8566163Z [1m[32m   Compiling[0m deranged v0.5.3
2025-09-20T21:28:45.5825761Z [1m[32m   Compiling[0m tower v0.5.2
2025-09-20T21:28:46.4432177Z [1m[32m   Compiling[0m windows-targets v0.53.3
2025-09-20T21:28:46.4654936Z [1m[32m   Compiling[0m rand v0.9.2
2025-09-20T21:28:47.6515811Z [1m[32m   Compiling[0m block-buffer v0.10.4
2025-09-20T21:28:47.8143247Z [1m[32m   Compiling[0m crypto-common v0.1.6
2025-09-20T21:28:47.9501127Z [1m[32m   Compiling[0m quinn-udp v0.5.14
2025-09-20T21:28:48.4800942Z [1m[32m   Compiling[0m tokio-stream v0.1.17
2025-09-20T21:28:49.0241894Z [1m[32m   Compiling[0m thiserror-impl v2.0.16
2025-09-20T21:28:49.1759961Z [1m[32m   Compiling[0m thiserror-impl v1.0.69
2025-09-20T21:28:50.8777706Z [1m[32m   Compiling[0m num-conv v0.1.0
2025-09-20T21:28:51.0133281Z [1m[32m   Compiling[0m ryu v1.0.20
2025-09-20T21:28:51.0618708Z [1m[32m   Compiling[0m iri-string v0.7.8
2025-09-20T21:28:51.2459948Z [1m[32m   Compiling[0m windows-link v0.2.0
2025-09-20T21:28:51.3074020Z [1m[32m   Compiling[0m time-core v0.1.6
2025-09-20T21:28:51.4781021Z [1m[32m   Compiling[0m tinyvec_macros v0.1.1
2025-09-20T21:28:51.5267299Z [1m[32m   Compiling[0m siphasher v1.0.1
2025-09-20T21:28:51.7674927Z [1m[32m   Compiling[0m syn v1.0.109
2025-09-20T21:28:52.1473421Z [1m[32m   Compiling[0m fastbloom v0.14.0
2025-09-20T21:28:52.5971224Z [1m[32m   Compiling[0m tinyvec v1.10.0
2025-09-20T21:28:53.2216410Z [1m[32m   Compiling[0m time v0.3.44
2025-09-20T21:28:53.7383214Z [1m[32m   Compiling[0m rustls-platform-verifier v0.6.1
2025-09-20T21:28:54.1818815Z [1m[32m   Compiling[0m tower-http v0.6.6
2025-09-20T21:28:54.6088197Z [1m[32m   Compiling[0m windows-sys v0.61.0
2025-09-20T21:28:54.8420463Z [1m[32m   Compiling[0m serde_urlencoded v0.7.1
2025-09-20T21:28:55.2181014Z [1m[32m   Compiling[0m citadel_io v0.13.0 (D:\a\Citadel-Protocol\Citadel-Protocol\citadel_io)
2025-09-20T21:28:55.2709975Z [1m[32m   Compiling[0m digest v0.10.7
2025-09-20T21:28:55.3169115Z [1m[32m   Compiling[0m windows-sys v0.60.2
2025-09-20T21:28:55.5258489Z [1m[32m   Compiling[0m hyper-util v0.1.17
2025-09-20T21:28:57.6911582Z [1m[32m   Compiling[0m proc-macro-crate v3.4.0
2025-09-20T21:28:58.8653583Z [1m[32m   Compiling[0m h2 v0.3.27
2025-09-20T21:29:00.8730337Z [1m[32m   Compiling[0m http-body v0.4.6
2025-09-20T21:29:01.2055372Z [1m[32m   Compiling[0m nu-ansi-term v0.50.1
2025-09-20T21:29:01.8341466Z [1m[32m   Compiling[0m socket2 v0.5.10
2025-09-20T21:29:02.7230813Z [1m[32m   Compiling[0m quinn v0.11.9
2025-09-20T21:29:03.0272230Z [1m[32m   Compiling[0m http-body-util v0.1.3
2025-09-20T21:29:03.2287507Z [1m[32m   Compiling[0m async-stream-impl v0.3.6
2025-09-20T21:29:03.3639111Z [1m[32m   Compiling[0m bitflags v1.3.2
2025-09-20T21:29:03.4291469Z [1m[32m   Compiling[0m rustc-hash v2.1.1
2025-09-20T21:29:03.5445009Z [1m[32m   Compiling[0m xml-rs v0.8.27
2025-09-20T21:29:04.1179011Z [1m[32m   Compiling[0m lru-slab v0.1.2
2025-09-20T21:29:04.2712321Z [1m[32m   Compiling[0m foreign-types-shared v0.1.1
2025-09-20T21:29:04.3568745Z [1m[32m   Compiling[0m wildmatch v1.1.0
2025-09-20T21:29:04.5607172Z [1m[32m   Compiling[0m httpdate v1.0.3
2025-09-20T21:29:04.9107562Z [1m[32m   Compiling[0m openssl v0.10.73
2025-09-20T21:29:05.2331433Z [1m[32m   Compiling[0m crc-catalog v2.4.0
2025-09-20T21:29:05.3278397Z [1m[32m   Compiling[0m crc v3.3.0
2025-09-20T21:29:05.6197541Z [1m[32m   Compiling[0m hyper v0.14.32
2025-09-20T21:29:06.0736029Z [1m[32m   Compiling[0m xmltree v0.10.3
2025-09-20T21:29:06.3399251Z [1m[32m   Compiling[0m attohttpc v0.16.3
2025-09-20T21:29:08.5489405Z [1m[32m   Compiling[0m foreign-types v0.3.2
2025-09-20T21:29:08.6135395Z [1m[32m   Compiling[0m quinn-proto v0.11.13
2025-09-20T21:29:08.7140599Z [1m[32m   Compiling[0m async-stream v0.3.6
2025-09-20T21:29:08.8539342Z [1m[32m   Compiling[0m rstest_macros v0.23.0
2025-09-20T21:29:13.2730863Z [1m[32m   Compiling[0m webrtc-util v0.8.1
2025-09-20T21:29:15.0546407Z [1m[32m   Compiling[0m tracing-subscriber v0.3.20
2025-09-20T21:29:15.8645967Z [1m[32m   Compiling[0m reqwest v0.12.23
2025-09-20T21:29:20.1941461Z [1m[32m   Compiling[0m schannel v0.1.28
2025-09-20T21:29:21.3403435Z [1m[32m   Compiling[0m md-5 v0.10.6
2025-09-20T21:29:21.4900250Z [1m[32m   Compiling[0m yasna v0.5.2
2025-09-20T21:29:22.6471067Z [1m[32m   Compiling[0m pem v3.0.5
2025-09-20T21:29:23.1384750Z [1m[32m   Compiling[0m bincode v1.3.3
2025-09-20T21:29:23.3454810Z [1m[32m   Compiling[0m openssl-macros v0.1.1
2025-09-20T21:29:23.8603630Z [1m[32m   Compiling[0m auto_impl v1.3.0
2025-09-20T21:29:23.9308149Z [1m[32m   Compiling[0m base64 v0.21.7
2025-09-20T21:29:24.4628749Z [1m[32m   Compiling[0m either v1.15.0
2025-09-20T21:29:24.8820538Z [1m[32m   Compiling[0m itertools v0.14.0
2025-09-20T21:29:25.4737468Z [1m[32m   Compiling[0m async_ip v0.13.0 (D:\a\Citadel-Protocol\Citadel-Protocol\async_ip)
2025-09-20T21:29:26.0076959Z [1m[32m   Compiling[0m rstest v0.23.0
2025-09-20T21:29:26.1658620Z [1m[32m   Compiling[0m stun v0.5.1
2025-09-20T21:29:27.5524914Z [1m[32m   Compiling[0m netbeam v0.13.0 (D:\a\Citadel-Protocol\Citadel-Protocol\netbeam)
2025-09-20T21:29:29.5162206Z [1m[32m   Compiling[0m async-trait-with-sync v0.1.36
2025-09-20T21:29:30.2500944Z [1m[32m   Compiling[0m rcgen v0.14.4
2025-09-20T21:29:31.0511634Z [1m[32m   Compiling[0m rustls-native-certs v0.8.1
2025-09-20T21:29:31.6734275Z [1m[32m   Compiling[0m citadel_logging v0.13.0 (D:\a\Citadel-Protocol\Citadel-Protocol\citadel_logging)
2025-09-20T21:29:32.1293230Z [1m[32m   Compiling[0m igd v0.12.1
2025-09-20T21:29:32.3684833Z [1m[32m   Compiling[0m tokio-rustls v0.26.3
2025-09-20T21:29:32.7522237Z [1m[32m   Compiling[0m uuid v1.18.1
2025-09-20T21:29:33.3701274Z [1m[32m   Compiling[0m rustls-pemfile v2.2.0
2025-09-20T21:37:07.5455672Z [1m[32m   Compiling[0m citadel_wire v0.13.0 (D:\a\Citadel-Protocol\Citadel-Protocol\citadel_wire)
2025-09-20T21:37:09.0662919Z [0m[1m[38;5;11mwarning[0m[0m[1m[38;5;15m: hiding a lifetime that's elided elsewhere is confusing[0m
2025-09-20T21:37:09.0664674Z [0m   [0m[0m[1m[38;5;14m--> [0m[0mcitadel_wire\src\udp_traversal\linear\method3.rs:456:20[0m
2025-09-20T21:37:09.0665529Z [0m    [0m[0m[1m[38;5;14m|[0m
2025-09-20T21:37:09.0666267Z [0m[1m[38;5;14m456[0m[0m [0m[0m[1m[38;5;14m|[0m[0m [0m[0m    fn new(socket: &UdpSocket) -> UdpWrapper {[0m
2025-09-20T21:37:09.0667487Z [0m    [0m[0m[1m[38;5;14m|[0m[0m                    [0m[0m[1m[38;5;11m^^^^^^^^^^[0m[0m     [0m[0m[1m[38;5;14m----------[0m[0m [0m[0m[1m[38;5;14mthe same lifetime is hidden here[0m
2025-09-20T21:37:09.0668338Z [0m    [0m[0m[1m[38;5;14m|[0m[0m                    [0m[0m[1m[38;5;11m|[0m
2025-09-20T21:37:09.0669064Z [0m    [0m[0m[1m[38;5;14m|[0m[0m                    [0m[0m[1m[38;5;11mthe lifetime is elided here[0m
2025-09-20T21:37:09.0669620Z [0m    [0m[0m[1m[38;5;14m|[0m
2025-09-20T21:37:09.0670547Z [0m    [0m[0m[1m[38;5;14m= [0m[0m[1m[38;5;15mhelp[0m[0m: the same lifetime is referred to in inconsistent ways, making the signature confusing[0m
2025-09-20T21:37:09.0671733Z [0m    [0m[0m[1m[38;5;14m= [0m[0m[1m[38;5;15mnote[0m[0m: `#[warn(mismatched_lifetime_syntaxes)]` on by default[0m
2025-09-20T21:37:09.0672527Z [0m[1m[38;5;14mhelp[0m[0m: use `'_` for type paths[0m
2025-09-20T21:37:09.0673033Z [0m    [0m[0m[1m[38;5;14m|[0m
2025-09-20T21:37:09.0674131Z [0m[1m[38;5;14m456[0m[0m [0m[0m[1m[38;5;14m| [0m[0m    fn new(socket: &UdpSocket) -> UdpWrapper[0m[0m[38;5;10m<'_>[0m[0m {[0m
2025-09-20T21:37:09.0675338Z [0m    [0m[0m[1m[38;5;14m|[0m[0m                                             [0m[0m[38;5;10m++++[0m
2025-09-20T21:37:09.0675684Z 
2025-09-20T21:37:09.0676562Z [0m[1m[38;5;11mwarning[0m[0m[1m[38;5;15m: hiding a lifetime that's elided elsewhere is confusing[0m
2025-09-20T21:37:09.0677525Z [0m   [0m[0m[1m[38;5;14m--> [0m[0mcitadel_wire\src\udp_traversal\udp_hole_puncher.rs:217:9[0m
2025-09-20T21:37:09.0678031Z [0m    [0m[0m[1m[38;5;14m|[0m
2025-09-20T21:37:09.0678441Z [0m[1m[38;5;14m217[0m[0m [0m[0m[1m[38;5;14m|[0m[0m [0m[0m        &self,[0m
2025-09-20T21:37:09.0679052Z [0m    [0m[0m[1m[38;5;14m|[0m[0m         [0m[0m[1m[38;5;11m^^^^^[0m[0m [0m[0m[1m[38;5;11mthe lifetime is elided here[0m
2025-09-20T21:37:09.0679721Z [0m[1m[38;5;14m218[0m[0m [0m[0m[1m[38;5;14m|[0m[0m [0m[0m        encrypted_config_container: HolePunchConfigContainer,[0m
2025-09-20T21:37:09.0680513Z [0m[1m[38;5;14m219[0m[0m [0m[0m[1m[38;5;14m|[0m[0m [0m[0m    ) -> UdpHolePuncher;[0m
2025-09-20T21:37:09.0681453Z [0m    [0m[0m[1m[38;5;14m|[0m[0m          [0m[0m[1m[38;5;14m--------------[0m[0m [0m[0m[1m[38;5;14mthe same lifetime is hidden here[0m
2025-09-20T21:37:09.0681947Z [0m    [0m[0m[1m[38;5;14m|[0m
2025-09-20T21:37:09.0682607Z [0m    [0m[0m[1m[38;5;14m= [0m[0m[1m[38;5;15mhelp[0m[0m: the same lifetime is referred to in inconsistent ways, making the signature confusing[0m
2025-09-20T21:37:09.0683241Z [0m[1m[38;5;14mhelp[0m[0m: use `'_` for type paths[0m
2025-09-20T21:37:09.0683821Z [0m    [0m[0m[1m[38;5;14m|[0m
2025-09-20T21:37:09.0684327Z [0m[1m[38;5;14m219[0m[0m [0m[0m[1m[38;5;14m| [0m[0m    ) -> UdpHolePuncher[0m[0m[38;5;10m<'_>[0m[0m;[0m
2025-09-20T21:37:09.0684861Z [0m    [0m[0m[1m[38;5;14m|[0m[0m                        [0m[0m[38;5;10m++++[0m
2025-09-20T21:37:09.0685139Z 
2025-09-20T21:37:09.0685458Z [0m[1m[38;5;11mwarning[0m[0m[1m[38;5;15m: hiding a lifetime that's elided elsewhere is confusing[0m
2025-09-20T21:37:09.0686051Z [0m   [0m[0m[1m[38;5;14m--> [0m[0mcitadel_wire\src\udp_traversal\udp_hole_puncher.rs:224:9[0m
2025-09-20T21:37:09.0686502Z [0m    [0m[0m[1m[38;5;14m|[0m
2025-09-20T21:37:09.0686903Z [0m[1m[38;5;14m224[0m[0m [0m[0m[1m[38;5;14m|[0m[0m [0m[0m        &self,[0m
2025-09-20T21:37:09.0687404Z [0m    [0m[0m[1m[38;5;14m|[0m[0m         [0m[0m[1m[38;5;11m^^^^^[0m[0m [0m[0m[1m[38;5;11mthe lifetime is elided here[0m
2025-09-20T21:37:09.0688026Z [0m[1m[38;5;14m225[0m[0m [0m[0m[1m[38;5;14m|[0m[0m [0m[0m        encrypted_config_container: HolePunchConfigContainer,[0m
2025-09-20T21:37:09.0688576Z [0m[1m[38;5;14m226[0m[0m [0m[0m[1m[38;5;14m|[0m[0m [0m[0m    ) -> UdpHolePuncher {[0m
2025-09-20T21:37:09.0689155Z [0m    [0m[0m[1m[38;5;14m|[0m[0m          [0m[0m[1m[38;5;14m--------------[0m[0m [0m[0m[1m[38;5;14mthe same lifetime is hidden here[0m
2025-09-20T21:37:09.0689605Z [0m    [0m[0m[1m[38;5;14m|[0m
2025-09-20T21:37:09.0690171Z [0m    [0m[0m[1m[38;5;14m= [0m[0m[1m[38;5;15mhelp[0m[0m: the same lifetime is referred to in inconsistent ways, making the signature confusing[0m
2025-09-20T21:37:09.0690765Z [0m[1m[38;5;14mhelp[0m[0m: use `'_` for type paths[0m
2025-09-20T21:37:09.0691092Z [0m    [0m[0m[1m[38;5;14m|[0m
2025-09-20T21:37:09.0691544Z [0m[1m[38;5;14m226[0m[0m [0m[0m[1m[38;5;14m| [0m[0m    ) -> UdpHolePuncher[0m[0m[38;5;10m<'_>[0m[0m {[0m
2025-09-20T21:37:09.0692052Z [0m    [0m[0m[1m[38;5;14m|[0m[0m                        [0m[0m[38;5;10m++++[0m
2025-09-20T21:37:09.0692273Z 
2025-09-20T21:37:09.0723874Z [0m[1m[38;5;11mwarning[0m[0m[1m[38;5;15m: hiding a lifetime that's elided elsewhere is confusing[0m
2025-09-20T21:37:09.0724975Z [0m   [0m[0m[1m[38;5;14m--> [0m[0mcitadel_wire\src\standard\quic.rs:133:17[0m
2025-09-20T21:37:09.0725405Z [0m    [0m[0m[1m[38;5;14m|[0m
2025-09-20T21:37:09.0725831Z [0m[1m[38;5;14m133[0m[0m [0m[0m[1m[38;5;14m|[0m[0m [0m[0m    fn listener(&self) -> Accept;[0m
2025-09-20T21:37:09.0727686Z [0m    [0m[0m[1m[38;5;14m|[0m[0m                 [0m[0m[1m[38;5;11m^^^^^[0m[0m     [0m[0m[1m[38;5;14m------[0m[0m [0m[0m[1m[38;5;14mthe same lifetime is hidden here[0m
2025-09-20T21:37:09.0728376Z [0m    [0m[0m[1m[38;5;14m|[0m[0m                 [0m[0m[1m[38;5;11m|[0m
2025-09-20T21:37:09.0728883Z [0m    [0m[0m[1m[38;5;14m|[0m[0m                 [0m[0m[1m[38;5;11mthe lifetime is elided here[0m
2025-09-20T21:37:09.0729300Z [0m    [0m[0m[1m[38;5;14m|[0m
2025-09-20T21:37:09.0729869Z [0m    [0m[0m[1m[38;5;14m= [0m[0m[1m[38;5;15mhelp[0m[0m: the same lifetime is referred to in inconsistent ways, making the signature confusing[0m
2025-09-20T21:37:09.0730489Z [0m[1m[38;5;14mhelp[0m[0m: use `'_` for type paths[0m
2025-09-20T21:37:09.0730835Z [0m    [0m[0m[1m[38;5;14m|[0m
2025-09-20T21:37:09.0731330Z [0m[1m[38;5;14m133[0m[0m [0m[0m[1m[38;5;14m| [0m[0m    fn listener(&self) -> Accept[0m[0m[38;5;10m<'_>[0m[0m;[0m
2025-09-20T21:37:09.0731859Z [0m    [0m[0m[1m[38;5;14m|[0m[0m                                 [0m[0m[38;5;10m++++[0m
2025-09-20T21:37:09.0732082Z 
2025-09-20T21:37:09.0732377Z [0m[1m[38;5;11mwarning[0m[0m[1m[38;5;15m: hiding a lifetime that's elided elsewhere is confusing[0m
2025-09-20T21:37:09.0732938Z [0m   [0m[0m[1m[38;5;14m--> [0m[0mcitadel_wire\src\standard\quic.rs:134:24[0m
2025-09-20T21:37:09.0733482Z [0m    [0m[0m[1m[38;5;14m|[0m
2025-09-20T21:37:09.0734003Z [0m[1m[38;5;14m134[0m[0m [0m[0m[1m[38;5;14m|[0m[0m [0m[0m    fn next_connection(&mut self) -> QuicNextConnectionFuture[0m
2025-09-20T21:37:09.0734758Z [0m    [0m[0m[1m[38;5;14m|[0m[0m                        [0m[0m[1m[38;5;11m^^^^^^^^^[0m[0m     [0m[0m[1m[38;5;14m------------------------[0m[0m [0m[0m[1m[38;5;14mthe same lifetime is hidden here[0m
2025-09-20T21:37:09.0735292Z [0m    [0m[0m[1m[38;5;14m|[0m[0m                        [0m[0m[1m[38;5;11m|[0m
2025-09-20T21:37:09.0736027Z [0m    [0m[0m[1m[38;5;14m|[0m[0m                        [0m[0m[1m[38;5;11mthe lifetime is elided here[0m
2025-09-20T21:37:09.0736632Z [0m    [0m[0m[1m[38;5;14m|[0m
2025-09-20T21:37:09.0737221Z [0m    [0m[0m[1m[38;5;14m= [0m[0m[1m[38;5;15mhelp[0m[0m: the same lifetime is referred to in inconsistent ways, making the signature confusing[0m
2025-09-20T21:37:09.0737824Z [0m[1m[38;5;14mhelp[0m[0m: use `'_` for type paths[0m
2025-09-20T21:37:09.0738150Z [0m    [0m[0m[1m[38;5;14m|[0m
2025-09-20T21:37:09.0738703Z [0m[1m[38;5;14m134[0m[0m [0m[0m[1m[38;5;14m| [0m[0m    fn next_connection(&mut self) -> QuicNextConnectionFuture[0m[0m[38;5;10m<'_>[0m
2025-09-20T21:37:09.0739277Z [0m    [0m[0m[1m[38;5;14m|[0m[0m                                                              [0m[0m[38;5;10m++++[0m
2025-09-20T21:37:09.0739537Z 
2025-09-20T21:37:09.0739845Z [0m[1m[38;5;11mwarning[0m[0m[1m[38;5;15m: hiding a lifetime that's elided elsewhere is confusing[0m
2025-09-20T21:37:09.0740404Z [0m   [0m[0m[1m[38;5;14m--> [0m[0mcitadel_wire\src\standard\quic.rs:169:17[0m
2025-09-20T21:37:09.0740767Z [0m    [0m[0m[1m[38;5;14m|[0m
2025-09-20T21:37:09.0741207Z [0m[1m[38;5;14m169[0m[0m [0m[0m[1m[38;5;14m|[0m[0m [0m[0m    fn listener(&self) -> Accept {[0m
2025-09-20T21:37:09.0741843Z [0m    [0m[0m[1m[38;5;14m|[0m[0m                 [0m[0m[1m[38;5;11m^^^^^[0m[0m     [0m[0m[1m[38;5;14m------[0m[0m [0m[0m[1m[38;5;14mthe same lifetime is hidden here[0m
2025-09-20T21:37:09.0742340Z [0m    [0m[0m[1m[38;5;14m|[0m[0m                 [0m[0m[1m[38;5;11m|[0m
2025-09-20T21:37:09.0742795Z [0m    [0m[0m[1m[38;5;14m|[0m[0m                 [0m[0m[1m[38;5;11mthe lifetime is elided here[0m
2025-09-20T21:37:09.0743151Z [0m    [0m[0m[1m[38;5;14m|[0m
2025-09-20T21:37:09.0743735Z [0m    [0m[0m[1m[38;5;14m= [0m[0m[1m[38;5;15mhelp[0m[0m: the same lifetime is referred to in inconsistent ways, making the signature confusing[0m
2025-09-20T21:37:09.0744443Z [0m[1m[38;5;14mhelp[0m[0m: use `'_` for type paths[0m
2025-09-20T21:37:09.0744790Z [0m    [0m[0m[1m[38;5;14m|[0m
2025-09-20T21:37:09.0745282Z [0m[1m[38;5;14m169[0m[0m [0m[0m[1m[38;5;14m| [0m[0m    fn listener(&self) -> Accept[0m[0m[38;5;10m<'_>[0m[0m {[0m
2025-09-20T21:37:09.0745783Z [0m    [0m[0m[1m[38;5;14m|[0m[0m                                 [0m[0m[38;5;10m++++[0m
2025-09-20T21:37:09.0746036Z 
2025-09-20T21:37:18.6665933Z [1m[33mwarning[0m[1m:[0m `citadel_wire` (lib test) generated 6 warnings
2025-09-20T21:37:18.6666899Z [1m[32m    Finished[0m `test` profile [unoptimized + debuginfo] target(s) in 9m 13s
2025-09-20T21:37:18.7236935Z ────────────
2025-09-20T21:37:18.7237834Z [32;1m Nextest run[0m ID [1m795c67eb-c3eb-4afc-86f0-fd93a34e4af1[0m with nextest profile: [1mdefault[0m
2025-09-20T21:37:18.7238448Z [32;1m    Starting[0m [1m19[0m tests across [1m1[0m binary
2025-09-20T21:37:18.7349131Z [32;1m        PASS[0m [   0.011s] [35;1mcitadel_wire[0m [36mstandard::nat_identification::tests[0m[36m::[0m[34;1mtest_addr_translation_identification_constant_to_identity[0m
2025-09-20T21:37:18.7453762Z [32;1m        PASS[0m [   0.010s] [35;1mcitadel_wire[0m [36mstandard::nat_identification::tests[0m[36m::[0m[34;1mtest_addr_translation_identification_delta_offset_to_identity[0m
2025-09-20T21:37:18.7552508Z [32;1m        PASS[0m [   0.010s] [35;1mcitadel_wire[0m [36mstandard::nat_identification::tests[0m[36m::[0m[34;1mtest_addr_translation_identification_identity_to_delta_constant_offset[0m
2025-09-20T21:37:18.7659782Z [32;1m        PASS[0m [   0.011s] [35;1mcitadel_wire[0m [36mstandard::nat_identification::tests[0m[36m::[0m[34;1mtest_addr_translation_identification_identity_to_delta_independent_offset0[0m
2025-09-20T21:37:18.7762881Z [32;1m        PASS[0m [   0.010s] [35;1mcitadel_wire[0m [36mstandard::nat_identification::tests[0m[36m::[0m[34;1mtest_addr_translation_identification_identity_to_delta_independent_offset1[0m
2025-09-20T21:37:18.7868019Z [32;1m        PASS[0m [   0.010s] [35;1mcitadel_wire[0m [36mstandard::nat_identification::tests[0m[36m::[0m[34;1mtest_addr_translation_identification_identity_to_delta_independent_offset2[0m
2025-09-20T21:37:18.7971785Z [32;1m        PASS[0m [   0.010s] [35;1mcitadel_wire[0m [36mstandard::nat_identification::tests[0m[36m::[0m[34;1mtest_addr_translation_identification_identity_to_identity[0m
2025-09-20T21:37:18.8070558Z [32;1m        PASS[0m [   0.010s] [35;1mcitadel_wire[0m [36mstandard::nat_identification::tests[0m[36m::[0m[34;1mtest_addr_translation_identification_identity_to_unpredictable[0m
2025-09-20T21:37:18.9369297Z [32;1m        PASS[0m [   0.130s] [35;1mcitadel_wire[0m [36mstandard::nat_identification::tests[0m[36m::[0m[34;1mtest_identify[0m
2025-09-20T21:37:18.9604251Z [32;1m        PASS[0m [   0.023s] [35;1mcitadel_wire[0m [36mstandard::quic::tests::test_quic[0m[36m::[0m[34;1mcase_1[0m
2025-09-20T21:37:18.9824999Z [32;1m        PASS[0m [   0.022s] [35;1mcitadel_wire[0m [36mstandard::quic::tests::test_quic[0m[36m::[0m[34;1mcase_2[0m
2025-09-20T21:37:18.9953259Z [32;1m        PASS[0m [   0.013s] [35;1mcitadel_wire[0m [36mstandard::socket_helpers::tests::test_tcp[0m[36m::[0m[34;1mcase_1[0m
2025-09-20T21:37:19.0076690Z [32;1m        PASS[0m [   0.012s] [35;1mcitadel_wire[0m [36mstandard::socket_helpers::tests::test_tcp[0m[36m::[0m[34;1mcase_2[0m
2025-09-20T21:37:19.0188081Z [32;1m        PASS[0m [   0.011s] [35;1mcitadel_wire[0m [36mstandard::socket_helpers::tests::test_udp[0m[36m::[0m[34;1mcase_1[0m
2025-09-20T21:37:19.0301442Z [32;1m        PASS[0m [   0.011s] [35;1mcitadel_wire[0m [36mstandard::socket_helpers::tests::test_udp[0m[36m::[0m[34;1mcase_2[0m
2025-09-20T21:37:19.0396207Z [32;1m        PASS[0m [   0.009s] [35;1mcitadel_wire[0m [36mstandard::tls::tests[0m[36m::[0m[34;1mmain[0m
2025-09-20T21:37:19.2119339Z [32;1m        PASS[0m [   0.172s] [35;1mcitadel_wire[0m [36mudp_traversal::udp_hole_puncher::tests::test_dual_hole_puncher[0m[36m::[0m[34;1mcase_1[0m
2025-09-20T21:37:20.5012971Z [32;1m        PASS[0m [   1.289s] [35;1mcitadel_wire[0m [36mudp_traversal::udp_hole_puncher::tests::test_dual_hole_puncher[0m[36m::[0m[34;1mcase_2[0m
2025-09-20T21:37:22.2831993Z [32;1m        PASS[0m [   1.781s] [35;1mcitadel_wire[0m [36mudp_traversal::udp_hole_puncher::tests::test_dual_hole_puncher[0m[36m::[0m[34;1mcase_3[0m
2025-09-20T21:37:22.2833233Z ────────────
2025-09-20T21:37:22.2834039Z [32;1m     Summary[0m [   3.559s] [1m19[0m tests run: [1m19[0m [32;1mpassed[0m, [1m0[0m [33;1mskipped[0m
2025-09-20T21:37:22.2835376Z [32;1m        PASS[0m [   0.011s] [35;1mcitadel_wire[0m [36mstandard::nat_identification::tests[0m[36m::[0m[34;1mtest_addr_translation_identification_constant_to_identity[0m
2025-09-20T21:37:22.2836493Z [32;1m        PASS[0m [   0.010s] [35;1mcitadel_wire[0m [36mstandard::nat_identification::tests[0m[36m::[0m[34;1mtest_addr_translation_identification_delta_offset_to_identity[0m
2025-09-20T21:37:22.2837684Z [32;1m        PASS[0m [   0.010s] [35;1mcitadel_wire[0m [36mstandard::nat_identification::tests[0m[36m::[0m[34;1mtest_addr_translation_identification_identity_to_delta_constant_offset[0m
2025-09-20T21:37:22.2839142Z [32;1m        PASS[0m [   0.011s] [35;1mcitadel_wire[0m [36mstandard::nat_identification::tests[0m[36m::[0m[34;1mtest_addr_translation_identification_identity_to_delta_independent_offset0[0m
2025-09-20T21:37:22.2840287Z [32;1m        PASS[0m [   0.010s] [35;1mcitadel_wire[0m [36mstandard::nat_identification::tests[0m[36m::[0m[34;1mtest_addr_translation_identification_identity_to_delta_independent_offset1[0m
2025-09-20T21:37:22.2841482Z [32;1m        PASS[0m [   0.010s] [35;1mcitadel_wire[0m [36mstandard::nat_identification::tests[0m[36m::[0m[34;1mtest_addr_translation_identification_identity_to_delta_independent_offset2[0m
2025-09-20T21:37:22.2842592Z [32;1m        PASS[0m [   0.010s] [35;1mcitadel_wire[0m [36mstandard::nat_identification::tests[0m[36m::[0m[34;1mtest_addr_translation_identification_identity_to_identity[0m
2025-09-20T21:37:22.2843628Z [32;1m        PASS[0m [   0.010s] [35;1mcitadel_wire[0m [36mstandard::nat_identification::tests[0m[36m::[0m[34;1mtest_addr_translation_identification_identity_to_unpredictable[0m
2025-09-20T21:37:22.2844870Z [32;1m        PASS[0m [   0.130s] [35;1mcitadel_wire[0m [36mstandard::nat_identification::tests[0m[36m::[0m[34;1mtest_identify[0m
2025-09-20T21:37:22.2845753Z [32;1m        PASS[0m [   0.023s] [35;1mcitadel_wire[0m [36mstandard::quic::tests::test_quic[0m[36m::[0m[34;1mcase_1[0m
2025-09-20T21:37:22.2846878Z [32;1m        PASS[0m [   0.022s] [35;1mcitadel_wire[0m [36mstandard::quic::tests::test_quic[0m[36m::[0m[34;1mcase_2[0m
2025-09-20T21:37:22.2848183Z [32;1m        PASS[0m [   0.013s] [35;1mcitadel_wire[0m [36mstandard::socket_helpers::tests::test_tcp[0m[36m::[0m[34;1mcase_1[0m
2025-09-20T21:37:22.2849580Z [32;1m        PASS[0m [   0.012s] [35;1mcitadel_wire[0m [36mstandard::socket_helpers::tests::test_tcp[0m[36m::[0m[34;1mcase_2[0m
2025-09-20T21:37:22.2850972Z [32;1m        PASS[0m [   0.011s] [35;1mcitadel_wire[0m [36mstandard::socket_helpers::tests::test_udp[0m[36m::[0m[34;1mcase_1[0m
2025-09-20T21:37:22.2852471Z [32;1m        PASS[0m [   0.011s] [35;1mcitadel_wire[0m [36mstandard::socket_helpers::tests::test_udp[0m[36m::[0m[34;1mcase_2[0m
2025-09-20T21:37:22.2853883Z [32;1m        PASS[0m [   0.009s] [35;1mcitadel_wire[0m [36mstandard::tls::tests[0m[36m::[0m[34;1mmain[0m
2025-09-20T21:37:22.2855351Z [32;1m        PASS[0m [   0.172s] [35;1mcitadel_wire[0m [36mudp_traversal::udp_hole_puncher::tests::test_dual_hole_puncher[0m[36m::[0m[34;1mcase_1[0m
2025-09-20T21:37:22.2857401Z [32;1m        PASS[0m [   1.289s] [35;1mcitadel_wire[0m [36mudp_traversal::udp_hole_puncher::tests::test_dual_hole_puncher[0m[36m::[0m[34;1mcase_2[0m
2025-09-20T21:37:22.2859173Z [32;1m        PASS[0m [   1.781s] [35;1mcitadel_wire[0m [36mudp_traversal::udp_hole_puncher::tests::test_dual_hole_puncher[0m[36m::[0m[34;1mcase_3[0m
2025-09-20T21:37:22.4344852Z Post job cleanup.
2025-09-20T21:37:22.4485178Z Post job cleanup.
2025-09-20T21:37:24.5887743Z [command]"C:\Program Files\Git\bin\git.exe" version
2025-09-20T21:37:24.6152465Z git version 2.51.0.windows.1
2025-09-20T21:37:24.6230306Z Temporarily overriding HOME='D:\a\_temp\92ef6e06-9572-4431-91ff-311bc64709c9' before making global git config changes
2025-09-20T21:37:24.6231731Z Adding repository directory to the temporary git global config as a safe directory
2025-09-20T21:37:24.6239016Z [command]"C:\Program Files\Git\bin\git.exe" config --global --add safe.directory D:\a\Citadel-Protocol\Citadel-Protocol
2025-09-20T21:37:24.6575644Z [command]"C:\Program Files\Git\bin\git.exe" config --local --name-only --get-regexp core\.sshCommand
2025-09-20T21:37:24.6888360Z [command]"C:\Program Files\Git\bin\git.exe" submodule foreach --recursive "sh -c \"git config --local --name-only --get-regexp 'core\.sshCommand' && git config --local --unset-all 'core.sshCommand' || :\""
2025-09-20T21:37:25.2590558Z [command]"C:\Program Files\Git\bin\git.exe" config --local --name-only --get-regexp http\.https\:\/\/github\.com\/\.extraheader
2025-09-20T21:37:25.2854350Z http.https://github.com/.extraheader
2025-09-20T21:37:25.2895700Z [command]"C:\Program Files\Git\bin\git.exe" config --local --unset-all http.https://github.com/.extraheader
2025-09-20T21:37:25.3192726Z [command]"C:\Program Files\Git\bin\git.exe" submodule foreach --recursive "sh -c \"git config --local --name-only --get-regexp 'http\.https\:\/\/github\.com\/\.extraheader' && git config --local --unset-all 'http.https://github.com/.extraheader' || :\""
2025-09-20T21:37:25.8957728Z Cleaning up orphan processes
2025-09-20T21:37:25.9145859Z Terminate orphan process: pid (7808) (vctip)
