2025-09-20T21:18:24.4467105Z Current runner version: '2.328.0'
2025-09-20T21:18:24.4490500Z ##[group]Runner Image Provisioner
2025-09-20T21:18:24.4491332Z Hosted Compute Agent
2025-09-20T21:18:24.4491892Z Version: 20250829.383
2025-09-20T21:18:24.4492465Z Commit: 27cb235aab5b0e52e153a26cd86b4742e89dac5d
2025-09-20T21:18:24.4493198Z Build Date: 2025-08-29T13:48:48Z
2025-09-20T21:18:24.4493772Z ##[endgroup]
2025-09-20T21:18:24.4494329Z ##[group]Operating System
2025-09-20T21:18:24.4495220Z Ubuntu
2025-09-20T21:18:24.4495760Z 24.04.3
2025-09-20T21:18:24.4496234Z LTS
2025-09-20T21:18:24.4496739Z ##[endgroup]
2025-09-20T21:18:24.4497322Z ##[group]Runner Image
2025-09-20T21:18:24.4497881Z Image: ubuntu-24.04
2025-09-20T21:18:24.4498379Z Version: 20250907.24.1
2025-09-20T21:18:24.4499427Z Included Software: https://github.com/actions/runner-images/blob/ubuntu24/20250907.24/images/ubuntu/Ubuntu2404-Readme.md
2025-09-20T21:18:24.4500974Z Image Release: https://github.com/actions/runner-images/releases/tag/ubuntu24%2F20250907.24
2025-09-20T21:18:24.4501998Z ##[endgroup]
2025-09-20T21:18:24.4504395Z ##[group]GITHUB_TOKEN Permissions
2025-09-20T21:18:24.4506666Z Actions: write
2025-09-20T21:18:24.4507233Z Attestations: write
2025-09-20T21:18:24.4507719Z Checks: write
2025-09-20T21:18:24.4508410Z Contents: write
2025-09-20T21:18:24.4508924Z Deployments: write
2025-09-20T21:18:24.4509440Z Discussions: write
2025-09-20T21:18:24.4509994Z Issues: write
2025-09-20T21:18:24.4510450Z Metadata: read
2025-09-20T21:18:24.4510945Z Models: read
2025-09-20T21:18:24.4511438Z Packages: write
2025-09-20T21:18:24.4511993Z Pages: write
2025-09-20T21:18:24.4512455Z PullRequests: write
2025-09-20T21:18:24.4513045Z RepositoryProjects: write
2025-09-20T21:18:24.4513600Z SecurityEvents: write
2025-09-20T21:18:24.4514232Z Statuses: write
2025-09-20T21:18:24.4514779Z ##[endgroup]
2025-09-20T21:18:24.4517016Z Secret source: Actions
2025-09-20T21:18:24.4517719Z Prepare workflow directory
2025-09-20T21:18:24.5022241Z Prepare all required actions
2025-09-20T21:18:24.5080049Z Getting action download info
2025-09-20T21:18:24.9774580Z Download action repository 'actions/checkout@v4' (SHA:08eba0b27e820071cde6df949e0beb9ba4906955)
2025-09-20T21:18:25.1670155Z Download action repository 'jlumbroso/free-disk-space@main' (SHA:54081f138730dfa15788a46383842cd2f914a1be)
2025-09-20T21:18:25.6515329Z Uses: Avarok-Cybersecurity/Citadel-Protocol/.github/workflows/validate.yml@refs/pull/236/merge (7edf0bb75f061919add02f6d6a82672c0b2e9654)
2025-09-20T21:18:25.6520543Z Complete job name: Validate PR / docker_nat_client_server (port_restricted)
2025-09-20T21:18:25.7140176Z ##[group]Run actions/checkout@v4
2025-09-20T21:18:25.7141014Z with:
2025-09-20T21:18:25.7141485Z   repository: Avarok-Cybersecurity/Citadel-Protocol
2025-09-20T21:18:25.7142257Z   token: ***
2025-09-20T21:18:25.7142643Z   ssh-strict: true
2025-09-20T21:18:25.7143040Z   ssh-user: git
2025-09-20T21:18:25.7143448Z   persist-credentials: true
2025-09-20T21:18:25.7143905Z   clean: true
2025-09-20T21:18:25.7144310Z   sparse-checkout-cone-mode: true
2025-09-20T21:18:25.7144810Z   fetch-depth: 1
2025-09-20T21:18:25.7145487Z   fetch-tags: false
2025-09-20T21:18:25.7145896Z   show-progress: true
2025-09-20T21:18:25.7146390Z   lfs: false
2025-09-20T21:18:25.7146760Z   submodules: false
2025-09-20T21:18:25.7147170Z   set-safe-directory: true
2025-09-20T21:18:25.7147850Z env:
2025-09-20T21:18:25.7148237Z   CARGO_TERM_COLOR: always
2025-09-20T21:18:25.7148676Z   RUST_BACKTRACE: full
2025-09-20T21:18:25.7149104Z   RUST_MIN_STACK: 40971520
2025-09-20T21:18:25.7149539Z   RUST_LOG: citadel=warn
2025-09-20T21:18:25.7149991Z   IN_CI: true
2025-09-20T21:18:25.7150389Z   NAT_TYPE_CLIENT_A: port_restricted
2025-09-20T21:18:25.7150875Z ##[endgroup]
2025-09-20T21:18:25.8223742Z Syncing repository: Avarok-Cybersecurity/Citadel-Protocol
2025-09-20T21:18:25.8225875Z ##[group]Getting Git version info
2025-09-20T21:18:25.8226672Z Working directory is '/home/runner/work/Citadel-Protocol/Citadel-Protocol'
2025-09-20T21:18:25.8227707Z [command]/usr/bin/git version
2025-09-20T21:18:25.8305583Z git version 2.51.0
2025-09-20T21:18:25.8331578Z ##[endgroup]
2025-09-20T21:18:25.8347438Z Temporarily overriding HOME='/home/runner/work/_temp/a90a830e-8014-4e06-982e-b267e39c99e4' before making global git config changes
2025-09-20T21:18:25.8349783Z Adding repository directory to the temporary git global config as a safe directory
2025-09-20T21:18:25.8354015Z [command]/usr/bin/git config --global --add safe.directory /home/runner/work/Citadel-Protocol/Citadel-Protocol
2025-09-20T21:18:25.8392231Z Deleting the contents of '/home/runner/work/Citadel-Protocol/Citadel-Protocol'
2025-09-20T21:18:25.8396124Z ##[group]Initializing the repository
2025-09-20T21:18:25.8400925Z [command]/usr/bin/git init /home/runner/work/Citadel-Protocol/Citadel-Protocol
2025-09-20T21:18:25.8521412Z hint: Using 'master' as the name for the initial branch. This default branch name
2025-09-20T21:18:25.8522631Z hint: is subject to change. To configure the initial branch name to use in all
2025-09-20T21:18:25.8523649Z hint: of your new repositories, which will suppress this warning, call:
2025-09-20T21:18:25.8524339Z hint:
2025-09-20T21:18:25.8525408Z hint: 	git config --global init.defaultBranch <name>
2025-09-20T21:18:25.8526468Z hint:
2025-09-20T21:18:25.8527405Z hint: Names commonly chosen instead of 'master' are 'main', 'trunk' and
2025-09-20T21:18:25.8528859Z hint: 'development'. The just-created branch can be renamed via this command:
2025-09-20T21:18:25.8530017Z hint:
2025-09-20T21:18:25.8530432Z hint: 	git branch -m <name>
2025-09-20T21:18:25.8530894Z hint:
2025-09-20T21:18:25.8531491Z hint: Disable this message with "git config set advice.defaultBranchName false"
2025-09-20T21:18:25.8532550Z Initialized empty Git repository in /home/runner/work/Citadel-Protocol/Citadel-Protocol/.git/
2025-09-20T21:18:25.8540089Z [command]/usr/bin/git remote add origin https://github.com/Avarok-Cybersecurity/Citadel-Protocol
2025-09-20T21:18:25.8578151Z ##[endgroup]
2025-09-20T21:18:25.8578879Z ##[group]Disabling automatic garbage collection
2025-09-20T21:18:25.8581795Z [command]/usr/bin/git config --local gc.auto 0
2025-09-20T21:18:25.8609359Z ##[endgroup]
2025-09-20T21:18:25.8610049Z ##[group]Setting up auth
2025-09-20T21:18:25.8616162Z [command]/usr/bin/git config --local --name-only --get-regexp core\.sshCommand
2025-09-20T21:18:25.8644665Z [command]/usr/bin/git submodule foreach --recursive sh -c "git config --local --name-only --get-regexp 'core\.sshCommand' && git config --local --unset-all 'core.sshCommand' || :"
2025-09-20T21:18:25.8992433Z [command]/usr/bin/git config --local --name-only --get-regexp http\.https\:\/\/github\.com\/\.extraheader
2025-09-20T21:18:25.9021746Z [command]/usr/bin/git submodule foreach --recursive sh -c "git config --local --name-only --get-regexp 'http\.https\:\/\/github\.com\/\.extraheader' && git config --local --unset-all 'http.https://github.com/.extraheader' || :"
2025-09-20T21:18:25.9239920Z [command]/usr/bin/git config --local http.https://github.com/.extraheader AUTHORIZATION: basic ***
2025-09-20T21:18:25.9283611Z ##[endgroup]
2025-09-20T21:18:25.9284380Z ##[group]Fetching the repository
2025-09-20T21:18:25.9292139Z [command]/usr/bin/git -c protocol.version=2 fetch --no-tags --prune --no-recurse-submodules --depth=1 origin +7edf0bb75f061919add02f6d6a82672c0b2e9654:refs/remotes/pull/236/merge
2025-09-20T21:18:26.7800314Z From https://github.com/Avarok-Cybersecurity/Citadel-Protocol
2025-09-20T21:18:26.7801289Z  * [new ref]         7edf0bb75f061919add02f6d6a82672c0b2e9654 -> pull/236/merge
2025-09-20T21:18:26.7833300Z ##[endgroup]
2025-09-20T21:18:26.7834334Z ##[group]Determining the checkout info
2025-09-20T21:18:26.7835845Z ##[endgroup]
2025-09-20T21:18:26.7840977Z [command]/usr/bin/git sparse-checkout disable
2025-09-20T21:18:26.7884653Z [command]/usr/bin/git config --local --unset-all extensions.worktreeConfig
2025-09-20T21:18:26.7912659Z ##[group]Checking out the ref
2025-09-20T21:18:26.7916050Z [command]/usr/bin/git checkout --progress --force refs/remotes/pull/236/merge
2025-09-20T21:18:27.5303975Z Note: switching to 'refs/remotes/pull/236/merge'.
2025-09-20T21:18:27.5305098Z 
2025-09-20T21:18:27.5305547Z You are in 'detached HEAD' state. You can look around, make experimental
2025-09-20T21:18:27.5306452Z changes and commit them, and you can discard any commits you make in this
2025-09-20T21:18:27.5307271Z state without impacting any branches by switching back to a branch.
2025-09-20T21:18:27.5307815Z 
2025-09-20T21:18:27.5308166Z If you want to create a new branch to retain commits you create, you may
2025-09-20T21:18:27.5309008Z do so (now or later) by using -c with the switch command. Example:
2025-09-20T21:18:27.5309434Z 
2025-09-20T21:18:27.5309632Z   git switch -c <new-branch-name>
2025-09-20T21:18:27.5309974Z 
2025-09-20T21:18:27.5310188Z Or undo this operation with:
2025-09-20T21:18:27.5310401Z 
2025-09-20T21:18:27.5310513Z   git switch -
2025-09-20T21:18:27.5310682Z 
2025-09-20T21:18:27.5310956Z Turn off this advice by setting config variable advice.detachedHead to false
2025-09-20T21:18:27.5311285Z 
2025-09-20T21:18:27.5311647Z HEAD is now at 7edf0bb Merge 8a89b2152348ab91c1a5bd335ccb554a7eae26c5 into 2b40ca3c28904a155dd62f453494820feec744f0
2025-09-20T21:18:27.5607068Z ##[endgroup]
2025-09-20T21:18:27.5641838Z [command]/usr/bin/git log -1 --format=%H
2025-09-20T21:18:27.5663434Z 7edf0bb75f061919add02f6d6a82672c0b2e9654
2025-09-20T21:18:27.5961834Z ##[group]Run jlumbroso/free-disk-space@main
2025-09-20T21:18:27.5962229Z with:
2025-09-20T21:18:27.5962506Z   android: true
2025-09-20T21:18:27.5962735Z   dotnet: true
2025-09-20T21:18:27.5962944Z   haskell: true
2025-09-20T21:18:27.5963163Z   large-packages: true
2025-09-20T21:18:27.5963405Z   docker-images: true
2025-09-20T21:18:27.5963648Z   tool-cache: false
2025-09-20T21:18:27.5963870Z   swap-storage: true
2025-09-20T21:18:27.5964084Z env:
2025-09-20T21:18:27.5964292Z   CARGO_TERM_COLOR: always
2025-09-20T21:18:27.5964533Z   RUST_BACKTRACE: full
2025-09-20T21:18:27.5964765Z   RUST_MIN_STACK: 40971520
2025-09-20T21:18:27.5965171Z   RUST_LOG: citadel=warn
2025-09-20T21:18:27.5965428Z   IN_CI: true
2025-09-20T21:18:27.5965651Z   NAT_TYPE_CLIENT_A: port_restricted
2025-09-20T21:18:27.5965921Z ##[endgroup]
2025-09-20T21:18:27.6074529Z ##[group]Run # ======
2025-09-20T21:18:27.6075711Z [36;1m[0m
2025-09-20T21:18:27.6075945Z [36;1m# ======[0m
2025-09-20T21:18:27.6076225Z [36;1m# MACROS[0m
2025-09-20T21:18:27.6076429Z [36;1m# ======[0m
2025-09-20T21:18:27.6076634Z [36;1m[0m
2025-09-20T21:18:27.6076862Z [36;1m# macro to print a line of equals[0m
2025-09-20T21:18:27.6077164Z [36;1m# (silly but works)[0m
2025-09-20T21:18:27.6077426Z [36;1mprintSeparationLine() {[0m
2025-09-20T21:18:27.6077693Z [36;1m  str=${1:=}[0m
2025-09-20T21:18:27.6077920Z [36;1m  num=${2:-80}[0m
2025-09-20T21:18:27.6078147Z [36;1m  counter=1[0m
2025-09-20T21:18:27.6078369Z [36;1m  output=""[0m
2025-09-20T21:18:27.6078613Z [36;1m  while [ $counter -le $num ][0m
2025-09-20T21:18:27.6078890Z [36;1m  do[0m
2025-09-20T21:18:27.6079113Z [36;1m     output="${output}${str}"[0m
2025-09-20T21:18:27.6079424Z [36;1m     counter=$((counter+1))[0m
2025-09-20T21:18:27.6079687Z [36;1m  done[0m
2025-09-20T21:18:27.6079912Z [36;1m  echo "${output}"[0m
2025-09-20T21:18:27.6080149Z [36;1m}[0m
2025-09-20T21:18:27.6080371Z [36;1m[0m
2025-09-20T21:18:27.6080605Z [36;1m# macro to compute available space[0m
2025-09-20T21:18:27.6080993Z [36;1m# REF: https://unix.stackexchange.com/a/42049/60849[0m
2025-09-20T21:18:27.6081396Z [36;1m# REF: https://stackoverflow.com/a/450821/408734[0m
2025-09-20T21:18:27.6081866Z [36;1mgetAvailableSpace() { echo $(df -a $1 | awk 'NR > 1 {avail+=$4} END {print avail}'); }[0m
2025-09-20T21:18:27.6082261Z [36;1m[0m
2025-09-20T21:18:27.6082532Z [36;1m# macro to make Kb human readable (assume the input is Kb)[0m
2025-09-20T21:18:27.6082949Z [36;1m# REF: https://unix.stackexchange.com/a/44087/60849[0m
2025-09-20T21:18:27.6083421Z [36;1mformatByteCount() { echo $(numfmt --to=iec-i --suffix=B --padding=7 $1'000'); }[0m
2025-09-20T21:18:27.6084028Z [36;1m[0m
2025-09-20T21:18:27.6084249Z [36;1m# macro to output saved space[0m
2025-09-20T21:18:27.6084536Z [36;1mprintSavedSpace() {[0m
2025-09-20T21:18:27.6084791Z [36;1m  saved=${1}[0m
2025-09-20T21:18:27.6085151Z [36;1m  title=${2:-}[0m
2025-09-20T21:18:27.6085378Z [36;1m[0m
2025-09-20T21:18:27.6085573Z [36;1m  echo ""[0m
2025-09-20T21:18:27.6085819Z [36;1m  printSeparationLine '*' 80[0m
2025-09-20T21:18:27.6086108Z [36;1m  if [ ! -z "${title}" ]; then[0m
2025-09-20T21:18:27.6086428Z [36;1m    echo "=> ${title}: Saved $(formatByteCount $saved)"[0m
2025-09-20T21:18:27.6086743Z [36;1m  else[0m
2025-09-20T21:18:27.6086988Z [36;1m    echo "=> Saved $(formatByteCount $saved)"[0m
2025-09-20T21:18:27.6087277Z [36;1m  fi[0m
2025-09-20T21:18:27.6087494Z [36;1m  printSeparationLine '*' 80[0m
2025-09-20T21:18:27.6087757Z [36;1m  echo ""[0m
2025-09-20T21:18:27.6087961Z [36;1m}[0m
2025-09-20T21:18:27.6088156Z [36;1m[0m
2025-09-20T21:18:27.6088389Z [36;1m# macro to print output of dh with caption[0m
2025-09-20T21:18:27.6088689Z [36;1mprintDH() {[0m
2025-09-20T21:18:27.6088973Z [36;1m  caption=${1:-}[0m
2025-09-20T21:18:27.6089202Z [36;1m[0m
2025-09-20T21:18:27.6089412Z [36;1m  printSeparationLine '=' 80[0m
2025-09-20T21:18:27.6089691Z [36;1m  echo "${caption}"[0m
2025-09-20T21:18:27.6090097Z [36;1m  echo ""[0m
2025-09-20T21:18:27.6090337Z [36;1m  echo "$ dh -h /"[0m
2025-09-20T21:18:27.6090569Z [36;1m  echo ""[0m
2025-09-20T21:18:27.6090782Z [36;1m  df -h /[0m
2025-09-20T21:18:27.6090993Z [36;1m  echo "$ dh -a /"[0m
2025-09-20T21:18:27.6091235Z [36;1m  echo ""[0m
2025-09-20T21:18:27.6091438Z [36;1m  df -a /[0m
2025-09-20T21:18:27.6091653Z [36;1m  echo "$ dh -a"[0m
2025-09-20T21:18:27.6091882Z [36;1m  echo ""[0m
2025-09-20T21:18:27.6092084Z [36;1m  df -a[0m
2025-09-20T21:18:27.6092308Z [36;1m  printSeparationLine '=' 80[0m
2025-09-20T21:18:27.6092567Z [36;1m}[0m
2025-09-20T21:18:27.6092765Z [36;1m[0m
2025-09-20T21:18:27.6092945Z [36;1m[0m
2025-09-20T21:18:27.6093145Z [36;1m[0m
2025-09-20T21:18:27.6093326Z [36;1m# ======[0m
2025-09-20T21:18:27.6093533Z [36;1m# SCRIPT[0m
2025-09-20T21:18:27.6093729Z [36;1m# ======[0m
2025-09-20T21:18:27.6093927Z [36;1m[0m
2025-09-20T21:18:27.6094143Z [36;1m# Display initial disk space stats[0m
2025-09-20T21:18:27.6094432Z [36;1m[0m
2025-09-20T21:18:27.6094660Z [36;1mAVAILABLE_INITIAL=$(getAvailableSpace)[0m
2025-09-20T21:18:27.6095337Z [36;1mAVAILABLE_ROOT_INITIAL=$(getAvailableSpace '/')[0m
2025-09-20T21:18:27.6095672Z [36;1m[0m
2025-09-20T21:18:27.6095883Z [36;1mprintDH "BEFORE CLEAN-UP:"[0m
2025-09-20T21:18:27.6096152Z [36;1mecho ""[0m
2025-09-20T21:18:27.6096350Z [36;1m[0m
2025-09-20T21:18:27.6096537Z [36;1m[0m
2025-09-20T21:18:27.6096741Z [36;1m# Option: Remove Android library[0m
2025-09-20T21:18:27.6097017Z [36;1m[0m
2025-09-20T21:18:27.6097224Z [36;1mif [[ true == 'true' ]]; then[0m
2025-09-20T21:18:27.6097501Z [36;1m  BEFORE=$(getAvailableSpace)[0m
2025-09-20T21:18:27.6097773Z [36;1m  [0m
2025-09-20T21:18:27.6098054Z [36;1m  sudo rm -rf /usr/local/lib/android || true[0m
2025-09-20T21:18:27.6098346Z [36;1m[0m
2025-09-20T21:18:27.6098550Z [36;1m  AFTER=$(getAvailableSpace)[0m
2025-09-20T21:18:27.6098828Z [36;1m  SAVED=$((AFTER-BEFORE))[0m
2025-09-20T21:18:27.6099132Z [36;1m  printSavedSpace $SAVED "Android library"[0m
2025-09-20T21:18:27.6099421Z [36;1mfi[0m
2025-09-20T21:18:27.6099616Z [36;1m[0m
2025-09-20T21:18:27.6099819Z [36;1m# Option: Remove .NET runtime[0m
2025-09-20T21:18:27.6100080Z [36;1m[0m
2025-09-20T21:18:27.6100273Z [36;1mif [[ true == 'true' ]]; then[0m
2025-09-20T21:18:27.6100547Z [36;1m  BEFORE=$(getAvailableSpace)[0m
2025-09-20T21:18:27.6100798Z [36;1m[0m
2025-09-20T21:18:27.6101163Z [36;1m  # https://github.community/t/bigger-github-hosted-runners-disk-space/17267/11[0m
2025-09-20T21:18:27.6101613Z [36;1m  sudo rm -rf /usr/share/dotnet || true[0m
2025-09-20T21:18:27.6101894Z [36;1m  [0m
2025-09-20T21:18:27.6102106Z [36;1m  AFTER=$(getAvailableSpace)[0m
2025-09-20T21:18:27.6102525Z [36;1m  SAVED=$((AFTER-BEFORE))[0m
2025-09-20T21:18:27.6102818Z [36;1m  printSavedSpace $SAVED ".NET runtime"[0m
2025-09-20T21:18:27.6103092Z [36;1mfi[0m
2025-09-20T21:18:27.6103279Z [36;1m[0m
2025-09-20T21:18:27.6103481Z [36;1m# Option: Remove Haskell runtime[0m
2025-09-20T21:18:27.6103749Z [36;1m[0m
2025-09-20T21:18:27.6103942Z [36;1mif [[ true == 'true' ]]; then[0m
2025-09-20T21:18:27.6104220Z [36;1m  BEFORE=$(getAvailableSpace)[0m
2025-09-20T21:18:27.6104472Z [36;1m[0m
2025-09-20T21:18:27.6104682Z [36;1m  sudo rm -rf /opt/ghc || true[0m
2025-09-20T21:18:27.6105136Z [36;1m  sudo rm -rf /usr/local/.ghcup || true[0m
2025-09-20T21:18:27.6105413Z [36;1m  [0m
2025-09-20T21:18:27.6105629Z [36;1m  AFTER=$(getAvailableSpace)[0m
2025-09-20T21:18:27.6171561Z [36;1m  SAVED=$((AFTER-BEFORE))[0m
2025-09-20T21:18:27.6171998Z [36;1m  printSavedSpace $SAVED "Haskell runtime"[0m
2025-09-20T21:18:27.6172372Z [36;1mfi[0m
2025-09-20T21:18:27.6172637Z [36;1m[0m
2025-09-20T21:18:27.6172912Z [36;1m# Option: Remove large packages[0m
2025-09-20T21:18:27.6173507Z [36;1m# REF: https://github.com/apache/flink/blob/master/tools/azure-pipelines/free_disk_space.sh[0m
2025-09-20T21:18:27.6174013Z [36;1m[0m
2025-09-20T21:18:27.6174435Z [36;1mif [[ true == 'true' ]]; then[0m
2025-09-20T21:18:27.6174738Z [36;1m  BEFORE=$(getAvailableSpace)[0m
2025-09-20T21:18:27.6175294Z [36;1m  [0m
2025-09-20T21:18:27.6175855Z [36;1m  sudo apt-get remove -y '^aspnetcore-.*' || echo "::warning::The command [sudo apt-get remove -y '^aspnetcore-.*'] failed to complete successfully. Proceeding..."[0m
2025-09-20T21:18:27.6176866Z [36;1m  sudo apt-get remove -y '^dotnet-.*' --fix-missing || echo "::warning::The command [sudo apt-get remove -y '^dotnet-.*' --fix-missing] failed to complete successfully. Proceeding..."[0m
2025-09-20T21:18:27.6177879Z [36;1m  sudo apt-get remove -y '^llvm-.*' --fix-missing || echo "::warning::The command [sudo apt-get remove -y '^llvm-.*' --fix-missing] failed to complete successfully. Proceeding..."[0m
2025-09-20T21:18:27.6178856Z [36;1m  sudo apt-get remove -y 'php.*' --fix-missing || echo "::warning::The command [sudo apt-get remove -y 'php.*' --fix-missing] failed to complete successfully. Proceeding..."[0m
2025-09-20T21:18:27.6179858Z [36;1m  sudo apt-get remove -y '^mongodb-.*' --fix-missing || echo "::warning::The command [sudo apt-get remove -y '^mongodb-.*' --fix-missing] failed to complete successfully. Proceeding..."[0m
2025-09-20T21:18:27.6180861Z [36;1m  sudo apt-get remove -y '^mysql-.*' --fix-missing || echo "::warning::The command [sudo apt-get remove -y '^mysql-.*' --fix-missing] failed to complete successfully. Proceeding..."[0m
2025-09-20T21:18:27.6182314Z [36;1m  sudo apt-get remove -y azure-cli google-chrome-stable firefox powershell mono-devel libgl1-mesa-dri --fix-missing || echo "::warning::The command [sudo apt-get remove -y azure-cli google-chrome-stable firefox powershell mono-devel libgl1-mesa-dri --fix-missing] failed to complete successfully. Proceeding..."[0m
2025-09-20T21:18:27.6183870Z [36;1m  sudo apt-get remove -y google-cloud-sdk --fix-missing || echo "::debug::The command [sudo apt-get remove -y google-cloud-sdk --fix-missing] failed to complete successfully. Proceeding..."[0m
2025-09-20T21:18:27.6185350Z [36;1m  sudo apt-get remove -y google-cloud-cli --fix-missing || echo "::debug::The command [sudo apt-get remove -y google-cloud-cli --fix-missing] failed to complete successfully. Proceeding..."[0m
2025-09-20T21:18:27.6186350Z [36;1m  sudo apt-get autoremove -y || echo "::warning::The command [sudo apt-get autoremove -y] failed to complete successfully. Proceeding..."[0m
2025-09-20T21:18:27.6187115Z [36;1m  sudo apt-get clean || echo "::warning::The command [sudo apt-get clean] failed to complete successfully. Proceeding..."[0m
2025-09-20T21:18:27.6187596Z [36;1m[0m
2025-09-20T21:18:27.6187814Z [36;1m  AFTER=$(getAvailableSpace)[0m
2025-09-20T21:18:27.6188092Z [36;1m  SAVED=$((AFTER-BEFORE))[0m
2025-09-20T21:18:27.6188587Z [36;1m  printSavedSpace $SAVED "Large misc. packages"[0m
2025-09-20T21:18:27.6188890Z [36;1mfi[0m
2025-09-20T21:18:27.6189090Z [36;1m[0m
2025-09-20T21:18:27.6189307Z [36;1m# Option: Remove Docker images[0m
2025-09-20T21:18:27.6189569Z [36;1m[0m
2025-09-20T21:18:27.6189781Z [36;1mif [[ true == 'true' ]]; then[0m
2025-09-20T21:18:27.6190060Z [36;1m  BEFORE=$(getAvailableSpace)[0m
2025-09-20T21:18:27.6190324Z [36;1m[0m
2025-09-20T21:18:27.6190568Z [36;1m  sudo docker image prune --all --force || true[0m
2025-09-20T21:18:27.6190883Z [36;1m[0m
2025-09-20T21:18:27.6191101Z [36;1m  AFTER=$(getAvailableSpace)[0m
2025-09-20T21:18:27.6191387Z [36;1m  SAVED=$((AFTER-BEFORE))[0m
2025-09-20T21:18:27.6191690Z [36;1m  printSavedSpace $SAVED "Docker images"[0m
2025-09-20T21:18:27.6191976Z [36;1mfi[0m
2025-09-20T21:18:27.6192172Z [36;1m[0m
2025-09-20T21:18:27.6192374Z [36;1m# Option: Remove tool cache[0m
2025-09-20T21:18:27.6192839Z [36;1m# REF: https://github.com/actions/virtual-environments/issues/2875#issuecomment-1163392159[0m
2025-09-20T21:18:27.6193287Z [36;1m[0m
2025-09-20T21:18:27.6193505Z [36;1mif [[ false == 'true' ]]; then[0m
2025-09-20T21:18:27.6193792Z [36;1m  BEFORE=$(getAvailableSpace)[0m
2025-09-20T21:18:27.6194058Z [36;1m[0m
2025-09-20T21:18:27.6194417Z [36;1m  sudo rm -rf "$AGENT_TOOLSDIRECTORY" || true[0m
2025-09-20T21:18:27.6194710Z [36;1m  [0m
2025-09-20T21:18:27.6195060Z [36;1m  AFTER=$(getAvailableSpace)[0m
2025-09-20T21:18:27.6195339Z [36;1m  SAVED=$((AFTER-BEFORE))[0m
2025-09-20T21:18:27.6195630Z [36;1m  printSavedSpace $SAVED "Tool cache"[0m
2025-09-20T21:18:27.6195905Z [36;1mfi[0m
2025-09-20T21:18:27.6196102Z [36;1m[0m
2025-09-20T21:18:27.6196318Z [36;1m# Option: Remove Swap storage[0m
2025-09-20T21:18:27.6196583Z [36;1m[0m
2025-09-20T21:18:27.6196790Z [36;1mif [[ true == 'true' ]]; then[0m
2025-09-20T21:18:27.6197059Z [36;1m  BEFORE=$(getAvailableSpace)[0m
2025-09-20T21:18:27.6197318Z [36;1m[0m
2025-09-20T21:18:27.6197526Z [36;1m  sudo swapoff -a || true[0m
2025-09-20T21:18:27.6197812Z [36;1m  sudo rm -f /mnt/swapfile || true[0m
2025-09-20T21:18:27.6198084Z [36;1m  free -h[0m
2025-09-20T21:18:27.6198295Z [36;1m  [0m
2025-09-20T21:18:27.6198505Z [36;1m  AFTER=$(getAvailableSpace)[0m
2025-09-20T21:18:27.6198803Z [36;1m  SAVED=$((AFTER-BEFORE))[0m
2025-09-20T21:18:27.6199097Z [36;1m  printSavedSpace $SAVED "Swap storage"[0m
2025-09-20T21:18:27.6199386Z [36;1mfi[0m
2025-09-20T21:18:27.6199576Z [36;1m[0m
2025-09-20T21:18:27.6199768Z [36;1m[0m
2025-09-20T21:18:27.6199948Z [36;1m[0m
2025-09-20T21:18:27.6200159Z [36;1m# Output saved space statistic[0m
2025-09-20T21:18:27.6200417Z [36;1m[0m
2025-09-20T21:18:27.6200639Z [36;1mAVAILABLE_END=$(getAvailableSpace)[0m
2025-09-20T21:18:27.6200961Z [36;1mAVAILABLE_ROOT_END=$(getAvailableSpace '/')[0m
2025-09-20T21:18:27.6201251Z [36;1m[0m
2025-09-20T21:18:27.6201436Z [36;1mecho ""[0m
2025-09-20T21:18:27.6201663Z [36;1mprintDH "AFTER CLEAN-UP:"[0m
2025-09-20T21:18:27.6201917Z [36;1m[0m
2025-09-20T21:18:27.6202098Z [36;1mecho ""[0m
2025-09-20T21:18:27.6202298Z [36;1mecho ""[0m
2025-09-20T21:18:27.6202493Z [36;1m[0m
2025-09-20T21:18:27.6202698Z [36;1mecho "/dev/root:"[0m
2025-09-20T21:18:27.6203050Z [36;1mprintSavedSpace $((AVAILABLE_ROOT_END - AVAILABLE_ROOT_INITIAL))[0m
2025-09-20T21:18:27.6203436Z [36;1mecho "overall:"[0m
2025-09-20T21:18:27.6203749Z [36;1mprintSavedSpace $((AVAILABLE_END - AVAILABLE_INITIAL))[0m
2025-09-20T21:18:27.6266483Z shell: /usr/bin/bash --noprofile --norc -e -o pipefail {0}
2025-09-20T21:18:27.6266891Z env:
2025-09-20T21:18:27.6267112Z   CARGO_TERM_COLOR: always
2025-09-20T21:18:27.6267383Z   RUST_BACKTRACE: full
2025-09-20T21:18:27.6267624Z   RUST_MIN_STACK: 40971520
2025-09-20T21:18:27.6267873Z   RUST_LOG: citadel=warn
2025-09-20T21:18:27.6268107Z   IN_CI: true
2025-09-20T21:18:27.6268333Z   NAT_TYPE_CLIENT_A: port_restricted
2025-09-20T21:18:27.6268606Z ##[endgroup]
2025-09-20T21:18:27.6492700Z ================================================================================
2025-09-20T21:18:27.6493354Z BEFORE CLEAN-UP:
2025-09-20T21:18:27.6493551Z 
2025-09-20T21:18:27.6493662Z $ dh -h /
2025-09-20T21:18:27.6493798Z 
2025-09-20T21:18:27.6502376Z Filesystem      Size  Used Avail Use% Mounted on
2025-09-20T21:18:27.6503010Z /dev/root        72G   46G   27G  64% /
2025-09-20T21:18:27.6503876Z $ dh -a /
2025-09-20T21:18:27.6504084Z 
2025-09-20T21:18:27.6514023Z Filesystem     1K-blocks     Used Available Use% Mounted on
2025-09-20T21:18:27.6514634Z /dev/root       75085112 47603244  27465484  64% /
2025-09-20T21:18:27.6515704Z $ dh -a
2025-09-20T21:18:27.6515919Z 
2025-09-20T21:18:27.6527350Z Filesystem     1K-blocks     Used Available Use% Mounted on
2025-09-20T21:18:27.6527993Z /dev/root       75085112 47603244  27465484  64% /
2025-09-20T21:18:27.6528354Z devtmpfs         8186144        0   8186144   0% /dev
2025-09-20T21:18:27.6528703Z proc                   0        0         0    - /proc
2025-09-20T21:18:27.6529068Z sysfs                  0        0         0    - /sys
2025-09-20T21:18:27.6529437Z securityfs             0        0         0    - /sys/kernel/security
2025-09-20T21:18:27.6529809Z tmpfs            8189736       84   8189652   1% /dev/shm
2025-09-20T21:18:27.6530430Z devpts                 0        0         0    - /dev/pts
2025-09-20T21:18:27.6530784Z tmpfs            3275896     1104   3274792   1% /run
2025-09-20T21:18:27.6531113Z tmpfs               5120        0      5120   0% /run/lock
2025-09-20T21:18:27.6531465Z cgroup2                0        0         0    - /sys/fs/cgroup
2025-09-20T21:18:27.6531823Z pstore                 0        0         0    - /sys/fs/pstore
2025-09-20T21:18:27.6532175Z bpf                    0        0         0    - /sys/fs/bpf
2025-09-20T21:18:27.6532567Z systemd-1              -        -         -    - /proc/sys/fs/binfmt_misc
2025-09-20T21:18:27.6532965Z hugetlbfs              0        0         0    - /dev/hugepages
2025-09-20T21:18:27.6533338Z mqueue                 0        0         0    - /dev/mqueue
2025-09-20T21:18:27.6533693Z debugfs                0        0         0    - /sys/kernel/debug
2025-09-20T21:18:27.6534067Z tracefs                0        0         0    - /sys/kernel/tracing
2025-09-20T21:18:27.6534721Z fusectl                0        0         0    - /sys/fs/fuse/connections
2025-09-20T21:18:27.6535543Z configfs               0        0         0    - /sys/kernel/config
2025-09-20T21:18:27.6536034Z /dev/sda16        901520    60640    777752   8% /boot
2025-09-20T21:18:27.6536404Z /dev/sda15        106832     6250    100582   6% /boot/efi
2025-09-20T21:18:27.6536792Z binfmt_misc            0        0         0    - /proc/sys/fs/binfmt_misc
2025-09-20T21:18:27.6537163Z /dev/sdb1       76829444  4194336  68686668   6% /mnt
2025-09-20T21:18:27.6537518Z tmpfs            1637944       12   1637932   1% /run/user/1001
2025-09-20T21:18:27.6537877Z ================================================================================
2025-09-20T21:18:27.6538104Z 
2025-09-20T21:21:57.2108784Z 
2025-09-20T21:21:57.2117932Z ********************************************************************************
2025-09-20T21:21:57.2236339Z => Android library: Saved 9.3GiB
2025-09-20T21:21:57.2243262Z ********************************************************************************
2025-09-20T21:21:57.2245138Z 
2025-09-20T21:21:57.2386190Z 
2025-09-20T21:21:57.2393058Z ********************************************************************************
2025-09-20T21:21:57.2411364Z => .NET runtime: Saved 0B
2025-09-20T21:21:57.2418197Z ********************************************************************************
2025-09-20T21:21:57.2420327Z 
2025-09-20T21:22:05.8028911Z 
2025-09-20T21:22:05.8035242Z ********************************************************************************
2025-09-20T21:22:05.8052382Z => Haskell runtime: Saved 6.2GiB
2025-09-20T21:22:05.8058910Z ********************************************************************************
2025-09-20T21:22:05.8059796Z 
2025-09-20T21:22:11.2254170Z Reading package lists...
2025-09-20T21:22:11.4259243Z Building dependency tree...
2025-09-20T21:22:11.4318119Z Reading state information...
2025-09-20T21:22:11.6921784Z Package 'aspnetcore-runtime-6.0' is not installed, so not removed
2025-09-20T21:22:11.6922830Z Package 'aspnetcore-targeting-pack-6.0' is not installed, so not removed
2025-09-20T21:22:11.6923816Z Package 'aspnetcore-runtime-dbg-8.0' is not installed, so not removed
2025-09-20T21:22:11.6924559Z The following packages will be REMOVED:
2025-09-20T21:22:11.6929585Z   aspnetcore-runtime-8.0 aspnetcore-targeting-pack-8.0 dotnet-sdk-8.0
2025-09-20T21:22:11.9965313Z 0 upgraded, 0 newly installed, 3 to remove and 6 not upgraded.
2025-09-20T21:22:11.9965963Z After this operation, 350 MB disk space will be freed.
2025-09-20T21:22:12.1727759Z (Reading database ... 
2025-09-20T21:22:12.1728415Z (Reading database ... 5%
2025-09-20T21:22:12.1728787Z (Reading database ... 10%
2025-09-20T21:22:12.1729194Z (Reading database ... 15%
2025-09-20T21:22:12.1729822Z (Reading database ... 20%
2025-09-20T21:22:12.1730189Z (Reading database ... 25%
2025-09-20T21:22:12.1730525Z (Reading database ... 30%
2025-09-20T21:22:12.1730871Z (Reading database ... 35%
2025-09-20T21:22:12.1731191Z (Reading database ... 40%
2025-09-20T21:22:12.1731869Z (Reading database ... 45%
2025-09-20T21:22:12.1732169Z (Reading database ... 50%
2025-09-20T21:22:12.3446755Z (Reading database ... 55%
2025-09-20T21:22:13.1077760Z (Reading database ... 60%
2025-09-20T21:22:13.8677329Z (Reading database ... 65%
2025-09-20T21:22:14.6403183Z (Reading database ... 70%
2025-09-20T21:22:15.3655552Z (Reading database ... 75%
2025-09-20T21:22:16.0975340Z (Reading database ... 80%
2025-09-20T21:22:16.8951875Z (Reading database ... 85%
2025-09-20T21:22:17.7510801Z (Reading database ... 90%
2025-09-20T21:22:18.5589082Z (Reading database ... 95%
2025-09-20T21:22:18.5589630Z (Reading database ... 100%
2025-09-20T21:22:18.5590160Z (Reading database ... 218655 files and directories currently installed.)
2025-09-20T21:22:18.5633848Z Removing dotnet-sdk-8.0 (8.0.119-0ubuntu1~24.04.1) ...
2025-09-20T21:22:22.5905999Z Removing aspnetcore-runtime-8.0 (8.0.19-0ubuntu1~24.04.1) ...
2025-09-20T21:22:22.6225211Z Removing aspnetcore-targeting-pack-8.0 (8.0.19-0ubuntu1~24.04.1) ...
2025-09-20T21:22:24.2251502Z Reading package lists...
2025-09-20T21:22:24.4159488Z Building dependency tree...
2025-09-20T21:22:24.4167536Z Reading state information...
2025-09-20T21:22:24.6858565Z Package 'dotnet-hostfxr-6.0' is not installed, so not removed
2025-09-20T21:22:24.6859573Z Package 'dotnet-runtime-6.0' is not installed, so not removed
2025-09-20T21:22:24.6860484Z Package 'dotnet-sdk-6.0' is not installed, so not removed
2025-09-20T21:22:24.6861544Z Package 'dotnet-targeting-pack-6.0' is not installed, so not removed
2025-09-20T21:22:24.6862687Z Package 'dotnet-templates-6.0' is not installed, so not removed
2025-09-20T21:22:24.6863816Z Package 'dotnet-apphost-pack-6.0' is not installed, so not removed
2025-09-20T21:22:24.6864713Z Package 'dotnet-sdk-8.0' is not installed, so not removed
2025-09-20T21:22:24.6865719Z Package 'dotnet-runtime-dbg-8.0' is not installed, so not removed
2025-09-20T21:22:24.6866672Z Package 'dotnet-sdk-8.0-source-built-artifacts' is not installed, so not removed
2025-09-20T21:22:24.6867634Z Package 'dotnet-sdk-dbg-8.0' is not installed, so not removed
2025-09-20T21:22:24.6868303Z The following packages will be REMOVED:
2025-09-20T21:22:24.6868977Z   dotnet-apphost-pack-8.0 dotnet-host-8.0 dotnet-hostfxr-8.0
2025-09-20T21:22:24.6869834Z   dotnet-runtime-8.0 dotnet-targeting-pack-8.0 dotnet-templates-8.0
2025-09-20T21:22:24.9418641Z 0 upgraded, 0 newly installed, 6 to remove and 6 not upgraded.
2025-09-20T21:22:24.9419247Z After this operation, 125 MB disk space will be freed.
2025-09-20T21:22:24.9598343Z (Reading database ... 
2025-09-20T21:22:24.9598810Z (Reading database ... 5%
2025-09-20T21:22:24.9599216Z (Reading database ... 10%
2025-09-20T21:22:24.9599588Z (Reading database ... 15%
2025-09-20T21:22:24.9600237Z (Reading database ... 20%
2025-09-20T21:22:24.9600620Z (Reading database ... 25%
2025-09-20T21:22:24.9600988Z (Reading database ... 30%
2025-09-20T21:22:24.9602939Z (Reading database ... 35%
2025-09-20T21:22:24.9603338Z (Reading database ... 40%
2025-09-20T21:22:24.9603726Z (Reading database ... 45%
2025-09-20T21:22:24.9604110Z (Reading database ... 50%
2025-09-20T21:22:24.9695073Z (Reading database ... 55%
2025-09-20T21:22:24.9723078Z (Reading database ... 60%
2025-09-20T21:22:24.9750611Z (Reading database ... 65%
2025-09-20T21:22:24.9782811Z (Reading database ... 70%
2025-09-20T21:22:24.9800375Z (Reading database ... 75%
2025-09-20T21:22:24.9820818Z (Reading database ... 80%
2025-09-20T21:22:24.9984513Z (Reading database ... 85%
2025-09-20T21:22:25.0228833Z (Reading database ... 90%
2025-09-20T21:22:25.0310527Z (Reading database ... 95%
2025-09-20T21:22:25.0310902Z (Reading database ... 100%
2025-09-20T21:22:25.0311386Z (Reading database ... 214778 files and directories currently installed.)
2025-09-20T21:22:25.0353048Z Removing dotnet-apphost-pack-8.0 (8.0.19-0ubuntu1~24.04.1) ...
2025-09-20T21:22:25.0848719Z Removing dotnet-runtime-8.0 (8.0.19-0ubuntu1~24.04.1) ...
2025-09-20T21:22:25.1199590Z Removing dotnet-hostfxr-8.0 (8.0.19-0ubuntu1~24.04.1) ...
2025-09-20T21:22:25.1402348Z Removing dotnet-templates-8.0 (8.0.119-0ubuntu1~24.04.1) ...
2025-09-20T21:22:25.1682328Z Removing dotnet-host-8.0 (8.0.19-0ubuntu1~24.04.1) ...
2025-09-20T21:22:25.9855887Z Removing dotnet-targeting-pack-8.0 (8.0.19-0ubuntu1~24.04.1) ...
2025-09-20T21:22:26.1581259Z Processing triggers for man-db (2.12.0-4build2) ...
2025-09-20T21:24:04.9573046Z Reading package lists...
2025-09-20T21:24:05.1283562Z Building dependency tree...
2025-09-20T21:24:05.1291152Z Reading state information...
2025-09-20T21:24:05.3609968Z Package 'llvm-14-linker-tools' is not installed, so not removed
2025-09-20T21:24:05.3611041Z Package 'llvm-14-dev' is not installed, so not removed
2025-09-20T21:24:05.3611852Z Package 'llvm-15-linker-tools' is not installed, so not removed
2025-09-20T21:24:05.3612562Z Package 'llvm-15-dev' is not installed, so not removed
2025-09-20T21:24:05.3613147Z Package 'llvm-15' is not installed, so not removed
2025-09-20T21:24:05.3613812Z Package 'llvm-dev' is not installed, so not removed
2025-09-20T21:24:05.3614387Z Package 'llvm-14-doc' is not installed, so not removed
2025-09-20T21:24:05.3615177Z Package 'llvm-15-doc' is not installed, so not removed
2025-09-20T21:24:05.3615747Z Package 'llvm-16-doc' is not installed, so not removed
2025-09-20T21:24:05.3616344Z Package 'llvm-17-doc' is not installed, so not removed
2025-09-20T21:24:05.3616947Z Package 'llvm-18-doc' is not installed, so not removed
2025-09-20T21:24:05.3617580Z Package 'llvm-runtime' is not installed, so not removed
2025-09-20T21:24:05.3618237Z Package 'llvm-14' is not installed, so not removed
2025-09-20T21:24:05.3618858Z Package 'llvm-14-runtime' is not installed, so not removed
2025-09-20T21:24:05.3619486Z Package 'llvm-14-tools' is not installed, so not removed
2025-09-20T21:24:05.3620198Z Package 'llvm-14-examples' is not installed, so not removed
2025-09-20T21:24:05.3620931Z Package 'llvm-15-runtime' is not installed, so not removed
2025-09-20T21:24:05.3621567Z Package 'llvm-15-tools' is not installed, so not removed
2025-09-20T21:24:05.3622197Z Package 'llvm-15-examples' is not installed, so not removed
2025-09-20T21:24:05.3622853Z Package 'llvm-16-examples' is not installed, so not removed
2025-09-20T21:24:05.3623502Z Package 'llvm-17-examples' is not installed, so not removed
2025-09-20T21:24:05.3624118Z Package 'llvm-18-examples' is not installed, so not removed
2025-09-20T21:24:05.3624709Z Package 'llvm-bolt' is not installed, so not removed
2025-09-20T21:24:05.3625471Z Package 'llvm-spirv-14' is not installed, so not removed
2025-09-20T21:24:05.3626115Z Package 'llvm-spirv-15' is not installed, so not removed
2025-09-20T21:24:05.3626725Z Package 'llvm-spirv-16' is not installed, so not removed
2025-09-20T21:24:05.3627706Z Package 'llvm-spirv-17' is not installed, so not removed
2025-09-20T21:24:05.3628285Z Package 'llvm-spirv-18' is not installed, so not removed
2025-09-20T21:24:05.3628852Z Package 'llvm-19-dev' is not installed, so not removed
2025-09-20T21:24:05.3629436Z Package 'llvm-20-dev' is not installed, so not removed
2025-09-20T21:24:05.3630051Z Package 'llvm-19-linker-tools' is not installed, so not removed
2025-09-20T21:24:05.3630721Z Package 'llvm-20-linker-tools' is not installed, so not removed
2025-09-20T21:24:05.3631323Z Package 'llvm-19-doc' is not installed, so not removed
2025-09-20T21:24:05.3631921Z Package 'llvm-20-doc' is not installed, so not removed
2025-09-20T21:24:05.3632504Z Package 'llvm-19' is not installed, so not removed
2025-09-20T21:24:05.3633092Z Package 'llvm-19-runtime' is not installed, so not removed
2025-09-20T21:24:05.3633736Z Package 'llvm-19-tools' is not installed, so not removed
2025-09-20T21:24:05.3634351Z Package 'llvm-19-examples' is not installed, so not removed
2025-09-20T21:24:05.3635058Z Package 'llvm-20' is not installed, so not removed
2025-09-20T21:24:05.3635599Z Package 'llvm-20-runtime' is not installed, so not removed
2025-09-20T21:24:05.3636188Z Package 'llvm-20-tools' is not installed, so not removed
2025-09-20T21:24:05.3636801Z Package 'llvm-20-examples' is not installed, so not removed
2025-09-20T21:24:05.3637654Z Package 'llvm-spirv-19' is not installed, so not removed
2025-09-20T21:24:05.3638239Z Package 'llvm-spirv-20' is not installed, so not removed
2025-09-20T21:24:05.3638774Z The following packages will be REMOVED:
2025-09-20T21:24:05.3639393Z   clang-16 clang-17 clang-18 clang-tidy-16 clang-tidy-17 clang-tidy-18
2025-09-20T21:24:05.3640128Z   clang-tools-16 clang-tools-17 clang-tools-18 llvm-16 llvm-16-dev
2025-09-20T21:24:05.3640899Z   llvm-16-linker-tools llvm-16-runtime llvm-16-tools llvm-17 llvm-17-dev
2025-09-20T21:24:05.3641624Z   llvm-17-linker-tools llvm-17-runtime llvm-17-tools llvm-18 llvm-18-dev
2025-09-20T21:24:05.3642236Z   llvm-18-linker-tools llvm-18-runtime llvm-18-tools
2025-09-20T21:24:05.6135573Z 0 upgraded, 0 newly installed, 24 to remove and 6 not upgraded.
2025-09-20T21:24:05.6136006Z After this operation, 1575 MB disk space will be freed.
2025-09-20T21:24:05.6323815Z (Reading database ... 
2025-09-20T21:24:05.6324275Z (Reading database ... 5%
2025-09-20T21:24:05.6324594Z (Reading database ... 10%
2025-09-20T21:24:05.6325088Z (Reading database ... 15%
2025-09-20T21:24:05.6325508Z (Reading database ... 20%
2025-09-20T21:24:05.6325957Z (Reading database ... 25%
2025-09-20T21:24:05.6326396Z (Reading database ... 30%
2025-09-20T21:24:05.6326832Z (Reading database ... 35%
2025-09-20T21:24:05.6327236Z (Reading database ... 40%
2025-09-20T21:24:05.6327689Z (Reading database ... 45%
2025-09-20T21:24:05.6328135Z (Reading database ... 50%
2025-09-20T21:24:05.6425453Z (Reading database ... 55%
2025-09-20T21:24:05.6453778Z (Reading database ... 60%
2025-09-20T21:24:05.6481966Z (Reading database ... 65%
2025-09-20T21:24:05.6514281Z (Reading database ... 70%
2025-09-20T21:24:05.6532132Z (Reading database ... 75%
2025-09-20T21:24:05.6552675Z (Reading database ... 80%
2025-09-20T21:24:05.6712141Z (Reading database ... 85%
2025-09-20T21:24:05.6953568Z (Reading database ... 90%
2025-09-20T21:24:05.7028933Z (Reading database ... 95%
2025-09-20T21:24:05.7029373Z (Reading database ... 100%
2025-09-20T21:24:05.7029798Z (Reading database ... 214123 files and directories currently installed.)
2025-09-20T21:24:05.7070299Z Removing clang-tidy-16 (1:16.0.6-23ubuntu4) ...
2025-09-20T21:24:05.7547823Z Removing clang-tools-16 (1:16.0.6-23ubuntu4) ...
2025-09-20T21:24:05.8803489Z Removing clang-16 (1:16.0.6-23ubuntu4) ...
2025-09-20T21:24:05.9177360Z Removing clang-tidy-17 (1:17.0.6-9ubuntu1) ...
2025-09-20T21:24:05.9709296Z Removing clang-tools-17 (1:17.0.6-9ubuntu1) ...
2025-09-20T21:24:06.1085958Z Removing clang-17 (1:17.0.6-9ubuntu1) ...
2025-09-20T21:24:06.1423369Z Removing clang-tidy-18 (1:18.1.3-1ubuntu1) ...
2025-09-20T21:24:06.1690690Z Removing clang-tools-18 (1:18.1.3-1ubuntu1) ...
2025-09-20T21:24:06.2973911Z Removing clang-18 (1:18.1.3-1ubuntu1) ...
2025-09-20T21:24:06.3329968Z Removing llvm-16-dev (1:16.0.6-23ubuntu4) ...
2025-09-20T21:24:07.0233997Z Removing llvm-16 (1:16.0.6-23ubuntu4) ...
2025-09-20T21:24:07.0578186Z Removing llvm-16-linker-tools (1:16.0.6-23ubuntu4) ...
2025-09-20T21:24:07.0875027Z Removing llvm-16-runtime (1:16.0.6-23ubuntu4) ...
2025-09-20T21:24:07.1230516Z Removing llvm-16-tools (1:16.0.6-23ubuntu4) ...
2025-09-20T21:24:07.6389664Z Removing llvm-17-dev (1:17.0.6-9ubuntu1) ...
2025-09-20T21:24:08.3408890Z Removing llvm-17 (1:17.0.6-9ubuntu1) ...
2025-09-20T21:24:08.3777364Z Removing llvm-17-linker-tools (1:17.0.6-9ubuntu1) ...
2025-09-20T21:24:08.4061586Z Removing llvm-17-runtime (1:17.0.6-9ubuntu1) ...
2025-09-20T21:24:08.4386457Z Removing llvm-17-tools (1:17.0.6-9ubuntu1) ...
2025-09-20T21:24:09.0306252Z Removing llvm-18-dev (1:18.1.3-1ubuntu1) ...
2025-09-20T21:24:09.7689925Z Removing llvm-18 (1:18.1.3-1ubuntu1) ...
2025-09-20T21:24:09.8056638Z Removing llvm-18-linker-tools (1:18.1.3-1ubuntu1) ...
2025-09-20T21:24:09.8325564Z Removing llvm-18-runtime (1:18.1.3-1ubuntu1) ...
2025-09-20T21:24:09.8668149Z Removing llvm-18-tools (1:18.1.3-1ubuntu1) ...
2025-09-20T21:24:10.4626232Z Processing triggers for systemd (255.4-1ubuntu8.10) ...
2025-09-20T21:24:10.4936501Z Processing triggers for man-db (2.12.0-4build2) ...
2025-09-20T21:24:14.2672114Z Processing triggers for libc-bin (2.39-0ubuntu8.5) ...
2025-09-20T21:24:17.2058063Z Reading package lists...
2025-09-20T21:24:17.3890240Z Building dependency tree...
2025-09-20T21:24:17.3898147Z Reading state information...
2025-09-20T21:24:17.5071954Z Package 'php-lua' is not installed, so not removed
2025-09-20T21:24:17.5072985Z Package 'php-mysqlnd-ms' is not installed, so not removed
2025-09-20T21:24:17.5073610Z Package 'php-radius' is not installed, so not removed
2025-09-20T21:24:17.5074201Z Package 'php5.6-common' is not installed, so not removed
2025-09-20T21:24:17.5074777Z Package 'php5.6-json' is not installed, so not removed
2025-09-20T21:24:17.5075615Z Package 'php7.0-common' is not installed, so not removed
2025-09-20T21:24:17.5076198Z Package 'php7.1-common' is not installed, so not removed
2025-09-20T21:24:17.5076772Z Package 'php7.2-common' is not installed, so not removed
2025-09-20T21:24:17.5077486Z Package 'php7.3-common' is not installed, so not removed
2025-09-20T21:24:17.5078276Z Package 'php7.4-common' is not installed, so not removed
2025-09-20T21:24:17.5078852Z Package 'php8.0-common' is not installed, so not removed
2025-09-20T21:24:17.5079543Z Package 'php8.1-common' is not installed, so not removed
2025-09-20T21:24:17.5080163Z Package 'php8.2-common' is not installed, so not removed
2025-09-20T21:24:17.5080679Z Package 'php-pear-frontend-gtk' is not installed, so not removed
2025-09-20T21:24:17.5081598Z Package 'php-pear-frontend-web' is not installed, so not removed
2025-09-20T21:24:17.5082305Z Package 'php7.0-curl' is not installed, so not removed
2025-09-20T21:24:17.5083074Z Package 'php7.2-sodium' is not installed, so not removed
2025-09-20T21:24:17.5083866Z Package 'php5' is not installed, so not removed
2025-09-20T21:24:17.5084515Z Package 'php5-cli' is not installed, so not removed
2025-09-20T21:24:17.5085461Z Package 'php5-pgsql' is not installed, so not removed
2025-09-20T21:24:17.5086198Z Package 'php5-curl' is not installed, so not removed
2025-09-20T21:24:17.5086934Z Package 'php5-ldap' is not installed, so not removed
2025-09-20T21:24:17.5087723Z Package 'gosa-plugin-phpgw' is not installed, so not removed
2025-09-20T21:24:17.5088651Z Package 'gosa-plugin-phpgw-schema' is not installed, so not removed
2025-09-20T21:24:17.5089657Z Package 'gosa-plugin-phpscheduleit' is not installed, so not removed
2025-09-20T21:24:17.5090523Z Package 'gosa-plugin-phpscheduleit-schema' is not installed, so not removed
2025-09-20T21:24:17.5091232Z Package 'php-apc' is not installed, so not removed
2025-09-20T21:24:17.5091792Z Package 'php-suhosin' is not installed, so not removed
2025-09-20T21:24:17.5092735Z Package 'php5-mysql' is not installed, so not removed
2025-09-20T21:24:17.5093314Z Package 'libsparkline-php' is not installed, so not removed
2025-09-20T21:24:17.5093944Z Package 'libapache2-mod-php5' is not installed, so not removed
2025-09-20T21:24:17.5094611Z Package 'php5-fpm' is not installed, so not removed
2025-09-20T21:24:17.5095265Z Package 'libgv-php5' is not installed, so not removed
2025-09-20T21:24:17.5095816Z Package 'php-greew-oauth2-azure-provider' is not installed, so not removed
2025-09-20T21:24:17.5096488Z Package 'php-hayageek-oauth2-yahoo' is not installed, so not removed
2025-09-20T21:24:17.5097137Z Package 'php-league-oauth2-google' is not installed, so not removed
2025-09-20T21:24:17.5097801Z Package 'php-thenetworg-oauth2-azure' is not installed, so not removed
2025-09-20T21:24:17.5098417Z Package 'phpphylotree' is not installed, so not removed
2025-09-20T21:24:17.5099080Z Package 'php-http-request2' is not installed, so not removed
2025-09-20T21:24:17.5099512Z Package 'php-xcache' is not installed, so not removed
2025-09-20T21:24:17.5099883Z Package 'php-async-aws-s3' is not installed, so not removed
2025-09-20T21:24:17.5100270Z Package 'php-paragonie-random-compat' is not installed, so not removed
2025-09-20T21:24:17.5100669Z Package 'php-console-color2' is not installed, so not removed
2025-09-20T21:24:17.5101259Z Package 'php-doctrine-phpcr-odm' is not installed, so not removed
2025-09-20T21:24:17.5101679Z Package 'php-alcaeus-mongo-php-adapter' is not installed, so not removed
2025-09-20T21:24:17.5102106Z Package 'php-doctrine-mongodb-odm' is not installed, so not removed
2025-09-20T21:24:17.5102517Z Package 'php-mtdowling-cron-expression' is not installed, so not removed
2025-09-20T21:24:17.5102905Z Package 'php-semsol-arc2' is not installed, so not removed
2025-09-20T21:24:17.5103255Z Package 'php-fzaninotto-faker' is not installed, so not removed
2025-09-20T21:24:17.5103586Z Package 'php7.4' is not installed, so not removed
2025-09-20T21:24:17.5103879Z Package 'php7.4-cli' is not installed, so not removed
2025-09-20T21:24:17.5104197Z Package 'php-com-dotnet' is not installed, so not removed
2025-09-20T21:24:17.5104509Z Package 'php-rar' is not installed, so not removed
2025-09-20T21:24:17.5105091Z Package 'php-laminas-httphandlerrunner' is not installed, so not removed
2025-09-20T21:24:17.5105544Z Package 'php-cordoval-hamcrest-php' is not installed, so not removed
2025-09-20T21:24:17.5105988Z Package 'php-davedevelopment-hamcrest-php' is not installed, so not removed
2025-09-20T21:24:17.5106427Z Package 'php-kodova-hamcrest-php' is not installed, so not removed
2025-09-20T21:24:17.5106832Z Package 'php-league-flysystem-sftp' is not installed, so not removed
2025-09-20T21:24:17.5107305Z Package 'php-league-flysystem-eventable-filesystem' is not installed, so not removed
2025-09-20T21:24:17.5107796Z Package 'php-league-flysystem-rackspace' is not installed, so not removed
2025-09-20T21:24:17.5108220Z Package 'php-league-flysystem-azure' is not installed, so not removed
2025-09-20T21:24:17.5108642Z Package 'php-league-flysystem-webdav' is not installed, so not removed
2025-09-20T21:24:17.5109063Z Package 'php-league-flysystem-aws-s3-v2' is not installed, so not removed
2025-09-20T21:24:17.5109504Z Package 'php-league-flysystem-aws-s3-v3' is not installed, so not removed
2025-09-20T21:24:17.5109940Z Package 'php-spatie-flysystem-dropbox' is not installed, so not removed
2025-09-20T21:24:17.5110386Z Package 'php-srmklive-flysystem-dropbox-v2' is not installed, so not removed
2025-09-20T21:24:17.5110860Z Package 'php-league-flysystem-cached-adapter' is not installed, so not removed
2025-09-20T21:24:17.5111324Z Package 'php-league-flysystem-ziparchive' is not installed, so not removed
2025-09-20T21:24:17.5111743Z Package 'php-league-uri-schemes' is not installed, so not removed
2025-09-20T21:24:17.5112171Z Package 'php-jeremykendall-php-domain-parser' is not installed, so not removed
2025-09-20T21:24:17.5112582Z Package 'php-php-64bit' is not installed, so not removed
2025-09-20T21:24:17.5113039Z Package 'php-sqlite' is not installed, so not removed
2025-09-20T21:24:17.5113335Z Package 'php-lzf' is not installed, so not removed
2025-09-20T21:24:17.5113636Z Package 'php-pnctl' is not installed, so not removed
2025-09-20T21:24:17.5113966Z Package 'php-mdb2-driver-fbsql' is not installed, so not removed
2025-09-20T21:24:17.5114340Z Package 'php-mdb2-driver-ibase' is not installed, so not removed
2025-09-20T21:24:17.5114697Z Package 'php-mdb2-driver-mssql' is not installed, so not removed
2025-09-20T21:24:17.5115331Z Package 'php-mdb2-driver-mysqli' is not installed, so not removed
2025-09-20T21:24:17.5115711Z Package 'php-mdb2-driver-oci8' is not installed, so not removed
2025-09-20T21:24:17.5116068Z Package 'php-mdb2-driver-odbc' is not installed, so not removed
2025-09-20T21:24:17.5116445Z Package 'php-mdb2-driver-querysim' is not installed, so not removed
2025-09-20T21:24:17.5116828Z Package 'php-mdb2-driver-sqlite' is not installed, so not removed
2025-09-20T21:24:17.5117211Z Package 'php-mdb2-driver-sqlsrv' is not installed, so not removed
2025-09-20T21:24:17.5117616Z Package 'php-barnabywalters-mf-cleaner' is not installed, so not removed
2025-09-20T21:24:17.5118022Z Package 'php-graylog2-gelf-php' is not installed, so not removed
2025-09-20T21:24:17.5118521Z Package 'php-doctrine-couchdb' is not installed, so not removed
2025-09-20T21:24:17.5118902Z Package 'php-ruflin-elastica' is not installed, so not removed
2025-09-20T21:24:17.5119257Z Package 'php-elasticsearch' is not installed, so not removed
2025-09-20T21:24:17.5119600Z Package 'php-aws-sdk-php' is not installed, so not removed
2025-09-20T21:24:17.5119924Z Package 'php-rollbar' is not installed, so not removed
2025-09-20T21:24:17.5120247Z Package 'php-nette-finder' is not installed, so not removed
2025-09-20T21:24:17.5120570Z Package 'php-dbase' is not installed, so not removed
2025-09-20T21:24:17.5120879Z Package 'php-libsodium' is not installed, so not removed
2025-09-20T21:24:17.5121189Z Package 'php-relay' is not installed, so not removed
2025-09-20T21:24:17.5121542Z Package 'php-ocramius-proxy-manager' is not installed, so not removed
2025-09-20T21:24:17.5121973Z Package 'php-zendframework-zend-stdlib' is not installed, so not removed
2025-09-20T21:24:17.5122361Z Package 'php-rhumsaa-uuid' is not installed, so not removed
2025-09-20T21:24:17.5122731Z Package 'php-paragonie-random-lib' is not installed, so not removed
2025-09-20T21:24:17.5123125Z Package 'php-ramsey-uuid-doctrine' is not installed, so not removed
2025-09-20T21:24:17.5123492Z Package 'php-crypt-blowfish' is not installed, so not removed
2025-09-20T21:24:17.5123832Z Package 'php-compat' is not installed, so not removed
2025-09-20T21:24:17.5124134Z Package 'libssh2-php' is not installed, so not removed
2025-09-20T21:24:17.5124479Z Package 'php-php-http-discovery' is not installed, so not removed
2025-09-20T21:24:17.5125075Z Package 'php-symfony-security-guard' is not installed, so not removed
2025-09-20T21:24:17.5125467Z Package 'php-numbers-words' is not installed, so not removed
2025-09-20T21:24:17.5125806Z Package 'php7.0-thrift' is not installed, so not removed
2025-09-20T21:24:17.5126119Z Package 'php7.2-thrift' is not installed, so not removed
2025-09-20T21:24:17.5126435Z Package 'php-net-idna' is not installed, so not removed
2025-09-20T21:24:17.5126748Z Package 'php-phpstan' is not installed, so not removed
2025-09-20T21:24:17.5127073Z Package 'php-vimeo-psalm' is not installed, so not removed
2025-09-20T21:24:17.5127422Z Package 'php-container-interop' is not installed, so not removed
2025-09-20T21:24:17.5127850Z Package 'php-zendframework-zend-eventmanager' is not installed, so not removed
2025-09-20T21:24:17.5128247Z Package 'php-recode' is not installed, so not removed
2025-09-20T21:24:17.5128540Z Package 'php-gd2' is not installed, so not removed
2025-09-20T21:24:17.5128905Z Package 'php-pragmarx-google2fa-qrcode' is not installed, so not removed
2025-09-20T21:24:17.5129332Z Package 'php-bjeavons-zxcvbn-php' is not installed, so not removed
2025-09-20T21:24:17.5129852Z Package 'php-pimlie-php-dkim' is not installed, so not removed
2025-09-20T21:24:17.5130220Z Package 'libapache2-mod-php7.4' is not installed, so not removed
2025-09-20T21:24:17.5130559Z Package 'php7.4-fpm' is not installed, so not removed
2025-09-20T21:24:17.5130873Z Package 'php-crypt-gpg' is not installed, so not removed
2025-09-20T21:24:17.5131205Z Package 'libapache2-mod-php' is not installed, so not removed
2025-09-20T21:24:17.5131571Z Package 'libapache2-mod-php8.3' is not installed, so not removed
2025-09-20T21:24:17.5131900Z Package 'php-json' is not installed, so not removed
2025-09-20T21:24:17.5132183Z Package 'php' is not installed, so not removed
2025-09-20T21:24:17.5132465Z Package 'php-all-dev' is not installed, so not removed
2025-09-20T21:24:17.5132763Z Package 'php-cgi' is not installed, so not removed
2025-09-20T21:24:17.5133048Z Package 'php-cli' is not installed, so not removed
2025-09-20T21:24:17.5133329Z Package 'php-amqp' is not installed, so not removed
2025-09-20T21:24:17.5133623Z Package 'php-apcu' is not installed, so not removed
2025-09-20T21:24:17.5133974Z Package 'php-ast' is not installed, so not removed
2025-09-20T21:24:17.5134413Z Package 'php-ds' is not installed, so not removed
2025-09-20T21:24:17.5135110Z Package 'php-facedetect' is not installed, so not removed
2025-09-20T21:24:17.5135805Z Package 'php-gearman' is not installed, so not removed
2025-09-20T21:24:17.5136115Z Package 'php-gmagick' is not installed, so not removed
2025-09-20T21:24:17.5136418Z Package 'php-gnupg' is not installed, so not removed
2025-09-20T21:24:17.5136724Z Package 'php-igbinary' is not installed, so not removed
2025-09-20T21:24:17.5137026Z Package 'php-imagick' is not installed, so not removed
2025-09-20T21:24:17.5137346Z Package 'php-libvirt-php' is not installed, so not removed
2025-09-20T21:24:17.5137669Z Package 'php-mailparse' is not installed, so not removed
2025-09-20T21:24:17.5137985Z Package 'php-memcache' is not installed, so not removed
2025-09-20T21:24:17.5138297Z Package 'php-memcached' is not installed, so not removed
2025-09-20T21:24:17.5138605Z Package 'php-mongodb' is not installed, so not removed
2025-09-20T21:24:17.5138913Z Package 'php-msgpack' is not installed, so not removed
2025-09-20T21:24:17.5139215Z Package 'php-oauth' is not installed, so not removed
2025-09-20T21:24:17.5139519Z Package 'php-pcov' is not installed, so not removed
2025-09-20T21:24:17.5139806Z Package 'php-ps' is not installed, so not removed
2025-09-20T21:24:17.5140090Z Package 'php-psr' is not installed, so not removed
2025-09-20T21:24:17.5140375Z Package 'php-raphf' is not installed, so not removed
2025-09-20T21:24:17.5140667Z Package 'php-redis' is not installed, so not removed
2025-09-20T21:24:17.5140948Z Package 'php-rrd' is not installed, so not removed
2025-09-20T21:24:17.5141249Z Package 'php-smbclient' is not installed, so not removed
2025-09-20T21:24:17.5141547Z Package 'php-ssh2' is not installed, so not removed
2025-09-20T21:24:17.5141839Z Package 'php-stomp' is not installed, so not removed
2025-09-20T21:24:17.5142143Z Package 'php-tideways' is not installed, so not removed
2025-09-20T21:24:17.5142435Z Package 'php-uopz' is not installed, so not removed
2025-09-20T21:24:17.5142758Z Package 'php-uploadprogress' is not installed, so not removed
2025-09-20T21:24:17.5143079Z Package 'php-uuid' is not installed, so not removed
2025-09-20T21:24:17.5143377Z Package 'php-xdebug' is not installed, so not removed
2025-09-20T21:24:17.5143670Z Package 'php-xmlrpc' is not installed, so not removed
2025-09-20T21:24:17.5143966Z Package 'php-yac' is not installed, so not removed
2025-09-20T21:24:17.5144249Z Package 'php-yaml' is not installed, so not removed
2025-09-20T21:24:17.5144526Z Package 'php-zmq' is not installed, so not removed
2025-09-20T21:24:17.5144814Z Package 'php-curl' is not installed, so not removed
2025-09-20T21:24:17.5145358Z Package 'php-dev' is not installed, so not removed
2025-09-20T21:24:17.5145644Z Package 'php-gd' is not installed, so not removed
2025-09-20T21:24:17.5146053Z Package 'php-gmp' is not installed, so not removed
2025-09-20T21:24:17.5146338Z Package 'php-ldap' is not installed, so not removed
2025-09-20T21:24:17.5146627Z Package 'php-mysql' is not installed, so not removed
2025-09-20T21:24:17.5146911Z Package 'php-odbc' is not installed, so not removed
2025-09-20T21:24:17.5147196Z Package 'php-xml' is not installed, so not removed
2025-09-20T21:24:17.5147479Z Package 'php-pgsql' is not installed, so not removed
2025-09-20T21:24:17.5147782Z Package 'php-pspell' is not installed, so not removed
2025-09-20T21:24:17.5148069Z Package 'php-snmp' is not installed, so not removed
2025-09-20T21:24:17.5148366Z Package 'php-sqlite3' is not installed, so not removed
2025-09-20T21:24:17.5148658Z Package 'php-tidy' is not installed, so not removed
2025-09-20T21:24:17.5148962Z Package 'php-tokenizer' is not installed, so not removed
2025-09-20T21:24:17.5149288Z Package 'pkg-php-tools' is not installed, so not removed
2025-09-20T21:24:17.5149588Z Package 'dh-php' is not installed, so not removed
2025-09-20T21:24:17.5149892Z Package 'php-mbstring' is not installed, so not removed
2025-09-20T21:24:17.5150199Z Package 'php-readline' is not installed, so not removed
2025-09-20T21:24:17.5150497Z Package 'php-fpm' is not installed, so not removed
2025-09-20T21:24:17.5151052Z Package 'php-codesniffer' is not installed, so not removed
2025-09-20T21:24:17.5151675Z Package 'libphp-phpmailer' is not installed, so not removed
2025-09-20T21:24:17.5152370Z Package 'php-phpmyadmin-motranslator' is not installed, so not removed
2025-09-20T21:24:17.5153047Z Package 'php-phpseclib' is not installed, so not removed
2025-09-20T21:24:17.5153465Z Package 'php-twig' is not installed, so not removed
2025-09-20T21:24:17.5153780Z Package 'php-mapscript-ng' is not installed, so not removed
2025-09-20T21:24:17.5154147Z Package 'php-composer-ca-bundle' is not installed, so not removed
2025-09-20T21:24:17.5154562Z Package 'php-composer-class-map-generator' is not installed, so not removed
2025-09-20T21:24:17.5155160Z Package 'php-composer-metadata-minifier' is not installed, so not removed
2025-09-20T21:24:17.5155565Z Package 'php-composer-semver' is not installed, so not removed
2025-09-20T21:24:17.5155954Z Package 'php-composer-spdx-licenses' is not installed, so not removed
2025-09-20T21:24:17.5156377Z Package 'php-composer-xdebug-handler' is not installed, so not removed
2025-09-20T21:24:17.5156760Z Package 'php-json-schema' is not installed, so not removed
2025-09-20T21:24:17.5157086Z Package 'php-psr-log' is not installed, so not removed
2025-09-20T21:24:17.5157413Z Package 'php-symfony-console' is not installed, so not removed
2025-09-20T21:24:17.5157788Z Package 'php-symfony-filesystem' is not installed, so not removed
2025-09-20T21:24:17.5158149Z Package 'php-symfony-finder' is not installed, so not removed
2025-09-20T21:24:17.5158501Z Package 'php-symfony-process' is not installed, so not removed
2025-09-20T21:24:17.5158851Z Package 'php-react-promise' is not installed, so not removed
2025-09-20T21:24:17.5159193Z Package 'php-composer-pcre' is not installed, so not removed
2025-09-20T21:24:17.5159558Z Package 'php-seld-signal-handler' is not installed, so not removed
2025-09-20T21:24:17.5159892Z Package 'php-intl' is not installed, so not removed
2025-09-20T21:24:17.5160180Z Package 'php-zip' is not installed, so not removed
2025-09-20T21:24:17.5160474Z Package 'libawl-php' is not installed, so not removed
2025-09-20T21:24:17.5160797Z Package 'libphp-simplepie' is not installed, so not removed
2025-09-20T21:24:17.5161115Z Package 'php-geshi' is not installed, so not removed
2025-09-20T21:24:17.5161428Z Package 'php-random-compat' is not installed, so not removed
2025-09-20T21:24:17.5161762Z Package 'elpa-php-mode' is not installed, so not removed
2025-09-20T21:24:17.5162057Z Package 'phpunit' is not installed, so not removed
2025-09-20T21:24:17.5162342Z Package 'php-geos' is not installed, so not removed
2025-09-20T21:24:17.5162719Z Package 'golang-github-phpdave11-gofpdi-dev' is not installed, so not removed
2025-09-20T21:24:17.5163582Z Package 'php-imap' is not installed, so not removed
2025-09-20T21:24:17.5163879Z Package 'php-fpdf' is not installed, so not removed
2025-09-20T21:24:17.5164194Z Package 'icinga-php-library' is not installed, so not removed
2025-09-20T21:24:17.5164566Z Package 'icinga-php-thirdparty' is not installed, so not removed
2025-09-20T21:24:17.5165035Z Package 'php-soap' is not installed, so not removed
2025-09-20T21:24:17.5165335Z Package 'php-icinga' is not installed, so not removed
2025-09-20T21:24:17.5165629Z Package 'php-tcpdf' is not installed, so not removed
2025-09-20T21:24:17.5165937Z Package 'kdevelop-php' is not installed, so not removed
2025-09-20T21:24:17.5166270Z Package 'kdevelop-php-l10n' is not installed, so not removed
2025-09-20T21:24:17.5166626Z Package 'php-mcrypt' is not installed, so not removed
2025-09-20T21:24:17.5166924Z Package 'less.php' is not installed, so not removed
2025-09-20T21:24:17.5167270Z Package 'libphp-serialization-perl' is not installed, so not removed
2025-09-20T21:24:17.5167732Z Package 'libhtml-wikiconverter-phpwiki-perl' is not installed, so not removed
2025-09-20T21:24:17.5168171Z Package 'libjs-php-date-formatter' is not installed, so not removed
2025-09-20T21:24:17.5168545Z Package 'libmarkdown-php' is not installed, so not removed
2025-09-20T21:24:17.5168998Z Package 'libnusoap-php' is not installed, so not removed
2025-09-20T21:24:17.5169341Z Package 'php-econea-nusoap' is not installed, so not removed
2025-09-20T21:24:17.5169676Z Package 'libow-php7t64' is not installed, so not removed
2025-09-20T21:24:17.5169989Z Package 'libownet-php' is not installed, so not removed
2025-09-20T21:24:17.5170299Z Package 'libphp-adodb' is not installed, so not removed
2025-09-20T21:24:17.5170598Z Package 'php-sybase' is not installed, so not removed
2025-09-20T21:24:17.5170902Z Package 'libphp-embed' is not installed, so not removed
2025-09-20T21:24:17.5171217Z Package 'libphp8.3-embed' is not installed, so not removed
2025-09-20T21:24:17.5171544Z Package 'libphp-jabber' is not installed, so not removed
2025-09-20T21:24:17.5171869Z Package 'libphp-snoopy' is not installed, so not removed
2025-09-20T21:24:17.5172179Z Package 'libphpy-dev' is not installed, so not removed
2025-09-20T21:24:17.5172475Z Package 'libphpy1' is not installed, so not removed
2025-09-20T21:24:17.5172789Z Package 'libxrdcephposix0' is not installed, so not removed
2025-09-20T21:24:17.5173107Z Package 'php-spyc' is not installed, so not removed
2025-09-20T21:24:17.5173427Z Package 'matomo-php-tracker' is not installed, so not removed
2025-09-20T21:24:17.5173768Z Package 'php-wikidiff2' is not installed, so not removed
2025-09-20T21:24:17.5174087Z Package 'php-luasandbox' is not installed, so not removed
2025-09-20T21:24:17.5174420Z Package 'mlmmj-php-web' is not installed, so not removed
2025-09-20T21:24:17.5174760Z Package 'mlmmj-php-web-admin' is not installed, so not removed
2025-09-20T21:24:17.5175208Z Package 'php-net-socket' is not installed, so not removed
2025-09-20T21:24:17.5175574Z Package 'node-codemirror-lang-php' is not installed, so not removed
2025-09-20T21:24:17.5175932Z Package 'node-lezer-php' is not installed, so not removed
2025-09-20T21:24:17.5176244Z Package 'phpmyadmin' is not installed, so not removed
2025-09-20T21:24:17.5176537Z Package 'php-cas' is not installed, so not removed
2025-09-20T21:24:17.5176839Z Package 'php-pclzip' is not installed, so not removed
2025-09-20T21:24:17.5177139Z Package 'phpqrcode' is not installed, so not removed
2025-09-20T21:24:17.5177459Z Package 'php-symfony-config' is not installed, so not removed
2025-09-20T21:24:17.5177866Z Package 'php-symfony-dependency-injection' is not installed, so not removed
2025-09-20T21:24:17.5178271Z Package 'phpmd' is not installed, so not removed
2025-09-20T21:24:17.5178692Z Package 'php-algo26-idna-convert' is not installed, so not removed
2025-09-20T21:24:17.5179104Z Package 'php-jakeasmith-http-build-url' is not installed, so not removed
2025-09-20T21:24:17.5179488Z Package 'php-amphp-amp' is not installed, so not removed
2025-09-20T21:24:17.5179944Z Package 'php-amqp-all-dev' is not installed, so not removed
2025-09-20T21:24:17.5180267Z Package 'php-amqplib' is not installed, so not removed
2025-09-20T21:24:17.5180590Z Package 'php-apcu-all-dev' is not installed, so not removed
2025-09-20T21:24:17.5180989Z Package 'php-arthurhoaro-web-thumbnailer' is not installed, so not removed
2025-09-20T21:24:17.5181393Z Package 'php-text-template' is not installed, so not removed
2025-09-20T21:24:17.5181712Z Package 'php8.3-ast' is not installed, so not removed
2025-09-20T21:24:17.5182030Z Package 'php-ast-all-dev' is not installed, so not removed
2025-09-20T21:24:17.5182374Z Package 'php-async-aws-core' is not installed, so not removed
2025-09-20T21:24:17.5182708Z Package 'php-psr-cache' is not installed, so not removed
2025-09-20T21:24:17.5183104Z Package 'php-symfony-deprecation-contracts' is not installed, so not removed
2025-09-20T21:24:17.5183530Z Package 'php-symfony-http-client' is not installed, so not removed
2025-09-20T21:24:17.5183969Z Package 'php-symfony-http-client-contracts' is not installed, so not removed
2025-09-20T21:24:17.5184409Z Package 'php-symfony-service-contracts' is not installed, so not removed
2025-09-20T21:24:17.5184961Z Package 'php-async-aws-ses' is not installed, so not removed
2025-09-20T21:24:17.5185428Z Package 'php-async-aws-sns' is not installed, so not removed
2025-09-20T21:24:17.5185770Z Package 'php-async-aws-sqs' is not installed, so not removed
2025-09-20T21:24:17.5186099Z Package 'php-auth-sasl' is not installed, so not removed
2025-09-20T21:24:17.5186423Z Package 'php-bacon-qr-code' is not installed, so not removed
2025-09-20T21:24:17.5186764Z Package 'php-dasprid-enum' is not installed, so not removed
2025-09-20T21:24:17.5187082Z Package 'php-bcmath' is not installed, so not removed
2025-09-20T21:24:17.5187400Z Package 'php-brick-math' is not installed, so not removed
2025-09-20T21:24:17.5187748Z Package 'php-brick-varexporter' is not installed, so not removed
2025-09-20T21:24:17.5188097Z Package 'php-parser' is not installed, so not removed
2025-09-20T21:24:17.5188393Z Package 'php-bz2' is not installed, so not removed
2025-09-20T21:24:17.5188739Z Package 'php-cache-integration-tests' is not installed, so not removed
2025-09-20T21:24:17.5189141Z Package 'php-cache-tag-interop' is not installed, so not removed
2025-09-20T21:24:17.5209182Z Package 'php-christianriesen-base32' is not installed, so not removed
2025-09-20T21:24:17.5209639Z Package 'php-christianriesen-otp' is not installed, so not removed
2025-09-20T21:24:17.5210074Z Package 'php-code-lts-u2f-php-server' is not installed, so not removed
2025-09-20T21:24:17.5210478Z Package 'php-codecoverage' is not installed, so not removed
2025-09-20T21:24:17.5210829Z Package 'php-file-iterator' is not installed, so not removed
2025-09-20T21:24:17.5211242Z Package 'phpunit-code-unit-reverse-lookup' is not installed, so not removed
2025-09-20T21:24:17.5211657Z Package 'phpunit-complexity' is not installed, so not removed
2025-09-20T21:24:17.5212026Z Package 'phpunit-environment' is not installed, so not removed
2025-09-20T21:24:17.5212402Z Package 'phpunit-lines-of-code' is not installed, so not removed
2025-09-20T21:24:17.5212761Z Package 'phpunit-version' is not installed, so not removed
2025-09-20T21:24:17.5213139Z Package 'php-codeigniter-framework' is not installed, so not removed
2025-09-20T21:24:17.5213558Z Package 'php-codeigniter-framework-doc' is not installed, so not removed
2025-09-20T21:24:17.5213975Z Package 'php-console-commandline' is not installed, so not removed
2025-09-20T21:24:17.5214353Z Package 'php-console-table' is not installed, so not removed
2025-09-20T21:24:17.5214699Z Package 'php-constant-time' is not installed, so not removed
2025-09-20T21:24:17.5215167Z Package 'php-dapphp-radius' is not installed, so not removed
2025-09-20T21:24:17.5215486Z Package 'php-date' is not installed, so not removed
2025-09-20T21:24:17.5215818Z Package 'php-datto-json-rpc' is not installed, so not removed
2025-09-20T21:24:17.5216382Z Package 'php-datto-json-rpc-http' is not installed, so not removed
2025-09-20T21:24:17.5216731Z Package 'php-db' is not installed, so not removed
2025-09-20T21:24:17.5217039Z Package 'php-deepcopy' is not installed, so not removed
2025-09-20T21:24:17.5217410Z Package 'php-dflydev-dot-access-data' is not installed, so not removed
2025-09-20T21:24:17.5217777Z Package 'php-di' is not installed, so not removed
2025-09-20T21:24:17.5218088Z Package 'php-psr-container' is not installed, so not removed
2025-09-20T21:24:17.5218427Z Package 'php-di-invoker' is not installed, so not removed
2025-09-20T21:24:17.5218820Z Package 'php-laravel-serializable-closure' is not installed, so not removed
2025-09-20T21:24:17.5219242Z Package 'php-directory-scanner' is not installed, so not removed
2025-09-20T21:24:17.5219582Z Package 'php-doc' is not installed, so not removed
2025-09-20T21:24:17.5219924Z Package 'php-doctrine-annotations' is not installed, so not removed
2025-09-20T21:24:17.5220300Z Package 'php-doctrine-lexer' is not installed, so not removed
2025-09-20T21:24:17.5220656Z Package 'php-doctrine-cache' is not installed, so not removed
2025-09-20T21:24:17.5221031Z Package 'php-doctrine-collections' is not installed, so not removed
2025-09-20T21:24:17.5221423Z Package 'php-doctrine-deprecations' is not installed, so not removed
2025-09-20T21:24:17.5221929Z Package 'php-doctrine-common' is not installed, so not removed
2025-09-20T21:24:17.5222314Z Package 'php-doctrine-persistence' is not installed, so not removed
2025-09-20T21:24:17.5222711Z Package 'php-doctrine-data-fixtures' is not installed, so not removed
2025-09-20T21:24:17.5223093Z Package 'php-doctrine-dbal' is not installed, so not removed
2025-09-20T21:24:17.5223431Z Package 'php-doctrine-orm' is not installed, so not removed
2025-09-20T21:24:17.5223809Z Package 'php-doctrine-event-manager' is not installed, so not removed
2025-09-20T21:24:17.5224202Z Package 'php-doctrine-inflector' is not installed, so not removed
2025-09-20T21:24:17.5224605Z Package 'php-doctrine-instantiator' is not installed, so not removed
2025-09-20T21:24:17.5225122Z Package 'php-symfony-cache' is not installed, so not removed
2025-09-20T21:24:17.5225471Z Package 'php-symfony-yaml' is not installed, so not removed
2025-09-20T21:24:17.5225887Z Package 'php-dragonmantank-cron-expression' is not installed, so not removed
2025-09-20T21:24:17.5226315Z Package 'php-webmozart-assert' is not installed, so not removed
2025-09-20T21:24:17.5226655Z Package 'php8.3-ds' is not installed, so not removed
2025-09-20T21:24:17.5226972Z Package 'php-ds-all-dev' is not installed, so not removed
2025-09-20T21:24:17.5227300Z Package 'php-easyrdf' is not installed, so not removed
2025-09-20T21:24:17.5227614Z Package 'php-ml-json-ld' is not installed, so not removed
2025-09-20T21:24:17.5227945Z Package 'php-eluceo-ical' is not installed, so not removed
2025-09-20T21:24:17.5228292Z Package 'php-email-validator' is not installed, so not removed
2025-09-20T21:24:17.5228619Z Package 'php-embed' is not installed, so not removed
2025-09-20T21:24:17.5228982Z Package 'php-oscarotero-html-parser' is not installed, so not removed
2025-09-20T21:24:17.5229370Z Package 'php-psr-http-message' is not installed, so not removed
2025-09-20T21:24:17.5229734Z Package 'php-psr-http-client' is not installed, so not removed
2025-09-20T21:24:17.5230095Z Package 'php-psr-http-factory' is not installed, so not removed
2025-09-20T21:24:17.5230477Z Package 'php-symfony-css-selector' is not installed, so not removed
2025-09-20T21:24:17.5230833Z Package 'php-enchant' is not installed, so not removed
2025-09-20T21:24:17.5231139Z Package 'php-excimer' is not installed, so not removed
2025-09-20T21:24:17.5231472Z Package 'php8.3-facedetect' is not installed, so not removed
2025-09-20T21:24:17.5231852Z Package 'php-facedetect-all-dev' is not installed, so not removed
2025-09-20T21:24:17.5232199Z Package 'php-faker' is not installed, so not removed
2025-09-20T21:24:17.5232516Z Package 'php-fdomdocument' is not installed, so not removed
2025-09-20T21:24:17.5233012Z Package 'php-fig-http-message-util' is not installed, so not removed
2025-09-20T21:24:17.5233387Z Package 'php-fig-link-util' is not installed, so not removed
2025-09-20T21:24:17.5233719Z Package 'php-psr-link' is not installed, so not removed
2025-09-20T21:24:17.5234041Z Package 'php-font-lib' is not installed, so not removed
2025-09-20T21:24:17.5234384Z Package 'php-fruitcake-php-cors' is not installed, so not removed
2025-09-20T21:24:17.5234792Z Package 'php-symfony-http-foundation' is not installed, so not removed
2025-09-20T21:24:17.5235270Z Package 'php-fxsl' is not installed, so not removed
2025-09-20T21:24:17.5235587Z Package 'php8.3-gearman' is not installed, so not removed
2025-09-20T21:24:17.5235932Z Package 'php-gearman-all-dev' is not installed, so not removed
2025-09-20T21:24:17.5236283Z Package 'php-getallheaders' is not installed, so not removed
2025-09-20T21:24:17.5236613Z Package 'php-getid3' is not installed, so not removed
2025-09-20T21:24:17.5236945Z Package 'php-gettext-languages' is not installed, so not removed
2025-09-20T21:24:17.5237329Z Package 'php-oscarotero-gettext' is not installed, so not removed
2025-09-20T21:24:17.5237726Z Package 'php-giggsey-libphonenumber' is not installed, so not removed
2025-09-20T21:24:17.5238116Z Package 'php-giggsey-locale' is not installed, so not removed
2025-09-20T21:24:17.5238570Z Package 'php8.3-gmagick' is not installed, so not removed
2025-09-20T21:24:17.5238921Z Package 'php-gmagick-all-dev' is not installed, so not removed
2025-09-20T21:24:17.5239258Z Package 'php8.3-gnupg' is not installed, so not removed
2025-09-20T21:24:17.5239594Z Package 'php-gnupg-all-dev' is not installed, so not removed
2025-09-20T21:24:17.5239944Z Package 'php-google-protobuf' is not installed, so not removed
2025-09-20T21:24:17.5240301Z Package 'php-google-recaptcha' is not installed, so not removed
2025-09-20T21:24:17.5240714Z Package 'php-graham-campbell-result-type' is not installed, so not removed
2025-09-20T21:24:17.5241105Z Package 'php-phpoption' is not installed, so not removed
2025-09-20T21:24:17.5241451Z Package 'php-gregwar-captcha' is not installed, so not removed
2025-09-20T21:24:17.5241801Z Package 'php-guestfs' is not installed, so not removed
2025-09-20T21:24:17.5242143Z Package 'php-guzzlehttp-guzzle' is not installed, so not removed
2025-09-20T21:24:17.5242538Z Package 'php-guzzlehttp-promises' is not installed, so not removed
2025-09-20T21:24:17.5242917Z Package 'php-guzzlehttp-psr7' is not installed, so not removed
2025-09-20T21:24:17.5243259Z Package 'php-hamcrest' is not installed, so not removed
2025-09-20T21:24:17.5243570Z Package 'php-htmlawed' is not installed, so not removed
2025-09-20T21:24:17.5243896Z Package 'php-htmlpurifier' is not installed, so not removed
2025-09-20T21:24:17.5244215Z Package 'php-http' is not installed, so not removed
2025-09-20T21:24:17.5244520Z Package 'php8.3-http' is not installed, so not removed
2025-09-20T21:24:17.5244946Z Package 'php-http-all-dev' is not installed, so not removed
2025-09-20T21:24:17.5245289Z Package 'php-http-httplug' is not installed, so not removed
2025-09-20T21:24:17.5245627Z Package 'php-http-promise' is not installed, so not removed
2025-09-20T21:24:17.5246038Z Package 'php-http-interop-http-factory-tests' is not installed, so not removed
2025-09-20T21:24:17.5246485Z Package 'php-http-message-factory' is not installed, so not removed
2025-09-20T21:24:17.5246912Z Package 'php-http-psr7-integration-tests' is not installed, so not removed
2025-09-20T21:24:17.5247328Z Package 'php-http-webdav-server' is not installed, so not removed
2025-09-20T21:24:17.5247678Z Package 'php-httpful' is not installed, so not removed
2025-09-20T21:24:17.5248012Z Package 'php-igbinary-all-dev' is not installed, so not removed
2025-09-20T21:24:17.5248366Z Package 'php-image-text' is not installed, so not removed
2025-09-20T21:24:17.5248711Z Package 'php-imagick-all-dev' is not installed, so not removed
2025-09-20T21:24:17.5249051Z Package 'php-interbase' is not installed, so not removed
2025-09-20T21:24:17.5249487Z Package 'php-invoker' is not installed, so not removed
2025-09-20T21:24:17.5249797Z Package 'php-jshrink' is not installed, so not removed
2025-09-20T21:24:17.5250140Z Package 'php-kissifrot-php-ixr' is not installed, so not removed
2025-09-20T21:24:17.5250477Z Package 'php-klogger' is not installed, so not removed
2025-09-20T21:24:17.5250811Z Package 'php-lcobucci-clock' is not installed, so not removed
2025-09-20T21:24:17.5251149Z Package 'php-psr-clock' is not installed, so not removed
2025-09-20T21:24:17.5251478Z Package 'php-lcobucci-jwt' is not installed, so not removed
2025-09-20T21:24:17.5251834Z Package 'php-league-commonmark' is not installed, so not removed
2025-09-20T21:24:17.5252191Z Package 'php-league-config' is not installed, so not removed
2025-09-20T21:24:17.5252563Z Package 'php-psr-event-dispatcher' is not installed, so not removed
2025-09-20T21:24:17.5252926Z Package 'php-nette-schema' is not installed, so not removed
2025-09-20T21:24:17.5253263Z Package 'php-league-csv' is not installed, so not removed
2025-09-20T21:24:17.5253610Z Package 'php-league-flysystem' is not installed, so not removed
2025-09-20T21:24:17.5254013Z Package 'php-league-mime-type-detection' is not installed, so not removed
2025-09-20T21:24:17.5254440Z Package 'php-league-html-to-markdown' is not installed, so not removed
2025-09-20T21:24:17.5255023Z Package 'php-league-uri' is not installed, so not removed
2025-09-20T21:24:17.5255403Z Package 'php-league-uri-interfaces' is not installed, so not removed
2025-09-20T21:24:17.5255797Z Package 'php-league-uri-components' is not installed, so not removed
2025-09-20T21:24:17.5256169Z Package 'php-letodms-core' is not installed, so not removed
2025-09-20T21:24:17.5256532Z Package 'php-libvirt-php-all-dev' is not installed, so not removed
2025-09-20T21:24:17.5256877Z Package 'php-log' is not installed, so not removed
2025-09-20T21:24:17.5257170Z Package 'php-mdb2' is not installed, so not removed
2025-09-20T21:24:17.5257457Z Package 'php-mail' is not installed, so not removed
2025-09-20T21:24:17.5257784Z Package 'php-lorenzo-pinky' is not installed, so not removed
2025-09-20T21:24:17.5258119Z Package 'php-net-smtp' is not installed, so not removed
2025-09-20T21:24:17.5258442Z Package 'php-mail-mime' is not installed, so not removed
2025-09-20T21:24:17.5258768Z Package 'php8.3-mailparse' is not installed, so not removed
2025-09-20T21:24:17.5259126Z Package 'php-mailparse-all-dev' is not installed, so not removed
2025-09-20T21:24:17.5259502Z Package 'php-malkusch-lock' is not installed, so not removed
2025-09-20T21:24:17.5259826Z Package 'php-predis' is not installed, so not removed
2025-09-20T21:24:17.5260168Z Package 'php-mariadb-mysql-kbs' is not installed, so not removed
2025-09-20T21:24:17.5260530Z Package 'php-masterminds-html5' is not installed, so not removed
2025-09-20T21:24:17.5260914Z Package 'php-matthiasmullie-minify' is not installed, so not removed
2025-09-20T21:24:17.5261347Z Package 'php-matthiasmullie-path-converter' is not installed, so not removed
2025-09-20T21:24:17.5261810Z Package 'php-maxmind-web-service-common' is not installed, so not removed
2025-09-20T21:24:17.5262192Z Package 'php-maxminddb' is not installed, so not removed
2025-09-20T21:24:17.5262514Z Package 'php8.3-maxminddb' is not installed, so not removed
2025-09-20T21:24:17.5262870Z Package 'php-maxminddb-all-dev' is not installed, so not removed
2025-09-20T21:24:17.5263212Z Package 'php8.3-mcrypt' is not installed, so not removed
2025-09-20T21:24:17.5263550Z Package 'php-mcrypt-all-dev' is not installed, so not removed
2025-09-20T21:24:17.5263907Z Package 'php-mdb2-driver-mysql' is not installed, so not removed
2025-09-20T21:24:17.5264275Z Package 'php-mdb2-driver-pgsql' is not installed, so not removed
2025-09-20T21:24:17.5264636Z Package 'php-memcache-all-dev' is not installed, so not removed
2025-09-20T21:24:17.5265126Z Package 'php-memcached-all-dev' is not installed, so not removed
2025-09-20T21:24:17.5265492Z Package 'php-msgpack-all-dev' is not installed, so not removed
2025-09-20T21:24:17.5265936Z Package 'php-mf2' is not installed, so not removed
2025-09-20T21:24:17.5266267Z Package 'php-mikey179-vfsstream' is not installed, so not removed
2025-09-20T21:24:17.5266606Z Package 'php-ml-iri' is not installed, so not removed
2025-09-20T21:24:17.5266906Z Package 'php-mock' is not installed, so not removed
2025-09-20T21:24:17.5267223Z Package 'php-mock-phpunit' is not installed, so not removed
2025-09-20T21:24:17.5267577Z Package 'php-mock-integration' is not installed, so not removed
2025-09-20T21:24:17.5267918Z Package 'php-mockery' is not installed, so not removed
2025-09-20T21:24:17.5268236Z Package 'php-mockery-doc' is not installed, so not removed
2025-09-20T21:24:17.5268589Z Package 'php-mongodb-all-dev' is not installed, so not removed
2025-09-20T21:24:17.5268922Z Package 'php-monolog' is not installed, so not removed
2025-09-20T21:24:17.5269234Z Package 'php-net-dime' is not installed, so not removed
2025-09-20T21:24:17.5269543Z Package 'php-net-dns2' is not installed, so not removed
2025-09-20T21:24:17.5269862Z Package 'php-net-ftp' is not installed, so not removed
2025-09-20T21:24:17.5270180Z Package 'php-net-imap' is not installed, so not removed
2025-09-20T21:24:17.5270487Z Package 'php-net-ipv6' is not installed, so not removed
2025-09-20T21:24:17.5270802Z Package 'php-net-ldap2' is not installed, so not removed
2025-09-20T21:24:17.5271231Z Package 'php-net-ldap3' is not installed, so not removed
2025-09-20T21:24:17.5271551Z Package 'php-net-nntp' is not installed, so not removed
2025-09-20T21:24:17.5271881Z Package 'php-net-publicsuffix' is not installed, so not removed
2025-09-20T21:24:17.5272223Z Package 'php-net-sieve' is not installed, so not removed
2025-09-20T21:24:17.5272531Z Package 'php-net-url' is not installed, so not removed
2025-09-20T21:24:17.5272840Z Package 'php-net-url2' is not installed, so not removed
2025-09-20T21:24:17.5273152Z Package 'php-net-whois' is not installed, so not removed
2025-09-20T21:24:17.5273525Z Package 'php-netscape-bookmark-parser' is not installed, so not removed
2025-09-20T21:24:17.5273920Z Package 'php-nette-utils' is not installed, so not removed
2025-09-20T21:24:17.5274264Z Package 'php-nikic-fast-route' is not installed, so not removed
2025-09-20T21:24:17.5274612Z Package 'php-nyholm-psr7' is not installed, so not removed
2025-09-20T21:24:17.5275050Z Package 'php8.3-oauth' is not installed, so not removed
2025-09-20T21:24:17.5275381Z Package 'php-oauth-all-dev' is not installed, so not removed
2025-09-20T21:24:17.5275729Z Package 'php-opis-closure' is not installed, so not removed
2025-09-20T21:24:17.5276056Z Package 'php-parsedown' is not installed, so not removed
2025-09-20T21:24:17.5276396Z Package 'php-parsedown-extra' is not installed, so not removed
2025-09-20T21:24:17.5276746Z Package 'php-pcov-all-dev' is not installed, so not removed
2025-09-20T21:24:17.5277114Z Package 'php-pda-pheanstalk' is not installed, so not removed
2025-09-20T21:24:17.5277474Z Package 'php-phar-io-manifest' is not installed, so not removed
2025-09-20T21:24:17.5277851Z Package 'php-phar-io-version' is not installed, so not removed
2025-09-20T21:24:17.5278211Z Package 'php-php-gettext' is not installed, so not removed
2025-09-20T21:24:17.5278537Z Package 'php-phpdbg' is not installed, so not removed
2025-09-20T21:24:17.5278944Z Package 'php-phpdocumentor-reflection-common' is not installed, so not removed
2025-09-20T21:24:17.5279443Z Package 'php-phpdocumentor-reflection-docblock' is not installed, so not removed
2025-09-20T21:24:17.5279932Z Package 'php-phpdocumentor-type-resolver' is not installed, so not removed
2025-09-20T21:24:17.5280364Z Package 'php-phpstan-phpdoc-parser' is not installed, so not removed
2025-09-20T21:24:17.5280796Z Package 'php-symfony-expression-language' is not installed, so not removed
2025-09-20T21:24:17.5281223Z Package 'php-phpmyadmin-shapefile' is not installed, so not removed
2025-09-20T21:24:17.5281621Z Package 'php-phpmyadmin-sql-parser' is not installed, so not removed
2025-09-20T21:24:17.5282035Z Package 'php-symfony-polyfill-php80' is not installed, so not removed
2025-09-20T21:24:17.5282517Z Package 'php-seclib' is not installed, so not removed
2025-09-20T21:24:17.5282837Z Package 'php-phpseclib3' is not installed, so not removed
2025-09-20T21:24:17.5283184Z Package 'php-phpspec-prophecy' is not installed, so not removed
2025-09-20T21:24:17.5283552Z Package 'phpunit-comparator' is not installed, so not removed
2025-09-20T21:24:17.5283932Z Package 'phpunit-recursion-context' is not installed, so not removed
2025-09-20T21:24:17.5284347Z Package 'php-phpspec-prophecy-phpunit' is not installed, so not removed
2025-09-20T21:24:17.5284753Z Package 'php-pinba' is not installed, so not removed
2025-09-20T21:24:17.5285166Z Package 'php8.3-pinba' is not installed, so not removed
2025-09-20T21:24:17.5285513Z Package 'php-pinba-all-dev' is not installed, so not removed
2025-09-20T21:24:17.5285865Z Package 'php-proxy-manager' is not installed, so not removed
2025-09-20T21:24:17.5286191Z Package 'php8.3-ps' is not installed, so not removed
2025-09-20T21:24:17.5286514Z Package 'php-ps-all-dev' is not installed, so not removed
2025-09-20T21:24:17.5286833Z Package 'php8.3-psr' is not installed, so not removed
2025-09-20T21:24:17.5287157Z Package 'php-psr-all-dev' is not installed, so not removed
2025-09-20T21:24:17.5287628Z Package 'php-psr-simple-cache' is not installed, so not removed
2025-09-20T21:24:17.5288202Z Package 'php-pubsubhubbub-publisher' is not installed, so not removed
2025-09-20T21:24:17.5288705Z Package 'php-ramsey-collection' is not installed, so not removed
2025-09-20T21:24:17.5289069Z Package 'php-ramsey-uuid' is not installed, so not removed
2025-09-20T21:24:17.5289399Z Package 'php8.3-raphf' is not installed, so not removed
2025-09-20T21:24:17.5289730Z Package 'php-raphf-all-dev' is not installed, so not removed
2025-09-20T21:24:17.5290088Z Package 'php-redis-all-dev' is not installed, so not removed
2025-09-20T21:24:17.5290411Z Package 'php-remctl' is not installed, so not removed
2025-09-20T21:24:17.5290776Z Package 'php-roundcube-rtf-html-php' is not installed, so not removed
2025-09-20T21:24:17.5291142Z Package 'php8.3-rrd' is not installed, so not removed
2025-09-20T21:24:17.5291466Z Package 'php-rrd-all-dev' is not installed, so not removed
2025-09-20T21:24:17.5291791Z Package 'php-sabre-dav' is not installed, so not removed
2025-09-20T21:24:17.5292133Z Package 'php-sabre-vobject' is not installed, so not removed
2025-09-20T21:24:17.5292457Z Package 'php-sass' is not installed, so not removed
2025-09-20T21:24:17.5292758Z Package 'php8.3-sass' is not installed, so not removed
2025-09-20T21:24:17.5293085Z Package 'php-sass-all-dev' is not installed, so not removed
2025-09-20T21:24:17.5293424Z Package 'php-shellcommand' is not installed, so not removed
2025-09-20T21:24:17.5293770Z Package 'php-slim-psr7' is not installed, so not removed
2025-09-20T21:24:17.5294095Z Package 'php8.3-smbclient' is not installed, so not removed
2025-09-20T21:24:17.5294450Z Package 'php-smbclient-all-dev' is not installed, so not removed
2025-09-20T21:24:17.5294793Z Package 'php-solr' is not installed, so not removed
2025-09-20T21:24:17.5295241Z Package 'php8.3-solr' is not installed, so not removed
2025-09-20T21:24:17.5295567Z Package 'php-solr-all-dev' is not installed, so not removed
2025-09-20T21:24:17.5295893Z Package 'php-sparkline' is not installed, so not removed
2025-09-20T21:24:17.5296231Z Package 'php-sql-formatter' is not installed, so not removed
2025-09-20T21:24:17.5296553Z Package 'php8.3-ssh2' is not installed, so not removed
2025-09-20T21:24:17.5296872Z Package 'php-ssh2-all-dev' is not installed, so not removed
2025-09-20T21:24:17.5297199Z Package 'php8.3-stomp' is not installed, so not removed
2025-09-20T21:24:17.5297525Z Package 'php-stomp-all-dev' is not installed, so not removed
2025-09-20T21:24:17.5297866Z Package 'php-swiftmailer' is not installed, so not removed
2025-09-20T21:24:17.5298182Z Package 'php-symfony' is not installed, so not removed
2025-09-20T21:24:17.5298515Z Package 'php-symfony-asset' is not installed, so not removed
2025-09-20T21:24:17.5299041Z Package 'php-symfony-asset-mapper' is not installed, so not removed
2025-09-20T21:24:17.5299443Z Package 'php-symfony-browser-kit' is not installed, so not removed
2025-09-20T21:24:17.5299815Z Package 'php-symfony-clock' is not installed, so not removed
2025-09-20T21:24:17.5300189Z Package 'php-symfony-debug-bundle' is not installed, so not removed
2025-09-20T21:24:17.5300601Z Package 'php-symfony-doctrine-bridge' is not installed, so not removed
2025-09-20T21:24:17.5301006Z Package 'php-symfony-dom-crawler' is not installed, so not removed
2025-09-20T21:24:17.5301379Z Package 'php-symfony-dotenv' is not installed, so not removed
2025-09-20T21:24:17.5301759Z Package 'php-symfony-error-handler' is not installed, so not removed
2025-09-20T21:24:17.5302181Z Package 'php-symfony-event-dispatcher' is not installed, so not removed
2025-09-20T21:24:17.5302562Z Package 'php-symfony-form' is not installed, so not removed
2025-09-20T21:24:17.5302945Z Package 'php-symfony-framework-bundle' is not installed, so not removed
2025-09-20T21:24:17.5303360Z Package 'php-symfony-http-kernel' is not installed, so not removed
2025-09-20T21:24:17.5303719Z Package 'php-symfony-intl' is not installed, so not removed
2025-09-20T21:24:17.5304057Z Package 'php-symfony-ldap' is not installed, so not removed
2025-09-20T21:24:17.5304504Z Package 'php-symfony-lock' is not installed, so not removed
2025-09-20T21:24:17.5304974Z Package 'php-symfony-mailer' is not installed, so not removed
2025-09-20T21:24:17.5305343Z Package 'php-symfony-messenger' is not installed, so not removed
2025-09-20T21:24:17.5305705Z Package 'php-symfony-mime' is not installed, so not removed
2025-09-20T21:24:17.5306087Z Package 'php-symfony-monolog-bridge' is not installed, so not removed
2025-09-20T21:24:17.5306475Z Package 'php-symfony-notifier' is not installed, so not removed
2025-09-20T21:24:17.5306876Z Package 'php-symfony-options-resolver' is not installed, so not removed
2025-09-20T21:24:17.5307315Z Package 'php-symfony-password-hasher' is not installed, so not removed
2025-09-20T21:24:17.5307748Z Package 'php-symfony-property-access' is not installed, so not removed
2025-09-20T21:24:17.5308160Z Package 'php-symfony-property-info' is not installed, so not removed
2025-09-20T21:24:17.5308604Z Package 'php-symfony-proxy-manager-bridge' is not installed, so not removed
2025-09-20T21:24:17.5309038Z Package 'php-symfony-rate-limiter' is not installed, so not removed
2025-09-20T21:24:17.5309425Z Package 'php-symfony-remote-event' is not installed, so not removed
2025-09-20T21:24:17.5309811Z Package 'php-symfony-routing' is not installed, so not removed
2025-09-20T21:24:17.5310174Z Package 'php-symfony-scheduler' is not installed, so not removed
2025-09-20T21:24:17.5310572Z Package 'php-symfony-security-bundle' is not installed, so not removed
2025-09-20T21:24:17.5310980Z Package 'php-symfony-security-core' is not installed, so not removed
2025-09-20T21:24:17.5311383Z Package 'php-symfony-security-csrf' is not installed, so not removed
2025-09-20T21:24:17.5311790Z Package 'php-symfony-security-http' is not installed, so not removed
2025-09-20T21:24:17.5312170Z Package 'php-symfony-semaphore' is not installed, so not removed
2025-09-20T21:24:17.5312548Z Package 'php-symfony-serializer' is not installed, so not removed
2025-09-20T21:24:17.5312923Z Package 'php-symfony-stopwatch' is not installed, so not removed
2025-09-20T21:24:17.5313289Z Package 'php-symfony-string' is not installed, so not removed
2025-09-20T21:24:17.5313656Z Package 'php-symfony-templating' is not installed, so not removed
2025-09-20T21:24:17.5314044Z Package 'php-symfony-translation' is not installed, so not removed
2025-09-20T21:24:17.5314433Z Package 'php-symfony-twig-bridge' is not installed, so not removed
2025-09-20T21:24:17.5314814Z Package 'php-symfony-twig-bundle' is not installed, so not removed
2025-09-20T21:24:17.5315299Z Package 'php-symfony-uid' is not installed, so not removed
2025-09-20T21:24:17.5315647Z Package 'php-symfony-validator' is not installed, so not removed
2025-09-20T21:24:17.5316153Z Package 'php-symfony-var-dumper' is not installed, so not removed
2025-09-20T21:24:17.5316535Z Package 'php-symfony-var-exporter' is not installed, so not removed
2025-09-20T21:24:17.5316918Z Package 'php-symfony-web-link' is not installed, so not removed
2025-09-20T21:24:17.5317334Z Package 'php-symfony-web-profiler-bundle' is not installed, so not removed
2025-09-20T21:24:17.5317736Z Package 'php-symfony-webhook' is not installed, so not removed
2025-09-20T21:24:17.5318098Z Package 'php-symfony-workflow' is not installed, so not removed
2025-09-20T21:24:17.5318459Z Package 'php-symfony-contracts' is not installed, so not removed
2025-09-20T21:24:17.5318854Z Package 'php-symfony-polyfill-php83' is not installed, so not removed
2025-09-20T21:24:17.5319280Z Package 'php-symfony-all-my-sms-notifier' is not installed, so not removed
2025-09-20T21:24:17.5319704Z Package 'php-symfony-amazon-mailer' is not installed, so not removed
2025-09-20T21:24:17.5320129Z Package 'php-symfony-amazon-sns-notifier' is not installed, so not removed
2025-09-20T21:24:17.5320579Z Package 'php-symfony-amazon-sqs-messenger' is not installed, so not removed
2025-09-20T21:24:17.5321013Z Package 'php-symfony-amqp-messenger' is not installed, so not removed
2025-09-20T21:24:17.5321552Z Package 'php-symfony-bandwidth-notifier' is not installed, so not removed
2025-09-20T21:24:17.5322008Z Package 'php-symfony-beanstalkd-messenger' is not installed, so not removed
2025-09-20T21:24:17.5322428Z Package 'php-symfony-brevo-mailer' is not installed, so not removed
2025-09-20T21:24:17.5322831Z Package 'php-symfony-brevo-notifier' is not installed, so not removed
2025-09-20T21:24:17.5323244Z Package 'php-symfony-cache-contracts' is not installed, so not removed
2025-09-20T21:24:17.5323664Z Package 'php-symfony-chatwork-notifier' is not installed, so not removed
2025-09-20T21:24:17.5324101Z Package 'php-symfony-click-send-notifier' is not installed, so not removed
2025-09-20T21:24:17.5324540Z Package 'php-symfony-clickatell-notifier' is not installed, so not removed
2025-09-20T21:24:17.5325126Z Package 'php-symfony-contact-everyone-notifier' is not installed, so not removed
2025-09-20T21:24:17.5325635Z Package 'php-symfony-event-dispatcher-contracts' is not installed, so not removed
2025-09-20T21:24:17.5326126Z Package 'php-symfony-translation-contracts' is not installed, so not removed
2025-09-20T21:24:17.5326624Z Package 'php-symfony-crowdin-translation-provider' is not installed, so not removed
2025-09-20T21:24:17.5327101Z Package 'php-symfony-discord-notifier' is not installed, so not removed
2025-09-20T21:24:17.5327537Z Package 'php-symfony-doctrine-messenger' is not installed, so not removed
2025-09-20T21:24:17.5327977Z Package 'php-symfony-engagespot-notifier' is not installed, so not removed
2025-09-20T21:24:17.5328414Z Package 'php-symfony-esendex-notifier' is not installed, so not removed
2025-09-20T21:24:17.5328829Z Package 'php-symfony-expo-notifier' is not installed, so not removed
2025-09-20T21:24:17.5329248Z Package 'php-symfony-fake-chat-notifier' is not installed, so not removed
2025-09-20T21:24:17.5329683Z Package 'php-symfony-fake-sms-notifier' is not installed, so not removed
2025-09-20T21:24:17.5330115Z Package 'php-symfony-firebase-notifier' is not installed, so not removed
2025-09-20T21:24:17.5330576Z Package 'php-symfony-forty-six-elks-notifier' is not installed, so not removed
2025-09-20T21:24:17.5331041Z Package 'php-symfony-free-mobile-notifier' is not installed, so not removed
2025-09-20T21:24:17.5331493Z Package 'php-symfony-gateway-api-notifier' is not installed, so not removed
2025-09-20T21:24:17.5331929Z Package 'php-symfony-gitter-notifier' is not installed, so not removed
2025-09-20T21:24:17.5332342Z Package 'php-symfony-go-ip-notifier' is not installed, so not removed
2025-09-20T21:24:17.5332771Z Package 'php-symfony-google-chat-notifier' is not installed, so not removed
2025-09-20T21:24:17.5333194Z Package 'php-symfony-google-mailer' is not installed, so not removed
2025-09-20T21:24:17.5333724Z Package 'php-symfony-html-sanitizer' is not installed, so not removed
2025-09-20T21:24:17.5334127Z Package 'php-symfony-infobip-mailer' is not installed, so not removed
2025-09-20T21:24:17.5334546Z Package 'php-symfony-infobip-notifier' is not installed, so not removed
2025-09-20T21:24:17.5335069Z Package 'php-symfony-iqsms-notifier' is not installed, so not removed
2025-09-20T21:24:17.5335486Z Package 'php-symfony-isendpro-notifier' is not installed, so not removed
2025-09-20T21:24:17.5335932Z Package 'php-symfony-kaz-info-teh-notifier' is not installed, so not removed
2025-09-20T21:24:17.5336376Z Package 'php-symfony-light-sms-notifier' is not installed, so not removed
2025-09-20T21:24:17.5336822Z Package 'php-symfony-line-notify-notifier' is not installed, so not removed
2025-09-20T21:24:17.5337261Z Package 'php-symfony-linked-in-notifier' is not installed, so not removed
2025-09-20T21:24:17.5337729Z Package 'php-symfony-loco-translation-provider' is not installed, so not removed
2025-09-20T21:24:17.5338253Z Package 'php-symfony-lokalise-translation-provider' is not installed, so not removed
2025-09-20T21:24:17.5338733Z Package 'php-symfony-mail-pace-mailer' is not installed, so not removed
2025-09-20T21:24:17.5339163Z Package 'php-symfony-mailchimp-mailer' is not installed, so not removed
2025-09-20T21:24:17.5339768Z Package 'php-symfony-mailer-send-mailer' is not installed, so not removed
2025-09-20T21:24:17.5340206Z Package 'php-symfony-mailgun-mailer' is not installed, so not removed
2025-09-20T21:24:17.5340619Z Package 'php-symfony-mailjet-mailer' is not installed, so not removed
2025-09-20T21:24:17.5341030Z Package 'php-symfony-mailjet-notifier' is not installed, so not removed
2025-09-20T21:24:17.5341461Z Package 'php-symfony-mastodon-notifier' is not installed, so not removed
2025-09-20T21:24:17.5341898Z Package 'php-symfony-mattermost-notifier' is not installed, so not removed
2025-09-20T21:24:17.5342305Z Package 'php-symfony-mercure' is not installed, so not removed
2025-09-20T21:24:17.5342694Z Package 'php-symfony-mercure-bundle' is not installed, so not removed
2025-09-20T21:24:17.5343114Z Package 'php-symfony-mercure-notifier' is not installed, so not removed
2025-09-20T21:24:17.5343556Z Package 'php-symfony-message-bird-notifier' is not installed, so not removed
2025-09-20T21:24:17.5344028Z Package 'php-symfony-message-media-notifier' is not installed, so not removed
2025-09-20T21:24:17.5344515Z Package 'php-symfony-microsoft-teams-notifier' is not installed, so not removed
2025-09-20T21:24:17.5345078Z Package 'php-symfony-mobyt-notifier' is not installed, so not removed
2025-09-20T21:24:17.5345486Z Package 'php-symfony-novu-notifier' is not installed, so not removed
2025-09-20T21:24:17.5345881Z Package 'php-symfony-ntfy-notifier' is not installed, so not removed
2025-09-20T21:24:17.5346297Z Package 'php-symfony-octopush-notifier' is not installed, so not removed
2025-09-20T21:24:17.5346729Z Package 'php-symfony-oh-my-smtp-mailer' is not installed, so not removed
2025-09-20T21:24:17.5347163Z Package 'php-symfony-one-signal-notifier' is not installed, so not removed
2025-09-20T21:24:17.5347605Z Package 'php-symfony-orange-sms-notifier' is not installed, so not removed
2025-09-20T21:24:17.5348046Z Package 'php-symfony-ovh-cloud-notifier' is not installed, so not removed
2025-09-20T21:24:17.5348505Z Package 'php-symfony-pager-duty-notifier' is not installed, so not removed
2025-09-20T21:24:17.5348931Z Package 'php-symfony-phpunit-bridge' is not installed, so not removed
2025-09-20T21:24:17.5349401Z Package 'php-symfony-phrase-translation-provider' is not installed, so not removed
2025-09-20T21:24:17.5349868Z Package 'php-symfony-plivo-notifier' is not installed, so not removed
2025-09-20T21:24:17.5350256Z Package 'php-symfony-polyfill' is not installed, so not removed
2025-09-20T21:24:17.5350647Z Package 'php-symfony-polyfill-apcu' is not installed, so not removed
2025-09-20T21:24:17.5351054Z Package 'php-symfony-polyfill-ctype' is not installed, so not removed
2025-09-20T21:24:17.5351465Z Package 'php-symfony-polyfill-php72' is not installed, so not removed
2025-09-20T21:24:17.5351989Z Package 'php-symfony-polyfill-php73' is not installed, so not removed
2025-09-20T21:24:17.5352399Z Package 'php-symfony-polyfill-php74' is not installed, so not removed
2025-09-20T21:24:17.5352808Z Package 'php-symfony-polyfill-php81' is not installed, so not removed
2025-09-20T21:24:17.5353212Z Package 'php-symfony-polyfill-php82' is not installed, so not removed
2025-09-20T21:24:17.5353618Z Package 'php-symfony-polyfill-iconv' is not installed, so not removed
2025-09-20T21:24:17.5354057Z Package 'php-symfony-polyfill-intl-grapheme' is not installed, so not removed
2025-09-20T21:24:17.5354515Z Package 'php-symfony-polyfill-intl-icu' is not installed, so not removed
2025-09-20T21:24:17.5355120Z Package 'php-symfony-polyfill-intl-messageformatter' is not installed, so not removed
2025-09-20T21:24:17.5355605Z Package 'php-symfony-polyfill-intl-idn' is not installed, so not removed
2025-09-20T21:24:17.5356069Z Package 'php-symfony-polyfill-intl-normalizer' is not installed, so not removed
2025-09-20T21:24:17.5356533Z Package 'php-symfony-polyfill-mbstring' is not installed, so not removed
2025-09-20T21:24:17.5356955Z Package 'php-symfony-polyfill-util' is not installed, so not removed
2025-09-20T21:24:17.5357467Z Package 'php-symfony-polyfill-xml' is not installed, so not removed
2025-09-20T21:24:17.5357870Z Package 'php-symfony-polyfill-uuid' is not installed, so not removed
2025-09-20T21:24:17.5358298Z Package 'php-symfony-postmark-mailer' is not installed, so not removed
2025-09-20T21:24:17.5358748Z Package 'php-symfony-psr-http-message-bridge' is not installed, so not removed
2025-09-20T21:24:17.5359210Z Package 'php-symfony-pushover-notifier' is not installed, so not removed
2025-09-20T21:24:17.5359629Z Package 'php-symfony-redis-messenger' is not installed, so not removed
2025-09-20T21:24:17.5360057Z Package 'php-symfony-redlink-notifier' is not installed, so not removed
2025-09-20T21:24:17.5360495Z Package 'php-symfony-ring-central-notifier' is not installed, so not removed
2025-09-20T21:24:17.5360962Z Package 'php-symfony-rocket-chat-notifier' is not installed, so not removed
2025-09-20T21:24:17.5361371Z Package 'php-symfony-runtime' is not installed, so not removed
2025-09-20T21:24:17.5361767Z Package 'php-symfony-scaleway-mailer' is not installed, so not removed
2025-09-20T21:24:17.5362176Z Package 'php-symfony-security-acl' is not installed, so not removed
2025-09-20T21:24:17.5362589Z Package 'php-symfony-sendberry-notifier' is not installed, so not removed
2025-09-20T21:24:17.5363020Z Package 'php-symfony-sendgrid-mailer' is not installed, so not removed
2025-09-20T21:24:17.5363441Z Package 'php-symfony-sendinblue-mailer' is not installed, so not removed
2025-09-20T21:24:17.5363886Z Package 'php-symfony-sendinblue-notifier' is not installed, so not removed
2025-09-20T21:24:17.5364349Z Package 'php-symfony-simple-textin-notifier' is not installed, so not removed
2025-09-20T21:24:17.5364787Z Package 'php-symfony-sinch-notifier' is not installed, so not removed
2025-09-20T21:24:17.5365309Z Package 'php-symfony-slack-notifier' is not installed, so not removed
2025-09-20T21:24:17.5365731Z Package 'php-symfony-sms-biuras-notifier' is not installed, so not removed
2025-09-20T21:24:17.5366182Z Package 'php-symfony-sms-factor-notifier' is not installed, so not removed
2025-09-20T21:24:17.5366599Z Package 'php-symfony-sms77-notifier' is not installed, so not removed
2025-09-20T21:24:17.5367010Z Package 'php-symfony-smsapi-notifier' is not installed, so not removed
2025-09-20T21:24:17.5367418Z Package 'php-symfony-smsc-notifier' is not installed, so not removed
2025-09-20T21:24:17.5367827Z Package 'php-symfony-smsmode-notifier' is not installed, so not removed
2025-09-20T21:24:17.5368256Z Package 'php-symfony-spot-hit-notifier' is not installed, so not removed
2025-09-20T21:24:17.5368681Z Package 'php-symfony-telegram-notifier' is not installed, so not removed
2025-09-20T21:24:17.5369107Z Package 'php-symfony-telnyx-notifier' is not installed, so not removed
2025-09-20T21:24:17.5369653Z Package 'php-symfony-termii-notifier' is not installed, so not removed
2025-09-20T21:24:17.5370082Z Package 'php-symfony-turbo-sms-notifier' is not installed, so not removed
2025-09-20T21:24:17.5370514Z Package 'php-symfony-twilio-notifier' is not installed, so not removed
2025-09-20T21:24:17.5370937Z Package 'php-symfony-twitter-notifier' is not installed, so not removed
2025-09-20T21:24:17.5371356Z Package 'php-symfony-vonage-notifier' is not installed, so not removed
2025-09-20T21:24:17.5371771Z Package 'php-symfony-yunpian-notifier' is not installed, so not removed
2025-09-20T21:24:17.5372194Z Package 'php-symfony-zendesk-notifier' is not installed, so not removed
2025-09-20T21:24:17.5372619Z Package 'php-symfony-zulip-notifier' is not installed, so not removed
2025-09-20T21:24:17.5372992Z Package 'php-text-captcha' is not installed, so not removed
2025-09-20T21:24:17.5373348Z Package 'php-text-password' is not installed, so not removed
2025-09-20T21:24:17.5373696Z Package 'php-text-figlet' is not installed, so not removed
2025-09-20T21:24:17.5374062Z Package 'php-text-languagedetect' is not installed, so not removed
2025-09-20T21:24:17.5374419Z Package 'php-text-wiki' is not installed, so not removed
2025-09-20T21:24:17.5374738Z Package 'php-thrift' is not installed, so not removed
2025-09-20T21:24:17.5375275Z Package 'php8.3-tideways' is not installed, so not removed
2025-09-20T21:24:17.5375633Z Package 'php-tideways-all-dev' is not installed, so not removed
2025-09-20T21:24:17.5376066Z Package 'php-tijsverkoyen-css-to-inline-styles' is not installed, so not removed
2025-09-20T21:24:17.5376464Z Package 'php-timer' is not installed, so not removed
2025-09-20T21:24:17.5376777Z Package 'php-twig-doc' is not installed, so not removed
2025-09-20T21:24:17.6676668Z Package 'php-twig-cache-extra' is not installed, so not removed
2025-09-20T21:24:17.6677385Z Package 'php-twig-cssinliner-extra' is not installed, so not removed
2025-09-20T21:24:17.6678040Z Package 'php-twig-extra-bundle' is not installed, so not removed
2025-09-20T21:24:17.6678667Z Package 'php-twig-html-extra' is not installed, so not removed
2025-09-20T21:24:17.6679282Z Package 'php-twig-i18n-extension' is not installed, so not removed
2025-09-20T21:24:17.6679883Z Package 'php-twig-inky-extra' is not installed, so not removed
2025-09-20T21:24:17.6680475Z Package 'php-twig-intl-extra' is not installed, so not removed
2025-09-20T21:24:17.6681076Z Package 'php-twig-markdown-extra' is not installed, so not removed
2025-09-20T21:24:17.6681694Z Package 'php-twig-string-extra' is not installed, so not removed
2025-09-20T21:24:17.6682251Z Package 'php8.3-uopz' is not installed, so not removed
2025-09-20T21:24:17.6682741Z Package 'php-uopz-all-dev' is not installed, so not removed
2025-09-20T21:24:17.6683261Z Package 'php8.3-uploadprogress' is not installed, so not removed
2025-09-20T21:24:17.6683834Z Package 'php-uploadprogress-all-dev' is not installed, so not removed
2025-09-20T21:24:17.6684370Z Package 'php8.3-uuid' is not installed, so not removed
2025-09-20T21:24:17.6685052Z Package 'php-uuid-all-dev' is not installed, so not removed
2025-09-20T21:24:17.6685584Z Package 'php-validate' is not installed, so not removed
2025-09-20T21:24:17.6686083Z Package 'php-vlucas-phpdotenv' is not installed, so not removed
2025-09-20T21:24:17.6686639Z Package 'php-voku-portable-ascii' is not installed, so not removed
2025-09-20T21:24:17.6687158Z Package 'php-wmerrors' is not installed, so not removed
2025-09-20T21:24:17.6687644Z Package 'php-xdebug-all-dev' is not installed, so not removed
2025-09-20T21:24:17.6688139Z Package 'php-xml-svg' is not installed, so not removed
2025-09-20T21:24:17.6688627Z Package 'php8.3-xmlrpc' is not installed, so not removed
2025-09-20T21:24:17.6689119Z Package 'php-xmlrpc-all-dev' is not installed, so not removed
2025-09-20T21:24:17.6689607Z Package 'php8.3-yac' is not installed, so not removed
2025-09-20T21:24:17.6690070Z Package 'php-yac-all-dev' is not installed, so not removed
2025-09-20T21:24:17.6690857Z Package 'php-yaml-all-dev' is not installed, so not removed
2025-09-20T21:24:17.6691343Z Package 'php-zend-code' is not installed, so not removed
2025-09-20T21:24:17.6691852Z Package 'php-zend-eventmanager' is not installed, so not removed
2025-09-20T21:24:17.6692379Z Package 'php-zend-stdlib' is not installed, so not removed
2025-09-20T21:24:17.6692810Z Package 'php-zeroc-ice' is not installed, so not removed
2025-09-20T21:24:17.6693155Z Package 'php-zeta-base' is not installed, so not removed
2025-09-20T21:24:17.6693522Z Package 'php-zeta-console-tools' is not installed, so not removed
2025-09-20T21:24:17.6693912Z Package 'php-zeta-unit-test' is not installed, so not removed
2025-09-20T21:24:17.6694285Z Package 'php-zmq-all-dev' is not installed, so not removed
2025-09-20T21:24:17.6694678Z Package 'php-zumba-json-serializer' is not installed, so not removed
2025-09-20T21:24:17.6695224Z Package 'php8.3-libvirt-php' is not installed, so not removed
2025-09-20T21:24:17.6695572Z Package 'phpab' is not installed, so not removed
2025-09-20T21:24:17.6695882Z Package 'phpcpd' is not installed, so not removed
2025-09-20T21:24:17.6696220Z Package 'phpunit-cli-parser' is not installed, so not removed
2025-09-20T21:24:17.6696581Z Package 'phpldapadmin' is not installed, so not removed
2025-09-20T21:24:17.6697079Z Package 'phpliteadmin' is not installed, so not removed
2025-09-20T21:24:17.6697455Z Package 'phpliteadmin-themes' is not installed, so not removed
2025-09-20T21:24:17.6697802Z Package 'phploc' is not installed, so not removed
2025-09-20T21:24:17.6698118Z Package 'phppgadmin' is not installed, so not removed
2025-09-20T21:24:17.6698447Z Package 'phpsysinfo' is not installed, so not removed
2025-09-20T21:24:17.6698791Z Package 'phpunit-code-unit' is not installed, so not removed
2025-09-20T21:24:17.6699145Z Package 'phpunit-diff' is not installed, so not removed
2025-09-20T21:24:17.6699500Z Package 'phpunit-exporter' is not installed, so not removed
2025-09-20T21:24:17.6699887Z Package 'phpunit-global-state' is not installed, so not removed
2025-09-20T21:24:17.6700306Z Package 'phpunit-object-enumerator' is not installed, so not removed
2025-09-20T21:24:17.6700749Z Package 'phpunit-resource-operations' is not installed, so not removed
2025-09-20T21:24:17.6701149Z Package 'phpunit-type' is not installed, so not removed
2025-09-20T21:24:17.6701544Z Package 'phpunit-object-reflector' is not installed, so not removed
2025-09-20T21:24:17.6701941Z Package 'phpwebcounter' is not installed, so not removed
2025-09-20T21:24:17.6702361Z Package 'phpwebcounter-extra' is not installed, so not removed
2025-09-20T21:24:17.6702751Z Package 'python3-phply' is not installed, so not removed
2025-09-20T21:24:17.6703124Z Package 'python3-phpserialize' is not installed, so not removed
2025-09-20T21:24:17.6703563Z Package 'python3-sphinxcontrib.phpdomain' is not installed, so not removed
2025-09-20T21:24:17.6703970Z Package 'simplesamlphp' is not installed, so not removed
2025-09-20T21:24:17.6704293Z Package 'slbackup-php' is not installed, so not removed
2025-09-20T21:24:17.6704626Z Package 'uwsgi-plugin-php' is not installed, so not removed
2025-09-20T21:24:17.6705132Z Package 'weechat-php' is not installed, so not removed
2025-09-20T21:24:17.6705532Z Package 'php-mythtv' is not installed, so not removed
2025-09-20T21:24:17.6705816Z The following packages will be REMOVED:
2025-09-20T21:24:17.6706173Z   php-common php-pear php8.3 php8.3-amqp php8.3-apcu php8.3-bcmath php8.3-bz2
2025-09-20T21:24:17.6706598Z   php8.3-cgi php8.3-cli php8.3-common php8.3-curl php8.3-dba php8.3-dev
2025-09-20T21:24:17.6706980Z   php8.3-enchant php8.3-fpm php8.3-gd php8.3-gmp php8.3-igbinary
2025-09-20T21:24:17.6707365Z   php8.3-imagick php8.3-imap php8.3-interbase php8.3-intl php8.3-ldap
2025-09-20T21:24:17.6707746Z   php8.3-mbstring php8.3-memcache php8.3-memcached php8.3-mongodb
2025-09-20T21:24:17.6708125Z   php8.3-msgpack php8.3-mysql php8.3-odbc php8.3-opcache php8.3-pcov
2025-09-20T21:24:17.6708512Z   php8.3-pgsql php8.3-phpdbg php8.3-pspell php8.3-readline php8.3-redis
2025-09-20T21:24:17.6709038Z   php8.3-snmp php8.3-soap php8.3-sqlite3 php8.3-sybase php8.3-tidy
2025-09-20T21:24:17.6709411Z   php8.3-xdebug php8.3-xml php8.3-xsl php8.3-yaml php8.3-zip php8.3-zmq
2025-09-20T21:24:17.9208501Z 0 upgraded, 0 newly installed, 48 to remove and 6 not upgraded.
2025-09-20T21:24:17.9208972Z After this operation, 58.9 MB disk space will be freed.
2025-09-20T21:24:17.9406622Z (Reading database ... 
2025-09-20T21:24:17.9407047Z (Reading database ... 5%
2025-09-20T21:24:17.9407451Z (Reading database ... 10%
2025-09-20T21:24:17.9407821Z (Reading database ... 15%
2025-09-20T21:24:17.9408189Z (Reading database ... 20%
2025-09-20T21:24:17.9408547Z (Reading database ... 25%
2025-09-20T21:24:17.9408920Z (Reading database ... 30%
2025-09-20T21:24:17.9409280Z (Reading database ... 35%
2025-09-20T21:24:17.9409648Z (Reading database ... 40%
2025-09-20T21:24:17.9410014Z (Reading database ... 45%
2025-09-20T21:24:17.9410380Z (Reading database ... 50%
2025-09-20T21:24:17.9426023Z (Reading database ... 55%
2025-09-20T21:24:17.9526480Z (Reading database ... 60%
2025-09-20T21:24:17.9551392Z (Reading database ... 65%
2025-09-20T21:24:17.9581959Z (Reading database ... 70%
2025-09-20T21:24:17.9599850Z (Reading database ... 75%
2025-09-20T21:24:17.9620467Z (Reading database ... 80%
2025-09-20T21:24:17.9751983Z (Reading database ... 85%
2025-09-20T21:24:17.9981372Z (Reading database ... 90%
2025-09-20T21:24:18.0052185Z (Reading database ... 95%
2025-09-20T21:24:18.0052676Z (Reading database ... 100%
2025-09-20T21:24:18.0053329Z (Reading database ... 204079 files and directories currently installed.)
2025-09-20T21:24:18.0095386Z Removing php8.3-zip (8.3.6-0ubuntu0.24.04.5) ...
2025-09-20T21:24:18.2713565Z Removing php8.3-sybase (8.3.6-0ubuntu0.24.04.5) ...
2025-09-20T21:24:18.4239734Z Removing php-pear (1:1.10.13+submodules+notgz+2022032202-2build1) ...
2025-09-20T21:24:18.7230534Z Removing php8.3 (8.3.6-0ubuntu0.24.04.5) ...
2025-09-20T21:24:18.7520785Z Removing php8.3-amqp (1.11.0-5ubuntu1) ...
2025-09-20T21:24:18.8873514Z Removing php8.3-apcu (5.1.22+4.0.11-2ubuntu1) ...
2025-09-20T21:24:19.0479597Z Removing php8.3-bcmath (8.3.6-0ubuntu0.24.04.5) ...
2025-09-20T21:24:19.2012914Z Removing php8.3-bz2 (8.3.6-0ubuntu0.24.04.5) ...
2025-09-20T21:24:19.3568835Z Removing php8.3-zmq (1.1.3-24ubuntu1) ...
2025-09-20T21:24:19.4947543Z Removing php8.3-yaml (2.2.2+2.1.0+2.0.4+1.3.2-6ubuntu1) ...
2025-09-20T21:24:19.6318461Z Removing php8.3-cgi (8.3.6-0ubuntu0.24.04.5) ...
2025-09-20T21:24:21.6557657Z apache2_invoke php8.3-cgi prerm: No action required
2025-09-20T21:24:21.6931408Z Removing php8.3-dev (8.3.6-0ubuntu0.24.04.5) ...
2025-09-20T21:24:21.9103807Z Removing php8.3-xdebug (3.2.0+3.1.6+2.9.8+2.8.1+2.5.5-3ubuntu1) ...
2025-09-20T21:24:22.0261935Z Removing php8.3-phpdbg (8.3.6-0ubuntu0.24.04.5) ...
2025-09-20T21:24:23.5279574Z Removing php8.3-redis (5.3.7+4.3.0-3ubuntu1) ...
2025-09-20T21:24:23.6262272Z Removing php8.3-xsl (8.3.6-0ubuntu0.24.04.5) ...
2025-09-20T21:24:23.6477858Z Removing php8.3-soap (8.3.6-0ubuntu0.24.04.5) ...
2025-09-20T21:24:23.7606051Z Removing php8.3-curl (8.3.6-0ubuntu0.24.04.5) ...
2025-09-20T21:24:23.8676139Z Removing php8.3-dba (8.3.6-0ubuntu0.24.04.5) ...
2025-09-20T21:24:23.9736748Z Removing php8.3-enchant (8.3.6-0ubuntu0.24.04.5) ...
2025-09-20T21:24:24.0826832Z Removing php8.3-pcov (1.0.11-5ubuntu1) ...
2025-09-20T21:24:24.1645043Z Removing php8.3-fpm (8.3.6-0ubuntu0.24.04.5) ...
2025-09-20T21:24:25.5753721Z apache2_invoke php8.3-fpm prerm: No action required
2025-09-20T21:24:25.6501872Z Removing php8.3-gd (8.3.6-0ubuntu0.24.04.5) ...
2025-09-20T21:24:25.7435284Z Removing php8.3-gmp (8.3.6-0ubuntu0.24.04.5) ...
2025-09-20T21:24:25.8317609Z Removing php8.3-memcached (3.2.0+2.2.0-4ubuntu3) ...
2025-09-20T21:24:25.9063442Z Removing php8.3-igbinary (3.2.13-1ubuntu3) ...
2025-09-20T21:24:26.0019208Z Removing php8.3-imagick (3.7.0-4ubuntu3) ...
2025-09-20T21:24:26.0817703Z Removing php8.3-imap (8.3.6-0ubuntu0.24.04.5) ...
2025-09-20T21:24:26.1713095Z Removing php8.3-interbase (8.3.6-0ubuntu0.24.04.5) ...
2025-09-20T21:24:26.2583334Z Removing php8.3-intl (8.3.6-0ubuntu0.24.04.5) ...
2025-09-20T21:24:26.3474756Z Removing php8.3-ldap (8.3.6-0ubuntu0.24.04.5) ...
2025-09-20T21:24:26.4375671Z Removing php8.3-mbstring (8.3.6-0ubuntu0.24.04.5) ...
2025-09-20T21:24:26.5247778Z Removing php8.3-memcache (8.0+4.0.5.2+3.0.9~20170802.e702b5f9+-8ubuntu1) ...
2025-09-20T21:24:26.5988241Z Removing php8.3-mongodb (1.15.0+1.11.1+1.9.2+1.7.5-1ubuntu3) ...
2025-09-20T21:24:26.6794154Z Removing php8.3-msgpack (1:2.2.0~rc2-3ubuntu1) ...
2025-09-20T21:24:26.7586035Z Removing php8.3-mysql (8.3.6-0ubuntu0.24.04.5) ...
2025-09-20T21:24:26.9087615Z Removing php8.3-odbc (8.3.6-0ubuntu0.24.04.5) ...
2025-09-20T21:24:27.0276263Z Removing php8.3-pgsql (8.3.6-0ubuntu0.24.04.5) ...
2025-09-20T21:24:27.1497883Z Removing php8.3-pspell (8.3.6-0ubuntu0.24.04.5) ...
2025-09-20T21:24:27.2400739Z Removing php8.3-snmp (8.3.6-0ubuntu0.24.04.5) ...
2025-09-20T21:24:27.3277308Z Removing php8.3-sqlite3 (8.3.6-0ubuntu0.24.04.5) ...
2025-09-20T21:24:27.4513576Z Removing php8.3-tidy (8.3.6-0ubuntu0.24.04.5) ...
2025-09-20T21:24:27.5396500Z Removing php8.3-xml (8.3.6-0ubuntu0.24.04.5) ...
2025-09-20T21:24:27.7851266Z Removing php8.3-cli (8.3.6-0ubuntu0.24.04.5) ...
2025-09-20T21:24:28.3365634Z Removing php8.3-opcache (8.3.6-0ubuntu0.24.04.5) ...
2025-09-20T21:24:28.4017857Z Removing php8.3-readline (8.3.6-0ubuntu0.24.04.5) ...
2025-09-20T21:24:28.4683465Z Removing php8.3-common (8.3.6-0ubuntu0.24.04.5) ...
2025-09-20T21:24:28.6738806Z Removing php-common (2:93ubuntu2) ...
2025-09-20T21:24:28.7159959Z Stopping 'phpsessionclean.service', but its triggering units are still active:
2025-09-20T21:24:28.7160568Z 
2025-09-20T21:24:28.7160716Z phpsessionclean.timer
2025-09-20T21:24:28.7160941Z 
2025-09-20T21:24:29.3160921Z Processing triggers for man-db (2.12.0-4build2) ...
2025-09-20T21:24:41.6454569Z Reading package lists...
2025-09-20T21:24:41.8161053Z Building dependency tree...
2025-09-20T21:24:41.8169437Z Reading state information...
2025-09-20T21:24:42.0721108Z Package 'mongodb-dev' is not installed, so not removed
2025-09-20T21:24:42.0721784Z Package 'mongodb-server' is not installed, so not removed
2025-09-20T21:24:42.0722411Z 0 upgraded, 0 newly installed, 0 to remove and 6 not upgraded.
2025-09-20T21:24:42.0964570Z Reading package lists...
2025-09-20T21:24:42.2780934Z Building dependency tree...
2025-09-20T21:24:42.2791133Z Reading state information...
2025-09-20T21:24:42.5253153Z Package 'mysql-client-5.7' is not installed, so not removed
2025-09-20T21:24:42.5253956Z Package 'mysql-client-core-5.7' is not installed, so not removed
2025-09-20T21:24:42.5254513Z Package 'mysql-server-5.5' is not installed, so not removed
2025-09-20T21:24:42.5255445Z Package 'mysql-server-5.7' is not installed, so not removed
2025-09-20T21:24:42.5256068Z Package 'mysql-server-core-5.7' is not installed, so not removed
2025-09-20T21:24:42.5256642Z Package 'mysql-client-core-5.5' is not installed, so not removed
2025-09-20T21:24:42.5257196Z Package 'mysql-client-core-5.6' is not installed, so not removed
2025-09-20T21:24:42.5257901Z Package 'mysql-client-5.5' is not installed, so not removed
2025-09-20T21:24:42.5258407Z Package 'mysql-client-5.6' is not installed, so not removed
2025-09-20T21:24:42.5259059Z Package 'mysql-cluster-community-client-plugins' is not installed, so not removed
2025-09-20T21:24:42.5259738Z Package 'mysql-server-core-5.5' is not installed, so not removed
2025-09-20T21:24:42.5260334Z Package 'mysql-server-core-5.6' is not installed, so not removed
2025-09-20T21:24:42.5260904Z Package 'mysql-server-5.6' is not installed, so not removed
2025-09-20T21:24:42.5261408Z Package 'mysql-testsuite-5.5' is not installed, so not removed
2025-09-20T21:24:42.5261934Z Package 'mysql-testsuite-5.6' is not installed, so not removed
2025-09-20T21:24:42.5262452Z Package 'mysql-testsuite-5.7' is not installed, so not removed
2025-09-20T21:24:42.5262950Z Package 'mysql-testsuite' is not installed, so not removed
2025-09-20T21:24:42.5263458Z Package 'mysql-testsuite-8.0' is not installed, so not removed
2025-09-20T21:24:42.5264277Z Package 'mysql-router' is not installed, so not removed
2025-09-20T21:24:42.5264752Z Package 'mysql-sandbox' is not installed, so not removed
2025-09-20T21:24:42.5265467Z Package 'mysql-shell' is not installed, so not removed
2025-09-20T21:24:42.5265946Z Package 'mysql-source-8.0' is not installed, so not removed
2025-09-20T21:24:42.5266385Z The following packages will be REMOVED:
2025-09-20T21:24:42.5266885Z   libmysqlclient-dev libmysqlclient21 mysql-client mysql-client-8.0
2025-09-20T21:24:42.5267487Z   mysql-client-core-8.0 mysql-common mysql-server mysql-server-8.0
2025-09-20T21:24:42.5267957Z   mysql-server-core-8.0 sphinxsearch
2025-09-20T21:24:42.7756627Z 0 upgraded, 0 newly installed, 10 to remove and 6 not upgraded.
2025-09-20T21:24:42.7757648Z After this operation, 209 MB disk space will be freed.
2025-09-20T21:24:42.7935703Z (Reading database ... 
2025-09-20T21:24:42.7936217Z (Reading database ... 5%
2025-09-20T21:24:42.7937767Z (Reading database ... 10%
2025-09-20T21:24:42.7938079Z (Reading database ... 15%
2025-09-20T21:24:42.7938535Z (Reading database ... 20%
2025-09-20T21:24:42.7938985Z (Reading database ... 25%
2025-09-20T21:24:42.7939402Z (Reading database ... 30%
2025-09-20T21:24:42.7939773Z (Reading database ... 35%
2025-09-20T21:24:42.7940440Z (Reading database ... 40%
2025-09-20T21:24:42.7940851Z (Reading database ... 45%
2025-09-20T21:24:42.7941123Z (Reading database ... 50%
2025-09-20T21:24:42.7941387Z (Reading database ... 55%
2025-09-20T21:24:42.8050663Z (Reading database ... 60%
2025-09-20T21:24:42.8077017Z (Reading database ... 65%
2025-09-20T21:24:42.8107281Z (Reading database ... 70%
2025-09-20T21:24:42.8126609Z (Reading database ... 75%
2025-09-20T21:24:42.8141873Z (Reading database ... 80%
2025-09-20T21:24:42.8269245Z (Reading database ... 85%
2025-09-20T21:24:42.8320032Z (Reading database ... 90%
2025-09-20T21:24:42.8569110Z (Reading database ... 95%
2025-09-20T21:24:42.8569500Z (Reading database ... 100%
2025-09-20T21:24:42.8569953Z (Reading database ... 203084 files and directories currently installed.)
2025-09-20T21:24:42.8606613Z Removing libmysqlclient-dev (8.0.43-0ubuntu0.24.04.1) ...
2025-09-20T21:24:42.9129998Z Removing sphinxsearch (2.2.11-8build1) ...
2025-09-20T21:24:43.0134380Z Removing libmysqlclient21:amd64 (8.0.43-0ubuntu0.24.04.1) ...
2025-09-20T21:24:43.0332698Z Removing mysql-client (8.0.43-0ubuntu0.24.04.1) ...
2025-09-20T21:24:43.0633953Z Removing mysql-server (8.0.43-0ubuntu0.24.04.1) ...
2025-09-20T21:24:43.0831145Z Removing mysql-server-8.0 (8.0.43-0ubuntu0.24.04.1) ...
2025-09-20T21:24:43.4285769Z update-alternatives: using /etc/mysql/my.cnf.fallback to provide /etc/mysql/my.cnf (my.cnf) in auto mode
2025-09-20T21:24:43.4665547Z Removing mysql-client-8.0 (8.0.43-0ubuntu0.24.04.1) ...
2025-09-20T21:24:43.4867029Z Removing mysql-client-core-8.0 (8.0.43-0ubuntu0.24.04.1) ...
2025-09-20T21:24:43.5022946Z Removing mysql-common (5.8+1.1.0build1) ...
2025-09-20T21:24:43.5652595Z Removing mysql-server-core-8.0 (8.0.43-0ubuntu0.24.04.1) ...
2025-09-20T21:24:43.7533173Z Processing triggers for man-db (2.12.0-4build2) ...
2025-09-20T21:24:47.6823639Z Processing triggers for libc-bin (2.39-0ubuntu8.5) ...
2025-09-20T21:24:48.7350643Z Reading package lists...
2025-09-20T21:24:48.9146997Z Building dependency tree...
2025-09-20T21:24:48.9154645Z Reading state information...
2025-09-20T21:24:49.0910417Z Package 'mono-devel' is not installed, so not removed
2025-09-20T21:24:49.0911073Z The following packages will be REMOVED:
2025-09-20T21:24:49.0911623Z   azure-cli firefox google-chrome-stable libgl1 libgl1-mesa-dri libglx-mesa0
2025-09-20T21:24:49.0917663Z   libglx0 powershell xvfb
2025-09-20T21:24:49.3516262Z 0 upgraded, 0 newly installed, 9 to remove and 4 not upgraded.
2025-09-20T21:24:49.3517282Z After this operation, 1461 MB disk space will be freed.
2025-09-20T21:24:49.3695954Z (Reading database ... 
2025-09-20T21:24:49.3697231Z (Reading database ... 5%
2025-09-20T21:24:49.3697716Z (Reading database ... 10%
2025-09-20T21:24:49.3698486Z (Reading database ... 15%
2025-09-20T21:24:49.3698921Z (Reading database ... 20%
2025-09-20T21:24:49.3699379Z (Reading database ... 25%
2025-09-20T21:24:49.3699816Z (Reading database ... 30%
2025-09-20T21:24:49.3700243Z (Reading database ... 35%
2025-09-20T21:24:49.3700663Z (Reading database ... 40%
2025-09-20T21:24:49.3701201Z (Reading database ... 45%
2025-09-20T21:24:49.3701578Z (Reading database ... 50%
2025-09-20T21:24:49.3701974Z (Reading database ... 55%
2025-09-20T21:24:49.3822929Z (Reading database ... 60%
2025-09-20T21:24:49.3851299Z (Reading database ... 65%
2025-09-20T21:24:49.3881621Z (Reading database ... 70%
2025-09-20T21:24:49.3904541Z (Reading database ... 75%
2025-09-20T21:24:49.3921805Z (Reading database ... 80%
2025-09-20T21:24:49.4057012Z (Reading database ... 85%
2025-09-20T21:24:49.4110023Z (Reading database ... 90%
2025-09-20T21:24:49.4364297Z (Reading database ... 95%
2025-09-20T21:24:49.4364752Z (Reading database ... 100%
2025-09-20T21:24:49.4365684Z (Reading database ... 202809 files and directories currently installed.)
2025-09-20T21:24:49.4403858Z Removing azure-cli (2.77.0-1~noble) ...
2025-09-20T21:25:08.1426316Z Removing firefox (142.0.1+build1-0ubuntu0.24.04.1~mt1) ...
2025-09-20T21:25:08.3283202Z Removing google-chrome-stable (140.0.7339.80-1) ...
2025-09-20T21:25:08.6558300Z Removing xvfb (2:21.1.12-1ubuntu1.4) ...
2025-09-20T21:25:08.6764978Z Removing libgl1:amd64 (1.7.0-1build1) ...
2025-09-20T21:25:08.7118053Z Removing libglx0:amd64 (1.7.0-1build1) ...
2025-09-20T21:25:08.7526649Z Removing libglx-mesa0:amd64 (25.0.7-0ubuntu0.24.04.2) ...
2025-09-20T21:25:08.7873558Z Removing libgl1-mesa-dri:amd64 (25.0.7-0ubuntu0.24.04.2) ...
2025-09-20T21:25:08.8503719Z Removing powershell (7.4.11-1.deb) ...
2025-09-20T21:25:09.2080382Z Processing triggers for libc-bin (2.39-0ubuntu8.5) ...
2025-09-20T21:25:09.2220938Z Processing triggers for man-db (2.12.0-4build2) ...
2025-09-20T21:25:12.9807918Z Processing triggers for hicolor-icon-theme (0.17-2) ...
2025-09-20T21:25:15.5815668Z Reading package lists...
2025-09-20T21:25:15.7583454Z Building dependency tree...
2025-09-20T21:25:15.7592695Z Reading state information...
2025-09-20T21:25:15.9299265Z Package 'google-cloud-sdk' is not installed, so not removed
2025-09-20T21:25:15.9299916Z 0 upgraded, 0 newly installed, 0 to remove and 4 not upgraded.
2025-09-20T21:25:15.9536269Z Reading package lists...
2025-09-20T21:25:16.1380676Z Building dependency tree...
2025-09-20T21:25:16.1387901Z Reading state information...
2025-09-20T21:25:16.3000310Z The following packages will be REMOVED:
2025-09-20T21:25:16.3005790Z   google-cloud-cli google-cloud-cli-anthoscli
2025-09-20T21:25:16.5311350Z 0 upgraded, 0 newly installed, 2 to remove and 4 not upgraded.
2025-09-20T21:25:16.5312069Z After this operation, 665 MB disk space will be freed.
2025-09-20T21:25:16.5474138Z (Reading database ... 
2025-09-20T21:25:16.5474658Z (Reading database ... 5%
2025-09-20T21:25:16.5475364Z (Reading database ... 10%
2025-09-20T21:25:16.5475768Z (Reading database ... 15%
2025-09-20T21:25:16.5476137Z (Reading database ... 20%
2025-09-20T21:25:16.5476485Z (Reading database ... 25%
2025-09-20T21:25:16.5476838Z (Reading database ... 30%
2025-09-20T21:25:16.5477177Z (Reading database ... 35%
2025-09-20T21:25:16.5478000Z (Reading database ... 40%
2025-09-20T21:25:16.5478506Z (Reading database ... 45%
2025-09-20T21:25:16.5479071Z (Reading database ... 50%
2025-09-20T21:25:16.5479545Z (Reading database ... 55%
2025-09-20T21:25:16.5592044Z (Reading database ... 60%
2025-09-20T21:25:16.5611126Z (Reading database ... 65%
2025-09-20T21:25:16.5646888Z (Reading database ... 70%
2025-09-20T21:25:16.5669777Z (Reading database ... 75%
2025-09-20T21:25:16.5685092Z (Reading database ... 80%
2025-09-20T21:25:16.5708542Z (Reading database ... 85%
2025-09-20T21:25:16.5757656Z (Reading database ... 90%
2025-09-20T21:25:16.6026502Z (Reading database ... 95%
2025-09-20T21:25:16.6027046Z (Reading database ... 100%
2025-09-20T21:25:16.6027547Z (Reading database ... 171984 files and directories currently installed.)
2025-09-20T21:25:16.6061434Z Removing google-cloud-cli-anthoscli (537.0.0-0) ...
2025-09-20T21:25:59.4116563Z Removing google-cloud-cli (537.0.0-0) ...
2025-09-20T21:26:36.0282698Z ##[error]The operation was canceled.
2025-09-20T21:26:36.0410178Z Post job cleanup.
2025-09-20T21:26:36.1457047Z [command]/usr/bin/git version
2025-09-20T21:26:36.1457907Z git version 2.51.0
2025-09-20T21:26:36.1508035Z Temporarily overriding HOME='/home/runner/work/_temp/e7a30981-b00a-472b-866f-e0ae65b42c5b' before making global git config changes
2025-09-20T21:26:36.1509472Z Adding repository directory to the temporary git global config as a safe directory
2025-09-20T21:26:36.1514035Z [command]/usr/bin/git config --global --add safe.directory /home/runner/work/Citadel-Protocol/Citadel-Protocol
2025-09-20T21:26:36.1551216Z [command]/usr/bin/git config --local --name-only --get-regexp core\.sshCommand
2025-09-20T21:26:36.1585377Z [command]/usr/bin/git submodule foreach --recursive sh -c "git config --local --name-only --get-regexp 'core\.sshCommand' && git config --local --unset-all 'core.sshCommand' || :"
2025-09-20T21:26:36.1826740Z [command]/usr/bin/git config --local --name-only --get-regexp http\.https\:\/\/github\.com\/\.extraheader
2025-09-20T21:26:36.1850451Z http.https://github.com/.extraheader
2025-09-20T21:26:36.1864755Z [command]/usr/bin/git config --local --unset-all http.https://github.com/.extraheader
2025-09-20T21:26:36.1897828Z [command]/usr/bin/git submodule foreach --recursive sh -c "git config --local --name-only --get-regexp 'http\.https\:\/\/github\.com\/\.extraheader' && git config --local --unset-all 'http.https://github.com/.extraheader' || :"
2025-09-20T21:26:36.2244516Z Cleaning up orphan processes
