2025-09-20T21:24:54.0017322Z Current runner version: '2.328.0'
2025-09-20T21:24:54.0041794Z ##[group]Runner Image Provisioner
2025-09-20T21:24:54.0042696Z Hosted Compute Agent
2025-09-20T21:24:54.0043243Z Version: 20250829.383
2025-09-20T21:24:54.0043809Z Commit: 27cb235aab5b0e52e153a26cd86b4742e89dac5d
2025-09-20T21:24:54.0044549Z Build Date: 2025-08-29T13:48:48Z
2025-09-20T21:24:54.0045089Z ##[endgroup]
2025-09-20T21:24:54.0045636Z ##[group]Operating System
2025-09-20T21:24:54.0046188Z Ubuntu
2025-09-20T21:24:54.0046859Z 24.04.3
2025-09-20T21:24:54.0047286Z LTS
2025-09-20T21:24:54.0047777Z ##[endgroup]
2025-09-20T21:24:54.0048280Z ##[group]Runner Image
2025-09-20T21:24:54.0048808Z Image: ubuntu-24.04
2025-09-20T21:24:54.0049335Z Version: 20250907.24.1
2025-09-20T21:24:54.0050311Z Included Software: https://github.com/actions/runner-images/blob/ubuntu24/20250907.24/images/ubuntu/Ubuntu2404-Readme.md
2025-09-20T21:24:54.0051839Z Image Release: https://github.com/actions/runner-images/releases/tag/ubuntu24%2F20250907.24
2025-09-20T21:24:54.0052908Z ##[endgroup]
2025-09-20T21:24:54.0055275Z ##[group]GITHUB_TOKEN Permissions
2025-09-20T21:24:54.0057644Z Actions: write
2025-09-20T21:24:54.0058207Z Attestations: write
2025-09-20T21:24:54.0058669Z Checks: write
2025-09-20T21:24:54.0059288Z Contents: write
2025-09-20T21:24:54.0059837Z Deployments: write
2025-09-20T21:24:54.0060354Z Discussions: write
2025-09-20T21:24:54.0060884Z Issues: write
2025-09-20T21:24:54.0061361Z Metadata: read
2025-09-20T21:24:54.0061807Z Models: read
2025-09-20T21:24:54.0062335Z Packages: write
2025-09-20T21:24:54.0062832Z Pages: write
2025-09-20T21:24:54.0063319Z PullRequests: write
2025-09-20T21:24:54.0063890Z RepositoryProjects: write
2025-09-20T21:24:54.0064412Z SecurityEvents: write
2025-09-20T21:24:54.0065030Z Statuses: write
2025-09-20T21:24:54.0065530Z ##[endgroup]
2025-09-20T21:24:54.0067929Z Secret source: Actions
2025-09-20T21:24:54.0068594Z Prepare workflow directory
2025-09-20T21:24:54.0653518Z Prepare all required actions
2025-09-20T21:24:54.0692666Z Getting action download info
2025-09-20T21:24:54.4852475Z Download action repository 'actions/checkout@v4' (SHA:08eba0b27e820071cde6df949e0beb9ba4906955)
2025-09-20T21:24:54.6775146Z Download action repository 'jlumbroso/free-disk-space@main' (SHA:54081f138730dfa15788a46383842cd2f914a1be)
2025-09-20T21:24:55.2620658Z Uses: Avarok-Cybersecurity/Citadel-Protocol/.github/workflows/validate.yml@refs/pull/236/merge (7edf0bb75f061919add02f6d6a82672c0b2e9654)
2025-09-20T21:24:55.2627272Z Complete job name: Validate PR / docker_nat_p2p (port_restricted, full_cone)
2025-09-20T21:24:55.3358725Z ##[group]Run actions/checkout@v4
2025-09-20T21:24:55.3360028Z with:
2025-09-20T21:24:55.3360950Z   repository: Avarok-Cybersecurity/Citadel-Protocol
2025-09-20T21:24:55.3362376Z   token: ***
2025-09-20T21:24:55.3363145Z   ssh-strict: true
2025-09-20T21:24:55.3363929Z   ssh-user: git
2025-09-20T21:24:55.3364741Z   persist-credentials: true
2025-09-20T21:24:55.3365640Z   clean: true
2025-09-20T21:24:55.3366688Z   sparse-checkout-cone-mode: true
2025-09-20T21:24:55.3367752Z   fetch-depth: 1
2025-09-20T21:24:55.3368529Z   fetch-tags: false
2025-09-20T21:24:55.3369359Z   show-progress: true
2025-09-20T21:24:55.3370164Z   lfs: false
2025-09-20T21:24:55.3370923Z   submodules: false
2025-09-20T21:24:55.3371745Z   set-safe-directory: true
2025-09-20T21:24:55.3372906Z env:
2025-09-20T21:24:55.3373636Z   CARGO_TERM_COLOR: always
2025-09-20T21:24:55.3374528Z   RUST_BACKTRACE: full
2025-09-20T21:24:55.3375361Z   RUST_MIN_STACK: 40971520
2025-09-20T21:24:55.3376443Z   RUST_LOG: citadel=warn
2025-09-20T21:24:55.3377402Z   IN_CI: true
2025-09-20T21:24:55.3378201Z   NAT_TYPE_PEER_A: port_restricted
2025-09-20T21:24:55.3379199Z   NAT_TYPE_PEER_B: full_cone
2025-09-20T21:24:55.3380092Z ##[endgroup]
2025-09-20T21:24:55.4475406Z Syncing repository: Avarok-Cybersecurity/Citadel-Protocol
2025-09-20T21:24:55.4478718Z ##[group]Getting Git version info
2025-09-20T21:24:55.4480216Z Working directory is '/home/runner/work/Citadel-Protocol/Citadel-Protocol'
2025-09-20T21:24:55.4482599Z [command]/usr/bin/git version
2025-09-20T21:24:55.4571150Z git version 2.51.0
2025-09-20T21:24:55.4598110Z ##[endgroup]
2025-09-20T21:24:55.4612884Z Temporarily overriding HOME='/home/runner/work/_temp/3552c261-499c-4368-b8f5-a470c7ee3297' before making global git config changes
2025-09-20T21:24:55.4615487Z Adding repository directory to the temporary git global config as a safe directory
2025-09-20T21:24:55.4619320Z [command]/usr/bin/git config --global --add safe.directory /home/runner/work/Citadel-Protocol/Citadel-Protocol
2025-09-20T21:24:55.4659023Z Deleting the contents of '/home/runner/work/Citadel-Protocol/Citadel-Protocol'
2025-09-20T21:24:55.4662797Z ##[group]Initializing the repository
2025-09-20T21:24:55.4667962Z [command]/usr/bin/git init /home/runner/work/Citadel-Protocol/Citadel-Protocol
2025-09-20T21:24:55.4773267Z hint: Using 'master' as the name for the initial branch. This default branch name
2025-09-20T21:24:55.4775459Z hint: is subject to change. To configure the initial branch name to use in all
2025-09-20T21:24:55.4778045Z hint: of your new repositories, which will suppress this warning, call:
2025-09-20T21:24:55.4779847Z hint:
2025-09-20T21:24:55.4781430Z hint: 	git config --global init.defaultBranch <name>
2025-09-20T21:24:55.4783389Z hint:
2025-09-20T21:24:55.4785285Z hint: Names commonly chosen instead of 'master' are 'main', 'trunk' and
2025-09-20T21:24:55.4788580Z hint: 'development'. The just-created branch can be renamed via this command:
2025-09-20T21:24:55.4791045Z hint:
2025-09-20T21:24:55.4792397Z hint: 	git branch -m <name>
2025-09-20T21:24:55.4793861Z hint:
2025-09-20T21:24:55.4795760Z hint: Disable this message with "git config set advice.defaultBranchName false"
2025-09-20T21:24:55.4799121Z Initialized empty Git repository in /home/runner/work/Citadel-Protocol/Citadel-Protocol/.git/
2025-09-20T21:24:55.4802571Z [command]/usr/bin/git remote add origin https://github.com/Avarok-Cybersecurity/Citadel-Protocol
2025-09-20T21:24:55.4833680Z ##[endgroup]
2025-09-20T21:24:55.4836091Z ##[group]Disabling automatic garbage collection
2025-09-20T21:24:55.4838461Z [command]/usr/bin/git config --local gc.auto 0
2025-09-20T21:24:55.4869278Z ##[endgroup]
2025-09-20T21:24:55.4871605Z ##[group]Setting up auth
2025-09-20T21:24:55.4877450Z [command]/usr/bin/git config --local --name-only --get-regexp core\.sshCommand
2025-09-20T21:24:55.4911101Z [command]/usr/bin/git submodule foreach --recursive sh -c "git config --local --name-only --get-regexp 'core\.sshCommand' && git config --local --unset-all 'core.sshCommand' || :"
2025-09-20T21:24:55.5264310Z [command]/usr/bin/git config --local --name-only --get-regexp http\.https\:\/\/github\.com\/\.extraheader
2025-09-20T21:24:55.5296702Z [command]/usr/bin/git submodule foreach --recursive sh -c "git config --local --name-only --get-regexp 'http\.https\:\/\/github\.com\/\.extraheader' && git config --local --unset-all 'http.https://github.com/.extraheader' || :"
2025-09-20T21:24:55.5521414Z [command]/usr/bin/git config --local http.https://github.com/.extraheader AUTHORIZATION: basic ***
2025-09-20T21:24:55.5557567Z ##[endgroup]
2025-09-20T21:24:55.5559000Z ##[group]Fetching the repository
2025-09-20T21:24:55.5566691Z [command]/usr/bin/git -c protocol.version=2 fetch --no-tags --prune --no-recurse-submodules --depth=1 origin +7edf0bb75f061919add02f6d6a82672c0b2e9654:refs/remotes/pull/236/merge
2025-09-20T21:24:56.1482095Z From https://github.com/Avarok-Cybersecurity/Citadel-Protocol
2025-09-20T21:24:56.1484553Z  * [new ref]         7edf0bb75f061919add02f6d6a82672c0b2e9654 -> pull/236/merge
2025-09-20T21:24:56.1516626Z ##[endgroup]
2025-09-20T21:24:56.1518767Z ##[group]Determining the checkout info
2025-09-20T21:24:56.1521129Z ##[endgroup]
2025-09-20T21:24:56.1524141Z [command]/usr/bin/git sparse-checkout disable
2025-09-20T21:24:56.1567331Z [command]/usr/bin/git config --local --unset-all extensions.worktreeConfig
2025-09-20T21:24:56.1596432Z ##[group]Checking out the ref
2025-09-20T21:24:56.1599690Z [command]/usr/bin/git checkout --progress --force refs/remotes/pull/236/merge
2025-09-20T21:24:56.6708512Z Note: switching to 'refs/remotes/pull/236/merge'.
2025-09-20T21:24:56.6709414Z 
2025-09-20T21:24:56.6710134Z You are in 'detached HEAD' state. You can look around, make experimental
2025-09-20T21:24:56.6711814Z changes and commit them, and you can discard any commits you make in this
2025-09-20T21:24:56.6713346Z state without impacting any branches by switching back to a branch.
2025-09-20T21:24:56.6714251Z 
2025-09-20T21:24:56.6714858Z If you want to create a new branch to retain commits you create, you may
2025-09-20T21:24:56.6716464Z do so (now or later) by using -c with the switch command. Example:
2025-09-20T21:24:56.6717373Z 
2025-09-20T21:24:56.6717718Z   git switch -c <new-branch-name>
2025-09-20T21:24:56.6718277Z 
2025-09-20T21:24:56.6718653Z Or undo this operation with:
2025-09-20T21:24:56.6719134Z 
2025-09-20T21:24:56.6719395Z   git switch -
2025-09-20T21:24:56.6719870Z 
2025-09-20T21:24:56.6720483Z Turn off this advice by setting config variable advice.detachedHead to false
2025-09-20T21:24:56.6721360Z 
2025-09-20T21:24:56.6722423Z HEAD is now at 7edf0bb Merge 8a89b2152348ab91c1a5bd335ccb554a7eae26c5 into 2b40ca3c28904a155dd62f453494820feec744f0
2025-09-20T21:24:56.7051394Z ##[endgroup]
2025-09-20T21:24:56.7090017Z [command]/usr/bin/git log -1 --format=%H
2025-09-20T21:24:56.7112772Z 7edf0bb75f061919add02f6d6a82672c0b2e9654
2025-09-20T21:24:56.7452961Z ##[group]Run jlumbroso/free-disk-space@main
2025-09-20T21:24:56.7453808Z with:
2025-09-20T21:24:56.7454373Z   android: true
2025-09-20T21:24:56.7454955Z   dotnet: true
2025-09-20T21:24:56.7455542Z   haskell: true
2025-09-20T21:24:56.7456149Z   large-packages: true
2025-09-20T21:24:56.7456998Z   docker-images: true
2025-09-20T21:24:56.7457657Z   tool-cache: false
2025-09-20T21:24:56.7458289Z   swap-storage: true
2025-09-20T21:24:56.7458924Z env:
2025-09-20T21:24:56.7459517Z   CARGO_TERM_COLOR: always
2025-09-20T21:24:56.7460223Z   RUST_BACKTRACE: full
2025-09-20T21:24:56.7460873Z   RUST_MIN_STACK: 40971520
2025-09-20T21:24:56.7461575Z   RUST_LOG: citadel=warn
2025-09-20T21:24:56.7462204Z   IN_CI: true
2025-09-20T21:24:56.7462844Z   NAT_TYPE_PEER_A: port_restricted
2025-09-20T21:24:56.7463580Z   NAT_TYPE_PEER_B: full_cone
2025-09-20T21:24:56.7464256Z ##[endgroup]
2025-09-20T21:24:56.7588238Z ##[group]Run # ======
2025-09-20T21:24:56.7589704Z [36;1m[0m
2025-09-20T21:24:56.7590340Z [36;1m# ======[0m
2025-09-20T21:24:56.7590947Z [36;1m# MACROS[0m
2025-09-20T21:24:56.7591553Z [36;1m# ======[0m
2025-09-20T21:24:56.7592132Z [36;1m[0m
2025-09-20T21:24:56.7592760Z [36;1m# macro to print a line of equals[0m
2025-09-20T21:24:56.7593567Z [36;1m# (silly but works)[0m
2025-09-20T21:24:56.7594318Z [36;1mprintSeparationLine() {[0m
2025-09-20T21:24:56.7595070Z [36;1m  str=${1:=}[0m
2025-09-20T21:24:56.7595701Z [36;1m  num=${2:-80}[0m
2025-09-20T21:24:56.7596535Z [36;1m  counter=1[0m
2025-09-20T21:24:56.7597163Z [36;1m  output=""[0m
2025-09-20T21:24:56.7597845Z [36;1m  while [ $counter -le $num ][0m
2025-09-20T21:24:56.7598594Z [36;1m  do[0m
2025-09-20T21:24:56.7599254Z [36;1m     output="${output}${str}"[0m
2025-09-20T21:24:56.7600028Z [36;1m     counter=$((counter+1))[0m
2025-09-20T21:24:56.7600754Z [36;1m  done[0m
2025-09-20T21:24:56.7601351Z [36;1m  echo "${output}"[0m
2025-09-20T21:24:56.7602005Z [36;1m}[0m
2025-09-20T21:24:56.7602548Z [36;1m[0m
2025-09-20T21:24:56.7603177Z [36;1m# macro to compute available space[0m
2025-09-20T21:24:56.7604152Z [36;1m# REF: https://unix.stackexchange.com/a/42049/60849[0m
2025-09-20T21:24:56.7605180Z [36;1m# REF: https://stackoverflow.com/a/450821/408734[0m
2025-09-20T21:24:56.7606670Z [36;1mgetAvailableSpace() { echo $(df -a $1 | awk 'NR > 1 {avail+=$4} END {print avail}'); }[0m
2025-09-20T21:24:56.7607771Z [36;1m[0m
2025-09-20T21:24:56.7608518Z [36;1m# macro to make Kb human readable (assume the input is Kb)[0m
2025-09-20T21:24:56.7609604Z [36;1m# REF: https://unix.stackexchange.com/a/44087/60849[0m
2025-09-20T21:24:56.7611077Z [36;1mformatByteCount() { echo $(numfmt --to=iec-i --suffix=B --padding=7 $1'000'); }[0m
2025-09-20T21:24:56.7612164Z [36;1m[0m
2025-09-20T21:24:56.7612747Z [36;1m# macro to output saved space[0m
2025-09-20T21:24:56.7613535Z [36;1mprintSavedSpace() {[0m
2025-09-20T21:24:56.7614213Z [36;1m  saved=${1}[0m
2025-09-20T21:24:56.7614910Z [36;1m  title=${2:-}[0m
2025-09-20T21:24:56.7615574Z [36;1m[0m
2025-09-20T21:24:56.7616140Z [36;1m  echo ""[0m
2025-09-20T21:24:56.7616919Z [36;1m  printSeparationLine '*' 80[0m
2025-09-20T21:24:56.7617707Z [36;1m  if [ ! -z "${title}" ]; then[0m
2025-09-20T21:24:56.7618585Z [36;1m    echo "=> ${title}: Saved $(formatByteCount $saved)"[0m
2025-09-20T21:24:56.7619446Z [36;1m  else[0m
2025-09-20T21:24:56.7620126Z [36;1m    echo "=> Saved $(formatByteCount $saved)"[0m
2025-09-20T21:24:56.7620941Z [36;1m  fi[0m
2025-09-20T21:24:56.7621559Z [36;1m  printSeparationLine '*' 80[0m
2025-09-20T21:24:56.7622308Z [36;1m  echo ""[0m
2025-09-20T21:24:56.7622903Z [36;1m}[0m
2025-09-20T21:24:56.7623442Z [36;1m[0m
2025-09-20T21:24:56.7624084Z [36;1m# macro to print output of dh with caption[0m
2025-09-20T21:24:56.7624922Z [36;1mprintDH() {[0m
2025-09-20T21:24:56.7625557Z [36;1m  caption=${1:-}[0m
2025-09-20T21:24:56.7626182Z [36;1m[0m
2025-09-20T21:24:56.7626929Z [36;1m  printSeparationLine '=' 80[0m
2025-09-20T21:24:56.7627890Z [36;1m  echo "${caption}"[0m
2025-09-20T21:24:56.7628574Z [36;1m  echo ""[0m
2025-09-20T21:24:56.7629184Z [36;1m  echo "$ dh -h /"[0m
2025-09-20T21:24:56.7629847Z [36;1m  echo ""[0m
2025-09-20T21:24:56.7630431Z [36;1m  df -h /[0m
2025-09-20T21:24:56.7631049Z [36;1m  echo "$ dh -a /"[0m
2025-09-20T21:24:56.7631703Z [36;1m  echo ""[0m
2025-09-20T21:24:56.7632296Z [36;1m  df -a /[0m
2025-09-20T21:24:56.7632898Z [36;1m  echo "$ dh -a"[0m
2025-09-20T21:24:56.7633531Z [36;1m  echo ""[0m
2025-09-20T21:24:56.7634114Z [36;1m  df -a[0m
2025-09-20T21:24:56.7634749Z [36;1m  printSeparationLine '=' 80[0m
2025-09-20T21:24:56.7635502Z [36;1m}[0m
2025-09-20T21:24:56.7636036Z [36;1m[0m
2025-09-20T21:24:56.7636685Z [36;1m[0m
2025-09-20T21:24:56.7637208Z [36;1m[0m
2025-09-20T21:24:56.7637748Z [36;1m# ======[0m
2025-09-20T21:24:56.7638312Z [36;1m# SCRIPT[0m
2025-09-20T21:24:56.7638888Z [36;1m# ======[0m
2025-09-20T21:24:56.7639456Z [36;1m[0m
2025-09-20T21:24:56.7640069Z [36;1m# Display initial disk space stats[0m
2025-09-20T21:24:56.7640841Z [36;1m[0m
2025-09-20T21:24:56.7641488Z [36;1mAVAILABLE_INITIAL=$(getAvailableSpace)[0m
2025-09-20T21:24:56.7642483Z [36;1mAVAILABLE_ROOT_INITIAL=$(getAvailableSpace '/')[0m
2025-09-20T21:24:56.7643350Z [36;1m[0m
2025-09-20T21:24:56.7643929Z [36;1mprintDH "BEFORE CLEAN-UP:"[0m
2025-09-20T21:24:56.7644654Z [36;1mecho ""[0m
2025-09-20T21:24:56.7645222Z [36;1m[0m
2025-09-20T21:24:56.7645740Z [36;1m[0m
2025-09-20T21:24:56.7646431Z [36;1m# Option: Remove Android library[0m
2025-09-20T21:24:56.7647173Z [36;1m[0m
2025-09-20T21:24:56.7647736Z [36;1mif [[ true == 'true' ]]; then[0m
2025-09-20T21:24:56.7648515Z [36;1m  BEFORE=$(getAvailableSpace)[0m
2025-09-20T21:24:56.7649248Z [36;1m  [0m
2025-09-20T21:24:56.7649911Z [36;1m  sudo rm -rf /usr/local/lib/android || true[0m
2025-09-20T21:24:56.7650712Z [36;1m[0m
2025-09-20T21:24:56.7651302Z [36;1m  AFTER=$(getAvailableSpace)[0m
2025-09-20T21:24:56.7652125Z [36;1m  SAVED=$((AFTER-BEFORE))[0m
2025-09-20T21:24:56.7652972Z [36;1m  printSavedSpace $SAVED "Android library"[0m
2025-09-20T21:24:56.7653795Z [36;1mfi[0m
2025-09-20T21:24:56.7654335Z [36;1m[0m
2025-09-20T21:24:56.7654925Z [36;1m# Option: Remove .NET runtime[0m
2025-09-20T21:24:56.7655656Z [36;1m[0m
2025-09-20T21:24:56.7656359Z [36;1mif [[ true == 'true' ]]; then[0m
2025-09-20T21:24:56.7657143Z [36;1m  BEFORE=$(getAvailableSpace)[0m
2025-09-20T21:24:56.7657873Z [36;1m[0m
2025-09-20T21:24:56.7658859Z [36;1m  # https://github.community/t/bigger-github-hosted-runners-disk-space/17267/11[0m
2025-09-20T21:24:56.7660113Z [36;1m  sudo rm -rf /usr/share/dotnet || true[0m
2025-09-20T21:24:56.7661053Z [36;1m  [0m
2025-09-20T21:24:56.7661667Z [36;1m  AFTER=$(getAvailableSpace)[0m
2025-09-20T21:24:56.7662453Z [36;1m  SAVED=$((AFTER-BEFORE))[0m
2025-09-20T21:24:56.7663289Z [36;1m  printSavedSpace $SAVED ".NET runtime"[0m
2025-09-20T21:24:56.7664097Z [36;1mfi[0m
2025-09-20T21:24:56.7664662Z [36;1m[0m
2025-09-20T21:24:56.7665303Z [36;1m# Option: Remove Haskell runtime[0m
2025-09-20T21:24:56.7666071Z [36;1m[0m
2025-09-20T21:24:56.7666793Z [36;1mif [[ true == 'true' ]]; then[0m
2025-09-20T21:24:56.7667611Z [36;1m  BEFORE=$(getAvailableSpace)[0m
2025-09-20T21:24:56.7668373Z [36;1m[0m
2025-09-20T21:24:56.7668991Z [36;1m  sudo rm -rf /opt/ghc || true[0m
2025-09-20T21:24:56.7669852Z [36;1m  sudo rm -rf /usr/local/.ghcup || true[0m
2025-09-20T21:24:56.7670671Z [36;1m  [0m
2025-09-20T21:24:56.7671301Z [36;1m  AFTER=$(getAvailableSpace)[0m
2025-09-20T21:24:56.7672116Z [36;1m  SAVED=$((AFTER-BEFORE))[0m
2025-09-20T21:24:56.7673022Z [36;1m  printSavedSpace $SAVED "Haskell runtime"[0m
2025-09-20T21:24:56.7740172Z [36;1mfi[0m
2025-09-20T21:24:56.7740889Z [36;1m[0m
2025-09-20T21:24:56.7741678Z [36;1m# Option: Remove large packages[0m
2025-09-20T21:24:56.7743154Z [36;1m# REF: https://github.com/apache/flink/blob/master/tools/azure-pipelines/free_disk_space.sh[0m
2025-09-20T21:24:56.7744494Z [36;1m[0m
2025-09-20T21:24:56.7745369Z [36;1mif [[ true == 'true' ]]; then[0m
2025-09-20T21:24:56.7746406Z [36;1m  BEFORE=$(getAvailableSpace)[0m
2025-09-20T21:24:56.7747358Z [36;1m  [0m
2025-09-20T21:24:56.7748904Z [36;1m  sudo apt-get remove -y '^aspnetcore-.*' || echo "::warning::The command [sudo apt-get remove -y '^aspnetcore-.*'] failed to complete successfully. Proceeding..."[0m
2025-09-20T21:24:56.7751641Z [36;1m  sudo apt-get remove -y '^dotnet-.*' --fix-missing || echo "::warning::The command [sudo apt-get remove -y '^dotnet-.*' --fix-missing] failed to complete successfully. Proceeding..."[0m
2025-09-20T21:24:56.7754443Z [36;1m  sudo apt-get remove -y '^llvm-.*' --fix-missing || echo "::warning::The command [sudo apt-get remove -y '^llvm-.*' --fix-missing] failed to complete successfully. Proceeding..."[0m
2025-09-20T21:24:56.7757415Z [36;1m  sudo apt-get remove -y 'php.*' --fix-missing || echo "::warning::The command [sudo apt-get remove -y 'php.*' --fix-missing] failed to complete successfully. Proceeding..."[0m
2025-09-20T21:24:56.7760213Z [36;1m  sudo apt-get remove -y '^mongodb-.*' --fix-missing || echo "::warning::The command [sudo apt-get remove -y '^mongodb-.*' --fix-missing] failed to complete successfully. Proceeding..."[0m
2025-09-20T21:24:56.7763040Z [36;1m  sudo apt-get remove -y '^mysql-.*' --fix-missing || echo "::warning::The command [sudo apt-get remove -y '^mysql-.*' --fix-missing] failed to complete successfully. Proceeding..."[0m
2025-09-20T21:24:56.7767171Z [36;1m  sudo apt-get remove -y azure-cli google-chrome-stable firefox powershell mono-devel libgl1-mesa-dri --fix-missing || echo "::warning::The command [sudo apt-get remove -y azure-cli google-chrome-stable firefox powershell mono-devel libgl1-mesa-dri --fix-missing] failed to complete successfully. Proceeding..."[0m
2025-09-20T21:24:56.7771400Z [36;1m  sudo apt-get remove -y google-cloud-sdk --fix-missing || echo "::debug::The command [sudo apt-get remove -y google-cloud-sdk --fix-missing] failed to complete successfully. Proceeding..."[0m
2025-09-20T21:24:56.7774517Z [36;1m  sudo apt-get remove -y google-cloud-cli --fix-missing || echo "::debug::The command [sudo apt-get remove -y google-cloud-cli --fix-missing] failed to complete successfully. Proceeding..."[0m
2025-09-20T21:24:56.7777305Z [36;1m  sudo apt-get autoremove -y || echo "::warning::The command [sudo apt-get autoremove -y] failed to complete successfully. Proceeding..."[0m
2025-09-20T21:24:56.7779439Z [36;1m  sudo apt-get clean || echo "::warning::The command [sudo apt-get clean] failed to complete successfully. Proceeding..."[0m
2025-09-20T21:24:56.7780820Z [36;1m[0m
2025-09-20T21:24:56.7781633Z [36;1m  AFTER=$(getAvailableSpace)[0m
2025-09-20T21:24:56.7782447Z [36;1m  SAVED=$((AFTER-BEFORE))[0m
2025-09-20T21:24:56.7783366Z [36;1m  printSavedSpace $SAVED "Large misc. packages"[0m
2025-09-20T21:24:56.7784246Z [36;1mfi[0m
2025-09-20T21:24:56.7784827Z [36;1m[0m
2025-09-20T21:24:56.7785455Z [36;1m# Option: Remove Docker images[0m
2025-09-20T21:24:56.7786392Z [36;1m[0m
2025-09-20T21:24:56.7787016Z [36;1mif [[ true == 'true' ]]; then[0m
2025-09-20T21:24:56.7787842Z [36;1m  BEFORE=$(getAvailableSpace)[0m
2025-09-20T21:24:56.7788616Z [36;1m[0m
2025-09-20T21:24:56.7789323Z [36;1m  sudo docker image prune --all --force || true[0m
2025-09-20T21:24:56.7790189Z [36;1m[0m
2025-09-20T21:24:56.7790813Z [36;1m  AFTER=$(getAvailableSpace)[0m
2025-09-20T21:24:56.7791621Z [36;1m  SAVED=$((AFTER-BEFORE))[0m
2025-09-20T21:24:56.7792473Z [36;1m  printSavedSpace $SAVED "Docker images"[0m
2025-09-20T21:24:56.7793320Z [36;1mfi[0m
2025-09-20T21:24:56.7793891Z [36;1m[0m
2025-09-20T21:24:56.7794527Z [36;1m# Option: Remove tool cache[0m
2025-09-20T21:24:56.7795803Z [36;1m# REF: https://github.com/actions/virtual-environments/issues/2875#issuecomment-1163392159[0m
2025-09-20T21:24:56.7797180Z [36;1m[0m
2025-09-20T21:24:56.7797799Z [36;1mif [[ false == 'true' ]]; then[0m
2025-09-20T21:24:56.7798631Z [36;1m  BEFORE=$(getAvailableSpace)[0m
2025-09-20T21:24:56.7799619Z [36;1m[0m
2025-09-20T21:24:56.7800351Z [36;1m  sudo rm -rf "$AGENT_TOOLSDIRECTORY" || true[0m
2025-09-20T21:24:56.7801199Z [36;1m  [0m
2025-09-20T21:24:56.7801869Z [36;1m  AFTER=$(getAvailableSpace)[0m
2025-09-20T21:24:56.7802690Z [36;1m  SAVED=$((AFTER-BEFORE))[0m
2025-09-20T21:24:56.7803532Z [36;1m  printSavedSpace $SAVED "Tool cache"[0m
2025-09-20T21:24:56.7804357Z [36;1mfi[0m
2025-09-20T21:24:56.7804936Z [36;1m[0m
2025-09-20T21:24:56.7805571Z [36;1m# Option: Remove Swap storage[0m
2025-09-20T21:24:56.7806471Z [36;1m[0m
2025-09-20T21:24:56.7807089Z [36;1mif [[ true == 'true' ]]; then[0m
2025-09-20T21:24:56.7807910Z [36;1m  BEFORE=$(getAvailableSpace)[0m
2025-09-20T21:24:56.7808689Z [36;1m[0m
2025-09-20T21:24:56.7809307Z [36;1m  sudo swapoff -a || true[0m
2025-09-20T21:24:56.7810120Z [36;1m  sudo rm -f /mnt/swapfile || true[0m
2025-09-20T21:24:56.7810927Z [36;1m  free -h[0m
2025-09-20T21:24:56.7811553Z [36;1m  [0m
2025-09-20T21:24:56.7812198Z [36;1m  AFTER=$(getAvailableSpace)[0m
2025-09-20T21:24:56.7813007Z [36;1m  SAVED=$((AFTER-BEFORE))[0m
2025-09-20T21:24:56.7813852Z [36;1m  printSavedSpace $SAVED "Swap storage"[0m
2025-09-20T21:24:56.7814672Z [36;1mfi[0m
2025-09-20T21:24:56.7815263Z [36;1m[0m
2025-09-20T21:24:56.7815827Z [36;1m[0m
2025-09-20T21:24:56.7816476Z [36;1m[0m
2025-09-20T21:24:56.7817119Z [36;1m# Output saved space statistic[0m
2025-09-20T21:24:56.7817888Z [36;1m[0m
2025-09-20T21:24:56.7818554Z [36;1mAVAILABLE_END=$(getAvailableSpace)[0m
2025-09-20T21:24:56.7819500Z [36;1mAVAILABLE_ROOT_END=$(getAvailableSpace '/')[0m
2025-09-20T21:24:56.7820371Z [36;1m[0m
2025-09-20T21:24:56.7820937Z [36;1mecho ""[0m
2025-09-20T21:24:56.7821598Z [36;1mprintDH "AFTER CLEAN-UP:"[0m
2025-09-20T21:24:56.7822349Z [36;1m[0m
2025-09-20T21:24:56.7822919Z [36;1mecho ""[0m
2025-09-20T21:24:56.7823529Z [36;1mecho ""[0m
2025-09-20T21:24:56.7824130Z [36;1m[0m
2025-09-20T21:24:56.7824728Z [36;1mecho "/dev/root:"[0m
2025-09-20T21:24:56.7825738Z [36;1mprintSavedSpace $((AVAILABLE_ROOT_END - AVAILABLE_ROOT_INITIAL))[0m
2025-09-20T21:24:56.7826951Z [36;1mecho "overall:"[0m
2025-09-20T21:24:56.7827863Z [36;1mprintSavedSpace $((AVAILABLE_END - AVAILABLE_INITIAL))[0m
2025-09-20T21:24:56.7892071Z shell: /usr/bin/bash --noprofile --norc -e -o pipefail {0}
2025-09-20T21:24:56.7893079Z env:
2025-09-20T21:24:56.7893688Z   CARGO_TERM_COLOR: always
2025-09-20T21:24:56.7894411Z   RUST_BACKTRACE: full
2025-09-20T21:24:56.7895087Z   RUST_MIN_STACK: 40971520
2025-09-20T21:24:56.7895792Z   RUST_LOG: citadel=warn
2025-09-20T21:24:56.7896683Z   IN_CI: true
2025-09-20T21:24:56.7897560Z   NAT_TYPE_PEER_A: port_restricted
2025-09-20T21:24:56.7898358Z   NAT_TYPE_PEER_B: full_cone
2025-09-20T21:24:56.7899068Z ##[endgroup]
2025-09-20T21:24:56.8137584Z ================================================================================
2025-09-20T21:24:56.8138997Z BEFORE CLEAN-UP:
2025-09-20T21:24:56.8139447Z 
2025-09-20T21:24:56.8139718Z $ dh -h /
2025-09-20T21:24:56.8140138Z 
2025-09-20T21:24:56.8147221Z Filesystem      Size  Used Avail Use% Mounted on
2025-09-20T21:24:56.8148382Z /dev/root        72G   46G   27G  64% /
2025-09-20T21:24:56.8149670Z $ dh -a /
2025-09-20T21:24:56.8150185Z 
2025-09-20T21:24:56.8159238Z Filesystem     1K-blocks     Used Available Use% Mounted on
2025-09-20T21:24:56.8160814Z /dev/root       75085112 47603232  27465496  64% /
2025-09-20T21:24:56.8162228Z $ dh -a
2025-09-20T21:24:56.8162810Z 
2025-09-20T21:24:56.8173171Z Filesystem     1K-blocks     Used Available Use% Mounted on
2025-09-20T21:24:56.8174755Z /dev/root       75085112 47603232  27465496  64% /
2025-09-20T21:24:56.8176523Z devtmpfs         8186144        0   8186144   0% /dev
2025-09-20T21:24:56.8178076Z proc                   0        0         0    - /proc
2025-09-20T21:24:56.8179564Z sysfs                  0        0         0    - /sys
2025-09-20T21:24:56.8181212Z securityfs             0        0         0    - /sys/kernel/security
2025-09-20T21:24:56.8183231Z tmpfs            8189736       84   8189652   1% /dev/shm
2025-09-20T21:24:56.8184813Z devpts                 0        0         0    - /dev/pts
2025-09-20T21:24:56.8186395Z tmpfs            3275896     1104   3274792   1% /run
2025-09-20T21:24:56.8187369Z tmpfs               5120        0      5120   0% /run/lock
2025-09-20T21:24:56.8188320Z cgroup2                0        0         0    - /sys/fs/cgroup
2025-09-20T21:24:56.8189305Z pstore                 0        0         0    - /sys/fs/pstore
2025-09-20T21:24:56.8190252Z bpf                    0        0         0    - /sys/fs/bpf
2025-09-20T21:24:56.8191245Z systemd-1              -        -         -    - /proc/sys/fs/binfmt_misc
2025-09-20T21:24:56.8192736Z hugetlbfs              0        0         0    - /dev/hugepages
2025-09-20T21:24:56.8194419Z debugfs                0        0         0    - /sys/kernel/debug
2025-09-20T21:24:56.8196037Z mqueue                 0        0         0    - /dev/mqueue
2025-09-20T21:24:56.8197999Z tracefs                0        0         0    - /sys/kernel/tracing
2025-09-20T21:24:56.8199738Z fusectl                0        0         0    - /sys/fs/fuse/connections
2025-09-20T21:24:56.8201462Z configfs               0        0         0    - /sys/kernel/config
2025-09-20T21:24:56.8203113Z /dev/sdb16        901520    60640    777752   8% /boot
2025-09-20T21:24:56.8204692Z /dev/sdb15        106832     6250    100582   6% /boot/efi
2025-09-20T21:24:56.8206775Z binfmt_misc            0        0         0    - /proc/sys/fs/binfmt_misc
2025-09-20T21:24:56.8208485Z /dev/sda1       76829444  4194336  68686668   6% /mnt
2025-09-20T21:24:56.8210023Z tmpfs            1637944       12   1637932   1% /run/user/1001
2025-09-20T21:24:56.8211526Z ================================================================================
2025-09-20T21:24:56.8212460Z 
2025-09-20T21:27:41.0537368Z 
2025-09-20T21:27:41.0543023Z ********************************************************************************
2025-09-20T21:27:41.0642186Z => Android library: Saved 9.3GiB
2025-09-20T21:27:41.0647732Z ********************************************************************************
2025-09-20T21:27:41.0648089Z 
2025-09-20T21:27:41.0787782Z 
2025-09-20T21:27:41.0794178Z ********************************************************************************
2025-09-20T21:27:41.0811751Z => .NET runtime: Saved 0B
2025-09-20T21:27:41.0818437Z ********************************************************************************
2025-09-20T21:27:41.0818846Z 
2025-09-20T21:27:47.4984779Z ##[error]The operation was canceled.
2025-09-20T21:27:47.5120849Z Post job cleanup.
2025-09-20T21:27:47.6064284Z [command]/usr/bin/git version
2025-09-20T21:27:47.6102595Z git version 2.51.0
2025-09-20T21:27:47.6199281Z Temporarily overriding HOME='/home/runner/work/_temp/d2588f58-2c92-418a-aa83-06c8aad505ae' before making global git config changes
2025-09-20T21:27:47.6200636Z Adding repository directory to the temporary git global config as a safe directory
2025-09-20T21:27:47.6205789Z [command]/usr/bin/git config --global --add safe.directory /home/runner/work/Citadel-Protocol/Citadel-Protocol
2025-09-20T21:27:47.6242439Z [command]/usr/bin/git config --local --name-only --get-regexp core\.sshCommand
2025-09-20T21:27:47.6276504Z [command]/usr/bin/git submodule foreach --recursive sh -c "git config --local --name-only --get-regexp 'core\.sshCommand' && git config --local --unset-all 'core.sshCommand' || :"
2025-09-20T21:27:47.6505218Z [command]/usr/bin/git config --local --name-only --get-regexp http\.https\:\/\/github\.com\/\.extraheader
2025-09-20T21:27:47.6527093Z http.https://github.com/.extraheader
2025-09-20T21:27:47.6540005Z [command]/usr/bin/git config --local --unset-all http.https://github.com/.extraheader
2025-09-20T21:27:47.6571083Z [command]/usr/bin/git submodule foreach --recursive sh -c "git config --local --name-only --get-regexp 'http\.https\:\/\/github\.com\/\.extraheader' && git config --local --unset-all 'http.https://github.com/.extraheader' || :"
2025-09-20T21:27:47.6913587Z Cleaning up orphan processes
