2025-09-20T21:18:23.5938107Z Current runner version: '2.328.0'
2025-09-20T21:18:23.5963205Z ##[group]Runner Image Provisioner
2025-09-20T21:18:23.5964420Z Hosted Compute Agent
2025-09-20T21:18:23.5964961Z Version: 20250829.383
2025-09-20T21:18:23.5965682Z Commit: 27cb235aab5b0e52e153a26cd86b4742e89dac5d
2025-09-20T21:18:23.5966411Z Build Date: 2025-08-29T13:48:48Z
2025-09-20T21:18:23.5966985Z ##[endgroup]
2025-09-20T21:18:23.5967648Z ##[group]Operating System
2025-09-20T21:18:23.5968190Z Ubuntu
2025-09-20T21:18:23.5968681Z 24.04.3
2025-09-20T21:18:23.5969167Z LTS
2025-09-20T21:18:23.5969644Z ##[endgroup]
2025-09-20T21:18:23.5970104Z ##[group]Runner Image
2025-09-20T21:18:23.5970729Z Image: ubuntu-24.04
2025-09-20T21:18:23.5971268Z Version: 20250907.24.1
2025-09-20T21:18:23.5972241Z Included Software: https://github.com/actions/runner-images/blob/ubuntu24/20250907.24/images/ubuntu/Ubuntu2404-Readme.md
2025-09-20T21:18:23.5974039Z Image Release: https://github.com/actions/runner-images/releases/tag/ubuntu24%2F20250907.24
2025-09-20T21:18:23.5975011Z ##[endgroup]
2025-09-20T21:18:23.5977897Z ##[group]GITHUB_TOKEN Permissions
2025-09-20T21:18:23.5980367Z Actions: write
2025-09-20T21:18:23.5980887Z Attestations: write
2025-09-20T21:18:23.5981623Z Checks: write
2025-09-20T21:18:23.5982132Z Contents: write
2025-09-20T21:18:23.5982611Z Deployments: write
2025-09-20T21:18:23.5983218Z Discussions: write
2025-09-20T21:18:23.5984039Z Issues: write
2025-09-20T21:18:23.5984556Z Metadata: read
2025-09-20T21:18:23.5985267Z Models: read
2025-09-20T21:18:23.5985785Z Packages: write
2025-09-20T21:18:23.5986254Z Pages: write
2025-09-20T21:18:23.5986825Z PullRequests: write
2025-09-20T21:18:23.5987362Z RepositoryProjects: write
2025-09-20T21:18:23.5988230Z SecurityEvents: write
2025-09-20T21:18:23.5989068Z Statuses: write
2025-09-20T21:18:23.5989545Z ##[endgroup]
2025-09-20T21:18:23.5992382Z Secret source: Actions
2025-09-20T21:18:23.5993846Z Prepare workflow directory
2025-09-20T21:18:23.6381034Z Prepare all required actions
2025-09-20T21:18:23.6419762Z Getting action download info
2025-09-20T21:18:23.9270868Z Download action repository 'Avarok-Cybersecurity/gh-actions-deps@master' (SHA:495f309997d6623b1d15d4767970d70d46cfaa17)
2025-09-20T21:18:24.2027059Z Download action repository 'taiki-e/install-action@nextest' (SHA:320133d5f45b215a033477e643139da5245dd9fc)
2025-09-20T21:18:24.5439554Z Getting action download info
2025-09-20T21:18:24.7237230Z Download action repository 'KyleMayes/install-llvm-action@v1.5.1' (SHA:60cc93ee15c6225007baa18ccf433d9d7f67d8a4)
2025-09-20T21:18:24.9989394Z Download action repository 'actions/checkout@v2' (SHA:ee0669bd1cc54295c223e0bb666b733df41de1c5)
2025-09-20T21:18:25.0763373Z Download action repository 'dtolnay/rust-toolchain@stable' (SHA:5d458579430fc14a04a08a1e7d3694f545e91ce6)
2025-09-20T21:18:25.2411708Z Download action repository 'actions-rs/cargo@v1' (SHA:844f36862e911db73fe0815f00a4a2602c279505)
2025-09-20T21:18:25.4926088Z Uses: Avarok-Cybersecurity/Citadel-Protocol/.github/workflows/validate.yml@refs/pull/236/merge (7edf0bb75f061919add02f6d6a82672c0b2e9654)
2025-09-20T21:18:25.4932246Z Complete job name: Validate PR / citadel_sdk_release (ubuntu-latest)
2025-09-20T21:18:25.5651488Z ##[group]Run Avarok-Cybersecurity/gh-actions-deps@master
2025-09-20T21:18:25.5653477Z env:
2025-09-20T21:18:25.5654394Z   CARGO_TERM_COLOR: always
2025-09-20T21:18:25.5655176Z   RUST_BACKTRACE: full
2025-09-20T21:18:25.5655923Z   RUST_MIN_STACK: 40971520
2025-09-20T21:18:25.5656685Z   RUST_LOG: citadel=warn
2025-09-20T21:18:25.5657402Z   IN_CI: true
2025-09-20T21:18:25.5658047Z ##[endgroup]
2025-09-20T21:18:25.5892754Z ##[group]Run actions/checkout@v2
2025-09-20T21:18:25.5893633Z with:
2025-09-20T21:18:25.5894559Z   repository: Avarok-Cybersecurity/Citadel-Protocol
2025-09-20T21:18:25.5895786Z   token: ***
2025-09-20T21:18:25.5896415Z   ssh-strict: true
2025-09-20T21:18:25.5897110Z   persist-credentials: true
2025-09-20T21:18:25.5897870Z   clean: true
2025-09-20T21:18:25.5898500Z   fetch-depth: 1
2025-09-20T21:18:25.5899129Z   lfs: false
2025-09-20T21:18:25.5900065Z   submodules: false
2025-09-20T21:18:25.5900757Z   set-safe-directory: true
2025-09-20T21:18:25.5901466Z env:
2025-09-20T21:18:25.5902144Z   CARGO_TERM_COLOR: always
2025-09-20T21:18:25.5902936Z   RUST_BACKTRACE: full
2025-09-20T21:18:25.5903645Z   RUST_MIN_STACK: 40971520
2025-09-20T21:18:25.5904618Z   RUST_LOG: citadel=warn
2025-09-20T21:18:25.5905314Z   IN_CI: true
2025-09-20T21:18:25.5905912Z ##[endgroup]
2025-09-20T21:18:25.7137836Z Syncing repository: Avarok-Cybersecurity/Citadel-Protocol
2025-09-20T21:18:25.7140693Z ##[group]Getting Git version info
2025-09-20T21:18:25.7142048Z Working directory is '/home/runner/work/Citadel-Protocol/Citadel-Protocol'
2025-09-20T21:18:25.7144238Z [command]/usr/bin/git version
2025-09-20T21:18:25.7145079Z git version 2.51.0
2025-09-20T21:18:25.7147184Z ##[endgroup]
2025-09-20T21:18:25.7153439Z Temporarily overriding HOME='/home/runner/work/_temp/e22b2d37-94f3-46a7-88d5-10b1abc19f43' before making global git config changes
2025-09-20T21:18:25.7156243Z Adding repository directory to the temporary git global config as a safe directory
2025-09-20T21:18:25.7158424Z [command]/usr/bin/git config --global --add safe.directory /home/runner/work/Citadel-Protocol/Citadel-Protocol
2025-09-20T21:18:25.7164741Z Deleting the contents of '/home/runner/work/Citadel-Protocol/Citadel-Protocol'
2025-09-20T21:18:25.7169117Z ##[group]Initializing the repository
2025-09-20T21:18:25.7172513Z [command]/usr/bin/git init /home/runner/work/Citadel-Protocol/Citadel-Protocol
2025-09-20T21:18:25.7240649Z hint: Using 'master' as the name for the initial branch. This default branch name
2025-09-20T21:18:25.7242995Z hint: is subject to change. To configure the initial branch name to use in all
2025-09-20T21:18:25.7245132Z hint: of your new repositories, which will suppress this warning, call:
2025-09-20T21:18:25.7246438Z hint:
2025-09-20T21:18:25.7247361Z hint: 	git config --global init.defaultBranch <name>
2025-09-20T21:18:25.7248393Z hint:
2025-09-20T21:18:25.7249370Z hint: Names commonly chosen instead of 'master' are 'main', 'trunk' and
2025-09-20T21:18:25.7251027Z hint: 'development'. The just-created branch can be renamed via this command:
2025-09-20T21:18:25.7252283Z hint:
2025-09-20T21:18:25.7252951Z hint: 	git branch -m <name>
2025-09-20T21:18:25.7253938Z hint:
2025-09-20T21:18:25.7255007Z hint: Disable this message with "git config set advice.defaultBranchName false"
2025-09-20T21:18:25.7256932Z Initialized empty Git repository in /home/runner/work/Citadel-Protocol/Citadel-Protocol/.git/
2025-09-20T21:18:25.7259065Z [command]/usr/bin/git remote add origin https://github.com/Avarok-Cybersecurity/Citadel-Protocol
2025-09-20T21:18:25.7293311Z ##[endgroup]
2025-09-20T21:18:25.7295018Z ##[group]Disabling automatic garbage collection
2025-09-20T21:18:25.7296787Z [command]/usr/bin/git config --local gc.auto 0
2025-09-20T21:18:25.7328014Z ##[endgroup]
2025-09-20T21:18:25.7329484Z ##[group]Setting up auth
2025-09-20T21:18:25.7334442Z [command]/usr/bin/git config --local --name-only --get-regexp core\.sshCommand
2025-09-20T21:18:25.7365246Z [command]/usr/bin/git submodule foreach --recursive sh -c "git config --local --name-only --get-regexp 'core\.sshCommand' && git config --local --unset-all 'core.sshCommand' || :"
2025-09-20T21:18:25.7636846Z [command]/usr/bin/git config --local --name-only --get-regexp http\.https\:\/\/github\.com\/\.extraheader
2025-09-20T21:18:25.7665828Z [command]/usr/bin/git submodule foreach --recursive sh -c "git config --local --name-only --get-regexp 'http\.https\:\/\/github\.com\/\.extraheader' && git config --local --unset-all 'http.https://github.com/.extraheader' || :"
2025-09-20T21:18:25.7890588Z [command]/usr/bin/git config --local http.https://github.com/.extraheader AUTHORIZATION: basic ***
2025-09-20T21:18:25.7927739Z ##[endgroup]
2025-09-20T21:18:25.7929329Z ##[group]Fetching the repository
2025-09-20T21:18:25.7936534Z [command]/usr/bin/git -c protocol.version=2 fetch --no-tags --prune --progress --no-recurse-submodules --depth=1 origin +7edf0bb75f061919add02f6d6a82672c0b2e9654:refs/remotes/pull/236/merge
2025-09-20T21:18:25.9533075Z remote: Enumerating objects: 421, done.        
2025-09-20T21:18:25.9535045Z remote: Counting objects:   0% (1/421)        
2025-09-20T21:18:25.9536104Z remote: Counting objects:   1% (5/421)        
2025-09-20T21:18:25.9537151Z remote: Counting objects:   2% (9/421)        
2025-09-20T21:18:25.9538189Z remote: Counting objects:   3% (13/421)        
2025-09-20T21:18:25.9539243Z remote: Counting objects:   4% (17/421)        
2025-09-20T21:18:25.9540290Z remote: Counting objects:   5% (22/421)        
2025-09-20T21:18:25.9541315Z remote: Counting objects:   6% (26/421)        
2025-09-20T21:18:25.9542342Z remote: Counting objects:   7% (30/421)        
2025-09-20T21:18:25.9543399Z remote: Counting objects:   8% (34/421)        
2025-09-20T21:18:25.9544673Z remote: Counting objects:   9% (38/421)        
2025-09-20T21:18:25.9545886Z remote: Counting objects:  10% (43/421)        
2025-09-20T21:18:25.9546920Z remote: Counting objects:  11% (47/421)        
2025-09-20T21:18:25.9547962Z remote: Counting objects:  12% (51/421)        
2025-09-20T21:18:25.9548991Z remote: Counting objects:  13% (55/421)        
2025-09-20T21:18:25.9550038Z remote: Counting objects:  14% (59/421)        
2025-09-20T21:18:25.9551052Z remote: Counting objects:  15% (64/421)        
2025-09-20T21:18:25.9552080Z remote: Counting objects:  16% (68/421)        
2025-09-20T21:18:25.9553106Z remote: Counting objects:  17% (72/421)        
2025-09-20T21:18:25.9554255Z remote: Counting objects:  18% (76/421)        
2025-09-20T21:18:25.9555278Z remote: Counting objects:  19% (80/421)        
2025-09-20T21:18:25.9556295Z remote: Counting objects:  20% (85/421)        
2025-09-20T21:18:25.9557325Z remote: Counting objects:  21% (89/421)        
2025-09-20T21:18:25.9558337Z remote: Counting objects:  22% (93/421)        
2025-09-20T21:18:25.9559355Z remote: Counting objects:  23% (97/421)        
2025-09-20T21:18:25.9560433Z remote: Counting objects:  24% (102/421)        
2025-09-20T21:18:25.9561496Z remote: Counting objects:  25% (106/421)        
2025-09-20T21:18:25.9562546Z remote: Counting objects:  26% (110/421)        
2025-09-20T21:18:25.9563588Z remote: Counting objects:  27% (114/421)        
2025-09-20T21:18:25.9564725Z remote: Counting objects:  28% (118/421)        
2025-09-20T21:18:25.9565758Z remote: Counting objects:  29% (123/421)        
2025-09-20T21:18:25.9566794Z remote: Counting objects:  30% (127/421)        
2025-09-20T21:18:25.9567806Z remote: Counting objects:  31% (131/421)        
2025-09-20T21:18:25.9568843Z remote: Counting objects:  32% (135/421)        
2025-09-20T21:18:25.9569876Z remote: Counting objects:  33% (139/421)        
2025-09-20T21:18:25.9570919Z remote: Counting objects:  34% (144/421)        
2025-09-20T21:18:25.9571942Z remote: Counting objects:  35% (148/421)        
2025-09-20T21:18:25.9572958Z remote: Counting objects:  36% (152/421)        
2025-09-20T21:18:25.9574127Z remote: Counting objects:  37% (156/421)        
2025-09-20T21:18:25.9575176Z remote: Counting objects:  38% (160/421)        
2025-09-20T21:18:25.9576499Z remote: Counting objects:  39% (165/421)        
2025-09-20T21:18:25.9577546Z remote: Counting objects:  40% (169/421)        
2025-09-20T21:18:25.9578573Z remote: Counting objects:  41% (173/421)        
2025-09-20T21:18:25.9579778Z remote: Counting objects:  42% (177/421)        
2025-09-20T21:18:25.9580823Z remote: Counting objects:  43% (182/421)        
2025-09-20T21:18:25.9582058Z remote: Counting objects:  44% (186/421)        
2025-09-20T21:18:25.9583896Z remote: Counting objects:  45% (190/421)        
2025-09-20T21:18:25.9585058Z remote: Counting objects:  46% (194/421)        
2025-09-20T21:18:25.9586086Z remote: Counting objects:  47% (198/421)        
2025-09-20T21:18:25.9587306Z remote: Counting objects:  48% (203/421)        
2025-09-20T21:18:25.9588397Z remote: Counting objects:  49% (207/421)        
2025-09-20T21:18:25.9589754Z remote: Counting objects:  50% (211/421)        
2025-09-20T21:18:25.9591119Z remote: Counting objects:  51% (215/421)        
2025-09-20T21:18:25.9592170Z remote: Counting objects:  52% (219/421)        
2025-09-20T21:18:25.9593203Z remote: Counting objects:  53% (224/421)        
2025-09-20T21:18:25.9594434Z remote: Counting objects:  54% (228/421)        
2025-09-20T21:18:25.9595473Z remote: Counting objects:  55% (232/421)        
2025-09-20T21:18:25.9596490Z remote: Counting objects:  56% (236/421)        
2025-09-20T21:18:25.9597525Z remote: Counting objects:  57% (240/421)        
2025-09-20T21:18:25.9598549Z remote: Counting objects:  58% (245/421)        
2025-09-20T21:18:25.9599576Z remote: Counting objects:  59% (249/421)        
2025-09-20T21:18:25.9600615Z remote: Counting objects:  60% (253/421)        
2025-09-20T21:18:25.9601645Z remote: Counting objects:  61% (257/421)        
2025-09-20T21:18:25.9602673Z remote: Counting objects:  62% (262/421)        
2025-09-20T21:18:25.9603780Z remote: Counting objects:  63% (266/421)        
2025-09-20T21:18:25.9604843Z remote: Counting objects:  64% (270/421)        
2025-09-20T21:18:25.9605883Z remote: Counting objects:  65% (274/421)        
2025-09-20T21:18:25.9607159Z remote: Counting objects:  66% (278/421)        
2025-09-20T21:18:25.9608221Z remote: Counting objects:  67% (283/421)        
2025-09-20T21:18:25.9609684Z remote: Counting objects:  68% (287/421)        
2025-09-20T21:18:25.9610715Z remote: Counting objects:  69% (291/421)        
2025-09-20T21:18:25.9611751Z remote: Counting objects:  70% (295/421)        
2025-09-20T21:18:25.9612805Z remote: Counting objects:  71% (299/421)        
2025-09-20T21:18:25.9613943Z remote: Counting objects:  72% (304/421)        
2025-09-20T21:18:25.9614972Z remote: Counting objects:  73% (308/421)        
2025-09-20T21:18:25.9615995Z remote: Counting objects:  74% (312/421)        
2025-09-20T21:18:25.9617018Z remote: Counting objects:  75% (316/421)        
2025-09-20T21:18:25.9618041Z remote: Counting objects:  76% (320/421)        
2025-09-20T21:18:25.9619058Z remote: Counting objects:  77% (325/421)        
2025-09-20T21:18:25.9620098Z remote: Counting objects:  78% (329/421)        
2025-09-20T21:18:25.9621122Z remote: Counting objects:  79% (333/421)        
2025-09-20T21:18:25.9622139Z remote: Counting objects:  80% (337/421)        
2025-09-20T21:18:25.9623160Z remote: Counting objects:  81% (342/421)        
2025-09-20T21:18:25.9624315Z remote: Counting objects:  82% (346/421)        
2025-09-20T21:18:25.9625507Z remote: Counting objects:  83% (350/421)        
2025-09-20T21:18:25.9626551Z remote: Counting objects:  84% (354/421)        
2025-09-20T21:18:25.9628015Z remote: Counting objects:  85% (358/421)        
2025-09-20T21:18:25.9629068Z remote: Counting objects:  86% (363/421)        
2025-09-20T21:18:25.9630084Z remote: Counting objects:  87% (367/421)        
2025-09-20T21:18:25.9631112Z remote: Counting objects:  88% (371/421)        
2025-09-20T21:18:25.9632135Z remote: Counting objects:  89% (375/421)        
2025-09-20T21:18:25.9633164Z remote: Counting objects:  90% (379/421)        
2025-09-20T21:18:25.9634493Z remote: Counting objects:  91% (384/421)        
2025-09-20T21:18:25.9635798Z remote: Counting objects:  92% (388/421)        
2025-09-20T21:18:25.9636889Z remote: Counting objects:  93% (392/421)        
2025-09-20T21:18:25.9637908Z remote: Counting objects:  94% (396/421)        
2025-09-20T21:18:25.9638934Z remote: Counting objects:  95% (400/421)        
2025-09-20T21:18:25.9639953Z remote: Counting objects:  96% (405/421)        
2025-09-20T21:18:25.9640985Z remote: Counting objects:  97% (409/421)        
2025-09-20T21:18:25.9642000Z remote: Counting objects:  98% (413/421)        
2025-09-20T21:18:25.9643028Z remote: Counting objects:  99% (417/421)        
2025-09-20T21:18:25.9644165Z remote: Counting objects: 100% (421/421)        
2025-09-20T21:18:25.9645251Z remote: Counting objects: 100% (421/421), done.        
2025-09-20T21:18:25.9646348Z remote: Compressing objects:   0% (1/377)        
2025-09-20T21:18:25.9647394Z remote: Compressing objects:   1% (4/377)        
2025-09-20T21:18:25.9648623Z remote: Compressing objects:   2% (8/377)        
2025-09-20T21:18:25.9649710Z remote: Compressing objects:   3% (12/377)        
2025-09-20T21:18:25.9650946Z remote: Compressing objects:   4% (16/377)        
2025-09-20T21:18:25.9652146Z remote: Compressing objects:   5% (19/377)        
2025-09-20T21:18:25.9653558Z remote: Compressing objects:   6% (23/377)        
2025-09-20T21:18:25.9654730Z remote: Compressing objects:   7% (27/377)        
2025-09-20T21:18:25.9655805Z remote: Compressing objects:   8% (31/377)        
2025-09-20T21:18:25.9656856Z remote: Compressing objects:   9% (34/377)        
2025-09-20T21:18:25.9657909Z remote: Compressing objects:  10% (38/377)        
2025-09-20T21:18:25.9665268Z remote: Compressing objects:  11% (42/377)        
2025-09-20T21:18:25.9679015Z remote: Compressing objects:  12% (46/377)        
2025-09-20T21:18:25.9686667Z remote: Compressing objects:  13% (50/377)        
2025-09-20T21:18:25.9695124Z remote: Compressing objects:  14% (53/377)        
2025-09-20T21:18:25.9708012Z remote: Compressing objects:  15% (57/377)        
2025-09-20T21:18:25.9715679Z remote: Compressing objects:  16% (61/377)        
2025-09-20T21:18:25.9724724Z remote: Compressing objects:  17% (65/377)        
2025-09-20T21:18:25.9757391Z remote: Compressing objects:  18% (68/377)        
2025-09-20T21:18:25.9787948Z remote: Compressing objects:  19% (72/377)        
2025-09-20T21:18:25.9822288Z remote: Compressing objects:  20% (76/377)        
2025-09-20T21:18:25.9841507Z remote: Compressing objects:  21% (80/377)        
2025-09-20T21:18:25.9874220Z remote: Compressing objects:  22% (83/377)        
2025-09-20T21:18:25.9876442Z remote: Compressing objects:  23% (87/377)        
2025-09-20T21:18:25.9898845Z remote: Compressing objects:  24% (91/377)        
2025-09-20T21:18:25.9912911Z remote: Compressing objects:  25% (95/377)        
2025-09-20T21:18:25.9925771Z remote: Compressing objects:  26% (99/377)        
2025-09-20T21:18:25.9946726Z remote: Compressing objects:  27% (102/377)        
2025-09-20T21:18:25.9953435Z remote: Compressing objects:  28% (106/377)        
2025-09-20T21:18:25.9967823Z remote: Compressing objects:  29% (110/377)        
2025-09-20T21:18:25.9976428Z remote: Compressing objects:  30% (114/377)        
2025-09-20T21:18:26.0011946Z remote: Compressing objects:  31% (117/377)        
2025-09-20T21:18:26.0025638Z remote: Compressing objects:  32% (121/377)        
2025-09-20T21:18:26.0047652Z remote: Compressing objects:  33% (125/377)        
2025-09-20T21:18:26.0062106Z remote: Compressing objects:  34% (129/377)        
2025-09-20T21:18:26.0101778Z remote: Compressing objects:  35% (132/377)        
2025-09-20T21:18:26.0149358Z remote: Compressing objects:  36% (136/377)        
2025-09-20T21:18:26.0159390Z remote: Compressing objects:  37% (140/377)        
2025-09-20T21:18:26.0175167Z remote: Compressing objects:  38% (144/377)        
2025-09-20T21:18:26.0199722Z remote: Compressing objects:  39% (148/377)        
2025-09-20T21:18:26.0207670Z remote: Compressing objects:  40% (151/377)        
2025-09-20T21:18:26.0219891Z remote: Compressing objects:  41% (155/377)        
2025-09-20T21:18:26.0232657Z remote: Compressing objects:  42% (159/377)        
2025-09-20T21:18:26.0237057Z remote: Compressing objects:  43% (163/377)        
2025-09-20T21:18:26.0245647Z remote: Compressing objects:  44% (166/377)        
2025-09-20T21:18:26.0256559Z remote: Compressing objects:  45% (170/377)        
2025-09-20T21:18:26.0269786Z remote: Compressing objects:  46% (174/377)        
2025-09-20T21:18:26.0281420Z remote: Compressing objects:  47% (178/377)        
2025-09-20T21:18:26.0295914Z remote: Compressing objects:  48% (181/377)        
2025-09-20T21:18:26.0305387Z remote: Compressing objects:  49% (185/377)        
2025-09-20T21:18:26.0316338Z remote: Compressing objects:  50% (189/377)        
2025-09-20T21:18:26.0323561Z remote: Compressing objects:  51% (193/377)        
2025-09-20T21:18:26.0327845Z remote: Compressing objects:  52% (197/377)        
2025-09-20T21:18:26.0330213Z remote: Compressing objects:  53% (200/377)        
2025-09-20T21:18:26.0334541Z remote: Compressing objects:  54% (204/377)        
2025-09-20T21:18:26.0338787Z remote: Compressing objects:  55% (208/377)        
2025-09-20T21:18:26.0343924Z remote: Compressing objects:  56% (212/377)        
2025-09-20T21:18:26.0351621Z remote: Compressing objects:  57% (215/377)        
2025-09-20T21:18:26.0361960Z remote: Compressing objects:  58% (219/377)        
2025-09-20T21:18:26.0369570Z remote: Compressing objects:  59% (223/377)        
2025-09-20T21:18:26.0378382Z remote: Compressing objects:  60% (227/377)        
2025-09-20T21:18:26.0384985Z remote: Compressing objects:  61% (230/377)        
2025-09-20T21:18:26.0408132Z remote: Compressing objects:  62% (234/377)        
2025-09-20T21:18:26.0425431Z remote: Compressing objects:  63% (238/377)        
2025-09-20T21:18:26.0427238Z remote: Compressing objects:  64% (242/377)        
2025-09-20T21:18:26.0452963Z remote: Compressing objects:  65% (246/377)        
2025-09-20T21:18:26.0455580Z remote: Compressing objects:  66% (249/377)        
2025-09-20T21:18:26.0462992Z remote: Compressing objects:  67% (253/377)        
2025-09-20T21:18:26.0468449Z remote: Compressing objects:  68% (257/377)        
2025-09-20T21:18:26.0470105Z remote: Compressing objects:  69% (261/377)        
2025-09-20T21:18:26.0474764Z remote: Compressing objects:  70% (264/377)        
2025-09-20T21:18:26.0476498Z remote: Compressing objects:  71% (268/377)        
2025-09-20T21:18:26.0479610Z remote: Compressing objects:  72% (272/377)        
2025-09-20T21:18:26.0491007Z remote: Compressing objects:  73% (276/377)        
2025-09-20T21:18:26.0492628Z remote: Compressing objects:  74% (279/377)        
2025-09-20T21:18:26.0495012Z remote: Compressing objects:  75% (283/377)        
2025-09-20T21:18:26.0496494Z remote: Compressing objects:  76% (287/377)        
2025-09-20T21:18:26.0497755Z remote: Compressing objects:  77% (291/377)        
2025-09-20T21:18:26.0499055Z remote: Compressing objects:  78% (295/377)        
2025-09-20T21:18:26.0500854Z remote: Compressing objects:  79% (298/377)        
2025-09-20T21:18:26.0503302Z remote: Compressing objects:  80% (302/377)        
2025-09-20T21:18:26.0505765Z remote: Compressing objects:  81% (306/377)        
2025-09-20T21:18:26.0507631Z remote: Compressing objects:  82% (310/377)        
2025-09-20T21:18:26.0508864Z remote: Compressing objects:  83% (313/377)        
2025-09-20T21:18:26.0510089Z remote: Compressing objects:  84% (317/377)        
2025-09-20T21:18:26.0511311Z remote: Compressing objects:  85% (321/377)        
2025-09-20T21:18:26.0513251Z remote: Compressing objects:  86% (325/377)        
2025-09-20T21:18:26.0515532Z remote: Compressing objects:  87% (328/377)        
2025-09-20T21:18:26.0516811Z remote: Compressing objects:  88% (332/377)        
2025-09-20T21:18:26.0518042Z remote: Compressing objects:  89% (336/377)        
2025-09-20T21:18:26.0519779Z remote: Compressing objects:  90% (340/377)        
2025-09-20T21:18:26.0521237Z remote: Compressing objects:  91% (344/377)        
2025-09-20T21:18:26.0522921Z remote: Compressing objects:  92% (347/377)        
2025-09-20T21:18:26.0524520Z remote: Compressing objects:  93% (351/377)        
2025-09-20T21:18:26.0525915Z remote: Compressing objects:  94% (355/377)        
2025-09-20T21:18:26.0527750Z remote: Compressing objects:  95% (359/377)        
2025-09-20T21:18:26.0529026Z remote: Compressing objects:  96% (362/377)        
2025-09-20T21:18:26.0530265Z remote: Compressing objects:  97% (366/377)        
2025-09-20T21:18:26.0531505Z remote: Compressing objects:  98% (370/377)        
2025-09-20T21:18:26.0532737Z remote: Compressing objects:  99% (374/377)        
2025-09-20T21:18:26.0534169Z remote: Compressing objects: 100% (377/377)        
2025-09-20T21:18:26.0535909Z remote: Compressing objects: 100% (377/377), done.        
2025-09-20T21:18:26.0547505Z Receiving objects:   0% (1/421)
2025-09-20T21:18:26.0549258Z Receiving objects:   1% (5/421)
2025-09-20T21:18:26.0550691Z Receiving objects:   2% (9/421)
2025-09-20T21:18:26.0551952Z Receiving objects:   3% (13/421)
2025-09-20T21:18:26.0553087Z Receiving objects:   4% (17/421)
2025-09-20T21:18:26.0554217Z Receiving objects:   5% (22/421)
2025-09-20T21:18:26.0561723Z Receiving objects:   6% (26/421)
2025-09-20T21:18:26.0774507Z Receiving objects:   7% (30/421)
2025-09-20T21:18:26.0783039Z Receiving objects:   8% (34/421)
2025-09-20T21:18:26.0785728Z Receiving objects:   9% (38/421)
2025-09-20T21:18:26.0787432Z Receiving objects:  10% (43/421)
2025-09-20T21:18:26.0788628Z Receiving objects:  11% (47/421)
2025-09-20T21:18:26.0790124Z Receiving objects:  12% (51/421)
2025-09-20T21:18:26.0791213Z Receiving objects:  13% (55/421)
2025-09-20T21:18:26.0792246Z Receiving objects:  14% (59/421)
2025-09-20T21:18:26.0794036Z Receiving objects:  15% (64/421)
2025-09-20T21:18:26.0795060Z Receiving objects:  16% (68/421)
2025-09-20T21:18:26.0796032Z Receiving objects:  17% (72/421)
2025-09-20T21:18:26.0797073Z Receiving objects:  18% (76/421)
2025-09-20T21:18:26.0805098Z Receiving objects:  19% (80/421)
2025-09-20T21:18:26.0817605Z Receiving objects:  20% (85/421)
2025-09-20T21:18:26.0820571Z Receiving objects:  21% (89/421)
2025-09-20T21:18:26.0824396Z Receiving objects:  22% (93/421)
2025-09-20T21:18:26.0849192Z Receiving objects:  23% (97/421)
2025-09-20T21:18:26.0858273Z Receiving objects:  24% (102/421)
2025-09-20T21:18:26.0870170Z Receiving objects:  25% (106/421)
2025-09-20T21:18:26.0880446Z Receiving objects:  26% (110/421)
2025-09-20T21:18:26.0882038Z Receiving objects:  27% (114/421)
2025-09-20T21:18:26.0883480Z Receiving objects:  28% (118/421)
2025-09-20T21:18:26.0884699Z Receiving objects:  29% (123/421)
2025-09-20T21:18:26.0889215Z Receiving objects:  30% (127/421)
2025-09-20T21:18:26.0891376Z Receiving objects:  31% (131/421)
2025-09-20T21:18:26.0923189Z Receiving objects:  32% (135/421)
2025-09-20T21:18:26.0926272Z Receiving objects:  33% (139/421)
2025-09-20T21:18:26.0928766Z Receiving objects:  34% (144/421)
2025-09-20T21:18:26.0930232Z Receiving objects:  35% (148/421)
2025-09-20T21:18:26.0933941Z Receiving objects:  36% (152/421)
2025-09-20T21:18:26.0941852Z Receiving objects:  37% (156/421)
2025-09-20T21:18:26.0944128Z Receiving objects:  38% (160/421)
2025-09-20T21:18:26.0947227Z Receiving objects:  39% (165/421)
2025-09-20T21:18:26.0975275Z Receiving objects:  40% (169/421)
2025-09-20T21:18:26.0987443Z Receiving objects:  41% (173/421)
2025-09-20T21:18:26.1012125Z Receiving objects:  42% (177/421)
2025-09-20T21:18:26.1030423Z Receiving objects:  43% (182/421)
2025-09-20T21:18:26.1033406Z Receiving objects:  44% (186/421)
2025-09-20T21:18:26.1040035Z Receiving objects:  45% (190/421)
2025-09-20T21:18:26.1042469Z Receiving objects:  46% (194/421)
2025-09-20T21:18:26.1050380Z Receiving objects:  47% (198/421)
2025-09-20T21:18:26.1062646Z Receiving objects:  48% (203/421)
2025-09-20T21:18:26.1101938Z Receiving objects:  49% (207/421)
2025-09-20T21:18:26.1135793Z Receiving objects:  50% (211/421)
2025-09-20T21:18:26.1137867Z Receiving objects:  51% (215/421)
2025-09-20T21:18:26.1140304Z Receiving objects:  52% (219/421)
2025-09-20T21:18:26.1144454Z Receiving objects:  53% (224/421)
2025-09-20T21:18:26.1146084Z Receiving objects:  54% (228/421)
2025-09-20T21:18:26.1147639Z Receiving objects:  55% (232/421)
2025-09-20T21:18:26.1157359Z Receiving objects:  56% (236/421)
2025-09-20T21:18:26.1160494Z Receiving objects:  57% (240/421)
2025-09-20T21:18:26.1187952Z Receiving objects:  58% (245/421)
2025-09-20T21:18:26.1190003Z Receiving objects:  59% (249/421)
2025-09-20T21:18:26.1191818Z Receiving objects:  60% (253/421)
2025-09-20T21:18:26.1207565Z Receiving objects:  61% (257/421)
2025-09-20T21:18:26.1208944Z Receiving objects:  62% (262/421)
2025-09-20T21:18:26.1210484Z Receiving objects:  63% (266/421)
2025-09-20T21:18:26.1211874Z Receiving objects:  64% (270/421)
2025-09-20T21:18:26.1213449Z Receiving objects:  65% (274/421)
2025-09-20T21:18:26.1214726Z Receiving objects:  66% (278/421)
2025-09-20T21:18:26.1221872Z Receiving objects:  67% (283/421)
2025-09-20T21:18:26.1238140Z Receiving objects:  68% (287/421)
2025-09-20T21:18:26.1259001Z Receiving objects:  69% (291/421)
2025-09-20T21:18:26.1262886Z Receiving objects:  70% (295/421)
2025-09-20T21:18:26.1265685Z Receiving objects:  71% (299/421)
2025-09-20T21:18:26.1268277Z Receiving objects:  72% (304/421)
2025-09-20T21:18:26.1270231Z Receiving objects:  73% (308/421)
2025-09-20T21:18:26.1274938Z Receiving objects:  74% (312/421)
2025-09-20T21:18:26.1276331Z Receiving objects:  75% (316/421)
2025-09-20T21:18:26.1294048Z Receiving objects:  76% (320/421)
2025-09-20T21:18:26.1295752Z Receiving objects:  77% (325/421)
2025-09-20T21:18:26.1312453Z Receiving objects:  78% (329/421)
2025-09-20T21:18:26.1316482Z Receiving objects:  79% (333/421)
2025-09-20T21:18:26.1324232Z Receiving objects:  80% (337/421)
2025-09-20T21:18:26.1325575Z Receiving objects:  81% (342/421)
2025-09-20T21:18:26.1326899Z Receiving objects:  82% (346/421)
2025-09-20T21:18:26.1328411Z Receiving objects:  83% (350/421)
2025-09-20T21:18:26.1329768Z Receiving objects:  84% (354/421)
2025-09-20T21:18:26.1330725Z Receiving objects:  85% (358/421)
2025-09-20T21:18:26.1346851Z Receiving objects:  86% (363/421)
2025-09-20T21:18:26.1349178Z Receiving objects:  87% (367/421)
2025-09-20T21:18:26.1350471Z Receiving objects:  88% (371/421)
2025-09-20T21:18:26.1365618Z Receiving objects:  89% (375/421)
2025-09-20T21:18:26.1366785Z Receiving objects:  90% (379/421)
2025-09-20T21:18:26.1368685Z Receiving objects:  91% (384/421)
2025-09-20T21:18:26.1371194Z Receiving objects:  92% (388/421)
2025-09-20T21:18:26.1373490Z Receiving objects:  93% (392/421)
2025-09-20T21:18:26.1375397Z Receiving objects:  94% (396/421)
2025-09-20T21:18:26.1378968Z Receiving objects:  95% (400/421)
2025-09-20T21:18:26.1401518Z Receiving objects:  96% (405/421)
2025-09-20T21:18:26.1403515Z Receiving objects:  97% (409/421)
2025-09-20T21:18:26.2289073Z Receiving objects:  98% (413/421)
2025-09-20T21:18:26.2292315Z remote: Total 421 (delta 39), reused 203 (delta 16), pack-reused 0 (from 0)        
2025-09-20T21:18:26.2302267Z Receiving objects:  99% (417/421)
2025-09-20T21:18:26.2304501Z Receiving objects: 100% (421/421)
2025-09-20T21:18:26.2311343Z Receiving objects: 100% (421/421), 2.56 MiB | 14.58 MiB/s, done.
2025-09-20T21:18:26.2313463Z Resolving deltas:   0% (0/39)
2025-09-20T21:18:26.2315196Z Resolving deltas:   2% (1/39)
2025-09-20T21:18:26.2322970Z Resolving deltas:   5% (2/39)
2025-09-20T21:18:26.2325946Z Resolving deltas:   7% (3/39)
2025-09-20T21:18:26.2327437Z Resolving deltas:  10% (4/39)
2025-09-20T21:18:26.2329076Z Resolving deltas:  12% (5/39)
2025-09-20T21:18:26.2330524Z Resolving deltas:  15% (6/39)
2025-09-20T21:18:26.2331971Z Resolving deltas:  17% (7/39)
2025-09-20T21:18:26.2333384Z Resolving deltas:  20% (8/39)
2025-09-20T21:18:26.2335087Z Resolving deltas:  23% (9/39)
2025-09-20T21:18:26.2336348Z Resolving deltas:  25% (10/39)
2025-09-20T21:18:26.2337478Z Resolving deltas:  28% (11/39)
2025-09-20T21:18:26.2338546Z Resolving deltas:  30% (12/39)
2025-09-20T21:18:26.2339594Z Resolving deltas:  33% (13/39)
2025-09-20T21:18:26.2340858Z Resolving deltas:  35% (14/39)
2025-09-20T21:18:26.2341735Z Resolving deltas:  38% (15/39)
2025-09-20T21:18:26.2342580Z Resolving deltas:  41% (16/39)
2025-09-20T21:18:26.2343421Z Resolving deltas:  43% (17/39)
2025-09-20T21:18:26.2344535Z Resolving deltas:  46% (18/39)
2025-09-20T21:18:26.2345418Z Resolving deltas:  48% (19/39)
2025-09-20T21:18:26.2346284Z Resolving deltas:  51% (20/39)
2025-09-20T21:18:26.2347201Z Resolving deltas:  53% (21/39)
2025-09-20T21:18:26.2348078Z Resolving deltas:  56% (22/39)
2025-09-20T21:18:26.2348956Z Resolving deltas:  58% (23/39)
2025-09-20T21:18:26.2349833Z Resolving deltas:  61% (24/39)
2025-09-20T21:18:26.2350697Z Resolving deltas:  64% (25/39)
2025-09-20T21:18:26.2352329Z Resolving deltas:  66% (26/39)
2025-09-20T21:18:26.2353178Z Resolving deltas:  69% (27/39)
2025-09-20T21:18:26.2354313Z Resolving deltas:  71% (28/39)
2025-09-20T21:18:26.2355498Z Resolving deltas:  74% (29/39)
2025-09-20T21:18:26.2357042Z Resolving deltas:  76% (30/39)
2025-09-20T21:18:26.2358212Z Resolving deltas:  79% (31/39)
2025-09-20T21:18:26.2359445Z Resolving deltas:  82% (32/39)
2025-09-20T21:18:26.2360360Z Resolving deltas:  84% (33/39)
2025-09-20T21:18:26.2361359Z Resolving deltas:  87% (34/39)
2025-09-20T21:18:26.2362274Z Resolving deltas:  89% (35/39)
2025-09-20T21:18:26.2363127Z Resolving deltas:  92% (36/39)
2025-09-20T21:18:26.2364230Z Resolving deltas:  94% (37/39)
2025-09-20T21:18:26.2365100Z Resolving deltas:  97% (38/39)
2025-09-20T21:18:26.2366131Z Resolving deltas: 100% (39/39)
2025-09-20T21:18:26.2367086Z Resolving deltas: 100% (39/39), done.
2025-09-20T21:18:26.2426204Z From https://github.com/Avarok-Cybersecurity/Citadel-Protocol
2025-09-20T21:18:26.2428089Z  * [new ref]         7edf0bb75f061919add02f6d6a82672c0b2e9654 -> pull/236/merge
2025-09-20T21:18:26.2461017Z ##[endgroup]
2025-09-20T21:18:26.2462567Z ##[group]Determining the checkout info
2025-09-20T21:18:26.2464356Z ##[endgroup]
2025-09-20T21:18:26.2465615Z ##[group]Checking out the ref
2025-09-20T21:18:26.2467318Z [command]/usr/bin/git checkout --progress --force refs/remotes/pull/236/merge
2025-09-20T21:18:26.7475247Z Note: switching to 'refs/remotes/pull/236/merge'.
2025-09-20T21:18:26.7477370Z 
2025-09-20T21:18:26.7478266Z You are in 'detached HEAD' state. You can look around, make experimental
2025-09-20T21:18:26.7480172Z changes and commit them, and you can discard any commits you make in this
2025-09-20T21:18:26.7481838Z state without impacting any branches by switching back to a branch.
2025-09-20T21:18:26.7482794Z 
2025-09-20T21:18:26.7483417Z If you want to create a new branch to retain commits you create, you may
2025-09-20T21:18:26.7485204Z do so (now or later) by using -c with the switch command. Example:
2025-09-20T21:18:26.7486092Z 
2025-09-20T21:18:26.7486438Z   git switch -c <new-branch-name>
2025-09-20T21:18:26.7487058Z 
2025-09-20T21:18:26.7487388Z Or undo this operation with:
2025-09-20T21:18:26.7488019Z 
2025-09-20T21:18:26.7488307Z   git switch -
2025-09-20T21:18:26.7488751Z 
2025-09-20T21:18:26.7489490Z Turn off this advice by setting config variable advice.detachedHead to false
2025-09-20T21:18:26.7490528Z 
2025-09-20T21:18:26.7491730Z HEAD is now at 7edf0bb Merge 8a89b2152348ab91c1a5bd335ccb554a7eae26c5 into 2b40ca3c28904a155dd62f453494820feec744f0
2025-09-20T21:18:26.7737645Z ##[endgroup]
2025-09-20T21:18:26.7772335Z [command]/usr/bin/git log -1 --format='%H'
2025-09-20T21:18:26.7795636Z '7edf0bb75f061919add02f6d6a82672c0b2e9654'
2025-09-20T21:18:26.8235737Z ##[group]Run dtolnay/rust-toolchain@stable
2025-09-20T21:18:26.8236683Z with:
2025-09-20T21:18:26.8237306Z   toolchain: stable
2025-09-20T21:18:26.8238372Z env:
2025-09-20T21:18:26.8239342Z   CARGO_TERM_COLOR: always
2025-09-20T21:18:26.8240505Z   RUST_BACKTRACE: full
2025-09-20T21:18:26.8241604Z   RUST_MIN_STACK: 40971520
2025-09-20T21:18:26.8242897Z   RUST_LOG: citadel=warn
2025-09-20T21:18:26.8244262Z   IN_CI: true
2025-09-20T21:18:26.8245068Z ##[endgroup]
2025-09-20T21:18:26.8338531Z ##[group]Run : parse toolchain version
2025-09-20T21:18:26.8339776Z [36;1m: parse toolchain version[0m
2025-09-20T21:18:26.8340689Z [36;1mif [[ -z $toolchain ]]; then[0m
2025-09-20T21:18:26.8342285Z [36;1m  # GitHub does not enforce `required: true` inputs itself. https://github.com/actions/runner/issues/1070[0m
2025-09-20T21:18:26.8344199Z [36;1m  echo "'toolchain' is a required input" >&2[0m
2025-09-20T21:18:26.8345161Z [36;1m  exit 1[0m
2025-09-20T21:18:26.8346197Z [36;1melif [[ $toolchain =~ ^stable' '[0-9]+' '(year|month|week|day)s?' 'ago$ ]]; then[0m
2025-09-20T21:18:26.8347487Z [36;1m  if [[ Linux == macOS ]]; then[0m
2025-09-20T21:18:26.8349045Z [36;1m    echo "toolchain=1.$((($(date -v-$(sed 's/stable \([0-9]*\) \(.\).*/\1\2/' <<< $toolchain) +%s)/60/60/24-16569)/7/6))" >> $GITHUB_OUTPUT[0m
2025-09-20T21:18:26.8350575Z [36;1m  else[0m
2025-09-20T21:18:26.8351809Z [36;1m    echo "toolchain=1.$((($(date --date "${toolchain#stable }" +%s)/60/60/24-16569)/7/6))" >> $GITHUB_OUTPUT[0m
2025-09-20T21:18:26.8353400Z [36;1m  fi[0m
2025-09-20T21:18:26.8354507Z [36;1melif [[ $toolchain =~ ^stable' 'minus' '[0-9]+' 'releases?$ ]]; then[0m
2025-09-20T21:18:26.8356161Z [36;1m  echo "toolchain=1.$((($(date +%s)/60/60/24-16569)/7/6-${toolchain//[^0-9]/}))" >> $GITHUB_OUTPUT[0m
2025-09-20T21:18:26.8357620Z [36;1melif [[ $toolchain =~ ^1\.[0-9]+$ ]]; then[0m
2025-09-20T21:18:26.8359228Z [36;1m  echo "toolchain=1.$((i=${toolchain#1.}, c=($(date +%s)/60/60/24-16569)/7/6, i+9*i*(10*i<=c)+90*i*(100*i<=c)))" >> $GITHUB_OUTPUT[0m
2025-09-20T21:18:26.8360745Z [36;1melse[0m
2025-09-20T21:18:26.8361541Z [36;1m  echo "toolchain=$toolchain" >> $GITHUB_OUTPUT[0m
2025-09-20T21:18:26.8362526Z [36;1mfi[0m
2025-09-20T21:18:26.8422712Z shell: /usr/bin/bash --noprofile --norc -e -o pipefail {0}
2025-09-20T21:18:26.8424043Z env:
2025-09-20T21:18:26.8424688Z   CARGO_TERM_COLOR: always
2025-09-20T21:18:26.8425464Z   RUST_BACKTRACE: full
2025-09-20T21:18:26.8426214Z   RUST_MIN_STACK: 40971520
2025-09-20T21:18:26.8426980Z   RUST_LOG: citadel=warn
2025-09-20T21:18:26.8427727Z   IN_CI: true
2025-09-20T21:18:26.8428364Z   toolchain: stable
2025-09-20T21:18:26.8429029Z ##[endgroup]
2025-09-20T21:18:26.8592280Z ##[group]Run : construct rustup command line
2025-09-20T21:18:26.8593281Z [36;1m: construct rustup command line[0m
2025-09-20T21:18:26.8594885Z [36;1mecho "targets=$(for t in ${targets//,/ }; do echo -n ' --target' $t; done)" >> $GITHUB_OUTPUT[0m
2025-09-20T21:18:26.8596786Z [36;1mecho "components=$(for c in ${components//,/ }; do echo -n ' --component' $c; done)" >> $GITHUB_OUTPUT[0m
2025-09-20T21:18:26.8598299Z [36;1mecho "downgrade=" >> $GITHUB_OUTPUT[0m
2025-09-20T21:18:26.8629304Z shell: /usr/bin/bash --noprofile --norc -e -o pipefail {0}
2025-09-20T21:18:26.8630350Z env:
2025-09-20T21:18:26.8630984Z   CARGO_TERM_COLOR: always
2025-09-20T21:18:26.8631732Z   RUST_BACKTRACE: full
2025-09-20T21:18:26.8632451Z   RUST_MIN_STACK: 40971520
2025-09-20T21:18:26.8633202Z   RUST_LOG: citadel=warn
2025-09-20T21:18:26.8634121Z   IN_CI: true
2025-09-20T21:18:26.8634764Z   targets: 
2025-09-20T21:18:26.8635365Z   components: 
2025-09-20T21:18:26.8635981Z ##[endgroup]
2025-09-20T21:18:26.8776047Z ##[group]Run : set $CARGO_HOME
2025-09-20T21:18:26.8776881Z [36;1m: set $CARGO_HOME[0m
2025-09-20T21:18:26.8777924Z [36;1mecho CARGO_HOME=${CARGO_HOME:-"$HOME/.cargo"} >> $GITHUB_ENV[0m
2025-09-20T21:18:26.8809296Z shell: /usr/bin/bash --noprofile --norc -e -o pipefail {0}
2025-09-20T21:18:26.8810364Z env:
2025-09-20T21:18:26.8810988Z   CARGO_TERM_COLOR: always
2025-09-20T21:18:26.8811753Z   RUST_BACKTRACE: full
2025-09-20T21:18:26.8812485Z   RUST_MIN_STACK: 40971520
2025-09-20T21:18:26.8813241Z   RUST_LOG: citadel=warn
2025-09-20T21:18:26.8814095Z   IN_CI: true
2025-09-20T21:18:26.8814712Z ##[endgroup]
2025-09-20T21:18:26.8928588Z ##[group]Run : install rustup if needed
2025-09-20T21:18:26.8929528Z [36;1m: install rustup if needed[0m
2025-09-20T21:18:26.8930478Z [36;1mif ! command -v rustup &>/dev/null; then[0m
2025-09-20T21:18:26.8932826Z [36;1m  curl --proto '=https' --tlsv1.2 --retry 10 --retry-connrefused --location --silent --show-error --fail https://sh.rustup.rs | sh -s -- --default-toolchain none -y[0m
2025-09-20T21:18:26.8935232Z [36;1m  echo "$CARGO_HOME/bin" >> $GITHUB_PATH[0m
2025-09-20T21:18:26.8936125Z [36;1mfi[0m
2025-09-20T21:18:26.8966796Z shell: /usr/bin/bash --noprofile --norc -e -o pipefail {0}
2025-09-20T21:18:26.8967826Z env:
2025-09-20T21:18:26.8968408Z   CARGO_TERM_COLOR: always
2025-09-20T21:18:26.8969148Z   RUST_BACKTRACE: full
2025-09-20T21:18:26.8969841Z   RUST_MIN_STACK: 40971520
2025-09-20T21:18:26.8970576Z   RUST_LOG: citadel=warn
2025-09-20T21:18:26.8971255Z   IN_CI: true
2025-09-20T21:18:26.8971907Z   CARGO_HOME: /home/runner/.cargo
2025-09-20T21:18:26.8972677Z ##[endgroup]
2025-09-20T21:18:26.9088584Z ##[group]Run rustup toolchain install stable --profile minimal --no-self-update
2025-09-20T21:18:26.9090438Z [36;1mrustup toolchain install stable --profile minimal --no-self-update[0m
2025-09-20T21:18:26.9123052Z shell: /usr/bin/bash --noprofile --norc -e -o pipefail {0}
2025-09-20T21:18:26.9124486Z env:
2025-09-20T21:18:26.9125098Z   CARGO_TERM_COLOR: always
2025-09-20T21:18:26.9125861Z   RUST_BACKTRACE: full
2025-09-20T21:18:26.9126581Z   RUST_MIN_STACK: 40971520
2025-09-20T21:18:26.9127331Z   RUST_LOG: citadel=warn
2025-09-20T21:18:26.9128036Z   IN_CI: true
2025-09-20T21:18:26.9128699Z   CARGO_HOME: /home/runner/.cargo
2025-09-20T21:18:26.9129500Z ##[endgroup]
2025-09-20T21:18:27.1773086Z info: syncing channel updates for 'stable-x86_64-unknown-linux-gnu'
2025-09-20T21:18:27.5741602Z info: latest update on 2025-09-18, rust version 1.90.0 (1159e78c4 2025-09-14)
2025-09-20T21:18:27.6093282Z info: downloading component 'clippy'
2025-09-20T21:18:27.7202052Z info: downloading component 'rustfmt'
2025-09-20T21:18:27.8180619Z info: downloading component 'cargo'
2025-09-20T21:18:28.0196851Z info: downloading component 'rust-std'
2025-09-20T21:18:28.3557242Z info: downloading component 'rustc'
2025-09-20T21:18:29.1101418Z info: removing previous version of component 'clippy'
2025-09-20T21:18:29.1113209Z info: removing previous version of component 'rustfmt'
2025-09-20T21:18:29.1123971Z info: removing previous version of component 'cargo'
2025-09-20T21:18:29.1194225Z info: removing previous version of component 'rust-std'
2025-09-20T21:18:29.1222863Z info: removing previous version of component 'rustc'
2025-09-20T21:18:29.1265332Z info: installing component 'clippy'
2025-09-20T21:18:29.5071974Z info: installing component 'rustfmt'
2025-09-20T21:18:29.7412052Z info: installing component 'cargo'
2025-09-20T21:18:30.4435356Z info: installing component 'rust-std'
2025-09-20T21:18:32.3164735Z info: installing component 'rustc'
2025-09-20T21:18:37.2285785Z 
2025-09-20T21:18:37.2384850Z   stable-x86_64-unknown-linux-gnu updated - rustc 1.90.0 (1159e78c4 2025-09-14) (from rustc 1.89.0 (29483883e 2025-08-04))
2025-09-20T21:18:37.2385727Z 
2025-09-20T21:18:37.2442337Z ##[group]Run rustup default stable
2025-09-20T21:18:37.2442649Z [36;1mrustup default stable[0m
2025-09-20T21:18:37.2478202Z shell: /usr/bin/bash --noprofile --norc -e -o pipefail {0}
2025-09-20T21:18:37.2478530Z env:
2025-09-20T21:18:37.2478711Z   CARGO_TERM_COLOR: always
2025-09-20T21:18:37.2478924Z   RUST_BACKTRACE: full
2025-09-20T21:18:37.2479120Z   RUST_MIN_STACK: 40971520
2025-09-20T21:18:37.2479316Z   RUST_LOG: citadel=warn
2025-09-20T21:18:37.2479510Z   IN_CI: true
2025-09-20T21:18:37.2479689Z   CARGO_HOME: /home/runner/.cargo
2025-09-20T21:18:37.2479935Z ##[endgroup]
2025-09-20T21:18:37.2583658Z info: using existing install for 'stable-x86_64-unknown-linux-gnu'
2025-09-20T21:18:37.2922844Z info: default toolchain set to 'stable-x86_64-unknown-linux-gnu'
2025-09-20T21:18:37.2923284Z 
2025-09-20T21:18:37.3017854Z   stable-x86_64-unknown-linux-gnu unchanged - rustc 1.90.0 (1159e78c4 2025-09-14)
2025-09-20T21:18:37.3018317Z 
2025-09-20T21:18:37.3064462Z ##[group]Run : create cachekey
2025-09-20T21:18:37.3064792Z [36;1m: create cachekey[0m
2025-09-20T21:18:37.3065426Z [36;1mDATE=$(rustc +stable --version --verbose | sed -ne 's/^commit-date: \(20[0-9][0-9]\)-\([01][0-9]\)-\([0-3][0-9]\)$/\1\2\3/p')[0m
2025-09-20T21:18:37.3066009Z [36;1mHASH=$(rustc +stable --version --verbose | sed -ne 's/^commit-hash: //p')[0m
2025-09-20T21:18:37.3066472Z [36;1mecho "cachekey=$(echo $DATE$HASH | head -c12)" >> $GITHUB_OUTPUT[0m
2025-09-20T21:18:37.3095882Z shell: /usr/bin/bash --noprofile --norc -e -o pipefail {0}
2025-09-20T21:18:37.3096202Z env:
2025-09-20T21:18:37.3096393Z   CARGO_TERM_COLOR: always
2025-09-20T21:18:37.3096620Z   RUST_BACKTRACE: full
2025-09-20T21:18:37.3096837Z   RUST_MIN_STACK: 40971520
2025-09-20T21:18:37.3097046Z   RUST_LOG: citadel=warn
2025-09-20T21:18:37.3097257Z   IN_CI: true
2025-09-20T21:18:37.3097445Z   CARGO_HOME: /home/runner/.cargo
2025-09-20T21:18:37.3097683Z ##[endgroup]
2025-09-20T21:18:37.3509042Z ##[group]Run : disable incremental compilation
2025-09-20T21:18:37.3509573Z [36;1m: disable incremental compilation[0m
2025-09-20T21:18:37.3509874Z [36;1mif [ -z "${CARGO_INCREMENTAL+set}" ]; then[0m
2025-09-20T21:18:37.3510164Z [36;1m  echo CARGO_INCREMENTAL=0 >> $GITHUB_ENV[0m
2025-09-20T21:18:37.3510412Z [36;1mfi[0m
2025-09-20T21:18:37.3539987Z shell: /usr/bin/bash --noprofile --norc -e -o pipefail {0}
2025-09-20T21:18:37.3540298Z env:
2025-09-20T21:18:37.3540472Z   CARGO_TERM_COLOR: always
2025-09-20T21:18:37.3540688Z   RUST_BACKTRACE: full
2025-09-20T21:18:37.3540882Z   RUST_MIN_STACK: 40971520
2025-09-20T21:18:37.3541081Z   RUST_LOG: citadel=warn
2025-09-20T21:18:37.3541264Z   IN_CI: true
2025-09-20T21:18:37.3541445Z   CARGO_HOME: /home/runner/.cargo
2025-09-20T21:18:37.3541657Z ##[endgroup]
2025-09-20T21:18:37.3607179Z ##[group]Run : enable colors in Cargo output
2025-09-20T21:18:37.3607479Z [36;1m: enable colors in Cargo output[0m
2025-09-20T21:18:37.3607761Z [36;1mif [ -z "${CARGO_TERM_COLOR+set}" ]; then[0m
2025-09-20T21:18:37.3608069Z [36;1m  echo CARGO_TERM_COLOR=always >> $GITHUB_ENV[0m
2025-09-20T21:18:37.3608329Z [36;1mfi[0m
2025-09-20T21:18:37.3634389Z shell: /usr/bin/bash --noprofile --norc -e -o pipefail {0}
2025-09-20T21:18:37.3634704Z env:
2025-09-20T21:18:37.3634882Z   CARGO_TERM_COLOR: always
2025-09-20T21:18:37.3635093Z   RUST_BACKTRACE: full
2025-09-20T21:18:37.3635283Z   RUST_MIN_STACK: 40971520
2025-09-20T21:18:37.3635482Z   RUST_LOG: citadel=warn
2025-09-20T21:18:37.3635678Z   IN_CI: true
2025-09-20T21:18:37.3635862Z   CARGO_HOME: /home/runner/.cargo
2025-09-20T21:18:37.3636082Z   CARGO_INCREMENTAL: 0
2025-09-20T21:18:37.3636272Z ##[endgroup]
2025-09-20T21:18:37.3701976Z ##[group]Run : enable Cargo sparse registry
2025-09-20T21:18:37.3702298Z [36;1m: enable Cargo sparse registry[0m
2025-09-20T21:18:37.3702642Z [36;1m# implemented in 1.66, stabilized in 1.68, made default in 1.70[0m
2025-09-20T21:18:37.3703287Z [36;1mif [ -z "${CARGO_REGISTRIES_CRATES_IO_PROTOCOL+set}" -o -f "/home/runner/work/_temp"/.implicit_cargo_registries_crates_io_protocol ]; then[0m
2025-09-20T21:18:37.3704199Z [36;1m  if rustc +stable --version --verbose | grep -q '^release: 1\.6[89]\.'; then[0m
2025-09-20T21:18:37.3704727Z [36;1m    touch "/home/runner/work/_temp"/.implicit_cargo_registries_crates_io_protocol || true[0m
2025-09-20T21:18:37.3705223Z [36;1m    echo CARGO_REGISTRIES_CRATES_IO_PROTOCOL=sparse >> $GITHUB_ENV[0m
2025-09-20T21:18:37.3705670Z [36;1m  elif rustc +stable --version --verbose | grep -q '^release: 1\.6[67]\.'; then[0m
2025-09-20T21:18:37.3706186Z [36;1m    touch "/home/runner/work/_temp"/.implicit_cargo_registries_crates_io_protocol || true[0m
2025-09-20T21:18:37.3706658Z [36;1m    echo CARGO_REGISTRIES_CRATES_IO_PROTOCOL=git >> $GITHUB_ENV[0m
2025-09-20T21:18:37.3706982Z [36;1m  fi[0m
2025-09-20T21:18:37.3707163Z [36;1mfi[0m
2025-09-20T21:18:37.3733297Z shell: /usr/bin/bash --noprofile --norc -e -o pipefail {0}
2025-09-20T21:18:37.3733636Z env:
2025-09-20T21:18:37.3734040Z   CARGO_TERM_COLOR: always
2025-09-20T21:18:37.3734280Z   RUST_BACKTRACE: full
2025-09-20T21:18:37.3734500Z   RUST_MIN_STACK: 40971520
2025-09-20T21:18:37.3734886Z   RUST_LOG: citadel=warn
2025-09-20T21:18:37.3735105Z   IN_CI: true
2025-09-20T21:18:37.3735301Z   CARGO_HOME: /home/runner/.cargo
2025-09-20T21:18:37.3735548Z   CARGO_INCREMENTAL: 0
2025-09-20T21:18:37.3735750Z ##[endgroup]
2025-09-20T21:18:37.4104820Z ##[group]Run : work around spurious network errors in curl 8.0
2025-09-20T21:18:37.4105243Z [36;1m: work around spurious network errors in curl 8.0[0m
2025-09-20T21:18:37.4105910Z [36;1m# https://rust-lang.zulipchat.com/#narrow/stream/246057-t-cargo/topic/timeout.20investigation[0m
2025-09-20T21:18:37.4106465Z [36;1mif rustc +stable --version --verbose | grep -q '^release: 1\.7[01]\.'; then[0m
2025-09-20T21:18:37.4106874Z [36;1m  echo CARGO_HTTP_MULTIPLEXING=false >> $GITHUB_ENV[0m
2025-09-20T21:18:37.4107146Z [36;1mfi[0m
2025-09-20T21:18:37.4136744Z shell: /usr/bin/bash --noprofile --norc -e -o pipefail {0}
2025-09-20T21:18:37.4137232Z env:
2025-09-20T21:18:37.4137412Z   CARGO_TERM_COLOR: always
2025-09-20T21:18:37.4137632Z   RUST_BACKTRACE: full
2025-09-20T21:18:37.4137820Z   RUST_MIN_STACK: 40971520
2025-09-20T21:18:37.4138018Z   RUST_LOG: citadel=warn
2025-09-20T21:18:37.4138202Z   IN_CI: true
2025-09-20T21:18:37.4138389Z   CARGO_HOME: /home/runner/.cargo
2025-09-20T21:18:37.4138607Z   CARGO_INCREMENTAL: 0
2025-09-20T21:18:37.4138794Z ##[endgroup]
2025-09-20T21:18:37.4361766Z ##[group]Run rustc +stable --version --verbose
2025-09-20T21:18:37.4362178Z [36;1mrustc +stable --version --verbose[0m
2025-09-20T21:18:37.4391774Z shell: /usr/bin/bash --noprofile --norc -e -o pipefail {0}
2025-09-20T21:18:37.4392102Z env:
2025-09-20T21:18:37.4392296Z   CARGO_TERM_COLOR: always
2025-09-20T21:18:37.4392520Z   RUST_BACKTRACE: full
2025-09-20T21:18:37.4392735Z   RUST_MIN_STACK: 40971520
2025-09-20T21:18:37.4392945Z   RUST_LOG: citadel=warn
2025-09-20T21:18:37.4393148Z   IN_CI: true
2025-09-20T21:18:37.4393345Z   CARGO_HOME: /home/runner/.cargo
2025-09-20T21:18:37.4393646Z   CARGO_INCREMENTAL: 0
2025-09-20T21:18:37.4394085Z ##[endgroup]
2025-09-20T21:18:37.4573124Z rustc 1.90.0 (1159e78c4 2025-09-14)
2025-09-20T21:18:37.4574016Z binary: rustc
2025-09-20T21:18:37.4574541Z commit-hash: 1159e78c4747b02ef996e55082b704c09b970588
2025-09-20T21:18:37.4575122Z commit-date: 2025-09-14
2025-09-20T21:18:37.4575485Z host: x86_64-unknown-linux-gnu
2025-09-20T21:18:37.4575753Z release: 1.90.0
2025-09-20T21:18:37.4575975Z LLVM version: 20.1.8
2025-09-20T21:18:37.4678685Z ##[group]Run actions-rs/cargo@v1
2025-09-20T21:18:37.4678934Z with:
2025-09-20T21:18:37.4679109Z   command: install
2025-09-20T21:18:37.4679311Z   args: --force cargo-make
2025-09-20T21:18:37.4679516Z   use-cross: false
2025-09-20T21:18:37.4679691Z env:
2025-09-20T21:18:37.4679853Z   CARGO_TERM_COLOR: always
2025-09-20T21:18:37.4680055Z   RUST_BACKTRACE: full
2025-09-20T21:18:37.4680243Z   RUST_MIN_STACK: 40971520
2025-09-20T21:18:37.4680443Z   RUST_LOG: citadel=warn
2025-09-20T21:18:37.4680642Z   IN_CI: true
2025-09-20T21:18:37.4680829Z   CARGO_HOME: /home/runner/.cargo
2025-09-20T21:18:37.4681063Z   CARGO_INCREMENTAL: 0
2025-09-20T21:18:37.4681254Z ##[endgroup]
2025-09-20T21:18:37.5343028Z [command]/home/runner/.cargo/bin/cargo install --force cargo-make
2025-09-20T21:18:37.5982760Z [1m[32m    Updating[0m crates.io index
2025-09-20T21:18:37.9226521Z [1m[32m Downloading[0m crates ...
2025-09-20T21:18:38.2420508Z [1m[32m  Downloaded[0m cargo-make v0.37.24
2025-09-20T21:18:38.3077959Z [1m[32m  Installing[0m cargo-make v0.37.24
2025-09-20T21:18:38.3294349Z [1m[32m    Updating[0m crates.io index
2025-09-20T21:18:38.8632362Z [1m[32m     Locking[0m 234 packages to latest compatible versions
2025-09-20T21:18:38.8647991Z [1m[36m      Adding[0m cargo_metadata v0.19.2 [1m[33m(available: v0.22.0)[0m
2025-09-20T21:18:38.8745549Z [1m[36m      Adding[0m petgraph v0.7.1 [1m[33m(available: v0.8.2)[0m
2025-09-20T21:18:38.8842807Z [1m[36m      Adding[0m strum_macros v0.26.4 [1m[33m(available: v0.27.2)[0m
2025-09-20T21:18:38.8871953Z [1m[36m      Adding[0m toml v0.8.23 [1m[33m(available: v0.9.7)[0m
2025-09-20T21:18:38.8928048Z [1m[32m Downloading[0m crates ...
2025-09-20T21:18:38.9675869Z [1m[32m  Downloaded[0m crossbeam-utils v0.8.21
2025-09-20T21:18:38.9775960Z [1m[32m  Downloaded[0m lazy-regex v3.4.1
2025-09-20T21:18:38.9796008Z [1m[32m  Downloaded[0m futures-core v0.3.31
2025-09-20T21:18:38.9815433Z [1m[32m  Downloaded[0m pkg-config v0.3.32
2025-09-20T21:18:38.9839285Z [1m[32m  Downloaded[0m litemap v0.8.0
2025-09-20T21:18:38.9870231Z [1m[32m  Downloaded[0m icu_normalizer_data v2.0.0
2025-09-20T21:18:38.9902601Z [1m[32m  Downloaded[0m serde_spanned v0.6.9
2025-09-20T21:18:38.9922654Z [1m[32m  Downloaded[0m quote v1.0.40
2025-09-20T21:18:38.9964909Z [1m[32m  Downloaded[0m rand v0.8.5
2025-09-20T21:18:39.0004958Z [1m[32m  Downloaded[0m bitflags v2.9.4
2025-09-20T21:18:39.0058310Z [1m[32m  Downloaded[0m cargo-platform v0.1.9
2025-09-20T21:18:39.0074661Z [1m[32m  Downloaded[0m regex-automata v0.4.10
2025-09-20T21:18:39.0240100Z [1m[32m  Downloaded[0m ppv-lite86 v0.2.21
2025-09-20T21:18:39.0257742Z [1m[32m  Downloaded[0m parking v2.2.1
2025-09-20T21:18:39.0272100Z [1m[32m  Downloaded[0m dirs-next v2.0.0
2025-09-20T21:18:39.0291597Z [1m[32m  Downloaded[0m serde_core v1.0.225
2025-09-20T21:18:39.0341040Z [1m[32m  Downloaded[0m crossbeam-deque v0.8.6
2025-09-20T21:18:39.0361130Z [1m[32m  Downloaded[0m rustversion v1.0.22
2025-09-20T21:18:39.0405517Z [1m[32m  Downloaded[0m serde v1.0.225
2025-09-20T21:18:39.0433045Z [1m[32m  Downloaded[0m ctrlc v3.5.0
2025-09-20T21:18:39.0465623Z [1m[32m  Downloaded[0m rustls v0.23.32
2025-09-20T21:18:39.0609907Z [1m[32m  Downloaded[0m zerofrom-derive v0.1.6
2025-09-20T21:18:39.0629979Z [1m[32m  Downloaded[0m zerovec-derive v0.11.1
2025-09-20T21:18:39.0651193Z [1m[32m  Downloaded[0m serde_ignored v0.1.14
2025-09-20T21:18:39.0679407Z [1m[32m  Downloaded[0m zerotrie v0.2.2
2025-09-20T21:18:39.0739582Z [1m[32m  Downloaded[0m zopfli v0.8.2
2025-09-20T21:18:39.0776078Z [1m[32m  Downloaded[0m untrusted v0.9.0
2025-09-20T21:18:39.0802179Z [1m[32m  Downloaded[0m zip v2.4.2
2025-09-20T21:18:39.0849977Z [1m[32m  Downloaded[0m zeroize v1.8.1
2025-09-20T21:18:39.0877348Z [1m[32m  Downloaded[0m writeable v0.6.1
2025-09-20T21:18:39.0899270Z [1m[32m  Downloaded[0m vte v0.14.1
2025-09-20T21:18:39.0931430Z [1m[32m  Downloaded[0m lazy-regex-proc_macros v3.4.1
2025-09-20T21:18:39.0941446Z [1m[32m  Downloaded[0m zerocopy v0.8.27
2025-09-20T21:18:39.1212660Z [1m[32m  Downloaded[0m syn v2.0.106
2025-09-20T21:18:39.1331600Z [1m[32m  Downloaded[0m once_cell v1.21.3
2025-09-20T21:18:39.1365161Z [1m[32m  Downloaded[0m winnow v0.7.13
2025-09-20T21:18:39.1466941Z [1m[32m  Downloaded[0m rustix v0.38.44
2025-09-20T21:18:39.1737468Z [1m[32m  Downloaded[0m getrandom v0.3.3
2025-09-20T21:18:39.1777683Z [1m[32m  Downloaded[0m indexmap v2.11.4
2025-09-20T21:18:39.1826381Z [1m[32m  Downloaded[0m icu_collections v2.0.0
2025-09-20T21:18:39.1892313Z [1m[32m  Downloaded[0m itertools v0.14.0
2025-09-20T21:18:39.1970622Z [1m[32m  Downloaded[0m idna v1.1.0
2025-09-20T21:18:39.2008764Z [1m[32m  Downloaded[0m icu_properties_data v2.0.1
2025-09-20T21:18:39.2112150Z [1m[32m  Downloaded[0m hashbrown v0.16.0
2025-09-20T21:18:39.2166051Z [1m[32m  Downloaded[0m serde_json v1.0.145
2025-09-20T21:18:39.2244495Z [1m[32m  Downloaded[0m cc v1.2.38
2025-09-20T21:18:39.2276646Z [1m[32m  Downloaded[0m num-traits v0.2.19
2025-09-20T21:18:39.2307106Z [1m[32m  Downloaded[0m webpki-roots v1.0.2
2025-09-20T21:18:39.2344705Z [1m[32m  Downloaded[0m toml_edit v0.22.27
2025-09-20T21:18:39.2389632Z [1m[32m  Downloaded[0m fern v0.7.1
2025-09-20T21:18:39.2434945Z [1m[32m  Downloaded[0m suppaftp v6.3.0
2025-09-20T21:18:39.2464673Z [1m[32m  Downloaded[0m shell2batch v0.4.5
2025-09-20T21:18:39.2544839Z [1m[32m  Downloaded[0m nix v0.30.1
2025-09-20T21:18:39.2663527Z [1m[32m  Downloaded[0m lenient_semver v0.4.2
2025-09-20T21:18:39.2702663Z [1m[32m  Downloaded[0m chrono v0.4.42
2025-09-20T21:18:39.2771172Z [1m[32m  Downloaded[0m log v0.4.28
2025-09-20T21:18:39.2796800Z [1m[32m  Downloaded[0m ignore v0.4.23
2025-09-20T21:18:39.2818457Z [1m[32m  Downloaded[0m icu_provider v2.0.0
2025-09-20T21:18:39.2846929Z [1m[32m  Downloaded[0m icu_normalizer v2.0.0
2025-09-20T21:18:39.2882052Z [1m[32m  Downloaded[0m home v0.5.11
2025-09-20T21:18:39.2893312Z [1m[32m  Downloaded[0m heck v0.5.0
2025-09-20T21:18:39.2908060Z [1m[32m  Downloaded[0m hashbrown v0.12.3
2025-09-20T21:18:39.2946653Z [1m[32m  Downloaded[0m fs_extra v1.3.0
2025-09-20T21:18:39.2964318Z [1m[32m  Downloaded[0m find-msvc-tools v0.1.2
2025-09-20T21:18:39.2983400Z [1m[32m  Downloaded[0m deranged v0.5.3
2025-09-20T21:18:39.2998124Z [1m[32m  Downloaded[0m colored v2.2.0
2025-09-20T21:18:39.3026283Z [1m[32m  Downloaded[0m globset v0.4.16
2025-09-20T21:18:39.3042143Z [1m[32m  Downloaded[0m glob v0.3.3
2025-09-20T21:18:39.3058502Z [1m[32m  Downloaded[0m form_urlencoded v1.2.2
2025-09-20T21:18:39.3068311Z [1m[32m  Downloaded[0m fixedbitset v0.5.7
2025-09-20T21:18:39.3088052Z [1m[32m  Downloaded[0m fastrand v2.3.0
2025-09-20T21:18:39.3101841Z [1m[32m  Downloaded[0m errno v0.3.14
2025-09-20T21:18:39.3118247Z [1m[32m  Downloaded[0m cfg-if v1.0.3
2025-09-20T21:18:39.3136273Z [1m[32m  Downloaded[0m miniz_oxide v0.8.9
2025-09-20T21:18:39.3162200Z [1m[32m  Downloaded[0m memchr v2.7.5
2025-09-20T21:18:39.3221613Z [1m[32m  Downloaded[0m ring v0.17.14
2025-09-20T21:18:39.3654041Z [1m[32m  Downloaded[0m lenient_semver_version_builder v0.4.2
2025-09-20T21:18:39.3661730Z [1m[32m  Downloaded[0m lenient_semver_parser v0.4.2
2025-09-20T21:18:39.3671614Z [1m[32m  Downloaded[0m itoa v1.0.15
2025-09-20T21:18:39.3686558Z [1m[32m  Downloaded[0m hex v0.4.3
2025-09-20T21:18:39.3706228Z [1m[32m  Downloaded[0m futures-io v0.3.31
2025-09-20T21:18:39.3716229Z [1m[32m  Downloaded[0m cfg_aliases v0.2.1
2025-09-20T21:18:39.3726638Z [1m[32m  Downloaded[0m time v0.3.44
2025-09-20T21:18:39.3810847Z [1m[32m  Downloaded[0m equivalent v1.0.2
2025-09-20T21:18:39.3825556Z [1m[32m  Downloaded[0m url v2.5.7
2025-09-20T21:18:39.3852748Z [1m[32m  Downloaded[0m synstructure v0.13.2
2025-09-20T21:18:39.3864698Z [1m[32m  Downloaded[0m smallvec v1.15.1
2025-09-20T21:18:39.3887157Z [1m[32m  Downloaded[0m sha2 v0.10.9
2025-09-20T21:18:39.3914061Z [1m[32m  Downloaded[0m which v6.0.3
2025-09-20T21:18:39.3930252Z [1m[32m  Downloaded[0m utf8_iter v1.0.4
2025-09-20T21:18:39.3941278Z [1m[32m  Downloaded[0m git_info v0.1.3
2025-09-20T21:18:39.4033488Z [1m[32m  Downloaded[0m toml v0.8.23
2025-09-20T21:18:39.4058242Z [1m[32m  Downloaded[0m time-core v0.1.6
2025-09-20T21:18:39.4069641Z [1m[32m  Downloaded[0m yoke-derive v0.8.0
2025-09-20T21:18:39.4079834Z [1m[32m  Downloaded[0m envmnt v0.10.4
2025-09-20T21:18:39.4250207Z [1m[32m  Downloaded[0m cliparser v0.1.2
2025-09-20T21:18:39.4366806Z [1m[32m  Downloaded[0m ci_info v0.14.14
2025-09-20T21:18:39.4472422Z [1m[32m  Downloaded[0m yoke v0.8.0
2025-09-20T21:18:39.4488828Z [1m[32m  Downloaded[0m tinystr v0.8.1
2025-09-20T21:18:39.4508887Z [1m[32m  Downloaded[0m rustls-webpki v0.103.6
2025-09-20T21:18:39.4539697Z [1m[32m  Downloaded[0m toml_write v0.1.2
2025-09-20T21:18:39.4552087Z [1m[32m  Downloaded[0m toml_datetime v0.6.11
2025-09-20T21:18:39.4564238Z [1m[32m  Downloaded[0m subtle v2.6.1
2025-09-20T21:18:39.4576249Z [1m[32m  Downloaded[0m strum_macros v0.26.4
2025-09-20T21:18:39.4599686Z [1m[32m  Downloaded[0m regex v1.11.2
2025-09-20T21:18:39.4669762Z [1m[32m  Downloaded[0m rand_core v0.6.4
2025-09-20T21:18:39.4683013Z [1m[32m  Downloaded[0m rand_chacha v0.3.1
2025-09-20T21:18:39.4694610Z [1m[32m  Downloaded[0m num_cpus v1.17.0
2025-09-20T21:18:39.4726696Z [1m[32m  Downloaded[0m encoding_rs v0.8.35
2025-09-20T21:18:39.4927494Z [1m[32m  Downloaded[0m futures-lite v2.6.1
2025-09-20T21:18:39.4944393Z [1m[32m  Downloaded[0m fsio v0.4.1
2025-09-20T21:18:39.4965178Z [1m[32m  Downloaded[0m zerovec v0.11.4
2025-09-20T21:18:39.5019620Z [1m[32m  Downloaded[0m unicode-ident v1.0.19
2025-09-20T21:18:39.5047274Z [1m[32m  Downloaded[0m thiserror v2.0.16
2025-09-20T21:18:39.5110917Z [1m[32m  Downloaded[0m strip-ansi-escapes v0.2.1
2025-09-20T21:18:39.5122336Z [1m[32m  Downloaded[0m rand_core v0.9.3
2025-09-20T21:18:39.5135855Z [1m[32m  Downloaded[0m rand v0.9.2
2025-09-20T21:18:39.5175192Z [1m[32m  Downloaded[0m num-conv v0.1.0
2025-09-20T21:18:39.5183025Z [1m[32m  Downloaded[0m lazy_static v1.5.0
2025-09-20T21:18:39.5200935Z [1m[32m  Downloaded[0m java-properties v2.0.0
2025-09-20T21:18:39.5211410Z [1m[32m  Downloaded[0m idna_adapter v1.2.1
2025-09-20T21:18:39.5220363Z [1m[32m  Downloaded[0m icu_properties v2.0.1
2025-09-20T21:18:39.5241539Z [1m[32m  Downloaded[0m icu_locale_core v2.0.0
2025-09-20T21:18:39.5311584Z [1m[32m  Downloaded[0m iana-time-zone v0.1.64
2025-09-20T21:18:39.5338262Z [1m[32m  Downloaded[0m http v1.3.1
2025-09-20T21:18:39.5373886Z [1m[32m  Downloaded[0m getrandom v0.2.16
2025-09-20T21:18:39.5403124Z [1m[32m  Downloaded[0m generic-array v0.14.7
2025-09-20T21:18:39.5416722Z [1m[32m  Downloaded[0m flate2 v1.1.2
2025-09-20T21:18:39.5463665Z [1m[32m  Downloaded[0m whoami v1.6.1
2025-09-20T21:18:39.5485087Z [1m[32m  Downloaded[0m webpki-roots v0.26.11
2025-09-20T21:18:39.5497701Z [1m[32m  Downloaded[0m typenum v1.18.0
2025-09-20T21:18:39.5529054Z [1m[32m  Downloaded[0m thiserror-impl v2.0.16
2025-09-20T21:18:39.5543171Z [1m[32m  Downloaded[0m stable_deref_trait v1.2.0
2025-09-20T21:18:39.5551367Z [1m[32m  Downloaded[0m shlex v1.3.0
2025-09-20T21:18:39.5564402Z [1m[32m  Downloaded[0m serde_derive v1.0.225
2025-09-20T21:18:39.5589699Z [1m[32m  Downloaded[0m run_script v0.11.0
2025-09-20T21:18:39.5606685Z [1m[32m  Downloaded[0m semver v1.0.27
2025-09-20T21:18:39.5629521Z [1m[32m  Downloaded[0m same-file v1.0.6
2025-09-20T21:18:39.5642636Z [1m[32m  Downloaded[0m rustls-pki-types v1.12.0
2025-09-20T21:18:39.5690165Z [1m[32m  Downloaded[0m rand_chacha v0.9.0
2025-09-20T21:18:39.5701848Z [1m[32m  Downloaded[0m indexmap v1.9.3
2025-09-20T21:18:39.5733469Z [1m[32m  Downloaded[0m duckscriptsdk v0.11.1
2025-09-20T21:18:39.6306019Z [1m[32m  Downloaded[0m walkdir v2.5.0
2025-09-20T21:18:39.6323210Z [1m[32m  Downloaded[0m version_check v0.9.5
2025-09-20T21:18:39.6335818Z [1m[32m  Downloaded[0m uname v0.1.1
2025-09-20T21:18:39.6344489Z [1m[32m  Downloaded[0m simd-adler32 v0.3.7
2025-09-20T21:18:39.6362258Z [1m[32m  Downloaded[0m ryu v1.0.20
2025-09-20T21:18:39.6394437Z [1m[32m  Downloaded[0m rust_info v0.3.3
2025-09-20T21:18:39.6492913Z [1m[32m  Downloaded[0m regex-syntax v0.8.6
2025-09-20T21:18:39.6561911Z [1m[32m  Downloaded[0m zerofrom v0.1.6
2025-09-20T21:18:39.6570220Z [1m[32m  Downloaded[0m crc32fast v1.5.0
2025-09-20T21:18:39.6588880Z [1m[32m  Downloaded[0m linux-raw-sys v0.4.15
2025-09-20T21:18:39.7054762Z [1m[32m  Downloaded[0m either v1.15.0
2025-09-20T21:18:39.7067880Z [1m[32m  Downloaded[0m crypto-common v0.1.6
2025-09-20T21:18:39.7076393Z [1m[32m  Downloaded[0m crossbeam-epoch v0.9.18
2025-09-20T21:18:39.7100720Z [1m[32m  Downloaded[0m cpufeatures v0.2.17
2025-09-20T21:18:39.7113884Z [1m[32m  Downloaded[0m potential_utf v0.1.3
2025-09-20T21:18:39.7123454Z [1m[32m  Downloaded[0m petgraph v0.7.1
2025-09-20T21:18:39.7307958Z [1m[32m  Downloaded[0m duckscript v0.10.0
2025-09-20T21:18:39.7335175Z [1m[32m  Downloaded[0m dirs-sys-next v0.1.2
2025-09-20T21:18:39.7344269Z [1m[32m  Downloaded[0m colored v3.0.0
2025-09-20T21:18:39.7370868Z [1m[32m  Downloaded[0m bzip2-sys v0.1.13+1.0.8
2025-09-20T21:18:39.7477545Z [1m[32m  Downloaded[0m aho-corasick v1.1.3
2025-09-20T21:18:39.7529062Z [1m[32m  Downloaded[0m powerfmt v0.2.0
2025-09-20T21:18:39.7540096Z [1m[32m  Downloaded[0m displaydoc v0.2.5
2025-09-20T21:18:39.7571883Z [1m[32m  Downloaded[0m digest v0.10.7
2025-09-20T21:18:39.7588988Z [1m[32m  Downloaded[0m proc-macro2 v1.0.101
2025-09-20T21:18:39.7616683Z [1m[32m  Downloaded[0m pin-project-lite v0.2.16
2025-09-20T21:18:39.7673202Z [1m[32m  Downloaded[0m attohttpc v0.28.5
2025-09-20T21:18:39.7718755Z [1m[32m  Downloaded[0m bstr v1.12.0
2025-09-20T21:18:39.7795993Z [1m[32m  Downloaded[0m libc v0.2.175
2025-09-20T21:18:39.8067231Z [1m[32m  Downloaded[0m bzip2 v0.5.2
2025-09-20T21:18:39.8083894Z [1m[32m  Downloaded[0m block-buffer v0.10.4
2025-09-20T21:18:39.8093970Z [1m[32m  Downloaded[0m base64 v0.22.1
2025-09-20T21:18:39.8131433Z [1m[32m  Downloaded[0m bytes v1.10.1
2025-09-20T21:18:39.8173394Z [1m[32m  Downloaded[0m bumpalo v3.19.0
2025-09-20T21:18:39.8198635Z [1m[32m  Downloaded[0m autocfg v1.5.0
2025-09-20T21:18:39.8216893Z [1m[32m  Downloaded[0m fnv v1.0.7
2025-09-20T21:18:39.8225138Z [1m[32m  Downloaded[0m camino v1.2.0
2025-09-20T21:18:39.8243887Z [1m[32m  Downloaded[0m cargo_metadata v0.19.2
2025-09-20T21:18:39.8261268Z [1m[32m  Downloaded[0m adler2 v2.0.1
2025-09-20T21:18:39.8273117Z [1m[32m  Downloaded[0m percent-encoding v2.3.2
2025-09-20T21:18:39.8281488Z [1m[32m  Downloaded[0m evalexpr v11.3.1
2025-09-20T21:18:39.8852492Z [1m[32m   Compiling[0m proc-macro2 v1.0.101
2025-09-20T21:18:39.8853507Z [1m[32m   Compiling[0m unicode-ident v1.0.19
2025-09-20T21:18:39.8854455Z [1m[32m   Compiling[0m cfg-if v1.0.3
2025-09-20T21:18:39.8876613Z [1m[32m   Compiling[0m libc v0.2.175
2025-09-20T21:18:39.9165096Z [1m[32m   Compiling[0m serde_core v1.0.225
2025-09-20T21:18:39.9482093Z [1m[32m   Compiling[0m memchr v2.7.5
2025-09-20T21:18:40.7911253Z [1m[32m   Compiling[0m quote v1.0.40
2025-09-20T21:18:40.7963631Z [1m[32m   Compiling[0m stable_deref_trait v1.2.0
2025-09-20T21:18:40.8296932Z [1m[32m   Compiling[0m shlex v1.3.0
2025-09-20T21:18:40.9588378Z [1m[32m   Compiling[0m syn v2.0.106
2025-09-20T21:18:41.0304841Z [1m[32m   Compiling[0m find-msvc-tools v0.1.2
2025-09-20T21:18:41.1938594Z [1m[32m   Compiling[0m cc v1.2.38
2025-09-20T21:18:41.8914379Z [1m[32m   Compiling[0m zerocopy v0.8.27
2025-09-20T21:18:42.5230799Z [1m[32m   Compiling[0m serde v1.0.225
2025-09-20T21:18:42.6712408Z [1m[32m   Compiling[0m getrandom v0.3.3
2025-09-20T21:18:42.7233935Z [1m[32m   Compiling[0m autocfg v1.5.0
2025-09-20T21:18:43.0237404Z [1m[32m   Compiling[0m aho-corasick v1.1.3
2025-09-20T21:18:43.0313568Z [1m[32m   Compiling[0m writeable v0.6.1
2025-09-20T21:18:43.3083511Z [1m[32m   Compiling[0m litemap v0.8.0
2025-09-20T21:18:43.5122498Z [1m[32m   Compiling[0m regex-syntax v0.8.6
2025-09-20T21:18:44.0741571Z [1m[32m   Compiling[0m ppv-lite86 v0.2.21
2025-09-20T21:18:44.4300747Z [1m[32m   Compiling[0m synstructure v0.13.2
2025-09-20T21:18:44.9385406Z [1m[32m   Compiling[0m rand_core v0.9.3
2025-09-20T21:18:45.1143320Z [1m[32m   Compiling[0m getrandom v0.2.16
2025-09-20T21:18:45.2582173Z [1m[32m   Compiling[0m typenum v1.18.0
2025-09-20T21:18:45.4548195Z [1m[32m   Compiling[0m regex-automata v0.4.10
2025-09-20T21:18:46.1735061Z [1m[32m   Compiling[0m zerofrom-derive v0.1.6
2025-09-20T21:18:46.5736947Z [1m[32m   Compiling[0m yoke-derive v0.8.0
2025-09-20T21:18:47.4037661Z [1m[32m   Compiling[0m zerofrom v0.1.6
2025-09-20T21:18:47.4879638Z [1m[32m   Compiling[0m yoke v0.8.0
2025-09-20T21:18:47.4900712Z [1m[32m   Compiling[0m zerovec-derive v0.11.1
2025-09-20T21:18:47.6376681Z [1m[32m   Compiling[0m displaydoc v0.2.5
2025-09-20T21:18:48.1372143Z [1m[32m   Compiling[0m serde_derive v1.0.225
2025-09-20T21:18:48.4398692Z [1m[32m   Compiling[0m zerotrie v0.2.2
2025-09-20T21:18:48.4886562Z [1m[32m   Compiling[0m zerovec v0.11.4
2025-09-20T21:18:48.7439224Z [1m[32m   Compiling[0m log v0.4.28
2025-09-20T21:18:48.9129882Z [1m[32m   Compiling[0m icu_properties_data v2.0.1
2025-09-20T21:18:48.9952950Z [1m[32m   Compiling[0m version_check v0.9.5
2025-09-20T21:18:49.2307054Z [1m[32m   Compiling[0m icu_normalizer_data v2.0.0
2025-09-20T21:18:49.3146812Z [1m[32m   Compiling[0m generic-array v0.14.7
2025-09-20T21:18:49.4154924Z [1m[32m   Compiling[0m rand_chacha v0.9.0
2025-09-20T21:18:49.6078834Z [1m[32m   Compiling[0m tinystr v0.8.1
2025-09-20T21:18:49.7635497Z [1m[32m   Compiling[0m icu_locale_core v2.0.0
2025-09-20T21:18:50.0179425Z [1m[32m   Compiling[0m potential_utf v0.1.3
2025-09-20T21:18:50.1155571Z [1m[32m   Compiling[0m icu_collections v2.0.0
2025-09-20T21:18:50.6336463Z [1m[32m   Compiling[0m icu_provider v2.0.0
2025-09-20T21:18:50.9390654Z [1m[32m   Compiling[0m ring v0.17.14
2025-09-20T21:18:51.3039043Z [1m[32m   Compiling[0m crc32fast v1.5.0
2025-09-20T21:18:51.4703435Z [1m[32m   Compiling[0m zeroize v1.8.1
2025-09-20T21:18:51.5838352Z [1m[32m   Compiling[0m rustls-pki-types v1.12.0
2025-09-20T21:18:52.1389149Z [1m[32m   Compiling[0m rand v0.9.2
2025-09-20T21:18:52.9450890Z [1m[32m   Compiling[0m equivalent v1.0.2
2025-09-20T21:18:52.9940670Z [1m[32m   Compiling[0m hashbrown v0.16.0
2025-09-20T21:18:53.3762036Z [1m[32m   Compiling[0m crossbeam-utils v0.8.21
2025-09-20T21:18:53.5210071Z [1m[32m   Compiling[0m pkg-config v0.3.32
2025-09-20T21:18:53.6307817Z [1m[32m   Compiling[0m smallvec v1.15.1
2025-09-20T21:18:53.8249070Z [1m[32m   Compiling[0m thiserror v2.0.16
2025-09-20T21:18:53.9820429Z [1m[32m   Compiling[0m bzip2-sys v0.1.13+1.0.8
2025-09-20T21:18:54.0369002Z [1m[32m   Compiling[0m icu_normalizer v2.0.0
2025-09-20T21:18:54.1116257Z [1m[32m   Compiling[0m indexmap v2.11.4
2025-09-20T21:18:55.0131063Z [1m[32m   Compiling[0m icu_properties v2.0.1
2025-09-20T21:18:56.1000828Z [1m[32m   Compiling[0m fsio v0.4.1
2025-09-20T21:18:56.3859367Z [1m[32m   Compiling[0m regex v1.11.2
2025-09-20T21:18:56.4366991Z [1m[32m   Compiling[0m thiserror-impl v2.0.16
2025-09-20T21:18:57.1597093Z [1m[32m   Compiling[0m num-traits v0.2.19
2025-09-20T21:18:57.2408437Z [1m[32m   Compiling[0m semver v1.0.27
2025-09-20T21:18:57.6053342Z [1m[32m   Compiling[0m once_cell v1.21.3
2025-09-20T21:18:57.6459273Z [1m[32m   Compiling[0m adler2 v2.0.1
2025-09-20T21:18:57.7248353Z [1m[32m   Compiling[0m itoa v1.0.15
2025-09-20T21:18:57.7704448Z [1m[32m   Compiling[0m bitflags v2.9.4
2025-09-20T21:18:57.8081570Z [1m[32m   Compiling[0m untrusted v0.9.0
2025-09-20T21:18:57.8753296Z [1m[32m   Compiling[0m miniz_oxide v0.8.9
2025-09-20T21:18:58.5197227Z [1m[32m   Compiling[0m idna_adapter v1.2.1
2025-09-20T21:18:58.8458919Z [1m[32m   Compiling[0m indexmap v1.9.3
2025-09-20T21:18:58.9350497Z [1m[32m   Compiling[0m utf8_iter v1.0.4
2025-09-20T21:18:59.0166621Z [1m[32m   Compiling[0m rustls v0.23.32
2025-09-20T21:18:59.0815066Z [1m[32m   Compiling[0m powerfmt v0.2.0
2025-09-20T21:18:59.1046827Z [1m[32m   Compiling[0m cfg_aliases v0.2.1
2025-09-20T21:18:59.1387519Z [1m[32m   Compiling[0m serde_json v1.0.145
2025-09-20T21:18:59.2229810Z [1m[32m   Compiling[0m percent-encoding v2.3.2
2025-09-20T21:18:59.2285848Z [1m[32m   Compiling[0m rustix v0.38.44
2025-09-20T21:18:59.3744441Z [1m[32m   Compiling[0m form_urlencoded v1.2.2
2025-09-20T21:18:59.4683146Z [1m[32m   Compiling[0m deranged v0.5.3
2025-09-20T21:18:59.5245073Z [1m[32m   Compiling[0m nix v0.30.1
2025-09-20T21:18:59.9308358Z [1m[32m   Compiling[0m idna v1.1.0
2025-09-20T21:19:00.9125235Z [1m[32m   Compiling[0m crossbeam-epoch v0.9.18
2025-09-20T21:19:01.2793518Z [1m[32m   Compiling[0m lazy-regex-proc_macros v3.4.1
2025-09-20T21:19:01.8290563Z [1m[32m   Compiling[0m flate2 v1.1.2
2025-09-20T21:19:02.0427784Z [1m[32m   Compiling[0m block-buffer v0.10.4
2025-09-20T21:19:02.1176249Z [1m[32m   Compiling[0m crypto-common v0.1.6
2025-09-20T21:19:02.1897921Z [1m[32m   Compiling[0m webpki-roots v1.0.2
2025-09-20T21:19:02.2173038Z [1m[32m   Compiling[0m rand_core v0.6.4
2025-09-20T21:19:02.2636833Z [1m[32m   Compiling[0m bstr v1.12.0
2025-09-20T21:19:02.3548984Z [1m[32m   Compiling[0m bumpalo v3.19.0
2025-09-20T21:19:02.5761830Z [1m[32m   Compiling[0m either v1.15.0
2025-09-20T21:19:02.7058724Z [1m[32m   Compiling[0m futures-core v0.3.31
2025-09-20T21:19:02.7521098Z [1m[32m   Compiling[0m ryu v1.0.20
2025-09-20T21:19:02.7576257Z [1m[32m   Compiling[0m simd-adler32 v0.3.7
2025-09-20T21:19:02.9148715Z [1m[32m   Compiling[0m fnv v1.0.7
2025-09-20T21:19:02.9477990Z [1m[32m   Compiling[0m parking v2.2.1
2025-09-20T21:19:03.0134752Z [1m[32m   Compiling[0m same-file v1.0.6
2025-09-20T21:19:03.0522271Z [1m[32m   Compiling[0m camino v1.2.0
2025-09-20T21:19:03.0798168Z [1m[32m   Compiling[0m hashbrown v0.12.3
2025-09-20T21:19:03.2158233Z [1m[32m   Compiling[0m time-core v0.1.6
2025-09-20T21:19:03.3175565Z [1m[32m   Compiling[0m fastrand v2.3.0
2025-09-20T21:19:03.4618065Z [1m[32m   Compiling[0m zip v2.4.2
2025-09-20T21:19:03.5268827Z [1m[32m   Compiling[0m num-conv v0.1.0
2025-09-20T21:19:03.5360243Z [1m[32m   Compiling[0m subtle v2.6.1
2025-09-20T21:19:03.5935600Z [1m[32m   Compiling[0m futures-io v0.3.31
2025-09-20T21:19:03.6077479Z [1m[32m   Compiling[0m pin-project-lite v0.2.16
2025-09-20T21:19:03.6391419Z [1m[32m   Compiling[0m linux-raw-sys v0.4.15
2025-09-20T21:19:03.6750828Z [1m[32m   Compiling[0m bytes v1.10.1
2025-09-20T21:19:03.8782071Z [1m[32m   Compiling[0m rustversion v1.0.22
2025-09-20T21:19:04.0055511Z [1m[32m   Compiling[0m iana-time-zone v0.1.64
2025-09-20T21:19:04.1641350Z [1m[32m   Compiling[0m lazy_static v1.5.0
2025-09-20T21:19:04.1940413Z [1m[32m   Compiling[0m chrono v0.4.42
2025-09-20T21:19:04.2346175Z [1m[32m   Compiling[0m http v1.3.1
2025-09-20T21:19:06.1083259Z [1m[32m   Compiling[0m futures-lite v2.6.1
2025-09-20T21:19:06.6960253Z [1m[32m   Compiling[0m time v0.3.44
2025-09-20T21:19:06.7204994Z [1m[32m   Compiling[0m bzip2 v0.5.2
2025-09-20T21:19:06.9004342Z [1m[32m   Compiling[0m walkdir v2.5.0
2025-09-20T21:19:07.3229842Z [1m[32m   Compiling[0m zopfli v0.8.2
2025-09-20T21:19:07.3443356Z [1m[32m   Compiling[0m globset v0.4.16
2025-09-20T21:19:08.4292398Z [1m[32m   Compiling[0m rand_chacha v0.3.1
2025-09-20T21:19:09.1057216Z [1m[32m   Compiling[0m rustls-webpki v0.103.6
2025-09-20T21:19:09.1388308Z [1m[32m   Compiling[0m webpki-roots v0.26.11
2025-09-20T21:19:09.1515880Z [1m[32m   Compiling[0m digest v0.10.7
2025-09-20T21:19:09.1719735Z [1m[32m   Compiling[0m lazy-regex v3.4.1
2025-09-20T21:19:09.2050601Z [1m[32m   Compiling[0m crossbeam-deque v0.8.6
2025-09-20T21:19:09.3354442Z [1m[32m   Compiling[0m url v2.5.7
2025-09-20T21:19:09.3757646Z [1m[32m   Compiling[0m lenient_semver_version_builder v0.4.2
2025-09-20T21:19:10.0865604Z [1m[32m   Compiling[0m serde_spanned v0.6.9
2025-09-20T21:19:10.1635751Z [1m[32m   Compiling[0m toml_datetime v0.6.11
2025-09-20T21:19:10.4236175Z [1m[32m   Compiling[0m encoding_rs v0.8.35
2025-09-20T21:19:10.9542574Z [1m[32m   Compiling[0m cpufeatures v0.2.17
2025-09-20T21:19:10.9864503Z [1m[32m   Compiling[0m winnow v0.7.13
2025-09-20T21:19:11.4829574Z [1m[32m   Compiling[0m toml_write v0.1.2
2025-09-20T21:19:11.6598408Z [1m[32m   Compiling[0m home v0.5.11
2025-09-20T21:19:11.7331102Z [1m[32m   Compiling[0m which v6.0.3
2025-09-20T21:19:12.0760347Z [1m[32m   Compiling[0m java-properties v2.0.0
2025-09-20T21:19:12.4454633Z [1m[32m   Compiling[0m sha2 v0.10.9
2025-09-20T21:19:13.0799759Z [1m[32m   Compiling[0m toml_edit v0.22.27
2025-09-20T21:19:13.3628586Z [1m[32m   Compiling[0m lenient_semver_parser v0.4.2
2025-09-20T21:19:13.8562138Z [1m[32m   Compiling[0m attohttpc v0.28.5
2025-09-20T21:19:14.4761809Z [1m[32m   Compiling[0m ignore v0.4.23
2025-09-20T21:19:16.7648699Z [1m[32m   Compiling[0m suppaftp v6.3.0
2025-09-20T21:19:17.9108549Z [1m[32m   Compiling[0m rand v0.8.5
2025-09-20T21:19:18.6798966Z [1m[32m   Compiling[0m envmnt v0.10.4
2025-09-20T21:19:20.4451378Z [1m[32m   Compiling[0m colored v2.2.0
2025-09-20T21:19:20.4507223Z [1m[32m   Compiling[0m duckscript v0.10.0
2025-09-20T21:19:20.8739394Z [1m[32m   Compiling[0m cargo-platform v0.1.9
2025-09-20T21:19:21.0661005Z [1m[32m   Compiling[0m dirs-sys-next v0.1.2
2025-09-20T21:19:21.1587802Z [1m[32m   Compiling[0m num_cpus v1.17.0
2025-09-20T21:19:21.2328831Z [1m[32m   Compiling[0m uname v0.1.1
2025-09-20T21:19:21.3117359Z [1m[32m   Compiling[0m vte v0.14.1
2025-09-20T21:19:21.3764764Z [1m[32m   Compiling[0m heck v0.5.0
2025-09-20T21:19:21.4482197Z [1m[32m   Compiling[0m whoami v1.6.1
2025-09-20T21:19:21.5676379Z [1m[32m   Compiling[0m glob v0.3.3
2025-09-20T21:19:21.7292521Z [1m[32m   Compiling[0m fixedbitset v0.5.7
2025-09-20T21:19:21.8400071Z [1m[32m   Compiling[0m fs_extra v1.3.0
2025-09-20T21:19:22.0098025Z [1m[32m   Compiling[0m base64 v0.22.1
2025-09-20T21:19:22.0647070Z [1m[32m   Compiling[0m evalexpr v11.3.1
2025-09-20T21:19:22.2383965Z [1m[32m   Compiling[0m petgraph v0.7.1
2025-09-20T21:19:22.2990073Z [1m[32m   Compiling[0m strum_macros v0.26.4
2025-09-20T21:19:22.4035475Z [1m[32m   Compiling[0m strip-ansi-escapes v0.2.1
2025-09-20T21:19:22.7275835Z [1m[32m   Compiling[0m duckscriptsdk v0.11.1
2025-09-20T21:19:23.6754420Z [1m[32m   Compiling[0m dirs-next v2.0.0
2025-09-20T21:19:23.7516303Z [1m[32m   Compiling[0m cargo_metadata v0.19.2
2025-09-20T21:19:24.0629659Z [1m[32m   Compiling[0m ci_info v0.14.14
2025-09-20T21:19:24.5339124Z [1m[32m   Compiling[0m toml v0.8.23
2025-09-20T21:19:24.6124926Z [1m[32m   Compiling[0m ctrlc v3.5.0
2025-09-20T21:19:24.7025700Z [1m[32m   Compiling[0m lenient_semver v0.4.2
2025-09-20T21:19:24.8421855Z [1m[32m   Compiling[0m itertools v0.14.0
2025-09-20T21:19:26.2895360Z [1m[32m   Compiling[0m shell2batch v0.4.5
2025-09-20T21:19:26.5135411Z [1m[32m   Compiling[0m run_script v0.11.0
2025-09-20T21:19:26.9227633Z [1m[32m   Compiling[0m fern v0.7.1
2025-09-20T21:19:26.9281567Z [1m[32m   Compiling[0m serde_ignored v0.1.14
2025-09-20T21:19:27.0947820Z [1m[32m   Compiling[0m cliparser v0.1.2
2025-09-20T21:19:27.7726611Z [1m[32m   Compiling[0m colored v3.0.0
2025-09-20T21:19:27.9173586Z [1m[32m   Compiling[0m git_info v0.1.3
2025-09-20T21:19:28.1915040Z [1m[32m   Compiling[0m rust_info v0.3.3
2025-09-20T21:19:28.3125085Z [1m[32m   Compiling[0m hex v0.4.3
2025-09-20T21:19:28.5712679Z [1m[32m   Compiling[0m cargo-make v0.37.24
2025-09-20T21:20:47.2934608Z [1m[32m    Finished[0m `release` profile [optimized] target(s) in 2m 09s
2025-09-20T21:20:47.3302454Z [1m[32m  Installing[0m /home/runner/.cargo/bin/cargo-make
2025-09-20T21:20:47.3305068Z [1m[32m  Installing[0m /home/runner/.cargo/bin/makers
2025-09-20T21:20:47.3306109Z [1m[32m   Installed[0m package `cargo-make v0.37.24` (executables `cargo-make`, `makers`)
2025-09-20T21:20:47.4686228Z ##[group]Run taiki-e/install-action@nextest
2025-09-20T21:20:47.4686524Z with:
2025-09-20T21:20:47.4686688Z   tool: nextest
2025-09-20T21:20:47.4686866Z   checksum: true
2025-09-20T21:20:47.4687051Z   fallback: cargo-binstall
2025-09-20T21:20:47.4687248Z env:
2025-09-20T21:20:47.4687407Z   CARGO_TERM_COLOR: always
2025-09-20T21:20:47.4687610Z   RUST_BACKTRACE: full
2025-09-20T21:20:47.4687809Z   RUST_MIN_STACK: 40971520
2025-09-20T21:20:47.4688006Z   RUST_LOG: citadel=warn
2025-09-20T21:20:47.4688192Z   IN_CI: true
2025-09-20T21:20:47.4688366Z   CARGO_HOME: /home/runner/.cargo
2025-09-20T21:20:47.4688591Z   CARGO_INCREMENTAL: 0
2025-09-20T21:20:47.4688771Z ##[endgroup]
2025-09-20T21:20:47.4704160Z ##[group]Run set -eu
2025-09-20T21:20:47.4704398Z [36;1mset -eu[0m
2025-09-20T21:20:47.4704601Z [36;1mif ! command -v bash >/dev/null; then[0m
2025-09-20T21:20:47.4704911Z [36;1m  if grep -Eq '^ID=alpine' /etc/os-release; then[0m
2025-09-20T21:20:47.4705347Z [36;1m    printf '::group::Install packages required for install-action (bash)\n'[0m
2025-09-20T21:20:47.4705725Z [36;1m    # NB: sync with apk_install in main.sh[0m
2025-09-20T21:20:47.4706007Z [36;1m    if command -v sudo >/dev/null; then[0m
2025-09-20T21:20:47.4706276Z [36;1m      sudo apk --no-cache add bash[0m
2025-09-20T21:20:47.4706546Z [36;1m    elif command -v doas >/dev/null; then[0m
2025-09-20T21:20:47.4706820Z [36;1m      doas apk --no-cache add bash[0m
2025-09-20T21:20:47.4707056Z [36;1m    else[0m
2025-09-20T21:20:47.4707246Z [36;1m      apk --no-cache add bash[0m
2025-09-20T21:20:47.4707474Z [36;1m    fi[0m
2025-09-20T21:20:47.4707652Z [36;1m    printf '::endgroup::\n'[0m
2025-09-20T21:20:47.4707873Z [36;1m  else[0m
2025-09-20T21:20:47.4708101Z [36;1m    printf '::error::install-action requires bash\n'[0m
2025-09-20T21:20:47.4708374Z [36;1m    exit 1[0m
2025-09-20T21:20:47.4708544Z [36;1m  fi[0m
2025-09-20T21:20:47.4708701Z [36;1mfi[0m
2025-09-20T21:20:47.4731434Z shell: /usr/bin/sh -e {0}
2025-09-20T21:20:47.4731656Z env:
2025-09-20T21:20:47.4731822Z   CARGO_TERM_COLOR: always
2025-09-20T21:20:47.4732034Z   RUST_BACKTRACE: full
2025-09-20T21:20:47.4732223Z   RUST_MIN_STACK: 40971520
2025-09-20T21:20:47.4732413Z   RUST_LOG: citadel=warn
2025-09-20T21:20:47.4732594Z   IN_CI: true
2025-09-20T21:20:47.4732775Z   CARGO_HOME: /home/runner/.cargo
2025-09-20T21:20:47.4733164Z   CARGO_INCREMENTAL: 0
2025-09-20T21:20:47.4733348Z ##[endgroup]
2025-09-20T21:20:47.4802758Z ##[group]Run bash --noprofile --norc "${GITHUB_ACTION_PATH:?}/main.sh"
2025-09-20T21:20:47.4803187Z [36;1mbash --noprofile --norc "${GITHUB_ACTION_PATH:?}/main.sh"[0m
2025-09-20T21:20:47.4830675Z shell: /usr/bin/bash --noprofile --norc -e -o pipefail {0}
2025-09-20T21:20:47.4830975Z env:
2025-09-20T21:20:47.4831153Z   CARGO_TERM_COLOR: always
2025-09-20T21:20:47.4831360Z   RUST_BACKTRACE: full
2025-09-20T21:20:47.4831555Z   RUST_MIN_STACK: 40971520
2025-09-20T21:20:47.4831748Z   RUST_LOG: citadel=warn
2025-09-20T21:20:47.4831945Z   IN_CI: true
2025-09-20T21:20:47.4832124Z   CARGO_HOME: /home/runner/.cargo
2025-09-20T21:20:47.4832342Z   CARGO_INCREMENTAL: 0
2025-09-20T21:20:47.4832528Z   INPUT_TOOL: nextest
2025-09-20T21:20:47.4832707Z   INPUT_CHECKSUM: true
2025-09-20T21:20:47.4832900Z   INPUT_FALLBACK: cargo-binstall
2025-09-20T21:20:47.4833931Z   DEFAULT_GITHUB_TOKEN: ***
2025-09-20T21:20:47.4834233Z   ACTION_USER_AGENT: taiki-e/install-action (nextest)
2025-09-20T21:20:47.4834519Z ##[endgroup]
2025-09-20T21:20:47.5026480Z info: host platform: x86_64_linux
2025-09-20T21:20:47.7805124Z * Host crates.io:443 was resolved.
2025-09-20T21:20:47.7806181Z * IPv6: 2600:9000:2508:ce00:c:7ed3:240:93a1, 2600:9000:2508:e200:c:7ed3:240:93a1, 2600:9000:2508:f400:c:7ed3:240:93a1, 2600:9000:2508:9e00:c:7ed3:240:93a1, 2600:9000:2508:4a00:c:7ed3:240:93a1, 2600:9000:2508:8200:c:7ed3:240:93a1, 2600:9000:2508:6400:c:7ed3:240:93a1, 2600:9000:2508:c000:c:7ed3:240:93a1
2025-09-20T21:20:47.7807935Z * IPv4: 108.138.64.48, 108.138.64.68, 108.138.64.83, 108.138.64.108
2025-09-20T21:20:47.7808510Z *   Trying 108.138.64.48:443...
2025-09-20T21:20:47.7859814Z * Connected to crates.io (108.138.64.48) port 443
2025-09-20T21:20:47.7875430Z * ALPN: curl offers h2,http/1.1
2025-09-20T21:20:47.7877193Z } [5 bytes data]
2025-09-20T21:20:47.7877587Z * TLSv1.3 (OUT), TLS handshake, Client hello (1):
2025-09-20T21:20:47.7878017Z } [512 bytes data]
2025-09-20T21:20:47.8090543Z *  CAfile: /etc/ssl/certs/ca-certificates.crt
2025-09-20T21:20:47.8091017Z *  CApath: /etc/ssl/certs
2025-09-20T21:20:47.8091346Z { [5 bytes data]
2025-09-20T21:20:47.8091712Z * TLSv1.3 (IN), TLS handshake, Server hello (2):
2025-09-20T21:20:47.8092146Z { [122 bytes data]
2025-09-20T21:20:47.8092887Z * TLSv1.3 (IN), TLS handshake, Encrypted Extensions (8):
2025-09-20T21:20:47.8093368Z { [19 bytes data]
2025-09-20T21:20:47.8093959Z * TLSv1.3 (IN), TLS handshake, Certificate (11):
2025-09-20T21:20:47.8094403Z { [3858 bytes data]
2025-09-20T21:20:47.8101171Z * TLSv1.3 (IN), TLS handshake, CERT verify (15):
2025-09-20T21:20:47.8101665Z { [264 bytes data]
2025-09-20T21:20:47.8102027Z * TLSv1.3 (IN), TLS handshake, Finished (20):
2025-09-20T21:20:47.8102465Z { [36 bytes data]
2025-09-20T21:20:47.8102883Z * TLSv1.3 (OUT), TLS change cipher, Change cipher spec (1):
2025-09-20T21:20:47.8103362Z } [1 bytes data]
2025-09-20T21:20:47.8103870Z * TLSv1.3 (OUT), TLS handshake, Finished (20):
2025-09-20T21:20:47.8104321Z } [36 bytes data]
2025-09-20T21:20:47.8104831Z * SSL connection using TLSv1.3 / TLS_AES_128_GCM_SHA256 / X25519 / RSASSA-PSS
2025-09-20T21:20:47.8105420Z * ALPN: server accepted h2
2025-09-20T21:20:47.8105784Z * Server certificate:
2025-09-20T21:20:47.8106001Z *  subject: CN=crates.io
2025-09-20T21:20:47.8106211Z *  start date: Nov 25 00:00:00 2024 GMT
2025-09-20T21:20:47.8106620Z *  expire date: Dec 24 23:59:59 2025 GMT
2025-09-20T21:20:47.8107145Z *  subjectAltName: host "crates.io" matched cert's "crates.io"
2025-09-20T21:20:47.8107709Z *  issuer: C=US; O=Amazon; CN=Amazon RSA 2048 M02
2025-09-20T21:20:47.8108099Z *  SSL certificate verify ok.
2025-09-20T21:20:47.8108518Z *   Certificate level 0: Public key type RSA (2048/112 Bits/secBits), signed using sha256WithRSAEncryption
2025-09-20T21:20:47.8109114Z *   Certificate level 1: Public key type RSA (2048/112 Bits/secBits), signed using sha256WithRSAEncryption
2025-09-20T21:20:47.8109688Z *   Certificate level 2: Public key type RSA (2048/112 Bits/secBits), signed using sha256WithRSAEncryption
2025-09-20T21:20:47.8110317Z } [5 bytes data]
2025-09-20T21:20:47.8110501Z * using HTTP/2
2025-09-20T21:20:47.8110806Z * [HTTP/2] [1] OPENED stream for https://crates.io/api/v1/crates/cargo-nextest
2025-09-20T21:20:47.8111181Z * [HTTP/2] [1] [:method: GET]
2025-09-20T21:20:47.8111399Z * [HTTP/2] [1] [:scheme: https]
2025-09-20T21:20:47.8111625Z * [HTTP/2] [1] [:authority: crates.io]
2025-09-20T21:20:47.8111897Z * [HTTP/2] [1] [:path: /api/v1/crates/cargo-nextest]
2025-09-20T21:20:47.8112219Z * [HTTP/2] [1] [user-agent: taiki-e/install-action (nextest)]
2025-09-20T21:20:47.8112509Z * [HTTP/2] [1] [accept: */*]
2025-09-20T21:20:47.8112709Z } [5 bytes data]
2025-09-20T21:20:47.8112900Z > GET /api/v1/crates/cargo-nextest HTTP/2
2025-09-20T21:20:47.8113139Z > Host: crates.io
2025-09-20T21:20:47.8113342Z > User-Agent: taiki-e/install-action (nextest)
2025-09-20T21:20:47.8113586Z > Accept: */*
2025-09-20T21:20:47.8113960Z > 
2025-09-20T21:20:47.8157622Z { [5 bytes data]
2025-09-20T21:20:47.8158048Z * TLSv1.3 (IN), TLS handshake, Newsession Ticket (4):
2025-09-20T21:20:47.8158529Z { [157 bytes data]
2025-09-20T21:20:47.8289945Z < HTTP/2 200 
2025-09-20T21:20:47.8290313Z < content-type: application/json
2025-09-20T21:20:47.8290770Z < content-length: 182668
2025-09-20T21:20:47.8291223Z < access-control-allow-origin: *
2025-09-20T21:20:47.8294150Z < content-security-policy: default-src 'self'; connect-src 'self' *.ingest.sentry.io https://docs.rs https://play.rust-lang.org https://static.crates.io; script-src 'self' 'unsafe-eval' 'sha256-n1+BB7Ckjcal1Pr7QNBh/dKRTtBQsIytFodRiIosXdE=' 'sha256-dbf9FMl76C7BnK1CC3eWb3pvsQAUaTYSHAlBy9tNTG0='; style-src 'self' 'unsafe-inline' https://code.cdn.mozilla.net; font-src https://code.cdn.mozilla.net; img-src *; object-src 'none'
2025-09-20T21:20:47.8296170Z < date: Sat, 20 Sep 2025 21:20:47 GMT
2025-09-20T21:20:47.8296741Z < nel: {"report_to":"heroku-nel","response_headers":["Via"],"max_age":3600,"success_fraction":0.01,"failure_fraction":0.1}
2025-09-20T21:20:47.8298118Z < report-to: {"group":"heroku-nel","endpoints":[{"url":"https://nel.heroku.com/reports?s=bTIHN9r3Fi5rswTLWFtT33NFmPTNMAznK%2Fgvt7HjZPk%3D\u0026sid=af571f24-03ee-46d1-9f90-ab9030c2c74c\u0026ts=1758403247"}],"max_age":3600}
2025-09-20T21:20:47.8299806Z < reporting-endpoints: heroku-nel="https://nel.heroku.com/reports?s=bTIHN9r3Fi5rswTLWFtT33NFmPTNMAznK%2Fgvt7HjZPk%3D&sid=af571f24-03ee-46d1-9f90-ab9030c2c74c&ts=1758403247"
2025-09-20T21:20:47.8300906Z < server: Heroku
2025-09-20T21:20:47.8301301Z < strict-transport-security: max-age=31536000; includeSubDomains
2025-09-20T21:20:47.8301910Z < via: 1.1 heroku-router, 1.1 e6c353101750d150139bda8d95719802.cloudfront.net (CloudFront)
2025-09-20T21:20:47.8302417Z < x-content-type-options: nosniff
2025-09-20T21:20:47.8302725Z < x-frame-options: SAMEORIGIN
2025-09-20T21:20:47.8303003Z < x-xss-protection: 0
2025-09-20T21:20:47.8303278Z < vary: Accept,Accept-Encoding,Cookie
2025-09-20T21:20:47.8303592Z < x-cache: Miss from cloudfront
2025-09-20T21:20:47.8304119Z < x-amz-cf-pop: IAD12-P1
2025-09-20T21:20:47.8304479Z < x-amz-cf-id: bmS3dytvyf0WborDGWedQyA8RAbl5_6FurUaxihkr7AYpQc4NvpnYQ==
2025-09-20T21:20:47.8304828Z < 
2025-09-20T21:20:47.8304989Z { [15237 bytes data]
2025-09-20T21:20:47.8431241Z * Connection #0 to host crates.io left intact
2025-09-20T21:20:47.8685878Z info: installing cargo-nextest@latest
2025-09-20T21:20:47.8882088Z info: downloading https://github.com/nextest-rs/nextest/releases/download/cargo-nextest-0.9.104/cargo-nextest-0.9.104-x86_64-unknown-linux-gnu.tar.gz
2025-09-20T21:20:48.1887349Z info: verifying sha256 checksum for cargo-nextest-0.9.104-x86_64-unknown-linux-gnu.tar.gz
2025-09-20T21:20:48.3670187Z info: cargo-nextest installed at /home/runner/.cargo/bin/cargo-nextest
2025-09-20T21:20:48.3672664Z + cargo-nextest nextest --version
2025-09-20T21:20:48.3691086Z cargo-nextest 0.9.104 (87857ddf2 2025-09-15)
2025-09-20T21:20:48.3691464Z release: 0.9.104
2025-09-20T21:20:48.3691739Z commit-hash: 87857ddf299a42c9cb5822422aeba77bd8fb74e8
2025-09-20T21:20:48.3692331Z commit-date: 2025-09-15
2025-09-20T21:20:48.3692571Z host: x86_64-unknown-linux-gnu
2025-09-20T21:20:48.3695077Z 
2025-09-20T21:20:48.3729679Z ##[group]Run cargo nextest run --package citadel_sdk --features=localhost-testing --release
2025-09-20T21:20:48.3730268Z [36;1mcargo nextest run --package citadel_sdk --features=localhost-testing --release[0m
2025-09-20T21:20:48.3760511Z shell: /usr/bin/bash -e {0}
2025-09-20T21:20:48.3760733Z env:
2025-09-20T21:20:48.3760898Z   CARGO_TERM_COLOR: always
2025-09-20T21:20:48.3761104Z   RUST_BACKTRACE: full
2025-09-20T21:20:48.3761308Z   RUST_MIN_STACK: 40971520
2025-09-20T21:20:48.3761504Z   RUST_LOG: citadel=warn
2025-09-20T21:20:48.3761688Z   IN_CI: true
2025-09-20T21:20:48.3761871Z   CARGO_HOME: /home/runner/.cargo
2025-09-20T21:20:48.3762092Z   CARGO_INCREMENTAL: 0
2025-09-20T21:20:48.3762275Z ##[endgroup]
2025-09-20T21:20:48.5996206Z [1m[32m    Updating[0m crates.io index
2025-09-20T21:20:48.8960176Z [1m[32m    Updating[0m git repository `https://github.com/second-state/socket2.git`
2025-09-20T21:20:49.2554681Z [1m[32m    Updating[0m git repository `https://github.com/second-state/wasi_tokio.git`
2025-09-20T21:20:51.5068779Z [1m[32m     Locking[0m 461 packages to latest Rust 1.90.0 compatible versions
2025-09-20T21:20:51.5087812Z [1m[36m      Adding[0m ascon-aead v0.4.4 [1m[33m(available: v0.5.1)[0m
2025-09-20T21:20:51.5137460Z [1m[36m      Adding[0m bincode v1.3.3 [1m[33m(available: v2.0.1)[0m
2025-09-20T21:20:51.5227669Z [1m[36m      Adding[0m generic-array v0.14.7 [1m[33m(available: v1.2.0)[0m
2025-09-20T21:20:51.5282981Z [1m[36m      Adding[0m hyper v0.14.32 [1m[33m(available: v1.7.0)[0m
2025-09-20T21:20:51.5465960Z [1m[36m      Adding[0m rand v0.8.5 [1m[33m(available: v0.9.2)[0m
2025-09-20T21:20:51.5590724Z [1m[36m      Adding[0m rstest v0.23.0 [1m[33m(available: v0.26.1)[0m
2025-09-20T21:20:51.5855857Z [1m[36m      Adding[0m stun v0.5.1 [1m[33m(available: v0.9.0)[0m
2025-09-20T21:20:51.5906395Z [1m[36m      Adding[0m sysinfo v0.29.11 [1m[33m(available: v0.37.0)[0m
2025-09-20T21:20:51.6245503Z [1m[36m      Adding[0m webrtc-util v0.11.0 [1m[33m(available: v0.12.0)[0m
2025-09-20T21:20:51.6462204Z [1m[36m      Adding[0m zerocopy v0.7.35 [1m[33m(available: v0.8.27)[0m
2025-09-20T21:20:51.6806772Z [1m[32m Downloading[0m crates ...
2025-09-20T21:20:51.9555292Z [1m[32m  Downloaded[0m async-stream-impl v0.3.6
2025-09-20T21:20:51.9632323Z [1m[32m  Downloaded[0m ascon-core v0.4.1
2025-09-20T21:20:51.9649960Z [1m[32m  Downloaded[0m polyval v0.6.2
2025-09-20T21:20:51.9676815Z [1m[32m  Downloaded[0m async-stream v0.3.6
2025-09-20T21:20:51.9711445Z [1m[32m  Downloaded[0m tokio-macros v2.5.0
2025-09-20T21:20:51.9731659Z [1m[32m  Downloaded[0m tap v1.0.1
2025-09-20T21:20:51.9749058Z [1m[32m  Downloaded[0m base64 v0.13.1
2025-09-20T21:20:51.9793586Z [1m[32m  Downloaded[0m sqlx-sqlite v0.8.6
2025-09-20T21:20:51.9847911Z [1m[32m  Downloaded[0m nu-ansi-term v0.50.1
2025-09-20T21:20:51.9882687Z [1m[32m  Downloaded[0m ml-dsa v0.0.4
2025-09-20T21:20:51.9915898Z [1m[32m  Downloaded[0m md-5 v0.10.6
2025-09-20T21:20:51.9939914Z [1m[32m  Downloaded[0m bitvec v1.0.1
2025-09-20T21:20:52.0130205Z [1m[32m  Downloaded[0m ascon-aead v0.4.4
2025-09-20T21:20:52.0199255Z [1m[32m  Downloaded[0m openssl-probe v0.1.6
2025-09-20T21:20:52.0237611Z [1m[32m  Downloaded[0m memoffset v0.7.1
2025-09-20T21:20:52.0260864Z [1m[32m  Downloaded[0m num-bigint v0.4.6
2025-09-20T21:20:52.0334389Z [1m[32m  Downloaded[0m proc-macro-crate v3.4.0
2025-09-20T21:20:52.0367827Z [1m[32m  Downloaded[0m openssl v0.10.73
2025-09-20T21:20:52.0501133Z [1m[32m  Downloaded[0m quinn-udp v0.5.14
2025-09-20T21:20:52.0564861Z [1m[32m  Downloaded[0m try-lock v0.2.5
2025-09-20T21:20:52.0605435Z [1m[32m  Downloaded[0m want v0.3.1
2025-09-20T21:20:52.0647629Z [1m[32m  Downloaded[0m xmltree v0.10.3
2025-09-20T21:20:52.0683461Z [1m[32m  Downloaded[0m yasna v0.5.2
2025-09-20T21:20:52.0730355Z [1m[32m  Downloaded[0m zerocopy-derive v0.7.35
2025-09-20T21:20:52.0814048Z [1m[32m  Downloaded[0m unicode-bidi v0.3.18
2025-09-20T21:20:52.0856500Z [1m[32m  Downloaded[0m unicode-normalization v0.1.24
2025-09-20T21:20:52.0907146Z [1m[32m  Downloaded[0m tower v0.5.2
2025-09-20T21:20:52.1027493Z [1m[32m  Downloaded[0m zeroize_derive v1.4.2
2025-09-20T21:20:52.1040190Z [1m[32m  Downloaded[0m sysinfo v0.29.11
2025-09-20T21:20:52.1134520Z [1m[32m  Downloaded[0m xml-rs v0.8.27
2025-09-20T21:20:52.1166121Z [1m[32m  Downloaded[0m tokio-util v0.7.16
2025-09-20T21:20:52.1246013Z [1m[32m  Downloaded[0m twox-hash v2.1.2
2025-09-20T21:20:52.1270683Z [1m[32m  Downloaded[0m webrtc-util v0.11.0
2025-09-20T21:20:52.1329523Z [1m[32m  Downloaded[0m zerocopy v0.7.35
2025-09-20T21:20:52.1675745Z [1m[32m  Downloaded[0m stun v0.5.1
2025-09-20T21:20:52.1716539Z [1m[32m  Downloaded[0m reqwest v0.12.23
2025-09-20T21:20:52.1774598Z [1m[32m  Downloaded[0m webrtc-util v0.8.1
2025-09-20T21:20:52.1833865Z [1m[32m  Downloaded[0m tracing v0.1.41
2025-09-20T21:20:52.1873886Z [1m[32m  Downloaded[0m sqlx-mysql v0.8.6
2025-09-20T21:20:52.1935054Z [1m[32m  Downloaded[0m gimli v0.31.1
2025-09-20T21:20:52.2006704Z [1m[32m  Downloaded[0m vcpkg v0.2.15
2025-09-20T21:20:52.2553290Z [1m[32m  Downloaded[0m wyz v0.5.1
2025-09-20T21:20:52.2567924Z [1m[32m  Downloaded[0m unicode-properties v0.1.3
2025-09-20T21:20:52.2594909Z [1m[32m  Downloaded[0m ts-rs-macros v11.0.1
2025-09-20T21:20:52.2608885Z [1m[32m  Downloaded[0m wildmatch v1.1.0
2025-09-20T21:20:52.2624178Z [1m[32m  Downloaded[0m tracing-subscriber v0.3.20
2025-09-20T21:20:52.2707639Z [1m[32m  Downloaded[0m tower-layer v0.3.3
2025-09-20T21:20:52.2717346Z [1m[32m  Downloaded[0m tokio v1.47.1
2025-09-20T21:20:52.3132511Z [1m[32m  Downloaded[0m sha3 v0.10.8
2025-09-20T21:20:52.3181780Z [1m[32m  Downloaded[0m sqlx-postgres v0.8.6
2025-09-20T21:20:52.3271031Z [1m[32m  Downloaded[0m tinyvec v1.10.0
2025-09-20T21:20:52.3297025Z [1m[32m  Downloaded[0m sqlx v0.8.6
2025-09-20T21:20:52.3440256Z [1m[32m  Downloaded[0m socket2 v0.5.10
2025-09-20T21:20:52.3458373Z [1m[32m  Downloaded[0m scopeguard v1.2.0
2025-09-20T21:20:52.3470487Z [1m[32m  Downloaded[0m rstest_macros v0.23.0
2025-09-20T21:20:52.3500582Z [1m[32m  Downloaded[0m relative-path v1.9.3
2025-09-20T21:20:52.3510801Z [1m[32m  Downloaded[0m portable-atomic v1.11.1
2025-09-20T21:20:52.3581493Z [1m[32m  Downloaded[0m toml_datetime v0.7.2
2025-09-20T21:20:52.3593853Z [1m[32m  Downloaded[0m tokio-rustls v0.26.3
2025-09-20T21:20:52.3614787Z [1m[32m  Downloaded[0m termcolor v1.4.1
2025-09-20T21:20:52.3627549Z [1m[32m  Downloaded[0m syn v1.0.109
2025-09-20T21:20:52.3724674Z [1m[32m  Downloaded[0m strum_macros v0.27.2
2025-09-20T21:20:52.3748967Z [1m[32m  Downloaded[0m sqlx-core v0.8.6
2025-09-20T21:20:52.3828687Z [1m[32m  Downloaded[0m spin v0.9.8
2025-09-20T21:20:52.3852470Z [1m[32m  Downloaded[0m rustls-platform-verifier v0.6.1
2025-09-20T21:20:52.3893058Z [1m[32m  Downloaded[0m rustls-native-certs v0.8.1
2025-09-20T21:20:52.3917210Z [1m[32m  Downloaded[0m redis v0.32.5
2025-09-20T21:20:52.4020554Z [1m[32m  Downloaded[0m rust-argon2 v3.0.0
2025-09-20T21:20:52.4041210Z [1m[32m  Downloaded[0m hyper v0.14.32
2025-09-20T21:20:52.4117161Z [1m[32m  Downloaded[0m hkdf v0.12.4
2025-09-20T21:20:52.4142166Z [1m[32m  Downloaded[0m thiserror v1.0.69
2025-09-20T21:20:52.4199177Z [1m[32m  Downloaded[0m stringprep v0.1.5
2025-09-20T21:20:52.4214296Z [1m[32m  Downloaded[0m sqlx-macros-core v0.8.6
2025-09-20T21:20:52.4236625Z [1m[32m  Downloaded[0m spki v0.7.3
2025-09-20T21:20:52.4254612Z [1m[32m  Downloaded[0m signal-hook-registry v1.4.6
2025-09-20T21:20:52.4265567Z [1m[32m  Downloaded[0m sharded-slab v0.1.7
2025-09-20T21:20:52.4299105Z [1m[32m  Downloaded[0m sha1_smol v1.0.1
2025-09-20T21:20:52.4312340Z [1m[32m  Downloaded[0m serde-big-array v0.5.1
2025-09-20T21:20:52.4328334Z [1m[32m  Downloaded[0m rustls-pemfile v2.2.0
2025-09-20T21:20:52.4352322Z [1m[32m  Downloaded[0m rustc_version v0.4.1
2025-09-20T21:20:52.4365942Z [1m[32m  Downloaded[0m rustc-hash v2.1.1
2025-09-20T21:20:52.4378239Z [1m[32m  Downloaded[0m rustc-demangle v0.1.26
2025-09-20T21:20:52.4394874Z [1m[32m  Downloaded[0m rstest v0.23.0
2025-09-20T21:20:52.4459686Z [1m[32m  Downloaded[0m openssl-sys v0.9.109
2025-09-20T21:20:52.4512070Z [1m[32m  Downloaded[0m h2 v0.3.27
2025-09-20T21:20:52.4576743Z [1m[32m  Downloaded[0m futures-util v0.3.31
2025-09-20T21:20:52.4709136Z [1m[32m  Downloaded[0m tower-http v0.6.6
2025-09-20T21:20:52.4794174Z [1m[32m  Downloaded[0m thiserror-impl v1.0.69
2025-09-20T21:20:52.4807780Z [1m[32m  Downloaded[0m socket2 v0.6.0
2025-09-20T21:20:52.4826329Z [1m[32m  Downloaded[0m rayon v1.11.0
2025-09-20T21:20:52.4922892Z [1m[32m  Downloaded[0m pqc_kyber_kyberslash v0.7.1
2025-09-20T21:20:52.5010660Z [1m[32m  Downloaded[0m hyper v1.7.0
2025-09-20T21:20:52.5077202Z [1m[32m  Downloaded[0m hashbrown v0.15.5
2025-09-20T21:20:52.5127259Z [1m[32m  Downloaded[0m tokio-stream v0.1.17
2025-09-20T21:20:52.5174660Z [1m[32m  Downloaded[0m thread_local v1.1.9
2025-09-20T21:20:52.5197125Z [1m[32m  Downloaded[0m sync_wrapper v1.0.2
2025-09-20T21:20:52.5205369Z [1m[32m  Downloaded[0m siphasher v1.0.1
2025-09-20T21:20:52.5217179Z [1m[32m  Downloaded[0m signature v2.2.0
2025-09-20T21:20:52.5231729Z [1m[32m  Downloaded[0m petgraph v0.6.5
2025-09-20T21:20:52.5406396Z [1m[32m  Downloaded[0m iri-string v0.7.8
2025-09-20T21:20:52.5478864Z [1m[32m  Downloaded[0m uuid v1.18.1
2025-09-20T21:20:52.5508882Z [1m[32m  Downloaded[0m ts-rs v11.0.1
2025-09-20T21:20:52.5568728Z [1m[32m  Downloaded[0m tokio-native-tls v0.3.1
2025-09-20T21:20:52.5586248Z [1m[32m  Downloaded[0m tinyvec_macros v0.1.1
2025-09-20T21:20:52.5594473Z [1m[32m  Downloaded[0m thread-id v4.2.2
2025-09-20T21:20:52.5606737Z [1m[32m  Downloaded[0m sqlx-macros v0.8.6
2025-09-20T21:20:52.5615275Z [1m[32m  Downloaded[0m rcgen v0.14.4
2025-09-20T21:20:52.5639592Z [1m[32m  Downloaded[0m quinn-proto v0.11.13
2025-09-20T21:20:52.5707797Z [1m[32m  Downloaded[0m quinn v0.11.9
2025-09-20T21:20:52.5740064Z [1m[32m  Downloaded[0m openssl-src v300.5.2+3.5.2
2025-09-20T21:20:52.9156337Z [1m[32m  Downloaded[0m libm v0.2.15
2025-09-20T21:20:52.9279638Z [1m[32m  Downloaded[0m hyper-util v0.1.17
2025-09-20T21:20:52.9336455Z [1m[32m  Downloaded[0m futures-intrusive v0.5.0
2025-09-20T21:20:52.9380272Z [1m[32m  Downloaded[0m der v0.7.10
2025-09-20T21:20:52.9433539Z [1m[32m  Downloaded[0m tracing-log v0.2.0
2025-09-20T21:20:52.9447013Z [1m[32m  Downloaded[0m tracing-core v0.1.34
2025-09-20T21:20:52.9473648Z [1m[32m  Downloaded[0m tracing-attributes v0.1.30
2025-09-20T21:20:52.9499990Z [1m[32m  Downloaded[0m toml_edit v0.23.6
2025-09-20T21:20:52.9538014Z [1m[32m  Downloaded[0m slab v0.4.11
2025-09-20T21:20:52.9550302Z [1m[32m  Downloaded[0m rsa v0.9.8
2025-09-20T21:20:52.9602524Z [1m[32m  Downloaded[0m rayon-core v1.13.0
2025-09-20T21:20:52.9639044Z [1m[32m  Downloaded[0m pem v3.0.5
2025-09-20T21:20:52.9652444Z [1m[32m  Downloaded[0m hmac v0.12.1
2025-09-20T21:20:52.9671404Z [1m[32m  Downloaded[0m heapless v0.7.17
2025-09-20T21:20:52.9707619Z [1m[32m  Downloaded[0m futures v0.3.31
2025-09-20T21:20:52.9755428Z [1m[32m  Downloaded[0m universal-hash v0.5.1
2025-09-20T21:20:52.9764222Z [1m[32m  Downloaded[0m tower-service v0.3.3
2025-09-20T21:20:52.9771540Z [1m[32m  Downloaded[0m toml_parser v1.0.3
2025-09-20T21:20:52.9793963Z [1m[32m  Downloaded[0m sha1 v0.10.6
2025-09-20T21:20:52.9810033Z [1m[32m  Downloaded[0m radium v0.7.0
2025-09-20T21:20:52.9819960Z [1m[32m  Downloaded[0m pem-rfc7468 v0.7.0
2025-09-20T21:20:52.9839593Z [1m[32m  Downloaded[0m parking_lot_core v0.9.11
2025-09-20T21:20:52.9860185Z [1m[32m  Downloaded[0m parking_lot v0.12.4
2025-09-20T21:20:52.9884805Z [1m[32m  Downloaded[0m packed_struct v0.10.1
2025-09-20T21:20:52.9901242Z [1m[32m  Downloaded[0m mobc v0.9.0
2025-09-20T21:20:52.9925376Z [1m[32m  Downloaded[0m hyper-rustls v0.27.7
2025-09-20T21:20:52.9949078Z [1m[32m  Downloaded[0m hybrid-array v0.3.1
2025-09-20T21:20:52.9966077Z [1m[32m  Downloaded[0m ghash v0.5.1
2025-09-20T21:20:52.9976721Z [1m[32m  Downloaded[0m futures-timer v3.0.3
2025-09-20T21:20:52.9994222Z [1m[32m  Downloaded[0m flume v0.11.1
2025-09-20T21:20:53.0028281Z [1m[32m  Downloaded[0m fastbloom v0.14.0
2025-09-20T21:20:53.0044054Z [1m[32m  Downloaded[0m event-listener v5.4.1
2025-09-20T21:20:53.0064128Z [1m[32m  Downloaded[0m strum v0.27.2
2025-09-20T21:20:53.0072370Z [1m[32m  Downloaded[0m pkcs1 v0.7.5
2025-09-20T21:20:53.0095941Z [1m[32m  Downloaded[0m pin-utils v0.1.0
2025-09-20T21:20:53.0107587Z [1m[32m  Downloaded[0m packed_struct_codegen v0.10.1
2025-09-20T21:20:53.0119169Z [1m[32m  Downloaded[0m object v0.36.7
2025-09-20T21:20:53.0226670Z [1m[32m  Downloaded[0m lock_api v0.4.13
2025-09-20T21:20:53.0239489Z [1m[32m  Downloaded[0m keccak v0.1.5
2025-09-20T21:20:53.0250390Z [1m[32m  Downloaded[0m jwt v0.16.0
2025-09-20T21:20:53.0272071Z [1m[32m  Downloaded[0m ipnet v2.11.0
2025-09-20T21:20:53.0287308Z [1m[32m  Downloaded[0m igd v0.12.1
2025-09-20T21:20:53.0310957Z [1m[32m  Downloaded[0m httpdate v1.0.3
2025-09-20T21:20:53.0322484Z [1m[32m  Downloaded[0m httparse v1.10.1
2025-09-20T21:20:53.0347276Z [1m[32m  Downloaded[0m http-body v0.4.6
2025-09-20T21:20:53.0364133Z [1m[32m  Downloaded[0m http v0.2.12
2025-09-20T21:20:53.0399435Z [1m[32m  Downloaded[0m hash32 v0.2.1
2025-09-20T21:20:53.0413374Z [1m[32m  Downloaded[0m futures-sink v0.3.31
2025-09-20T21:20:53.0421392Z [1m[32m  Downloaded[0m futures-executor v0.3.31
2025-09-20T21:20:53.0435242Z [1m[32m  Downloaded[0m funty v2.0.0
2025-09-20T21:20:53.0442890Z [1m[32m  Downloaded[0m foreign-types v0.3.2
2025-09-20T21:20:53.0450469Z [1m[32m  Downloaded[0m fixedbitset v0.4.2
2025-09-20T21:20:53.0462886Z [1m[32m  Downloaded[0m dirs-sys v0.3.7
2025-09-20T21:20:53.0473040Z [1m[32m  Downloaded[0m constant_time_eq v0.3.1
2025-09-20T21:20:53.0486100Z [1m[32m  Downloaded[0m cipher v0.4.4
2025-09-20T21:20:53.0510661Z [1m[32m  Downloaded[0m poly1305 v0.8.0
2025-09-20T21:20:53.0534947Z [1m[32m  Downloaded[0m pkcs8 v0.10.2
2025-09-20T21:20:53.0562929Z [1m[32m  Downloaded[0m matchers v0.2.0
2025-09-20T21:20:53.0573277Z [1m[32m  Downloaded[0m futures-macro v0.3.31
2025-09-20T21:20:53.0583159Z [1m[32m  Downloaded[0m native-tls v0.2.14
2025-09-20T21:20:53.0602456Z [1m[32m  Downloaded[0m foreign-types-shared v0.1.1
2025-09-20T21:20:53.0609089Z [1m[32m  Downloaded[0m crc v3.3.0
2025-09-20T21:20:53.0625397Z [1m[32m  Downloaded[0m const-oid v0.9.6
2025-09-20T21:20:53.0643979Z [1m[32m  Downloaded[0m bitflags v1.3.2
2025-09-20T21:20:53.0676391Z [1m[32m  Downloaded[0m base64 v0.21.7
2025-09-20T21:20:53.0714983Z [1m[32m  Downloaded[0m backtrace v0.3.75
2025-09-20T21:20:53.0768267Z [1m[32m  Downloaded[0m opaque-debug v0.3.1
2025-09-20T21:20:53.0777184Z [1m[32m  Downloaded[0m lru-slab v0.1.2
2025-09-20T21:20:53.0785242Z [1m[32m  Downloaded[0m kyber-pke v0.5.0
2025-09-20T21:20:53.0794919Z [1m[32m  Downloaded[0m http-body-util v0.1.3
2025-09-20T21:20:53.0811964Z [1m[32m  Downloaded[0m http-body v1.0.1
2025-09-20T21:20:53.0821891Z [1m[32m  Downloaded[0m hashlink v0.10.0
2025-09-20T21:20:53.0843636Z [1m[32m  Downloaded[0m chacha20poly1305 v0.10.1
2025-09-20T21:20:53.0859777Z [1m[32m  Downloaded[0m bytemuck_derive v1.10.1
2025-09-20T21:20:53.0872199Z [1m[32m  Downloaded[0m atoi v2.0.0
2025-09-20T21:20:53.0885436Z [1m[32m  Downloaded[0m nix v0.26.4
2025-09-20T21:20:53.0985775Z [1m[32m  Downloaded[0m multimap v0.10.1
2025-09-20T21:20:53.0997482Z [1m[32m  Downloaded[0m mio v1.0.4
2025-09-20T21:20:53.1055618Z [1m[32m  Downloaded[0m futures-channel v0.3.31
2025-09-20T21:20:53.1073367Z [1m[32m  Downloaded[0m embed-doc-image v0.1.4
2025-09-20T21:20:53.1081818Z [1m[32m  Downloaded[0m ctr v0.9.2
2025-09-20T21:20:53.1102860Z [1m[32m  Downloaded[0m constant_time_eq v0.4.2
2025-09-20T21:20:53.1123032Z [1m[32m  Downloaded[0m concurrent-queue v2.5.0
2025-09-20T21:20:53.1139751Z [1m[32m  Downloaded[0m chacha20 v0.9.1
2025-09-20T21:20:53.1157685Z [1m[32m  Downloaded[0m bytemuck v1.23.2
2025-09-20T21:20:53.1188778Z [1m[32m  Downloaded[0m blake2b_simd v1.0.3
2025-09-20T21:20:53.1202436Z [1m[32m  Downloaded[0m bincode v1.3.3
2025-09-20T21:20:53.1224168Z [1m[32m  Downloaded[0m auto_impl v1.3.0
2025-09-20T21:20:53.1292332Z [1m[32m  Downloaded[0m atomic-waker v1.1.2
2025-09-20T21:20:53.1304133Z [1m[32m  Downloaded[0m atomic v0.6.1
2025-09-20T21:20:53.1317914Z [1m[32m  Downloaded[0m foldhash v0.1.5
2025-09-20T21:20:53.1330073Z [1m[32m  Downloaded[0m dotenvy v0.15.7
2025-09-20T21:20:53.1356816Z [1m[32m  Downloaded[0m dirs2 v3.0.1
2025-09-20T21:20:53.1368537Z [1m[32m  Downloaded[0m crossbeam-queue v0.3.12
2025-09-20T21:20:53.1380952Z [1m[32m  Downloaded[0m byteorder v1.5.0
2025-09-20T21:20:53.1396558Z [1m[32m  Downloaded[0m base64ct v1.8.0
2025-09-20T21:20:53.1420231Z [1m[32m  Downloaded[0m num-iter v0.1.45
2025-09-20T21:20:53.1430265Z [1m[32m  Downloaded[0m num-integer v0.1.46
2025-09-20T21:20:53.1445679Z [1m[32m  Downloaded[0m metrics v0.24.2
2025-09-20T21:20:53.1472580Z [1m[32m  Downloaded[0m cfg-if v0.1.10
2025-09-20T21:20:53.1483910Z [1m[32m  Downloaded[0m aes-gcm v0.10.3
2025-09-20T21:20:53.1513511Z [1m[32m  Downloaded[0m aes v0.8.4
2025-09-20T21:20:53.1547930Z [1m[32m  Downloaded[0m openssl-macros v0.1.1
2025-09-20T21:20:53.1555457Z [1m[32m  Downloaded[0m num-bigint-dig v0.8.4
2025-09-20T21:20:53.1599564Z [1m[32m  Downloaded[0m combine v4.6.7
2025-09-20T21:20:53.1652974Z [1m[32m  Downloaded[0m attohttpc v0.16.3
2025-09-20T21:20:53.1697111Z [1m[32m  Downloaded[0m anyhow v1.0.100
2025-09-20T21:20:53.1737558Z [1m[32m  Downloaded[0m allocator-api2 v0.2.21
2025-09-20T21:20:53.1762399Z [1m[32m  Downloaded[0m ahash v0.8.12
2025-09-20T21:20:53.1785473Z [1m[32m  Downloaded[0m arrayvec v0.7.6
2025-09-20T21:20:53.1805344Z [1m[32m  Downloaded[0m addr2line v0.24.2
2025-09-20T21:20:53.1822933Z [1m[32m  Downloaded[0m serde_urlencoded v0.7.1
2025-09-20T21:20:53.1839527Z [1m[32m  Downloaded[0m inout v0.1.4
2025-09-20T21:20:53.1850242Z [1m[32m  Downloaded[0m futures-task v0.3.31
2025-09-20T21:20:53.1861464Z [1m[32m  Downloaded[0m embedded-semver v0.3.0
2025-09-20T21:20:53.1875103Z [1m[32m  Downloaded[0m crc-catalog v2.4.0
2025-09-20T21:20:53.1887612Z [1m[32m  Downloaded[0m async-trait v0.1.89
2025-09-20T21:20:53.1939835Z [1m[32m  Downloaded[0m async-recursion v1.1.1
2025-09-20T21:20:53.1998229Z [1m[32m  Downloaded[0m aead v0.5.2
2025-09-20T21:20:53.2015059Z [1m[32m  Downloaded[0m async-trait-with-sync v0.1.36
2025-09-20T21:20:53.2052010Z [1m[32m  Downloaded[0m arrayref v0.3.9
2025-09-20T21:20:53.2082100Z [1m[32m  Downloaded[0m libsqlite3-sys v0.30.1
2025-09-20T21:20:53.6465272Z [1m[32m   Compiling[0m proc-macro2 v1.0.101
2025-09-20T21:20:53.6466377Z [1m[32m   Compiling[0m unicode-ident v1.0.19
2025-09-20T21:20:53.6467331Z [1m[32m   Compiling[0m serde_core v1.0.225
2025-09-20T21:20:53.6468321Z [1m[32m   Compiling[0m serde v1.0.225
2025-09-20T21:20:53.7084485Z [1m[32m   Compiling[0m libc v0.2.175
2025-09-20T21:20:53.8192575Z [1m[32m   Compiling[0m cfg-if v1.0.3
2025-09-20T21:20:53.8483968Z [1m[32m   Compiling[0m autocfg v1.5.0
2025-09-20T21:20:54.1708794Z [1m[32m   Compiling[0m pin-project-lite v0.2.16
2025-09-20T21:20:54.2118489Z [1m[32m   Compiling[0m typenum v1.18.0
2025-09-20T21:20:54.4152492Z [1m[32m   Compiling[0m quote v1.0.40
2025-09-20T21:20:54.4867424Z [1m[32m   Compiling[0m memchr v2.7.5
2025-09-20T21:20:54.6502496Z [1m[32m   Compiling[0m syn v2.0.106
2025-09-20T21:20:55.7754446Z [1m[32m   Compiling[0m lock_api v0.4.13
2025-09-20T21:20:55.8205815Z [1m[32m   Compiling[0m version_check v0.9.5
2025-09-20T21:20:55.8581006Z [1m[32m   Compiling[0m smallvec v1.15.1
2025-09-20T21:20:56.0569174Z [1m[32m   Compiling[0m generic-array v0.14.7
2025-09-20T21:20:56.1365120Z [1m[32m   Compiling[0m scopeguard v1.2.0
2025-09-20T21:20:56.1988451Z [1m[32m   Compiling[0m stable_deref_trait v1.2.0
2025-09-20T21:20:56.2327058Z [1m[32m   Compiling[0m object v0.36.7
2025-09-20T21:20:56.3751813Z [1m[32m   Compiling[0m adler2 v2.0.1
2025-09-20T21:20:56.4120103Z [1m[32m   Compiling[0m equivalent v1.0.2
2025-09-20T21:20:56.4472899Z [1m[32m   Compiling[0m hashbrown v0.16.0
2025-09-20T21:20:56.4748007Z [1m[32m   Compiling[0m gimli v0.31.1
2025-09-20T21:20:56.8920421Z [1m[32m   Compiling[0m miniz_oxide v0.8.9
2025-09-20T21:20:57.1304360Z [1m[32m   Compiling[0m indexmap v2.11.4
2025-09-20T21:20:57.9892130Z [1m[32m   Compiling[0m getrandom v0.2.16
2025-09-20T21:20:58.1651131Z [1m[32m   Compiling[0m parking_lot_core v0.9.11
2025-09-20T21:20:58.2740040Z [1m[32m   Compiling[0m rustc-demangle v0.1.26
2025-09-20T21:20:59.3939624Z [1m[32m   Compiling[0m addr2line v0.24.2
2025-09-20T21:20:59.8031695Z [1m[32m   Compiling[0m fixedbitset v0.4.2
2025-09-20T21:20:59.8074528Z [1m[32m   Compiling[0m futures-core v0.3.31
2025-09-20T21:20:59.8987422Z [1m[32m   Compiling[0m thread-id v4.2.2
2025-09-20T21:20:59.9374788Z [1m[32m   Compiling[0m petgraph v0.6.5
2025-09-20T21:21:00.0669348Z [1m[32m   Compiling[0m serde_derive v1.0.225
2025-09-20T21:21:00.0876788Z [1m[32m   Compiling[0m zeroize_derive v1.4.2
2025-09-20T21:21:00.5365780Z [1m[32m   Compiling[0m socket2 v0.6.0
2025-09-20T21:21:01.5552700Z [1m[32m   Compiling[0m backtrace v0.3.75
2025-09-20T21:21:01.8306446Z [1m[32m   Compiling[0m tokio-macros v2.5.0
2025-09-20T21:21:01.9160162Z [1m[32m   Compiling[0m synstructure v0.13.2
2025-09-20T21:21:02.4168560Z [1m[32m   Compiling[0m mio v1.0.4
2025-09-20T21:21:03.1559859Z [1m[32m   Compiling[0m signal-hook-registry v1.4.6
2025-09-20T21:21:03.8157870Z [1m[32m   Compiling[0m bytes v1.10.1
2025-09-20T21:21:04.7426849Z [1m[32m   Compiling[0m crypto-common v0.1.6
2025-09-20T21:21:04.8193452Z [1m[32m   Compiling[0m zeroize v1.8.1
2025-09-20T21:21:04.8401731Z [1m[32m   Compiling[0m parking_lot v0.12.4
2025-09-20T21:21:04.9650552Z [1m[32m   Compiling[0m once_cell v1.21.3
2025-09-20T21:21:05.1176316Z [1m[32m   Compiling[0m log v0.4.28
2025-09-20T21:21:05.1435651Z [1m[32m   Compiling[0m tokio v1.47.1
2025-09-20T21:21:05.4488233Z [1m[32m   Compiling[0m slab v0.4.11
2025-09-20T21:21:05.5902913Z [1m[32m   Compiling[0m zerocopy v0.8.27
2025-09-20T21:21:05.8320652Z [1m[32m   Compiling[0m futures-sink v0.3.31
2025-09-20T21:21:05.9037934Z [1m[32m   Compiling[0m zerofrom-derive v0.1.6
2025-09-20T21:21:06.1645087Z [1m[32m   Compiling[0m pin-utils v0.1.0
2025-09-20T21:21:07.1056877Z [1m[32m   Compiling[0m zerofrom v0.1.6
2025-09-20T21:21:07.1893368Z [1m[32m   Compiling[0m yoke-derive v0.8.0
2025-09-20T21:21:07.5347471Z [1m[32m   Compiling[0m find-msvc-tools v0.1.2
2025-09-20T21:21:07.6975315Z [1m[32m   Compiling[0m shlex v1.3.0
2025-09-20T21:21:07.8174900Z [1m[32m   Compiling[0m cc v1.2.38
2025-09-20T21:21:08.0929869Z [1m[32m   Compiling[0m yoke v0.8.0
2025-09-20T21:21:08.2008007Z [1m[32m   Compiling[0m ppv-lite86 v0.2.21
2025-09-20T21:21:08.2451526Z [1m[32m   Compiling[0m itoa v1.0.15
2025-09-20T21:21:08.3285643Z [1m[32m   Compiling[0m futures-channel v0.3.31
2025-09-20T21:21:08.5133118Z [1m[32m   Compiling[0m zerovec-derive v0.11.1
2025-09-20T21:21:08.5746597Z [1m[32m   Compiling[0m subtle v2.6.1
2025-09-20T21:21:08.6944927Z [1m[32m   Compiling[0m futures-macro v0.3.31
2025-09-20T21:21:09.1465116Z [1m[32m   Compiling[0m displaydoc v0.2.5
2025-09-20T21:21:09.3427658Z [1m[32m   Compiling[0m rand_core v0.6.4
2025-09-20T21:21:09.4958986Z [1m[32m   Compiling[0m zerovec v0.11.4
2025-09-20T21:21:09.5251339Z [1m[32m   Compiling[0m futures-task v0.3.31
2025-09-20T21:21:09.6259031Z [1m[32m   Compiling[0m futures-io v0.3.31
2025-09-20T21:21:09.6520994Z [1m[32m   Compiling[0m fnv v1.0.7
2025-09-20T21:21:09.6947486Z [1m[32m   Compiling[0m semver v1.0.27
2025-09-20T21:21:09.7506821Z [1m[32m   Compiling[0m futures-util v0.3.31
2025-09-20T21:21:09.9396992Z [1m[32m   Compiling[0m rustc_version v0.4.1
2025-09-20T21:21:10.1538358Z [1m[32m   Compiling[0m tracing-core v0.1.34
2025-09-20T21:21:10.6318282Z [1m[32m   Compiling[0m getrandom v0.3.3
2025-09-20T21:21:10.8103442Z [1m[32m   Compiling[0m tinystr v0.8.1
2025-09-20T21:21:10.9732680Z [1m[32m   Compiling[0m block-buffer v0.10.4
2025-09-20T21:21:11.0701522Z [1m[32m   Compiling[0m tracing-attributes v0.1.30
2025-09-20T21:21:11.2260412Z [1m[32m   Compiling[0m writeable v0.6.1
2025-09-20T21:21:11.7257688Z [1m[32m   Compiling[0m cpufeatures v0.2.17
2025-09-20T21:21:11.7579895Z [1m[32m   Compiling[0m litemap v0.8.0
2025-09-20T21:21:11.9650257Z [1m[32m   Compiling[0m icu_locale_core v2.0.0
2025-09-20T21:21:12.2311344Z [1m[32m   Compiling[0m tracing v0.1.41
2025-09-20T21:21:12.6082290Z [1m[32m   Compiling[0m digest v0.10.7
2025-09-20T21:21:12.9310484Z [1m[32m   Compiling[0m potential_utf v0.1.3
2025-09-20T21:21:12.9570427Z [1m[32m   Compiling[0m zerotrie v0.2.2
2025-09-20T21:21:13.0475728Z [1m[32m   Compiling[0m rand_chacha v0.3.1
2025-09-20T21:21:13.3720287Z [1m[32m   Compiling[0m ring v0.17.14
2025-09-20T21:21:13.7281007Z [1m[32m   Compiling[0m icu_normalizer_data v2.0.0
2025-09-20T21:21:13.8107149Z [1m[32m   Compiling[0m icu_properties_data v2.0.1
2025-09-20T21:21:13.8935777Z [1m[32m   Compiling[0m rand v0.8.5
2025-09-20T21:21:14.7041304Z [1m[32m   Compiling[0m icu_provider v2.0.0
2025-09-20T21:21:14.8973213Z [1m[32m   Compiling[0m icu_collections v2.0.0
2025-09-20T21:21:15.0638030Z [1m[32m   Compiling[0m byteorder v1.5.0
2025-09-20T21:21:15.4088290Z [1m[32m   Compiling[0m tokio-util v0.7.16
2025-09-20T21:21:15.5799637Z [1m[32m   Compiling[0m rustls-pki-types v1.12.0
2025-09-20T21:21:16.4074261Z [1m[32m   Compiling[0m syn v1.0.109
2025-09-20T21:21:16.5576949Z [1m[32m   Compiling[0m untrusted v0.9.0
2025-09-20T21:21:16.6250424Z [1m[32m   Compiling[0m percent-encoding v2.3.2
2025-09-20T21:21:16.6990438Z [1m[32m   Compiling[0m icu_normalizer v2.0.0
2025-09-20T21:21:16.8148970Z [1m[32m   Compiling[0m icu_properties v2.0.1
2025-09-20T21:21:18.1092726Z [1m[32m   Compiling[0m heapless v0.7.17
2025-09-20T21:21:18.2285731Z [1m[32m   Compiling[0m inout v0.1.4
2025-09-20T21:21:18.3202637Z [1m[32m   Compiling[0m httparse v1.10.1
2025-09-20T21:21:18.5012245Z [1m[32m   Compiling[0m radium v0.7.0
2025-09-20T21:21:18.5727543Z [1m[32m   Compiling[0m base64 v0.22.1
2025-09-20T21:21:18.6205667Z [1m[32m   Compiling[0m crossbeam-utils v0.8.21
2025-09-20T21:21:18.7932287Z [1m[32m   Compiling[0m cipher v0.4.4
2025-09-20T21:21:19.0075047Z [1m[32m   Compiling[0m idna_adapter v1.2.1
2025-09-20T21:21:19.0532118Z [1m[32m   Compiling[0m form_urlencoded v1.2.2
2025-09-20T21:21:19.2629181Z [1m[32m   Compiling[0m hash32 v0.2.1
2025-09-20T21:21:19.4153671Z [1m[32m   Compiling[0m futures-executor v0.3.31
2025-09-20T21:21:19.8917417Z [1m[32m   Compiling[0m http v1.3.1
2025-09-20T21:21:20.0802051Z [1m[32m   Compiling[0m universal-hash v0.5.1
2025-09-20T21:21:20.1640188Z [1m[32m   Compiling[0m spin v0.9.8
2025-09-20T21:21:20.3382360Z [1m[32m   Compiling[0m num-traits v0.2.19
2025-09-20T21:21:20.4218137Z [1m[32m   Compiling[0m opaque-debug v0.3.1
2025-09-20T21:21:20.4528550Z [1m[32m   Compiling[0m try-lock v0.2.5
2025-09-20T21:21:20.5024906Z [1m[32m   Compiling[0m tap v1.0.1
2025-09-20T21:21:20.5628196Z [1m[32m   Compiling[0m tower-service v0.3.3
2025-09-20T21:21:20.6033060Z [1m[32m   Compiling[0m utf8_iter v1.0.4
2025-09-20T21:21:20.7011703Z [1m[32m   Compiling[0m idna v1.1.0
2025-09-20T21:21:22.0100542Z [1m[32m   Compiling[0m http-body v1.0.1
2025-09-20T21:21:22.0943088Z [1m[32m   Compiling[0m wyz v0.5.1
2025-09-20T21:21:22.2699950Z [1m[32m   Compiling[0m want v0.3.1
2025-09-20T21:21:22.9343449Z [1m[32m   Compiling[0m futures v0.3.31
2025-09-20T21:21:23.3744768Z [1m[32m   Compiling[0m tokio-stream v0.1.17
2025-09-20T21:21:23.4750265Z [1m[32m   Compiling[0m async-trait v0.1.89
2025-09-20T21:21:23.7470854Z [1m[32m   Compiling[0m cfg_aliases v0.2.1
2025-09-20T21:21:23.7808158Z [1m[32m   Compiling[0m funty v2.0.0
2025-09-20T21:21:23.8627966Z [1m[32m   Compiling[0m const-oid v0.9.6
2025-09-20T21:21:24.2547907Z [1m[32m   Compiling[0m rustls v0.23.32
2025-09-20T21:21:24.3390385Z [1m[32m   Compiling[0m bitvec v1.0.1
2025-09-20T21:21:25.0655427Z [1m[32m   Compiling[0m der v0.7.10
2025-09-20T21:21:25.0843956Z [1m[32m   Compiling[0m rustls-webpki v0.103.6
2025-09-20T21:21:27.0915751Z [1m[32m   Compiling[0m citadel_io v0.13.0 (/home/runner/work/Citadel-Protocol/Citadel-Protocol/citadel_io)
2025-09-20T21:21:27.1452385Z [1m[32m   Compiling[0m aead v0.5.2
2025-09-20T21:21:27.3357192Z [1m[32m   Compiling[0m url v2.5.7
2025-09-20T21:21:28.1906227Z [1m[32m   Compiling[0m rand_core v0.9.3
2025-09-20T21:21:28.2046740Z [1m[32m   Compiling[0m http v0.2.12
2025-09-20T21:21:28.3000868Z [1m[32m   Compiling[0m bincode v1.3.3
2025-09-20T21:21:28.3892542Z [1m[32m   Compiling[0m sync_wrapper v1.0.2
2025-09-20T21:21:28.4448253Z [1m[32m   Compiling[0m memoffset v0.7.1
2025-09-20T21:21:28.5326466Z [1m[32m   Compiling[0m heck v0.5.0
2025-09-20T21:21:28.6934829Z [1m[32m   Compiling[0m pkg-config v0.3.32
2025-09-20T21:21:28.7653967Z [1m[32m   Compiling[0m lazy_static v1.5.0
2025-09-20T21:21:28.8061975Z [1m[32m   Compiling[0m packed_struct v0.10.1
2025-09-20T21:21:28.9166413Z [1m[32m   Compiling[0m vcpkg v0.2.15
2025-09-20T21:21:29.1612066Z [1m[32m   Compiling[0m keccak v0.1.5
2025-09-20T21:21:29.5819152Z [1m[32m   Compiling[0m ryu v1.0.20
2025-09-20T21:21:29.7539452Z [1m[32m   Compiling[0m libm v0.2.15
2025-09-20T21:21:29.8494453Z [1m[32m   Compiling[0m pqc_kyber_kyberslash v0.7.1
2025-09-20T21:21:29.9159472Z [1m[32m   Compiling[0m ipnet v2.11.0
2025-09-20T21:21:29.9182086Z [1m[32m   Compiling[0m regex-syntax v0.8.6
2025-09-20T21:21:30.2765351Z [1m[32m   Compiling[0m openssl-sys v0.9.109
2025-09-20T21:21:30.3497545Z [1m[32m   Compiling[0m sha3 v0.10.8
2025-09-20T21:21:30.6378042Z [1m[32m   Compiling[0m strum_macros v0.27.2
2025-09-20T21:21:30.7726954Z [1m[32m   Compiling[0m rand_chacha v0.9.0
2025-09-20T21:21:31.3313564Z [1m[32m   Compiling[0m regex-automata v0.4.10
2025-09-20T21:21:31.4895430Z [1m[32m   Compiling[0m spki v0.7.3
2025-09-20T21:21:32.6975460Z [1m[32m   Compiling[0m crossbeam-epoch v0.9.18
2025-09-20T21:21:33.1343473Z [1m[32m   Compiling[0m packed_struct_codegen v0.10.1
2025-09-20T21:21:34.0645944Z [1m[32m   Compiling[0m polyval v0.6.2
2025-09-20T21:21:34.2662971Z [1m[32m   Compiling[0m uuid v1.18.1
2025-09-20T21:21:34.8828840Z [1m[32m   Compiling[0m sha2 v0.10.9
2025-09-20T21:21:36.6235709Z [1m[32m   Compiling[0m atomic-waker v1.1.2
2025-09-20T21:21:36.6836634Z [1m[32m   Compiling[0m openssl-probe v0.1.6
2025-09-20T21:21:36.9003501Z [1m[32m   Compiling[0m bitflags v2.9.4
2025-09-20T21:21:37.1789147Z [1m[32m   Compiling[0m rayon-core v1.13.0
2025-09-20T21:21:37.2022017Z [1m[32m   Compiling[0m citadel_types v0.13.0 (/home/runner/work/Citadel-Protocol/Citadel-Protocol/citadel_types)
2025-09-20T21:21:37.2569919Z [1m[32m   Compiling[0m thiserror v1.0.69
2025-09-20T21:21:37.2802224Z [1m[32m   Compiling[0m tower-layer v0.3.3
2025-09-20T21:21:37.4153394Z [1m[32m   Compiling[0m thiserror v2.0.16
2025-09-20T21:21:37.4854437Z [1m[32m   Compiling[0m powerfmt v0.2.0
2025-09-20T21:21:37.5806621Z [1m[32m   Compiling[0m either v1.15.0
2025-09-20T21:21:37.6841263Z [1m[32m   Compiling[0m deranged v0.5.3
2025-09-20T21:21:37.8172798Z [1m[32m   Compiling[0m tower v0.5.2
2025-09-20T21:21:38.4299717Z [1m[32m   Compiling[0m rustls-native-certs v0.8.1
2025-09-20T21:21:39.1900891Z [1m[32m   Compiling[0m hyper v1.7.0
2025-09-20T21:21:40.7755300Z [1m[32m   Compiling[0m ghash v0.5.1
2025-09-20T21:21:42.0886934Z [1m[32m   Compiling[0m crossbeam-deque v0.8.6
2025-09-20T21:21:42.2550268Z [1m[32m   Compiling[0m strum v0.27.2
2025-09-20T21:21:42.2999451Z [1m[32m   Compiling[0m pkcs8 v0.10.2
2025-09-20T21:21:42.7991475Z [1m[32m   Compiling[0m rand v0.9.2
2025-09-20T21:21:43.0733079Z [1m[32m   Compiling[0m quinn-udp v0.5.14
2025-09-20T21:21:43.2853178Z [1m[32m   Compiling[0m poly1305 v0.8.0
2025-09-20T21:21:43.5969149Z [1m[32m   Compiling[0m ctr v0.9.2
2025-09-20T21:21:43.7387298Z [1m[32m   Compiling[0m chacha20 v0.9.1
2025-09-20T21:21:43.9265545Z [1m[32m   Compiling[0m aes v0.8.4
2025-09-20T21:21:43.9334414Z [1m[32m   Compiling[0m signature v2.2.0
2025-09-20T21:21:44.0035709Z [1m[32m   Compiling[0m arrayvec v0.7.6
2025-09-20T21:21:44.2215044Z [1m[32m   Compiling[0m bytemuck_derive v1.10.1
2025-09-20T21:21:45.0463539Z [1m[32m   Compiling[0m auto_impl v1.3.0
2025-09-20T21:21:45.0977970Z [1m[32m   Compiling[0m thiserror-impl v1.0.69
2025-09-20T21:21:45.3274114Z [1m[32m   Compiling[0m thiserror-impl v2.0.16
2025-09-20T21:21:45.7772180Z [1m[32m   Compiling[0m hybrid-array v0.3.1
2025-09-20T21:21:46.1558716Z [1m[32m   Compiling[0m siphasher v1.0.1
2025-09-20T21:21:46.3164256Z [1m[32m   Compiling[0m iri-string v0.7.8
2025-09-20T21:21:46.4684278Z [1m[32m   Compiling[0m bitflags v1.3.2
2025-09-20T21:21:46.5030701Z [1m[32m   Compiling[0m arrayref v0.3.9
2025-09-20T21:21:46.5363199Z [1m[32m   Compiling[0m constant_time_eq v0.3.1
2025-09-20T21:21:46.5920692Z [1m[32m   Compiling[0m tinyvec_macros v0.1.1
2025-09-20T21:21:46.6210135Z [1m[32m   Compiling[0m anyhow v1.0.100
2025-09-20T21:21:46.6786687Z [1m[32m   Compiling[0m num-conv v0.1.0
2025-09-20T21:21:46.7856763Z [1m[32m   Compiling[0m twox-hash v2.1.2
2025-09-20T21:21:46.8189374Z [1m[32m   Compiling[0m time-core v0.1.6
2025-09-20T21:21:46.8760943Z [1m[32m   Compiling[0m ascon-core v0.4.1
2025-09-20T21:21:46.9290869Z [1m[32m   Compiling[0m time v0.3.44
2025-09-20T21:21:47.0577031Z [1m[32m   Compiling[0m ascon-aead v0.4.4
2025-09-20T21:21:47.6375806Z [1m[32m   Compiling[0m ml-dsa v0.0.4
2025-09-20T21:21:48.5410885Z [1m[32m   Compiling[0m tower-http v0.6.6
2025-09-20T21:21:49.3028558Z [1m[32m   Compiling[0m tinyvec v1.10.0
2025-09-20T21:21:49.5435165Z [1m[32m   Compiling[0m blake2b_simd v1.0.3
2025-09-20T21:21:49.7432397Z [1m[32m   Compiling[0m nix v0.26.4
2025-09-20T21:21:50.0986533Z [1m[32m   Compiling[0m fastbloom v0.14.0
2025-09-20T21:21:50.5072240Z [1m[32m   Compiling[0m bytemuck v1.23.2
2025-09-20T21:21:50.6897653Z [1m[32m   Compiling[0m aes-gcm v0.10.3
2025-09-20T21:21:50.8131545Z [1m[32m   Compiling[0m chacha20poly1305 v0.10.1
2025-09-20T21:21:51.8107995Z [1m[32m   Compiling[0m kyber-pke v0.5.0
2025-09-20T21:21:51.9475020Z [1m[32m   Compiling[0m hyper-util v0.1.17
2025-09-20T21:21:52.3862876Z [1m[32m   Compiling[0m rustls-platform-verifier v0.6.1
2025-09-20T21:21:52.7208486Z [1m[32m   Compiling[0m serde_urlencoded v0.7.1
2025-09-20T21:21:52.9446605Z [1m[32m   Compiling[0m http-body v0.4.6
2025-09-20T21:21:53.0497111Z [1m[32m   Compiling[0m h2 v0.3.27
2025-09-20T21:21:53.1496595Z [1m[32m   Compiling[0m quinn v0.11.9
2025-09-20T21:21:53.2765288Z [1m[32m   Compiling[0m http-body-util v0.1.3
2025-09-20T21:21:53.5118787Z [1m[32m   Compiling[0m serde-big-array v0.5.1
2025-09-20T21:21:53.6003309Z [1m[32m   Compiling[0m async-stream-impl v0.3.6
2025-09-20T21:21:53.9784765Z [1m[32m   Compiling[0m socket2 v0.5.10
2025-09-20T21:21:54.9858225Z [1m[32m   Compiling[0m openssl v0.10.73
2025-09-20T21:21:55.1042069Z [1m[32m   Compiling[0m lru-slab v0.1.2
2025-09-20T21:21:55.1435016Z [1m[32m   Compiling[0m httpdate v1.0.3
2025-09-20T21:21:55.1946699Z [1m[32m   Compiling[0m crc-catalog v2.4.0
2025-09-20T21:21:55.2448493Z [1m[32m   Compiling[0m winnow v0.7.13
2025-09-20T21:21:55.4716486Z [1m[32m   Compiling[0m rustc-hash v2.1.1
2025-09-20T21:21:55.5334334Z [1m[32m   Compiling[0m wildmatch v1.1.0
2025-09-20T21:21:55.6486166Z [1m[32m   Compiling[0m constant_time_eq v0.4.2
2025-09-20T21:21:55.7752671Z [1m[32m   Compiling[0m serde_json v1.0.145
2025-09-20T21:21:55.8039689Z [1m[32m   Compiling[0m foreign-types-shared v0.1.1
2025-09-20T21:21:55.8394779Z [1m[32m   Compiling[0m xml-rs v0.8.27
2025-09-20T21:21:56.4677504Z [1m[32m   Compiling[0m xmltree v0.10.3
2025-09-20T21:21:56.7337745Z [1m[32m   Compiling[0m aho-corasick v1.1.3
2025-09-20T21:21:56.9704038Z [1m[32m   Compiling[0m toml_parser v1.0.3
2025-09-20T21:21:57.5964658Z [1m[32m   Compiling[0m hyper v0.14.32
2025-09-20T21:21:58.4916028Z [1m[32m   Compiling[0m foreign-types v0.3.2
2025-09-20T21:21:59.1255338Z [1m[32m   Compiling[0m rust-argon2 v3.0.0
2025-09-20T21:21:59.1768849Z [1m[32m   Compiling[0m attohttpc v0.16.3
2025-09-20T21:22:00.3404237Z [1m[32m   Compiling[0m quinn-proto v0.11.13
2025-09-20T21:22:02.8726690Z [1m[32m   Compiling[0m crc v3.3.0
2025-09-20T21:22:03.0592722Z [1m[32m   Compiling[0m async-stream v0.3.6
2025-09-20T21:22:03.1385332Z [1m[32m   Compiling[0m citadel_pqcrypto v0.13.0 (/home/runner/work/Citadel-Protocol/Citadel-Protocol/citadel_pqcrypto)
2025-09-20T21:22:03.5762980Z [1m[32m   Compiling[0m reqwest v0.12.23
2025-09-20T21:22:07.5752985Z [1m[32m   Compiling[0m webrtc-util v0.8.1
2025-09-20T21:22:10.2461952Z [1m[32m   Compiling[0m rayon v1.11.0
2025-09-20T21:22:12.0528035Z [1m[32m   Compiling[0m atomic v0.6.1
2025-09-20T21:22:12.9287638Z [1m[32m   Compiling[0m yasna v0.5.2
2025-09-20T21:22:13.8353034Z [1m[32m   Compiling[0m matchers v0.2.0
2025-09-20T21:22:13.9213137Z [1m[32m   Compiling[0m sharded-slab v0.1.7
2025-09-20T21:22:14.5783472Z [1m[32m   Compiling[0m num-integer v0.1.46
2025-09-20T21:22:14.6133055Z [1m[32m   Compiling[0m pem v3.0.5
2025-09-20T21:22:15.0813085Z [1m[32m   Compiling[0m md-5 v0.10.6
2025-09-20T21:22:15.1824449Z [1m[32m   Compiling[0m tracing-log v0.2.0
2025-09-20T21:22:15.3077083Z [1m[32m   Compiling[0m sysinfo v0.29.11
2025-09-20T21:22:15.4525776Z [1m[32m   Compiling[0m openssl-macros v0.1.1
2025-09-20T21:22:15.5129466Z [1m[32m   Compiling[0m num_cpus v1.17.0
2025-09-20T21:22:15.6405029Z [1m[32m   Compiling[0m thread_local v1.1.9
2025-09-20T21:22:15.8985944Z [1m[32m   Compiling[0m toml_datetime v0.7.2
2025-09-20T21:22:16.0693141Z [1m[32m   Compiling[0m iana-time-zone v0.1.64
2025-09-20T21:22:16.5526246Z [1m[32m   Compiling[0m nu-ansi-term v0.50.1
2025-09-20T21:22:17.1281061Z [1m[32m   Compiling[0m base64 v0.21.7
2025-09-20T21:22:17.6554398Z [1m[32m   Compiling[0m stun v0.5.1
2025-09-20T21:22:18.9770311Z [1m[32m   Compiling[0m tracing-subscriber v0.3.20
2025-09-20T21:22:20.5070127Z [1m[32m   Compiling[0m chrono v0.4.42
2025-09-20T21:22:22.1224858Z [1m[32m   Compiling[0m toml_edit v0.23.6
2025-09-20T21:22:22.9852252Z [1m[32m   Compiling[0m citadel_crypt v0.13.0 (/home/runner/work/Citadel-Protocol/Citadel-Protocol/citadel_crypt)
2025-09-20T21:22:24.8020597Z [1m[32m   Compiling[0m rcgen v0.14.4
2025-09-20T21:22:25.8270524Z [1m[32m   Compiling[0m netbeam v0.13.0 (/home/runner/work/Citadel-Protocol/Citadel-Protocol/netbeam)
2025-09-20T21:22:27.8944484Z [1m[32m   Compiling[0m async_ip v0.13.0 (/home/runner/work/Citadel-Protocol/Citadel-Protocol/async_ip)
2025-09-20T21:22:28.1039956Z [1m[32m   Compiling[0m igd v0.12.1
2025-09-20T21:22:29.9987702Z [1m[32m   Compiling[0m itertools v0.14.0
2025-09-20T21:22:31.5524559Z [1m[32m   Compiling[0m tokio-rustls v0.26.3
2025-09-20T21:22:31.7725015Z [1m[32m   Compiling[0m bstr v1.12.0
2025-09-20T21:22:31.8056933Z [1m[32m   Compiling[0m async-trait-with-sync v0.1.36
2025-09-20T21:22:32.4798429Z [1m[32m   Compiling[0m rustls-pemfile v2.2.0
2025-09-20T21:22:32.5381388Z [1m[32m   Compiling[0m rstest_macros v0.23.0
2025-09-20T21:22:32.6701608Z [1m[32m   Compiling[0m multimap v0.10.1
2025-09-20T21:22:32.6740709Z [1m[32m   Compiling[0m zerocopy-derive v0.7.35
2025-09-20T21:22:32.7797741Z [1m[32m   Compiling[0m citadel_wire v0.13.0 (/home/runner/work/Citadel-Protocol/Citadel-Protocol/citadel_wire)
2025-09-20T21:22:32.8196555Z [1m[32m   Compiling[0m citadel_user v0.13.0 (/home/runner/work/Citadel-Protocol/Citadel-Protocol/citadel_user)
2025-09-20T21:22:33.0523580Z [1m[32m   Compiling[0m proc-macro-crate v3.4.0
2025-09-20T21:22:33.3672877Z [1m[32m   Compiling[0m zerocopy v0.7.35
2025-09-20T21:22:33.5176634Z [1m[32m   Compiling[0m regex v1.11.2
2025-09-20T21:22:33.8944329Z [1m[32m   Compiling[0m citadel_logging v0.13.0 (/home/runner/work/Citadel-Protocol/Citadel-Protocol/citadel_logging)
2025-09-20T21:22:33.9995783Z [0m[1m[33mwarning[0m[0m[1m: hiding a lifetime that's elided elsewhere is confusing[0m
2025-09-20T21:22:33.9996687Z [0m   [0m[0m[1m[38;5;12m--> [0m[0mcitadel_user/src/client_account.rs:326:17[0m
2025-09-20T21:22:33.9997260Z [0m    [0m[0m[1m[38;5;12m|[0m
2025-09-20T21:22:33.9997998Z [0m[1m[38;5;12m326[0m[0m [0m[0m[1m[38;5;12m|[0m[0m [0m[0m    pub fn read(&self) -> RwLockReadGuard<AccountState> {[0m
2025-09-20T21:22:33.9999134Z [0m    [0m[0m[1m[38;5;12m|[0m[0m                 [0m[0m[1m[33m^^^^^[0m[0m     [0m[0m[1m[38;5;12m-----------------------------[0m[0m [0m[0m[1m[38;5;12mthe same lifetime is hidden here[0m
2025-09-20T21:22:34.0000043Z [0m    [0m[0m[1m[38;5;12m|[0m[0m                 [0m[0m[1m[33m|[0m
2025-09-20T21:22:34.0000690Z [0m    [0m[0m[1m[38;5;12m|[0m[0m                 [0m[0m[1m[33mthe lifetime is elided here[0m
2025-09-20T21:22:34.0001223Z [0m    [0m[0m[1m[38;5;12m|[0m
2025-09-20T21:22:34.0002046Z [0m    [0m[0m[1m[38;5;12m= [0m[0m[1mhelp[0m[0m: the same lifetime is referred to in inconsistent ways, making the signature confusing[0m
2025-09-20T21:22:34.0003065Z [0m    [0m[0m[1m[38;5;12m= [0m[0m[1mnote[0m[0m: `#[warn(mismatched_lifetime_syntaxes)]` on by default[0m
2025-09-20T21:22:34.0004008Z [0m[1m[38;5;14mhelp[0m[0m: use `'_` for type paths[0m
2025-09-20T21:22:34.0004499Z [0m    [0m[0m[1m[38;5;12m|[0m
2025-09-20T21:22:34.0005335Z [0m[1m[38;5;12m326[0m[0m [0m[0m[1m[38;5;12m| [0m[0m    pub fn read(&self) -> RwLockReadGuard<[0m[0m[38;5;10m'_, [0m[0mAccountState> {[0m
2025-09-20T21:22:34.0006292Z [0m    [0m[0m[1m[38;5;12m|[0m[0m                                           [0m[0m[38;5;10m+++[0m
2025-09-20T21:22:34.0006642Z 
2025-09-20T21:22:34.0007057Z [0m[1m[33mwarning[0m[0m[1m: hiding a lifetime that's elided elsewhere is confusing[0m
2025-09-20T21:22:34.0007843Z [0m   [0m[0m[1m[38;5;12m--> [0m[0mcitadel_user/src/client_account.rs:331:18[0m
2025-09-20T21:22:34.0008367Z [0m    [0m[0m[1m[38;5;12m|[0m
2025-09-20T21:22:34.0009081Z [0m[1m[38;5;12m331[0m[0m [0m[0m[1m[38;5;12m|[0m[0m [0m[0m    pub fn write(&self) -> RwLockWriteGuard<AccountState> {[0m
2025-09-20T21:22:34.0010178Z [0m    [0m[0m[1m[38;5;12m|[0m[0m                  [0m[0m[1m[33m^^^^^[0m[0m     [0m[0m[1m[38;5;12m------------------------------[0m[0m [0m[0m[1m[38;5;12mthe same lifetime is hidden here[0m
2025-09-20T21:22:34.0010998Z [0m    [0m[0m[1m[38;5;12m|[0m[0m                  [0m[0m[1m[33m|[0m
2025-09-20T21:22:34.0011679Z [0m    [0m[0m[1m[38;5;12m|[0m[0m                  [0m[0m[1m[33mthe lifetime is elided here[0m
2025-09-20T21:22:34.0012212Z [0m    [0m[0m[1m[38;5;12m|[0m
2025-09-20T21:22:34.0013044Z [0m    [0m[0m[1m[38;5;12m= [0m[0m[1mhelp[0m[0m: the same lifetime is referred to in inconsistent ways, making the signature confusing[0m
2025-09-20T21:22:34.0014068Z [0m[1m[38;5;14mhelp[0m[0m: use `'_` for type paths[0m
2025-09-20T21:22:34.0014549Z [0m    [0m[0m[1m[38;5;12m|[0m
2025-09-20T21:22:34.0015384Z [0m[1m[38;5;12m331[0m[0m [0m[0m[1m[38;5;12m| [0m[0m    pub fn write(&self) -> RwLockWriteGuard<[0m[0m[38;5;10m'_, [0m[0mAccountState> {[0m
2025-09-20T21:22:34.0016249Z [0m    [0m[0m[1m[38;5;12m|[0m[0m                                             [0m[0m[38;5;10m+++[0m
2025-09-20T21:22:34.0016585Z 
2025-09-20T21:22:34.0359989Z [1m[32m   Compiling[0m embedded-semver v0.3.0
2025-09-20T21:22:34.0934809Z [0m[1m[33mwarning[0m[0m[1m: hiding a lifetime that's elided elsewhere is confusing[0m
2025-09-20T21:22:34.0939492Z [0m   [0m[0m[1m[38;5;12m--> [0m[0mcitadel_wire/src/udp_traversal/linear/method3.rs:456:20[0m
2025-09-20T21:22:34.0943368Z [0m    [0m[0m[1m[38;5;12m|[0m
2025-09-20T21:22:34.0947877Z [0m[1m[38;5;12m456[0m[0m [0m[0m[1m[38;5;12m|[0m[0m [0m[0m    fn new(socket: &UdpSocket) -> UdpWrapper {[0m
2025-09-20T21:22:34.0949326Z [0m    [0m[0m[1m[38;5;12m|[0m[0m                    [0m[0m[1m[33m^^^^^^^^^^[0m[0m     [0m[0m[1m[38;5;12m----------[0m[0m [0m[0m[1m[38;5;12mthe same lifetime is hidden here[0m
2025-09-20T21:22:34.0952353Z [0m    [0m[0m[1m[38;5;12m|[0m[0m                    [0m[0m[1m[33m|[0m
2025-09-20T21:22:34.0953020Z [0m    [0m[0m[1m[38;5;12m|[0m[0m                    [0m[0m[1m[33mthe lifetime is elided here[0m
2025-09-20T21:22:34.0953538Z [0m    [0m[0m[1m[38;5;12m|[0m
2025-09-20T21:22:34.0954586Z [0m    [0m[0m[1m[38;5;12m= [0m[0m[1mhelp[0m[0m: the same lifetime is referred to in inconsistent ways, making the signature confusing[0m
2025-09-20T21:22:34.0955575Z [0m    [0m[0m[1m[38;5;12m= [0m[0m[1mnote[0m[0m: `#[warn(mismatched_lifetime_syntaxes)]` on by default[0m
2025-09-20T21:22:34.0956247Z [0m[1m[38;5;14mhelp[0m[0m: use `'_` for type paths[0m
2025-09-20T21:22:34.0956695Z [0m    [0m[0m[1m[38;5;12m|[0m
2025-09-20T21:22:34.0957461Z [0m[1m[38;5;12m456[0m[0m [0m[0m[1m[38;5;12m| [0m[0m    fn new(socket: &UdpSocket) -> UdpWrapper[0m[0m[38;5;10m<'_>[0m[0m {[0m
2025-09-20T21:22:34.0958277Z [0m    [0m[0m[1m[38;5;12m|[0m[0m                                             [0m[0m[38;5;10m++++[0m
2025-09-20T21:22:34.0958609Z 
2025-09-20T21:22:34.0983253Z [0m[1m[33mwarning[0m[0m[1m: hiding a lifetime that's elided elsewhere is confusing[0m
2025-09-20T21:22:34.0987880Z [0m   [0m[0m[1m[38;5;12m--> [0m[0mcitadel_wire/src/udp_traversal/udp_hole_puncher.rs:217:9[0m
2025-09-20T21:22:34.1014474Z [0m    [0m[0m[1m[38;5;12m|[0m
2025-09-20T21:22:34.1015482Z [0m[1m[38;5;12m217[0m[0m [0m[0m[1m[38;5;12m|[0m[0m [0m[0m        &self,[0m
2025-09-20T21:22:34.1016643Z [0m    [0m[0m[1m[38;5;12m|[0m[0m         [0m[0m[1m[33m^^^^^[0m[0m [0m[0m[1m[33mthe lifetime is elided here[0m
2025-09-20T21:22:34.1023893Z [0m[1m[38;5;12m218[0m[0m [0m[0m[1m[38;5;12m|[0m[0m [0m[0m        encrypted_config_container: HolePunchConfigContainer,[0m
2025-09-20T21:22:34.1025496Z [0m[1m[38;5;12m219[0m[0m [0m[0m[1m[38;5;12m|[0m[0m [0m[0m    ) -> UdpHolePuncher;[0m
2025-09-20T21:22:34.1027050Z [0m    [0m[0m[1m[38;5;12m|[0m[0m          [0m[0m[1m[38;5;12m--------------[0m[0m [0m[0m[1m[38;5;12mthe same lifetime is hidden here[0m
2025-09-20T21:22:34.1028066Z [0m    [0m[0m[1m[38;5;12m|[0m
2025-09-20T21:22:34.1056469Z [0m    [0m[0m[1m[38;5;12m= [0m[0m[1mhelp[0m[0m: the same lifetime is referred to in inconsistent ways, making the signature confusing[0m
2025-09-20T21:22:34.1058343Z [0m[1m[38;5;14mhelp[0m[0m: use `'_` for type paths[0m
2025-09-20T21:22:34.1059377Z [0m    [0m[0m[1m[38;5;12m|[0m
2025-09-20T21:22:34.1061836Z [0m[1m[38;5;12m219[0m[0m [0m[0m[1m[38;5;12m| [0m[0m    ) -> UdpHolePuncher[0m[0m[38;5;10m<'_>[0m[0m;[0m
2025-09-20T21:22:34.1062669Z [0m    [0m[0m[1m[38;5;12m|[0m[0m                        [0m[0m[38;5;10m++++[0m
2025-09-20T21:22:34.1063057Z 
2025-09-20T21:22:34.1063530Z [0m[1m[33mwarning[0m[0m[1m: hiding a lifetime that's elided elsewhere is confusing[0m
2025-09-20T21:22:34.1064759Z [0m   [0m[0m[1m[38;5;12m--> [0m[0mcitadel_wire/src/udp_traversal/udp_hole_puncher.rs:224:9[0m
2025-09-20T21:22:34.1065487Z [0m    [0m[0m[1m[38;5;12m|[0m
2025-09-20T21:22:34.1066109Z [0m[1m[38;5;12m224[0m[0m [0m[0m[1m[38;5;12m|[0m[0m [0m[0m        &self,[0m
2025-09-20T21:22:34.1066922Z [0m    [0m[0m[1m[38;5;12m|[0m[0m         [0m[0m[1m[33m^^^^^[0m[0m [0m[0m[1m[33mthe lifetime is elided here[0m
2025-09-20T21:22:34.1068496Z [0m[1m[38;5;12m225[0m[0m [0m[0m[1m[38;5;12m|[0m[0m [0m[0m        encrypted_config_container: HolePunchConfigContainer,[0m
2025-09-20T21:22:34.1069501Z [0m[1m[38;5;12m226[0m[0m [0m[0m[1m[38;5;12m|[0m[0m [0m[0m    ) -> UdpHolePuncher {[0m
2025-09-20T21:22:34.1070526Z [0m    [0m[0m[1m[38;5;12m|[0m[0m          [0m[0m[1m[38;5;12m--------------[0m[0m [0m[0m[1m[38;5;12mthe same lifetime is hidden here[0m
2025-09-20T21:22:34.1071240Z [0m    [0m[0m[1m[38;5;12m|[0m
2025-09-20T21:22:34.1072211Z [0m    [0m[0m[1m[38;5;12m= [0m[0m[1mhelp[0m[0m: the same lifetime is referred to in inconsistent ways, making the signature confusing[0m
2025-09-20T21:22:34.1073203Z [0m[1m[38;5;14mhelp[0m[0m: use `'_` for type paths[0m
2025-09-20T21:22:34.1073935Z [0m    [0m[0m[1m[38;5;12m|[0m
2025-09-20T21:22:34.1074692Z [0m[1m[38;5;12m226[0m[0m [0m[0m[1m[38;5;12m| [0m[0m    ) -> UdpHolePuncher[0m[0m[38;5;10m<'_>[0m[0m {[0m
2025-09-20T21:22:34.1075476Z [0m    [0m[0m[1m[38;5;12m|[0m[0m                        [0m[0m[38;5;10m++++[0m
2025-09-20T21:22:34.1075817Z 
2025-09-20T21:22:34.1097363Z [0m[1m[33mwarning[0m[0m[1m: hiding a lifetime that's elided elsewhere is confusing[0m
2025-09-20T21:22:34.1098189Z [0m   [0m[0m[1m[38;5;12m--> [0m[0mcitadel_wire/src/standard/quic.rs:133:17[0m
2025-09-20T21:22:34.1098742Z [0m    [0m[0m[1m[38;5;12m|[0m
2025-09-20T21:22:34.1099413Z [0m[1m[38;5;12m133[0m[0m [0m[0m[1m[38;5;12m|[0m[0m [0m[0m    fn listener(&self) -> Accept;[0m
2025-09-20T21:22:34.1100495Z [0m    [0m[0m[1m[38;5;12m|[0m[0m                 [0m[0m[1m[33m^^^^^[0m[0m     [0m[0m[1m[38;5;12m------[0m[0m [0m[0m[1m[38;5;12mthe same lifetime is hidden here[0m
2025-09-20T21:22:34.1101354Z [0m    [0m[0m[1m[38;5;12m|[0m[0m                 [0m[0m[1m[33m|[0m
2025-09-20T21:22:34.1102121Z [0m    [0m[0m[1m[38;5;12m|[0m[0m                 [0m[0m[1m[33mthe lifetime is elided here[0m
2025-09-20T21:22:34.1102692Z [0m    [0m[0m[1m[38;5;12m|[0m
2025-09-20T21:22:34.1103609Z [0m    [0m[0m[1m[38;5;12m= [0m[0m[1mhelp[0m[0m: the same lifetime is referred to in inconsistent ways, making the signature confusing[0m
2025-09-20T21:22:34.1104796Z [0m[1m[38;5;14mhelp[0m[0m: use `'_` for type paths[0m
2025-09-20T21:22:34.1105309Z [0m    [0m[0m[1m[38;5;12m|[0m
2025-09-20T21:22:34.1105980Z [0m[1m[38;5;12m133[0m[0m [0m[0m[1m[38;5;12m| [0m[0m    fn listener(&self) -> Accept[0m[0m[38;5;10m<'_>[0m[0m;[0m
2025-09-20T21:22:34.1106774Z [0m    [0m[0m[1m[38;5;12m|[0m[0m                                 [0m[0m[38;5;10m++++[0m
2025-09-20T21:22:34.1107089Z 
2025-09-20T21:22:34.1137014Z [0m[1m[33mwarning[0m[0m[1m: hiding a lifetime that's elided elsewhere is confusing[0m
2025-09-20T21:22:34.1138380Z [0m   [0m[0m[1m[38;5;12m--> [0m[0mcitadel_wire/src/standard/quic.rs:134:24[0m
2025-09-20T21:22:34.1139392Z [0m    [0m[0m[1m[38;5;12m|[0m
2025-09-20T21:22:34.1140685Z [0m[1m[38;5;12m134[0m[0m [0m[0m[1m[38;5;12m|[0m[0m [0m[0m    fn next_connection(&mut self) -> QuicNextConnectionFuture[0m
2025-09-20T21:22:34.1142062Z [0m    [0m[0m[1m[38;5;12m|[0m[0m                        [0m[0m[1m[33m^^^^^^^^^[0m[0m     [0m[0m[1m[38;5;12m------------------------[0m[0m [0m[0m[1m[38;5;12mthe same lifetime is hidden here[0m
2025-09-20T21:22:34.1143044Z [0m    [0m[0m[1m[38;5;12m|[0m[0m                        [0m[0m[1m[33m|[0m
2025-09-20T21:22:34.1144118Z [0m    [0m[0m[1m[38;5;12m|[0m[0m                        [0m[0m[1m[33mthe lifetime is elided here[0m
2025-09-20T21:22:34.1144768Z [0m    [0m[0m[1m[38;5;12m|[0m
2025-09-20T21:22:34.1145764Z [0m    [0m[0m[1m[38;5;12m= [0m[0m[1mhelp[0m[0m: the same lifetime is referred to in inconsistent ways, making the signature confusing[0m
2025-09-20T21:22:34.1147073Z [0m[1m[38;5;14mhelp[0m[0m: use `'_` for type paths[0m
2025-09-20T21:22:34.1147592Z [0m    [0m[0m[1m[38;5;12m|[0m
2025-09-20T21:22:34.1148747Z [0m[1m[38;5;12m134[0m[0m [0m[0m[1m[38;5;12m| [0m[0m    fn next_connection(&mut self) -> QuicNextConnectionFuture[0m[0m[38;5;10m<'_>[0m
2025-09-20T21:22:34.1149759Z [0m    [0m[0m[1m[38;5;12m|[0m[0m                                                              [0m[0m[38;5;10m++++[0m
2025-09-20T21:22:34.1150161Z 
2025-09-20T21:22:34.1150626Z [0m[1m[33mwarning[0m[0m[1m: hiding a lifetime that's elided elsewhere is confusing[0m
2025-09-20T21:22:34.1151490Z [0m   [0m[0m[1m[38;5;12m--> [0m[0mcitadel_wire/src/standard/quic.rs:169:17[0m
2025-09-20T21:22:34.1152061Z [0m    [0m[0m[1m[38;5;12m|[0m
2025-09-20T21:22:34.1152737Z [0m[1m[38;5;12m169[0m[0m [0m[0m[1m[38;5;12m|[0m[0m [0m[0m    fn listener(&self) -> Accept {[0m
2025-09-20T21:22:34.1153944Z [0m    [0m[0m[1m[38;5;12m|[0m[0m                 [0m[0m[1m[33m^^^^^[0m[0m     [0m[0m[1m[38;5;12m------[0m[0m [0m[0m[1m[38;5;12mthe same lifetime is hidden here[0m
2025-09-20T21:22:34.1154706Z [0m    [0m[0m[1m[38;5;12m|[0m[0m                 [0m[0m[1m[33m|[0m
2025-09-20T21:22:34.1155411Z [0m    [0m[0m[1m[38;5;12m|[0m[0m                 [0m[0m[1m[33mthe lifetime is elided here[0m
2025-09-20T21:22:34.1155980Z [0m    [0m[0m[1m[38;5;12m|[0m
2025-09-20T21:22:34.1156916Z [0m    [0m[0m[1m[38;5;12m= [0m[0m[1mhelp[0m[0m: the same lifetime is referred to in inconsistent ways, making the signature confusing[0m
2025-09-20T21:22:34.1157863Z [0m[1m[38;5;14mhelp[0m[0m: use `'_` for type paths[0m
2025-09-20T21:22:34.1158403Z [0m    [0m[0m[1m[38;5;12m|[0m
2025-09-20T21:22:34.1159211Z [0m[1m[38;5;12m169[0m[0m [0m[0m[1m[38;5;12m| [0m[0m    fn listener(&self) -> Accept[0m[0m[38;5;10m<'_>[0m[0m {[0m
2025-09-20T21:22:34.1160124Z [0m    [0m[0m[1m[38;5;12m|[0m[0m                                 [0m[0m[38;5;10m++++[0m
2025-09-20T21:22:34.1160504Z 
2025-09-20T21:22:34.3153028Z [1m[32m   Compiling[0m dirs-sys v0.3.7
2025-09-20T21:22:34.7571428Z [1m[33mwarning[0m[1m:[0m `citadel_user` (lib) generated 2 warnings
2025-09-20T21:22:34.7615958Z [1m[32m   Compiling[0m relative-path v1.9.3
2025-09-20T21:22:34.8003882Z [1m[32m   Compiling[0m glob v0.3.3
2025-09-20T21:22:35.0106733Z [1m[32m   Compiling[0m cfg-if v0.1.10
2025-09-20T21:22:35.0429068Z [1m[32m   Compiling[0m dirs2 v3.0.1
2025-09-20T21:22:35.1363345Z [1m[32m   Compiling[0m futures-timer v3.0.3
2025-09-20T21:22:35.8961127Z [1m[32m   Compiling[0m citadel_proto v0.13.0 (/home/runner/work/Citadel-Protocol/Citadel-Protocol/citadel_proto)
2025-09-20T21:22:38.2200813Z [1m[32m   Compiling[0m rstest v0.23.0
2025-09-20T21:22:41.3870761Z [0m[1m[38;5;9merror[0m[0m[1m: struct `InnerParameterMut` is never constructed[0m
2025-09-20T21:22:41.3871613Z [0m  [0m[0m[1m[38;5;12m--> [0m[0mcitadel_proto/src/inner_arg.rs:32:12[0m
2025-09-20T21:22:41.3872200Z [0m   [0m[0m[1m[38;5;12m|[0m
2025-09-20T21:22:41.3872892Z [0m[1m[38;5;12m32[0m[0m [0m[0m[1m[38;5;12m|[0m[0m [0m[0mpub struct InnerParameterMut<'a, T: 'a, K> {[0m
2025-09-20T21:22:41.3873605Z [0m   [0m[0m[1m[38;5;12m|[0m[0m            [0m[0m[1m[38;5;9m^^^^^^^^^^^^^^^^^[0m
2025-09-20T21:22:41.3874488Z [0m   [0m[0m[1m[38;5;12m|[0m
2025-09-20T21:22:41.3875085Z [0m[1m[38;5;10mnote[0m[0m: the lint level is defined here[0m
2025-09-20T21:22:41.3875796Z [0m  [0m[0m[1m[38;5;12m--> [0m[0mcitadel_proto/src/lib.rs:74:5[0m
2025-09-20T21:22:41.3876408Z [0m   [0m[0m[1m[38;5;12m|[0m
2025-09-20T21:22:41.3877078Z [0m[1m[38;5;12m74[0m[0m [0m[0m[1m[38;5;12m|[0m[0m [0m[0m    dead_code[0m
2025-09-20T21:22:41.3877785Z [0m   [0m[0m[1m[38;5;12m|[0m[0m     [0m[0m[1m[38;5;10m^^^^^^^^^[0m
2025-09-20T21:22:41.3878166Z 
2025-09-20T21:22:41.3886322Z [0m[1m[38;5;9merror[0m[0m[1m: struct `InnerParameter` is never constructed[0m
2025-09-20T21:22:41.3887427Z [0m  [0m[0m[1m[38;5;12m--> [0m[0mcitadel_proto/src/inner_arg.rs:88:12[0m
2025-09-20T21:22:41.3888183Z [0m   [0m[0m[1m[38;5;12m|[0m
2025-09-20T21:22:41.3888926Z [0m[1m[38;5;12m88[0m[0m [0m[0m[1m[38;5;12m|[0m[0m [0m[0mpub struct InnerParameter<'a, T: 'a + ?Sized, K> {[0m
2025-09-20T21:22:41.3889679Z [0m   [0m[0m[1m[38;5;12m|[0m[0m            [0m[0m[1m[38;5;9m^^^^^^^^^^^^^^[0m
2025-09-20T21:22:41.3890007Z 
2025-09-20T21:22:41.3890425Z [0m[1m[38;5;9merror[0m[0m[1m: struct `P2PListenerConnectInfo` is never constructed[0m
2025-09-20T21:22:41.3891303Z [0m   [0m[0m[1m[38;5;12m--> [0m[0mcitadel_proto/src/proto/misc/underlying_proto.rs:177:12[0m
2025-09-20T21:22:41.3891923Z [0m    [0m[0m[1m[38;5;12m|[0m
2025-09-20T21:22:41.3892560Z [0m[1m[38;5;12m177[0m[0m [0m[0m[1m[38;5;12m|[0m[0m [0m[0mpub struct P2PListenerConnectInfo {[0m
2025-09-20T21:22:41.3893309Z [0m    [0m[0m[1m[38;5;12m|[0m[0m            [0m[0m[1m[38;5;9m^^^^^^^^^^^^^^^^^^^^^^[0m
2025-09-20T21:22:41.3893660Z 
2025-09-20T21:22:41.3984489Z [0m[1m[33mwarning[0m[0m[1m: hiding a lifetime that's elided elsewhere is confusing[0m
2025-09-20T21:22:41.3985429Z [0m   [0m[0m[1m[38;5;12m--> [0m[0mcitadel_proto/src/proto/packet.rs:245:18[0m
2025-09-20T21:22:41.3986038Z [0m    [0m[0m[1m[38;5;12m|[0m
2025-09-20T21:22:41.3986776Z [0m[1m[38;5;12m245[0m[0m [0m[0m[1m[38;5;12m|[0m[0m [0m[0m    pub fn parse(&self) -> Option<ParsedPacket> {[0m
2025-09-20T21:22:41.3987848Z [0m    [0m[0m[1m[38;5;12m|[0m[0m                  [0m[0m[1m[33m^^^^^[0m[0m            [0m[0m[1m[38;5;12m------------[0m[0m [0m[0m[1m[38;5;12mthe same lifetime is hidden here[0m
2025-09-20T21:22:41.3988654Z [0m    [0m[0m[1m[38;5;12m|[0m[0m                  [0m[0m[1m[33m|[0m
2025-09-20T21:22:41.3989312Z [0m    [0m[0m[1m[38;5;12m|[0m[0m                  [0m[0m[1m[33mthe lifetime is elided here[0m
2025-09-20T21:22:41.3989867Z [0m    [0m[0m[1m[38;5;12m|[0m
2025-09-20T21:22:41.3990749Z [0m    [0m[0m[1m[38;5;12m= [0m[0m[1mhelp[0m[0m: the same lifetime is referred to in inconsistent ways, making the signature confusing[0m
2025-09-20T21:22:41.3991776Z [0m    [0m[0m[1m[38;5;12m= [0m[0m[1mnote[0m[0m: `#[warn(mismatched_lifetime_syntaxes)]` on by default[0m
2025-09-20T21:22:41.3992475Z [0m[1m[38;5;14mhelp[0m[0m: use `'_` for type paths[0m
2025-09-20T21:22:41.3992979Z [0m    [0m[0m[1m[38;5;12m|[0m
2025-09-20T21:22:41.3993984Z [0m[1m[38;5;12m245[0m[0m [0m[0m[1m[38;5;12m| [0m[0m    pub fn parse(&self) -> Option<ParsedPacket[0m[0m[38;5;10m<'_>[0m[0m> {[0m
2025-09-20T21:22:41.3994901Z [0m    [0m[0m[1m[38;5;12m|[0m[0m                                               [0m[0m[38;5;10m++++[0m
2025-09-20T21:22:41.3995245Z 
2025-09-20T21:22:41.4385074Z [0m[1m[33mwarning[0m[0m[1m: hiding a lifetime that's elided elsewhere is confusing[0m
2025-09-20T21:22:41.4415412Z [0m  [0m[0m[1m[38;5;12m--> [0m[0mcitadel_proto/src/proto/validation.rs:59:18[0m
2025-09-20T21:22:41.4416054Z [0m   [0m[0m[1m[38;5;12m|[0m
2025-09-20T21:22:41.4416723Z [0m[1m[38;5;12m59[0m[0m [0m[0m[1m[38;5;12m|[0m[0m [0m[0m        payload: &[u8],[0m
2025-09-20T21:22:41.4417592Z [0m   [0m[0m[1m[38;5;12m|[0m[0m                  [0m[0m[1m[33m^^^^^[0m[0m [0m[0m[1m[33mthe lifetime is elided here[0m
2025-09-20T21:22:41.4418494Z [0m[1m[38;5;12m60[0m[0m [0m[0m[1m[38;5;12m|[0m[0m [0m[0m    ) -> Option<DoConnectFinalStatusPacket> {[0m
2025-09-20T21:22:41.4419486Z [0m   [0m[0m[1m[38;5;12m|[0m[0m                 [0m[0m[1m[38;5;12m--------------------------[0m[0m [0m[0m[1m[38;5;12mthe same lifetime is hidden here[0m
2025-09-20T21:22:41.4420136Z [0m   [0m[0m[1m[38;5;12m|[0m
2025-09-20T21:22:41.4420958Z [0m   [0m[0m[1m[38;5;12m= [0m[0m[1mhelp[0m[0m: the same lifetime is referred to in inconsistent ways, making the signature confusing[0m
2025-09-20T21:22:41.4422185Z [0m[1m[38;5;14mhelp[0m[0m: use `'_` for type paths[0m
2025-09-20T21:22:41.4422658Z [0m   [0m[0m[1m[38;5;12m|[0m
2025-09-20T21:22:41.4423628Z [0m[1m[38;5;12m60[0m[0m [0m[0m[1m[38;5;12m| [0m[0m    ) -> Option<DoConnectFinalStatusPacket[0m[0m[38;5;10m<'_>[0m[0m> {[0m
2025-09-20T21:22:41.4424708Z [0m   [0m[0m[1m[38;5;12m|[0m[0m                                           [0m[0m[38;5;10m++++[0m
2025-09-20T21:22:41.4425278Z 
2025-09-20T21:22:41.5520086Z [1m[33mwarning[0m[1m:[0m `citadel_proto` (lib) generated 2 warnings
2025-09-20T21:22:41.5521110Z [1m[31merror[0m[1m:[0m could not compile `citadel_proto` (lib) due to 3 previous errors; 2 warnings emitted
2025-09-20T21:22:41.5522074Z [1m[33mwarning[0m[1m:[0m build failed, waiting for other jobs to finish...
2025-09-20T21:22:48.0234189Z [1m[33mwarning[0m[1m:[0m `citadel_wire` (lib) generated 6 warnings
2025-09-20T21:22:48.0545804Z [31;1merror[0m: command `[1m/home/runner/.rustup/toolchains/stable-x86_64-unknown-linux-gnu/bin/cargo test --no-run --message-format json-render-diagnostics --package citadel_sdk --features localhost-testing --release[0m` exited with code [1m101[0m
2025-09-20T21:22:48.0570979Z ##[error]Process completed with exit code 101.
2025-09-20T21:22:48.0640701Z Post job cleanup.
2025-09-20T21:22:48.0673100Z Post job cleanup.
2025-09-20T21:22:48.1620191Z [command]/usr/bin/git version
2025-09-20T21:22:48.1658861Z git version 2.51.0
2025-09-20T21:22:48.1704860Z Temporarily overriding HOME='/home/runner/work/_temp/bdc1ef82-3032-4539-9467-40a0840eb9dc' before making global git config changes
2025-09-20T21:22:48.1706145Z Adding repository directory to the temporary git global config as a safe directory
2025-09-20T21:22:48.1709647Z [command]/usr/bin/git config --global --add safe.directory /home/runner/work/Citadel-Protocol/Citadel-Protocol
2025-09-20T21:22:48.1743249Z [command]/usr/bin/git config --local --name-only --get-regexp core\.sshCommand
2025-09-20T21:22:48.1775449Z [command]/usr/bin/git submodule foreach --recursive sh -c "git config --local --name-only --get-regexp 'core\.sshCommand' && git config --local --unset-all 'core.sshCommand' || :"
2025-09-20T21:22:48.2000721Z [command]/usr/bin/git config --local --name-only --get-regexp http\.https\:\/\/github\.com\/\.extraheader
2025-09-20T21:22:48.2023627Z http.https://github.com/.extraheader
2025-09-20T21:22:48.2035267Z [command]/usr/bin/git config --local --unset-all http.https://github.com/.extraheader
2025-09-20T21:22:48.2066084Z [command]/usr/bin/git submodule foreach --recursive sh -c "git config --local --name-only --get-regexp 'http\.https\:\/\/github\.com\/\.extraheader' && git config --local --unset-all 'http.https://github.com/.extraheader' || :"
2025-09-20T21:22:48.2440883Z Cleaning up orphan processes
