2025-09-20T21:18:23.5960971Z Current runner version: '2.328.0'
2025-09-20T21:18:23.5996570Z ##[group]Runner Image Provisioner
2025-09-20T21:18:23.5997856Z Hosted Compute Agent
2025-09-20T21:18:23.5999218Z Version: 20250829.383
2025-09-20T21:18:23.6000158Z Commit: 27cb235aab5b0e52e153a26cd86b4742e89dac5d
2025-09-20T21:18:23.6001399Z Build Date: 2025-08-29T13:48:48Z
2025-09-20T21:18:23.6002391Z ##[endgroup]
2025-09-20T21:18:23.6003445Z ##[group]Operating System
2025-09-20T21:18:23.6004651Z Ubuntu
2025-09-20T21:18:23.6005439Z 24.04.3
2025-09-20T21:18:23.6006181Z LTS
2025-09-20T21:18:23.6007000Z ##[endgroup]
2025-09-20T21:18:23.6007818Z ##[group]Runner Image
2025-09-20T21:18:23.6008985Z Image: ubuntu-24.04
2025-09-20T21:18:23.6010075Z Version: 20250907.24.1
2025-09-20T21:18:23.6011955Z Included Software: https://github.com/actions/runner-images/blob/ubuntu24/20250907.24/images/ubuntu/Ubuntu2404-Readme.md
2025-09-20T21:18:23.6014964Z Image Release: https://github.com/actions/runner-images/releases/tag/ubuntu24%2F20250907.24
2025-09-20T21:18:23.6016770Z ##[endgroup]
2025-09-20T21:18:23.6021298Z ##[group]GITHUB_TOKEN Permissions
2025-09-20T21:18:23.6024323Z Actions: write
2025-09-20T21:18:23.6025332Z Attestations: write
2025-09-20T21:18:23.6026175Z Checks: write
2025-09-20T21:18:23.6027039Z Contents: write
2025-09-20T21:18:23.6027930Z Deployments: write
2025-09-20T21:18:23.6029084Z Discussions: write
2025-09-20T21:18:23.6029973Z Issues: write
2025-09-20T21:18:23.6030850Z Metadata: read
2025-09-20T21:18:23.6031667Z Models: read
2025-09-20T21:18:23.6032530Z Packages: write
2025-09-20T21:18:23.6033592Z Pages: write
2025-09-20T21:18:23.6034430Z PullRequests: write
2025-09-20T21:18:23.6035435Z RepositoryProjects: write
2025-09-20T21:18:23.6036471Z SecurityEvents: write
2025-09-20T21:18:23.6037609Z Statuses: write
2025-09-20T21:18:23.6038487Z ##[endgroup]
2025-09-20T21:18:23.6041746Z Secret source: Actions
2025-09-20T21:18:23.6042949Z Prepare workflow directory
2025-09-20T21:18:23.6614356Z Prepare all required actions
2025-09-20T21:18:23.6672665Z Getting action download info
2025-09-20T21:18:23.9387874Z Download action repository 'Avarok-Cybersecurity/gh-actions-deps@master' (SHA:495f309997d6623b1d15d4767970d70d46cfaa17)
2025-09-20T21:18:24.4619975Z Download action repository 'taiki-e/install-action@nextest' (SHA:320133d5f45b215a033477e643139da5245dd9fc)
2025-09-20T21:18:24.8603807Z Getting action download info
2025-09-20T21:18:25.0739286Z Download action repository 'KyleMayes/install-llvm-action@v1.5.1' (SHA:60cc93ee15c6225007baa18ccf433d9d7f67d8a4)
2025-09-20T21:18:25.4127727Z Download action repository 'actions/checkout@v2' (SHA:ee0669bd1cc54295c223e0bb666b733df41de1c5)
2025-09-20T21:18:25.4681820Z Download action repository 'dtolnay/rust-toolchain@stable' (SHA:5d458579430fc14a04a08a1e7d3694f545e91ce6)
2025-09-20T21:18:25.6830687Z Download action repository 'actions-rs/cargo@v1' (SHA:844f36862e911db73fe0815f00a4a2602c279505)
2025-09-20T21:18:26.0788144Z Uses: Avarok-Cybersecurity/Citadel-Protocol/.github/workflows/validate.yml@refs/pull/236/merge (7edf0bb75f061919add02f6d6a82672c0b2e9654)
2025-09-20T21:18:26.0794573Z Complete job name: Validate PR / citadel_sdk (ubuntu-latest)
2025-09-20T21:18:26.1551484Z ##[group]Run Avarok-Cybersecurity/gh-actions-deps@master
2025-09-20T21:18:26.1553238Z env:
2025-09-20T21:18:26.1554094Z   CARGO_TERM_COLOR: always
2025-09-20T21:18:26.1555136Z   RUST_BACKTRACE: full
2025-09-20T21:18:26.1556027Z   RUST_MIN_STACK: 40971520
2025-09-20T21:18:26.1557032Z   RUST_LOG: citadel=warn
2025-09-20T21:18:26.1557874Z   IN_CI: true
2025-09-20T21:18:26.1558869Z ##[endgroup]
2025-09-20T21:18:26.1800645Z ##[group]Run actions/checkout@v2
2025-09-20T21:18:26.1801639Z with:
2025-09-20T21:18:26.1802497Z   repository: Avarok-Cybersecurity/Citadel-Protocol
2025-09-20T21:18:26.1803892Z   token: ***
2025-09-20T21:18:26.1804627Z   ssh-strict: true
2025-09-20T21:18:26.1805439Z   persist-credentials: true
2025-09-20T21:18:26.1806317Z   clean: true
2025-09-20T21:18:26.1807042Z   fetch-depth: 1
2025-09-20T21:18:26.1807789Z   lfs: false
2025-09-20T21:18:26.1809158Z   submodules: false
2025-09-20T21:18:26.1809994Z   set-safe-directory: true
2025-09-20T21:18:26.1810827Z env:
2025-09-20T21:18:26.1811568Z   CARGO_TERM_COLOR: always
2025-09-20T21:18:26.1812453Z   RUST_BACKTRACE: full
2025-09-20T21:18:26.1813294Z   RUST_MIN_STACK: 40971520
2025-09-20T21:18:26.1814139Z   RUST_LOG: citadel=warn
2025-09-20T21:18:26.1814945Z   IN_CI: true
2025-09-20T21:18:26.1815650Z ##[endgroup]
2025-09-20T21:18:26.2921878Z Syncing repository: Avarok-Cybersecurity/Citadel-Protocol
2025-09-20T21:18:26.2924540Z ##[group]Getting Git version info
2025-09-20T21:18:26.2925946Z Working directory is '/home/runner/work/Citadel-Protocol/Citadel-Protocol'
2025-09-20T21:18:26.2927823Z [command]/usr/bin/git version
2025-09-20T21:18:26.2969113Z git version 2.51.0
2025-09-20T21:18:26.2997919Z ##[endgroup]
2025-09-20T21:18:26.3016277Z Temporarily overriding HOME='/home/runner/work/_temp/878dfcce-af71-44fb-a144-5c65a678fcdf' before making global git config changes
2025-09-20T21:18:26.3020950Z Adding repository directory to the temporary git global config as a safe directory
2025-09-20T21:18:26.3024714Z [command]/usr/bin/git config --global --add safe.directory /home/runner/work/Citadel-Protocol/Citadel-Protocol
2025-09-20T21:18:26.3067292Z Deleting the contents of '/home/runner/work/Citadel-Protocol/Citadel-Protocol'
2025-09-20T21:18:26.3071112Z ##[group]Initializing the repository
2025-09-20T21:18:26.3075618Z [command]/usr/bin/git init /home/runner/work/Citadel-Protocol/Citadel-Protocol
2025-09-20T21:18:26.3277249Z hint: Using 'master' as the name for the initial branch. This default branch name
2025-09-20T21:18:26.3280237Z hint: is subject to change. To configure the initial branch name to use in all
2025-09-20T21:18:26.3283121Z hint: of your new repositories, which will suppress this warning, call:
2025-09-20T21:18:26.3284660Z hint:
2025-09-20T21:18:26.3285564Z hint: 	git config --global init.defaultBranch <name>
2025-09-20T21:18:26.3286622Z hint:
2025-09-20T21:18:26.3287636Z hint: Names commonly chosen instead of 'master' are 'main', 'trunk' and
2025-09-20T21:18:26.3289550Z hint: 'development'. The just-created branch can be renamed via this command:
2025-09-20T21:18:26.3290849Z hint:
2025-09-20T21:18:26.3291532Z hint: 	git branch -m <name>
2025-09-20T21:18:26.3292758Z hint:
2025-09-20T21:18:26.3293983Z hint: Disable this message with "git config set advice.defaultBranchName false"
2025-09-20T21:18:26.3296014Z Initialized empty Git repository in /home/runner/work/Citadel-Protocol/Citadel-Protocol/.git/
2025-09-20T21:18:26.3298197Z [command]/usr/bin/git remote add origin https://github.com/Avarok-Cybersecurity/Citadel-Protocol
2025-09-20T21:18:26.3339011Z ##[endgroup]
2025-09-20T21:18:26.3340366Z ##[group]Disabling automatic garbage collection
2025-09-20T21:18:26.3342010Z [command]/usr/bin/git config --local gc.auto 0
2025-09-20T21:18:26.3371204Z ##[endgroup]
2025-09-20T21:18:26.3372481Z ##[group]Setting up auth
2025-09-20T21:18:26.3377425Z [command]/usr/bin/git config --local --name-only --get-regexp core\.sshCommand
2025-09-20T21:18:26.3407478Z [command]/usr/bin/git submodule foreach --recursive sh -c "git config --local --name-only --get-regexp 'core\.sshCommand' && git config --local --unset-all 'core.sshCommand' || :"
2025-09-20T21:18:26.3827985Z [command]/usr/bin/git config --local --name-only --get-regexp http\.https\:\/\/github\.com\/\.extraheader
2025-09-20T21:18:26.3856445Z [command]/usr/bin/git submodule foreach --recursive sh -c "git config --local --name-only --get-regexp 'http\.https\:\/\/github\.com\/\.extraheader' && git config --local --unset-all 'http.https://github.com/.extraheader' || :"
2025-09-20T21:18:26.4084322Z [command]/usr/bin/git config --local http.https://github.com/.extraheader AUTHORIZATION: basic ***
2025-09-20T21:18:26.4119975Z ##[endgroup]
2025-09-20T21:18:26.4121409Z ##[group]Fetching the repository
2025-09-20T21:18:26.4128172Z [command]/usr/bin/git -c protocol.version=2 fetch --no-tags --prune --progress --no-recurse-submodules --depth=1 origin +7edf0bb75f061919add02f6d6a82672c0b2e9654:refs/remotes/pull/236/merge
2025-09-20T21:18:26.6349357Z remote: Enumerating objects: 421, done.        
2025-09-20T21:18:26.6352626Z remote: Counting objects:   0% (1/421)        
2025-09-20T21:18:26.6354988Z remote: Counting objects:   1% (5/421)        
2025-09-20T21:18:26.6357188Z remote: Counting objects:   2% (9/421)        
2025-09-20T21:18:26.6360837Z remote: Counting objects:   3% (13/421)        
2025-09-20T21:18:26.6362865Z remote: Counting objects:   4% (17/421)        
2025-09-20T21:18:26.6364866Z remote: Counting objects:   5% (22/421)        
2025-09-20T21:18:26.6366785Z remote: Counting objects:   6% (26/421)        
2025-09-20T21:18:26.6368963Z remote: Counting objects:   7% (30/421)        
2025-09-20T21:18:26.6371643Z remote: Counting objects:   8% (34/421)        
2025-09-20T21:18:26.6373585Z remote: Counting objects:   9% (38/421)        
2025-09-20T21:18:26.6375557Z remote: Counting objects:  10% (43/421)        
2025-09-20T21:18:26.6377451Z remote: Counting objects:  11% (47/421)        
2025-09-20T21:18:26.6379717Z remote: Counting objects:  12% (51/421)        
2025-09-20T21:18:26.6381747Z remote: Counting objects:  13% (55/421)        
2025-09-20T21:18:26.6383695Z remote: Counting objects:  14% (59/421)        
2025-09-20T21:18:26.6385642Z remote: Counting objects:  15% (64/421)        
2025-09-20T21:18:26.6387617Z remote: Counting objects:  16% (68/421)        
2025-09-20T21:18:26.6389742Z remote: Counting objects:  17% (72/421)        
2025-09-20T21:18:26.6391667Z remote: Counting objects:  18% (76/421)        
2025-09-20T21:18:26.6393610Z remote: Counting objects:  19% (80/421)        
2025-09-20T21:18:26.6395523Z remote: Counting objects:  20% (85/421)        
2025-09-20T21:18:26.6397532Z remote: Counting objects:  21% (89/421)        
2025-09-20T21:18:26.6399712Z remote: Counting objects:  22% (93/421)        
2025-09-20T21:18:26.6401677Z remote: Counting objects:  23% (97/421)        
2025-09-20T21:18:26.6403595Z remote: Counting objects:  24% (102/421)        
2025-09-20T21:18:26.6405659Z remote: Counting objects:  25% (106/421)        
2025-09-20T21:18:26.6407659Z remote: Counting objects:  26% (110/421)        
2025-09-20T21:18:26.6410093Z remote: Counting objects:  27% (114/421)        
2025-09-20T21:18:26.6412193Z remote: Counting objects:  28% (118/421)        
2025-09-20T21:18:26.6414106Z remote: Counting objects:  29% (123/421)        
2025-09-20T21:18:26.6416048Z remote: Counting objects:  30% (127/421)        
2025-09-20T21:18:26.6418019Z remote: Counting objects:  31% (131/421)        
2025-09-20T21:18:26.6420110Z remote: Counting objects:  32% (135/421)        
2025-09-20T21:18:26.6422442Z remote: Counting objects:  33% (139/421)        
2025-09-20T21:18:26.6424427Z remote: Counting objects:  34% (144/421)        
2025-09-20T21:18:26.6426348Z remote: Counting objects:  35% (148/421)        
2025-09-20T21:18:26.6428188Z remote: Counting objects:  36% (152/421)        
2025-09-20T21:18:26.6429575Z remote: Counting objects:  37% (156/421)        
2025-09-20T21:18:26.6430722Z remote: Counting objects:  38% (160/421)        
2025-09-20T21:18:26.6432161Z remote: Counting objects:  39% (165/421)        
2025-09-20T21:18:26.6433272Z remote: Counting objects:  40% (169/421)        
2025-09-20T21:18:26.6434378Z remote: Counting objects:  41% (173/421)        
2025-09-20T21:18:26.6435469Z remote: Counting objects:  42% (177/421)        
2025-09-20T21:18:26.6436649Z remote: Counting objects:  43% (182/421)        
2025-09-20T21:18:26.6437738Z remote: Counting objects:  44% (186/421)        
2025-09-20T21:18:26.6439062Z remote: Counting objects:  45% (190/421)        
2025-09-20T21:18:26.6440177Z remote: Counting objects:  46% (194/421)        
2025-09-20T21:18:26.6441451Z remote: Counting objects:  47% (198/421)        
2025-09-20T21:18:26.6442551Z remote: Counting objects:  48% (203/421)        
2025-09-20T21:18:26.6444079Z remote: Counting objects:  49% (207/421)        
2025-09-20T21:18:26.6445176Z remote: Counting objects:  50% (211/421)        
2025-09-20T21:18:26.6446270Z remote: Counting objects:  51% (215/421)        
2025-09-20T21:18:26.6447581Z remote: Counting objects:  52% (219/421)        
2025-09-20T21:18:26.6448888Z remote: Counting objects:  53% (224/421)        
2025-09-20T21:18:26.6449988Z remote: Counting objects:  54% (228/421)        
2025-09-20T21:18:26.6451075Z remote: Counting objects:  55% (232/421)        
2025-09-20T21:18:26.6452165Z remote: Counting objects:  56% (236/421)        
2025-09-20T21:18:26.6453255Z remote: Counting objects:  57% (240/421)        
2025-09-20T21:18:26.6454350Z remote: Counting objects:  58% (245/421)        
2025-09-20T21:18:26.6455445Z remote: Counting objects:  59% (249/421)        
2025-09-20T21:18:26.6456522Z remote: Counting objects:  60% (253/421)        
2025-09-20T21:18:26.6457603Z remote: Counting objects:  61% (257/421)        
2025-09-20T21:18:26.6458863Z remote: Counting objects:  62% (262/421)        
2025-09-20T21:18:26.6459969Z remote: Counting objects:  63% (266/421)        
2025-09-20T21:18:26.6461096Z remote: Counting objects:  64% (270/421)        
2025-09-20T21:18:26.6462205Z remote: Counting objects:  65% (274/421)        
2025-09-20T21:18:26.6463296Z remote: Counting objects:  66% (278/421)        
2025-09-20T21:18:26.6464391Z remote: Counting objects:  67% (283/421)        
2025-09-20T21:18:26.6465466Z remote: Counting objects:  68% (287/421)        
2025-09-20T21:18:26.6466548Z remote: Counting objects:  69% (291/421)        
2025-09-20T21:18:26.6467623Z remote: Counting objects:  70% (295/421)        
2025-09-20T21:18:26.6468877Z remote: Counting objects:  71% (299/421)        
2025-09-20T21:18:26.6469961Z remote: Counting objects:  72% (304/421)        
2025-09-20T21:18:26.6471048Z remote: Counting objects:  73% (308/421)        
2025-09-20T21:18:26.6472230Z remote: Counting objects:  74% (312/421)        
2025-09-20T21:18:26.6473311Z remote: Counting objects:  75% (316/421)        
2025-09-20T21:18:26.6474563Z remote: Counting objects:  76% (320/421)        
2025-09-20T21:18:26.6475641Z remote: Counting objects:  77% (325/421)        
2025-09-20T21:18:26.6477196Z remote: Counting objects:  78% (329/421)        
2025-09-20T21:18:26.6478291Z remote: Counting objects:  79% (333/421)        
2025-09-20T21:18:26.6479588Z remote: Counting objects:  80% (337/421)        
2025-09-20T21:18:26.6480677Z remote: Counting objects:  81% (342/421)        
2025-09-20T21:18:26.6481742Z remote: Counting objects:  82% (346/421)        
2025-09-20T21:18:26.6482828Z remote: Counting objects:  83% (350/421)        
2025-09-20T21:18:26.6483897Z remote: Counting objects:  84% (354/421)        
2025-09-20T21:18:26.6484986Z remote: Counting objects:  85% (358/421)        
2025-09-20T21:18:26.6486053Z remote: Counting objects:  86% (363/421)        
2025-09-20T21:18:26.6487136Z remote: Counting objects:  87% (367/421)        
2025-09-20T21:18:26.6488221Z remote: Counting objects:  88% (371/421)        
2025-09-20T21:18:26.6489453Z remote: Counting objects:  89% (375/421)        
2025-09-20T21:18:26.6490561Z remote: Counting objects:  90% (379/421)        
2025-09-20T21:18:26.6491664Z remote: Counting objects:  91% (384/421)        
2025-09-20T21:18:26.6492980Z remote: Counting objects:  92% (388/421)        
2025-09-20T21:18:26.6494097Z remote: Counting objects:  93% (392/421)        
2025-09-20T21:18:26.6495206Z remote: Counting objects:  94% (396/421)        
2025-09-20T21:18:26.6496307Z remote: Counting objects:  95% (400/421)        
2025-09-20T21:18:26.6497402Z remote: Counting objects:  96% (405/421)        
2025-09-20T21:18:26.6498503Z remote: Counting objects:  97% (409/421)        
2025-09-20T21:18:26.6499707Z remote: Counting objects:  98% (413/421)        
2025-09-20T21:18:26.6500798Z remote: Counting objects:  99% (417/421)        
2025-09-20T21:18:26.6502045Z remote: Counting objects: 100% (421/421)        
2025-09-20T21:18:26.6503645Z remote: Counting objects: 100% (421/421), done.        
2025-09-20T21:18:26.6505370Z remote: Compressing objects:   0% (1/377)        
2025-09-20T21:18:26.6506528Z remote: Compressing objects:   1% (4/377)        
2025-09-20T21:18:26.6507859Z remote: Compressing objects:   2% (8/377)        
2025-09-20T21:18:26.6509122Z remote: Compressing objects:   3% (12/377)        
2025-09-20T21:18:26.6510269Z remote: Compressing objects:   4% (16/377)        
2025-09-20T21:18:26.6511438Z remote: Compressing objects:   5% (19/377)        
2025-09-20T21:18:26.6512564Z remote: Compressing objects:   6% (23/377)        
2025-09-20T21:18:26.6513692Z remote: Compressing objects:   7% (27/377)        
2025-09-20T21:18:26.6514826Z remote: Compressing objects:   8% (31/377)        
2025-09-20T21:18:26.6515953Z remote: Compressing objects:   9% (34/377)        
2025-09-20T21:18:26.6517146Z remote: Compressing objects:  10% (38/377)        
2025-09-20T21:18:26.6518440Z remote: Compressing objects:  11% (42/377)        
2025-09-20T21:18:26.6520016Z remote: Compressing objects:  12% (46/377)        
2025-09-20T21:18:26.6521491Z remote: Compressing objects:  13% (50/377)        
2025-09-20T21:18:26.6522662Z remote: Compressing objects:  14% (53/377)        
2025-09-20T21:18:26.6527175Z remote: Compressing objects:  15% (57/377)        
2025-09-20T21:18:26.6537721Z remote: Compressing objects:  16% (61/377)        
2025-09-20T21:18:26.6546485Z remote: Compressing objects:  17% (65/377)        
2025-09-20T21:18:26.6575064Z remote: Compressing objects:  18% (68/377)        
2025-09-20T21:18:26.6607992Z remote: Compressing objects:  19% (72/377)        
2025-09-20T21:18:26.6640157Z remote: Compressing objects:  20% (76/377)        
2025-09-20T21:18:26.6657986Z remote: Compressing objects:  21% (80/377)        
2025-09-20T21:18:26.6678349Z remote: Compressing objects:  22% (83/377)        
2025-09-20T21:18:26.6696019Z remote: Compressing objects:  23% (87/377)        
2025-09-20T21:18:26.6715602Z remote: Compressing objects:  24% (91/377)        
2025-09-20T21:18:26.6730401Z remote: Compressing objects:  25% (95/377)        
2025-09-20T21:18:26.6748724Z remote: Compressing objects:  26% (99/377)        
2025-09-20T21:18:26.6763012Z remote: Compressing objects:  27% (102/377)        
2025-09-20T21:18:26.6769738Z remote: Compressing objects:  28% (106/377)        
2025-09-20T21:18:26.6790505Z remote: Compressing objects:  29% (110/377)        
2025-09-20T21:18:26.6793140Z remote: Compressing objects:  30% (114/377)        
2025-09-20T21:18:26.6819005Z remote: Compressing objects:  31% (117/377)        
2025-09-20T21:18:26.6840729Z remote: Compressing objects:  32% (121/377)        
2025-09-20T21:18:26.6865690Z remote: Compressing objects:  33% (125/377)        
2025-09-20T21:18:26.6879341Z remote: Compressing objects:  34% (129/377)        
2025-09-20T21:18:26.6921625Z remote: Compressing objects:  35% (132/377)        
2025-09-20T21:18:26.6967484Z remote: Compressing objects:  36% (136/377)        
2025-09-20T21:18:26.6976001Z remote: Compressing objects:  37% (140/377)        
2025-09-20T21:18:26.6991905Z remote: Compressing objects:  38% (144/377)        
2025-09-20T21:18:26.7003837Z remote: Compressing objects:  39% (148/377)        
2025-09-20T21:18:26.7024399Z remote: Compressing objects:  40% (151/377)        
2025-09-20T21:18:26.7038898Z remote: Compressing objects:  41% (155/377)        
2025-09-20T21:18:26.7049905Z remote: Compressing objects:  42% (159/377)        
2025-09-20T21:18:26.7053489Z remote: Compressing objects:  43% (163/377)        
2025-09-20T21:18:26.7062414Z remote: Compressing objects:  44% (166/377)        
2025-09-20T21:18:26.7073036Z remote: Compressing objects:  45% (170/377)        
2025-09-20T21:18:26.7090788Z remote: Compressing objects:  46% (174/377)        
2025-09-20T21:18:26.7099722Z remote: Compressing objects:  47% (178/377)        
2025-09-20T21:18:26.7112500Z remote: Compressing objects:  48% (181/377)        
2025-09-20T21:18:26.7122784Z remote: Compressing objects:  49% (185/377)        
2025-09-20T21:18:26.7135520Z remote: Compressing objects:  50% (189/377)        
2025-09-20T21:18:26.7144802Z remote: Compressing objects:  51% (193/377)        
2025-09-20T21:18:26.7146568Z remote: Compressing objects:  52% (197/377)        
2025-09-20T21:18:26.7148196Z remote: Compressing objects:  53% (200/377)        
2025-09-20T21:18:26.7152117Z remote: Compressing objects:  54% (204/377)        
2025-09-20T21:18:26.7155877Z remote: Compressing objects:  55% (208/377)        
2025-09-20T21:18:26.7160233Z remote: Compressing objects:  56% (212/377)        
2025-09-20T21:18:26.7169601Z remote: Compressing objects:  57% (215/377)        
2025-09-20T21:18:26.7182768Z remote: Compressing objects:  58% (219/377)        
2025-09-20T21:18:26.7186349Z remote: Compressing objects:  59% (223/377)        
2025-09-20T21:18:26.7196798Z remote: Compressing objects:  60% (227/377)        
2025-09-20T21:18:26.7203133Z remote: Compressing objects:  61% (230/377)        
2025-09-20T21:18:26.7231476Z remote: Compressing objects:  62% (234/377)        
2025-09-20T21:18:26.7242726Z remote: Compressing objects:  63% (238/377)        
2025-09-20T21:18:26.7244267Z remote: Compressing objects:  64% (242/377)        
2025-09-20T21:18:26.7270667Z remote: Compressing objects:  65% (246/377)        
2025-09-20T21:18:26.7273161Z remote: Compressing objects:  66% (249/377)        
2025-09-20T21:18:26.7282171Z remote: Compressing objects:  67% (253/377)        
2025-09-20T21:18:26.7289248Z remote: Compressing objects:  68% (257/377)        
2025-09-20T21:18:26.7291563Z remote: Compressing objects:  69% (261/377)        
2025-09-20T21:18:26.7293890Z remote: Compressing objects:  70% (264/377)        
2025-09-20T21:18:26.7308525Z remote: Compressing objects:  71% (268/377)        
2025-09-20T21:18:26.7310040Z remote: Compressing objects:  72% (272/377)        
2025-09-20T21:18:26.7311394Z remote: Compressing objects:  73% (276/377)        
2025-09-20T21:18:26.7313136Z remote: Compressing objects:  74% (279/377)        
2025-09-20T21:18:26.7314297Z remote: Compressing objects:  75% (283/377)        
2025-09-20T21:18:26.7315418Z remote: Compressing objects:  76% (287/377)        
2025-09-20T21:18:26.7316542Z remote: Compressing objects:  77% (291/377)        
2025-09-20T21:18:26.7318352Z remote: Compressing objects:  78% (295/377)        
2025-09-20T21:18:26.7320169Z remote: Compressing objects:  79% (298/377)        
2025-09-20T21:18:26.7322066Z remote: Compressing objects:  80% (302/377)        
2025-09-20T21:18:26.7323991Z remote: Compressing objects:  81% (306/377)        
2025-09-20T21:18:26.7325766Z remote: Compressing objects:  82% (310/377)        
2025-09-20T21:18:26.7327171Z remote: Compressing objects:  83% (313/377)        
2025-09-20T21:18:26.7328361Z remote: Compressing objects:  84% (317/377)        
2025-09-20T21:18:26.7329796Z remote: Compressing objects:  85% (321/377)        
2025-09-20T21:18:26.7330940Z remote: Compressing objects:  86% (325/377)        
2025-09-20T21:18:26.7332834Z remote: Compressing objects:  87% (328/377)        
2025-09-20T21:18:26.7334652Z remote: Compressing objects:  88% (332/377)        
2025-09-20T21:18:26.7336239Z remote: Compressing objects:  89% (336/377)        
2025-09-20T21:18:26.7338131Z remote: Compressing objects:  90% (340/377)        
2025-09-20T21:18:26.7339663Z remote: Compressing objects:  91% (344/377)        
2025-09-20T21:18:26.7341215Z remote: Compressing objects:  92% (347/377)        
2025-09-20T21:18:26.7342377Z remote: Compressing objects:  93% (351/377)        
2025-09-20T21:18:26.7343501Z remote: Compressing objects:  94% (355/377)        
2025-09-20T21:18:26.7345215Z remote: Compressing objects:  95% (359/377)        
2025-09-20T21:18:26.7346363Z remote: Compressing objects:  96% (362/377)        
2025-09-20T21:18:26.7347482Z remote: Compressing objects:  97% (366/377)        
2025-09-20T21:18:26.7348866Z remote: Compressing objects:  98% (370/377)        
2025-09-20T21:18:26.7350054Z remote: Compressing objects:  99% (374/377)        
2025-09-20T21:18:26.7351165Z remote: Compressing objects: 100% (377/377)        
2025-09-20T21:18:26.7352366Z remote: Compressing objects: 100% (377/377), done.        
2025-09-20T21:18:26.7372823Z Receiving objects:   0% (1/421)
2025-09-20T21:18:26.7374307Z Receiving objects:   1% (5/421)
2025-09-20T21:18:26.7376067Z Receiving objects:   2% (9/421)
2025-09-20T21:18:26.7377341Z Receiving objects:   3% (13/421)
2025-09-20T21:18:26.7378501Z Receiving objects:   4% (17/421)
2025-09-20T21:18:26.7380035Z Receiving objects:   5% (22/421)
2025-09-20T21:18:26.7383444Z Receiving objects:   6% (26/421)
2025-09-20T21:18:26.7672130Z Receiving objects:   7% (30/421)
2025-09-20T21:18:26.7685268Z Receiving objects:   8% (34/421)
2025-09-20T21:18:26.7689077Z Receiving objects:   9% (38/421)
2025-09-20T21:18:26.7690716Z Receiving objects:  10% (43/421)
2025-09-20T21:18:26.7692290Z Receiving objects:  11% (47/421)
2025-09-20T21:18:26.7693899Z Receiving objects:  12% (51/421)
2025-09-20T21:18:26.7695776Z Receiving objects:  13% (55/421)
2025-09-20T21:18:26.7697884Z Receiving objects:  14% (59/421)
2025-09-20T21:18:26.7699717Z Receiving objects:  15% (64/421)
2025-09-20T21:18:26.7701430Z Receiving objects:  16% (68/421)
2025-09-20T21:18:26.7703037Z Receiving objects:  17% (72/421)
2025-09-20T21:18:26.7704698Z Receiving objects:  18% (76/421)
2025-09-20T21:18:26.7706298Z Receiving objects:  19% (80/421)
2025-09-20T21:18:26.7707949Z Receiving objects:  20% (85/421)
2025-09-20T21:18:26.7709750Z Receiving objects:  21% (89/421)
2025-09-20T21:18:26.7715902Z Receiving objects:  22% (93/421)
2025-09-20T21:18:26.7725285Z Receiving objects:  23% (97/421)
2025-09-20T21:18:26.7732377Z Receiving objects:  24% (102/421)
2025-09-20T21:18:26.7760948Z Receiving objects:  25% (106/421)
2025-09-20T21:18:26.7766667Z Receiving objects:  26% (110/421)
2025-09-20T21:18:26.7768281Z Receiving objects:  27% (114/421)
2025-09-20T21:18:26.7770067Z Receiving objects:  28% (118/421)
2025-09-20T21:18:26.7771707Z Receiving objects:  29% (123/421)
2025-09-20T21:18:26.7773341Z Receiving objects:  30% (127/421)
2025-09-20T21:18:26.7774916Z Receiving objects:  31% (131/421)
2025-09-20T21:18:26.7782982Z Receiving objects:  32% (135/421)
2025-09-20T21:18:26.7816883Z Receiving objects:  33% (139/421)
2025-09-20T21:18:26.7820843Z Receiving objects:  34% (144/421)
2025-09-20T21:18:26.7822013Z Receiving objects:  35% (148/421)
2025-09-20T21:18:26.7826031Z Receiving objects:  36% (152/421)
2025-09-20T21:18:26.7827544Z Receiving objects:  37% (156/421)
2025-09-20T21:18:26.7829295Z Receiving objects:  38% (160/421)
2025-09-20T21:18:26.7832420Z Receiving objects:  39% (165/421)
2025-09-20T21:18:26.7838112Z Receiving objects:  40% (169/421)
2025-09-20T21:18:26.7843959Z Receiving objects:  41% (173/421)
2025-09-20T21:18:26.7852072Z Receiving objects:  42% (177/421)
2025-09-20T21:18:26.7856253Z Receiving objects:  43% (182/421)
2025-09-20T21:18:26.7860777Z Receiving objects:  44% (186/421)
2025-09-20T21:18:26.7867319Z Receiving objects:  45% (190/421)
2025-09-20T21:18:26.7870685Z Receiving objects:  46% (194/421)
2025-09-20T21:18:26.7875238Z Receiving objects:  47% (198/421)
2025-09-20T21:18:26.7879166Z Receiving objects:  48% (203/421)
2025-09-20T21:18:26.7892245Z Receiving objects:  49% (207/421)
2025-09-20T21:18:26.7903355Z Receiving objects:  50% (211/421)
2025-09-20T21:18:26.7904935Z Receiving objects:  51% (215/421)
2025-09-20T21:18:26.7906800Z Receiving objects:  52% (219/421)
2025-09-20T21:18:26.7909386Z Receiving objects:  53% (224/421)
2025-09-20T21:18:26.7911021Z Receiving objects:  54% (228/421)
2025-09-20T21:18:26.7912630Z Receiving objects:  55% (232/421)
2025-09-20T21:18:26.7919405Z Receiving objects:  56% (236/421)
2025-09-20T21:18:26.7922866Z Receiving objects:  57% (240/421)
2025-09-20T21:18:26.7928273Z Receiving objects:  58% (245/421)
2025-09-20T21:18:26.7931864Z Receiving objects:  59% (249/421)
2025-09-20T21:18:26.7933503Z Receiving objects:  60% (253/421)
2025-09-20T21:18:26.7941649Z Receiving objects:  61% (257/421)
2025-09-20T21:18:26.7944483Z Receiving objects:  62% (262/421)
2025-09-20T21:18:26.7946068Z Receiving objects:  63% (266/421)
2025-09-20T21:18:26.7947669Z Receiving objects:  64% (270/421)
2025-09-20T21:18:26.7949395Z Receiving objects:  65% (274/421)
2025-09-20T21:18:26.7950980Z Receiving objects:  66% (278/421)
2025-09-20T21:18:26.7952807Z Receiving objects:  67% (283/421)
2025-09-20T21:18:26.7957385Z Receiving objects:  68% (287/421)
2025-09-20T21:18:26.7963223Z Receiving objects:  69% (291/421)
2025-09-20T21:18:26.7966508Z Receiving objects:  70% (295/421)
2025-09-20T21:18:26.7969069Z Receiving objects:  71% (299/421)
2025-09-20T21:18:26.7972722Z Receiving objects:  72% (304/421)
2025-09-20T21:18:26.7974375Z Receiving objects:  73% (308/421)
2025-09-20T21:18:26.7979531Z Receiving objects:  74% (312/421)
2025-09-20T21:18:26.7981274Z Receiving objects:  75% (316/421)
2025-09-20T21:18:26.7987100Z Receiving objects:  76% (320/421)
2025-09-20T21:18:26.7989372Z Receiving objects:  77% (325/421)
2025-09-20T21:18:26.7993661Z Receiving objects:  78% (329/421)
2025-09-20T21:18:26.7999317Z Receiving objects:  79% (333/421)
2025-09-20T21:18:26.8007713Z Receiving objects:  80% (337/421)
2025-09-20T21:18:26.8009467Z Receiving objects:  81% (342/421)
2025-09-20T21:18:26.8011018Z Receiving objects:  82% (346/421)
2025-09-20T21:18:26.8012377Z Receiving objects:  83% (350/421)
2025-09-20T21:18:26.8013444Z Receiving objects:  84% (354/421)
2025-09-20T21:18:26.8014928Z Receiving objects:  85% (358/421)
2025-09-20T21:18:26.8016189Z Receiving objects:  86% (363/421)
2025-09-20T21:18:26.8017466Z Receiving objects:  87% (367/421)
2025-09-20T21:18:26.8018389Z Receiving objects:  88% (371/421)
2025-09-20T21:18:26.8019972Z Receiving objects:  89% (375/421)
2025-09-20T21:18:26.8021168Z Receiving objects:  90% (379/421)
2025-09-20T21:18:26.8024180Z Receiving objects:  91% (384/421)
2025-09-20T21:18:26.8027332Z Receiving objects:  92% (388/421)
2025-09-20T21:18:26.8029788Z Receiving objects:  93% (392/421)
2025-09-20T21:18:26.8031887Z Receiving objects:  94% (396/421)
2025-09-20T21:18:26.8035313Z Receiving objects:  95% (400/421)
2025-09-20T21:18:26.8041484Z Receiving objects:  96% (405/421)
2025-09-20T21:18:26.8043122Z Receiving objects:  97% (409/421)
2025-09-20T21:18:26.8299068Z Receiving objects:  98% (413/421)
2025-09-20T21:18:26.8301509Z remote: Total 421 (delta 39), reused 203 (delta 16), pack-reused 0 (from 0)        
2025-09-20T21:18:26.8313218Z Receiving objects:  99% (417/421)
2025-09-20T21:18:26.8314765Z Receiving objects: 100% (421/421)
2025-09-20T21:18:26.8316630Z Receiving objects: 100% (421/421), 2.56 MiB | 27.06 MiB/s, done.
2025-09-20T21:18:26.8318032Z Resolving deltas:   0% (0/39)
2025-09-20T21:18:26.8319914Z Resolving deltas:   2% (1/39)
2025-09-20T21:18:26.8321466Z Resolving deltas:   5% (2/39)
2025-09-20T21:18:26.8322959Z Resolving deltas:   7% (3/39)
2025-09-20T21:18:26.8324435Z Resolving deltas:  10% (4/39)
2025-09-20T21:18:26.8325927Z Resolving deltas:  12% (5/39)
2025-09-20T21:18:26.8327375Z Resolving deltas:  15% (6/39)
2025-09-20T21:18:26.8329021Z Resolving deltas:  17% (7/39)
2025-09-20T21:18:26.8330500Z Resolving deltas:  20% (8/39)
2025-09-20T21:18:26.8331984Z Resolving deltas:  23% (9/39)
2025-09-20T21:18:26.8333487Z Resolving deltas:  25% (10/39)
2025-09-20T21:18:26.8335009Z Resolving deltas:  30% (12/39)
2025-09-20T21:18:26.8336174Z Resolving deltas:  33% (13/39)
2025-09-20T21:18:26.8337449Z Resolving deltas:  35% (14/39)
2025-09-20T21:18:26.8338998Z Resolving deltas:  38% (15/39)
2025-09-20T21:18:26.8339981Z Resolving deltas:  41% (16/39)
2025-09-20T21:18:26.8340893Z Resolving deltas:  43% (17/39)
2025-09-20T21:18:26.8341856Z Resolving deltas:  46% (18/39)
2025-09-20T21:18:26.8342741Z Resolving deltas:  48% (19/39)
2025-09-20T21:18:26.8343645Z Resolving deltas:  51% (20/39)
2025-09-20T21:18:26.8344515Z Resolving deltas:  53% (21/39)
2025-09-20T21:18:26.8345376Z Resolving deltas:  56% (22/39)
2025-09-20T21:18:26.8346252Z Resolving deltas:  58% (23/39)
2025-09-20T21:18:26.8347124Z Resolving deltas:  61% (24/39)
2025-09-20T21:18:26.8348234Z Resolving deltas:  64% (25/39)
2025-09-20T21:18:26.8349414Z Resolving deltas:  66% (26/39)
2025-09-20T21:18:26.8350288Z Resolving deltas:  69% (27/39)
2025-09-20T21:18:26.8351152Z Resolving deltas:  71% (28/39)
2025-09-20T21:18:26.8352007Z Resolving deltas:  74% (29/39)
2025-09-20T21:18:26.8353132Z Resolving deltas:  76% (30/39)
2025-09-20T21:18:26.8353980Z Resolving deltas:  79% (31/39)
2025-09-20T21:18:26.8354847Z Resolving deltas:  82% (32/39)
2025-09-20T21:18:26.8355704Z Resolving deltas:  84% (33/39)
2025-09-20T21:18:26.8356562Z Resolving deltas:  87% (34/39)
2025-09-20T21:18:26.8357416Z Resolving deltas:  92% (36/39)
2025-09-20T21:18:26.8358268Z Resolving deltas:  94% (37/39)
2025-09-20T21:18:26.8359374Z Resolving deltas:  97% (38/39)
2025-09-20T21:18:26.8360236Z Resolving deltas: 100% (39/39)
2025-09-20T21:18:26.8361103Z Resolving deltas: 100% (39/39), done.
2025-09-20T21:18:26.8477950Z From https://github.com/Avarok-Cybersecurity/Citadel-Protocol
2025-09-20T21:18:26.8479754Z  * [new ref]         7edf0bb75f061919add02f6d6a82672c0b2e9654 -> pull/236/merge
2025-09-20T21:18:26.8513730Z ##[endgroup]
2025-09-20T21:18:26.8515262Z ##[group]Determining the checkout info
2025-09-20T21:18:26.8516685Z ##[endgroup]
2025-09-20T21:18:26.8517853Z ##[group]Checking out the ref
2025-09-20T21:18:26.8519623Z [command]/usr/bin/git checkout --progress --force refs/remotes/pull/236/merge
2025-09-20T21:18:28.5084690Z Updating files:  98% (327/332)
2025-09-20T21:18:28.5092617Z Updating files:  99% (329/332)
2025-09-20T21:18:28.5093251Z Updating files: 100% (332/332)
2025-09-20T21:18:28.5093662Z Updating files: 100% (332/332), done.
2025-09-20T21:18:28.5102697Z Note: switching to 'refs/remotes/pull/236/merge'.
2025-09-20T21:18:28.5103238Z 
2025-09-20T21:18:28.5103590Z You are in 'detached HEAD' state. You can look around, make experimental
2025-09-20T21:18:28.5104388Z changes and commit them, and you can discard any commits you make in this
2025-09-20T21:18:28.5105226Z state without impacting any branches by switching back to a branch.
2025-09-20T21:18:28.5105698Z 
2025-09-20T21:18:28.5105983Z If you want to create a new branch to retain commits you create, you may
2025-09-20T21:18:28.5106672Z do so (now or later) by using -c with the switch command. Example:
2025-09-20T21:18:28.5107079Z 
2025-09-20T21:18:28.5107257Z   git switch -c <new-branch-name>
2025-09-20T21:18:28.5107554Z 
2025-09-20T21:18:28.5107766Z Or undo this operation with:
2025-09-20T21:18:28.5108020Z 
2025-09-20T21:18:28.5108137Z   git switch -
2025-09-20T21:18:28.5108340Z 
2025-09-20T21:18:28.5108875Z Turn off this advice by setting config variable advice.detachedHead to false
2025-09-20T21:18:28.5109369Z 
2025-09-20T21:18:28.5109932Z HEAD is now at 7edf0bb Merge 8a89b2152348ab91c1a5bd335ccb554a7eae26c5 into 2b40ca3c28904a155dd62f453494820feec744f0
2025-09-20T21:18:28.5431175Z ##[endgroup]
2025-09-20T21:18:28.5469831Z [command]/usr/bin/git log -1 --format='%H'
2025-09-20T21:18:28.5492705Z '7edf0bb75f061919add02f6d6a82672c0b2e9654'
2025-09-20T21:18:28.5772015Z ##[group]Run dtolnay/rust-toolchain@stable
2025-09-20T21:18:28.5772287Z with:
2025-09-20T21:18:28.5772458Z   toolchain: stable
2025-09-20T21:18:28.5772626Z env:
2025-09-20T21:18:28.5772829Z   CARGO_TERM_COLOR: always
2025-09-20T21:18:28.5773046Z   RUST_BACKTRACE: full
2025-09-20T21:18:28.5773252Z   RUST_MIN_STACK: 40971520
2025-09-20T21:18:28.5773448Z   RUST_LOG: citadel=warn
2025-09-20T21:18:28.5773814Z   IN_CI: true
2025-09-20T21:18:28.5773997Z ##[endgroup]
2025-09-20T21:18:28.5835595Z ##[group]Run : parse toolchain version
2025-09-20T21:18:28.5835959Z [36;1m: parse toolchain version[0m
2025-09-20T21:18:28.5836279Z [36;1mif [[ -z $toolchain ]]; then[0m
2025-09-20T21:18:28.5836750Z [36;1m  # GitHub does not enforce `required: true` inputs itself. https://github.com/actions/runner/issues/1070[0m
2025-09-20T21:18:28.5837224Z [36;1m  echo "'toolchain' is a required input" >&2[0m
2025-09-20T21:18:28.5837478Z [36;1m  exit 1[0m
2025-09-20T21:18:28.5837886Z [36;1melif [[ $toolchain =~ ^stable' '[0-9]+' '(year|month|week|day)s?' 'ago$ ]]; then[0m
2025-09-20T21:18:28.5838234Z [36;1m  if [[ Linux == macOS ]]; then[0m
2025-09-20T21:18:28.5838822Z [36;1m    echo "toolchain=1.$((($(date -v-$(sed 's/stable \([0-9]*\) \(.\).*/\1\2/' <<< $toolchain) +%s)/60/60/24-16569)/7/6))" >> $GITHUB_OUTPUT[0m
2025-09-20T21:18:28.5839472Z [36;1m  else[0m
2025-09-20T21:18:28.5839821Z [36;1m    echo "toolchain=1.$((($(date --date "${toolchain#stable }" +%s)/60/60/24-16569)/7/6))" >> $GITHUB_OUTPUT[0m
2025-09-20T21:18:28.5840211Z [36;1m  fi[0m
2025-09-20T21:18:28.5840464Z [36;1melif [[ $toolchain =~ ^stable' 'minus' '[0-9]+' 'releases?$ ]]; then[0m
2025-09-20T21:18:28.5840921Z [36;1m  echo "toolchain=1.$((($(date +%s)/60/60/24-16569)/7/6-${toolchain//[^0-9]/}))" >> $GITHUB_OUTPUT[0m
2025-09-20T21:18:28.5841315Z [36;1melif [[ $toolchain =~ ^1\.[0-9]+$ ]]; then[0m
2025-09-20T21:18:28.5841743Z [36;1m  echo "toolchain=1.$((i=${toolchain#1.}, c=($(date +%s)/60/60/24-16569)/7/6, i+9*i*(10*i<=c)+90*i*(100*i<=c)))" >> $GITHUB_OUTPUT[0m
2025-09-20T21:18:28.5842149Z [36;1melse[0m
2025-09-20T21:18:28.5842355Z [36;1m  echo "toolchain=$toolchain" >> $GITHUB_OUTPUT[0m
2025-09-20T21:18:28.5842611Z [36;1mfi[0m
2025-09-20T21:18:28.5902154Z shell: /usr/bin/bash --noprofile --norc -e -o pipefail {0}
2025-09-20T21:18:28.5902488Z env:
2025-09-20T21:18:28.5902667Z   CARGO_TERM_COLOR: always
2025-09-20T21:18:28.5902882Z   RUST_BACKTRACE: full
2025-09-20T21:18:28.5903073Z   RUST_MIN_STACK: 40971520
2025-09-20T21:18:28.5903278Z   RUST_LOG: citadel=warn
2025-09-20T21:18:28.5903464Z   IN_CI: true
2025-09-20T21:18:28.5903632Z   toolchain: stable
2025-09-20T21:18:28.5903807Z ##[endgroup]
2025-09-20T21:18:28.6041881Z ##[group]Run : construct rustup command line
2025-09-20T21:18:28.6042221Z [36;1m: construct rustup command line[0m
2025-09-20T21:18:28.6042612Z [36;1mecho "targets=$(for t in ${targets//,/ }; do echo -n ' --target' $t; done)" >> $GITHUB_OUTPUT[0m
2025-09-20T21:18:28.6043149Z [36;1mecho "components=$(for c in ${components//,/ }; do echo -n ' --component' $c; done)" >> $GITHUB_OUTPUT[0m
2025-09-20T21:18:28.6043577Z [36;1mecho "downgrade=" >> $GITHUB_OUTPUT[0m
2025-09-20T21:18:28.6073529Z shell: /usr/bin/bash --noprofile --norc -e -o pipefail {0}
2025-09-20T21:18:28.6073865Z env:
2025-09-20T21:18:28.6074041Z   CARGO_TERM_COLOR: always
2025-09-20T21:18:28.6074256Z   RUST_BACKTRACE: full
2025-09-20T21:18:28.6074457Z   RUST_MIN_STACK: 40971520
2025-09-20T21:18:28.6074646Z   RUST_LOG: citadel=warn
2025-09-20T21:18:28.6074845Z   IN_CI: true
2025-09-20T21:18:28.6075005Z   targets: 
2025-09-20T21:18:28.6075168Z   components: 
2025-09-20T21:18:28.6075337Z ##[endgroup]
2025-09-20T21:18:28.6187706Z ##[group]Run : set $CARGO_HOME
2025-09-20T21:18:28.6187980Z [36;1m: set $CARGO_HOME[0m
2025-09-20T21:18:28.6188268Z [36;1mecho CARGO_HOME=${CARGO_HOME:-"$HOME/.cargo"} >> $GITHUB_ENV[0m
2025-09-20T21:18:28.6218272Z shell: /usr/bin/bash --noprofile --norc -e -o pipefail {0}
2025-09-20T21:18:28.6218877Z env:
2025-09-20T21:18:28.6219064Z   CARGO_TERM_COLOR: always
2025-09-20T21:18:28.6219272Z   RUST_BACKTRACE: full
2025-09-20T21:18:28.6219464Z   RUST_MIN_STACK: 40971520
2025-09-20T21:18:28.6219655Z   RUST_LOG: citadel=warn
2025-09-20T21:18:28.6219843Z   IN_CI: true
2025-09-20T21:18:28.6220006Z ##[endgroup]
2025-09-20T21:18:28.6301077Z ##[group]Run : install rustup if needed
2025-09-20T21:18:28.6301372Z [36;1m: install rustup if needed[0m
2025-09-20T21:18:28.6301788Z [36;1mif ! command -v rustup &>/dev/null; then[0m
2025-09-20T21:18:28.6302485Z [36;1m  curl --proto '=https' --tlsv1.2 --retry 10 --retry-connrefused --location --silent --show-error --fail https://sh.rustup.rs | sh -s -- --default-toolchain none -y[0m
2025-09-20T21:18:28.6303138Z [36;1m  echo "$CARGO_HOME/bin" >> $GITHUB_PATH[0m
2025-09-20T21:18:28.6303391Z [36;1mfi[0m
2025-09-20T21:18:28.6330968Z shell: /usr/bin/bash --noprofile --norc -e -o pipefail {0}
2025-09-20T21:18:28.6331283Z env:
2025-09-20T21:18:28.6331456Z   CARGO_TERM_COLOR: always
2025-09-20T21:18:28.6331659Z   RUST_BACKTRACE: full
2025-09-20T21:18:28.6331852Z   RUST_MIN_STACK: 40971520
2025-09-20T21:18:28.6332044Z   RUST_LOG: citadel=warn
2025-09-20T21:18:28.6332233Z   IN_CI: true
2025-09-20T21:18:28.6332415Z   CARGO_HOME: /home/runner/.cargo
2025-09-20T21:18:28.6332635Z ##[endgroup]
2025-09-20T21:18:28.6411329Z ##[group]Run rustup toolchain install stable --profile minimal --no-self-update
2025-09-20T21:18:28.6411840Z [36;1mrustup toolchain install stable --profile minimal --no-self-update[0m
2025-09-20T21:18:28.6439408Z shell: /usr/bin/bash --noprofile --norc -e -o pipefail {0}
2025-09-20T21:18:28.6439720Z env:
2025-09-20T21:18:28.6439893Z   CARGO_TERM_COLOR: always
2025-09-20T21:18:28.6440109Z   RUST_BACKTRACE: full
2025-09-20T21:18:28.6440310Z   RUST_MIN_STACK: 40971520
2025-09-20T21:18:28.6440505Z   RUST_LOG: citadel=warn
2025-09-20T21:18:28.6440696Z   IN_CI: true
2025-09-20T21:18:28.6440876Z   CARGO_HOME: /home/runner/.cargo
2025-09-20T21:18:28.6441095Z ##[endgroup]
2025-09-20T21:18:32.9033208Z info: syncing channel updates for 'stable-x86_64-unknown-linux-gnu'
2025-09-20T21:18:33.3201933Z info: latest update on 2025-09-18, rust version 1.90.0 (1159e78c4 2025-09-14)
2025-09-20T21:18:33.3599185Z info: downloading component 'clippy'
2025-09-20T21:18:33.4120018Z info: downloading component 'rustfmt'
2025-09-20T21:18:33.4326264Z info: downloading component 'cargo'
2025-09-20T21:18:33.4864338Z info: downloading component 'rust-std'
2025-09-20T21:18:33.6115557Z info: downloading component 'rustc'
2025-09-20T21:18:34.0257635Z info: removing previous version of component 'clippy'
2025-09-20T21:18:34.0483182Z info: removing previous version of component 'rustfmt'
2025-09-20T21:18:34.0583930Z info: removing previous version of component 'cargo'
2025-09-20T21:18:34.1003979Z info: removing previous version of component 'rust-std'
2025-09-20T21:18:34.1196902Z info: removing previous version of component 'rustc'
2025-09-20T21:18:34.1575769Z info: installing component 'clippy'
2025-09-20T21:18:34.5338381Z info: installing component 'rustfmt'
2025-09-20T21:18:34.7711546Z info: installing component 'cargo'
2025-09-20T21:18:35.4993854Z info: installing component 'rust-std'
2025-09-20T21:18:37.3741839Z info: installing component 'rustc'
2025-09-20T21:18:42.3116954Z 
2025-09-20T21:18:42.3211805Z   stable-x86_64-unknown-linux-gnu updated - rustc 1.90.0 (1159e78c4 2025-09-14) (from rustc 1.89.0 (29483883e 2025-08-04))
2025-09-20T21:18:42.3212466Z 
2025-09-20T21:18:42.3265363Z ##[group]Run rustup default stable
2025-09-20T21:18:42.3265631Z [36;1mrustup default stable[0m
2025-09-20T21:18:42.3295658Z shell: /usr/bin/bash --noprofile --norc -e -o pipefail {0}
2025-09-20T21:18:42.3295966Z env:
2025-09-20T21:18:42.3296136Z   CARGO_TERM_COLOR: always
2025-09-20T21:18:42.3296349Z   RUST_BACKTRACE: full
2025-09-20T21:18:42.3296542Z   RUST_MIN_STACK: 40971520
2025-09-20T21:18:42.3296732Z   RUST_LOG: citadel=warn
2025-09-20T21:18:42.3296923Z   IN_CI: true
2025-09-20T21:18:42.3297101Z   CARGO_HOME: /home/runner/.cargo
2025-09-20T21:18:42.3297322Z ##[endgroup]
2025-09-20T21:18:42.3397072Z info: using existing install for 'stable-x86_64-unknown-linux-gnu'
2025-09-20T21:18:42.3730568Z info: default toolchain set to 'stable-x86_64-unknown-linux-gnu'
2025-09-20T21:18:42.3731037Z 
2025-09-20T21:18:42.3822427Z   stable-x86_64-unknown-linux-gnu unchanged - rustc 1.90.0 (1159e78c4 2025-09-14)
2025-09-20T21:18:42.3822991Z 
2025-09-20T21:18:42.3866321Z ##[group]Run : create cachekey
2025-09-20T21:18:42.3866599Z [36;1m: create cachekey[0m
2025-09-20T21:18:42.3867040Z [36;1mDATE=$(rustc +stable --version --verbose | sed -ne 's/^commit-date: \(20[0-9][0-9]\)-\([01][0-9]\)-\([0-3][0-9]\)$/\1\2\3/p')[0m
2025-09-20T21:18:42.3867601Z [36;1mHASH=$(rustc +stable --version --verbose | sed -ne 's/^commit-hash: //p')[0m
2025-09-20T21:18:42.3868073Z [36;1mecho "cachekey=$(echo $DATE$HASH | head -c12)" >> $GITHUB_OUTPUT[0m
2025-09-20T21:18:42.3897605Z shell: /usr/bin/bash --noprofile --norc -e -o pipefail {0}
2025-09-20T21:18:42.3897906Z env:
2025-09-20T21:18:42.3898082Z   CARGO_TERM_COLOR: always
2025-09-20T21:18:42.3898296Z   RUST_BACKTRACE: full
2025-09-20T21:18:42.3898487Z   RUST_MIN_STACK: 40971520
2025-09-20T21:18:42.3898870Z   RUST_LOG: citadel=warn
2025-09-20T21:18:42.3899053Z   IN_CI: true
2025-09-20T21:18:42.3899234Z   CARGO_HOME: /home/runner/.cargo
2025-09-20T21:18:42.3899623Z ##[endgroup]
2025-09-20T21:18:42.4304318Z ##[group]Run : disable incremental compilation
2025-09-20T21:18:42.4304657Z [36;1m: disable incremental compilation[0m
2025-09-20T21:18:42.4304937Z [36;1mif [ -z "${CARGO_INCREMENTAL+set}" ]; then[0m
2025-09-20T21:18:42.4305234Z [36;1m  echo CARGO_INCREMENTAL=0 >> $GITHUB_ENV[0m
2025-09-20T21:18:42.4305479Z [36;1mfi[0m
2025-09-20T21:18:42.4335247Z shell: /usr/bin/bash --noprofile --norc -e -o pipefail {0}
2025-09-20T21:18:42.4335568Z env:
2025-09-20T21:18:42.4335736Z   CARGO_TERM_COLOR: always
2025-09-20T21:18:42.4335950Z   RUST_BACKTRACE: full
2025-09-20T21:18:42.4336138Z   RUST_MIN_STACK: 40971520
2025-09-20T21:18:42.4336330Z   RUST_LOG: citadel=warn
2025-09-20T21:18:42.4336514Z   IN_CI: true
2025-09-20T21:18:42.4336691Z   CARGO_HOME: /home/runner/.cargo
2025-09-20T21:18:42.4336909Z ##[endgroup]
2025-09-20T21:18:42.4403547Z ##[group]Run : enable colors in Cargo output
2025-09-20T21:18:42.4403847Z [36;1m: enable colors in Cargo output[0m
2025-09-20T21:18:42.4404126Z [36;1mif [ -z "${CARGO_TERM_COLOR+set}" ]; then[0m
2025-09-20T21:18:42.4404434Z [36;1m  echo CARGO_TERM_COLOR=always >> $GITHUB_ENV[0m
2025-09-20T21:18:42.4404684Z [36;1mfi[0m
2025-09-20T21:18:42.4431184Z shell: /usr/bin/bash --noprofile --norc -e -o pipefail {0}
2025-09-20T21:18:42.4431483Z env:
2025-09-20T21:18:42.4431650Z   CARGO_TERM_COLOR: always
2025-09-20T21:18:42.4431852Z   RUST_BACKTRACE: full
2025-09-20T21:18:42.4432037Z   RUST_MIN_STACK: 40971520
2025-09-20T21:18:42.4432234Z   RUST_LOG: citadel=warn
2025-09-20T21:18:42.4432415Z   IN_CI: true
2025-09-20T21:18:42.4432595Z   CARGO_HOME: /home/runner/.cargo
2025-09-20T21:18:42.4432819Z   CARGO_INCREMENTAL: 0
2025-09-20T21:18:42.4433000Z ##[endgroup]
2025-09-20T21:18:42.4497338Z ##[group]Run : enable Cargo sparse registry
2025-09-20T21:18:42.4497636Z [36;1m: enable Cargo sparse registry[0m
2025-09-20T21:18:42.4497962Z [36;1m# implemented in 1.66, stabilized in 1.68, made default in 1.70[0m
2025-09-20T21:18:42.4498834Z [36;1mif [ -z "${CARGO_REGISTRIES_CRATES_IO_PROTOCOL+set}" -o -f "/home/runner/work/_temp"/.implicit_cargo_registries_crates_io_protocol ]; then[0m
2025-09-20T21:18:42.4499467Z [36;1m  if rustc +stable --version --verbose | grep -q '^release: 1\.6[89]\.'; then[0m
2025-09-20T21:18:42.4499968Z [36;1m    touch "/home/runner/work/_temp"/.implicit_cargo_registries_crates_io_protocol || true[0m
2025-09-20T21:18:42.4500445Z [36;1m    echo CARGO_REGISTRIES_CRATES_IO_PROTOCOL=sparse >> $GITHUB_ENV[0m
2025-09-20T21:18:42.4500872Z [36;1m  elif rustc +stable --version --verbose | grep -q '^release: 1\.6[67]\.'; then[0m
2025-09-20T21:18:42.4501370Z [36;1m    touch "/home/runner/work/_temp"/.implicit_cargo_registries_crates_io_protocol || true[0m
2025-09-20T21:18:42.4501819Z [36;1m    echo CARGO_REGISTRIES_CRATES_IO_PROTOCOL=git >> $GITHUB_ENV[0m
2025-09-20T21:18:42.4502128Z [36;1m  fi[0m
2025-09-20T21:18:42.4502292Z [36;1mfi[0m
2025-09-20T21:18:42.4528257Z shell: /usr/bin/bash --noprofile --norc -e -o pipefail {0}
2025-09-20T21:18:42.4528786Z env:
2025-09-20T21:18:42.4528962Z   CARGO_TERM_COLOR: always
2025-09-20T21:18:42.4529338Z   RUST_BACKTRACE: full
2025-09-20T21:18:42.4529541Z   RUST_MIN_STACK: 40971520
2025-09-20T21:18:42.4529746Z   RUST_LOG: citadel=warn
2025-09-20T21:18:42.4529934Z   IN_CI: true
2025-09-20T21:18:42.4530109Z   CARGO_HOME: /home/runner/.cargo
2025-09-20T21:18:42.4530332Z   CARGO_INCREMENTAL: 0
2025-09-20T21:18:42.4530512Z ##[endgroup]
2025-09-20T21:18:42.4903224Z ##[group]Run : work around spurious network errors in curl 8.0
2025-09-20T21:18:42.4903624Z [36;1m: work around spurious network errors in curl 8.0[0m
2025-09-20T21:18:42.4904121Z [36;1m# https://rust-lang.zulipchat.com/#narrow/stream/246057-t-cargo/topic/timeout.20investigation[0m
2025-09-20T21:18:42.4904668Z [36;1mif rustc +stable --version --verbose | grep -q '^release: 1\.7[01]\.'; then[0m
2025-09-20T21:18:42.4905074Z [36;1m  echo CARGO_HTTP_MULTIPLEXING=false >> $GITHUB_ENV[0m
2025-09-20T21:18:42.4905532Z [36;1mfi[0m
2025-09-20T21:18:42.4934503Z shell: /usr/bin/bash --noprofile --norc -e -o pipefail {0}
2025-09-20T21:18:42.4934817Z env:
2025-09-20T21:18:42.4934990Z   CARGO_TERM_COLOR: always
2025-09-20T21:18:42.4935204Z   RUST_BACKTRACE: full
2025-09-20T21:18:42.4935390Z   RUST_MIN_STACK: 40971520
2025-09-20T21:18:42.4935586Z   RUST_LOG: citadel=warn
2025-09-20T21:18:42.4935771Z   IN_CI: true
2025-09-20T21:18:42.4935953Z   CARGO_HOME: /home/runner/.cargo
2025-09-20T21:18:42.4936170Z   CARGO_INCREMENTAL: 0
2025-09-20T21:18:42.4936355Z ##[endgroup]
2025-09-20T21:18:42.5154860Z ##[group]Run rustc +stable --version --verbose
2025-09-20T21:18:42.5155184Z [36;1mrustc +stable --version --verbose[0m
2025-09-20T21:18:42.5184660Z shell: /usr/bin/bash --noprofile --norc -e -o pipefail {0}
2025-09-20T21:18:42.5184961Z env:
2025-09-20T21:18:42.5185133Z   CARGO_TERM_COLOR: always
2025-09-20T21:18:42.5185340Z   RUST_BACKTRACE: full
2025-09-20T21:18:42.5185526Z   RUST_MIN_STACK: 40971520
2025-09-20T21:18:42.5185730Z   RUST_LOG: citadel=warn
2025-09-20T21:18:42.5185912Z   IN_CI: true
2025-09-20T21:18:42.5186094Z   CARGO_HOME: /home/runner/.cargo
2025-09-20T21:18:42.5186318Z   CARGO_INCREMENTAL: 0
2025-09-20T21:18:42.5186503Z ##[endgroup]
2025-09-20T21:18:42.5366477Z rustc 1.90.0 (1159e78c4 2025-09-14)
2025-09-20T21:18:42.5367612Z binary: rustc
2025-09-20T21:18:42.5369995Z commit-hash: 1159e78c4747b02ef996e55082b704c09b970588
2025-09-20T21:18:42.5370688Z commit-date: 2025-09-14
2025-09-20T21:18:42.5371298Z host: x86_64-unknown-linux-gnu
2025-09-20T21:18:42.5371876Z release: 1.90.0
2025-09-20T21:18:42.5372363Z LLVM version: 20.1.8
2025-09-20T21:18:42.5460161Z ##[group]Run actions-rs/cargo@v1
2025-09-20T21:18:42.5460387Z with:
2025-09-20T21:18:42.5460553Z   command: install
2025-09-20T21:18:42.5460737Z   args: --force cargo-make
2025-09-20T21:18:42.5460935Z   use-cross: false
2025-09-20T21:18:42.5461100Z env:
2025-09-20T21:18:42.5461253Z   CARGO_TERM_COLOR: always
2025-09-20T21:18:42.5461448Z   RUST_BACKTRACE: full
2025-09-20T21:18:42.5461638Z   RUST_MIN_STACK: 40971520
2025-09-20T21:18:42.5461829Z   RUST_LOG: citadel=warn
2025-09-20T21:18:42.5462020Z   IN_CI: true
2025-09-20T21:18:42.5462201Z   CARGO_HOME: /home/runner/.cargo
2025-09-20T21:18:42.5462416Z   CARGO_INCREMENTAL: 0
2025-09-20T21:18:42.5462597Z ##[endgroup]
2025-09-20T21:18:42.6140087Z [command]/home/runner/.cargo/bin/cargo install --force cargo-make
2025-09-20T21:18:42.6783173Z [1m[32m    Updating[0m crates.io index
2025-09-20T21:18:42.8890094Z [1m[32m Downloading[0m crates ...
2025-09-20T21:18:42.9641996Z [1m[32m  Downloaded[0m cargo-make v0.37.24
2025-09-20T21:18:43.0327263Z [1m[32m  Installing[0m cargo-make v0.37.24
2025-09-20T21:18:43.0541892Z [1m[32m    Updating[0m crates.io index
2025-09-20T21:18:43.5334717Z [1m[32m     Locking[0m 234 packages to latest compatible versions
2025-09-20T21:18:43.5349612Z [1m[36m      Adding[0m cargo_metadata v0.19.2 [1m[33m(available: v0.22.0)[0m
2025-09-20T21:18:43.5446853Z [1m[36m      Adding[0m petgraph v0.7.1 [1m[33m(available: v0.8.2)[0m
2025-09-20T21:18:43.5547346Z [1m[36m      Adding[0m strum_macros v0.26.4 [1m[33m(available: v0.27.2)[0m
2025-09-20T21:18:43.5577329Z [1m[36m      Adding[0m toml v0.8.23 [1m[33m(available: v0.9.7)[0m
2025-09-20T21:18:43.5639223Z [1m[32m Downloading[0m crates ...
2025-09-20T21:18:43.6216162Z [1m[32m  Downloaded[0m same-file v1.0.6
2025-09-20T21:18:43.6241809Z [1m[32m  Downloaded[0m serde_core v1.0.225
2025-09-20T21:18:43.6278523Z [1m[32m  Downloaded[0m zopfli v0.8.2
2025-09-20T21:18:43.6308020Z [1m[32m  Downloaded[0m writeable v0.6.1
2025-09-20T21:18:43.6333380Z [1m[32m  Downloaded[0m zeroize v1.8.1
2025-09-20T21:18:43.6350509Z [1m[32m  Downloaded[0m which v6.0.3
2025-09-20T21:18:43.6372328Z [1m[32m  Downloaded[0m serde_json v1.0.145
2025-09-20T21:18:43.6465498Z [1m[32m  Downloaded[0m walkdir v2.5.0
2025-09-20T21:18:43.6492934Z [1m[32m  Downloaded[0m shell2batch v0.4.5
2025-09-20T21:18:43.6591405Z [1m[32m  Downloaded[0m lazy-regex-proc_macros v3.4.1
2025-09-20T21:18:43.6603176Z [1m[32m  Downloaded[0m errno v0.3.14
2025-09-20T21:18:43.6625159Z [1m[32m  Downloaded[0m dirs-sys-next v0.1.2
2025-09-20T21:18:43.6642720Z [1m[32m  Downloaded[0m deranged v0.5.3
2025-09-20T21:18:43.6671676Z [1m[32m  Downloaded[0m itoa v1.0.15
2025-09-20T21:18:43.6692637Z [1m[32m  Downloaded[0m pin-project-lite v0.2.16
2025-09-20T21:18:43.6782977Z [1m[32m  Downloaded[0m num-traits v0.2.19
2025-09-20T21:18:43.6826065Z [1m[32m  Downloaded[0m rust_info v0.3.3
2025-09-20T21:18:43.6944161Z [1m[32m  Downloaded[0m serde v1.0.225
2025-09-20T21:18:43.6968279Z [1m[32m  Downloaded[0m chrono v0.4.42
2025-09-20T21:18:43.7057147Z [1m[32m  Downloaded[0m zerocopy v0.8.27
2025-09-20T21:18:43.7345114Z [1m[32m  Downloaded[0m rustversion v1.0.22
2025-09-20T21:18:43.7391403Z [1m[32m  Downloaded[0m semver v1.0.27
2025-09-20T21:18:43.7450834Z [1m[32m  Downloaded[0m zerofrom v0.1.6
2025-09-20T21:18:43.7476219Z [1m[32m  Downloaded[0m yoke-derive v0.8.0
2025-09-20T21:18:43.7493896Z [1m[32m  Downloaded[0m untrusted v0.9.0
2025-09-20T21:18:43.7521770Z [1m[32m  Downloaded[0m zerofrom-derive v0.1.6
2025-09-20T21:18:43.7543628Z [1m[32m  Downloaded[0m version_check v0.9.5
2025-09-20T21:18:43.7566099Z [1m[32m  Downloaded[0m zerovec-derive v0.11.1
2025-09-20T21:18:43.7593610Z [1m[32m  Downloaded[0m whoami v1.6.1
2025-09-20T21:18:43.7629933Z [1m[32m  Downloaded[0m yoke v0.8.0
2025-09-20T21:18:43.7664752Z [1m[32m  Downloaded[0m unicode-ident v1.0.19
2025-09-20T21:18:43.7707856Z [1m[32m  Downloaded[0m zerotrie v0.2.2
2025-09-20T21:18:43.7759228Z [1m[32m  Downloaded[0m toml_edit v0.22.27
2025-09-20T21:18:43.7820358Z [1m[32m  Downloaded[0m url v2.5.7
2025-09-20T21:18:43.7859843Z [1m[32m  Downloaded[0m zip v2.4.2
2025-09-20T21:18:43.7915627Z [1m[32m  Downloaded[0m zerovec v0.11.4
2025-09-20T21:18:43.7985140Z [1m[32m  Downloaded[0m winnow v0.7.13
2025-09-20T21:18:43.8081842Z [1m[32m  Downloaded[0m syn v2.0.106
2025-09-20T21:18:43.8197333Z [1m[32m  Downloaded[0m itertools v0.14.0
2025-09-20T21:18:43.8273782Z [1m[32m  Downloaded[0m hashbrown v0.16.0
2025-09-20T21:18:43.8331903Z [1m[32m  Downloaded[0m webpki-roots v1.0.2
2025-09-20T21:18:43.8370986Z [1m[32m  Downloaded[0m rand v0.8.5
2025-09-20T21:18:43.8414057Z [1m[32m  Downloaded[0m vte v0.14.1
2025-09-20T21:18:43.8441493Z [1m[32m  Downloaded[0m typenum v1.18.0
2025-09-20T21:18:43.8479759Z [1m[32m  Downloaded[0m bstr v1.12.0
2025-09-20T21:18:43.8560703Z [1m[32m  Downloaded[0m nix v0.30.1
2025-09-20T21:18:43.8680125Z [1m[32m  Downloaded[0m suppaftp v6.3.0
2025-09-20T21:18:43.8711627Z [1m[32m  Downloaded[0m rustix v0.38.44
2025-09-20T21:18:43.8974354Z [1m[32m  Downloaded[0m git_info v0.1.3
2025-09-20T21:18:43.9068175Z [1m[32m  Downloaded[0m lenient_semver v0.4.2
2025-09-20T21:18:43.9109465Z [1m[32m  Downloaded[0m sha2 v0.10.9
2025-09-20T21:18:43.9137684Z [1m[32m  Downloaded[0m regex-syntax v0.8.6
2025-09-20T21:18:43.9209408Z [1m[32m  Downloaded[0m serde_derive v1.0.225
2025-09-20T21:18:43.9239277Z [1m[32m  Downloaded[0m http v1.3.1
2025-09-20T21:18:43.9276847Z [1m[32m  Downloaded[0m bumpalo v3.19.0
2025-09-20T21:18:43.9304828Z [1m[32m  Downloaded[0m serde_ignored v0.1.14
2025-09-20T21:18:43.9319073Z [1m[32m  Downloaded[0m rand_chacha v0.9.0
2025-09-20T21:18:43.9332499Z [1m[32m  Downloaded[0m bzip2-sys v0.1.13+1.0.8
2025-09-20T21:18:43.9440484Z [1m[32m  Downloaded[0m regex-automata v0.4.10
2025-09-20T21:18:43.9597973Z [1m[32m  Downloaded[0m proc-macro2 v1.0.101
2025-09-20T21:18:43.9626818Z [1m[32m  Downloaded[0m powerfmt v0.2.0
2025-09-20T21:18:43.9640247Z [1m[32m  Downloaded[0m petgraph v0.7.1
2025-09-20T21:18:43.9827216Z [1m[32m  Downloaded[0m lenient_semver_parser v0.4.2
2025-09-20T21:18:43.9836154Z [1m[32m  Downloaded[0m encoding_rs v0.8.35
2025-09-20T21:18:44.0041244Z [1m[32m  Downloaded[0m indexmap v2.11.4
2025-09-20T21:18:44.0084056Z [1m[32m  Downloaded[0m toml v0.8.23
2025-09-20T21:18:44.0109309Z [1m[32m  Downloaded[0m time v0.3.44
2025-09-20T21:18:44.0190373Z [1m[32m  Downloaded[0m icu_provider v2.0.0
2025-09-20T21:18:44.0216823Z [1m[32m  Downloaded[0m icu_locale_core v2.0.0
2025-09-20T21:18:44.0287232Z [1m[32m  Downloaded[0m icu_collections v2.0.0
2025-09-20T21:18:44.0356940Z [1m[32m  Downloaded[0m utf8_iter v1.0.4
2025-09-20T21:18:44.0369046Z [1m[32m  Downloaded[0m uname v0.1.1
2025-09-20T21:18:44.0378521Z [1m[32m  Downloaded[0m libc v0.2.175
2025-09-20T21:18:44.0651113Z [1m[32m  Downloaded[0m toml_write v0.1.2
2025-09-20T21:18:44.0663647Z [1m[32m  Downloaded[0m toml_datetime v0.6.11
2025-09-20T21:18:44.0675507Z [1m[32m  Downloaded[0m strum_macros v0.26.4
2025-09-20T21:18:44.0699156Z [1m[32m  Downloaded[0m ci_info v0.14.14
2025-09-20T21:18:44.0807117Z [1m[32m  Downloaded[0m rand_chacha v0.3.1
2025-09-20T21:18:44.0818747Z [1m[32m  Downloaded[0m ppv-lite86 v0.2.21
2025-09-20T21:18:44.0832211Z [1m[32m  Downloaded[0m icu_properties v2.0.1
2025-09-20T21:18:44.0855132Z [1m[32m  Downloaded[0m find-msvc-tools v0.1.2
2025-09-20T21:18:44.0872920Z [1m[32m  Downloaded[0m ignore v0.4.23
2025-09-20T21:18:44.0896507Z [1m[32m  Downloaded[0m icu_normalizer_data v2.0.0
2025-09-20T21:18:44.0918412Z [1m[32m  Downloaded[0m getrandom v0.3.3
2025-09-20T21:18:44.0952597Z [1m[32m  Downloaded[0m crossbeam-epoch v0.9.18
2025-09-20T21:18:44.0977728Z [1m[32m  Downloaded[0m camino v1.2.0
2025-09-20T21:18:44.0997272Z [1m[32m  Downloaded[0m thiserror-impl v2.0.16
2025-09-20T21:18:44.1012295Z [1m[32m  Downloaded[0m envmnt v0.10.4
2025-09-20T21:18:44.1182852Z [1m[32m  Downloaded[0m stable_deref_trait v1.2.0
2025-09-20T21:18:44.1191323Z [1m[32m  Downloaded[0m simd-adler32 v0.3.7
2025-09-20T21:18:44.1209169Z [1m[32m  Downloaded[0m cliparser v0.1.2
2025-09-20T21:18:44.1327319Z [1m[32m  Downloaded[0m serde_spanned v0.6.9
2025-09-20T21:18:44.1338954Z [1m[32m  Downloaded[0m num_cpus v1.17.0
2025-09-20T21:18:44.1370835Z [1m[32m  Downloaded[0m log v0.4.28
2025-09-20T21:18:44.1395260Z [1m[32m  Downloaded[0m futures-lite v2.6.1
2025-09-20T21:18:44.1412343Z [1m[32m  Downloaded[0m tinystr v0.8.1
2025-09-20T21:18:44.1432325Z [1m[32m  Downloaded[0m subtle v2.6.1
2025-09-20T21:18:44.1444568Z [1m[32m  Downloaded[0m potential_utf v0.1.3
2025-09-20T21:18:44.1454677Z [1m[32m  Downloaded[0m once_cell v1.21.3
2025-09-20T21:18:44.1479861Z [1m[32m  Downloaded[0m num-conv v0.1.0
2025-09-20T21:18:44.1488093Z [1m[32m  Downloaded[0m litemap v0.8.0
2025-09-20T21:18:44.1510742Z [1m[32m  Downloaded[0m lazy-regex v3.4.1
2025-09-20T21:18:44.1523018Z [1m[32m  Downloaded[0m linux-raw-sys v0.4.15
2025-09-20T21:18:44.1988407Z [1m[32m  Downloaded[0m ring v0.17.14
2025-09-20T21:18:44.2410029Z [1m[32m  Downloaded[0m fixedbitset v0.5.7
2025-09-20T21:18:44.2427368Z [1m[32m  Downloaded[0m colored v3.0.0
2025-09-20T21:18:44.2453774Z [1m[32m  Downloaded[0m synstructure v0.13.2
2025-09-20T21:18:44.2463312Z [1m[32m  Downloaded[0m shlex v1.3.0
2025-09-20T21:18:44.2475230Z [1m[32m  Downloaded[0m rand_core v0.6.4
2025-09-20T21:18:44.2488234Z [1m[32m  Downloaded[0m pkg-config v0.3.32
2025-09-20T21:18:44.2503163Z [1m[32m  Downloaded[0m home v0.5.11
2025-09-20T21:18:44.2512230Z [1m[32m  Downloaded[0m fsio v0.4.1
2025-09-20T21:18:44.2532297Z [1m[32m  Downloaded[0m displaydoc v0.2.5
2025-09-20T21:18:44.2561073Z [1m[32m  Downloaded[0m digest v0.10.7
2025-09-20T21:18:44.2578070Z [1m[32m  Downloaded[0m cpufeatures v0.2.17
2025-09-20T21:18:44.2591452Z [1m[32m  Downloaded[0m cfg_aliases v0.2.1
2025-09-20T21:18:44.2600891Z [1m[32m  Downloaded[0m autocfg v1.5.0
2025-09-20T21:18:44.2619011Z [1m[32m  Downloaded[0m webpki-roots v0.26.11
2025-09-20T21:18:44.2631039Z [1m[32m  Downloaded[0m time-core v0.1.6
2025-09-20T21:18:44.2641523Z [1m[32m  Downloaded[0m lazy_static v1.5.0
2025-09-20T21:18:44.2658396Z [1m[32m  Downloaded[0m java-properties v2.0.0
2025-09-20T21:18:44.2669094Z [1m[32m  Downloaded[0m idna_adapter v1.2.1
2025-09-20T21:18:44.2677511Z [1m[32m  Downloaded[0m hex v0.4.3
2025-09-20T21:18:44.2693986Z [1m[32m  Downloaded[0m heck v0.5.0
2025-09-20T21:18:44.2705946Z [1m[32m  Downloaded[0m glob v0.3.3
2025-09-20T21:18:44.2720205Z [1m[32m  Downloaded[0m generic-array v0.14.7
2025-09-20T21:18:44.2733115Z [1m[32m  Downloaded[0m futures-io v0.3.31
2025-09-20T21:18:44.2741120Z [1m[32m  Downloaded[0m form_urlencoded v1.2.2
2025-09-20T21:18:44.2748420Z [1m[32m  Downloaded[0m equivalent v1.0.2
2025-09-20T21:18:44.2757854Z [1m[32m  Downloaded[0m either v1.15.0
2025-09-20T21:18:44.2772385Z [1m[32m  Downloaded[0m duckscript v0.10.0
2025-09-20T21:18:44.2798937Z [1m[32m  Downloaded[0m bytes v1.10.1
2025-09-20T21:18:44.2839150Z [1m[32m  Downloaded[0m rustls-pki-types v1.12.0
2025-09-20T21:18:44.2884675Z [1m[32m  Downloaded[0m lenient_semver_version_builder v0.4.2
2025-09-20T21:18:44.2891346Z [1m[32m  Downloaded[0m evalexpr v11.3.1
2025-09-20T21:18:44.2928419Z [1m[32m  Downloaded[0m cargo_metadata v0.19.2
2025-09-20T21:18:44.2945823Z [1m[32m  Downloaded[0m attohttpc v0.28.5
2025-09-20T21:18:44.2991484Z [1m[32m  Downloaded[0m adler2 v2.0.1
2025-09-20T21:18:44.3002968Z [1m[32m  Downloaded[0m rustls v0.23.32
2025-09-20T21:18:44.3121739Z [1m[32m  Downloaded[0m run_script v0.11.0
2025-09-20T21:18:44.3138032Z [1m[32m  Downloaded[0m rand_core v0.9.3
2025-09-20T21:18:44.3151300Z [1m[32m  Downloaded[0m globset v0.4.16
2025-09-20T21:18:44.3164660Z [1m[32m  Downloaded[0m fnv v1.0.7
2025-09-20T21:18:44.3173029Z [1m[32m  Downloaded[0m fastrand v2.3.0
2025-09-20T21:18:44.3184898Z [1m[32m  Downloaded[0m crossbeam-deque v0.8.6
2025-09-20T21:18:44.3198144Z [1m[32m  Downloaded[0m cc v1.2.38
2025-09-20T21:18:44.3226211Z [1m[32m  Downloaded[0m regex v1.11.2
2025-09-20T21:18:44.3295352Z [1m[32m  Downloaded[0m quote v1.0.40
2025-09-20T21:18:44.3320540Z [1m[32m  Downloaded[0m futures-core v0.3.31
2025-09-20T21:18:44.3333529Z [1m[32m  Downloaded[0m dirs-next v2.0.0
2025-09-20T21:18:44.3344138Z [1m[32m  Downloaded[0m ctrlc v3.5.0
2025-09-20T21:18:44.3364281Z [1m[32m  Downloaded[0m crypto-common v0.1.6
2025-09-20T21:18:44.3372748Z [1m[32m  Downloaded[0m block-buffer v0.10.4
2025-09-20T21:18:44.3382562Z [1m[32m  Downloaded[0m bitflags v2.9.4
2025-09-20T21:18:44.3423863Z [1m[32m  Downloaded[0m ryu v1.0.20
2025-09-20T21:18:44.3453908Z [1m[32m  Downloaded[0m fern v0.7.1
2025-09-20T21:18:44.3496260Z [1m[32m  Downloaded[0m aho-corasick v1.1.3
2025-09-20T21:18:44.3548290Z [1m[32m  Downloaded[0m parking v2.2.1
2025-09-20T21:18:44.3558501Z [1m[32m  Downloaded[0m idna v1.1.0
2025-09-20T21:18:44.3593492Z [1m[32m  Downloaded[0m icu_properties_data v2.0.1
2025-09-20T21:18:44.3692805Z [1m[32m  Downloaded[0m memchr v2.7.5
2025-09-20T21:18:44.3745648Z [1m[32m  Downloaded[0m hashbrown v0.12.3
2025-09-20T21:18:44.3784723Z [1m[32m  Downloaded[0m duckscriptsdk v0.11.1
2025-09-20T21:18:44.4288974Z [1m[32m  Downloaded[0m base64 v0.22.1
2025-09-20T21:18:44.4339643Z [1m[32m  Downloaded[0m miniz_oxide v0.8.9
2025-09-20T21:18:44.4373899Z [1m[32m  Downloaded[0m indexmap v1.9.3
2025-09-20T21:18:44.4416419Z [1m[32m  Downloaded[0m icu_normalizer v2.0.0
2025-09-20T21:18:44.4462321Z [1m[32m  Downloaded[0m flate2 v1.1.2
2025-09-20T21:18:44.4530798Z [1m[32m  Downloaded[0m crossbeam-utils v0.8.21
2025-09-20T21:18:44.4565812Z [1m[32m  Downloaded[0m crc32fast v1.5.0
2025-09-20T21:18:44.4591582Z [1m[32m  Downloaded[0m percent-encoding v2.3.2
2025-09-20T21:18:44.4601021Z [1m[32m  Downloaded[0m iana-time-zone v0.1.64
2025-09-20T21:18:44.4637604Z [1m[32m  Downloaded[0m getrandom v0.2.16
2025-09-20T21:18:44.4678190Z [1m[32m  Downloaded[0m fs_extra v1.3.0
2025-09-20T21:18:44.4700196Z [1m[32m  Downloaded[0m colored v2.2.0
2025-09-20T21:18:44.4736495Z [1m[32m  Downloaded[0m bzip2 v0.5.2
2025-09-20T21:18:44.4759367Z [1m[32m  Downloaded[0m cfg-if v1.0.3
2025-09-20T21:18:44.4776262Z [1m[32m  Downloaded[0m cargo-platform v0.1.9
2025-09-20T21:18:44.4791584Z [1m[32m  Downloaded[0m thiserror v2.0.16
2025-09-20T21:18:44.4881138Z [1m[32m  Downloaded[0m strip-ansi-escapes v0.2.1
2025-09-20T21:18:44.4895404Z [1m[32m  Downloaded[0m smallvec v1.15.1
2025-09-20T21:18:44.4949503Z [1m[32m  Downloaded[0m rustls-webpki v0.103.6
2025-09-20T21:18:44.4975921Z [1m[32m  Downloaded[0m rand v0.9.2
2025-09-20T21:18:44.5663810Z [1m[32m   Compiling[0m proc-macro2 v1.0.101
2025-09-20T21:18:44.5666826Z [1m[32m   Compiling[0m unicode-ident v1.0.19
2025-09-20T21:18:44.5667310Z [1m[32m   Compiling[0m cfg-if v1.0.3
2025-09-20T21:18:44.5667616Z [1m[32m   Compiling[0m libc v0.2.175
2025-09-20T21:18:44.5986630Z [1m[32m   Compiling[0m serde_core v1.0.225
2025-09-20T21:18:44.6294339Z [1m[32m   Compiling[0m memchr v2.7.5
2025-09-20T21:18:45.2684653Z [1m[32m   Compiling[0m stable_deref_trait v1.2.0
2025-09-20T21:18:45.3035470Z [1m[32m   Compiling[0m shlex v1.3.0
2025-09-20T21:18:45.4259924Z [1m[32m   Compiling[0m find-msvc-tools v0.1.2
2025-09-20T21:18:45.5936100Z [1m[32m   Compiling[0m cc v1.2.38
2025-09-20T21:18:45.8511580Z [1m[32m   Compiling[0m quote v1.0.40
2025-09-20T21:18:46.0909204Z [1m[32m   Compiling[0m syn v2.0.106
2025-09-20T21:18:46.9676261Z [1m[32m   Compiling[0m zerocopy v0.8.27
2025-09-20T21:18:46.9896792Z [1m[32m   Compiling[0m getrandom v0.3.3
2025-09-20T21:18:47.1680549Z [1m[32m   Compiling[0m serde v1.0.225
2025-09-20T21:18:47.3207871Z [1m[32m   Compiling[0m autocfg v1.5.0
2025-09-20T21:18:47.7691948Z [1m[32m   Compiling[0m aho-corasick v1.1.3
2025-09-20T21:18:47.8021105Z [1m[32m   Compiling[0m litemap v0.8.0
2025-09-20T21:18:48.0063664Z [1m[32m   Compiling[0m regex-syntax v0.8.6
2025-09-20T21:18:49.1780039Z [1m[32m   Compiling[0m ppv-lite86 v0.2.21
2025-09-20T21:18:49.5386216Z [1m[32m   Compiling[0m synstructure v0.13.2
2025-09-20T21:18:50.0795861Z [1m[32m   Compiling[0m writeable v0.6.1
2025-09-20T21:18:50.3597177Z [1m[32m   Compiling[0m regex-automata v0.4.10
2025-09-20T21:18:51.3567548Z [1m[32m   Compiling[0m rand_core v0.9.3
2025-09-20T21:18:51.4753251Z [1m[32m   Compiling[0m zerofrom-derive v0.1.6
2025-09-20T21:18:51.5562621Z [1m[32m   Compiling[0m yoke-derive v0.8.0
2025-09-20T21:18:52.4579994Z [1m[32m   Compiling[0m displaydoc v0.2.5
2025-09-20T21:18:52.6851631Z [1m[32m   Compiling[0m zerofrom v0.1.6
2025-09-20T21:18:52.7647442Z [1m[32m   Compiling[0m yoke v0.8.0
2025-09-20T21:18:52.9197127Z [1m[32m   Compiling[0m zerovec-derive v0.11.1
2025-09-20T21:18:52.9287861Z [1m[32m   Compiling[0m serde_derive v1.0.225
2025-09-20T21:18:52.9345313Z [1m[32m   Compiling[0m zerotrie v0.2.2
2025-09-20T21:18:53.2537582Z [1m[32m   Compiling[0m getrandom v0.2.16
2025-09-20T21:18:53.4006094Z [1m[32m   Compiling[0m version_check v0.9.5
2025-09-20T21:18:53.6172032Z [1m[32m   Compiling[0m log v0.4.28
2025-09-20T21:18:53.7886308Z [1m[32m   Compiling[0m icu_normalizer_data v2.0.0
2025-09-20T21:18:53.8685198Z [1m[32m   Compiling[0m icu_properties_data v2.0.1
2025-09-20T21:18:53.9043260Z [1m[32m   Compiling[0m zerovec v0.11.4
2025-09-20T21:18:53.9526361Z [1m[32m   Compiling[0m typenum v1.18.0
2025-09-20T21:18:54.1703174Z [1m[32m   Compiling[0m generic-array v0.14.7
2025-09-20T21:18:54.2577471Z [1m[32m   Compiling[0m rand_chacha v0.9.0
2025-09-20T21:18:54.8432792Z [1m[32m   Compiling[0m ring v0.17.14
2025-09-20T21:18:55.0312302Z [1m[32m   Compiling[0m tinystr v0.8.1
2025-09-20T21:18:55.1883448Z [1m[32m   Compiling[0m icu_locale_core v2.0.0
2025-09-20T21:18:55.1970761Z [1m[32m   Compiling[0m potential_utf v0.1.3
2025-09-20T21:18:55.2918909Z [1m[32m   Compiling[0m icu_collections v2.0.0
2025-09-20T21:18:55.8005540Z [1m[32m   Compiling[0m zeroize v1.8.1
2025-09-20T21:18:55.9190948Z [1m[32m   Compiling[0m icu_provider v2.0.0
2025-09-20T21:18:56.2173029Z [1m[32m   Compiling[0m crc32fast v1.5.0
2025-09-20T21:18:56.7420120Z [1m[32m   Compiling[0m rustls-pki-types v1.12.0
2025-09-20T21:18:57.3142254Z [1m[32m   Compiling[0m rand v0.9.2
2025-09-20T21:18:57.8737729Z [1m[32m   Compiling[0m thiserror v2.0.16
2025-09-20T21:18:58.0345190Z [1m[32m   Compiling[0m pkg-config v0.3.32
2025-09-20T21:18:58.1034138Z [1m[32m   Compiling[0m smallvec v1.15.1
2025-09-20T21:18:58.3638141Z [1m[32m   Compiling[0m hashbrown v0.16.0
2025-09-20T21:18:58.4725154Z [1m[32m   Compiling[0m crossbeam-utils v0.8.21
2025-09-20T21:18:58.6240816Z [1m[32m   Compiling[0m equivalent v1.0.2
2025-09-20T21:18:58.6656241Z [1m[32m   Compiling[0m bzip2-sys v0.1.13+1.0.8
2025-09-20T21:18:58.7930752Z [1m[32m   Compiling[0m icu_normalizer v2.0.0
2025-09-20T21:18:58.9108473Z [1m[32m   Compiling[0m indexmap v2.11.4
2025-09-20T21:18:59.7280318Z [1m[32m   Compiling[0m fsio v0.4.1
2025-09-20T21:19:00.1650649Z [1m[32m   Compiling[0m icu_properties v2.0.1
2025-09-20T21:19:00.7862854Z [1m[32m   Compiling[0m regex v1.11.2
2025-09-20T21:19:01.5223322Z [1m[32m   Compiling[0m thiserror-impl v2.0.16
2025-09-20T21:19:01.6010498Z [1m[32m   Compiling[0m semver v1.0.27
2025-09-20T21:19:02.1331355Z [1m[32m   Compiling[0m num-traits v0.2.19
2025-09-20T21:19:02.2479883Z [1m[32m   Compiling[0m untrusted v0.9.0
2025-09-20T21:19:02.3191456Z [1m[32m   Compiling[0m adler2 v2.0.1
2025-09-20T21:19:02.4039548Z [1m[32m   Compiling[0m bitflags v2.9.4
2025-09-20T21:19:02.6622269Z [1m[32m   Compiling[0m once_cell v1.21.3
2025-09-20T21:19:02.8288883Z [1m[32m   Compiling[0m itoa v1.0.15
2025-09-20T21:19:02.8854842Z [1m[32m   Compiling[0m miniz_oxide v0.8.9
2025-09-20T21:19:03.4143227Z [1m[32m   Compiling[0m idna_adapter v1.2.1
2025-09-20T21:19:03.8837690Z [1m[32m   Compiling[0m indexmap v1.9.3
2025-09-20T21:19:03.9404525Z [1m[32m   Compiling[0m powerfmt v0.2.0
2025-09-20T21:19:03.9792785Z [1m[32m   Compiling[0m serde_json v1.0.145
2025-09-20T21:19:04.0556660Z [1m[32m   Compiling[0m cfg_aliases v0.2.1
2025-09-20T21:19:04.0595523Z [1m[32m   Compiling[0m utf8_iter v1.0.4
2025-09-20T21:19:04.0861107Z [1m[32m   Compiling[0m rustix v0.38.44
2025-09-20T21:19:04.1373392Z [1m[32m   Compiling[0m percent-encoding v2.3.2
2025-09-20T21:19:04.2360936Z [1m[32m   Compiling[0m rustls v0.23.32
2025-09-20T21:19:04.2997925Z [1m[32m   Compiling[0m form_urlencoded v1.2.2
2025-09-20T21:19:04.3089733Z [1m[32m   Compiling[0m idna v1.1.0
2025-09-20T21:19:04.4451940Z [1m[32m   Compiling[0m nix v0.30.1
2025-09-20T21:19:04.7147914Z [1m[32m   Compiling[0m deranged v0.5.3
2025-09-20T21:19:05.7847961Z [1m[32m   Compiling[0m crossbeam-epoch v0.9.18
2025-09-20T21:19:06.0815675Z [1m[32m   Compiling[0m lazy-regex-proc_macros v3.4.1
2025-09-20T21:19:06.0956783Z [1m[32m   Compiling[0m flate2 v1.1.2
2025-09-20T21:19:06.5769085Z [1m[32m   Compiling[0m crypto-common v0.1.6
2025-09-20T21:19:06.6358087Z [1m[32m   Compiling[0m block-buffer v0.10.4
2025-09-20T21:19:06.6980773Z [1m[32m   Compiling[0m webpki-roots v1.0.2
2025-09-20T21:19:06.7623771Z [1m[32m   Compiling[0m rand_core v0.6.4
2025-09-20T21:19:06.8871481Z [1m[32m   Compiling[0m bstr v1.12.0
2025-09-20T21:19:07.2488407Z [1m[32m   Compiling[0m iana-time-zone v0.1.64
2025-09-20T21:19:07.4391153Z [1m[32m   Compiling[0m linux-raw-sys v0.4.15
2025-09-20T21:19:07.5603129Z [1m[32m   Compiling[0m futures-io v0.3.31
2025-09-20T21:19:07.6605603Z [1m[32m   Compiling[0m time-core v0.1.6
2025-09-20T21:19:07.7660366Z [1m[32m   Compiling[0m ryu v1.0.20
2025-09-20T21:19:07.8230719Z [1m[32m   Compiling[0m fastrand v2.3.0
2025-09-20T21:19:07.9424203Z [1m[32m   Compiling[0m subtle v2.6.1
2025-09-20T21:19:08.0277318Z [1m[32m   Compiling[0m hashbrown v0.12.3
2025-09-20T21:19:08.0508128Z [1m[32m   Compiling[0m camino v1.2.0
2025-09-20T21:19:08.2129151Z [1m[32m   Compiling[0m parking v2.2.1
2025-09-20T21:19:08.3006175Z [1m[32m   Compiling[0m rustversion v1.0.22
2025-09-20T21:19:08.4360795Z [1m[32m   Compiling[0m pin-project-lite v0.2.16
2025-09-20T21:19:08.4659564Z [1m[32m   Compiling[0m simd-adler32 v0.3.7
2025-09-20T21:19:08.5961030Z [1m[32m   Compiling[0m bytes v1.10.1
2025-09-20T21:19:08.6767084Z [1m[32m   Compiling[0m fnv v1.0.7
2025-09-20T21:19:08.7075977Z [1m[32m   Compiling[0m either v1.15.0
2025-09-20T21:19:08.8754986Z [1m[32m   Compiling[0m same-file v1.0.6
2025-09-20T21:19:08.9580718Z [1m[32m   Compiling[0m num-conv v0.1.0
2025-09-20T21:19:09.0537611Z [1m[32m   Compiling[0m lazy_static v1.5.0
2025-09-20T21:19:09.0912287Z [1m[32m   Compiling[0m bumpalo v3.19.0
2025-09-20T21:19:09.1795124Z [1m[32m   Compiling[0m zip v2.4.2
2025-09-20T21:19:09.2380953Z [1m[32m   Compiling[0m futures-core v0.3.31
2025-09-20T21:19:09.2603383Z [1m[32m   Compiling[0m zopfli v0.8.2
2025-09-20T21:19:09.2888258Z [1m[32m   Compiling[0m futures-lite v2.6.1
2025-09-20T21:19:09.8394884Z [1m[32m   Compiling[0m http v1.3.1
2025-09-20T21:19:10.0107403Z [1m[32m   Compiling[0m time v0.3.44
2025-09-20T21:19:10.4155955Z [1m[32m   Compiling[0m walkdir v2.5.0
2025-09-20T21:19:12.0209921Z [1m[32m   Compiling[0m chrono v0.4.42
2025-09-20T21:19:12.6351742Z [1m[32m   Compiling[0m globset v0.4.16
2025-09-20T21:19:13.8602699Z [1m[32m   Compiling[0m rand_chacha v0.3.1
2025-09-20T21:19:13.9135206Z [1m[32m   Compiling[0m webpki-roots v0.26.11
2025-09-20T21:19:13.9365030Z [1m[32m   Compiling[0m digest v0.10.7
2025-09-20T21:19:14.0435238Z [1m[32m   Compiling[0m lazy-regex v3.4.1
2025-09-20T21:19:14.0682352Z [1m[32m   Compiling[0m crossbeam-deque v0.8.6
2025-09-20T21:19:14.1811088Z [1m[32m   Compiling[0m url v2.5.7
2025-09-20T21:19:14.2640979Z [1m[32m   Compiling[0m lenient_semver_version_builder v0.4.2
2025-09-20T21:19:14.4780561Z [1m[32m   Compiling[0m serde_spanned v0.6.9
2025-09-20T21:19:14.5304303Z [1m[32m   Compiling[0m toml_datetime v0.6.11
2025-09-20T21:19:14.7056583Z [1m[32m   Compiling[0m encoding_rs v0.8.35
2025-09-20T21:19:15.2824015Z [1m[32m   Compiling[0m winnow v0.7.13
2025-09-20T21:19:16.6074673Z [1m[32m   Compiling[0m cpufeatures v0.2.17
2025-09-20T21:19:16.6307196Z [1m[32m   Compiling[0m home v0.5.11
2025-09-20T21:19:16.6829784Z [1m[32m   Compiling[0m toml_write v0.1.2
2025-09-20T21:19:16.7953993Z [1m[32m   Compiling[0m toml_edit v0.22.27
2025-09-20T21:19:16.9152873Z [1m[32m   Compiling[0m which v6.0.3
2025-09-20T21:19:17.1449787Z [1m[32m   Compiling[0m sha2 v0.10.9
2025-09-20T21:19:17.7271978Z [1m[32m   Compiling[0m java-properties v2.0.0
2025-09-20T21:19:17.9856464Z [1m[32m   Compiling[0m lenient_semver_parser v0.4.2
2025-09-20T21:19:18.7289681Z [1m[32m   Compiling[0m ignore v0.4.23
2025-09-20T21:19:21.0376442Z [1m[32m   Compiling[0m suppaftp v6.3.0
2025-09-20T21:19:21.8180679Z [1m[32m   Compiling[0m rand v0.8.5
2025-09-20T21:19:22.1584927Z [1m[32m   Compiling[0m envmnt v0.10.4
2025-09-20T21:19:22.9202305Z [1m[32m   Compiling[0m colored v2.2.0
2025-09-20T21:19:23.0971004Z [1m[32m   Compiling[0m duckscript v0.10.0
2025-09-20T21:19:23.2080557Z [1m[32m   Compiling[0m cargo-platform v0.1.9
2025-09-20T21:19:23.4154439Z [1m[32m   Compiling[0m dirs-sys-next v0.1.2
2025-09-20T21:19:23.6319777Z [1m[32m   Compiling[0m num_cpus v1.17.0
2025-09-20T21:19:23.9021099Z [1m[32m   Compiling[0m uname v0.1.1
2025-09-20T21:19:23.9539437Z [1m[32m   Compiling[0m vte v0.14.1
2025-09-20T21:19:24.0458145Z [1m[32m   Compiling[0m glob v0.3.3
2025-09-20T21:19:24.0909648Z [1m[32m   Compiling[0m base64 v0.22.1
2025-09-20T21:19:24.3385331Z [1m[32m   Compiling[0m fixedbitset v0.5.7
2025-09-20T21:19:24.5077390Z [1m[32m   Compiling[0m fs_extra v1.3.0
2025-09-20T21:19:24.5706652Z [1m[32m   Compiling[0m heck v0.5.0
2025-09-20T21:19:24.8253054Z [1m[32m   Compiling[0m whoami v1.6.1
2025-09-20T21:19:25.0011225Z [1m[32m   Compiling[0m evalexpr v11.3.1
2025-09-20T21:19:25.0384983Z [1m[32m   Compiling[0m strum_macros v0.26.4
2025-09-20T21:19:25.4030316Z [1m[32m   Compiling[0m bzip2 v0.5.2
2025-09-20T21:19:26.4276444Z [1m[32m   Compiling[0m petgraph v0.7.1
2025-09-20T21:19:26.6742048Z [1m[32m   Compiling[0m strip-ansi-escapes v0.2.1
2025-09-20T21:19:26.9920380Z [1m[32m   Compiling[0m dirs-next v2.0.0
2025-09-20T21:19:27.0661827Z [1m[32m   Compiling[0m cargo_metadata v0.19.2
2025-09-20T21:19:27.5032200Z [1m[32m   Compiling[0m rustls-webpki v0.103.6
2025-09-20T21:19:28.8080869Z [1m[32m   Compiling[0m ci_info v0.14.14
2025-09-20T21:19:29.2611086Z [1m[32m   Compiling[0m ctrlc v3.5.0
2025-09-20T21:19:29.3534954Z [1m[32m   Compiling[0m toml v0.8.23
2025-09-20T21:19:29.8248454Z [1m[32m   Compiling[0m lenient_semver v0.4.2
2025-09-20T21:19:29.9631857Z [1m[32m   Compiling[0m itertools v0.14.0
2025-09-20T21:19:31.1214086Z [1m[32m   Compiling[0m shell2batch v0.4.5
2025-09-20T21:19:31.6538983Z [1m[32m   Compiling[0m run_script v0.11.0
2025-09-20T21:19:31.7561085Z [1m[32m   Compiling[0m fern v0.7.1
2025-09-20T21:19:32.0665862Z [1m[32m   Compiling[0m serde_ignored v0.1.14
2025-09-20T21:19:32.2285761Z [1m[32m   Compiling[0m colored v3.0.0
2025-09-20T21:19:32.4693347Z [1m[32m   Compiling[0m rust_info v0.3.3
2025-09-20T21:19:32.5985885Z [1m[32m   Compiling[0m hex v0.4.3
2025-09-20T21:19:32.6368877Z [1m[32m   Compiling[0m git_info v0.1.3
2025-09-20T21:19:32.8621540Z [1m[32m   Compiling[0m attohttpc v0.28.5
2025-09-20T21:19:33.0321222Z [1m[32m   Compiling[0m cliparser v0.1.2
2025-09-20T21:19:33.3845527Z [1m[32m   Compiling[0m duckscriptsdk v0.11.1
2025-09-20T21:19:35.3141486Z [1m[32m   Compiling[0m cargo-make v0.37.24
2025-09-20T21:20:55.5030488Z [1m[32m    Finished[0m `release` profile [optimized] target(s) in 2m 12s
2025-09-20T21:20:55.5390908Z [1m[32m  Installing[0m /home/runner/.cargo/bin/cargo-make
2025-09-20T21:20:55.5391545Z [1m[32m  Installing[0m /home/runner/.cargo/bin/makers
2025-09-20T21:20:55.5392326Z [1m[32m   Installed[0m package `cargo-make v0.37.24` (executables `cargo-make`, `makers`)
2025-09-20T21:20:55.6801600Z ##[group]Run taiki-e/install-action@nextest
2025-09-20T21:20:55.6801887Z with:
2025-09-20T21:20:55.6802045Z   tool: nextest
2025-09-20T21:20:55.6802215Z   checksum: true
2025-09-20T21:20:55.6802389Z   fallback: cargo-binstall
2025-09-20T21:20:55.6802594Z env:
2025-09-20T21:20:55.6802743Z   CARGO_TERM_COLOR: always
2025-09-20T21:20:55.6802933Z   RUST_BACKTRACE: full
2025-09-20T21:20:55.6803110Z   RUST_MIN_STACK: 40971520
2025-09-20T21:20:55.6803306Z   RUST_LOG: citadel=warn
2025-09-20T21:20:55.6803486Z   IN_CI: true
2025-09-20T21:20:55.6803656Z   CARGO_HOME: /home/runner/.cargo
2025-09-20T21:20:55.6803873Z   CARGO_INCREMENTAL: 0
2025-09-20T21:20:55.6804045Z ##[endgroup]
2025-09-20T21:20:55.6819038Z ##[group]Run set -eu
2025-09-20T21:20:55.6819270Z [36;1mset -eu[0m
2025-09-20T21:20:55.6819469Z [36;1mif ! command -v bash >/dev/null; then[0m
2025-09-20T21:20:55.6819773Z [36;1m  if grep -Eq '^ID=alpine' /etc/os-release; then[0m
2025-09-20T21:20:55.6820216Z [36;1m    printf '::group::Install packages required for install-action (bash)\n'[0m
2025-09-20T21:20:55.6820592Z [36;1m    # NB: sync with apk_install in main.sh[0m
2025-09-20T21:20:55.6820874Z [36;1m    if command -v sudo >/dev/null; then[0m
2025-09-20T21:20:55.6821134Z [36;1m      sudo apk --no-cache add bash[0m
2025-09-20T21:20:55.6821402Z [36;1m    elif command -v doas >/dev/null; then[0m
2025-09-20T21:20:55.6821659Z [36;1m      doas apk --no-cache add bash[0m
2025-09-20T21:20:55.6821888Z [36;1m    else[0m
2025-09-20T21:20:55.6822065Z [36;1m      apk --no-cache add bash[0m
2025-09-20T21:20:55.6822285Z [36;1m    fi[0m
2025-09-20T21:20:55.6822459Z [36;1m    printf '::endgroup::\n'[0m
2025-09-20T21:20:55.6822674Z [36;1m  else[0m
2025-09-20T21:20:55.6822894Z [36;1m    printf '::error::install-action requires bash\n'[0m
2025-09-20T21:20:55.6823158Z [36;1m    exit 1[0m
2025-09-20T21:20:55.6823326Z [36;1m  fi[0m
2025-09-20T21:20:55.6823476Z [36;1mfi[0m
2025-09-20T21:20:55.6845632Z shell: /usr/bin/sh -e {0}
2025-09-20T21:20:55.6845845Z env:
2025-09-20T21:20:55.6846006Z   CARGO_TERM_COLOR: always
2025-09-20T21:20:55.6846213Z   RUST_BACKTRACE: full
2025-09-20T21:20:55.6846396Z   RUST_MIN_STACK: 40971520
2025-09-20T21:20:55.6846590Z   RUST_LOG: citadel=warn
2025-09-20T21:20:55.6846973Z   IN_CI: true
2025-09-20T21:20:55.6847154Z   CARGO_HOME: /home/runner/.cargo
2025-09-20T21:20:55.6847365Z   CARGO_INCREMENTAL: 0
2025-09-20T21:20:55.6847547Z ##[endgroup]
2025-09-20T21:20:55.6919749Z ##[group]Run bash --noprofile --norc "${GITHUB_ACTION_PATH:?}/main.sh"
2025-09-20T21:20:55.6920172Z [36;1mbash --noprofile --norc "${GITHUB_ACTION_PATH:?}/main.sh"[0m
2025-09-20T21:20:55.6947799Z shell: /usr/bin/bash --noprofile --norc -e -o pipefail {0}
2025-09-20T21:20:55.6948098Z env:
2025-09-20T21:20:55.6948269Z   CARGO_TERM_COLOR: always
2025-09-20T21:20:55.6948476Z   RUST_BACKTRACE: full
2025-09-20T21:20:55.6949018Z   RUST_MIN_STACK: 40971520
2025-09-20T21:20:55.6949215Z   RUST_LOG: citadel=warn
2025-09-20T21:20:55.6949412Z   IN_CI: true
2025-09-20T21:20:55.6949589Z   CARGO_HOME: /home/runner/.cargo
2025-09-20T21:20:55.6949803Z   CARGO_INCREMENTAL: 0
2025-09-20T21:20:55.6949986Z   INPUT_TOOL: nextest
2025-09-20T21:20:55.6950165Z   INPUT_CHECKSUM: true
2025-09-20T21:20:55.6950365Z   INPUT_FALLBACK: cargo-binstall
2025-09-20T21:20:55.6951092Z   DEFAULT_GITHUB_TOKEN: ***
2025-09-20T21:20:55.6951357Z   ACTION_USER_AGENT: taiki-e/install-action (nextest)
2025-09-20T21:20:55.6951629Z ##[endgroup]
2025-09-20T21:20:55.7143972Z info: host platform: x86_64_linux
2025-09-20T21:20:55.9177528Z * Host crates.io:443 was resolved.
2025-09-20T21:20:55.9179241Z * IPv6: 2600:9000:2852:e400:c:7ed3:240:93a1, 2600:9000:2852:f600:c:7ed3:240:93a1, 2600:9000:2852:9600:c:7ed3:240:93a1, 2600:9000:2852:5200:c:7ed3:240:93a1, 2600:9000:2852:9800:c:7ed3:240:93a1, 2600:9000:2852:6800:c:7ed3:240:93a1, 2600:9000:2852:da00:c:7ed3:240:93a1, 2600:9000:2852:a000:c:7ed3:240:93a1
2025-09-20T21:20:55.9180514Z * IPv4: 3.169.149.43, 3.169.149.7, 3.169.149.97, 3.169.149.82
2025-09-20T21:20:55.9181216Z *   Trying 3.169.149.43:443...
2025-09-20T21:20:55.9200193Z * Connected to crates.io (3.169.149.43) port 443
2025-09-20T21:20:55.9215061Z * ALPN: curl offers h2,http/1.1
2025-09-20T21:20:55.9217329Z } [5 bytes data]
2025-09-20T21:20:55.9217749Z * TLSv1.3 (OUT), TLS handshake, Client hello (1):
2025-09-20T21:20:55.9218319Z } [512 bytes data]
2025-09-20T21:20:55.9432387Z *  CAfile: /etc/ssl/certs/ca-certificates.crt
2025-09-20T21:20:55.9432799Z *  CApath: /etc/ssl/certs
2025-09-20T21:20:55.9433051Z { [5 bytes data]
2025-09-20T21:20:55.9433328Z * TLSv1.3 (IN), TLS handshake, Server hello (2):
2025-09-20T21:20:55.9433655Z { [122 bytes data]
2025-09-20T21:20:55.9434299Z * TLSv1.3 (IN), TLS handshake, Encrypted Extensions (8):
2025-09-20T21:20:55.9434667Z { [19 bytes data]
2025-09-20T21:20:55.9434938Z * TLSv1.3 (IN), TLS handshake, Certificate (11):
2025-09-20T21:20:55.9435244Z { [3858 bytes data]
2025-09-20T21:20:55.9441572Z * TLSv1.3 (IN), TLS handshake, CERT verify (15):
2025-09-20T21:20:55.9441919Z { [264 bytes data]
2025-09-20T21:20:55.9442296Z * TLSv1.3 (IN), TLS handshake, Finished (20):
2025-09-20T21:20:55.9442631Z { [36 bytes data]
2025-09-20T21:20:55.9442957Z * TLSv1.3 (OUT), TLS change cipher, Change cipher spec (1):
2025-09-20T21:20:55.9443305Z } [1 bytes data]
2025-09-20T21:20:55.9443587Z * TLSv1.3 (OUT), TLS handshake, Finished (20):
2025-09-20T21:20:55.9444033Z } [36 bytes data]
2025-09-20T21:20:55.9444429Z * SSL connection using TLSv1.3 / TLS_AES_128_GCM_SHA256 / X25519 / RSASSA-PSS
2025-09-20T21:20:55.9444885Z * ALPN: server accepted h2
2025-09-20T21:20:55.9445191Z * Server certificate:
2025-09-20T21:20:55.9445522Z *  subject: CN=crates.io
2025-09-20T21:20:55.9445906Z *  start date: Nov 25 00:00:00 2024 GMT
2025-09-20T21:20:55.9446196Z *  expire date: Dec 24 23:59:59 2025 GMT
2025-09-20T21:20:55.9446564Z *  subjectAltName: host "crates.io" matched cert's "crates.io"
2025-09-20T21:20:55.9446900Z *  issuer: C=US; O=Amazon; CN=Amazon RSA 2048 M02
2025-09-20T21:20:55.9447163Z *  SSL certificate verify ok.
2025-09-20T21:20:55.9447565Z *   Certificate level 0: Public key type RSA (2048/112 Bits/secBits), signed using sha256WithRSAEncryption
2025-09-20T21:20:55.9448149Z *   Certificate level 1: Public key type RSA (2048/112 Bits/secBits), signed using sha256WithRSAEncryption
2025-09-20T21:20:55.9449283Z *   Certificate level 2: Public key type RSA (2048/112 Bits/secBits), signed using sha256WithRSAEncryption
2025-09-20T21:20:55.9449694Z } [5 bytes data]
2025-09-20T21:20:55.9449860Z * using HTTP/2
2025-09-20T21:20:55.9450167Z * [HTTP/2] [1] OPENED stream for https://crates.io/api/v1/crates/cargo-nextest
2025-09-20T21:20:55.9450497Z * [HTTP/2] [1] [:method: GET]
2025-09-20T21:20:55.9450703Z * [HTTP/2] [1] [:scheme: https]
2025-09-20T21:20:55.9450914Z * [HTTP/2] [1] [:authority: crates.io]
2025-09-20T21:20:55.9451180Z * [HTTP/2] [1] [:path: /api/v1/crates/cargo-nextest]
2025-09-20T21:20:55.9451483Z * [HTTP/2] [1] [user-agent: taiki-e/install-action (nextest)]
2025-09-20T21:20:55.9451768Z * [HTTP/2] [1] [accept: */*]
2025-09-20T21:20:55.9451961Z } [5 bytes data]
2025-09-20T21:20:55.9452146Z > GET /api/v1/crates/cargo-nextest HTTP/2
2025-09-20T21:20:55.9452378Z > Host: crates.io
2025-09-20T21:20:55.9452578Z > User-Agent: taiki-e/install-action (nextest)
2025-09-20T21:20:55.9452822Z > Accept: */*
2025-09-20T21:20:55.9452979Z > 
2025-09-20T21:20:55.9469451Z { [5 bytes data]
2025-09-20T21:20:55.9469911Z * TLSv1.3 (IN), TLS handshake, Newsession Ticket (4):
2025-09-20T21:20:55.9470324Z { [157 bytes data]
2025-09-20T21:20:56.0084171Z < HTTP/2 200 
2025-09-20T21:20:56.0084667Z < content-type: application/json
2025-09-20T21:20:56.0085012Z < content-length: 182668
2025-09-20T21:20:56.0085368Z < access-control-allow-origin: *
2025-09-20T21:20:56.0087704Z < content-security-policy: default-src 'self'; connect-src 'self' *.ingest.sentry.io https://docs.rs https://play.rust-lang.org https://static.crates.io; script-src 'self' 'unsafe-eval' 'sha256-n1+BB7Ckjcal1Pr7QNBh/dKRTtBQsIytFodRiIosXdE=' 'sha256-dbf9FMl76C7BnK1CC3eWb3pvsQAUaTYSHAlBy9tNTG0='; style-src 'self' 'unsafe-inline' https://code.cdn.mozilla.net; font-src https://code.cdn.mozilla.net; img-src *; object-src 'none'
2025-09-20T21:20:56.0090033Z < date: Sat, 20 Sep 2025 21:20:55 GMT
2025-09-20T21:20:56.0090517Z < nel: {"report_to":"heroku-nel","response_headers":["Via"],"max_age":3600,"success_fraction":0.01,"failure_fraction":0.1}
2025-09-20T21:20:56.0091804Z < report-to: {"group":"heroku-nel","endpoints":[{"url":"https://nel.heroku.com/reports?s=27KddH%2F336QaH2M5qUQZUOYE8BKHjUgwfG2RxqLZWkM%3D\u0026sid=af571f24-03ee-46d1-9f90-ab9030c2c74c\u0026ts=1758403255"}],"max_age":3600}
2025-09-20T21:20:56.0093237Z < reporting-endpoints: heroku-nel="https://nel.heroku.com/reports?s=27KddH%2F336QaH2M5qUQZUOYE8BKHjUgwfG2RxqLZWkM%3D&sid=af571f24-03ee-46d1-9f90-ab9030c2c74c&ts=1758403255"
2025-09-20T21:20:56.0093944Z < server: Heroku
2025-09-20T21:20:56.0094224Z < strict-transport-security: max-age=31536000; includeSubDomains
2025-09-20T21:20:56.0094874Z < via: 1.1 heroku-router, 1.1 35f709102d463fb846b7d66f9b96dcce.cloudfront.net (CloudFront)
2025-09-20T21:20:56.0095293Z < x-content-type-options: nosniff
2025-09-20T21:20:56.0095544Z < x-frame-options: SAMEORIGIN
2025-09-20T21:20:56.0095769Z < x-xss-protection: 0
2025-09-20T21:20:56.0096006Z < vary: Accept,Accept-Encoding,Cookie
2025-09-20T21:20:56.0096267Z < x-cache: Miss from cloudfront
2025-09-20T21:20:56.0096510Z < x-amz-cf-pop: ORD58-P11
2025-09-20T21:20:56.0096855Z < x-amz-cf-id: OhjnaPxEBuNGhD9ENMrhzAe8-OYLsF-C0f8dAN7iXbMU23Fo3Mk37w==
2025-09-20T21:20:56.0097378Z < 
2025-09-20T21:20:56.0097539Z { [15234 bytes data]
2025-09-20T21:20:56.0767361Z * Connection #0 to host crates.io left intact
2025-09-20T21:20:56.1032224Z info: installing cargo-nextest@latest
2025-09-20T21:20:56.1235725Z info: downloading https://github.com/nextest-rs/nextest/releases/download/cargo-nextest-0.9.104/cargo-nextest-0.9.104-x86_64-unknown-linux-gnu.tar.gz
2025-09-20T21:20:56.3190454Z info: verifying sha256 checksum for cargo-nextest-0.9.104-x86_64-unknown-linux-gnu.tar.gz
2025-09-20T21:20:56.5005875Z info: cargo-nextest installed at /home/runner/.cargo/bin/cargo-nextest
2025-09-20T21:20:56.5008967Z + cargo-nextest nextest --version
2025-09-20T21:20:56.5027459Z cargo-nextest 0.9.104 (87857ddf2 2025-09-15)
2025-09-20T21:20:56.5028190Z release: 0.9.104
2025-09-20T21:20:56.5028483Z commit-hash: 87857ddf299a42c9cb5822422aeba77bd8fb74e8
2025-09-20T21:20:56.5029114Z commit-date: 2025-09-15
2025-09-20T21:20:56.5029346Z host: x86_64-unknown-linux-gnu
2025-09-20T21:20:56.5031286Z 
2025-09-20T21:20:56.5070549Z ##[group]Run cargo nextest run --package citadel_sdk --features=localhost-testing
2025-09-20T21:20:56.5071080Z [36;1mcargo nextest run --package citadel_sdk --features=localhost-testing[0m
2025-09-20T21:20:56.5100700Z shell: /usr/bin/bash -e {0}
2025-09-20T21:20:56.5100920Z env:
2025-09-20T21:20:56.5101084Z   CARGO_TERM_COLOR: always
2025-09-20T21:20:56.5101289Z   RUST_BACKTRACE: full
2025-09-20T21:20:56.5101477Z   RUST_MIN_STACK: 40971520
2025-09-20T21:20:56.5101676Z   RUST_LOG: citadel=warn
2025-09-20T21:20:56.5101859Z   IN_CI: true
2025-09-20T21:20:56.5102034Z   CARGO_HOME: /home/runner/.cargo
2025-09-20T21:20:56.5102247Z   CARGO_INCREMENTAL: 0
2025-09-20T21:20:56.5102434Z ##[endgroup]
2025-09-20T21:20:56.7299092Z [1m[32m    Updating[0m crates.io index
2025-09-20T21:20:56.7309248Z [1m[32m    Updating[0m git repository `https://github.com/second-state/socket2.git`
2025-09-20T21:20:57.2769508Z [1m[32m    Updating[0m git repository `https://github.com/second-state/wasi_tokio.git`
2025-09-20T21:20:59.4928509Z [1m[32m     Locking[0m 461 packages to latest Rust 1.90.0 compatible versions
2025-09-20T21:20:59.4947869Z [1m[36m      Adding[0m ascon-aead v0.4.4 [1m[33m(available: v0.5.1)[0m
2025-09-20T21:20:59.4995543Z [1m[36m      Adding[0m bincode v1.3.3 [1m[33m(available: v2.0.1)[0m
2025-09-20T21:20:59.5083320Z [1m[36m      Adding[0m generic-array v0.14.7 [1m[33m(available: v1.2.0)[0m
2025-09-20T21:20:59.5134455Z [1m[36m      Adding[0m hyper v0.14.32 [1m[33m(available: v1.7.0)[0m
2025-09-20T21:20:59.5312397Z [1m[36m      Adding[0m rand v0.8.5 [1m[33m(available: v0.9.2)[0m
2025-09-20T21:20:59.5417946Z [1m[36m      Adding[0m rstest v0.23.0 [1m[33m(available: v0.26.1)[0m
2025-09-20T21:20:59.5665438Z [1m[36m      Adding[0m stun v0.5.1 [1m[33m(available: v0.9.0)[0m
2025-09-20T21:20:59.5708323Z [1m[36m      Adding[0m sysinfo v0.29.11 [1m[33m(available: v0.37.0)[0m
2025-09-20T21:20:59.6046555Z [1m[36m      Adding[0m webrtc-util v0.11.0 [1m[33m(available: v0.12.0)[0m
2025-09-20T21:20:59.6266122Z [1m[36m      Adding[0m zerocopy v0.7.35 [1m[33m(available: v0.8.27)[0m
2025-09-20T21:20:59.6590688Z [1m[32m Downloading[0m crates ...
2025-09-20T21:20:59.7353378Z [1m[32m  Downloaded[0m embedded-semver v0.3.0
2025-09-20T21:20:59.7384816Z [1m[32m  Downloaded[0m fixedbitset v0.4.2
2025-09-20T21:20:59.7420996Z [1m[32m  Downloaded[0m lock_api v0.4.13
2025-09-20T21:20:59.7449749Z [1m[32m  Downloaded[0m multimap v0.10.1
2025-09-20T21:20:59.7469579Z [1m[32m  Downloaded[0m sync_wrapper v1.0.2
2025-09-20T21:20:59.7484998Z [1m[32m  Downloaded[0m pkcs1 v0.7.5
2025-09-20T21:20:59.7519054Z [1m[32m  Downloaded[0m signal-hook-registry v1.4.6
2025-09-20T21:20:59.7538164Z [1m[32m  Downloaded[0m slab v0.4.11
2025-09-20T21:20:59.7556248Z [1m[32m  Downloaded[0m num-integer v0.1.46
2025-09-20T21:20:59.7581032Z [1m[32m  Downloaded[0m tracing-log v0.2.0
2025-09-20T21:20:59.7599447Z [1m[32m  Downloaded[0m sha3 v0.10.8
2025-09-20T21:20:59.7654586Z [1m[32m  Downloaded[0m ts-rs-macros v11.0.1
2025-09-20T21:20:59.7677159Z [1m[32m  Downloaded[0m md-5 v0.10.6
2025-09-20T21:20:59.7697249Z [1m[32m  Downloaded[0m der v0.7.10
2025-09-20T21:20:59.7757237Z [1m[32m  Downloaded[0m futures-util v0.3.31
2025-09-20T21:20:59.7896960Z [1m[32m  Downloaded[0m base64 v0.13.1
2025-09-20T21:20:59.7936592Z [1m[32m  Downloaded[0m rayon v1.11.0
2025-09-20T21:20:59.8046085Z [1m[32m  Downloaded[0m quinn-udp v0.5.14
2025-09-20T21:20:59.8070820Z [1m[32m  Downloaded[0m stun v0.5.1
2025-09-20T21:20:59.8121964Z [1m[32m  Downloaded[0m sqlx-core v0.8.6
2025-09-20T21:20:59.8232932Z [1m[32m  Downloaded[0m tokio-util v0.7.16
2025-09-20T21:20:59.8328090Z [1m[32m  Downloaded[0m stringprep v0.1.5
2025-09-20T21:20:59.8357626Z [1m[32m  Downloaded[0m termcolor v1.4.1
2025-09-20T21:20:59.8375688Z [1m[32m  Downloaded[0m thiserror v1.0.69
2025-09-20T21:20:59.8445033Z [1m[32m  Downloaded[0m rustc-hash v2.1.1
2025-09-20T21:20:59.8466228Z [1m[32m  Downloaded[0m flume v0.11.1
2025-09-20T21:20:59.8507560Z [1m[32m  Downloaded[0m tinyvec_macros v0.1.1
2025-09-20T21:20:59.8518956Z [1m[32m  Downloaded[0m hyper-rustls v0.27.7
2025-09-20T21:20:59.8552963Z [1m[32m  Downloaded[0m toml_datetime v0.7.2
2025-09-20T21:20:59.8578401Z [1m[32m  Downloaded[0m rustls-pemfile v2.2.0
2025-09-20T21:20:59.8617794Z [1m[32m  Downloaded[0m tinyvec v1.10.0
2025-09-20T21:20:59.8665466Z [1m[32m  Downloaded[0m sqlx-macros v0.8.6
2025-09-20T21:20:59.8691391Z [1m[32m  Downloaded[0m thread-id v4.2.2
2025-09-20T21:20:59.8718279Z [1m[32m  Downloaded[0m num-bigint v0.4.6
2025-09-20T21:20:59.8794918Z [1m[32m  Downloaded[0m wildmatch v1.1.0
2025-09-20T21:20:59.8825711Z [1m[32m  Downloaded[0m universal-hash v0.5.1
2025-09-20T21:20:59.8847787Z [1m[32m  Downloaded[0m xmltree v0.10.3
2025-09-20T21:20:59.8873225Z [1m[32m  Downloaded[0m xml-rs v0.8.27
2025-09-20T21:20:59.8917909Z [1m[32m  Downloaded[0m zerocopy-derive v0.7.35
2025-09-20T21:20:59.8981194Z [1m[32m  Downloaded[0m zeroize_derive v1.4.2
2025-09-20T21:20:59.8995747Z [1m[32m  Downloaded[0m webrtc-util v0.11.0
2025-09-20T21:20:59.9064163Z [1m[32m  Downloaded[0m webrtc-util v0.8.1
2025-09-20T21:20:59.9554759Z [1m[32m  Downloaded[0m tracing v0.1.41
2025-09-20T21:20:59.9595495Z [1m[32m  Downloaded[0m tracing-subscriber v0.3.20
2025-09-20T21:20:59.9679724Z [1m[32m  Downloaded[0m sqlx-postgres v0.8.6
2025-09-20T21:20:59.9772205Z [1m[32m  Downloaded[0m sqlx v0.8.6
2025-09-20T21:20:59.9917939Z [1m[32m  Downloaded[0m syn v1.0.109
2025-09-20T21:21:00.0017725Z [1m[32m  Downloaded[0m portable-atomic v1.11.1
2025-09-20T21:21:00.0092007Z [1m[32m  Downloaded[0m vcpkg v0.2.15
2025-09-20T21:21:00.0638515Z [1m[32m  Downloaded[0m openssl v0.10.73
2025-09-20T21:21:00.0732799Z [1m[32m  Downloaded[0m redis v0.32.5
2025-09-20T21:21:00.0836302Z [1m[32m  Downloaded[0m object v0.36.7
2025-09-20T21:21:00.0950042Z [1m[32m  Downloaded[0m zerocopy v0.7.35
2025-09-20T21:21:00.1137775Z [1m[32m  Downloaded[0m tower v0.5.2
2025-09-20T21:21:00.1241622Z [1m[32m  Downloaded[0m pqc_kyber_kyberslash v0.7.1
2025-09-20T21:21:00.1327400Z [1m[32m  Downloaded[0m num-bigint-dig v0.8.4
2025-09-20T21:21:00.1373644Z [1m[32m  Downloaded[0m unicode-normalization v0.1.24
2025-09-20T21:21:00.1412378Z [1m[32m  Downloaded[0m tower-http v0.6.6
2025-09-20T21:21:00.1495909Z [1m[32m  Downloaded[0m sqlx-mysql v0.8.6
2025-09-20T21:21:00.1556102Z [1m[32m  Downloaded[0m yasna v0.5.2
2025-09-20T21:21:00.1578003Z [1m[32m  Downloaded[0m twox-hash v2.1.2
2025-09-20T21:21:00.1608027Z [1m[32m  Downloaded[0m toml_edit v0.23.6
2025-09-20T21:21:00.1647813Z [1m[32m  Downloaded[0m sysinfo v0.29.11
2025-09-20T21:21:00.1737617Z [1m[32m  Downloaded[0m quinn v0.11.9
2025-09-20T21:21:00.1771134Z [1m[32m  Downloaded[0m mio v1.0.4
2025-09-20T21:21:00.1830664Z [1m[32m  Downloaded[0m unicode-bidi v0.3.18
2025-09-20T21:21:00.1855367Z [1m[32m  Downloaded[0m tracing-core v0.1.34
2025-09-20T21:21:00.1882719Z [1m[32m  Downloaded[0m sqlx-sqlite v0.8.6
2025-09-20T21:21:00.1930219Z [1m[32m  Downloaded[0m socket2 v0.5.10
2025-09-20T21:21:00.1949152Z [1m[32m  Downloaded[0m petgraph v0.6.5
2025-09-20T21:21:00.2125529Z [1m[32m  Downloaded[0m sharded-slab v0.1.7
2025-09-20T21:21:00.2158399Z [1m[32m  Downloaded[0m rcgen v0.14.4
2025-09-20T21:21:00.2182024Z [1m[32m  Downloaded[0m parking_lot v0.12.4
2025-09-20T21:21:00.2207132Z [1m[32m  Downloaded[0m metrics v0.24.2
2025-09-20T21:21:00.2235366Z [1m[32m  Downloaded[0m hash32 v0.2.1
2025-09-20T21:21:00.2250240Z [1m[32m  Downloaded[0m wyz v0.5.1
2025-09-20T21:21:00.2263311Z [1m[32m  Downloaded[0m uuid v1.18.1
2025-09-20T21:21:00.2292970Z [1m[32m  Downloaded[0m unicode-properties v0.1.3
2025-09-20T21:21:00.2311858Z [1m[32m  Downloaded[0m tokio v1.47.1
2025-09-20T21:21:00.2727171Z [1m[32m  Downloaded[0m socket2 v0.6.0
2025-09-20T21:21:00.2745021Z [1m[32m  Downloaded[0m rustls-platform-verifier v0.6.1
2025-09-20T21:21:00.2786104Z [1m[32m  Downloaded[0m native-tls v0.2.14
2025-09-20T21:21:00.2805539Z [1m[32m  Downloaded[0m mobc v0.9.0
2025-09-20T21:21:00.2830417Z [1m[32m  Downloaded[0m ml-dsa v0.0.4
2025-09-20T21:21:00.2858356Z [1m[32m  Downloaded[0m ts-rs v11.0.1
2025-09-20T21:21:00.2915827Z [1m[32m  Downloaded[0m tracing-attributes v0.1.30
2025-09-20T21:21:00.2942511Z [1m[32m  Downloaded[0m tower-layer v0.3.3
2025-09-20T21:21:00.2952766Z [1m[32m  Downloaded[0m toml_parser v1.0.3
2025-09-20T21:21:00.2975538Z [1m[32m  Downloaded[0m tokio-macros v2.5.0
2025-09-20T21:21:00.2985597Z [1m[32m  Downloaded[0m thread_local v1.1.9
2025-09-20T21:21:00.3000779Z [1m[32m  Downloaded[0m strum v0.27.2
2025-09-20T21:21:00.3009663Z [1m[32m  Downloaded[0m sqlx-macros-core v0.8.6
2025-09-20T21:21:00.3031625Z [1m[32m  Downloaded[0m rustls-native-certs v0.8.1
2025-09-20T21:21:00.3060619Z [1m[32m  Downloaded[0m rstest v0.23.0
2025-09-20T21:21:00.3124284Z [1m[32m  Downloaded[0m h2 v0.3.27
2025-09-20T21:21:00.3186704Z [1m[32m  Downloaded[0m gimli v0.31.1
2025-09-20T21:21:00.3255690Z [1m[32m  Downloaded[0m atomic-waker v1.1.2
2025-09-20T21:21:00.3268094Z [1m[32m  Downloaded[0m async-trait v0.1.89
2025-09-20T21:21:00.3306159Z [1m[32m  Downloaded[0m try-lock v0.2.5
2025-09-20T21:21:00.3315555Z [1m[32m  Downloaded[0m tower-service v0.3.3
2025-09-20T21:21:00.3323687Z [1m[32m  Downloaded[0m tokio-stream v0.1.17
2025-09-20T21:21:00.3368854Z [1m[32m  Downloaded[0m tokio-rustls v0.26.3
2025-09-20T21:21:00.3389430Z [1m[32m  Downloaded[0m tokio-native-tls v0.3.1
2025-09-20T21:21:00.3406725Z [1m[32m  Downloaded[0m strum_macros v0.27.2
2025-09-20T21:21:00.3435821Z [1m[32m  Downloaded[0m spki v0.7.3
2025-09-20T21:21:00.3453508Z [1m[32m  Downloaded[0m signature v2.2.0
2025-09-20T21:21:00.3467762Z [1m[32m  Downloaded[0m rust-argon2 v3.0.0
2025-09-20T21:21:00.3489578Z [1m[32m  Downloaded[0m rstest_macros v0.23.0
2025-09-20T21:21:00.3519268Z [1m[32m  Downloaded[0m pkcs8 v0.10.2
2025-09-20T21:21:00.3547436Z [1m[32m  Downloaded[0m pem-rfc7468 v0.7.0
2025-09-20T21:21:00.3567103Z [1m[32m  Downloaded[0m keccak v0.1.5
2025-09-20T21:21:00.3578241Z [1m[32m  Downloaded[0m iri-string v0.7.8
2025-09-20T21:21:00.3647824Z [1m[32m  Downloaded[0m hyper v1.7.0
2025-09-20T21:21:00.3712862Z [1m[32m  Downloaded[0m hyper v0.14.32
2025-09-20T21:21:00.3787384Z [1m[32m  Downloaded[0m hashbrown v0.15.5
2025-09-20T21:21:00.3837518Z [1m[32m  Downloaded[0m ghash v0.5.1
2025-09-20T21:21:00.3848821Z [1m[32m  Downloaded[0m futures-intrusive v0.5.0
2025-09-20T21:21:00.3894024Z [1m[32m  Downloaded[0m foreign-types-shared v0.1.1
2025-09-20T21:21:00.3901151Z [1m[32m  Downloaded[0m want v0.3.1
2025-09-20T21:21:00.3910270Z [1m[32m  Downloaded[0m siphasher v1.0.1
2025-09-20T21:21:00.3922433Z [1m[32m  Downloaded[0m relative-path v1.9.3
2025-09-20T21:21:00.3932906Z [1m[32m  Downloaded[0m packed_struct v0.10.1
2025-09-20T21:21:00.3949204Z [1m[32m  Downloaded[0m hashlink v0.10.0
2025-09-20T21:21:00.3966955Z [1m[32m  Downloaded[0m futures-task v0.3.31
2025-09-20T21:21:00.3978347Z [1m[32m  Downloaded[0m futures-macro v0.3.31
2025-09-20T21:21:00.3988391Z [1m[32m  Downloaded[0m constant_time_eq v0.4.2
2025-09-20T21:21:00.4009188Z [1m[32m  Downloaded[0m backtrace v0.3.75
2025-09-20T21:21:00.4061770Z [1m[32m  Downloaded[0m auto_impl v1.3.0
2025-09-20T21:21:00.4127230Z [1m[32m  Downloaded[0m atomic v0.6.1
2025-09-20T21:21:00.4141615Z [1m[32m  Downloaded[0m ascon-core v0.4.1
2025-09-20T21:21:00.4151153Z [1m[32m  Downloaded[0m ipnet v2.11.0
2025-09-20T21:21:00.4167071Z [1m[32m  Downloaded[0m hyper-util v0.1.17
2025-09-20T21:21:00.4224424Z [1m[32m  Downloaded[0m heapless v0.7.17
2025-09-20T21:21:00.4262791Z [1m[32m  Downloaded[0m futures-timer v3.0.3
2025-09-20T21:21:00.4280704Z [1m[32m  Downloaded[0m futures-sink v0.3.31
2025-09-20T21:21:00.4289296Z [1m[32m  Downloaded[0m futures-channel v0.3.31
2025-09-20T21:21:00.4307923Z [1m[32m  Downloaded[0m async-stream-impl v0.3.6
2025-09-20T21:21:00.4314853Z [1m[32m  Downloaded[0m async-stream v0.3.6
2025-09-20T21:21:00.4336468Z [1m[32m  Downloaded[0m tap v1.0.1
2025-09-20T21:21:00.4346308Z [1m[32m  Downloaded[0m matchers v0.2.0
2025-09-20T21:21:00.4357562Z [1m[32m  Downloaded[0m futures v0.3.31
2025-09-20T21:21:00.4406026Z [1m[32m  Downloaded[0m const-oid v0.9.6
2025-09-20T21:21:00.4425504Z [1m[32m  Downloaded[0m libm v0.2.15
2025-09-20T21:21:00.4550135Z [1m[32m  Downloaded[0m httpdate v1.0.3
2025-09-20T21:21:00.4562207Z [1m[32m  Downloaded[0m http-body-util v0.1.3
2025-09-20T21:21:00.4579965Z [1m[32m  Downloaded[0m http-body v1.0.1
2025-09-20T21:21:00.4589930Z [1m[32m  Downloaded[0m http-body v0.4.6
2025-09-20T21:21:00.4606994Z [1m[32m  Downloaded[0m constant_time_eq v0.3.1
2025-09-20T21:21:00.4620721Z [1m[32m  Downloaded[0m thiserror-impl v1.0.69
2025-09-20T21:21:00.4633921Z [1m[32m  Downloaded[0m httparse v1.10.1
2025-09-20T21:21:00.4658995Z [1m[32m  Downloaded[0m hmac v0.12.1
2025-09-20T21:21:00.4683318Z [1m[32m  Downloaded[0m hkdf v0.12.4
2025-09-20T21:21:00.4707468Z [1m[32m  Downloaded[0m byteorder v1.5.0
2025-09-20T21:21:00.4723866Z [1m[32m  Downloaded[0m parking_lot_core v0.9.11
2025-09-20T21:21:00.4744802Z [1m[32m  Downloaded[0m openssl-sys v0.9.109
2025-09-20T21:21:00.4797035Z [1m[32m  Downloaded[0m lru-slab v0.1.2
2025-09-20T21:21:00.4805540Z [1m[32m  Downloaded[0m igd v0.12.1
2025-09-20T21:21:00.4829281Z [1m[32m  Downloaded[0m http v0.2.12
2025-09-20T21:21:00.4864721Z [1m[32m  Downloaded[0m spin v0.9.8
2025-09-20T21:21:00.4888203Z [1m[32m  Downloaded[0m proc-macro-crate v3.4.0
2025-09-20T21:21:00.4901845Z [1m[32m  Downloaded[0m openssl-probe v0.1.6
2025-09-20T21:21:00.4913237Z [1m[32m  Downloaded[0m libsqlite3-sys v0.30.1
2025-09-20T21:21:00.5511935Z [1m[32m  Downloaded[0m futures-executor v0.3.31
2025-09-20T21:21:00.5524713Z [1m[32m  Downloaded[0m sha1 v0.10.6
2025-09-20T21:21:00.5541245Z [1m[32m  Downloaded[0m pin-utils v0.1.0
2025-09-20T21:21:00.5563787Z [1m[32m  Downloaded[0m aes-gcm v0.10.3
2025-09-20T21:21:00.5594195Z [1m[32m  Downloaded[0m event-listener v5.4.1
2025-09-20T21:21:00.5614158Z [1m[32m  Downloaded[0m crossbeam-queue v0.3.12
2025-09-20T21:21:00.5625962Z [1m[32m  Downloaded[0m polyval v0.6.2
2025-09-20T21:21:00.5641687Z [1m[32m  Downloaded[0m pem v3.0.5
2025-09-20T21:21:00.5655055Z [1m[32m  Downloaded[0m opaque-debug v0.3.1
2025-09-20T21:21:00.5663949Z [1m[32m  Downloaded[0m memoffset v0.7.1
2025-09-20T21:21:00.5675308Z [1m[32m  Downloaded[0m cfg-if v0.1.10
2025-09-20T21:21:00.5686044Z [1m[32m  Downloaded[0m sha1_smol v1.0.1
2025-09-20T21:21:00.5699208Z [1m[32m  Downloaded[0m radium v0.7.0
2025-09-20T21:21:00.5709355Z [1m[32m  Downloaded[0m packed_struct_codegen v0.10.1
2025-09-20T21:21:00.5721875Z [1m[32m  Downloaded[0m dirs2 v3.0.1
2025-09-20T21:21:00.5733433Z [1m[32m  Downloaded[0m aes v0.8.4
2025-09-20T21:21:00.5767905Z [1m[32m  Downloaded[0m serde_urlencoded v0.7.1
2025-09-20T21:21:00.5784216Z [1m[32m  Downloaded[0m scopeguard v1.2.0
2025-09-20T21:21:00.5795787Z [1m[32m  Downloaded[0m rustc_version v0.4.1
2025-09-20T21:21:00.5808163Z [1m[32m  Downloaded[0m rustc-demangle v0.1.26
2025-09-20T21:21:00.5825041Z [1m[32m  Downloaded[0m reqwest v0.12.23
2025-09-20T21:21:00.5880199Z [1m[32m  Downloaded[0m rayon-core v1.13.0
2025-09-20T21:21:00.5915990Z [1m[32m  Downloaded[0m quinn-proto v0.11.13
2025-09-20T21:21:00.5983302Z [1m[32m  Downloaded[0m poly1305 v0.8.0
2025-09-20T21:21:00.6007186Z [1m[32m  Downloaded[0m nu-ansi-term v0.50.1
2025-09-20T21:21:00.6030912Z [1m[32m  Downloaded[0m bytemuck v1.23.2
2025-09-20T21:21:00.6062751Z [1m[32m  Downloaded[0m bitvec v1.0.1
2025-09-20T21:21:00.6230858Z [1m[32m  Downloaded[0m aead v0.5.2
2025-09-20T21:21:00.6241601Z [1m[32m  Downloaded[0m rsa v0.9.8
2025-09-20T21:21:00.6294101Z [1m[32m  Downloaded[0m openssl-macros v0.1.1
2025-09-20T21:21:00.6301418Z [1m[32m  Downloaded[0m num-iter v0.1.45
2025-09-20T21:21:00.6310811Z [1m[32m  Downloaded[0m nix v0.26.4
2025-09-20T21:21:00.6409340Z [1m[32m  Downloaded[0m embed-doc-image v0.1.4
2025-09-20T21:21:00.6417472Z [1m[32m  Downloaded[0m crc-catalog v2.4.0
2025-09-20T21:21:00.6429130Z [1m[32m  Downloaded[0m crc v3.3.0
2025-09-20T21:21:00.6445657Z [1m[32m  Downloaded[0m chacha20poly1305 v0.10.1
2025-09-20T21:21:00.6461892Z [1m[32m  Downloaded[0m async-trait-with-sync v0.1.36
2025-09-20T21:21:00.6486874Z [1m[32m  Downloaded[0m arrayref v0.3.9
2025-09-20T21:21:00.6501432Z [1m[32m  Downloaded[0m anyhow v1.0.100
2025-09-20T21:21:00.6541434Z [1m[32m  Downloaded[0m allocator-api2 v0.2.21
2025-09-20T21:21:00.6567056Z [1m[32m  Downloaded[0m serde-big-array v0.5.1
2025-09-20T21:21:00.6582118Z [1m[32m  Downloaded[0m foreign-types v0.3.2
2025-09-20T21:21:00.6589218Z [1m[32m  Downloaded[0m dirs-sys v0.3.7
2025-09-20T21:21:00.6599240Z [1m[32m  Downloaded[0m ctr v0.9.2
2025-09-20T21:21:00.6619672Z [1m[32m  Downloaded[0m chacha20 v0.9.1
2025-09-20T21:21:00.6636947Z [1m[32m  Downloaded[0m base64ct v1.8.0
2025-09-20T21:21:00.6660712Z [1m[32m  Downloaded[0m ahash v0.8.12
2025-09-20T21:21:00.6684003Z [1m[32m  Downloaded[0m foldhash v0.1.5
2025-09-20T21:21:00.6695880Z [1m[32m  Downloaded[0m concurrent-queue v2.5.0
2025-09-20T21:21:00.6711860Z [1m[32m  Downloaded[0m blake2b_simd v1.0.3
2025-09-20T21:21:00.6725269Z [1m[32m  Downloaded[0m bitflags v1.3.2
2025-09-20T21:21:00.6756910Z [1m[32m  Downloaded[0m fastbloom v0.14.0
2025-09-20T21:21:00.6772202Z [1m[32m  Downloaded[0m dotenvy v0.15.7
2025-09-20T21:21:00.6799206Z [1m[32m  Downloaded[0m cipher v0.4.4
2025-09-20T21:21:00.6814006Z [1m[32m  Downloaded[0m bytemuck_derive v1.10.1
2025-09-20T21:21:00.6826286Z [1m[32m  Downloaded[0m base64 v0.21.7
2025-09-20T21:21:00.6863960Z [1m[32m  Downloaded[0m ascon-aead v0.4.4
2025-09-20T21:21:00.6897711Z [1m[32m  Downloaded[0m kyber-pke v0.5.0
2025-09-20T21:21:00.6907630Z [1m[32m  Downloaded[0m jwt v0.16.0
2025-09-20T21:21:00.6929332Z [1m[32m  Downloaded[0m inout v0.1.4
2025-09-20T21:21:00.6939854Z [1m[32m  Downloaded[0m hybrid-array v0.3.1
2025-09-20T21:21:00.6956831Z [1m[32m  Downloaded[0m funty v2.0.0
2025-09-20T21:21:00.6964726Z [1m[32m  Downloaded[0m combine v4.6.7
2025-09-20T21:21:00.7017053Z [1m[32m  Downloaded[0m bincode v1.3.3
2025-09-20T21:21:00.7039245Z [1m[32m  Downloaded[0m attohttpc v0.16.3
2025-09-20T21:21:00.7084471Z [1m[32m  Downloaded[0m addr2line v0.24.2
2025-09-20T21:21:00.7101759Z [1m[32m  Downloaded[0m atoi v2.0.0
2025-09-20T21:21:00.7114722Z [1m[32m  Downloaded[0m async-recursion v1.1.1
2025-09-20T21:21:00.7150831Z [1m[32m  Downloaded[0m arrayvec v0.7.6
2025-09-20T21:21:00.7272546Z [1m[32m  Downloaded[0m openssl-src v300.5.2+3.5.2
2025-09-20T21:21:01.4756401Z [1m[32m   Compiling[0m proc-macro2 v1.0.101
2025-09-20T21:21:01.4760160Z [1m[32m   Compiling[0m unicode-ident v1.0.19
2025-09-20T21:21:01.4760822Z [1m[32m   Compiling[0m serde_core v1.0.225
2025-09-20T21:21:01.4761419Z [1m[32m   Compiling[0m serde v1.0.225
2025-09-20T21:21:01.5400001Z [1m[32m   Compiling[0m cfg-if v1.0.3
2025-09-20T21:21:01.5715462Z [1m[32m   Compiling[0m libc v0.2.175
2025-09-20T21:21:01.6707878Z [1m[32m   Compiling[0m autocfg v1.5.0
2025-09-20T21:21:02.0086695Z [1m[32m   Compiling[0m pin-project-lite v0.2.16
2025-09-20T21:21:02.0494479Z [1m[32m   Compiling[0m memchr v2.7.5
2025-09-20T21:21:02.3551606Z [1m[32m   Compiling[0m quote v1.0.40
2025-09-20T21:21:02.5885456Z [1m[32m   Compiling[0m syn v2.0.106
2025-09-20T21:21:02.8116133Z [1m[32m   Compiling[0m typenum v1.18.0
2025-09-20T21:21:03.0535991Z [1m[32m   Compiling[0m lock_api v0.4.13
2025-09-20T21:21:03.1538282Z [1m[32m   Compiling[0m version_check v0.9.5
2025-09-20T21:21:03.3857312Z [1m[32m   Compiling[0m smallvec v1.15.1
2025-09-20T21:21:03.5060255Z [1m[32m   Compiling[0m generic-array v0.14.7
2025-09-20T21:21:03.6005427Z [1m[32m   Compiling[0m equivalent v1.0.2
2025-09-20T21:21:03.6364787Z [1m[32m   Compiling[0m hashbrown v0.16.0
2025-09-20T21:21:04.0804552Z [1m[32m   Compiling[0m scopeguard v1.2.0
2025-09-20T21:21:04.1458072Z [1m[32m   Compiling[0m object v0.36.7
2025-09-20T21:21:04.2007594Z [1m[32m   Compiling[0m indexmap v2.11.4
2025-09-20T21:21:04.2887456Z [1m[32m   Compiling[0m stable_deref_trait v1.2.0
2025-09-20T21:21:04.3421555Z [1m[32m   Compiling[0m gimli v0.31.1
2025-09-20T21:21:04.3462463Z [1m[32m   Compiling[0m adler2 v2.0.1
2025-09-20T21:21:04.4183994Z [1m[32m   Compiling[0m miniz_oxide v0.8.9
2025-09-20T21:21:04.8887633Z [1m[32m   Compiling[0m getrandom v0.2.16
2025-09-20T21:21:05.0311876Z [1m[32m   Compiling[0m futures-core v0.3.31
2025-09-20T21:21:05.1163330Z [1m[32m   Compiling[0m parking_lot_core v0.9.11
2025-09-20T21:21:05.2503248Z [1m[32m   Compiling[0m rustc-demangle v0.1.26
2025-09-20T21:21:05.7253707Z [1m[32m   Compiling[0m fixedbitset v0.4.2
2025-09-20T21:21:05.9143456Z [1m[32m   Compiling[0m petgraph v0.6.5
2025-09-20T21:21:06.7577260Z [1m[32m   Compiling[0m addr2line v0.24.2
2025-09-20T21:21:07.1610844Z [1m[32m   Compiling[0m thread-id v4.2.2
2025-09-20T21:21:07.2003711Z [1m[32m   Compiling[0m socket2 v0.6.0
2025-09-20T21:21:07.7079505Z [1m[32m   Compiling[0m synstructure v0.13.2
2025-09-20T21:21:07.7641757Z [1m[32m   Compiling[0m mio v1.0.4
2025-09-20T21:21:08.2304687Z [1m[32m   Compiling[0m serde_derive v1.0.225
2025-09-20T21:21:08.2355780Z [1m[32m   Compiling[0m zeroize_derive v1.4.2
2025-09-20T21:21:08.2788942Z [1m[32m   Compiling[0m backtrace v0.3.75
2025-09-20T21:21:08.4858455Z [1m[32m   Compiling[0m tokio-macros v2.5.0
2025-09-20T21:21:08.7075935Z [1m[32m   Compiling[0m signal-hook-registry v1.4.6
2025-09-20T21:21:09.0653773Z [1m[32m   Compiling[0m once_cell v1.21.3
2025-09-20T21:21:09.2183583Z [1m[32m   Compiling[0m log v0.4.28
2025-09-20T21:21:09.3836094Z [1m[32m   Compiling[0m zerocopy v0.8.27
2025-09-20T21:21:09.6327412Z [1m[32m   Compiling[0m slab v0.4.11
2025-09-20T21:21:09.7498090Z [1m[32m   Compiling[0m futures-sink v0.3.31
2025-09-20T21:21:09.8244890Z [1m[32m   Compiling[0m zerofrom-derive v0.1.6
2025-09-20T21:21:09.8926875Z [1m[32m   Compiling[0m pin-utils v0.1.0
2025-09-20T21:21:10.1362976Z [1m[32m   Compiling[0m yoke-derive v0.8.0
2025-09-20T21:21:11.0621986Z [1m[32m   Compiling[0m zerofrom v0.1.6
2025-09-20T21:21:11.1115287Z [1m[32m   Compiling[0m find-msvc-tools v0.1.2
2025-09-20T21:21:11.1516229Z [1m[32m   Compiling[0m shlex v1.3.0
2025-09-20T21:21:11.2707907Z [1m[32m   Compiling[0m cc v1.2.38
2025-09-20T21:21:11.3014191Z [1m[32m   Compiling[0m yoke v0.8.0
2025-09-20T21:21:11.4513286Z [1m[32m   Compiling[0m itoa v1.0.15
2025-09-20T21:21:11.5260881Z [1m[32m   Compiling[0m futures-channel v0.3.31
2025-09-20T21:21:11.6795747Z [1m[32m   Compiling[0m ppv-lite86 v0.2.21
2025-09-20T21:21:11.6947003Z [1m[32m   Compiling[0m zerovec-derive v0.11.1
2025-09-20T21:21:11.9840095Z [1m[32m   Compiling[0m bytes v1.10.1
2025-09-20T21:21:12.6390260Z [1m[32m   Compiling[0m zeroize v1.8.1
2025-09-20T21:21:12.6952110Z [1m[32m   Compiling[0m parking_lot v0.12.4
2025-09-20T21:21:12.7444814Z [1m[32m   Compiling[0m subtle v2.6.1
2025-09-20T21:21:12.7784045Z [1m[32m   Compiling[0m zerovec v0.11.4
2025-09-20T21:21:12.8066903Z [1m[32m   Compiling[0m crypto-common v0.1.6
2025-09-20T21:21:12.8584704Z [1m[32m   Compiling[0m displaydoc v0.2.5
2025-09-20T21:21:12.8724090Z [1m[32m   Compiling[0m futures-macro v0.3.31
2025-09-20T21:21:13.1033074Z [1m[32m   Compiling[0m tokio v1.47.1
2025-09-20T21:21:13.3749673Z [1m[32m   Compiling[0m rand_core v0.6.4
2025-09-20T21:21:13.5367074Z [1m[32m   Compiling[0m futures-io v0.3.31
2025-09-20T21:21:13.5675176Z [1m[32m   Compiling[0m futures-task v0.3.31
2025-09-20T21:21:13.6412580Z [1m[32m   Compiling[0m semver v1.0.27
2025-09-20T21:21:13.6785576Z [1m[32m   Compiling[0m futures-util v0.3.31
2025-09-20T21:21:13.7389326Z [1m[32m   Compiling[0m fnv v1.0.7
2025-09-20T21:21:13.7812501Z [1m[32m   Compiling[0m tracing-core v0.1.34
2025-09-20T21:21:13.8976997Z [1m[32m   Compiling[0m rustc_version v0.4.1
2025-09-20T21:21:14.1223482Z [1m[32m   Compiling[0m getrandom v0.3.3
2025-09-20T21:21:14.3258796Z [1m[32m   Compiling[0m tinystr v0.8.1
2025-09-20T21:21:14.3681317Z [1m[32m   Compiling[0m block-buffer v0.10.4
2025-09-20T21:21:14.4547559Z [1m[32m   Compiling[0m tracing-attributes v0.1.30
2025-09-20T21:21:14.4636150Z [1m[32m   Compiling[0m writeable v0.6.1
2025-09-20T21:21:14.7322910Z [1m[32m   Compiling[0m cpufeatures v0.2.17
2025-09-20T21:21:14.7667425Z [1m[32m   Compiling[0m litemap v0.8.0
2025-09-20T21:21:14.9508915Z [1m[32m   Compiling[0m icu_locale_core v2.0.0
2025-09-20T21:21:15.7046122Z [1m[32m   Compiling[0m tracing v0.1.41
2025-09-20T21:21:15.9154622Z [1m[32m   Compiling[0m digest v0.10.7
2025-09-20T21:21:16.0645188Z [1m[32m   Compiling[0m potential_utf v0.1.3
2025-09-20T21:21:16.0995194Z [1m[32m   Compiling[0m rand_chacha v0.3.1
2025-09-20T21:21:16.1640575Z [1m[32m   Compiling[0m zerotrie v0.2.2
2025-09-20T21:21:16.4414804Z [1m[32m   Compiling[0m ring v0.17.14
2025-09-20T21:21:16.5353124Z [1m[32m   Compiling[0m icu_properties_data v2.0.1
2025-09-20T21:21:16.6274216Z [1m[32m   Compiling[0m icu_normalizer_data v2.0.0
2025-09-20T21:21:16.6411872Z [1m[32m   Compiling[0m icu_provider v2.0.0
2025-09-20T21:21:16.7356932Z [1m[32m   Compiling[0m rand v0.8.5
2025-09-20T21:21:16.8963311Z [1m[32m   Compiling[0m icu_collections v2.0.0
2025-09-20T21:21:17.4162713Z [1m[32m   Compiling[0m byteorder v1.5.0
2025-09-20T21:21:17.4923324Z [1m[32m   Compiling[0m tokio-util v0.7.16
2025-09-20T21:21:17.6918131Z [1m[32m   Compiling[0m rustls-pki-types v1.12.0
2025-09-20T21:21:18.1429012Z [1m[32m   Compiling[0m untrusted v0.9.0
2025-09-20T21:21:18.1979185Z [1m[32m   Compiling[0m percent-encoding v2.3.2
2025-09-20T21:21:18.3023636Z [1m[32m   Compiling[0m syn v1.0.109
2025-09-20T21:21:18.3273399Z [1m[32m   Compiling[0m icu_properties v2.0.1
2025-09-20T21:21:18.5071844Z [1m[32m   Compiling[0m icu_normalizer v2.0.0
2025-09-20T21:21:19.1323190Z [1m[32m   Compiling[0m heapless v0.7.17
2025-09-20T21:21:19.2641195Z [1m[32m   Compiling[0m inout v0.1.4
2025-09-20T21:21:19.3496271Z [1m[32m   Compiling[0m crossbeam-utils v0.8.21
2025-09-20T21:21:19.5189763Z [1m[32m   Compiling[0m httparse v1.10.1
2025-09-20T21:21:19.6625427Z [1m[32m   Compiling[0m radium v0.7.0
2025-09-20T21:21:19.7204417Z [1m[32m   Compiling[0m base64 v0.22.1
2025-09-20T21:21:19.8344340Z [1m[32m   Compiling[0m cipher v0.4.4
2025-09-20T21:21:20.0033648Z [1m[32m   Compiling[0m idna_adapter v1.2.1
2025-09-20T21:21:20.0721251Z [1m[32m   Compiling[0m form_urlencoded v1.2.2
2025-09-20T21:21:20.1923585Z [1m[32m   Compiling[0m hash32 v0.2.1
2025-09-20T21:21:20.3394670Z [1m[32m   Compiling[0m futures-executor v0.3.31
2025-09-20T21:21:20.5738525Z [1m[32m   Compiling[0m http v1.3.1
2025-09-20T21:21:20.6865965Z [1m[32m   Compiling[0m universal-hash v0.5.1
2025-09-20T21:21:20.7537073Z [1m[32m   Compiling[0m spin v0.9.8
2025-09-20T21:21:20.9157694Z [1m[32m   Compiling[0m num-traits v0.2.19
2025-09-20T21:21:21.0176408Z [1m[32m   Compiling[0m utf8_iter v1.0.4
2025-09-20T21:21:21.1090966Z [1m[32m   Compiling[0m try-lock v0.2.5
2025-09-20T21:21:21.1581165Z [1m[32m   Compiling[0m opaque-debug v0.3.1
2025-09-20T21:21:21.1888125Z [1m[32m   Compiling[0m tower-service v0.3.3
2025-09-20T21:21:21.2312787Z [1m[32m   Compiling[0m tap v1.0.1
2025-09-20T21:21:21.2945470Z [1m[32m   Compiling[0m wyz v0.5.1
2025-09-20T21:21:21.4511778Z [1m[32m   Compiling[0m http-body v1.0.1
2025-09-20T21:21:21.5360963Z [1m[32m   Compiling[0m want v0.3.1
2025-09-20T21:21:21.6322308Z [1m[32m   Compiling[0m idna v1.1.0
2025-09-20T21:21:21.7171939Z [1m[32m   Compiling[0m futures v0.3.31
2025-09-20T21:21:22.3505665Z [1m[32m   Compiling[0m tokio-stream v0.1.17
2025-09-20T21:21:22.4250145Z [1m[32m   Compiling[0m async-trait v0.1.89
2025-09-20T21:21:22.5060913Z [1m[32m   Compiling[0m cfg_aliases v0.2.1
2025-09-20T21:21:22.5401759Z [1m[32m   Compiling[0m rustls v0.23.32
2025-09-20T21:21:22.6341188Z [1m[32m   Compiling[0m funty v2.0.0
2025-09-20T21:21:22.6809493Z [1m[32m   Compiling[0m const-oid v0.9.6
2025-09-20T21:21:23.2899948Z [1m[32m   Compiling[0m bitvec v1.0.1
2025-09-20T21:21:23.4176147Z [1m[32m   Compiling[0m citadel_io v0.13.0 (/home/runner/work/Citadel-Protocol/Citadel-Protocol/citadel_io)
2025-09-20T21:21:23.4729981Z [1m[32m   Compiling[0m aead v0.5.2
2025-09-20T21:21:23.5536906Z [1m[32m   Compiling[0m url v2.5.7
2025-09-20T21:21:23.7839987Z [1m[32m   Compiling[0m der v0.7.10
2025-09-20T21:21:24.5408178Z [1m[32m   Compiling[0m rustls-webpki v0.103.6
2025-09-20T21:21:24.9350277Z [1m[32m   Compiling[0m rand_core v0.9.3
2025-09-20T21:21:25.0957682Z [1m[32m   Compiling[0m http v0.2.12
2025-09-20T21:21:25.1889933Z [1m[32m   Compiling[0m bincode v1.3.3
2025-09-20T21:21:25.4433393Z [1m[32m   Compiling[0m sync_wrapper v1.0.2
2025-09-20T21:21:25.4930780Z [1m[32m   Compiling[0m memoffset v0.7.1
2025-09-20T21:21:25.5923969Z [1m[32m   Compiling[0m libm v0.2.15
2025-09-20T21:21:25.6054136Z [1m[32m   Compiling[0m lazy_static v1.5.0
2025-09-20T21:21:25.6462705Z [1m[32m   Compiling[0m ipnet v2.11.0
2025-09-20T21:21:25.7231095Z [1m[32m   Compiling[0m regex-syntax v0.8.6
2025-09-20T21:21:25.7730408Z [1m[32m   Compiling[0m heck v0.5.0
2025-09-20T21:21:25.9402093Z [1m[32m   Compiling[0m pkg-config v0.3.32
2025-09-20T21:21:26.2054224Z [1m[32m   Compiling[0m ryu v1.0.20
2025-09-20T21:21:26.2393277Z [1m[32m   Compiling[0m pqc_kyber_kyberslash v0.7.1
2025-09-20T21:21:26.3345333Z [1m[32m   Compiling[0m vcpkg v0.2.15
2025-09-20T21:21:26.3408760Z [1m[32m   Compiling[0m keccak v0.1.5
2025-09-20T21:21:26.4022724Z [1m[32m   Compiling[0m packed_struct v0.10.1
2025-09-20T21:21:26.5492194Z [1m[32m   Compiling[0m sha3 v0.10.8
2025-09-20T21:21:26.5797003Z [1m[32m   Compiling[0m strum_macros v0.27.2
2025-09-20T21:21:26.8284226Z [1m[32m   Compiling[0m regex-automata v0.4.10
2025-09-20T21:21:26.9623970Z [1m[32m   Compiling[0m openssl-sys v0.9.109
2025-09-20T21:21:27.3777111Z [1m[32m   Compiling[0m rand_chacha v0.9.0
2025-09-20T21:21:28.1988074Z [1m[32m   Compiling[0m spki v0.7.3
2025-09-20T21:21:28.3321303Z [1m[32m   Compiling[0m packed_struct_codegen v0.10.1
2025-09-20T21:21:28.6482246Z [1m[32m   Compiling[0m crossbeam-epoch v0.9.18
2025-09-20T21:21:28.9536909Z [1m[32m   Compiling[0m polyval v0.6.2
2025-09-20T21:21:29.1195847Z [1m[32m   Compiling[0m uuid v1.18.1
2025-09-20T21:21:29.2941627Z [1m[32m   Compiling[0m sha2 v0.10.9
2025-09-20T21:21:29.5173079Z [1m[32m   Compiling[0m rayon-core v1.13.0
2025-09-20T21:21:29.6112340Z [1m[32m   Compiling[0m thiserror v2.0.16
2025-09-20T21:21:29.6695888Z [1m[32m   Compiling[0m citadel_types v0.13.0 (/home/runner/work/Citadel-Protocol/Citadel-Protocol/citadel_types)
2025-09-20T21:21:29.7610603Z [1m[32m   Compiling[0m powerfmt v0.2.0
2025-09-20T21:21:29.8079197Z [1m[32m   Compiling[0m atomic-waker v1.1.2
2025-09-20T21:21:29.8653926Z [1m[32m   Compiling[0m thiserror v1.0.69
2025-09-20T21:21:29.9103724Z [1m[32m   Compiling[0m bitflags v2.9.4
2025-09-20T21:21:30.0515426Z [1m[32m   Compiling[0m either v1.15.0
2025-09-20T21:21:30.0602935Z [1m[32m   Compiling[0m openssl-probe v0.1.6
2025-09-20T21:21:30.1763814Z [1m[32m   Compiling[0m tower-layer v0.3.3
2025-09-20T21:21:30.2165773Z [1m[32m   Compiling[0m rustls-native-certs v0.8.1
2025-09-20T21:21:30.2924228Z [1m[32m   Compiling[0m tower v0.5.2
2025-09-20T21:21:30.5139151Z [1m[32m   Compiling[0m deranged v0.5.3
2025-09-20T21:21:30.7930005Z [1m[32m   Compiling[0m hyper v1.7.0
2025-09-20T21:21:31.7968015Z [1m[32m   Compiling[0m ghash v0.5.1
2025-09-20T21:21:31.8578121Z [1m[32m   Compiling[0m crossbeam-deque v0.8.6
2025-09-20T21:21:32.0005415Z [1m[32m   Compiling[0m strum v0.27.2
2025-09-20T21:21:32.0471171Z [1m[32m   Compiling[0m pkcs8 v0.10.2
2025-09-20T21:21:32.1485828Z [1m[32m   Compiling[0m rand v0.9.2
2025-09-20T21:21:32.7826300Z [1m[32m   Compiling[0m quinn-udp v0.5.14
2025-09-20T21:21:33.0041355Z [1m[32m   Compiling[0m poly1305 v0.8.0
2025-09-20T21:21:33.2062648Z [1m[32m   Compiling[0m aes v0.8.4
2025-09-20T21:21:33.4136299Z [1m[32m   Compiling[0m ctr v0.9.2
2025-09-20T21:21:33.5385879Z [1m[32m   Compiling[0m chacha20 v0.9.1
2025-09-20T21:21:33.7034624Z [1m[32m   Compiling[0m signature v2.2.0
2025-09-20T21:21:33.7819813Z [1m[32m   Compiling[0m arrayvec v0.7.6
2025-09-20T21:21:33.8029986Z [1m[32m   Compiling[0m thiserror-impl v1.0.69
2025-09-20T21:21:33.8113542Z [1m[32m   Compiling[0m bytemuck_derive v1.10.1
2025-09-20T21:21:33.9580575Z [1m[32m   Compiling[0m auto_impl v1.3.0
2025-09-20T21:21:34.1124481Z [1m[32m   Compiling[0m thiserror-impl v2.0.16
2025-09-20T21:21:34.7394725Z [1m[32m   Compiling[0m hybrid-array v0.3.1
2025-09-20T21:21:34.9113969Z [1m[32m   Compiling[0m num-conv v0.1.0
2025-09-20T21:21:34.9446880Z [1m[32m   Compiling[0m siphasher v1.0.1
2025-09-20T21:21:35.0184285Z [1m[32m   Compiling[0m ascon-core v0.4.1
2025-09-20T21:21:35.0868173Z [1m[32m   Compiling[0m tinyvec_macros v0.1.1
2025-09-20T21:21:35.1172554Z [1m[32m   Compiling[0m arrayref v0.3.9
2025-09-20T21:21:35.1212651Z [1m[32m   Compiling[0m anyhow v1.0.100
2025-09-20T21:21:35.1516979Z [1m[32m   Compiling[0m twox-hash v2.1.2
2025-09-20T21:21:35.2294896Z [1m[32m   Compiling[0m constant_time_eq v0.3.1
2025-09-20T21:21:35.2838091Z [1m[32m   Compiling[0m bitflags v1.3.2
2025-09-20T21:21:35.3149144Z [1m[32m   Compiling[0m iri-string v0.7.8
2025-09-20T21:21:35.3200364Z [1m[32m   Compiling[0m time-core v0.1.6
2025-09-20T21:21:35.4236937Z [1m[32m   Compiling[0m time v0.3.44
2025-09-20T21:21:35.4299181Z [1m[32m   Compiling[0m nix v0.26.4
2025-09-20T21:21:35.6253366Z [1m[32m   Compiling[0m ml-dsa v0.0.4
2025-09-20T21:21:35.9625272Z [1m[32m   Compiling[0m blake2b_simd v1.0.3
2025-09-20T21:21:37.0063140Z [1m[32m   Compiling[0m tower-http v0.6.6
2025-09-20T21:21:37.3915633Z [1m[32m   Compiling[0m tinyvec v1.10.0
2025-09-20T21:21:37.5822103Z [1m[32m   Compiling[0m ascon-aead v0.4.4
2025-09-20T21:21:37.7011603Z [1m[32m   Compiling[0m fastbloom v0.14.0
2025-09-20T21:21:37.7682128Z [1m[32m   Compiling[0m bytemuck v1.23.2
2025-09-20T21:21:37.9349128Z [1m[32m   Compiling[0m rustls-platform-verifier v0.6.1
2025-09-20T21:21:37.9732179Z [1m[32m   Compiling[0m chacha20poly1305 v0.10.1
2025-09-20T21:21:38.0771244Z [1m[32m   Compiling[0m aes-gcm v0.10.3
2025-09-20T21:21:38.2224502Z [1m[32m   Compiling[0m hyper-util v0.1.17
2025-09-20T21:21:38.2602523Z [1m[32m   Compiling[0m kyber-pke v0.5.0
2025-09-20T21:21:38.3486173Z [1m[32m   Compiling[0m serde_urlencoded v0.7.1
2025-09-20T21:21:38.5413246Z [1m[32m   Compiling[0m http-body v0.4.6
2025-09-20T21:21:38.7260333Z [1m[32m   Compiling[0m h2 v0.3.27
2025-09-20T21:21:39.0062931Z [1m[32m   Compiling[0m quinn v0.11.9
2025-09-20T21:21:39.1482854Z [1m[32m   Compiling[0m http-body-util v0.1.3
2025-09-20T21:21:39.3350405Z [1m[32m   Compiling[0m serde-big-array v0.5.1
2025-09-20T21:21:39.4124953Z [1m[32m   Compiling[0m async-stream-impl v0.3.6
2025-09-20T21:21:39.4127889Z [1m[32m   Compiling[0m socket2 v0.5.10
2025-09-20T21:21:39.8156190Z [1m[32m   Compiling[0m foreign-types-shared v0.1.1
2025-09-20T21:21:39.8518014Z [1m[32m   Compiling[0m serde_json v1.0.145
2025-09-20T21:21:39.9380369Z [1m[32m   Compiling[0m httpdate v1.0.3
2025-09-20T21:21:39.9568249Z [1m[32m   Compiling[0m xml-rs v0.8.27
2025-09-20T21:21:40.1104599Z [1m[32m   Compiling[0m wildmatch v1.1.0
2025-09-20T21:21:40.1313668Z [1m[32m   Compiling[0m crc-catalog v2.4.0
2025-09-20T21:21:40.1754279Z [1m[32m   Compiling[0m openssl v0.10.73
2025-09-20T21:21:40.1878308Z [1m[32m   Compiling[0m rustc-hash v2.1.1
2025-09-20T21:21:40.2489690Z [1m[32m   Compiling[0m constant_time_eq v0.4.2
2025-09-20T21:21:40.3734748Z [1m[32m   Compiling[0m winnow v0.7.13
2025-09-20T21:21:40.9631984Z [1m[32m   Compiling[0m lru-slab v0.1.2
2025-09-20T21:21:41.0412966Z [1m[32m   Compiling[0m quinn-proto v0.11.13
2025-09-20T21:21:41.2454265Z [1m[32m   Compiling[0m aho-corasick v1.1.3
2025-09-20T21:21:42.1534258Z [1m[32m   Compiling[0m toml_parser v1.0.3
2025-09-20T21:21:42.7849012Z [1m[32m   Compiling[0m hyper v0.14.32
2025-09-20T21:21:43.0879813Z [1m[32m   Compiling[0m xmltree v0.10.3
2025-09-20T21:21:43.2314030Z [1m[32m   Compiling[0m rust-argon2 v3.0.0
2025-09-20T21:21:43.7284162Z [1m[32m   Compiling[0m crc v3.3.0
2025-09-20T21:21:43.8950410Z [1m[32m   Compiling[0m attohttpc v0.16.3
2025-09-20T21:21:44.2171433Z [1m[32m   Compiling[0m foreign-types v0.3.2
2025-09-20T21:21:44.2476544Z [1m[32m   Compiling[0m async-stream v0.3.6
2025-09-20T21:21:44.3206642Z [1m[32m   Compiling[0m reqwest v0.12.23
2025-09-20T21:21:45.0663795Z [1m[32m   Compiling[0m citadel_pqcrypto v0.13.0 (/home/runner/work/Citadel-Protocol/Citadel-Protocol/citadel_pqcrypto)
2025-09-20T21:21:47.4428378Z [1m[32m   Compiling[0m rayon v1.11.0
2025-09-20T21:21:47.5153308Z [1m[32m   Compiling[0m webrtc-util v0.8.1
2025-09-20T21:21:48.5353248Z [1m[32m   Compiling[0m atomic v0.6.1
2025-09-20T21:21:48.6668007Z [1m[32m   Compiling[0m yasna v0.5.2
2025-09-20T21:21:49.1551408Z [1m[32m   Compiling[0m matchers v0.2.0
2025-09-20T21:21:49.2360291Z [1m[32m   Compiling[0m sharded-slab v0.1.7
2025-09-20T21:21:49.4313730Z [1m[32m   Compiling[0m num-integer v0.1.46
2025-09-20T21:21:49.6465207Z [1m[32m   Compiling[0m pem v3.0.5
2025-09-20T21:21:49.6943170Z [1m[32m   Compiling[0m md-5 v0.10.6
2025-09-20T21:21:49.7415987Z [1m[32m   Compiling[0m tracing-log v0.2.0
2025-09-20T21:21:49.7818144Z [1m[32m   Compiling[0m sysinfo v0.29.11
2025-09-20T21:21:49.8240368Z [1m[32m   Compiling[0m openssl-macros v0.1.1
2025-09-20T21:21:49.9203207Z [1m[32m   Compiling[0m num_cpus v1.17.0
2025-09-20T21:21:49.9877356Z [1m[32m   Compiling[0m thread_local v1.1.9
2025-09-20T21:21:50.0420048Z [1m[32m   Compiling[0m iana-time-zone v0.1.64
2025-09-20T21:21:50.1722867Z [1m[32m   Compiling[0m base64 v0.21.7
2025-09-20T21:21:50.2739174Z [1m[32m   Compiling[0m toml_datetime v0.7.2
2025-09-20T21:21:50.4542762Z [1m[32m   Compiling[0m nu-ansi-term v0.50.1
2025-09-20T21:21:50.4692249Z [1m[32m   Compiling[0m toml_edit v0.23.6
2025-09-20T21:21:50.7491082Z [1m[32m   Compiling[0m tracing-subscriber v0.3.20
2025-09-20T21:21:51.3229725Z [1m[32m   Compiling[0m stun v0.5.1
2025-09-20T21:21:51.5529939Z [1m[32m   Compiling[0m citadel_crypt v0.13.0 (/home/runner/work/Citadel-Protocol/Citadel-Protocol/citadel_crypt)
2025-09-20T21:21:53.1997684Z [1m[32m   Compiling[0m chrono v0.4.42
2025-09-20T21:21:54.2834365Z [1m[32m   Compiling[0m rcgen v0.14.4
2025-09-20T21:21:54.9867325Z [1m[32m   Compiling[0m netbeam v0.13.0 (/home/runner/work/Citadel-Protocol/Citadel-Protocol/netbeam)
2025-09-20T21:21:56.1343717Z [1m[32m   Compiling[0m igd v0.12.1
2025-09-20T21:21:56.5539509Z [1m[32m   Compiling[0m async_ip v0.13.0 (/home/runner/work/Citadel-Protocol/Citadel-Protocol/async_ip)
2025-09-20T21:21:57.0450558Z [1m[32m   Compiling[0m tokio-rustls v0.26.3
2025-09-20T21:21:57.1025606Z [1m[32m   Compiling[0m itertools v0.14.0
2025-09-20T21:21:57.2551273Z [1m[32m   Compiling[0m bstr v1.12.0
2025-09-20T21:21:57.5304340Z [1m[32m   Compiling[0m async-trait-with-sync v0.1.36
2025-09-20T21:21:57.9629377Z [1m[32m   Compiling[0m rustls-pemfile v2.2.0
2025-09-20T21:21:58.0737757Z [1m[32m   Compiling[0m rstest_macros v0.23.0
2025-09-20T21:21:58.0977132Z [1m[32m   Compiling[0m multimap v0.10.1
2025-09-20T21:21:58.2211095Z [1m[32m   Compiling[0m zerocopy-derive v0.7.35
2025-09-20T21:21:58.2577133Z [1m[32m   Compiling[0m citadel_user v0.13.0 (/home/runner/work/Citadel-Protocol/Citadel-Protocol/citadel_user)
2025-09-20T21:21:58.2903272Z [1m[32m   Compiling[0m regex v1.11.2
2025-09-20T21:21:58.6074593Z [1m[32m   Compiling[0m citadel_wire v0.13.0 (/home/runner/work/Citadel-Protocol/Citadel-Protocol/citadel_wire)
2025-09-20T21:21:58.7186137Z [1m[32m   Compiling[0m citadel_logging v0.13.0 (/home/runner/work/Citadel-Protocol/Citadel-Protocol/citadel_logging)
2025-09-20T21:21:58.9277503Z [1m[32m   Compiling[0m zerocopy v0.7.35
2025-09-20T21:21:58.9324356Z [1m[32m   Compiling[0m proc-macro-crate v3.4.0
2025-09-20T21:21:59.4006740Z [1m[32m   Compiling[0m embedded-semver v0.3.0
2025-09-20T21:21:59.5009226Z [0m[1m[33mwarning[0m[0m[1m: hiding a lifetime that's elided elsewhere is confusing[0m
2025-09-20T21:21:59.5010741Z [0m   [0m[0m[1m[38;5;12m--> [0m[0mcitadel_user/src/client_account.rs:326:17[0m
2025-09-20T21:21:59.5011725Z [0m    [0m[0m[1m[38;5;12m|[0m
2025-09-20T21:21:59.5012850Z [0m[1m[38;5;12m326[0m[0m [0m[0m[1m[38;5;12m|[0m[0m [0m[0m    pub fn read(&self) -> RwLockReadGuard<AccountState> {[0m
2025-09-20T21:21:59.5014101Z [0m    [0m[0m[1m[38;5;12m|[0m[0m                 [0m[0m[1m[33m^^^^^[0m[0m     [0m[0m[1m[38;5;12m-----------------------------[0m[0m [0m[0m[1m[38;5;12mthe same lifetime is hidden here[0m
2025-09-20T21:21:59.5014962Z [0m    [0m[0m[1m[38;5;12m|[0m[0m                 [0m[0m[1m[33m|[0m
2025-09-20T21:21:59.5015680Z [0m    [0m[0m[1m[38;5;12m|[0m[0m                 [0m[0m[1m[33mthe lifetime is elided here[0m
2025-09-20T21:21:59.5016231Z [0m    [0m[0m[1m[38;5;12m|[0m
2025-09-20T21:21:59.5017083Z [0m    [0m[0m[1m[38;5;12m= [0m[0m[1mhelp[0m[0m: the same lifetime is referred to in inconsistent ways, making the signature confusing[0m
2025-09-20T21:21:59.5018135Z [0m    [0m[0m[1m[38;5;12m= [0m[0m[1mnote[0m[0m: `#[warn(mismatched_lifetime_syntaxes)]` on by default[0m
2025-09-20T21:21:59.5019191Z [0m[1m[38;5;14mhelp[0m[0m: use `'_` for type paths[0m
2025-09-20T21:21:59.5019767Z [0m    [0m[0m[1m[38;5;12m|[0m
2025-09-20T21:21:59.5020724Z [0m[1m[38;5;12m326[0m[0m [0m[0m[1m[38;5;12m| [0m[0m    pub fn read(&self) -> RwLockReadGuard<[0m[0m[38;5;10m'_, [0m[0mAccountState> {[0m
2025-09-20T21:21:59.5021727Z [0m    [0m[0m[1m[38;5;12m|[0m[0m                                           [0m[0m[38;5;10m+++[0m
2025-09-20T21:21:59.5022106Z 
2025-09-20T21:21:59.5022594Z [0m[1m[33mwarning[0m[0m[1m: hiding a lifetime that's elided elsewhere is confusing[0m
2025-09-20T21:21:59.5023449Z [0m   [0m[0m[1m[38;5;12m--> [0m[0mcitadel_user/src/client_account.rs:331:18[0m
2025-09-20T21:21:59.5024037Z [0m    [0m[0m[1m[38;5;12m|[0m
2025-09-20T21:21:59.5024824Z [0m[1m[38;5;12m331[0m[0m [0m[0m[1m[38;5;12m|[0m[0m [0m[0m    pub fn write(&self) -> RwLockWriteGuard<AccountState> {[0m
2025-09-20T21:21:59.5026055Z [0m    [0m[0m[1m[38;5;12m|[0m[0m                  [0m[0m[1m[33m^^^^^[0m[0m     [0m[0m[1m[38;5;12m------------------------------[0m[0m [0m[0m[1m[38;5;12mthe same lifetime is hidden here[0m
2025-09-20T21:21:59.5026969Z [0m    [0m[0m[1m[38;5;12m|[0m[0m                  [0m[0m[1m[33m|[0m
2025-09-20T21:21:59.5027692Z [0m    [0m[0m[1m[38;5;12m|[0m[0m                  [0m[0m[1m[33mthe lifetime is elided here[0m
2025-09-20T21:21:59.5028266Z [0m    [0m[0m[1m[38;5;12m|[0m
2025-09-20T21:21:59.5059657Z [0m    [0m[0m[1m[38;5;12m= [0m[0m[1mhelp[0m[0m: the same lifetime is referred to in inconsistent ways, making the signature confusing[0m
2025-09-20T21:21:59.5060574Z [0m[1m[38;5;14mhelp[0m[0m: use `'_` for type paths[0m
2025-09-20T21:21:59.5061083Z [0m    [0m[0m[1m[38;5;12m|[0m
2025-09-20T21:21:59.5061940Z [0m[1m[38;5;12m331[0m[0m [0m[0m[1m[38;5;12m| [0m[0m    pub fn write(&self) -> RwLockWriteGuard<[0m[0m[38;5;10m'_, [0m[0mAccountState> {[0m
2025-09-20T21:21:59.5062852Z [0m    [0m[0m[1m[38;5;12m|[0m[0m                                             [0m[0m[38;5;10m+++[0m
2025-09-20T21:21:59.5063535Z 
2025-09-20T21:21:59.5850984Z [1m[32m   Compiling[0m dirs-sys v0.3.7
2025-09-20T21:21:59.6272121Z [1m[32m   Compiling[0m relative-path v1.9.3
2025-09-20T21:21:59.7465438Z [1m[33mwarning[0m[1m:[0m `citadel_user` (lib) generated 2 warnings
2025-09-20T21:21:59.7469049Z [1m[32m   Compiling[0m glob v0.3.3
2025-09-20T21:21:59.8620762Z [1m[32m   Compiling[0m cfg-if v0.1.10
2025-09-20T21:21:59.8672121Z [1m[32m   Compiling[0m futures-timer v3.0.3
2025-09-20T21:21:59.8952628Z [1m[32m   Compiling[0m dirs2 v3.0.1
2025-09-20T21:21:59.9468196Z [0m[1m[33mwarning[0m[0m[1m: hiding a lifetime that's elided elsewhere is confusing[0m
2025-09-20T21:21:59.9469985Z [0m   [0m[0m[1m[38;5;12m--> [0m[0mcitadel_wire/src/udp_traversal/linear/method3.rs:456:20[0m
2025-09-20T21:21:59.9470923Z [0m    [0m[0m[1m[38;5;12m|[0m
2025-09-20T21:21:59.9471849Z [0m[1m[38;5;12m456[0m[0m [0m[0m[1m[38;5;12m|[0m[0m [0m[0m    fn new(socket: &UdpSocket) -> UdpWrapper {[0m
2025-09-20T21:21:59.9473274Z [0m    [0m[0m[1m[38;5;12m|[0m[0m                    [0m[0m[1m[33m^^^^^^^^^^[0m[0m     [0m[0m[1m[38;5;12m----------[0m[0m [0m[0m[1m[38;5;12mthe same lifetime is hidden here[0m
2025-09-20T21:21:59.9474360Z [0m    [0m[0m[1m[38;5;12m|[0m[0m                    [0m[0m[1m[33m|[0m
2025-09-20T21:21:59.9475281Z [0m    [0m[0m[1m[38;5;12m|[0m[0m                    [0m[0m[1m[33mthe lifetime is elided here[0m
2025-09-20T21:21:59.9476124Z [0m    [0m[0m[1m[38;5;12m|[0m
2025-09-20T21:21:59.9477295Z [0m    [0m[0m[1m[38;5;12m= [0m[0m[1mhelp[0m[0m: the same lifetime is referred to in inconsistent ways, making the signature confusing[0m
2025-09-20T21:21:59.9478914Z [0m    [0m[0m[1m[38;5;12m= [0m[0m[1mnote[0m[0m: `#[warn(mismatched_lifetime_syntaxes)]` on by default[0m
2025-09-20T21:21:59.9480195Z [0m[1m[38;5;14mhelp[0m[0m: use `'_` for type paths[0m
2025-09-20T21:21:59.9481025Z [0m    [0m[0m[1m[38;5;12m|[0m
2025-09-20T21:21:59.9482076Z [0m[1m[38;5;12m456[0m[0m [0m[0m[1m[38;5;12m| [0m[0m    fn new(socket: &UdpSocket) -> UdpWrapper[0m[0m[38;5;10m<'_>[0m[0m {[0m
2025-09-20T21:21:59.9484896Z [0m    [0m[0m[1m[38;5;12m|[0m[0m                                             [0m[0m[38;5;10m++++[0m
2025-09-20T21:21:59.9485608Z 
2025-09-20T21:21:59.9511275Z [0m[1m[33mwarning[0m[0m[1m: hiding a lifetime that's elided elsewhere is confusing[0m
2025-09-20T21:21:59.9512716Z [0m   [0m[0m[1m[38;5;12m--> [0m[0mcitadel_wire/src/udp_traversal/udp_hole_puncher.rs:217:9[0m
2025-09-20T21:21:59.9513735Z [0m    [0m[0m[1m[38;5;12m|[0m
2025-09-20T21:21:59.9514949Z [0m[1m[38;5;12m217[0m[0m [0m[0m[1m[38;5;12m|[0m[0m [0m[0m        &self,[0m
2025-09-20T21:21:59.9516757Z [0m    [0m[0m[1m[38;5;12m|[0m[0m         [0m[0m[1m[33m^^^^^[0m[0m [0m[0m[1m[33mthe lifetime is elided here[0m
2025-09-20T21:21:59.9518302Z [0m[1m[38;5;12m218[0m[0m [0m[0m[1m[38;5;12m|[0m[0m [0m[0m        encrypted_config_container: HolePunchConfigContainer,[0m
2025-09-20T21:21:59.9520298Z [0m[1m[38;5;12m219[0m[0m [0m[0m[1m[38;5;12m|[0m[0m [0m[0m    ) -> UdpHolePuncher;[0m
2025-09-20T21:21:59.9521740Z [0m    [0m[0m[1m[38;5;12m|[0m[0m          [0m[0m[1m[38;5;12m--------------[0m[0m [0m[0m[1m[38;5;12mthe same lifetime is hidden here[0m
2025-09-20T21:21:59.9523814Z [0m    [0m[0m[1m[38;5;12m|[0m
2025-09-20T21:21:59.9524837Z [0m    [0m[0m[1m[38;5;12m= [0m[0m[1mhelp[0m[0m: the same lifetime is referred to in inconsistent ways, making the signature confusing[0m
2025-09-20T21:21:59.9525842Z [0m[1m[38;5;14mhelp[0m[0m: use `'_` for type paths[0m
2025-09-20T21:21:59.9526400Z [0m    [0m[0m[1m[38;5;12m|[0m
2025-09-20T21:21:59.9527196Z [0m[1m[38;5;12m219[0m[0m [0m[0m[1m[38;5;12m| [0m[0m    ) -> UdpHolePuncher[0m[0m[38;5;10m<'_>[0m[0m;[0m
2025-09-20T21:21:59.9528070Z [0m    [0m[0m[1m[38;5;12m|[0m[0m                        [0m[0m[38;5;10m++++[0m
2025-09-20T21:21:59.9528986Z 
2025-09-20T21:21:59.9534433Z [0m[1m[33mwarning[0m[0m[1m: hiding a lifetime that's elided elsewhere is confusing[0m
2025-09-20T21:21:59.9535977Z [0m   [0m[0m[1m[38;5;12m--> [0m[0mcitadel_wire/src/udp_traversal/udp_hole_puncher.rs:224:9[0m
2025-09-20T21:21:59.9536971Z [0m    [0m[0m[1m[38;5;12m|[0m
2025-09-20T21:21:59.9537777Z [0m[1m[38;5;12m224[0m[0m [0m[0m[1m[38;5;12m|[0m[0m [0m[0m        &self,[0m
2025-09-20T21:21:59.9539032Z [0m    [0m[0m[1m[38;5;12m|[0m[0m         [0m[0m[1m[33m^^^^^[0m[0m [0m[0m[1m[33mthe lifetime is elided here[0m
2025-09-20T21:21:59.9540434Z [0m[1m[38;5;12m225[0m[0m [0m[0m[1m[38;5;12m|[0m[0m [0m[0m        encrypted_config_container: HolePunchConfigContainer,[0m
2025-09-20T21:21:59.9542220Z [0m[1m[38;5;12m226[0m[0m [0m[0m[1m[38;5;12m|[0m[0m [0m[0m    ) -> UdpHolePuncher {[0m
2025-09-20T21:21:59.9543728Z [0m    [0m[0m[1m[38;5;12m|[0m[0m          [0m[0m[1m[38;5;12m--------------[0m[0m [0m[0m[1m[38;5;12mthe same lifetime is hidden here[0m
2025-09-20T21:21:59.9545171Z [0m    [0m[0m[1m[38;5;12m|[0m
2025-09-20T21:21:59.9546976Z [0m    [0m[0m[1m[38;5;12m= [0m[0m[1mhelp[0m[0m: the same lifetime is referred to in inconsistent ways, making the signature confusing[0m
2025-09-20T21:21:59.9548439Z [0m[1m[38;5;14mhelp[0m[0m: use `'_` for type paths[0m
2025-09-20T21:21:59.9550853Z [0m    [0m[0m[1m[38;5;12m|[0m
2025-09-20T21:21:59.9551630Z [0m[1m[38;5;12m226[0m[0m [0m[0m[1m[38;5;12m| [0m[0m    ) -> UdpHolePuncher[0m[0m[38;5;10m<'_>[0m[0m {[0m
2025-09-20T21:21:59.9552431Z [0m    [0m[0m[1m[38;5;12m|[0m[0m                        [0m[0m[38;5;10m++++[0m
2025-09-20T21:21:59.9552797Z 
2025-09-20T21:21:59.9642774Z [0m[1m[33mwarning[0m[0m[1m: hiding a lifetime that's elided elsewhere is confusing[0m
2025-09-20T21:21:59.9644182Z [0m   [0m[0m[1m[38;5;12m--> [0m[0mcitadel_wire/src/standard/quic.rs:133:17[0m
2025-09-20T21:21:59.9645113Z [0m    [0m[0m[1m[38;5;12m|[0m
2025-09-20T21:21:59.9646018Z [0m[1m[38;5;12m133[0m[0m [0m[0m[1m[38;5;12m|[0m[0m [0m[0m    fn listener(&self) -> Accept;[0m
2025-09-20T21:21:59.9647348Z [0m    [0m[0m[1m[38;5;12m|[0m[0m                 [0m[0m[1m[33m^^^^^[0m[0m     [0m[0m[1m[38;5;12m------[0m[0m [0m[0m[1m[38;5;12mthe same lifetime is hidden here[0m
2025-09-20T21:21:59.9648424Z [0m    [0m[0m[1m[38;5;12m|[0m[0m                 [0m[0m[1m[33m|[0m
2025-09-20T21:21:59.9650377Z [0m    [0m[0m[1m[38;5;12m|[0m[0m                 [0m[0m[1m[33mthe lifetime is elided here[0m
2025-09-20T21:21:59.9651367Z [0m    [0m[0m[1m[38;5;12m|[0m
2025-09-20T21:21:59.9652571Z [0m    [0m[0m[1m[38;5;12m= [0m[0m[1mhelp[0m[0m: the same lifetime is referred to in inconsistent ways, making the signature confusing[0m
2025-09-20T21:21:59.9653689Z [0m[1m[38;5;14mhelp[0m[0m: use `'_` for type paths[0m
2025-09-20T21:21:59.9654432Z [0m    [0m[0m[1m[38;5;12m|[0m
2025-09-20T21:21:59.9655383Z [0m[1m[38;5;12m133[0m[0m [0m[0m[1m[38;5;12m| [0m[0m    fn listener(&self) -> Accept[0m[0m[38;5;10m<'_>[0m[0m;[0m
2025-09-20T21:21:59.9656545Z [0m    [0m[0m[1m[38;5;12m|[0m[0m                                 [0m[0m[38;5;10m++++[0m
2025-09-20T21:21:59.9657647Z 
2025-09-20T21:21:59.9658458Z [0m[1m[33mwarning[0m[0m[1m: hiding a lifetime that's elided elsewhere is confusing[0m
2025-09-20T21:21:59.9659896Z [0m   [0m[0m[1m[38;5;12m--> [0m[0mcitadel_wire/src/standard/quic.rs:134:24[0m
2025-09-20T21:21:59.9660725Z [0m    [0m[0m[1m[38;5;12m|[0m
2025-09-20T21:21:59.9661737Z [0m[1m[38;5;12m134[0m[0m [0m[0m[1m[38;5;12m|[0m[0m [0m[0m    fn next_connection(&mut self) -> QuicNextConnectionFuture[0m
2025-09-20T21:21:59.9663294Z [0m    [0m[0m[1m[38;5;12m|[0m[0m                        [0m[0m[1m[33m^^^^^^^^^[0m[0m     [0m[0m[1m[38;5;12m------------------------[0m[0m [0m[0m[1m[38;5;12mthe same lifetime is hidden here[0m
2025-09-20T21:21:59.9665250Z [0m    [0m[0m[1m[38;5;12m|[0m[0m                        [0m[0m[1m[33m|[0m
2025-09-20T21:21:59.9667188Z [0m    [0m[0m[1m[38;5;12m|[0m[0m                        [0m[0m[1m[33mthe lifetime is elided here[0m
2025-09-20T21:21:59.9668383Z [0m    [0m[0m[1m[38;5;12m|[0m
2025-09-20T21:21:59.9669983Z [0m    [0m[0m[1m[38;5;12m= [0m[0m[1mhelp[0m[0m: the same lifetime is referred to in inconsistent ways, making the signature confusing[0m
2025-09-20T21:21:59.9671202Z [0m[1m[38;5;14mhelp[0m[0m: use `'_` for type paths[0m
2025-09-20T21:21:59.9672417Z [0m    [0m[0m[1m[38;5;12m|[0m
2025-09-20T21:21:59.9675109Z [0m[1m[38;5;12m134[0m[0m [0m[0m[1m[38;5;12m| [0m[0m    fn next_connection(&mut self) -> QuicNextConnectionFuture[0m[0m[38;5;10m<'_>[0m
2025-09-20T21:21:59.9677058Z [0m    [0m[0m[1m[38;5;12m|[0m[0m                                                              [0m[0m[38;5;10m++++[0m
2025-09-20T21:21:59.9678311Z 
2025-09-20T21:21:59.9679804Z [0m[1m[33mwarning[0m[0m[1m: hiding a lifetime that's elided elsewhere is confusing[0m
2025-09-20T21:21:59.9681417Z [0m   [0m[0m[1m[38;5;12m--> [0m[0mcitadel_wire/src/standard/quic.rs:169:17[0m
2025-09-20T21:21:59.9682559Z [0m    [0m[0m[1m[38;5;12m|[0m
2025-09-20T21:21:59.9683446Z [0m[1m[38;5;12m169[0m[0m [0m[0m[1m[38;5;12m|[0m[0m [0m[0m    fn listener(&self) -> Accept {[0m
2025-09-20T21:21:59.9684679Z [0m    [0m[0m[1m[38;5;12m|[0m[0m                 [0m[0m[1m[33m^^^^^[0m[0m     [0m[0m[1m[38;5;12m------[0m[0m [0m[0m[1m[38;5;12mthe same lifetime is hidden here[0m
2025-09-20T21:21:59.9685448Z [0m    [0m[0m[1m[38;5;12m|[0m[0m                 [0m[0m[1m[33m|[0m
2025-09-20T21:21:59.9686073Z [0m    [0m[0m[1m[38;5;12m|[0m[0m                 [0m[0m[1m[33mthe lifetime is elided here[0m
2025-09-20T21:21:59.9686578Z [0m    [0m[0m[1m[38;5;12m|[0m
2025-09-20T21:21:59.9687385Z [0m    [0m[0m[1m[38;5;12m= [0m[0m[1mhelp[0m[0m: the same lifetime is referred to in inconsistent ways, making the signature confusing[0m
2025-09-20T21:21:59.9688263Z [0m[1m[38;5;14mhelp[0m[0m: use `'_` for type paths[0m
2025-09-20T21:21:59.9689039Z [0m    [0m[0m[1m[38;5;12m|[0m
2025-09-20T21:21:59.9689765Z [0m[1m[38;5;12m169[0m[0m [0m[0m[1m[38;5;12m| [0m[0m    fn listener(&self) -> Accept[0m[0m[38;5;10m<'_>[0m[0m {[0m
2025-09-20T21:21:59.9690543Z [0m    [0m[0m[1m[38;5;12m|[0m[0m                                 [0m[0m[38;5;10m++++[0m
2025-09-20T21:21:59.9690906Z 
2025-09-20T21:22:00.7651819Z [1m[32m   Compiling[0m citadel_proto v0.13.0 (/home/runner/work/Citadel-Protocol/Citadel-Protocol/citadel_proto)
2025-09-20T21:22:02.7892478Z [1m[32m   Compiling[0m rstest v0.23.0
2025-09-20T21:22:04.3596159Z [1m[33mwarning[0m[1m:[0m `citadel_wire` (lib) generated 6 warnings
2025-09-20T21:22:05.5768010Z [0m[1m[38;5;9merror[0m[0m[1m: struct `InnerParameterMut` is never constructed[0m
2025-09-20T21:22:05.5769092Z [0m  [0m[0m[1m[38;5;12m--> [0m[0mcitadel_proto/src/inner_arg.rs:32:12[0m
2025-09-20T21:22:05.5769636Z [0m   [0m[0m[1m[38;5;12m|[0m
2025-09-20T21:22:05.5770376Z [0m[1m[38;5;12m32[0m[0m [0m[0m[1m[38;5;12m|[0m[0m [0m[0mpub struct InnerParameterMut<'a, T: 'a, K> {[0m
2025-09-20T21:22:05.5771160Z [0m   [0m[0m[1m[38;5;12m|[0m[0m            [0m[0m[1m[38;5;9m^^^^^^^^^^^^^^^^^[0m
2025-09-20T21:22:05.5771668Z [0m   [0m[0m[1m[38;5;12m|[0m
2025-09-20T21:22:05.5772199Z [0m[1m[38;5;10mnote[0m[0m: the lint level is defined here[0m
2025-09-20T21:22:05.5772825Z [0m  [0m[0m[1m[38;5;12m--> [0m[0mcitadel_proto/src/lib.rs:74:5[0m
2025-09-20T21:22:05.5773336Z [0m   [0m[0m[1m[38;5;12m|[0m
2025-09-20T21:22:05.5773869Z [0m[1m[38;5;12m74[0m[0m [0m[0m[1m[38;5;12m|[0m[0m [0m[0m    dead_code[0m
2025-09-20T21:22:05.5774506Z [0m   [0m[0m[1m[38;5;12m|[0m[0m     [0m[0m[1m[38;5;10m^^^^^^^^^[0m
2025-09-20T21:22:05.5775174Z 
2025-09-20T21:22:05.5776408Z [0m[1m[38;5;9merror[0m[0m[1m: struct `InnerParameter` is never constructed[0m
2025-09-20T21:22:05.5777457Z [0m  [0m[0m[1m[38;5;12m--> [0m[0mcitadel_proto/src/inner_arg.rs:88:12[0m
2025-09-20T21:22:05.5778041Z [0m   [0m[0m[1m[38;5;12m|[0m
2025-09-20T21:22:05.5779007Z [0m[1m[38;5;12m88[0m[0m [0m[0m[1m[38;5;12m|[0m[0m [0m[0mpub struct InnerParameter<'a, T: 'a + ?Sized, K> {[0m
2025-09-20T21:22:05.5779822Z [0m   [0m[0m[1m[38;5;12m|[0m[0m            [0m[0m[1m[38;5;9m^^^^^^^^^^^^^^[0m
2025-09-20T21:22:05.5780166Z 
2025-09-20T21:22:05.5780598Z [0m[1m[38;5;9merror[0m[0m[1m: struct `P2PListenerConnectInfo` is never constructed[0m
2025-09-20T21:22:05.5781473Z [0m   [0m[0m[1m[38;5;12m--> [0m[0mcitadel_proto/src/proto/misc/underlying_proto.rs:177:12[0m
2025-09-20T21:22:05.5782127Z [0m    [0m[0m[1m[38;5;12m|[0m
2025-09-20T21:22:05.5782801Z [0m[1m[38;5;12m177[0m[0m [0m[0m[1m[38;5;12m|[0m[0m [0m[0mpub struct P2PListenerConnectInfo {[0m
2025-09-20T21:22:05.5783571Z [0m    [0m[0m[1m[38;5;12m|[0m[0m            [0m[0m[1m[38;5;9m^^^^^^^^^^^^^^^^^^^^^^[0m
2025-09-20T21:22:05.5783909Z 
2025-09-20T21:22:05.5840086Z [0m[1m[33mwarning[0m[0m[1m: hiding a lifetime that's elided elsewhere is confusing[0m
2025-09-20T21:22:05.5841032Z [0m   [0m[0m[1m[38;5;12m--> [0m[0mcitadel_proto/src/proto/packet.rs:245:18[0m
2025-09-20T21:22:05.5841660Z [0m    [0m[0m[1m[38;5;12m|[0m
2025-09-20T21:22:05.5842485Z [0m[1m[38;5;12m245[0m[0m [0m[0m[1m[38;5;12m|[0m[0m [0m[0m    pub fn parse(&self) -> Option<ParsedPacket> {[0m
2025-09-20T21:22:05.5843594Z [0m    [0m[0m[1m[38;5;12m|[0m[0m                  [0m[0m[1m[33m^^^^^[0m[0m            [0m[0m[1m[38;5;12m------------[0m[0m [0m[0m[1m[38;5;12mthe same lifetime is hidden here[0m
2025-09-20T21:22:05.5844421Z [0m    [0m[0m[1m[38;5;12m|[0m[0m                  [0m[0m[1m[33m|[0m
2025-09-20T21:22:05.5845120Z [0m    [0m[0m[1m[38;5;12m|[0m[0m                  [0m[0m[1m[33mthe lifetime is elided here[0m
2025-09-20T21:22:05.5845673Z [0m    [0m[0m[1m[38;5;12m|[0m
2025-09-20T21:22:05.5846586Z [0m    [0m[0m[1m[38;5;12m= [0m[0m[1mhelp[0m[0m: the same lifetime is referred to in inconsistent ways, making the signature confusing[0m
2025-09-20T21:22:05.5847638Z [0m    [0m[0m[1m[38;5;12m= [0m[0m[1mnote[0m[0m: `#[warn(mismatched_lifetime_syntaxes)]` on by default[0m
2025-09-20T21:22:05.5848380Z [0m[1m[38;5;14mhelp[0m[0m: use `'_` for type paths[0m
2025-09-20T21:22:05.5849114Z [0m    [0m[0m[1m[38;5;12m|[0m
2025-09-20T21:22:05.5849961Z [0m[1m[38;5;12m245[0m[0m [0m[0m[1m[38;5;12m| [0m[0m    pub fn parse(&self) -> Option<ParsedPacket[0m[0m[38;5;10m<'_>[0m[0m> {[0m
2025-09-20T21:22:05.5850842Z [0m    [0m[0m[1m[38;5;12m|[0m[0m                                               [0m[0m[38;5;10m++++[0m
2025-09-20T21:22:05.5851212Z 
2025-09-20T21:22:05.6102027Z [0m[1m[33mwarning[0m[0m[1m: hiding a lifetime that's elided elsewhere is confusing[0m
2025-09-20T21:22:05.6103065Z [0m  [0m[0m[1m[38;5;12m--> [0m[0mcitadel_proto/src/proto/validation.rs:59:18[0m
2025-09-20T21:22:05.6103660Z [0m   [0m[0m[1m[38;5;12m|[0m
2025-09-20T21:22:05.6104230Z [0m[1m[38;5;12m59[0m[0m [0m[0m[1m[38;5;12m|[0m[0m [0m[0m        payload: &[u8],[0m
2025-09-20T21:22:05.6105045Z [0m   [0m[0m[1m[38;5;12m|[0m[0m                  [0m[0m[1m[33m^^^^^[0m[0m [0m[0m[1m[33mthe lifetime is elided here[0m
2025-09-20T21:22:05.6105896Z [0m[1m[38;5;12m60[0m[0m [0m[0m[1m[38;5;12m|[0m[0m [0m[0m    ) -> Option<DoConnectFinalStatusPacket> {[0m
2025-09-20T21:22:05.6106892Z [0m   [0m[0m[1m[38;5;12m|[0m[0m                 [0m[0m[1m[38;5;12m--------------------------[0m[0m [0m[0m[1m[38;5;12mthe same lifetime is hidden here[0m
2025-09-20T21:22:05.6107557Z [0m   [0m[0m[1m[38;5;12m|[0m
2025-09-20T21:22:05.6109026Z [0m   [0m[0m[1m[38;5;12m= [0m[0m[1mhelp[0m[0m: the same lifetime is referred to in inconsistent ways, making the signature confusing[0m
2025-09-20T21:22:05.6110165Z [0m[1m[38;5;14mhelp[0m[0m: use `'_` for type paths[0m
2025-09-20T21:22:05.6110676Z [0m   [0m[0m[1m[38;5;12m|[0m
2025-09-20T21:22:05.6111464Z [0m[1m[38;5;12m60[0m[0m [0m[0m[1m[38;5;12m| [0m[0m    ) -> Option<DoConnectFinalStatusPacket[0m[0m[38;5;10m<'_>[0m[0m> {[0m
2025-09-20T21:22:05.6112338Z [0m   [0m[0m[1m[38;5;12m|[0m[0m                                           [0m[0m[38;5;10m++++[0m
2025-09-20T21:22:05.6112680Z 
2025-09-20T21:22:05.6919652Z [1m[33mwarning[0m[1m:[0m `citadel_proto` (lib) generated 2 warnings
2025-09-20T21:22:05.6920361Z [1m[31merror[0m[1m:[0m could not compile `citadel_proto` (lib) due to 3 previous errors; 2 warnings emitted
2025-09-20T21:22:05.7250973Z [31;1merror[0m: command `[1m/home/runner/.rustup/toolchains/stable-x86_64-unknown-linux-gnu/bin/cargo test --no-run --message-format json-render-diagnostics --package citadel_sdk --features localhost-testing[0m` exited with code [1m101[0m
2025-09-20T21:22:05.7272861Z ##[error]Process completed with exit code 101.
2025-09-20T21:22:05.7350415Z Post job cleanup.
2025-09-20T21:22:05.7383127Z Post job cleanup.
2025-09-20T21:22:05.8301448Z [command]/usr/bin/git version
2025-09-20T21:22:05.8343288Z git version 2.51.0
2025-09-20T21:22:05.8389240Z Temporarily overriding HOME='/home/runner/work/_temp/1a164de4-41c7-4d1c-a693-8748ee4c6672' before making global git config changes
2025-09-20T21:22:05.8390027Z Adding repository directory to the temporary git global config as a safe directory
2025-09-20T21:22:05.8393220Z [command]/usr/bin/git config --global --add safe.directory /home/runner/work/Citadel-Protocol/Citadel-Protocol
2025-09-20T21:22:05.8431144Z [command]/usr/bin/git config --local --name-only --get-regexp core\.sshCommand
2025-09-20T21:22:05.8465567Z [command]/usr/bin/git submodule foreach --recursive sh -c "git config --local --name-only --get-regexp 'core\.sshCommand' && git config --local --unset-all 'core.sshCommand' || :"
2025-09-20T21:22:05.8696040Z [command]/usr/bin/git config --local --name-only --get-regexp http\.https\:\/\/github\.com\/\.extraheader
2025-09-20T21:22:05.8722655Z http.https://github.com/.extraheader
2025-09-20T21:22:05.8733283Z [command]/usr/bin/git config --local --unset-all http.https://github.com/.extraheader
2025-09-20T21:22:05.8766383Z [command]/usr/bin/git submodule foreach --recursive sh -c "git config --local --name-only --get-regexp 'http\.https\:\/\/github\.com\/\.extraheader' && git config --local --unset-all 'http.https://github.com/.extraheader' || :"
2025-09-20T21:22:05.9132451Z Cleaning up orphan processes
