2025-09-20T21:26:42.2291826Z Current runner version: '2.328.0'
2025-09-20T21:26:42.2316298Z ##[group]Runner Image Provisioner
2025-09-20T21:26:42.2317390Z Hosted Compute Agent
2025-09-20T21:26:42.2317926Z Version: 20250829.383
2025-09-20T21:26:42.2318700Z Commit: 27cb235aab5b0e52e153a26cd86b4742e89dac5d
2025-09-20T21:26:42.2319666Z Build Date: 2025-08-29T13:48:48Z
2025-09-20T21:26:42.2320337Z ##[endgroup]
2025-09-20T21:26:42.2321016Z ##[group]Operating System
2025-09-20T21:26:42.2321705Z Ubuntu
2025-09-20T21:26:42.2322219Z 24.04.3
2025-09-20T21:26:42.2322809Z LTS
2025-09-20T21:26:42.2323299Z ##[endgroup]
2025-09-20T21:26:42.2323852Z ##[group]Runner Image
2025-09-20T21:26:42.2324543Z Image: ubuntu-24.04
2025-09-20T21:26:42.2325078Z Version: 20250907.24.1
2025-09-20T21:26:42.2326114Z Included Software: https://github.com/actions/runner-images/blob/ubuntu24/20250907.24/images/ubuntu/Ubuntu2404-Readme.md
2025-09-20T21:26:42.2327706Z Image Release: https://github.com/actions/runner-images/releases/tag/ubuntu24%2F20250907.24
2025-09-20T21:26:42.2328682Z ##[endgroup]
2025-09-20T21:26:42.2331331Z ##[group]GITHUB_TOKEN Permissions
2025-09-20T21:26:42.2333517Z Actions: write
2025-09-20T21:26:42.2334247Z Attestations: write
2025-09-20T21:26:42.2334876Z Checks: write
2025-09-20T21:26:42.2335413Z Contents: write
2025-09-20T21:26:42.2336033Z Deployments: write
2025-09-20T21:26:42.2336546Z Discussions: write
2025-09-20T21:26:42.2337104Z Issues: write
2025-09-20T21:26:42.2337554Z Metadata: read
2025-09-20T21:26:42.2338132Z Models: read
2025-09-20T21:26:42.2338607Z Packages: write
2025-09-20T21:26:42.2339293Z Pages: write
2025-09-20T21:26:42.2339909Z PullRequests: write
2025-09-20T21:26:42.2340463Z RepositoryProjects: write
2025-09-20T21:26:42.2341035Z SecurityEvents: write
2025-09-20T21:26:42.2341711Z Statuses: write
2025-09-20T21:26:42.2342243Z ##[endgroup]
2025-09-20T21:26:42.2345149Z Secret source: Actions
2025-09-20T21:26:42.2346290Z Prepare workflow directory
2025-09-20T21:26:42.2854097Z Prepare all required actions
2025-09-20T21:26:42.2891587Z Getting action download info
2025-09-20T21:26:42.5683406Z Download action repository 'actions/checkout@v4' (SHA:08eba0b27e820071cde6df949e0beb9ba4906955)
2025-09-20T21:26:42.6488854Z Download action repository 'jlumbroso/free-disk-space@main' (SHA:54081f138730dfa15788a46383842cd2f914a1be)
2025-09-20T21:26:42.8874188Z Uses: Avarok-Cybersecurity/Citadel-Protocol/.github/workflows/validate.yml@refs/pull/236/merge (7edf0bb75f061919add02f6d6a82672c0b2e9654)
2025-09-20T21:26:42.8879618Z Complete job name: Validate PR / docker_nat_p2p (full_cone, symmetric)
2025-09-20T21:26:42.9477723Z ##[group]Run actions/checkout@v4
2025-09-20T21:26:42.9478524Z with:
2025-09-20T21:26:42.9479008Z   repository: Avarok-Cybersecurity/Citadel-Protocol
2025-09-20T21:26:42.9480141Z   token: ***
2025-09-20T21:26:42.9480518Z   ssh-strict: true
2025-09-20T21:26:42.9480902Z   ssh-user: git
2025-09-20T21:26:42.9481295Z   persist-credentials: true
2025-09-20T21:26:42.9481736Z   clean: true
2025-09-20T21:26:42.9482127Z   sparse-checkout-cone-mode: true
2025-09-20T21:26:42.9482735Z   fetch-depth: 1
2025-09-20T21:26:42.9483115Z   fetch-tags: false
2025-09-20T21:26:42.9483549Z   show-progress: true
2025-09-20T21:26:42.9483953Z   lfs: false
2025-09-20T21:26:42.9484307Z   submodules: false
2025-09-20T21:26:42.9484708Z   set-safe-directory: true
2025-09-20T21:26:42.9485450Z env:
2025-09-20T21:26:42.9485829Z   CARGO_TERM_COLOR: always
2025-09-20T21:26:42.9486255Z   RUST_BACKTRACE: full
2025-09-20T21:26:42.9486666Z   RUST_MIN_STACK: 40971520
2025-09-20T21:26:42.9487094Z   RUST_LOG: citadel=warn
2025-09-20T21:26:42.9487534Z   IN_CI: true
2025-09-20T21:26:42.9487920Z   NAT_TYPE_PEER_A: full_cone
2025-09-20T21:26:42.9488386Z   NAT_TYPE_PEER_B: symmetric
2025-09-20T21:26:42.9488821Z ##[endgroup]
2025-09-20T21:26:43.0587484Z Syncing repository: Avarok-Cybersecurity/Citadel-Protocol
2025-09-20T21:26:43.0590252Z ##[group]Getting Git version info
2025-09-20T21:26:43.0591617Z Working directory is '/home/runner/work/Citadel-Protocol/Citadel-Protocol'
2025-09-20T21:26:43.0593885Z [command]/usr/bin/git version
2025-09-20T21:26:43.0640027Z git version 2.51.0
2025-09-20T21:26:43.0666651Z ##[endgroup]
2025-09-20T21:26:43.0682587Z Temporarily overriding HOME='/home/runner/work/_temp/03768e31-fb49-40fc-8713-e39e3a0b5bd9' before making global git config changes
2025-09-20T21:26:43.0684939Z Adding repository directory to the temporary git global config as a safe directory
2025-09-20T21:26:43.0689300Z [command]/usr/bin/git config --global --add safe.directory /home/runner/work/Citadel-Protocol/Citadel-Protocol
2025-09-20T21:26:43.0723962Z Deleting the contents of '/home/runner/work/Citadel-Protocol/Citadel-Protocol'
2025-09-20T21:26:43.0727609Z ##[group]Initializing the repository
2025-09-20T21:26:43.0732608Z [command]/usr/bin/git init /home/runner/work/Citadel-Protocol/Citadel-Protocol
2025-09-20T21:26:43.0803208Z hint: Using 'master' as the name for the initial branch. This default branch name
2025-09-20T21:26:43.0804494Z hint: is subject to change. To configure the initial branch name to use in all
2025-09-20T21:26:43.0805816Z hint: of your new repositories, which will suppress this warning, call:
2025-09-20T21:26:43.0806729Z hint:
2025-09-20T21:26:43.0807323Z hint: 	git config --global init.defaultBranch <name>
2025-09-20T21:26:43.0808331Z hint:
2025-09-20T21:26:43.0809489Z hint: Names commonly chosen instead of 'master' are 'main', 'trunk' and
2025-09-20T21:26:43.0811095Z hint: 'development'. The just-created branch can be renamed via this command:
2025-09-20T21:26:43.0812351Z hint:
2025-09-20T21:26:43.0813094Z hint: 	git branch -m <name>
2025-09-20T21:26:43.0813878Z hint:
2025-09-20T21:26:43.0814880Z hint: Disable this message with "git config set advice.defaultBranchName false"
2025-09-20T21:26:43.0816733Z Initialized empty Git repository in /home/runner/work/Citadel-Protocol/Citadel-Protocol/.git/
2025-09-20T21:26:43.0819898Z [command]/usr/bin/git remote add origin https://github.com/Avarok-Cybersecurity/Citadel-Protocol
2025-09-20T21:26:43.0853977Z ##[endgroup]
2025-09-20T21:26:43.0854706Z ##[group]Disabling automatic garbage collection
2025-09-20T21:26:43.0857869Z [command]/usr/bin/git config --local gc.auto 0
2025-09-20T21:26:43.0886082Z ##[endgroup]
2025-09-20T21:26:43.0886768Z ##[group]Setting up auth
2025-09-20T21:26:43.0892817Z [command]/usr/bin/git config --local --name-only --get-regexp core\.sshCommand
2025-09-20T21:26:43.0922120Z [command]/usr/bin/git submodule foreach --recursive sh -c "git config --local --name-only --get-regexp 'core\.sshCommand' && git config --local --unset-all 'core.sshCommand' || :"
2025-09-20T21:26:43.1192377Z [command]/usr/bin/git config --local --name-only --get-regexp http\.https\:\/\/github\.com\/\.extraheader
2025-09-20T21:26:43.1221398Z [command]/usr/bin/git submodule foreach --recursive sh -c "git config --local --name-only --get-regexp 'http\.https\:\/\/github\.com\/\.extraheader' && git config --local --unset-all 'http.https://github.com/.extraheader' || :"
2025-09-20T21:26:43.1441136Z [command]/usr/bin/git config --local http.https://github.com/.extraheader AUTHORIZATION: basic ***
2025-09-20T21:26:43.1474697Z ##[endgroup]
2025-09-20T21:26:43.1475575Z ##[group]Fetching the repository
2025-09-20T21:26:43.1483385Z [command]/usr/bin/git -c protocol.version=2 fetch --no-tags --prune --no-recurse-submodules --depth=1 origin +7edf0bb75f061919add02f6d6a82672c0b2e9654:refs/remotes/pull/236/merge
2025-09-20T21:26:43.5035088Z From https://github.com/Avarok-Cybersecurity/Citadel-Protocol
2025-09-20T21:26:43.5036646Z  * [new ref]         7edf0bb75f061919add02f6d6a82672c0b2e9654 -> pull/236/merge
2025-09-20T21:26:43.5067211Z ##[endgroup]
2025-09-20T21:26:43.5067912Z ##[group]Determining the checkout info
2025-09-20T21:26:43.5070591Z ##[endgroup]
2025-09-20T21:26:43.5076343Z [command]/usr/bin/git sparse-checkout disable
2025-09-20T21:26:43.5177291Z [command]/usr/bin/git config --local --unset-all extensions.worktreeConfig
2025-09-20T21:26:43.5180452Z ##[group]Checking out the ref
2025-09-20T21:26:43.5181950Z [command]/usr/bin/git checkout --progress --force refs/remotes/pull/236/merge
2025-09-20T21:26:44.1179669Z Note: switching to 'refs/remotes/pull/236/merge'.
2025-09-20T21:26:44.1180345Z 
2025-09-20T21:26:44.1180788Z You are in 'detached HEAD' state. You can look around, make experimental
2025-09-20T21:26:44.1181495Z changes and commit them, and you can discard any commits you make in this
2025-09-20T21:26:44.1182161Z state without impacting any branches by switching back to a branch.
2025-09-20T21:26:44.1182540Z 
2025-09-20T21:26:44.1182857Z If you want to create a new branch to retain commits you create, you may
2025-09-20T21:26:44.1183700Z do so (now or later) by using -c with the switch command. Example:
2025-09-20T21:26:44.1184069Z 
2025-09-20T21:26:44.1184266Z   git switch -c <new-branch-name>
2025-09-20T21:26:44.1184545Z 
2025-09-20T21:26:44.1184734Z Or undo this operation with:
2025-09-20T21:26:44.1185003Z 
2025-09-20T21:26:44.1185150Z   git switch -
2025-09-20T21:26:44.1185365Z 
2025-09-20T21:26:44.1185658Z Turn off this advice by setting config variable advice.detachedHead to false
2025-09-20T21:26:44.1186098Z 
2025-09-20T21:26:44.1186555Z HEAD is now at 7edf0bb Merge 8a89b2152348ab91c1a5bd335ccb554a7eae26c5 into 2b40ca3c28904a155dd62f453494820feec744f0
2025-09-20T21:26:44.1467103Z ##[endgroup]
2025-09-20T21:26:44.1502463Z [command]/usr/bin/git log -1 --format=%H
2025-09-20T21:26:44.1523774Z 7edf0bb75f061919add02f6d6a82672c0b2e9654
2025-09-20T21:26:44.1778222Z ##[group]Run jlumbroso/free-disk-space@main
2025-09-20T21:26:44.1778729Z with:
2025-09-20T21:26:44.1779307Z   android: true
2025-09-20T21:26:44.1779678Z   dotnet: true
2025-09-20T21:26:44.1780035Z   haskell: true
2025-09-20T21:26:44.1780408Z   large-packages: true
2025-09-20T21:26:44.1780795Z   docker-images: true
2025-09-20T21:26:44.1781165Z   tool-cache: false
2025-09-20T21:26:44.1781523Z   swap-storage: true
2025-09-20T21:26:44.1781882Z env:
2025-09-20T21:26:44.1782212Z   CARGO_TERM_COLOR: always
2025-09-20T21:26:44.1782602Z   RUST_BACKTRACE: full
2025-09-20T21:26:44.1782971Z   RUST_MIN_STACK: 40971520
2025-09-20T21:26:44.1783396Z   RUST_LOG: citadel=warn
2025-09-20T21:26:44.1783759Z   IN_CI: true
2025-09-20T21:26:44.1784115Z   NAT_TYPE_PEER_A: full_cone
2025-09-20T21:26:44.1784509Z   NAT_TYPE_PEER_B: symmetric
2025-09-20T21:26:44.1784886Z ##[endgroup]
2025-09-20T21:26:44.1895691Z ##[group]Run # ======
2025-09-20T21:26:44.1896801Z [36;1m[0m
2025-09-20T21:26:44.1897181Z [36;1m# ======[0m
2025-09-20T21:26:44.1897514Z [36;1m# MACROS[0m
2025-09-20T21:26:44.1897838Z [36;1m# ======[0m
2025-09-20T21:26:44.1898156Z [36;1m[0m
2025-09-20T21:26:44.1898512Z [36;1m# macro to print a line of equals[0m
2025-09-20T21:26:44.1898942Z [36;1m# (silly but works)[0m
2025-09-20T21:26:44.1899562Z [36;1mprintSeparationLine() {[0m
2025-09-20T21:26:44.1899968Z [36;1m  str=${1:=}[0m
2025-09-20T21:26:44.1900318Z [36;1m  num=${2:-80}[0m
2025-09-20T21:26:44.1900670Z [36;1m  counter=1[0m
2025-09-20T21:26:44.1901010Z [36;1m  output=""[0m
2025-09-20T21:26:44.1901375Z [36;1m  while [ $counter -le $num ][0m
2025-09-20T21:26:44.1901776Z [36;1m  do[0m
2025-09-20T21:26:44.1902117Z [36;1m     output="${output}${str}"[0m
2025-09-20T21:26:44.1902527Z [36;1m     counter=$((counter+1))[0m
2025-09-20T21:26:44.1902914Z [36;1m  done[0m
2025-09-20T21:26:44.1903245Z [36;1m  echo "${output}"[0m
2025-09-20T21:26:44.1903592Z [36;1m}[0m
2025-09-20T21:26:44.1903892Z [36;1m[0m
2025-09-20T21:26:44.1904236Z [36;1m# macro to compute available space[0m
2025-09-20T21:26:44.1904744Z [36;1m# REF: https://unix.stackexchange.com/a/42049/60849[0m
2025-09-20T21:26:44.1905269Z [36;1m# REF: https://stackoverflow.com/a/450821/408734[0m
2025-09-20T21:26:44.1905880Z [36;1mgetAvailableSpace() { echo $(df -a $1 | awk 'NR > 1 {avail+=$4} END {print avail}'); }[0m
2025-09-20T21:26:44.1906408Z [36;1m[0m
2025-09-20T21:26:44.1906804Z [36;1m# macro to make Kb human readable (assume the input is Kb)[0m
2025-09-20T21:26:44.1907348Z [36;1m# REF: https://unix.stackexchange.com/a/44087/60849[0m
2025-09-20T21:26:44.1907949Z [36;1mformatByteCount() { echo $(numfmt --to=iec-i --suffix=B --padding=7 $1'000'); }[0m
2025-09-20T21:26:44.1908690Z [36;1m[0m
2025-09-20T21:26:44.1909021Z [36;1m# macro to output saved space[0m
2025-09-20T21:26:44.1909601Z [36;1mprintSavedSpace() {[0m
2025-09-20T21:26:44.1909968Z [36;1m  saved=${1}[0m
2025-09-20T21:26:44.1910361Z [36;1m  title=${2:-}[0m
2025-09-20T21:26:44.1910708Z [36;1m[0m
2025-09-20T21:26:44.1911010Z [36;1m  echo ""[0m
2025-09-20T21:26:44.1911373Z [36;1m  printSeparationLine '*' 80[0m
2025-09-20T21:26:44.1911785Z [36;1m  if [ ! -z "${title}" ]; then[0m
2025-09-20T21:26:44.1912249Z [36;1m    echo "=> ${title}: Saved $(formatByteCount $saved)"[0m
2025-09-20T21:26:44.1912694Z [36;1m  else[0m
2025-09-20T21:26:44.1913070Z [36;1m    echo "=> Saved $(formatByteCount $saved)"[0m
2025-09-20T21:26:44.1913490Z [36;1m  fi[0m
2025-09-20T21:26:44.1913829Z [36;1m  printSeparationLine '*' 80[0m
2025-09-20T21:26:44.1914219Z [36;1m  echo ""[0m
2025-09-20T21:26:44.1914532Z [36;1m}[0m
2025-09-20T21:26:44.1914841Z [36;1m[0m
2025-09-20T21:26:44.1915196Z [36;1m# macro to print output of dh with caption[0m
2025-09-20T21:26:44.1915622Z [36;1mprintDH() {[0m
2025-09-20T21:26:44.1915968Z [36;1m  caption=${1:-}[0m
2025-09-20T21:26:44.1916306Z [36;1m[0m
2025-09-20T21:26:44.1916639Z [36;1m  printSeparationLine '=' 80[0m
2025-09-20T21:26:44.1917207Z [36;1m  echo "${caption}"[0m
2025-09-20T21:26:44.1917580Z [36;1m  echo ""[0m
2025-09-20T21:26:44.1917917Z [36;1m  echo "$ dh -h /"[0m
2025-09-20T21:26:44.1918274Z [36;1m  echo ""[0m
2025-09-20T21:26:44.1918593Z [36;1m  df -h /[0m
2025-09-20T21:26:44.1918927Z [36;1m  echo "$ dh -a /"[0m
2025-09-20T21:26:44.1919405Z [36;1m  echo ""[0m
2025-09-20T21:26:44.1919733Z [36;1m  df -a /[0m
2025-09-20T21:26:44.1920066Z [36;1m  echo "$ dh -a"[0m
2025-09-20T21:26:44.1920405Z [36;1m  echo ""[0m
2025-09-20T21:26:44.1920731Z [36;1m  df -a[0m
2025-09-20T21:26:44.1921072Z [36;1m  printSeparationLine '=' 80[0m
2025-09-20T21:26:44.1921469Z [36;1m}[0m
2025-09-20T21:26:44.1921764Z [36;1m[0m
2025-09-20T21:26:44.1922054Z [36;1m[0m
2025-09-20T21:26:44.1922341Z [36;1m[0m
2025-09-20T21:26:44.1922642Z [36;1m# ======[0m
2025-09-20T21:26:44.1922951Z [36;1m# SCRIPT[0m
2025-09-20T21:26:44.1923265Z [36;1m# ======[0m
2025-09-20T21:26:44.1923569Z [36;1m[0m
2025-09-20T21:26:44.1923911Z [36;1m# Display initial disk space stats[0m
2025-09-20T21:26:44.1924311Z [36;1m[0m
2025-09-20T21:26:44.1924655Z [36;1mAVAILABLE_INITIAL=$(getAvailableSpace)[0m
2025-09-20T21:26:44.1925153Z [36;1mAVAILABLE_ROOT_INITIAL=$(getAvailableSpace '/')[0m
2025-09-20T21:26:44.1925587Z [36;1m[0m
2025-09-20T21:26:44.1925918Z [36;1mprintDH "BEFORE CLEAN-UP:"[0m
2025-09-20T21:26:44.1926296Z [36;1mecho ""[0m
2025-09-20T21:26:44.1926609Z [36;1m[0m
2025-09-20T21:26:44.1926894Z [36;1m[0m
2025-09-20T21:26:44.1927224Z [36;1m# Option: Remove Android library[0m
2025-09-20T21:26:44.1927618Z [36;1m[0m
2025-09-20T21:26:44.1927927Z [36;1mif [[ true == 'true' ]]; then[0m
2025-09-20T21:26:44.1928341Z [36;1m  BEFORE=$(getAvailableSpace)[0m
2025-09-20T21:26:44.1928721Z [36;1m  [0m
2025-09-20T21:26:44.1929204Z [36;1m  sudo rm -rf /usr/local/lib/android || true[0m
2025-09-20T21:26:44.1929618Z [36;1m[0m
2025-09-20T21:26:44.1929948Z [36;1m  AFTER=$(getAvailableSpace)[0m
2025-09-20T21:26:44.1930361Z [36;1m  SAVED=$((AFTER-BEFORE))[0m
2025-09-20T21:26:44.1930807Z [36;1m  printSavedSpace $SAVED "Android library"[0m
2025-09-20T21:26:44.1931259Z [36;1mfi[0m
2025-09-20T21:26:44.1931561Z [36;1m[0m
2025-09-20T21:26:44.1931887Z [36;1m# Option: Remove .NET runtime[0m
2025-09-20T21:26:44.1932261Z [36;1m[0m
2025-09-20T21:26:44.1932577Z [36;1mif [[ true == 'true' ]]; then[0m
2025-09-20T21:26:44.1932980Z [36;1m  BEFORE=$(getAvailableSpace)[0m
2025-09-20T21:26:44.1933364Z [36;1m[0m
2025-09-20T21:26:44.1933862Z [36;1m  # https://github.community/t/bigger-github-hosted-runners-disk-space/17267/11[0m
2025-09-20T21:26:44.1934483Z [36;1m  sudo rm -rf /usr/share/dotnet || true[0m
2025-09-20T21:26:44.1935050Z [36;1m  [0m
2025-09-20T21:26:44.1935383Z [36;1m  AFTER=$(getAvailableSpace)[0m
2025-09-20T21:26:44.1935801Z [36;1m  SAVED=$((AFTER-BEFORE))[0m
2025-09-20T21:26:44.1936228Z [36;1m  printSavedSpace $SAVED ".NET runtime"[0m
2025-09-20T21:26:44.1936637Z [36;1mfi[0m
2025-09-20T21:26:44.1936930Z [36;1m[0m
2025-09-20T21:26:44.1937263Z [36;1m# Option: Remove Haskell runtime[0m
2025-09-20T21:26:44.1937639Z [36;1m[0m
2025-09-20T21:26:44.1937943Z [36;1mif [[ true == 'true' ]]; then[0m
2025-09-20T21:26:44.1938339Z [36;1m  BEFORE=$(getAvailableSpace)[0m
2025-09-20T21:26:44.1938708Z [36;1m[0m
2025-09-20T21:26:44.1939024Z [36;1m  sudo rm -rf /opt/ghc || true[0m
2025-09-20T21:26:44.1939600Z [36;1m  sudo rm -rf /usr/local/.ghcup || true[0m
2025-09-20T21:26:44.1940002Z [36;1m  [0m
2025-09-20T21:26:44.1940316Z [36;1m  AFTER=$(getAvailableSpace)[0m
2025-09-20T21:26:44.1940710Z [36;1m  SAVED=$((AFTER-BEFORE))[0m
2025-09-20T21:26:44.1941132Z [36;1m  printSavedSpace $SAVED "Haskell runtime"[0m
2025-09-20T21:26:44.1941546Z [36;1mfi[0m
2025-09-20T21:26:44.1941837Z [36;1m[0m
2025-09-20T21:26:44.2008075Z [36;1m# Option: Remove large packages[0m
2025-09-20T21:26:44.2008943Z [36;1m# REF: https://github.com/apache/flink/blob/master/tools/azure-pipelines/free_disk_space.sh[0m
2025-09-20T21:26:44.2009788Z [36;1m[0m
2025-09-20T21:26:44.2010372Z [36;1mif [[ true == 'true' ]]; then[0m
2025-09-20T21:26:44.2010802Z [36;1m  BEFORE=$(getAvailableSpace)[0m
2025-09-20T21:26:44.2011187Z [36;1m  [0m
2025-09-20T21:26:44.2011929Z [36;1m  sudo apt-get remove -y '^aspnetcore-.*' || echo "::warning::The command [sudo apt-get remove -y '^aspnetcore-.*'] failed to complete successfully. Proceeding..."[0m
2025-09-20T21:26:44.2013225Z [36;1m  sudo apt-get remove -y '^dotnet-.*' --fix-missing || echo "::warning::The command [sudo apt-get remove -y '^dotnet-.*' --fix-missing] failed to complete successfully. Proceeding..."[0m
2025-09-20T21:26:44.2014508Z [36;1m  sudo apt-get remove -y '^llvm-.*' --fix-missing || echo "::warning::The command [sudo apt-get remove -y '^llvm-.*' --fix-missing] failed to complete successfully. Proceeding..."[0m
2025-09-20T21:26:44.2015737Z [36;1m  sudo apt-get remove -y 'php.*' --fix-missing || echo "::warning::The command [sudo apt-get remove -y 'php.*' --fix-missing] failed to complete successfully. Proceeding..."[0m
2025-09-20T21:26:44.2016972Z [36;1m  sudo apt-get remove -y '^mongodb-.*' --fix-missing || echo "::warning::The command [sudo apt-get remove -y '^mongodb-.*' --fix-missing] failed to complete successfully. Proceeding..."[0m
2025-09-20T21:26:44.2018233Z [36;1m  sudo apt-get remove -y '^mysql-.*' --fix-missing || echo "::warning::The command [sudo apt-get remove -y '^mysql-.*' --fix-missing] failed to complete successfully. Proceeding..."[0m
2025-09-20T21:26:44.2020171Z [36;1m  sudo apt-get remove -y azure-cli google-chrome-stable firefox powershell mono-devel libgl1-mesa-dri --fix-missing || echo "::warning::The command [sudo apt-get remove -y azure-cli google-chrome-stable firefox powershell mono-devel libgl1-mesa-dri --fix-missing] failed to complete successfully. Proceeding..."[0m
2025-09-20T21:26:44.2022861Z [36;1m  sudo apt-get remove -y google-cloud-sdk --fix-missing || echo "::debug::The command [sudo apt-get remove -y google-cloud-sdk --fix-missing] failed to complete successfully. Proceeding..."[0m
2025-09-20T21:26:44.2024265Z [36;1m  sudo apt-get remove -y google-cloud-cli --fix-missing || echo "::debug::The command [sudo apt-get remove -y google-cloud-cli --fix-missing] failed to complete successfully. Proceeding..."[0m
2025-09-20T21:26:44.2025485Z [36;1m  sudo apt-get autoremove -y || echo "::warning::The command [sudo apt-get autoremove -y] failed to complete successfully. Proceeding..."[0m
2025-09-20T21:26:44.2026471Z [36;1m  sudo apt-get clean || echo "::warning::The command [sudo apt-get clean] failed to complete successfully. Proceeding..."[0m
2025-09-20T21:26:44.2027119Z [36;1m[0m
2025-09-20T21:26:44.2027634Z [36;1m  AFTER=$(getAvailableSpace)[0m
2025-09-20T21:26:44.2028059Z [36;1m  SAVED=$((AFTER-BEFORE))[0m
2025-09-20T21:26:44.2028528Z [36;1m  printSavedSpace $SAVED "Large misc. packages"[0m
2025-09-20T21:26:44.2028978Z [36;1mfi[0m
2025-09-20T21:26:44.2029426Z [36;1m[0m
2025-09-20T21:26:44.2029774Z [36;1m# Option: Remove Docker images[0m
2025-09-20T21:26:44.2030177Z [36;1m[0m
2025-09-20T21:26:44.2030508Z [36;1mif [[ true == 'true' ]]; then[0m
2025-09-20T21:26:44.2030921Z [36;1m  BEFORE=$(getAvailableSpace)[0m
2025-09-20T21:26:44.2031319Z [36;1m[0m
2025-09-20T21:26:44.2031702Z [36;1m  sudo docker image prune --all --force || true[0m
2025-09-20T21:26:44.2032145Z [36;1m[0m
2025-09-20T21:26:44.2032482Z [36;1m  AFTER=$(getAvailableSpace)[0m
2025-09-20T21:26:44.2032908Z [36;1m  SAVED=$((AFTER-BEFORE))[0m
2025-09-20T21:26:44.2033338Z [36;1m  printSavedSpace $SAVED "Docker images"[0m
2025-09-20T21:26:44.2033766Z [36;1mfi[0m
2025-09-20T21:26:44.2034086Z [36;1m[0m
2025-09-20T21:26:44.2034431Z [36;1m# Option: Remove tool cache[0m
2025-09-20T21:26:44.2035066Z [36;1m# REF: https://github.com/actions/virtual-environments/issues/2875#issuecomment-1163392159[0m
2025-09-20T21:26:44.2035660Z [36;1m[0m
2025-09-20T21:26:44.2035994Z [36;1mif [[ false == 'true' ]]; then[0m
2025-09-20T21:26:44.2036408Z [36;1m  BEFORE=$(getAvailableSpace)[0m
2025-09-20T21:26:44.2036928Z [36;1m[0m
2025-09-20T21:26:44.2037319Z [36;1m  sudo rm -rf "$AGENT_TOOLSDIRECTORY" || true[0m
2025-09-20T21:26:44.2037747Z [36;1m  [0m
2025-09-20T21:26:44.2038104Z [36;1m  AFTER=$(getAvailableSpace)[0m
2025-09-20T21:26:44.2038528Z [36;1m  SAVED=$((AFTER-BEFORE))[0m
2025-09-20T21:26:44.2038958Z [36;1m  printSavedSpace $SAVED "Tool cache"[0m
2025-09-20T21:26:44.2039505Z [36;1mfi[0m
2025-09-20T21:26:44.2039823Z [36;1m[0m
2025-09-20T21:26:44.2040173Z [36;1m# Option: Remove Swap storage[0m
2025-09-20T21:26:44.2040571Z [36;1m[0m
2025-09-20T21:26:44.2040905Z [36;1mif [[ true == 'true' ]]; then[0m
2025-09-20T21:26:44.2041332Z [36;1m  BEFORE=$(getAvailableSpace)[0m
2025-09-20T21:26:44.2041732Z [36;1m[0m
2025-09-20T21:26:44.2042078Z [36;1m  sudo swapoff -a || true[0m
2025-09-20T21:26:44.2042507Z [36;1m  sudo rm -f /mnt/swapfile || true[0m
2025-09-20T21:26:44.2042923Z [36;1m  free -h[0m
2025-09-20T21:26:44.2043255Z [36;1m  [0m
2025-09-20T21:26:44.2043607Z [36;1m  AFTER=$(getAvailableSpace)[0m
2025-09-20T21:26:44.2044020Z [36;1m  SAVED=$((AFTER-BEFORE))[0m
2025-09-20T21:26:44.2044461Z [36;1m  printSavedSpace $SAVED "Swap storage"[0m
2025-09-20T21:26:44.2044889Z [36;1mfi[0m
2025-09-20T21:26:44.2045207Z [36;1m[0m
2025-09-20T21:26:44.2045524Z [36;1m[0m
2025-09-20T21:26:44.2045826Z [36;1m[0m
2025-09-20T21:26:44.2046172Z [36;1m# Output saved space statistic[0m
2025-09-20T21:26:44.2046571Z [36;1m[0m
2025-09-20T21:26:44.2046925Z [36;1mAVAILABLE_END=$(getAvailableSpace)[0m
2025-09-20T21:26:44.2047398Z [36;1mAVAILABLE_ROOT_END=$(getAvailableSpace '/')[0m
2025-09-20T21:26:44.2047834Z [36;1m[0m
2025-09-20T21:26:44.2048147Z [36;1mecho ""[0m
2025-09-20T21:26:44.2048502Z [36;1mprintDH "AFTER CLEAN-UP:"[0m
2025-09-20T21:26:44.2048888Z [36;1m[0m
2025-09-20T21:26:44.2049369Z [36;1mecho ""[0m
2025-09-20T21:26:44.2049700Z [36;1mecho ""[0m
2025-09-20T21:26:44.2050018Z [36;1m[0m
2025-09-20T21:26:44.2050342Z [36;1mecho "/dev/root:"[0m
2025-09-20T21:26:44.2050841Z [36;1mprintSavedSpace $((AVAILABLE_ROOT_END - AVAILABLE_ROOT_INITIAL))[0m
2025-09-20T21:26:44.2051369Z [36;1mecho "overall:"[0m
2025-09-20T21:26:44.2051827Z [36;1mprintSavedSpace $((AVAILABLE_END - AVAILABLE_INITIAL))[0m
2025-09-20T21:26:44.2106469Z shell: /usr/bin/bash --noprofile --norc -e -o pipefail {0}
2025-09-20T21:26:44.2107019Z env:
2025-09-20T21:26:44.2107359Z   CARGO_TERM_COLOR: always
2025-09-20T21:26:44.2107760Z   RUST_BACKTRACE: full
2025-09-20T21:26:44.2108139Z   RUST_MIN_STACK: 40971520
2025-09-20T21:26:44.2108529Z   RUST_LOG: citadel=warn
2025-09-20T21:26:44.2108897Z   IN_CI: true
2025-09-20T21:26:44.2109606Z   NAT_TYPE_PEER_A: full_cone
2025-09-20T21:26:44.2110013Z   NAT_TYPE_PEER_B: symmetric
2025-09-20T21:26:44.2110389Z ##[endgroup]
2025-09-20T21:26:44.2333570Z ================================================================================
2025-09-20T21:26:44.2334298Z BEFORE CLEAN-UP:
2025-09-20T21:26:44.2334706Z 
2025-09-20T21:26:44.2334960Z $ dh -h /
2025-09-20T21:26:44.2335279Z 
2025-09-20T21:26:44.2344136Z Filesystem      Size  Used Avail Use% Mounted on
2025-09-20T21:26:44.2344763Z /dev/root        72G   46G   27G  64% /
2025-09-20T21:26:44.2345644Z $ dh -a /
2025-09-20T21:26:44.2345967Z 
2025-09-20T21:26:44.2355735Z Filesystem     1K-blocks     Used Available Use% Mounted on
2025-09-20T21:26:44.2356508Z /dev/root       75085112 47603392  27465336  64% /
2025-09-20T21:26:44.2357562Z $ dh -a
2025-09-20T21:26:44.2357971Z 
2025-09-20T21:26:44.2369026Z Filesystem     1K-blocks     Used Available Use% Mounted on
2025-09-20T21:26:44.2370159Z /dev/root       75085112 47603392  27465336  64% /
2025-09-20T21:26:44.2371063Z devtmpfs         8186144        0   8186144   0% /dev
2025-09-20T21:26:44.2371888Z proc                   0        0         0    - /proc
2025-09-20T21:26:44.2372702Z sysfs                  0        0         0    - /sys
2025-09-20T21:26:44.2373579Z securityfs             0        0         0    - /sys/kernel/security
2025-09-20T21:26:44.2374715Z tmpfs            8189736       84   8189652   1% /dev/shm
2025-09-20T21:26:44.2375614Z devpts                 0        0         0    - /dev/pts
2025-09-20T21:26:44.2376445Z tmpfs            3275896     1112   3274784   1% /run
2025-09-20T21:26:44.2377267Z tmpfs               5120        0      5120   0% /run/lock
2025-09-20T21:26:44.2378113Z cgroup2                0        0         0    - /sys/fs/cgroup
2025-09-20T21:26:44.2378990Z pstore                 0        0         0    - /sys/fs/pstore
2025-09-20T21:26:44.2380075Z bpf                    0        0         0    - /sys/fs/bpf
2025-09-20T21:26:44.2380986Z systemd-1              -        -         -    - /proc/sys/fs/binfmt_misc
2025-09-20T21:26:44.2381954Z hugetlbfs              0        0         0    - /dev/hugepages
2025-09-20T21:26:44.2382643Z mqueue                 0        0         0    - /dev/mqueue
2025-09-20T21:26:44.2383142Z tracefs                0        0         0    - /sys/kernel/tracing
2025-09-20T21:26:44.2383649Z debugfs                0        0         0    - /sys/kernel/debug
2025-09-20T21:26:44.2384180Z fusectl                0        0         0    - /sys/fs/fuse/connections
2025-09-20T21:26:44.2384746Z configfs               0        0         0    - /sys/kernel/config
2025-09-20T21:26:44.2385248Z /dev/sdb16        901520    60640    777752   8% /boot
2025-09-20T21:26:44.2385729Z /dev/sdb15        106832     6250    100582   6% /boot/efi
2025-09-20T21:26:44.2386245Z binfmt_misc            0        0         0    - /proc/sys/fs/binfmt_misc
2025-09-20T21:26:44.2386748Z /dev/sda1       76829444  4194336  68686668   6% /mnt
2025-09-20T21:26:44.2387216Z tmpfs            1637944       12   1637932   1% /run/user/1001
2025-09-20T21:26:44.2387680Z ================================================================================
2025-09-20T21:26:44.2388192Z 
2025-09-20T21:27:50.2006491Z ##[error]The operation was canceled.
2025-09-20T21:27:50.2145991Z Post job cleanup.
2025-09-20T21:27:50.3073281Z [command]/usr/bin/git version
2025-09-20T21:27:50.3114902Z git version 2.51.0
2025-09-20T21:27:50.3177240Z Temporarily overriding HOME='/home/runner/work/_temp/7af41242-1ac7-4aa0-bb14-947c05650ffa' before making global git config changes
2025-09-20T21:27:50.3178570Z Adding repository directory to the temporary git global config as a safe directory
2025-09-20T21:27:50.3183546Z [command]/usr/bin/git config --global --add safe.directory /home/runner/work/Citadel-Protocol/Citadel-Protocol
2025-09-20T21:27:50.3220150Z [command]/usr/bin/git config --local --name-only --get-regexp core\.sshCommand
2025-09-20T21:27:50.3254338Z [command]/usr/bin/git submodule foreach --recursive sh -c "git config --local --name-only --get-regexp 'core\.sshCommand' && git config --local --unset-all 'core.sshCommand' || :"
2025-09-20T21:27:50.3489836Z [command]/usr/bin/git config --local --name-only --get-regexp http\.https\:\/\/github\.com\/\.extraheader
2025-09-20T21:27:50.3509756Z http.https://github.com/.extraheader
2025-09-20T21:27:50.3522099Z [command]/usr/bin/git config --local --unset-all http.https://github.com/.extraheader
2025-09-20T21:27:50.3552807Z [command]/usr/bin/git submodule foreach --recursive sh -c "git config --local --name-only --get-regexp 'http\.https\:\/\/github\.com\/\.extraheader' && git config --local --unset-all 'http.https://github.com/.extraheader' || :"
2025-09-20T21:27:50.3894448Z Cleaning up orphan processes
