2025-09-20T21:22:52.7182694Z Current runner version: '2.328.0'
2025-09-20T21:22:52.7207826Z ##[group]Runner Image Provisioner
2025-09-20T21:22:52.7209072Z Hosted Compute Agent
2025-09-20T21:22:52.7209611Z Version: 20250829.383
2025-09-20T21:22:52.7210212Z Commit: 27cb235aab5b0e52e153a26cd86b4742e89dac5d
2025-09-20T21:22:52.7210961Z Build Date: 2025-08-29T13:48:48Z
2025-09-20T21:22:52.7211579Z ##[endgroup]
2025-09-20T21:22:52.7212169Z ##[group]Operating System
2025-09-20T21:22:52.7212847Z Ubuntu
2025-09-20T21:22:52.7213388Z 24.04.3
2025-09-20T21:22:52.7213880Z LTS
2025-09-20T21:22:52.7214419Z ##[endgroup]
2025-09-20T21:22:52.7214887Z ##[group]Runner Image
2025-09-20T21:22:52.7215480Z Image: ubuntu-24.04
2025-09-20T21:22:52.7216008Z Version: 20250907.24.1
2025-09-20T21:22:52.7217053Z Included Software: https://github.com/actions/runner-images/blob/ubuntu24/20250907.24/images/ubuntu/Ubuntu2404-Readme.md
2025-09-20T21:22:52.7218874Z Image Release: https://github.com/actions/runner-images/releases/tag/ubuntu24%2F20250907.24
2025-09-20T21:22:52.7219972Z ##[endgroup]
2025-09-20T21:22:52.7222504Z ##[group]GITHUB_TOKEN Permissions
2025-09-20T21:22:52.7224783Z Actions: write
2025-09-20T21:22:52.7225319Z Attestations: write
2025-09-20T21:22:52.7225921Z Checks: write
2025-09-20T21:22:52.7226417Z Contents: write
2025-09-20T21:22:52.7226951Z Deployments: write
2025-09-20T21:22:52.7227437Z Discussions: write
2025-09-20T21:22:52.7228079Z Issues: write
2025-09-20T21:22:52.7229136Z Metadata: read
2025-09-20T21:22:52.7229595Z Models: read
2025-09-20T21:22:52.7230179Z Packages: write
2025-09-20T21:22:52.7230665Z Pages: write
2025-09-20T21:22:52.7231172Z PullRequests: write
2025-09-20T21:22:52.7231794Z RepositoryProjects: write
2025-09-20T21:22:52.7232412Z SecurityEvents: write
2025-09-20T21:22:52.7233061Z Statuses: write
2025-09-20T21:22:52.7233621Z ##[endgroup]
2025-09-20T21:22:52.7235919Z Secret source: Actions
2025-09-20T21:22:52.7236605Z Prepare workflow directory
2025-09-20T21:22:52.7989352Z Prepare all required actions
2025-09-20T21:22:52.8047167Z Getting action download info
2025-09-20T21:22:53.0873725Z Download action repository 'actions/checkout@v4' (SHA:08eba0b27e820071cde6df949e0beb9ba4906955)
2025-09-20T21:22:53.2986270Z Download action repository 'jlumbroso/free-disk-space@main' (SHA:54081f138730dfa15788a46383842cd2f914a1be)
2025-09-20T21:22:53.6609861Z Uses: Avarok-Cybersecurity/Citadel-Protocol/.github/workflows/validate.yml@refs/pull/236/merge (7edf0bb75f061919add02f6d6a82672c0b2e9654)
2025-09-20T21:22:53.6615333Z Complete job name: Validate PR / docker_nat_p2p (symmetric, address_restricted)
2025-09-20T21:22:53.7287319Z ##[group]Run actions/checkout@v4
2025-09-20T21:22:53.7288649Z with:
2025-09-20T21:22:53.7289223Z   repository: Avarok-Cybersecurity/Citadel-Protocol
2025-09-20T21:22:53.7290103Z   token: ***
2025-09-20T21:22:53.7290512Z   ssh-strict: true
2025-09-20T21:22:53.7290932Z   ssh-user: git
2025-09-20T21:22:53.7291352Z   persist-credentials: true
2025-09-20T21:22:53.7291822Z   clean: true
2025-09-20T21:22:53.7292250Z   sparse-checkout-cone-mode: true
2025-09-20T21:22:53.7292795Z   fetch-depth: 1
2025-09-20T21:22:53.7293214Z   fetch-tags: false
2025-09-20T21:22:53.7293675Z   show-progress: true
2025-09-20T21:22:53.7294231Z   lfs: false
2025-09-20T21:22:53.7294827Z   submodules: false
2025-09-20T21:22:53.7295260Z   set-safe-directory: true
2025-09-20T21:22:53.7296055Z env:
2025-09-20T21:22:53.7296466Z   CARGO_TERM_COLOR: always
2025-09-20T21:22:53.7296989Z   RUST_BACKTRACE: full
2025-09-20T21:22:53.7297468Z   RUST_MIN_STACK: 40971520
2025-09-20T21:22:53.7297938Z   RUST_LOG: citadel=warn
2025-09-20T21:22:53.7298655Z   IN_CI: true
2025-09-20T21:22:53.7299066Z   NAT_TYPE_PEER_A: symmetric
2025-09-20T21:22:53.7299571Z   NAT_TYPE_PEER_B: address_restricted
2025-09-20T21:22:53.7300082Z ##[endgroup]
2025-09-20T21:22:53.8433332Z Syncing repository: Avarok-Cybersecurity/Citadel-Protocol
2025-09-20T21:22:53.8435611Z ##[group]Getting Git version info
2025-09-20T21:22:53.8436498Z Working directory is '/home/runner/work/Citadel-Protocol/Citadel-Protocol'
2025-09-20T21:22:53.8438633Z [command]/usr/bin/git version
2025-09-20T21:22:53.8535311Z git version 2.51.0
2025-09-20T21:22:53.8562428Z ##[endgroup]
2025-09-20T21:22:53.8578318Z Temporarily overriding HOME='/home/runner/work/_temp/0a386fff-c890-4d13-b576-4361bcecf649' before making global git config changes
2025-09-20T21:22:53.8580062Z Adding repository directory to the temporary git global config as a safe directory
2025-09-20T21:22:53.8584486Z [command]/usr/bin/git config --global --add safe.directory /home/runner/work/Citadel-Protocol/Citadel-Protocol
2025-09-20T21:22:53.8682000Z Deleting the contents of '/home/runner/work/Citadel-Protocol/Citadel-Protocol'
2025-09-20T21:22:53.8685977Z ##[group]Initializing the repository
2025-09-20T21:22:53.8691412Z [command]/usr/bin/git init /home/runner/work/Citadel-Protocol/Citadel-Protocol
2025-09-20T21:22:53.8804779Z hint: Using 'master' as the name for the initial branch. This default branch name
2025-09-20T21:22:53.8806871Z hint: is subject to change. To configure the initial branch name to use in all
2025-09-20T21:22:53.8808806Z hint: of your new repositories, which will suppress this warning, call:
2025-09-20T21:22:53.8810364Z hint:
2025-09-20T21:22:53.8811500Z hint: 	git config --global init.defaultBranch <name>
2025-09-20T21:22:53.8812734Z hint:
2025-09-20T21:22:53.8813980Z hint: Names commonly chosen instead of 'master' are 'main', 'trunk' and
2025-09-20T21:22:53.8815996Z hint: 'development'. The just-created branch can be renamed via this command:
2025-09-20T21:22:53.8817458Z hint:
2025-09-20T21:22:53.8818437Z hint: 	git branch -m <name>
2025-09-20T21:22:53.8819295Z hint:
2025-09-20T21:22:53.8820374Z hint: Disable this message with "git config set advice.defaultBranchName false"
2025-09-20T21:22:53.8822522Z Initialized empty Git repository in /home/runner/work/Citadel-Protocol/Citadel-Protocol/.git/
2025-09-20T21:22:53.8825453Z [command]/usr/bin/git remote add origin https://github.com/Avarok-Cybersecurity/Citadel-Protocol
2025-09-20T21:22:53.8867429Z ##[endgroup]
2025-09-20T21:22:53.8868554Z ##[group]Disabling automatic garbage collection
2025-09-20T21:22:53.8872401Z [command]/usr/bin/git config --local gc.auto 0
2025-09-20T21:22:53.8905029Z ##[endgroup]
2025-09-20T21:22:53.8905756Z ##[group]Setting up auth
2025-09-20T21:22:53.8913029Z [command]/usr/bin/git config --local --name-only --get-regexp core\.sshCommand
2025-09-20T21:22:53.8946393Z [command]/usr/bin/git submodule foreach --recursive sh -c "git config --local --name-only --get-regexp 'core\.sshCommand' && git config --local --unset-all 'core.sshCommand' || :"
2025-09-20T21:22:53.9317624Z [command]/usr/bin/git config --local --name-only --get-regexp http\.https\:\/\/github\.com\/\.extraheader
2025-09-20T21:22:53.9351243Z [command]/usr/bin/git submodule foreach --recursive sh -c "git config --local --name-only --get-regexp 'http\.https\:\/\/github\.com\/\.extraheader' && git config --local --unset-all 'http.https://github.com/.extraheader' || :"
2025-09-20T21:22:53.9592866Z [command]/usr/bin/git config --local http.https://github.com/.extraheader AUTHORIZATION: basic ***
2025-09-20T21:22:53.9632789Z ##[endgroup]
2025-09-20T21:22:53.9633672Z ##[group]Fetching the repository
2025-09-20T21:22:53.9641801Z [command]/usr/bin/git -c protocol.version=2 fetch --no-tags --prune --no-recurse-submodules --depth=1 origin +7edf0bb75f061919add02f6d6a82672c0b2e9654:refs/remotes/pull/236/merge
2025-09-20T21:22:54.4231890Z From https://github.com/Avarok-Cybersecurity/Citadel-Protocol
2025-09-20T21:22:54.4234102Z  * [new ref]         7edf0bb75f061919add02f6d6a82672c0b2e9654 -> pull/236/merge
2025-09-20T21:22:54.4272564Z ##[endgroup]
2025-09-20T21:22:54.4274353Z ##[group]Determining the checkout info
2025-09-20T21:22:54.4276302Z ##[endgroup]
2025-09-20T21:22:54.4280793Z [command]/usr/bin/git sparse-checkout disable
2025-09-20T21:22:54.4328721Z [command]/usr/bin/git config --local --unset-all extensions.worktreeConfig
2025-09-20T21:22:54.4360435Z ##[group]Checking out the ref
2025-09-20T21:22:54.4364802Z [command]/usr/bin/git checkout --progress --force refs/remotes/pull/236/merge
2025-09-20T21:22:55.3644696Z Note: switching to 'refs/remotes/pull/236/merge'.
2025-09-20T21:22:55.3645844Z 
2025-09-20T21:22:55.3646569Z You are in 'detached HEAD' state. You can look around, make experimental
2025-09-20T21:22:55.3648738Z changes and commit them, and you can discard any commits you make in this
2025-09-20T21:22:55.3650724Z state without impacting any branches by switching back to a branch.
2025-09-20T21:22:55.3651870Z 
2025-09-20T21:22:55.3652635Z If you want to create a new branch to retain commits you create, you may
2025-09-20T21:22:55.3654343Z do so (now or later) by using -c with the switch command. Example:
2025-09-20T21:22:55.3655386Z 
2025-09-20T21:22:55.3655798Z   git switch -c <new-branch-name>
2025-09-20T21:22:55.3656522Z 
2025-09-20T21:22:55.3656981Z Or undo this operation with:
2025-09-20T21:22:55.3657702Z 
2025-09-20T21:22:55.3658317Z   git switch -
2025-09-20T21:22:55.3658935Z 
2025-09-20T21:22:55.3659878Z Turn off this advice by setting config variable advice.detachedHead to false
2025-09-20T21:22:55.3661264Z 
2025-09-20T21:22:55.3662857Z HEAD is now at 7edf0bb Merge 8a89b2152348ab91c1a5bd335ccb554a7eae26c5 into 2b40ca3c28904a155dd62f453494820feec744f0
2025-09-20T21:22:55.3911136Z ##[endgroup]
2025-09-20T21:22:55.3946491Z [command]/usr/bin/git log -1 --format=%H
2025-09-20T21:22:55.3969594Z 7edf0bb75f061919add02f6d6a82672c0b2e9654
2025-09-20T21:22:55.4392604Z ##[group]Run jlumbroso/free-disk-space@main
2025-09-20T21:22:55.4393763Z with:
2025-09-20T21:22:55.4394539Z   android: true
2025-09-20T21:22:55.4395348Z   dotnet: true
2025-09-20T21:22:55.4396148Z   haskell: true
2025-09-20T21:22:55.4396977Z   large-packages: true
2025-09-20T21:22:55.4397889Z   docker-images: true
2025-09-20T21:22:55.4399167Z   tool-cache: false
2025-09-20T21:22:55.4400031Z   swap-storage: true
2025-09-20T21:22:55.4400878Z env:
2025-09-20T21:22:55.4401637Z   CARGO_TERM_COLOR: always
2025-09-20T21:22:55.4402583Z   RUST_BACKTRACE: full
2025-09-20T21:22:55.4403487Z   RUST_MIN_STACK: 40971520
2025-09-20T21:22:55.4404457Z   RUST_LOG: citadel=warn
2025-09-20T21:22:55.4405342Z   IN_CI: true
2025-09-20T21:22:55.4406169Z   NAT_TYPE_PEER_A: symmetric
2025-09-20T21:22:55.4407174Z   NAT_TYPE_PEER_B: address_restricted
2025-09-20T21:22:55.4408323Z ##[endgroup]
2025-09-20T21:22:55.4540859Z ##[group]Run # ======
2025-09-20T21:22:55.4542559Z [36;1m[0m
2025-09-20T21:22:55.4543333Z [36;1m# ======[0m
2025-09-20T21:22:55.4544083Z [36;1m# MACROS[0m
2025-09-20T21:22:55.4544837Z [36;1m# ======[0m
2025-09-20T21:22:55.4545573Z [36;1m[0m
2025-09-20T21:22:55.4546360Z [36;1m# macro to print a line of equals[0m
2025-09-20T21:22:55.4547424Z [36;1m# (silly but works)[0m
2025-09-20T21:22:55.4548524Z [36;1mprintSeparationLine() {[0m
2025-09-20T21:22:55.4549484Z [36;1m  str=${1:=}[0m
2025-09-20T21:22:55.4550283Z [36;1m  num=${2:-80}[0m
2025-09-20T21:22:55.4551109Z [36;1m  counter=1[0m
2025-09-20T21:22:55.4551899Z [36;1m  output=""[0m
2025-09-20T21:22:55.4552755Z [36;1m  while [ $counter -le $num ][0m
2025-09-20T21:22:55.4553742Z [36;1m  do[0m
2025-09-20T21:22:55.4554522Z [36;1m     output="${output}${str}"[0m
2025-09-20T21:22:55.4555540Z [36;1m     counter=$((counter+1))[0m
2025-09-20T21:22:55.4556496Z [36;1m  done[0m
2025-09-20T21:22:55.4557265Z [36;1m  echo "${output}"[0m
2025-09-20T21:22:55.4558288Z [36;1m}[0m
2025-09-20T21:22:55.4559108Z [36;1m[0m
2025-09-20T21:22:55.4559897Z [36;1m# macro to compute available space[0m
2025-09-20T21:22:55.4561174Z [36;1m# REF: https://unix.stackexchange.com/a/42049/60849[0m
2025-09-20T21:22:55.4562540Z [36;1m# REF: https://stackoverflow.com/a/450821/408734[0m
2025-09-20T21:22:55.4564222Z [36;1mgetAvailableSpace() { echo $(df -a $1 | awk 'NR > 1 {avail+=$4} END {print avail}'); }[0m
2025-09-20T21:22:55.4565708Z [36;1m[0m
2025-09-20T21:22:55.4566673Z [36;1m# macro to make Kb human readable (assume the input is Kb)[0m
2025-09-20T21:22:55.4568237Z [36;1m# REF: https://unix.stackexchange.com/a/44087/60849[0m
2025-09-20T21:22:55.4570163Z [36;1mformatByteCount() { echo $(numfmt --to=iec-i --suffix=B --padding=7 $1'000'); }[0m
2025-09-20T21:22:55.4571639Z [36;1m[0m
2025-09-20T21:22:55.4572378Z [36;1m# macro to output saved space[0m
2025-09-20T21:22:55.4573397Z [36;1mprintSavedSpace() {[0m
2025-09-20T21:22:55.4574285Z [36;1m  saved=${1}[0m
2025-09-20T21:22:55.4575149Z [36;1m  title=${2:-}[0m
2025-09-20T21:22:55.4575975Z [36;1m[0m
2025-09-20T21:22:55.4576660Z [36;1m  echo ""[0m
2025-09-20T21:22:55.4577487Z [36;1m  printSeparationLine '*' 80[0m
2025-09-20T21:22:55.4578613Z [36;1m  if [ ! -z "${title}" ]; then[0m
2025-09-20T21:22:55.4579784Z [36;1m    echo "=> ${title}: Saved $(formatByteCount $saved)"[0m
2025-09-20T21:22:55.4580959Z [36;1m  else[0m
2025-09-20T21:22:55.4582181Z [36;1m    echo "=> Saved $(formatByteCount $saved)"[0m
2025-09-20T21:22:55.4583787Z [36;1m  fi[0m
2025-09-20T21:22:55.4584892Z [36;1m  printSeparationLine '*' 80[0m
2025-09-20T21:22:55.4586563Z [36;1m  echo ""[0m
2025-09-20T21:22:55.4587782Z [36;1m}[0m
2025-09-20T21:22:55.4589153Z [36;1m[0m
2025-09-20T21:22:55.4590570Z [36;1m# macro to print output of dh with caption[0m
2025-09-20T21:22:55.4592339Z [36;1mprintDH() {[0m
2025-09-20T21:22:55.4593679Z [36;1m  caption=${1:-}[0m
2025-09-20T21:22:55.4594987Z [36;1m[0m
2025-09-20T21:22:55.4595815Z [36;1m  printSeparationLine '=' 80[0m
2025-09-20T21:22:55.4597061Z [36;1m  echo "${caption}"[0m
2025-09-20T21:22:55.4597947Z [36;1m  echo ""[0m
2025-09-20T21:22:55.4599019Z [36;1m  echo "$ dh -h /"[0m
2025-09-20T21:22:55.4599893Z [36;1m  echo ""[0m
2025-09-20T21:22:55.4600651Z [36;1m  df -h /[0m
2025-09-20T21:22:55.4601421Z [36;1m  echo "$ dh -a /"[0m
2025-09-20T21:22:55.4602279Z [36;1m  echo ""[0m
2025-09-20T21:22:55.4603049Z [36;1m  df -a /[0m
2025-09-20T21:22:55.4603818Z [36;1m  echo "$ dh -a"[0m
2025-09-20T21:22:55.4604654Z [36;1m  echo ""[0m
2025-09-20T21:22:55.4605408Z [36;1m  df -a[0m
2025-09-20T21:22:55.4606219Z [36;1m  printSeparationLine '=' 80[0m
2025-09-20T21:22:55.4607206Z [36;1m}[0m
2025-09-20T21:22:55.4607884Z [36;1m[0m
2025-09-20T21:22:55.4608669Z [36;1m[0m
2025-09-20T21:22:55.4609337Z [36;1m[0m
2025-09-20T21:22:55.4610023Z [36;1m# ======[0m
2025-09-20T21:22:55.4610740Z [36;1m# SCRIPT[0m
2025-09-20T21:22:55.4611477Z [36;1m# ======[0m
2025-09-20T21:22:55.4612192Z [36;1m[0m
2025-09-20T21:22:55.4612975Z [36;1m# Display initial disk space stats[0m
2025-09-20T21:22:55.4613987Z [36;1m[0m
2025-09-20T21:22:55.4614810Z [36;1mAVAILABLE_INITIAL=$(getAvailableSpace)[0m
2025-09-20T21:22:55.4616130Z [36;1mAVAILABLE_ROOT_INITIAL=$(getAvailableSpace '/')[0m
2025-09-20T21:22:55.4617282Z [36;1m[0m
2025-09-20T21:22:55.4618018Z [36;1mprintDH "BEFORE CLEAN-UP:"[0m
2025-09-20T21:22:55.4619062Z [36;1mecho ""[0m
2025-09-20T21:22:55.4619787Z [36;1m[0m
2025-09-20T21:22:55.4620452Z [36;1m[0m
2025-09-20T21:22:55.4621200Z [36;1m# Option: Remove Android library[0m
2025-09-20T21:22:55.4622168Z [36;1m[0m
2025-09-20T21:22:55.4622882Z [36;1mif [[ true == 'true' ]]; then[0m
2025-09-20T21:22:55.4623961Z [36;1m  BEFORE=$(getAvailableSpace)[0m
2025-09-20T21:22:55.4624934Z [36;1m  [0m
2025-09-20T21:22:55.4625758Z [36;1m  sudo rm -rf /usr/local/lib/android || true[0m
2025-09-20T21:22:55.4626813Z [36;1m[0m
2025-09-20T21:22:55.4627540Z [36;1m  AFTER=$(getAvailableSpace)[0m
2025-09-20T21:22:55.4628674Z [36;1m  SAVED=$((AFTER-BEFORE))[0m
2025-09-20T21:22:55.4629750Z [36;1m  printSavedSpace $SAVED "Android library"[0m
2025-09-20T21:22:55.4630802Z [36;1mfi[0m
2025-09-20T21:22:55.4631466Z [36;1m[0m
2025-09-20T21:22:55.4632175Z [36;1m# Option: Remove .NET runtime[0m
2025-09-20T21:22:55.4633114Z [36;1m[0m
2025-09-20T21:22:55.4633813Z [36;1mif [[ true == 'true' ]]; then[0m
2025-09-20T21:22:55.4634800Z [36;1m  BEFORE=$(getAvailableSpace)[0m
2025-09-20T21:22:55.4635791Z [36;1m[0m
2025-09-20T21:22:55.4637061Z [36;1m  # https://github.community/t/bigger-github-hosted-runners-disk-space/17267/11[0m
2025-09-20T21:22:55.4638800Z [36;1m  sudo rm -rf /usr/share/dotnet || true[0m
2025-09-20T21:22:55.4639978Z [36;1m  [0m
2025-09-20T21:22:55.4640717Z [36;1m  AFTER=$(getAvailableSpace)[0m
2025-09-20T21:22:55.4641684Z [36;1m  SAVED=$((AFTER-BEFORE))[0m
2025-09-20T21:22:55.4642713Z [36;1m  printSavedSpace $SAVED ".NET runtime"[0m
2025-09-20T21:22:55.4643727Z [36;1mfi[0m
2025-09-20T21:22:55.4644387Z [36;1m[0m
2025-09-20T21:22:55.4645147Z [36;1m# Option: Remove Haskell runtime[0m
2025-09-20T21:22:55.4646112Z [36;1m[0m
2025-09-20T21:22:55.4646843Z [36;1mif [[ true == 'true' ]]; then[0m
2025-09-20T21:22:55.4647866Z [36;1m  BEFORE=$(getAvailableSpace)[0m
2025-09-20T21:22:55.4648969Z [36;1m[0m
2025-09-20T21:22:55.4649712Z [36;1m  sudo rm -rf /opt/ghc || true[0m
2025-09-20T21:22:55.4723157Z [36;1m  sudo rm -rf /usr/local/.ghcup || true[0m
2025-09-20T21:22:55.4725146Z [36;1m  [0m
2025-09-20T21:22:55.4726323Z [36;1m  AFTER=$(getAvailableSpace)[0m
2025-09-20T21:22:55.4727941Z [36;1m  SAVED=$((AFTER-BEFORE))[0m
2025-09-20T21:22:55.4730000Z [36;1m  printSavedSpace $SAVED "Haskell runtime"[0m
2025-09-20T21:22:55.4731852Z [36;1mfi[0m
2025-09-20T21:22:55.4733022Z [36;1m[0m
2025-09-20T21:22:55.4734272Z [36;1m# Option: Remove large packages[0m
2025-09-20T21:22:55.4737300Z [36;1m# REF: https://github.com/apache/flink/blob/master/tools/azure-pipelines/free_disk_space.sh[0m
2025-09-20T21:22:55.4740365Z [36;1m[0m
2025-09-20T21:22:55.4741391Z [36;1mif [[ true == 'true' ]]; then[0m
2025-09-20T21:22:55.4742433Z [36;1m  BEFORE=$(getAvailableSpace)[0m
2025-09-20T21:22:55.4743406Z [36;1m  [0m
2025-09-20T21:22:55.4745444Z [36;1m  sudo apt-get remove -y '^aspnetcore-.*' || echo "::warning::The command [sudo apt-get remove -y '^aspnetcore-.*'] failed to complete successfully. Proceeding..."[0m
2025-09-20T21:22:55.4749455Z [36;1m  sudo apt-get remove -y '^dotnet-.*' --fix-missing || echo "::warning::The command [sudo apt-get remove -y '^dotnet-.*' --fix-missing] failed to complete successfully. Proceeding..."[0m
2025-09-20T21:22:55.4753363Z [36;1m  sudo apt-get remove -y '^llvm-.*' --fix-missing || echo "::warning::The command [sudo apt-get remove -y '^llvm-.*' --fix-missing] failed to complete successfully. Proceeding..."[0m
2025-09-20T21:22:55.4757096Z [36;1m  sudo apt-get remove -y 'php.*' --fix-missing || echo "::warning::The command [sudo apt-get remove -y 'php.*' --fix-missing] failed to complete successfully. Proceeding..."[0m
2025-09-20T21:22:55.4761101Z [36;1m  sudo apt-get remove -y '^mongodb-.*' --fix-missing || echo "::warning::The command [sudo apt-get remove -y '^mongodb-.*' --fix-missing] failed to complete successfully. Proceeding..."[0m
2025-09-20T21:22:55.4765000Z [36;1m  sudo apt-get remove -y '^mysql-.*' --fix-missing || echo "::warning::The command [sudo apt-get remove -y '^mysql-.*' --fix-missing] failed to complete successfully. Proceeding..."[0m
2025-09-20T21:22:55.4770786Z [36;1m  sudo apt-get remove -y azure-cli google-chrome-stable firefox powershell mono-devel libgl1-mesa-dri --fix-missing || echo "::warning::The command [sudo apt-get remove -y azure-cli google-chrome-stable firefox powershell mono-devel libgl1-mesa-dri --fix-missing] failed to complete successfully. Proceeding..."[0m
2025-09-20T21:22:55.4776597Z [36;1m  sudo apt-get remove -y google-cloud-sdk --fix-missing || echo "::debug::The command [sudo apt-get remove -y google-cloud-sdk --fix-missing] failed to complete successfully. Proceeding..."[0m
2025-09-20T21:22:55.4780994Z [36;1m  sudo apt-get remove -y google-cloud-cli --fix-missing || echo "::debug::The command [sudo apt-get remove -y google-cloud-cli --fix-missing] failed to complete successfully. Proceeding..."[0m
2025-09-20T21:22:55.4784664Z [36;1m  sudo apt-get autoremove -y || echo "::warning::The command [sudo apt-get autoremove -y] failed to complete successfully. Proceeding..."[0m
2025-09-20T21:22:55.4787537Z [36;1m  sudo apt-get clean || echo "::warning::The command [sudo apt-get clean] failed to complete successfully. Proceeding..."[0m
2025-09-20T21:22:55.4789577Z [36;1m[0m
2025-09-20T21:22:55.4790512Z [36;1m  AFTER=$(getAvailableSpace)[0m
2025-09-20T21:22:55.4791515Z [36;1m  SAVED=$((AFTER-BEFORE))[0m
2025-09-20T21:22:55.4792639Z [36;1m  printSavedSpace $SAVED "Large misc. packages"[0m
2025-09-20T21:22:55.4793748Z [36;1mfi[0m
2025-09-20T21:22:55.4794432Z [36;1m[0m
2025-09-20T21:22:55.4795171Z [36;1m# Option: Remove Docker images[0m
2025-09-20T21:22:55.4796135Z [36;1m[0m
2025-09-20T21:22:55.4796860Z [36;1mif [[ true == 'true' ]]; then[0m
2025-09-20T21:22:55.4797872Z [36;1m  BEFORE=$(getAvailableSpace)[0m
2025-09-20T21:22:55.4799033Z [36;1m[0m
2025-09-20T21:22:55.4799887Z [36;1m  sudo docker image prune --all --force || true[0m
2025-09-20T21:22:55.4800990Z [36;1m[0m
2025-09-20T21:22:55.4801728Z [36;1m  AFTER=$(getAvailableSpace)[0m
2025-09-20T21:22:55.4802728Z [36;1m  SAVED=$((AFTER-BEFORE))[0m
2025-09-20T21:22:55.4803773Z [36;1m  printSavedSpace $SAVED "Docker images"[0m
2025-09-20T21:22:55.4804809Z [36;1mfi[0m
2025-09-20T21:22:55.4805501Z [36;1m[0m
2025-09-20T21:22:55.4806237Z [36;1m# Option: Remove tool cache[0m
2025-09-20T21:22:55.4807873Z [36;1m# REF: https://github.com/actions/virtual-environments/issues/2875#issuecomment-1163392159[0m
2025-09-20T21:22:55.4809697Z [36;1m[0m
2025-09-20T21:22:55.4810429Z [36;1mif [[ false == 'true' ]]; then[0m
2025-09-20T21:22:55.4811461Z [36;1m  BEFORE=$(getAvailableSpace)[0m
2025-09-20T21:22:55.4812605Z [36;1m[0m
2025-09-20T21:22:55.4813455Z [36;1m  sudo rm -rf "$AGENT_TOOLSDIRECTORY" || true[0m
2025-09-20T21:22:55.4814510Z [36;1m  [0m
2025-09-20T21:22:55.4815269Z [36;1m  AFTER=$(getAvailableSpace)[0m
2025-09-20T21:22:55.4816261Z [36;1m  SAVED=$((AFTER-BEFORE))[0m
2025-09-20T21:22:55.4817302Z [36;1m  printSavedSpace $SAVED "Tool cache"[0m
2025-09-20T21:22:55.4818496Z [36;1mfi[0m
2025-09-20T21:22:55.4819197Z [36;1m[0m
2025-09-20T21:22:55.4819930Z [36;1m# Option: Remove Swap storage[0m
2025-09-20T21:22:55.4820883Z [36;1m[0m
2025-09-20T21:22:55.4821602Z [36;1mif [[ true == 'true' ]]; then[0m
2025-09-20T21:22:55.4822638Z [36;1m  BEFORE=$(getAvailableSpace)[0m
2025-09-20T21:22:55.4823595Z [36;1m[0m
2025-09-20T21:22:55.4824311Z [36;1m  sudo swapoff -a || true[0m
2025-09-20T21:22:55.4825309Z [36;1m  sudo rm -f /mnt/swapfile || true[0m
2025-09-20T21:22:55.4826316Z [36;1m  free -h[0m
2025-09-20T21:22:55.4827052Z [36;1m  [0m
2025-09-20T21:22:55.4827813Z [36;1m  AFTER=$(getAvailableSpace)[0m
2025-09-20T21:22:55.4829029Z [36;1m  SAVED=$((AFTER-BEFORE))[0m
2025-09-20T21:22:55.4830062Z [36;1m  printSavedSpace $SAVED "Swap storage"[0m
2025-09-20T21:22:55.4831098Z [36;1mfi[0m
2025-09-20T21:22:55.4831773Z [36;1m[0m
2025-09-20T21:22:55.4832436Z [36;1m[0m
2025-09-20T21:22:55.4833091Z [36;1m[0m
2025-09-20T21:22:55.4833833Z [36;1m# Output saved space statistic[0m
2025-09-20T21:22:55.4834789Z [36;1m[0m
2025-09-20T21:22:55.4835567Z [36;1mAVAILABLE_END=$(getAvailableSpace)[0m
2025-09-20T21:22:55.4836775Z [36;1mAVAILABLE_ROOT_END=$(getAvailableSpace '/')[0m
2025-09-20T21:22:55.4837885Z [36;1m[0m
2025-09-20T21:22:55.4839200Z [36;1mecho ""[0m
2025-09-20T21:22:55.4839982Z [36;1mprintDH "AFTER CLEAN-UP:"[0m
2025-09-20T21:22:55.4840900Z [36;1m[0m
2025-09-20T21:22:55.4841571Z [36;1mecho ""[0m
2025-09-20T21:22:55.4842305Z [36;1mecho ""[0m
2025-09-20T21:22:55.4843014Z [36;1m[0m
2025-09-20T21:22:55.4843711Z [36;1mecho "/dev/root:"[0m
2025-09-20T21:22:55.4844955Z [36;1mprintSavedSpace $((AVAILABLE_ROOT_END - AVAILABLE_ROOT_INITIAL))[0m
2025-09-20T21:22:55.4846330Z [36;1mecho "overall:"[0m
2025-09-20T21:22:55.4847452Z [36;1mprintSavedSpace $((AVAILABLE_END - AVAILABLE_INITIAL))[0m
2025-09-20T21:22:55.4909190Z shell: /usr/bin/bash --noprofile --norc -e -o pipefail {0}
2025-09-20T21:22:55.4910395Z env:
2025-09-20T21:22:55.4911103Z   CARGO_TERM_COLOR: always
2025-09-20T21:22:55.4911956Z   RUST_BACKTRACE: full
2025-09-20T21:22:55.4912755Z   RUST_MIN_STACK: 40971520
2025-09-20T21:22:55.4913593Z   RUST_LOG: citadel=warn
2025-09-20T21:22:55.4914395Z   IN_CI: true
2025-09-20T21:22:55.4915315Z   NAT_TYPE_PEER_A: symmetric
2025-09-20T21:22:55.4916231Z   NAT_TYPE_PEER_B: address_restricted
2025-09-20T21:22:55.4917174Z ##[endgroup]
2025-09-20T21:22:55.5164484Z ================================================================================
2025-09-20T21:22:55.5165778Z BEFORE CLEAN-UP:
2025-09-20T21:22:55.5166236Z 
2025-09-20T21:22:55.5166557Z $ dh -h /
2025-09-20T21:22:55.5167014Z 
2025-09-20T21:22:55.5174290Z Filesystem      Size  Used Avail Use% Mounted on
2025-09-20T21:22:55.5175799Z /dev/root        72G   46G   27G  64% /
2025-09-20T21:22:55.5176851Z $ dh -a /
2025-09-20T21:22:55.5177246Z 
2025-09-20T21:22:55.5186118Z Filesystem     1K-blocks     Used Available Use% Mounted on
2025-09-20T21:22:55.5187823Z /dev/root       75085112 47603340  27465388  64% /
2025-09-20T21:22:55.5189309Z $ dh -a
2025-09-20T21:22:55.5189708Z 
2025-09-20T21:22:55.5199629Z Filesystem     1K-blocks     Used Available Use% Mounted on
2025-09-20T21:22:55.5200987Z /dev/root       75085112 47603340  27465388  64% /
2025-09-20T21:22:55.5202202Z devtmpfs         8186144        0   8186144   0% /dev
2025-09-20T21:22:55.5203379Z proc                   0        0         0    - /proc
2025-09-20T21:22:55.5204530Z sysfs                  0        0         0    - /sys
2025-09-20T21:22:55.5205809Z securityfs             0        0         0    - /sys/kernel/security
2025-09-20T21:22:55.5207916Z tmpfs            8189736       84   8189652   1% /dev/shm
2025-09-20T21:22:55.5209540Z devpts                 0        0         0    - /dev/pts
2025-09-20T21:22:55.5210810Z tmpfs            3275896     1108   3274788   1% /run
2025-09-20T21:22:55.5212072Z tmpfs               5120        0      5120   0% /run/lock
2025-09-20T21:22:55.5213403Z cgroup2                0        0         0    - /sys/fs/cgroup
2025-09-20T21:22:55.5215536Z pstore                 0        0         0    - /sys/fs/pstore
2025-09-20T21:22:55.5217753Z bpf                    0        0         0    - /sys/fs/bpf
2025-09-20T21:22:55.5220223Z systemd-1              -        -         -    - /proc/sys/fs/binfmt_misc
2025-09-20T21:22:55.5222488Z hugetlbfs              0        0         0    - /dev/hugepages
2025-09-20T21:22:55.5224567Z mqueue                 0        0         0    - /dev/mqueue
2025-09-20T21:22:55.5226607Z debugfs                0        0         0    - /sys/kernel/debug
2025-09-20T21:22:55.5228961Z tracefs                0        0         0    - /sys/kernel/tracing
2025-09-20T21:22:55.5231167Z fusectl                0        0         0    - /sys/fs/fuse/connections
2025-09-20T21:22:55.5233335Z configfs               0        0         0    - /sys/kernel/config
2025-09-20T21:22:55.5235383Z /dev/sdb16        901520    60640    777752   8% /boot
2025-09-20T21:22:55.5237367Z /dev/sdb15        106832     6250    100582   6% /boot/efi
2025-09-20T21:22:55.5239383Z binfmt_misc            0        0         0    - /proc/sys/fs/binfmt_misc
2025-09-20T21:22:55.5240667Z /dev/sda1       76829444  4194336  68686668   6% /mnt
2025-09-20T21:22:55.5241864Z tmpfs            1637944       12   1637932   1% /run/user/1001
2025-09-20T21:22:55.5243028Z ================================================================================
2025-09-20T21:22:55.5243757Z 
2025-09-20T21:27:01.9990950Z 
2025-09-20T21:27:01.9995936Z ********************************************************************************
2025-09-20T21:27:02.0239450Z => Android library: Saved 9.3GiB
2025-09-20T21:27:02.0245061Z ********************************************************************************
2025-09-20T21:27:02.0245624Z 
2025-09-20T21:27:02.0380799Z 
2025-09-20T21:27:02.0387038Z ********************************************************************************
2025-09-20T21:27:02.0403750Z => .NET runtime: Saved 0B
2025-09-20T21:27:02.0410257Z ********************************************************************************
2025-09-20T21:27:02.0410601Z 
2025-09-20T21:27:11.0265998Z 
2025-09-20T21:27:11.0274591Z ********************************************************************************
2025-09-20T21:27:11.0292128Z => Haskell runtime: Saved 6.2GiB
2025-09-20T21:27:11.0300908Z ********************************************************************************
2025-09-20T21:27:11.0301198Z 
2025-09-20T21:27:16.4511737Z Reading package lists...
2025-09-20T21:27:16.6748948Z Building dependency tree...
2025-09-20T21:27:16.6802724Z Reading state information...
2025-09-20T21:27:16.9502280Z Package 'aspnetcore-runtime-6.0' is not installed, so not removed
2025-09-20T21:27:16.9503323Z Package 'aspnetcore-targeting-pack-6.0' is not installed, so not removed
2025-09-20T21:27:16.9504304Z Package 'aspnetcore-runtime-dbg-8.0' is not installed, so not removed
2025-09-20T21:27:16.9505067Z The following packages will be REMOVED:
2025-09-20T21:27:16.9512034Z   aspnetcore-runtime-8.0 aspnetcore-targeting-pack-8.0 dotnet-sdk-8.0
2025-09-20T21:27:17.2779152Z 0 upgraded, 0 newly installed, 3 to remove and 6 not upgraded.
2025-09-20T21:27:17.2780171Z After this operation, 350 MB disk space will be freed.
2025-09-20T21:27:17.4681155Z (Reading database ... 
2025-09-20T21:27:17.4681652Z (Reading database ... 5%
2025-09-20T21:27:17.4681973Z (Reading database ... 10%
2025-09-20T21:27:17.4683875Z (Reading database ... 15%
2025-09-20T21:27:17.4684212Z (Reading database ... 20%
2025-09-20T21:27:17.4684456Z (Reading database ... 25%
2025-09-20T21:27:17.4684668Z (Reading database ... 30%
2025-09-20T21:27:17.4685166Z (Reading database ... 35%
2025-09-20T21:27:17.4685386Z (Reading database ... 40%
2025-09-20T21:27:17.4685596Z (Reading database ... 45%
2025-09-20T21:27:17.4685802Z (Reading database ... 50%
2025-09-20T21:27:17.6499884Z (Reading database ... 55%
2025-09-20T21:27:18.5255184Z (Reading database ... 60%
2025-09-20T21:27:19.2670317Z (Reading database ... 65%
2025-09-20T21:27:20.0441845Z (Reading database ... 70%
2025-09-20T21:27:20.8056512Z (Reading database ... 75%
2025-09-20T21:27:21.5712845Z (Reading database ... 80%
2025-09-20T21:27:22.5060430Z (Reading database ... 85%
2025-09-20T21:27:23.4126097Z (Reading database ... 90%
2025-09-20T21:27:24.3946177Z (Reading database ... 95%
2025-09-20T21:27:24.3946704Z (Reading database ... 100%
2025-09-20T21:27:24.3947420Z (Reading database ... 218655 files and directories currently installed.)
2025-09-20T21:27:24.3990901Z Removing dotnet-sdk-8.0 (8.0.119-0ubuntu1~24.04.1) ...
2025-09-20T21:27:28.9535405Z Removing aspnetcore-runtime-8.0 (8.0.19-0ubuntu1~24.04.1) ...
2025-09-20T21:27:28.9839778Z Removing aspnetcore-targeting-pack-8.0 (8.0.19-0ubuntu1~24.04.1) ...
2025-09-20T21:27:30.6219215Z Reading package lists...
2025-09-20T21:27:30.8122447Z Building dependency tree...
2025-09-20T21:27:30.8130620Z Reading state information...
2025-09-20T21:27:31.0801058Z Package 'dotnet-hostfxr-6.0' is not installed, so not removed
2025-09-20T21:27:31.0801886Z Package 'dotnet-runtime-6.0' is not installed, so not removed
2025-09-20T21:27:31.0805111Z Package 'dotnet-sdk-6.0' is not installed, so not removed
2025-09-20T21:27:31.0805924Z Package 'dotnet-targeting-pack-6.0' is not installed, so not removed
2025-09-20T21:27:31.0806765Z Package 'dotnet-templates-6.0' is not installed, so not removed
2025-09-20T21:27:31.0807525Z Package 'dotnet-apphost-pack-6.0' is not installed, so not removed
2025-09-20T21:27:31.0808461Z Package 'dotnet-sdk-8.0' is not installed, so not removed
2025-09-20T21:27:31.0809167Z Package 'dotnet-runtime-dbg-8.0' is not installed, so not removed
2025-09-20T21:27:31.0810026Z Package 'dotnet-sdk-8.0-source-built-artifacts' is not installed, so not removed
2025-09-20T21:27:31.0810873Z Package 'dotnet-sdk-dbg-8.0' is not installed, so not removed
2025-09-20T21:27:31.0811473Z The following packages will be REMOVED:
2025-09-20T21:27:31.0812101Z   dotnet-apphost-pack-8.0 dotnet-host-8.0 dotnet-hostfxr-8.0
2025-09-20T21:27:31.0812866Z   dotnet-runtime-8.0 dotnet-targeting-pack-8.0 dotnet-templates-8.0
2025-09-20T21:27:31.3396505Z 0 upgraded, 0 newly installed, 6 to remove and 6 not upgraded.
2025-09-20T21:27:31.3396934Z After this operation, 125 MB disk space will be freed.
2025-09-20T21:27:31.3578890Z (Reading database ... 
2025-09-20T21:27:31.3579298Z (Reading database ... 5%
2025-09-20T21:27:31.3579633Z (Reading database ... 10%
2025-09-20T21:27:31.3579971Z (Reading database ... 15%
2025-09-20T21:27:31.3580281Z (Reading database ... 20%
2025-09-20T21:27:31.3580610Z (Reading database ... 25%
2025-09-20T21:27:31.3580930Z (Reading database ... 30%
2025-09-20T21:27:31.3581283Z (Reading database ... 35%
2025-09-20T21:27:31.3581633Z (Reading database ... 40%
2025-09-20T21:27:31.3582031Z (Reading database ... 45%
2025-09-20T21:27:31.3582402Z (Reading database ... 50%
2025-09-20T21:27:31.3680303Z (Reading database ... 55%
2025-09-20T21:27:31.3720625Z (Reading database ... 60%
2025-09-20T21:27:31.3759137Z (Reading database ... 65%
2025-09-20T21:27:31.3802310Z (Reading database ... 70%
2025-09-20T21:27:31.3826451Z (Reading database ... 75%
2025-09-20T21:27:31.3854958Z (Reading database ... 80%
2025-09-20T21:27:31.4028046Z (Reading database ... 85%
2025-09-20T21:27:31.4285026Z (Reading database ... 90%
2025-09-20T21:27:31.4369701Z (Reading database ... 95%
2025-09-20T21:27:31.4370155Z (Reading database ... 100%
2025-09-20T21:27:31.4370735Z (Reading database ... 214778 files and directories currently installed.)
2025-09-20T21:27:31.4412571Z Removing dotnet-apphost-pack-8.0 (8.0.19-0ubuntu1~24.04.1) ...
2025-09-20T21:27:31.4881962Z Removing dotnet-runtime-8.0 (8.0.19-0ubuntu1~24.04.1) ...
2025-09-20T21:27:31.5209332Z Removing dotnet-hostfxr-8.0 (8.0.19-0ubuntu1~24.04.1) ...
2025-09-20T21:27:31.5402127Z Removing dotnet-templates-8.0 (8.0.119-0ubuntu1~24.04.1) ...
2025-09-20T21:27:31.5840551Z Removing dotnet-host-8.0 (8.0.19-0ubuntu1~24.04.1) ...
2025-09-20T21:27:32.3412049Z Removing dotnet-targeting-pack-8.0 (8.0.19-0ubuntu1~24.04.1) ...
2025-09-20T21:27:32.5150321Z Processing triggers for man-db (2.12.0-4build2) ...
2025-09-20T21:27:50.3922018Z ##[error]The operation was canceled.
2025-09-20T21:27:50.4043936Z Post job cleanup.
2025-09-20T21:27:50.4987132Z [command]/usr/bin/git version
2025-09-20T21:27:50.5024271Z git version 2.51.0
2025-09-20T21:27:50.5076796Z Temporarily overriding HOME='/home/runner/work/_temp/07299bf1-5210-483a-9a04-24f9fb6bdc85' before making global git config changes
2025-09-20T21:27:50.5078031Z Adding repository directory to the temporary git global config as a safe directory
2025-09-20T21:27:50.5083276Z [command]/usr/bin/git config --global --add safe.directory /home/runner/work/Citadel-Protocol/Citadel-Protocol
2025-09-20T21:27:50.5121036Z [command]/usr/bin/git config --local --name-only --get-regexp core\.sshCommand
2025-09-20T21:27:50.5154630Z [command]/usr/bin/git submodule foreach --recursive sh -c "git config --local --name-only --get-regexp 'core\.sshCommand' && git config --local --unset-all 'core.sshCommand' || :"
2025-09-20T21:27:50.5389695Z [command]/usr/bin/git config --local --name-only --get-regexp http\.https\:\/\/github\.com\/\.extraheader
2025-09-20T21:27:50.5411846Z http.https://github.com/.extraheader
2025-09-20T21:27:50.5424906Z [command]/usr/bin/git config --local --unset-all http.https://github.com/.extraheader
2025-09-20T21:27:50.5456763Z [command]/usr/bin/git submodule foreach --recursive sh -c "git config --local --name-only --get-regexp 'http\.https\:\/\/github\.com\/\.extraheader' && git config --local --unset-all 'http.https://github.com/.extraheader' || :"
2025-09-20T21:27:50.5793490Z Cleaning up orphan processes
