2025-09-20T21:22:40.8993914Z Current runner version: '2.328.0'
2025-09-20T21:22:40.9016480Z ##[group]Runner Image Provisioner
2025-09-20T21:22:40.9017363Z Hosted Compute Agent
2025-09-20T21:22:40.9017876Z Version: 20250829.383
2025-09-20T21:22:40.9018475Z Commit: 27cb235aab5b0e52e153a26cd86b4742e89dac5d
2025-09-20T21:22:40.9019161Z Build Date: 2025-08-29T13:48:48Z
2025-09-20T21:22:40.9019759Z ##[endgroup]
2025-09-20T21:22:40.9020353Z ##[group]Operating System
2025-09-20T21:22:40.9020956Z Ubuntu
2025-09-20T21:22:40.9021412Z 24.04.3
2025-09-20T21:22:40.9021883Z LTS
2025-09-20T21:22:40.9022366Z ##[endgroup]
2025-09-20T21:22:40.9022836Z ##[group]Runner Image
2025-09-20T21:22:40.9023406Z Image: ubuntu-24.04
2025-09-20T21:22:40.9023871Z Version: 20250907.24.1
2025-09-20T21:22:40.9025108Z Included Software: https://github.com/actions/runner-images/blob/ubuntu24/20250907.24/images/ubuntu/Ubuntu2404-Readme.md
2025-09-20T21:22:40.9026607Z Image Release: https://github.com/actions/runner-images/releases/tag/ubuntu24%2F20250907.24
2025-09-20T21:22:40.9027625Z ##[endgroup]
2025-09-20T21:22:40.9030008Z ##[group]GITHUB_TOKEN Permissions
2025-09-20T21:22:40.9032001Z Actions: write
2025-09-20T21:22:40.9032520Z Attestations: write
2025-09-20T21:22:40.9033019Z Checks: write
2025-09-20T21:22:40.9033574Z Contents: write
2025-09-20T21:22:40.9034114Z Deployments: write
2025-09-20T21:22:40.9034884Z Discussions: write
2025-09-20T21:22:40.9035457Z Issues: write
2025-09-20T21:22:40.9035905Z Metadata: read
2025-09-20T21:22:40.9036387Z Models: read
2025-09-20T21:22:40.9036868Z Packages: write
2025-09-20T21:22:40.9037420Z Pages: write
2025-09-20T21:22:40.9037911Z PullRequests: write
2025-09-20T21:22:40.9038441Z RepositoryProjects: write
2025-09-20T21:22:40.9039022Z SecurityEvents: write
2025-09-20T21:22:40.9039602Z Statuses: write
2025-09-20T21:22:40.9040138Z ##[endgroup]
2025-09-20T21:22:40.9042072Z Secret source: Actions
2025-09-20T21:22:40.9042764Z Prepare workflow directory
2025-09-20T21:22:40.9588044Z Prepare all required actions
2025-09-20T21:22:40.9625011Z Getting action download info
2025-09-20T21:22:41.3611018Z Download action repository 'actions/checkout@v4' (SHA:08eba0b27e820071cde6df949e0beb9ba4906955)
2025-09-20T21:22:41.5563015Z Download action repository 'jlumbroso/free-disk-space@main' (SHA:54081f138730dfa15788a46383842cd2f914a1be)
2025-09-20T21:22:42.0821086Z Uses: Avarok-Cybersecurity/Citadel-Protocol/.github/workflows/validate.yml@refs/pull/236/merge (7edf0bb75f061919add02f6d6a82672c0b2e9654)
2025-09-20T21:22:42.0826412Z Complete job name: Validate PR / docker_nat_p2p (port_restricted, symmetric)
2025-09-20T21:22:42.1451156Z ##[group]Run actions/checkout@v4
2025-09-20T21:22:42.1452026Z with:
2025-09-20T21:22:42.1452531Z   repository: Avarok-Cybersecurity/Citadel-Protocol
2025-09-20T21:22:42.1453306Z   token: ***
2025-09-20T21:22:42.1453717Z   ssh-strict: true
2025-09-20T21:22:42.1454127Z   ssh-user: git
2025-09-20T21:22:42.1454730Z   persist-credentials: true
2025-09-20T21:22:42.1455212Z   clean: true
2025-09-20T21:22:42.1455648Z   sparse-checkout-cone-mode: true
2025-09-20T21:22:42.1456185Z   fetch-depth: 1
2025-09-20T21:22:42.1456607Z   fetch-tags: false
2025-09-20T21:22:42.1457125Z   show-progress: true
2025-09-20T21:22:42.1457584Z   lfs: false
2025-09-20T21:22:42.1458033Z   submodules: false
2025-09-20T21:22:42.1458480Z   set-safe-directory: true
2025-09-20T21:22:42.1459207Z env:
2025-09-20T21:22:42.1459606Z   CARGO_TERM_COLOR: always
2025-09-20T21:22:42.1460080Z   RUST_BACKTRACE: full
2025-09-20T21:22:42.1460518Z   RUST_MIN_STACK: 40971520
2025-09-20T21:22:42.1460985Z   RUST_LOG: citadel=warn
2025-09-20T21:22:42.1461467Z   IN_CI: true
2025-09-20T21:22:42.1461891Z   NAT_TYPE_PEER_A: port_restricted
2025-09-20T21:22:42.1462432Z   NAT_TYPE_PEER_B: symmetric
2025-09-20T21:22:42.1462900Z ##[endgroup]
2025-09-20T21:22:42.2513364Z Syncing repository: Avarok-Cybersecurity/Citadel-Protocol
2025-09-20T21:22:42.2515557Z ##[group]Getting Git version info
2025-09-20T21:22:42.2516403Z Working directory is '/home/runner/work/Citadel-Protocol/Citadel-Protocol'
2025-09-20T21:22:42.2517865Z [command]/usr/bin/git version
2025-09-20T21:22:42.2614452Z git version 2.51.0
2025-09-20T21:22:42.2640034Z ##[endgroup]
2025-09-20T21:22:42.2655829Z Temporarily overriding HOME='/home/runner/work/_temp/25bd99a5-be0f-471e-9fc4-8d8356cbf900' before making global git config changes
2025-09-20T21:22:42.2658558Z Adding repository directory to the temporary git global config as a safe directory
2025-09-20T21:22:42.2662496Z [command]/usr/bin/git config --global --add safe.directory /home/runner/work/Citadel-Protocol/Citadel-Protocol
2025-09-20T21:22:42.2698428Z Deleting the contents of '/home/runner/work/Citadel-Protocol/Citadel-Protocol'
2025-09-20T21:22:42.2701839Z ##[group]Initializing the repository
2025-09-20T21:22:42.2707057Z [command]/usr/bin/git init /home/runner/work/Citadel-Protocol/Citadel-Protocol
2025-09-20T21:22:42.2810703Z hint: Using 'master' as the name for the initial branch. This default branch name
2025-09-20T21:22:42.2812104Z hint: is subject to change. To configure the initial branch name to use in all
2025-09-20T21:22:42.2813369Z hint: of your new repositories, which will suppress this warning, call:
2025-09-20T21:22:42.2814834Z hint:
2025-09-20T21:22:42.2815614Z hint: 	git config --global init.defaultBranch <name>
2025-09-20T21:22:42.2816794Z hint:
2025-09-20T21:22:42.2817929Z hint: Names commonly chosen instead of 'master' are 'main', 'trunk' and
2025-09-20T21:22:42.2819772Z hint: 'development'. The just-created branch can be renamed via this command:
2025-09-20T21:22:42.2821279Z hint:
2025-09-20T21:22:42.2822044Z hint: 	git branch -m <name>
2025-09-20T21:22:42.2822892Z hint:
2025-09-20T21:22:42.2824005Z hint: Disable this message with "git config set advice.defaultBranchName false"
2025-09-20T21:22:42.2826418Z Initialized empty Git repository in /home/runner/work/Citadel-Protocol/Citadel-Protocol/.git/
2025-09-20T21:22:42.2829980Z [command]/usr/bin/git remote add origin https://github.com/Avarok-Cybersecurity/Citadel-Protocol
2025-09-20T21:22:42.2867455Z ##[endgroup]
2025-09-20T21:22:42.2868834Z ##[group]Disabling automatic garbage collection
2025-09-20T21:22:42.2872424Z [command]/usr/bin/git config --local gc.auto 0
2025-09-20T21:22:42.2901715Z ##[endgroup]
2025-09-20T21:22:42.2903092Z ##[group]Setting up auth
2025-09-20T21:22:42.2909379Z [command]/usr/bin/git config --local --name-only --get-regexp core\.sshCommand
2025-09-20T21:22:42.2940937Z [command]/usr/bin/git submodule foreach --recursive sh -c "git config --local --name-only --get-regexp 'core\.sshCommand' && git config --local --unset-all 'core.sshCommand' || :"
2025-09-20T21:22:42.3299034Z [command]/usr/bin/git config --local --name-only --get-regexp http\.https\:\/\/github\.com\/\.extraheader
2025-09-20T21:22:42.3329308Z [command]/usr/bin/git submodule foreach --recursive sh -c "git config --local --name-only --get-regexp 'http\.https\:\/\/github\.com\/\.extraheader' && git config --local --unset-all 'http.https://github.com/.extraheader' || :"
2025-09-20T21:22:42.3557185Z [command]/usr/bin/git config --local http.https://github.com/.extraheader AUTHORIZATION: basic ***
2025-09-20T21:22:42.3591853Z ##[endgroup]
2025-09-20T21:22:42.3593271Z ##[group]Fetching the repository
2025-09-20T21:22:42.3602218Z [command]/usr/bin/git -c protocol.version=2 fetch --no-tags --prune --no-recurse-submodules --depth=1 origin +7edf0bb75f061919add02f6d6a82672c0b2e9654:refs/remotes/pull/236/merge
2025-09-20T21:22:42.9934604Z From https://github.com/Avarok-Cybersecurity/Citadel-Protocol
2025-09-20T21:22:42.9938702Z  * [new ref]         7edf0bb75f061919add02f6d6a82672c0b2e9654 -> pull/236/merge
2025-09-20T21:22:43.0026954Z ##[endgroup]
2025-09-20T21:22:43.0028103Z ##[group]Determining the checkout info
2025-09-20T21:22:43.0030138Z ##[endgroup]
2025-09-20T21:22:43.0037087Z [command]/usr/bin/git sparse-checkout disable
2025-09-20T21:22:43.0088331Z [command]/usr/bin/git config --local --unset-all extensions.worktreeConfig
2025-09-20T21:22:43.0120699Z ##[group]Checking out the ref
2025-09-20T21:22:43.0126332Z [command]/usr/bin/git checkout --progress --force refs/remotes/pull/236/merge
2025-09-20T21:22:43.5718945Z Note: switching to 'refs/remotes/pull/236/merge'.
2025-09-20T21:22:43.5720019Z 
2025-09-20T21:22:43.5720780Z You are in 'detached HEAD' state. You can look around, make experimental
2025-09-20T21:22:43.5722697Z changes and commit them, and you can discard any commits you make in this
2025-09-20T21:22:43.5724912Z state without impacting any branches by switching back to a branch.
2025-09-20T21:22:43.5726053Z 
2025-09-20T21:22:43.5726789Z If you want to create a new branch to retain commits you create, you may
2025-09-20T21:22:43.5728467Z do so (now or later) by using -c with the switch command. Example:
2025-09-20T21:22:43.5729501Z 
2025-09-20T21:22:43.5729962Z   git switch -c <new-branch-name>
2025-09-20T21:22:43.5730735Z 
2025-09-20T21:22:43.5731184Z Or undo this operation with:
2025-09-20T21:22:43.5731905Z 
2025-09-20T21:22:43.5732313Z   git switch -
2025-09-20T21:22:43.5732859Z 
2025-09-20T21:22:43.5733757Z Turn off this advice by setting config variable advice.detachedHead to false
2025-09-20T21:22:43.5735318Z 
2025-09-20T21:22:43.5736919Z HEAD is now at 7edf0bb Merge 8a89b2152348ab91c1a5bd335ccb554a7eae26c5 into 2b40ca3c28904a155dd62f453494820feec744f0
2025-09-20T21:22:43.6041111Z ##[endgroup]
2025-09-20T21:22:43.6075896Z [command]/usr/bin/git log -1 --format=%H
2025-09-20T21:22:43.6097331Z 7edf0bb75f061919add02f6d6a82672c0b2e9654
2025-09-20T21:22:43.6512734Z ##[group]Run jlumbroso/free-disk-space@main
2025-09-20T21:22:43.6513912Z with:
2025-09-20T21:22:43.6514814Z   android: true
2025-09-20T21:22:43.6515639Z   dotnet: true
2025-09-20T21:22:43.6516451Z   haskell: true
2025-09-20T21:22:43.6517318Z   large-packages: true
2025-09-20T21:22:43.6518234Z   docker-images: true
2025-09-20T21:22:43.6519131Z   tool-cache: false
2025-09-20T21:22:43.6519996Z   swap-storage: true
2025-09-20T21:22:43.6520861Z env:
2025-09-20T21:22:43.6521640Z   CARGO_TERM_COLOR: always
2025-09-20T21:22:43.6522606Z   RUST_BACKTRACE: full
2025-09-20T21:22:43.6523518Z   RUST_MIN_STACK: 40971520
2025-09-20T21:22:43.6524772Z   RUST_LOG: citadel=warn
2025-09-20T21:22:43.6525681Z   IN_CI: true
2025-09-20T21:22:43.6526541Z   NAT_TYPE_PEER_A: port_restricted
2025-09-20T21:22:43.6527594Z   NAT_TYPE_PEER_B: symmetric
2025-09-20T21:22:43.6528546Z ##[endgroup]
2025-09-20T21:22:43.6656212Z ##[group]Run # ======
2025-09-20T21:22:43.6658436Z [36;1m[0m
2025-09-20T21:22:43.6659216Z [36;1m# ======[0m
2025-09-20T21:22:43.6659981Z [36;1m# MACROS[0m
2025-09-20T21:22:43.6660751Z [36;1m# ======[0m
2025-09-20T21:22:43.6661485Z [36;1m[0m
2025-09-20T21:22:43.6662276Z [36;1m# macro to print a line of equals[0m
2025-09-20T21:22:43.6663352Z [36;1m# (silly but works)[0m
2025-09-20T21:22:43.6664486Z [36;1mprintSeparationLine() {[0m
2025-09-20T21:22:43.6665444Z [36;1m  str=${1:=}[0m
2025-09-20T21:22:43.6666228Z [36;1m  num=${2:-80}[0m
2025-09-20T21:22:43.6667052Z [36;1m  counter=1[0m
2025-09-20T21:22:43.6667848Z [36;1m  output=""[0m
2025-09-20T21:22:43.6668696Z [36;1m  while [ $counter -le $num ][0m
2025-09-20T21:22:43.6669688Z [36;1m  do[0m
2025-09-20T21:22:43.6670462Z [36;1m     output="${output}${str}"[0m
2025-09-20T21:22:43.6671475Z [36;1m     counter=$((counter+1))[0m
2025-09-20T21:22:43.6672424Z [36;1m  done[0m
2025-09-20T21:22:43.6673192Z [36;1m  echo "${output}"[0m
2025-09-20T21:22:43.6674049Z [36;1m}[0m
2025-09-20T21:22:43.6674845Z [36;1m[0m
2025-09-20T21:22:43.6675635Z [36;1m# macro to compute available space[0m
2025-09-20T21:22:43.6676909Z [36;1m# REF: https://unix.stackexchange.com/a/42049/60849[0m
2025-09-20T21:22:43.6678279Z [36;1m# REF: https://stackoverflow.com/a/450821/408734[0m
2025-09-20T21:22:43.6679946Z [36;1mgetAvailableSpace() { echo $(df -a $1 | awk 'NR > 1 {avail+=$4} END {print avail}'); }[0m
2025-09-20T21:22:43.6681429Z [36;1m[0m
2025-09-20T21:22:43.6682401Z [36;1m# macro to make Kb human readable (assume the input is Kb)[0m
2025-09-20T21:22:43.6683872Z [36;1m# REF: https://unix.stackexchange.com/a/44087/60849[0m
2025-09-20T21:22:43.6686090Z [36;1mformatByteCount() { echo $(numfmt --to=iec-i --suffix=B --padding=7 $1'000'); }[0m
2025-09-20T21:22:43.6687609Z [36;1m[0m
2025-09-20T21:22:43.6688344Z [36;1m# macro to output saved space[0m
2025-09-20T21:22:43.6689377Z [36;1mprintSavedSpace() {[0m
2025-09-20T21:22:43.6690276Z [36;1m  saved=${1}[0m
2025-09-20T21:22:43.6691136Z [36;1m  title=${2:-}[0m
2025-09-20T21:22:43.6691961Z [36;1m[0m
2025-09-20T21:22:43.6692654Z [36;1m  echo ""[0m
2025-09-20T21:22:43.6693501Z [36;1m  printSeparationLine '*' 80[0m
2025-09-20T21:22:43.6694637Z [36;1m  if [ ! -z "${title}" ]; then[0m
2025-09-20T21:22:43.6695826Z [36;1m    echo "=> ${title}: Saved $(formatByteCount $saved)"[0m
2025-09-20T21:22:43.6696985Z [36;1m  else[0m
2025-09-20T21:22:43.6697852Z [36;1m    echo "=> Saved $(formatByteCount $saved)"[0m
2025-09-20T21:22:43.6698941Z [36;1m  fi[0m
2025-09-20T21:22:43.6699727Z [36;1m  printSeparationLine '*' 80[0m
2025-09-20T21:22:43.6700713Z [36;1m  echo ""[0m
2025-09-20T21:22:43.6701468Z [36;1m}[0m
2025-09-20T21:22:43.6702153Z [36;1m[0m
2025-09-20T21:22:43.6702967Z [36;1m# macro to print output of dh with caption[0m
2025-09-20T21:22:43.6704072Z [36;1mprintDH() {[0m
2025-09-20T21:22:43.6704960Z [36;1m  caption=${1:-}[0m
2025-09-20T21:22:43.6705779Z [36;1m[0m
2025-09-20T21:22:43.6706536Z [36;1m  printSeparationLine '=' 80[0m
2025-09-20T21:22:43.6707753Z [36;1m  echo "${caption}"[0m
2025-09-20T21:22:43.6708651Z [36;1m  echo ""[0m
2025-09-20T21:22:43.6709427Z [36;1m  echo "$ dh -h /"[0m
2025-09-20T21:22:43.6710295Z [36;1m  echo ""[0m
2025-09-20T21:22:43.6711059Z [36;1m  df -h /[0m
2025-09-20T21:22:43.6711841Z [36;1m  echo "$ dh -a /"[0m
2025-09-20T21:22:43.6712695Z [36;1m  echo ""[0m
2025-09-20T21:22:43.6713470Z [36;1m  df -a /[0m
2025-09-20T21:22:43.6714344Z [36;1m  echo "$ dh -a"[0m
2025-09-20T21:22:43.6715183Z [36;1m  echo ""[0m
2025-09-20T21:22:43.6715943Z [36;1m  df -a[0m
2025-09-20T21:22:43.6716735Z [36;1m  printSeparationLine '=' 80[0m
2025-09-20T21:22:43.6717712Z [36;1m}[0m
2025-09-20T21:22:43.6718387Z [36;1m[0m
2025-09-20T21:22:43.6719057Z [36;1m[0m
2025-09-20T21:22:43.6719720Z [36;1m[0m
2025-09-20T21:22:43.6720400Z [36;1m# ======[0m
2025-09-20T21:22:43.6721137Z [36;1m# SCRIPT[0m
2025-09-20T21:22:43.6721868Z [36;1m# ======[0m
2025-09-20T21:22:43.6722593Z [36;1m[0m
2025-09-20T21:22:43.6723368Z [36;1m# Display initial disk space stats[0m
2025-09-20T21:22:43.6724650Z [36;1m[0m
2025-09-20T21:22:43.6725488Z [36;1mAVAILABLE_INITIAL=$(getAvailableSpace)[0m
2025-09-20T21:22:43.6726788Z [36;1mAVAILABLE_ROOT_INITIAL=$(getAvailableSpace '/')[0m
2025-09-20T21:22:43.6727943Z [36;1m[0m
2025-09-20T21:22:43.6728691Z [36;1mprintDH "BEFORE CLEAN-UP:"[0m
2025-09-20T21:22:43.6729646Z [36;1mecho ""[0m
2025-09-20T21:22:43.6730386Z [36;1m[0m
2025-09-20T21:22:43.6731056Z [36;1m[0m
2025-09-20T21:22:43.6731814Z [36;1m# Option: Remove Android library[0m
2025-09-20T21:22:43.6732800Z [36;1m[0m
2025-09-20T21:22:43.6733507Z [36;1mif [[ true == 'true' ]]; then[0m
2025-09-20T21:22:43.6734703Z [36;1m  BEFORE=$(getAvailableSpace)[0m
2025-09-20T21:22:43.6735667Z [36;1m  [0m
2025-09-20T21:22:43.6736512Z [36;1m  sudo rm -rf /usr/local/lib/android || true[0m
2025-09-20T21:22:43.6737575Z [36;1m[0m
2025-09-20T21:22:43.6738312Z [36;1m  AFTER=$(getAvailableSpace)[0m
2025-09-20T21:22:43.6739299Z [36;1m  SAVED=$((AFTER-BEFORE))[0m
2025-09-20T21:22:43.6740368Z [36;1m  printSavedSpace $SAVED "Android library"[0m
2025-09-20T21:22:43.6741424Z [36;1mfi[0m
2025-09-20T21:22:43.6742119Z [36;1m[0m
2025-09-20T21:22:43.6742827Z [36;1m# Option: Remove .NET runtime[0m
2025-09-20T21:22:43.6743758Z [36;1m[0m
2025-09-20T21:22:43.6744551Z [36;1mif [[ true == 'true' ]]; then[0m
2025-09-20T21:22:43.6745533Z [36;1m  BEFORE=$(getAvailableSpace)[0m
2025-09-20T21:22:43.6746478Z [36;1m[0m
2025-09-20T21:22:43.6747721Z [36;1m  # https://github.community/t/bigger-github-hosted-runners-disk-space/17267/11[0m
2025-09-20T21:22:43.6749350Z [36;1m  sudo rm -rf /usr/share/dotnet || true[0m
2025-09-20T21:22:43.6750540Z [36;1m  [0m
2025-09-20T21:22:43.6751274Z [36;1m  AFTER=$(getAvailableSpace)[0m
2025-09-20T21:22:43.6752262Z [36;1m  SAVED=$((AFTER-BEFORE))[0m
2025-09-20T21:22:43.6753282Z [36;1m  printSavedSpace $SAVED ".NET runtime"[0m
2025-09-20T21:22:43.6754416Z [36;1mfi[0m
2025-09-20T21:22:43.6755088Z [36;1m[0m
2025-09-20T21:22:43.6755843Z [36;1m# Option: Remove Haskell runtime[0m
2025-09-20T21:22:43.6756814Z [36;1m[0m
2025-09-20T21:22:43.6757545Z [36;1mif [[ true == 'true' ]]; then[0m
2025-09-20T21:22:43.6758566Z [36;1m  BEFORE=$(getAvailableSpace)[0m
2025-09-20T21:22:43.6759527Z [36;1m[0m
2025-09-20T21:22:43.6760268Z [36;1m  sudo rm -rf /opt/ghc || true[0m
2025-09-20T21:22:43.6761344Z [36;1m  sudo rm -rf /usr/local/.ghcup || true[0m
2025-09-20T21:22:43.6762380Z [36;1m  [0m
2025-09-20T21:22:43.6763142Z [36;1m  AFTER=$(getAvailableSpace)[0m
2025-09-20T21:22:43.6764150Z [36;1m  SAVED=$((AFTER-BEFORE))[0m
2025-09-20T21:22:43.6765496Z [36;1m  printSavedSpace $SAVED "Haskell runtime"[0m
2025-09-20T21:22:43.6766577Z [36;1mfi[0m
2025-09-20T21:22:43.6767265Z [36;1m[0m
2025-09-20T21:22:43.6833345Z [36;1m# Option: Remove large packages[0m
2025-09-20T21:22:43.6836672Z [36;1m# REF: https://github.com/apache/flink/blob/master/tools/azure-pipelines/free_disk_space.sh[0m
2025-09-20T21:22:43.6839552Z [36;1m[0m
2025-09-20T21:22:43.6841049Z [36;1mif [[ true == 'true' ]]; then[0m
2025-09-20T21:22:43.6842812Z [36;1m  BEFORE=$(getAvailableSpace)[0m
2025-09-20T21:22:43.6844641Z [36;1m  [0m
2025-09-20T21:22:43.6848108Z [36;1m  sudo apt-get remove -y '^aspnetcore-.*' || echo "::warning::The command [sudo apt-get remove -y '^aspnetcore-.*'] failed to complete successfully. Proceeding..."[0m
2025-09-20T21:22:43.6852901Z [36;1m  sudo apt-get remove -y '^dotnet-.*' --fix-missing || echo "::warning::The command [sudo apt-get remove -y '^dotnet-.*' --fix-missing] failed to complete successfully. Proceeding..."[0m
2025-09-20T21:22:43.6857077Z [36;1m  sudo apt-get remove -y '^llvm-.*' --fix-missing || echo "::warning::The command [sudo apt-get remove -y '^llvm-.*' --fix-missing] failed to complete successfully. Proceeding..."[0m
2025-09-20T21:22:43.6860815Z [36;1m  sudo apt-get remove -y 'php.*' --fix-missing || echo "::warning::The command [sudo apt-get remove -y 'php.*' --fix-missing] failed to complete successfully. Proceeding..."[0m
2025-09-20T21:22:43.6865144Z [36;1m  sudo apt-get remove -y '^mongodb-.*' --fix-missing || echo "::warning::The command [sudo apt-get remove -y '^mongodb-.*' --fix-missing] failed to complete successfully. Proceeding..."[0m
2025-09-20T21:22:43.6869277Z [36;1m  sudo apt-get remove -y '^mysql-.*' --fix-missing || echo "::warning::The command [sudo apt-get remove -y '^mysql-.*' --fix-missing] failed to complete successfully. Proceeding..."[0m
2025-09-20T21:22:43.6875049Z [36;1m  sudo apt-get remove -y azure-cli google-chrome-stable firefox powershell mono-devel libgl1-mesa-dri --fix-missing || echo "::warning::The command [sudo apt-get remove -y azure-cli google-chrome-stable firefox powershell mono-devel libgl1-mesa-dri --fix-missing] failed to complete successfully. Proceeding..."[0m
2025-09-20T21:22:43.6881100Z [36;1m  sudo apt-get remove -y google-cloud-sdk --fix-missing || echo "::debug::The command [sudo apt-get remove -y google-cloud-sdk --fix-missing] failed to complete successfully. Proceeding..."[0m
2025-09-20T21:22:43.6885457Z [36;1m  sudo apt-get remove -y google-cloud-cli --fix-missing || echo "::debug::The command [sudo apt-get remove -y google-cloud-cli --fix-missing] failed to complete successfully. Proceeding..."[0m
2025-09-20T21:22:43.6889110Z [36;1m  sudo apt-get autoremove -y || echo "::warning::The command [sudo apt-get autoremove -y] failed to complete successfully. Proceeding..."[0m
2025-09-20T21:22:43.6892011Z [36;1m  sudo apt-get clean || echo "::warning::The command [sudo apt-get clean] failed to complete successfully. Proceeding..."[0m
2025-09-20T21:22:43.6893819Z [36;1m[0m
2025-09-20T21:22:43.6894982Z [36;1m  AFTER=$(getAvailableSpace)[0m
2025-09-20T21:22:43.6895976Z [36;1m  SAVED=$((AFTER-BEFORE))[0m
2025-09-20T21:22:43.6897090Z [36;1m  printSavedSpace $SAVED "Large misc. packages"[0m
2025-09-20T21:22:43.6898198Z [36;1mfi[0m
2025-09-20T21:22:43.6898889Z [36;1m[0m
2025-09-20T21:22:43.6899635Z [36;1m# Option: Remove Docker images[0m
2025-09-20T21:22:43.6900609Z [36;1m[0m
2025-09-20T21:22:43.6901330Z [36;1mif [[ true == 'true' ]]; then[0m
2025-09-20T21:22:43.6902344Z [36;1m  BEFORE=$(getAvailableSpace)[0m
2025-09-20T21:22:43.6903296Z [36;1m[0m
2025-09-20T21:22:43.6904167Z [36;1m  sudo docker image prune --all --force || true[0m
2025-09-20T21:22:43.6905495Z [36;1m[0m
2025-09-20T21:22:43.6906231Z [36;1m  AFTER=$(getAvailableSpace)[0m
2025-09-20T21:22:43.6907225Z [36;1m  SAVED=$((AFTER-BEFORE))[0m
2025-09-20T21:22:43.6908285Z [36;1m  printSavedSpace $SAVED "Docker images"[0m
2025-09-20T21:22:43.6909315Z [36;1mfi[0m
2025-09-20T21:22:43.6910007Z [36;1m[0m
2025-09-20T21:22:43.6910743Z [36;1m# Option: Remove tool cache[0m
2025-09-20T21:22:43.6912374Z [36;1m# REF: https://github.com/actions/virtual-environments/issues/2875#issuecomment-1163392159[0m
2025-09-20T21:22:43.6913979Z [36;1m[0m
2025-09-20T21:22:43.6914845Z [36;1mif [[ false == 'true' ]]; then[0m
2025-09-20T21:22:43.6915863Z [36;1m  BEFORE=$(getAvailableSpace)[0m
2025-09-20T21:22:43.6916983Z [36;1m[0m
2025-09-20T21:22:43.6917825Z [36;1m  sudo rm -rf "$AGENT_TOOLSDIRECTORY" || true[0m
2025-09-20T21:22:43.6918898Z [36;1m  [0m
2025-09-20T21:22:43.6919678Z [36;1m  AFTER=$(getAvailableSpace)[0m
2025-09-20T21:22:43.6920687Z [36;1m  SAVED=$((AFTER-BEFORE))[0m
2025-09-20T21:22:43.6921706Z [36;1m  printSavedSpace $SAVED "Tool cache"[0m
2025-09-20T21:22:43.6922735Z [36;1mfi[0m
2025-09-20T21:22:43.6923421Z [36;1m[0m
2025-09-20T21:22:43.6924169Z [36;1m# Option: Remove Swap storage[0m
2025-09-20T21:22:43.6925223Z [36;1m[0m
2025-09-20T21:22:43.6925942Z [36;1mif [[ true == 'true' ]]; then[0m
2025-09-20T21:22:43.6926963Z [36;1m  BEFORE=$(getAvailableSpace)[0m
2025-09-20T21:22:43.6927914Z [36;1m[0m
2025-09-20T21:22:43.6928619Z [36;1m  sudo swapoff -a || true[0m
2025-09-20T21:22:43.6929612Z [36;1m  sudo rm -f /mnt/swapfile || true[0m
2025-09-20T21:22:43.6930600Z [36;1m  free -h[0m
2025-09-20T21:22:43.6931345Z [36;1m  [0m
2025-09-20T21:22:43.6932112Z [36;1m  AFTER=$(getAvailableSpace)[0m
2025-09-20T21:22:43.6933106Z [36;1m  SAVED=$((AFTER-BEFORE))[0m
2025-09-20T21:22:43.6934139Z [36;1m  printSavedSpace $SAVED "Swap storage"[0m
2025-09-20T21:22:43.6935275Z [36;1mfi[0m
2025-09-20T21:22:43.6935955Z [36;1m[0m
2025-09-20T21:22:43.6936618Z [36;1m[0m
2025-09-20T21:22:43.6937271Z [36;1m[0m
2025-09-20T21:22:43.6938021Z [36;1m# Output saved space statistic[0m
2025-09-20T21:22:43.6938962Z [36;1m[0m
2025-09-20T21:22:43.6939730Z [36;1mAVAILABLE_END=$(getAvailableSpace)[0m
2025-09-20T21:22:43.6940895Z [36;1mAVAILABLE_ROOT_END=$(getAvailableSpace '/')[0m
2025-09-20T21:22:43.6941986Z [36;1m[0m
2025-09-20T21:22:43.6942657Z [36;1mecho ""[0m
2025-09-20T21:22:43.6943439Z [36;1mprintDH "AFTER CLEAN-UP:"[0m
2025-09-20T21:22:43.6944438Z [36;1m[0m
2025-09-20T21:22:43.6945114Z [36;1mecho ""[0m
2025-09-20T21:22:43.6945841Z [36;1mecho ""[0m
2025-09-20T21:22:43.6946543Z [36;1m[0m
2025-09-20T21:22:43.6947248Z [36;1mecho "/dev/root:"[0m
2025-09-20T21:22:43.6948501Z [36;1mprintSavedSpace $((AVAILABLE_ROOT_END - AVAILABLE_ROOT_INITIAL))[0m
2025-09-20T21:22:43.6949873Z [36;1mecho "overall:"[0m
2025-09-20T21:22:43.6950976Z [36;1mprintSavedSpace $((AVAILABLE_END - AVAILABLE_INITIAL))[0m
2025-09-20T21:22:43.7009692Z shell: /usr/bin/bash --noprofile --norc -e -o pipefail {0}
2025-09-20T21:22:43.7010878Z env:
2025-09-20T21:22:43.7011566Z   CARGO_TERM_COLOR: always
2025-09-20T21:22:43.7012416Z   RUST_BACKTRACE: full
2025-09-20T21:22:43.7013223Z   RUST_MIN_STACK: 40971520
2025-09-20T21:22:43.7014065Z   RUST_LOG: citadel=warn
2025-09-20T21:22:43.7015039Z   IN_CI: true
2025-09-20T21:22:43.7016020Z   NAT_TYPE_PEER_A: port_restricted
2025-09-20T21:22:43.7016980Z   NAT_TYPE_PEER_B: symmetric
2025-09-20T21:22:43.7017831Z ##[endgroup]
2025-09-20T21:22:43.7247846Z ================================================================================
2025-09-20T21:22:43.7249602Z BEFORE CLEAN-UP:
2025-09-20T21:22:43.7250115Z 
2025-09-20T21:22:43.7250435Z $ dh -h /
2025-09-20T21:22:43.7250874Z 
2025-09-20T21:22:43.7258304Z Filesystem      Size  Used Avail Use% Mounted on
2025-09-20T21:22:43.7259971Z /dev/root        72G   46G   27G  64% /
2025-09-20T21:22:43.7261362Z $ dh -a /
2025-09-20T21:22:43.7261756Z 
2025-09-20T21:22:43.7270282Z Filesystem     1K-blocks     Used Available Use% Mounted on
2025-09-20T21:22:43.7272021Z /dev/root       75085112 47603188  27465540  64% /
2025-09-20T21:22:43.7273602Z $ dh -a
2025-09-20T21:22:43.7273993Z 
2025-09-20T21:22:43.7283444Z Filesystem     1K-blocks     Used Available Use% Mounted on
2025-09-20T21:22:43.7285656Z /dev/root       75085112 47603188  27465540  64% /
2025-09-20T21:22:43.7287615Z devtmpfs         8186144        0   8186144   0% /dev
2025-09-20T21:22:43.7289521Z proc                   0        0         0    - /proc
2025-09-20T21:22:43.7291399Z sysfs                  0        0         0    - /sys
2025-09-20T21:22:43.7293489Z securityfs             0        0         0    - /sys/kernel/security
2025-09-20T21:22:43.7296060Z tmpfs            8189736       84   8189652   1% /dev/shm
2025-09-20T21:22:43.7297330Z devpts                 0        0         0    - /dev/pts
2025-09-20T21:22:43.7298479Z tmpfs            3275896     1104   3274792   1% /run
2025-09-20T21:22:43.7299617Z tmpfs               5120        0      5120   0% /run/lock
2025-09-20T21:22:43.7300810Z cgroup2                0        0         0    - /sys/fs/cgroup
2025-09-20T21:22:43.7302354Z pstore                 0        0         0    - /sys/fs/pstore
2025-09-20T21:22:43.7304454Z bpf                    0        0         0    - /sys/fs/bpf
2025-09-20T21:22:43.7306554Z systemd-1              -        -         -    - /proc/sys/fs/binfmt_misc
2025-09-20T21:22:43.7308924Z hugetlbfs              0        0         0    - /dev/hugepages
2025-09-20T21:22:43.7311013Z mqueue                 0        0         0    - /dev/mqueue
2025-09-20T21:22:43.7313078Z debugfs                0        0         0    - /sys/kernel/debug
2025-09-20T21:22:43.7315418Z tracefs                0        0         0    - /sys/kernel/tracing
2025-09-20T21:22:43.7317664Z fusectl                0        0         0    - /sys/fs/fuse/connections
2025-09-20T21:22:43.7319849Z configfs               0        0         0    - /sys/kernel/config
2025-09-20T21:22:43.7321924Z /dev/sdb16        901520    60640    777752   8% /boot
2025-09-20T21:22:43.7323955Z /dev/sdb15        106832     6250    100582   6% /boot/efi
2025-09-20T21:22:43.7325745Z binfmt_misc            0        0         0    - /proc/sys/fs/binfmt_misc
2025-09-20T21:22:43.7327110Z /dev/sda1       76829444  4194336  68686668   6% /mnt
2025-09-20T21:22:43.7328394Z tmpfs            1637944       12   1637932   1% /run/user/1001
2025-09-20T21:22:43.7330335Z ================================================================================
2025-09-20T21:22:43.7331368Z 
2025-09-20T21:25:02.7593874Z 
2025-09-20T21:25:02.7601069Z ********************************************************************************
2025-09-20T21:25:02.7689499Z => Android library: Saved 9.3GiB
2025-09-20T21:25:02.7696467Z ********************************************************************************
2025-09-20T21:25:02.7845351Z 
2025-09-20T21:25:02.7845376Z 
2025-09-20T21:25:02.7851439Z ********************************************************************************
2025-09-20T21:25:02.7870458Z => .NET runtime: Saved 0B
2025-09-20T21:25:02.7878084Z ********************************************************************************
2025-09-20T21:25:02.7878546Z 
2025-09-20T21:25:08.1470813Z 
2025-09-20T21:25:08.1477687Z ********************************************************************************
2025-09-20T21:25:08.1493938Z => Haskell runtime: Saved 6.2GiB
2025-09-20T21:25:08.1501724Z ********************************************************************************
2025-09-20T21:25:08.1502092Z 
2025-09-20T21:25:11.8719723Z Reading package lists...
2025-09-20T21:25:12.0376265Z Building dependency tree...
2025-09-20T21:25:12.0423938Z Reading state information...
2025-09-20T21:25:12.2964752Z Package 'aspnetcore-runtime-6.0' is not installed, so not removed
2025-09-20T21:25:12.2965714Z Package 'aspnetcore-targeting-pack-6.0' is not installed, so not removed
2025-09-20T21:25:12.2966684Z Package 'aspnetcore-runtime-dbg-8.0' is not installed, so not removed
2025-09-20T21:25:12.2967377Z The following packages will be REMOVED:
2025-09-20T21:25:12.2972307Z   aspnetcore-runtime-8.0 aspnetcore-targeting-pack-8.0 dotnet-sdk-8.0
2025-09-20T21:25:12.5747510Z 0 upgraded, 0 newly installed, 3 to remove and 6 not upgraded.
2025-09-20T21:25:12.5748153Z After this operation, 350 MB disk space will be freed.
2025-09-20T21:25:12.6980339Z (Reading database ... 
2025-09-20T21:25:12.6980768Z (Reading database ... 5%
2025-09-20T21:25:12.6981144Z (Reading database ... 10%
2025-09-20T21:25:12.6981481Z (Reading database ... 15%
2025-09-20T21:25:12.6982895Z (Reading database ... 20%
2025-09-20T21:25:12.6983242Z (Reading database ... 25%
2025-09-20T21:25:12.6983590Z (Reading database ... 30%
2025-09-20T21:25:12.6984212Z (Reading database ... 35%
2025-09-20T21:25:12.6984768Z (Reading database ... 40%
2025-09-20T21:25:12.6984993Z (Reading database ... 45%
2025-09-20T21:25:12.6985201Z (Reading database ... 50%
2025-09-20T21:25:12.8055248Z (Reading database ... 55%
2025-09-20T21:25:13.2529966Z (Reading database ... 60%
2025-09-20T21:25:13.6907203Z (Reading database ... 65%
2025-09-20T21:25:14.1600171Z (Reading database ... 70%
2025-09-20T21:25:14.6243150Z (Reading database ... 75%
2025-09-20T21:25:15.0823609Z (Reading database ... 80%
2025-09-20T21:25:15.6066523Z (Reading database ... 85%
2025-09-20T21:25:16.1337540Z (Reading database ... 90%
2025-09-20T21:25:16.6307849Z (Reading database ... 95%
2025-09-20T21:25:16.6308377Z (Reading database ... 100%
2025-09-20T21:25:16.6309019Z (Reading database ... 218655 files and directories currently installed.)
2025-09-20T21:25:16.6353417Z Removing dotnet-sdk-8.0 (8.0.119-0ubuntu1~24.04.1) ...
2025-09-20T21:25:19.1449385Z Removing aspnetcore-runtime-8.0 (8.0.19-0ubuntu1~24.04.1) ...
2025-09-20T21:25:19.1734810Z Removing aspnetcore-targeting-pack-8.0 (8.0.19-0ubuntu1~24.04.1) ...
2025-09-20T21:25:20.5308757Z Reading package lists...
2025-09-20T21:25:20.6974859Z Building dependency tree...
2025-09-20T21:25:20.6981992Z Reading state information...
2025-09-20T21:25:20.9283637Z Package 'dotnet-hostfxr-6.0' is not installed, so not removed
2025-09-20T21:25:20.9284755Z Package 'dotnet-runtime-6.0' is not installed, so not removed
2025-09-20T21:25:20.9285526Z Package 'dotnet-sdk-6.0' is not installed, so not removed
2025-09-20T21:25:20.9286302Z Package 'dotnet-targeting-pack-6.0' is not installed, so not removed
2025-09-20T21:25:20.9287011Z Package 'dotnet-templates-6.0' is not installed, so not removed
2025-09-20T21:25:20.9287429Z Package 'dotnet-apphost-pack-6.0' is not installed, so not removed
2025-09-20T21:25:20.9287810Z Package 'dotnet-sdk-8.0' is not installed, so not removed
2025-09-20T21:25:20.9288191Z Package 'dotnet-runtime-dbg-8.0' is not installed, so not removed
2025-09-20T21:25:20.9288729Z Package 'dotnet-sdk-8.0-source-built-artifacts' is not installed, so not removed
2025-09-20T21:25:20.9289459Z Package 'dotnet-sdk-dbg-8.0' is not installed, so not removed
2025-09-20T21:25:20.9289989Z The following packages will be REMOVED:
2025-09-20T21:25:20.9290513Z   dotnet-apphost-pack-8.0 dotnet-host-8.0 dotnet-hostfxr-8.0
2025-09-20T21:25:20.9291202Z   dotnet-runtime-8.0 dotnet-targeting-pack-8.0 dotnet-templates-8.0
2025-09-20T21:25:21.1823932Z 0 upgraded, 0 newly installed, 6 to remove and 6 not upgraded.
2025-09-20T21:25:21.1824586Z After this operation, 125 MB disk space will be freed.
2025-09-20T21:25:21.2016881Z (Reading database ... 
2025-09-20T21:25:21.2017272Z (Reading database ... 5%
2025-09-20T21:25:21.2017677Z (Reading database ... 10%
2025-09-20T21:25:21.2018008Z (Reading database ... 15%
2025-09-20T21:25:21.2018341Z (Reading database ... 20%
2025-09-20T21:25:21.2018666Z (Reading database ... 25%
2025-09-20T21:25:21.2019663Z (Reading database ... 30%
2025-09-20T21:25:21.2020033Z (Reading database ... 35%
2025-09-20T21:25:21.2020353Z (Reading database ... 40%
2025-09-20T21:25:21.2020681Z (Reading database ... 45%
2025-09-20T21:25:21.2021003Z (Reading database ... 50%
2025-09-20T21:25:21.2119400Z (Reading database ... 55%
2025-09-20T21:25:21.2147839Z (Reading database ... 60%
2025-09-20T21:25:21.2175436Z (Reading database ... 65%
2025-09-20T21:25:21.2206308Z (Reading database ... 70%
2025-09-20T21:25:21.2223723Z (Reading database ... 75%
2025-09-20T21:25:21.2244468Z (Reading database ... 80%
2025-09-20T21:25:21.2402796Z (Reading database ... 85%
2025-09-20T21:25:21.2637813Z (Reading database ... 90%
2025-09-20T21:25:21.2711164Z (Reading database ... 95%
2025-09-20T21:25:21.2711604Z (Reading database ... 100%
2025-09-20T21:25:21.2712211Z (Reading database ... 214778 files and directories currently installed.)
2025-09-20T21:25:21.2749043Z Removing dotnet-apphost-pack-8.0 (8.0.19-0ubuntu1~24.04.1) ...
2025-09-20T21:25:21.3118972Z Removing dotnet-runtime-8.0 (8.0.19-0ubuntu1~24.04.1) ...
2025-09-20T21:25:21.3395794Z Removing dotnet-hostfxr-8.0 (8.0.19-0ubuntu1~24.04.1) ...
2025-09-20T21:25:21.3572675Z Removing dotnet-templates-8.0 (8.0.119-0ubuntu1~24.04.1) ...
2025-09-20T21:25:21.3835053Z Removing dotnet-host-8.0 (8.0.19-0ubuntu1~24.04.1) ...
2025-09-20T21:25:21.8435012Z Removing dotnet-targeting-pack-8.0 (8.0.19-0ubuntu1~24.04.1) ...
2025-09-20T21:25:21.9628468Z Processing triggers for man-db (2.12.0-4build2) ...
2025-09-20T21:26:26.3598362Z Reading package lists...
2025-09-20T21:26:26.5163528Z Building dependency tree...
2025-09-20T21:26:26.5171068Z Reading state information...
2025-09-20T21:26:26.7421928Z Package 'llvm-14-linker-tools' is not installed, so not removed
2025-09-20T21:26:26.7423742Z Package 'llvm-14-dev' is not installed, so not removed
2025-09-20T21:26:26.7424633Z Package 'llvm-15-linker-tools' is not installed, so not removed
2025-09-20T21:26:26.7425211Z Package 'llvm-15-dev' is not installed, so not removed
2025-09-20T21:26:26.7425761Z Package 'llvm-15' is not installed, so not removed
2025-09-20T21:26:26.7426312Z Package 'llvm-dev' is not installed, so not removed
2025-09-20T21:26:26.7426852Z Package 'llvm-14-doc' is not installed, so not removed
2025-09-20T21:26:26.7427418Z Package 'llvm-15-doc' is not installed, so not removed
2025-09-20T21:26:26.7427952Z Package 'llvm-16-doc' is not installed, so not removed
2025-09-20T21:26:26.7428502Z Package 'llvm-17-doc' is not installed, so not removed
2025-09-20T21:26:26.7429029Z Package 'llvm-18-doc' is not installed, so not removed
2025-09-20T21:26:26.7429583Z Package 'llvm-runtime' is not installed, so not removed
2025-09-20T21:26:26.7430110Z Package 'llvm-14' is not installed, so not removed
2025-09-20T21:26:26.7430606Z Package 'llvm-14-runtime' is not installed, so not removed
2025-09-20T21:26:26.7431147Z Package 'llvm-14-tools' is not installed, so not removed
2025-09-20T21:26:26.7431713Z Package 'llvm-14-examples' is not installed, so not removed
2025-09-20T21:26:26.7432301Z Package 'llvm-15-runtime' is not installed, so not removed
2025-09-20T21:26:26.7432918Z Package 'llvm-15-tools' is not installed, so not removed
2025-09-20T21:26:26.7433511Z Package 'llvm-15-examples' is not installed, so not removed
2025-09-20T21:26:26.7434084Z Package 'llvm-16-examples' is not installed, so not removed
2025-09-20T21:26:26.7434980Z Package 'llvm-17-examples' is not installed, so not removed
2025-09-20T21:26:26.7435573Z Package 'llvm-18-examples' is not installed, so not removed
2025-09-20T21:26:26.7436129Z Package 'llvm-bolt' is not installed, so not removed
2025-09-20T21:26:26.7436724Z Package 'llvm-spirv-14' is not installed, so not removed
2025-09-20T21:26:26.7437680Z Package 'llvm-spirv-15' is not installed, so not removed
2025-09-20T21:26:26.7438240Z Package 'llvm-spirv-16' is not installed, so not removed
2025-09-20T21:26:26.7438781Z Package 'llvm-spirv-17' is not installed, so not removed
2025-09-20T21:26:26.7439331Z Package 'llvm-spirv-18' is not installed, so not removed
2025-09-20T21:26:26.7439928Z Package 'llvm-19-dev' is not installed, so not removed
2025-09-20T21:26:26.7440509Z Package 'llvm-20-dev' is not installed, so not removed
2025-09-20T21:26:26.7441120Z Package 'llvm-19-linker-tools' is not installed, so not removed
2025-09-20T21:26:26.7441794Z Package 'llvm-20-linker-tools' is not installed, so not removed
2025-09-20T21:26:26.7442430Z Package 'llvm-19-doc' is not installed, so not removed
2025-09-20T21:26:26.7443008Z Package 'llvm-20-doc' is not installed, so not removed
2025-09-20T21:26:26.7443553Z Package 'llvm-19' is not installed, so not removed
2025-09-20T21:26:26.7444131Z Package 'llvm-19-runtime' is not installed, so not removed
2025-09-20T21:26:26.7444956Z Package 'llvm-19-tools' is not installed, so not removed
2025-09-20T21:26:26.7445572Z Package 'llvm-19-examples' is not installed, so not removed
2025-09-20T21:26:26.7446141Z Package 'llvm-20' is not installed, so not removed
2025-09-20T21:26:26.7446682Z Package 'llvm-20-runtime' is not installed, so not removed
2025-09-20T21:26:26.7447518Z Package 'llvm-20-tools' is not installed, so not removed
2025-09-20T21:26:26.7447935Z Package 'llvm-20-examples' is not installed, so not removed
2025-09-20T21:26:26.7448294Z Package 'llvm-spirv-19' is not installed, so not removed
2025-09-20T21:26:26.7448606Z Package 'llvm-spirv-20' is not installed, so not removed
2025-09-20T21:26:26.7448898Z The following packages will be REMOVED:
2025-09-20T21:26:26.7449217Z   clang-16 clang-17 clang-18 clang-tidy-16 clang-tidy-17 clang-tidy-18
2025-09-20T21:26:26.7449610Z   clang-tools-16 clang-tools-17 clang-tools-18 llvm-16 llvm-16-dev
2025-09-20T21:26:26.7450013Z   llvm-16-linker-tools llvm-16-runtime llvm-16-tools llvm-17 llvm-17-dev
2025-09-20T21:26:26.7450445Z   llvm-17-linker-tools llvm-17-runtime llvm-17-tools llvm-18 llvm-18-dev
2025-09-20T21:26:26.7450806Z   llvm-18-linker-tools llvm-18-runtime llvm-18-tools
2025-09-20T21:26:26.9868567Z 0 upgraded, 0 newly installed, 24 to remove and 6 not upgraded.
2025-09-20T21:26:26.9868986Z After this operation, 1575 MB disk space will be freed.
2025-09-20T21:26:27.0052626Z (Reading database ... 
2025-09-20T21:26:27.0053022Z (Reading database ... 5%
2025-09-20T21:26:27.0053380Z (Reading database ... 10%
2025-09-20T21:26:27.0053705Z (Reading database ... 15%
2025-09-20T21:26:27.0053933Z (Reading database ... 20%
2025-09-20T21:26:27.0054127Z (Reading database ... 25%
2025-09-20T21:26:27.0054645Z (Reading database ... 30%
2025-09-20T21:26:27.0054867Z (Reading database ... 35%
2025-09-20T21:26:27.0055063Z (Reading database ... 40%
2025-09-20T21:26:27.0055251Z (Reading database ... 45%
2025-09-20T21:26:27.0055436Z (Reading database ... 50%
2025-09-20T21:26:27.0145477Z (Reading database ... 55%
2025-09-20T21:26:27.0172066Z (Reading database ... 60%
2025-09-20T21:26:27.0198341Z (Reading database ... 65%
2025-09-20T21:26:27.0228444Z (Reading database ... 70%
2025-09-20T21:26:27.0245330Z (Reading database ... 75%
2025-09-20T21:26:27.0264428Z (Reading database ... 80%
2025-09-20T21:26:27.0414177Z (Reading database ... 85%
2025-09-20T21:26:27.0660098Z (Reading database ... 90%
2025-09-20T21:26:27.0735480Z (Reading database ... 95%
2025-09-20T21:26:27.0735886Z (Reading database ... 100%
2025-09-20T21:26:27.0736263Z (Reading database ... 214123 files and directories currently installed.)
2025-09-20T21:26:27.0775191Z Removing clang-tidy-16 (1:16.0.6-23ubuntu4) ...
2025-09-20T21:26:27.1132669Z Removing clang-tools-16 (1:16.0.6-23ubuntu4) ...
2025-09-20T21:26:27.2033755Z Removing clang-16 (1:16.0.6-23ubuntu4) ...
2025-09-20T21:26:27.2306242Z Removing clang-tidy-17 (1:17.0.6-9ubuntu1) ...
2025-09-20T21:26:27.2609067Z Removing clang-tools-17 (1:17.0.6-9ubuntu1) ...
2025-09-20T21:26:27.3547313Z Removing clang-17 (1:17.0.6-9ubuntu1) ...
2025-09-20T21:26:27.3860360Z Removing clang-tidy-18 (1:18.1.3-1ubuntu1) ...
2025-09-20T21:26:27.4113269Z Removing clang-tools-18 (1:18.1.3-1ubuntu1) ...
2025-09-20T21:26:27.4961959Z Removing clang-18 (1:18.1.3-1ubuntu1) ...
2025-09-20T21:26:27.5256919Z Removing llvm-16-dev (1:16.0.6-23ubuntu4) ...
2025-09-20T21:26:27.9815982Z Removing llvm-16 (1:16.0.6-23ubuntu4) ...
2025-09-20T21:26:28.0103422Z Removing llvm-16-linker-tools (1:16.0.6-23ubuntu4) ...
2025-09-20T21:26:28.0338642Z Removing llvm-16-runtime (1:16.0.6-23ubuntu4) ...
2025-09-20T21:26:28.0651911Z Removing llvm-16-tools (1:16.0.6-23ubuntu4) ...
2025-09-20T21:26:28.4152585Z Removing llvm-17-dev (1:17.0.6-9ubuntu1) ...
2025-09-20T21:26:28.8847043Z Removing llvm-17 (1:17.0.6-9ubuntu1) ...
2025-09-20T21:26:28.9149448Z Removing llvm-17-linker-tools (1:17.0.6-9ubuntu1) ...
2025-09-20T21:26:28.9379204Z Removing llvm-17-runtime (1:17.0.6-9ubuntu1) ...
2025-09-20T21:26:28.9682572Z Removing llvm-17-tools (1:17.0.6-9ubuntu1) ...
2025-09-20T21:26:29.3244714Z Removing llvm-18-dev (1:18.1.3-1ubuntu1) ...
2025-09-20T21:26:29.8046241Z Removing llvm-18 (1:18.1.3-1ubuntu1) ...
2025-09-20T21:26:29.8356807Z Removing llvm-18-linker-tools (1:18.1.3-1ubuntu1) ...
2025-09-20T21:26:29.8567576Z Removing llvm-18-runtime (1:18.1.3-1ubuntu1) ...
2025-09-20T21:26:29.8868201Z Removing llvm-18-tools (1:18.1.3-1ubuntu1) ...
2025-09-20T21:26:30.2771954Z Processing triggers for systemd (255.4-1ubuntu8.10) ...
2025-09-20T21:26:30.3112430Z Processing triggers for man-db (2.12.0-4build2) ...
2025-09-20T21:26:34.0459253Z Processing triggers for libc-bin (2.39-0ubuntu8.5) ...
2025-09-20T21:26:35.0491211Z Reading package lists...
2025-09-20T21:26:35.2144724Z Building dependency tree...
2025-09-20T21:26:35.2152153Z Reading state information...
2025-09-20T21:26:35.3259623Z Package 'php-lua' is not installed, so not removed
2025-09-20T21:26:35.3260259Z Package 'php-mysqlnd-ms' is not installed, so not removed
2025-09-20T21:26:35.3260782Z Package 'php-radius' is not installed, so not removed
2025-09-20T21:26:35.3261303Z Package 'php5.6-common' is not installed, so not removed
2025-09-20T21:26:35.3261801Z Package 'php5.6-json' is not installed, so not removed
2025-09-20T21:26:35.3262341Z Package 'php7.0-common' is not installed, so not removed
2025-09-20T21:26:35.3262888Z Package 'php7.1-common' is not installed, so not removed
2025-09-20T21:26:35.3263414Z Package 'php7.2-common' is not installed, so not removed
2025-09-20T21:26:35.3263935Z Package 'php7.3-common' is not installed, so not removed
2025-09-20T21:26:35.3264698Z Package 'php7.4-common' is not installed, so not removed
2025-09-20T21:26:35.3265243Z Package 'php8.0-common' is not installed, so not removed
2025-09-20T21:26:35.3265782Z Package 'php8.1-common' is not installed, so not removed
2025-09-20T21:26:35.3266330Z Package 'php8.2-common' is not installed, so not removed
2025-09-20T21:26:35.3266926Z Package 'php-pear-frontend-gtk' is not installed, so not removed
2025-09-20T21:26:35.3267590Z Package 'php-pear-frontend-web' is not installed, so not removed
2025-09-20T21:26:35.3268193Z Package 'php7.0-curl' is not installed, so not removed
2025-09-20T21:26:35.3268751Z Package 'php7.2-sodium' is not installed, so not removed
2025-09-20T21:26:35.3269265Z Package 'php5' is not installed, so not removed
2025-09-20T21:26:35.3269764Z Package 'php5-cli' is not installed, so not removed
2025-09-20T21:26:35.3270320Z Package 'php5-pgsql' is not installed, so not removed
2025-09-20T21:26:35.3270899Z Package 'php5-curl' is not installed, so not removed
2025-09-20T21:26:35.3271444Z Package 'php5-ldap' is not installed, so not removed
2025-09-20T21:26:35.3272022Z Package 'gosa-plugin-phpgw' is not installed, so not removed
2025-09-20T21:26:35.3272711Z Package 'gosa-plugin-phpgw-schema' is not installed, so not removed
2025-09-20T21:26:35.3273437Z Package 'gosa-plugin-phpscheduleit' is not installed, so not removed
2025-09-20T21:26:35.3274378Z Package 'gosa-plugin-phpscheduleit-schema' is not installed, so not removed
2025-09-20T21:26:35.3275458Z Package 'php-apc' is not installed, so not removed
2025-09-20T21:26:35.3275894Z Package 'php-suhosin' is not installed, so not removed
2025-09-20T21:26:35.3276337Z Package 'php5-mysql' is not installed, so not removed
2025-09-20T21:26:35.3276804Z Package 'libsparkline-php' is not installed, so not removed
2025-09-20T21:26:35.3277331Z Package 'libapache2-mod-php5' is not installed, so not removed
2025-09-20T21:26:35.3277810Z Package 'php5-fpm' is not installed, so not removed
2025-09-20T21:26:35.3278237Z Package 'libgv-php5' is not installed, so not removed
2025-09-20T21:26:35.3278785Z Package 'php-greew-oauth2-azure-provider' is not installed, so not removed
2025-09-20T21:26:35.3279411Z Package 'php-hayageek-oauth2-yahoo' is not installed, so not removed
2025-09-20T21:26:35.3280002Z Package 'php-league-oauth2-google' is not installed, so not removed
2025-09-20T21:26:35.3280610Z Package 'php-thenetworg-oauth2-azure' is not installed, so not removed
2025-09-20T21:26:35.3281162Z Package 'phpphylotree' is not installed, so not removed
2025-09-20T21:26:35.3281654Z Package 'php-http-request2' is not installed, so not removed
2025-09-20T21:26:35.3282138Z Package 'php-xcache' is not installed, so not removed
2025-09-20T21:26:35.3282608Z Package 'php-async-aws-s3' is not installed, so not removed
2025-09-20T21:26:35.3283379Z Package 'php-paragonie-random-compat' is not installed, so not removed
2025-09-20T21:26:35.3283968Z Package 'php-console-color2' is not installed, so not removed
2025-09-20T21:26:35.3284757Z Package 'php-doctrine-phpcr-odm' is not installed, so not removed
2025-09-20T21:26:35.3285368Z Package 'php-alcaeus-mongo-php-adapter' is not installed, so not removed
2025-09-20T21:26:35.3285980Z Package 'php-doctrine-mongodb-odm' is not installed, so not removed
2025-09-20T21:26:35.3286595Z Package 'php-mtdowling-cron-expression' is not installed, so not removed
2025-09-20T21:26:35.3287170Z Package 'php-semsol-arc2' is not installed, so not removed
2025-09-20T21:26:35.3287690Z Package 'php-fzaninotto-faker' is not installed, so not removed
2025-09-20T21:26:35.3288179Z Package 'php7.4' is not installed, so not removed
2025-09-20T21:26:35.3288607Z Package 'php7.4-cli' is not installed, so not removed
2025-09-20T21:26:35.3289071Z Package 'php-com-dotnet' is not installed, so not removed
2025-09-20T21:26:35.3289520Z Package 'php-rar' is not installed, so not removed
2025-09-20T21:26:35.3290063Z Package 'php-laminas-httphandlerrunner' is not installed, so not removed
2025-09-20T21:26:35.3290693Z Package 'php-cordoval-hamcrest-php' is not installed, so not removed
2025-09-20T21:26:35.3291337Z Package 'php-davedevelopment-hamcrest-php' is not installed, so not removed
2025-09-20T21:26:35.3291977Z Package 'php-kodova-hamcrest-php' is not installed, so not removed
2025-09-20T21:26:35.3292563Z Package 'php-league-flysystem-sftp' is not installed, so not removed
2025-09-20T21:26:35.3293259Z Package 'php-league-flysystem-eventable-filesystem' is not installed, so not removed
2025-09-20T21:26:35.3294001Z Package 'php-league-flysystem-rackspace' is not installed, so not removed
2025-09-20T21:26:35.3294790Z Package 'php-league-flysystem-azure' is not installed, so not removed
2025-09-20T21:26:35.3295408Z Package 'php-league-flysystem-webdav' is not installed, so not removed
2025-09-20T21:26:35.3296038Z Package 'php-league-flysystem-aws-s3-v2' is not installed, so not removed
2025-09-20T21:26:35.3296694Z Package 'php-league-flysystem-aws-s3-v3' is not installed, so not removed
2025-09-20T21:26:35.3297334Z Package 'php-spatie-flysystem-dropbox' is not installed, so not removed
2025-09-20T21:26:35.3298124Z Package 'php-srmklive-flysystem-dropbox-v2' is not installed, so not removed
2025-09-20T21:26:35.3298832Z Package 'php-league-flysystem-cached-adapter' is not installed, so not removed
2025-09-20T21:26:35.3299530Z Package 'php-league-flysystem-ziparchive' is not installed, so not removed
2025-09-20T21:26:35.3300147Z Package 'php-league-uri-schemes' is not installed, so not removed
2025-09-20T21:26:35.3300780Z Package 'php-jeremykendall-php-domain-parser' is not installed, so not removed
2025-09-20T21:26:35.3301567Z Package 'php-php-64bit' is not installed, so not removed
2025-09-20T21:26:35.3302025Z Package 'php-sqlite' is not installed, so not removed
2025-09-20T21:26:35.3302467Z Package 'php-lzf' is not installed, so not removed
2025-09-20T21:26:35.3302916Z Package 'php-pnctl' is not installed, so not removed
2025-09-20T21:26:35.3303408Z Package 'php-mdb2-driver-fbsql' is not installed, so not removed
2025-09-20T21:26:35.3303963Z Package 'php-mdb2-driver-ibase' is not installed, so not removed
2025-09-20T21:26:35.3304674Z Package 'php-mdb2-driver-mssql' is not installed, so not removed
2025-09-20T21:26:35.3305239Z Package 'php-mdb2-driver-mysqli' is not installed, so not removed
2025-09-20T21:26:35.3305789Z Package 'php-mdb2-driver-oci8' is not installed, so not removed
2025-09-20T21:26:35.3306335Z Package 'php-mdb2-driver-odbc' is not installed, so not removed
2025-09-20T21:26:35.3306897Z Package 'php-mdb2-driver-querysim' is not installed, so not removed
2025-09-20T21:26:35.3307479Z Package 'php-mdb2-driver-sqlite' is not installed, so not removed
2025-09-20T21:26:35.3308051Z Package 'php-mdb2-driver-sqlsrv' is not installed, so not removed
2025-09-20T21:26:35.3308666Z Package 'php-barnabywalters-mf-cleaner' is not installed, so not removed
2025-09-20T21:26:35.3309448Z Package 'php-graylog2-gelf-php' is not installed, so not removed
2025-09-20T21:26:35.3310011Z Package 'php-doctrine-couchdb' is not installed, so not removed
2025-09-20T21:26:35.3310558Z Package 'php-ruflin-elastica' is not installed, so not removed
2025-09-20T21:26:35.3311086Z Package 'php-elasticsearch' is not installed, so not removed
2025-09-20T21:26:35.3311608Z Package 'php-aws-sdk-php' is not installed, so not removed
2025-09-20T21:26:35.3312104Z Package 'php-rollbar' is not installed, so not removed
2025-09-20T21:26:35.3312589Z Package 'php-nette-finder' is not installed, so not removed
2025-09-20T21:26:35.3313073Z Package 'php-dbase' is not installed, so not removed
2025-09-20T21:26:35.3313545Z Package 'php-libsodium' is not installed, so not removed
2025-09-20T21:26:35.3314011Z Package 'php-relay' is not installed, so not removed
2025-09-20T21:26:35.3314683Z Package 'php-ocramius-proxy-manager' is not installed, so not removed
2025-09-20T21:26:35.3315336Z Package 'php-zendframework-zend-stdlib' is not installed, so not removed
2025-09-20T21:26:35.3315940Z Package 'php-rhumsaa-uuid' is not installed, so not removed
2025-09-20T21:26:35.3316499Z Package 'php-paragonie-random-lib' is not installed, so not removed
2025-09-20T21:26:35.3317100Z Package 'php-ramsey-uuid-doctrine' is not installed, so not removed
2025-09-20T21:26:35.3317677Z Package 'php-crypt-blowfish' is not installed, so not removed
2025-09-20T21:26:35.3318179Z Package 'php-compat' is not installed, so not removed
2025-09-20T21:26:35.3318645Z Package 'libssh2-php' is not installed, so not removed
2025-09-20T21:26:35.3319174Z Package 'php-php-http-discovery' is not installed, so not removed
2025-09-20T21:26:35.3319791Z Package 'php-symfony-security-guard' is not installed, so not removed
2025-09-20T21:26:35.3320372Z Package 'php-numbers-words' is not installed, so not removed
2025-09-20T21:26:35.3320888Z Package 'php7.0-thrift' is not installed, so not removed
2025-09-20T21:26:35.3321371Z Package 'php7.2-thrift' is not installed, so not removed
2025-09-20T21:26:35.3321861Z Package 'php-net-idna' is not installed, so not removed
2025-09-20T21:26:35.3322335Z Package 'php-phpstan' is not installed, so not removed
2025-09-20T21:26:35.3322833Z Package 'php-vimeo-psalm' is not installed, so not removed
2025-09-20T21:26:35.3323378Z Package 'php-container-interop' is not installed, so not removed
2025-09-20T21:26:35.3324041Z Package 'php-zendframework-zend-eventmanager' is not installed, so not removed
2025-09-20T21:26:35.3324825Z Package 'php-recode' is not installed, so not removed
2025-09-20T21:26:35.3325275Z Package 'php-gd2' is not installed, so not removed
2025-09-20T21:26:35.3325837Z Package 'php-pragmarx-google2fa-qrcode' is not installed, so not removed
2025-09-20T21:26:35.3326645Z Package 'php-bjeavons-zxcvbn-php' is not installed, so not removed
2025-09-20T21:26:35.3327234Z Package 'php-pimlie-php-dkim' is not installed, so not removed
2025-09-20T21:26:35.3327815Z Package 'libapache2-mod-php7.4' is not installed, so not removed
2025-09-20T21:26:35.3328358Z Package 'php7.4-fpm' is not installed, so not removed
2025-09-20T21:26:35.3328877Z Package 'php-crypt-gpg' is not installed, so not removed
2025-09-20T21:26:35.3329407Z Package 'libapache2-mod-php' is not installed, so not removed
2025-09-20T21:26:35.3329987Z Package 'libapache2-mod-php8.3' is not installed, so not removed
2025-09-20T21:26:35.3330512Z Package 'php-json' is not installed, so not removed
2025-09-20T21:26:35.3330955Z Package 'php' is not installed, so not removed
2025-09-20T21:26:35.3331406Z Package 'php-all-dev' is not installed, so not removed
2025-09-20T21:26:35.3331897Z Package 'php-cgi' is not installed, so not removed
2025-09-20T21:26:35.3332354Z Package 'php-cli' is not installed, so not removed
2025-09-20T21:26:35.3332804Z Package 'php-amqp' is not installed, so not removed
2025-09-20T21:26:35.3333254Z Package 'php-apcu' is not installed, so not removed
2025-09-20T21:26:35.3333700Z Package 'php-ast' is not installed, so not removed
2025-09-20T21:26:35.3334139Z Package 'php-ds' is not installed, so not removed
2025-09-20T21:26:35.3334923Z Package 'php-facedetect' is not installed, so not removed
2025-09-20T21:26:35.3335444Z Package 'php-gearman' is not installed, so not removed
2025-09-20T21:26:35.3335921Z Package 'php-gmagick' is not installed, so not removed
2025-09-20T21:26:35.3336399Z Package 'php-gnupg' is not installed, so not removed
2025-09-20T21:26:35.3336882Z Package 'php-igbinary' is not installed, so not removed
2025-09-20T21:26:35.3337376Z Package 'php-imagick' is not installed, so not removed
2025-09-20T21:26:35.3337888Z Package 'php-libvirt-php' is not installed, so not removed
2025-09-20T21:26:35.3338425Z Package 'php-mailparse' is not installed, so not removed
2025-09-20T21:26:35.3338930Z Package 'php-memcache' is not installed, so not removed
2025-09-20T21:26:35.3339442Z Package 'php-memcached' is not installed, so not removed
2025-09-20T21:26:35.3339950Z Package 'php-mongodb' is not installed, so not removed
2025-09-20T21:26:35.3340441Z Package 'php-msgpack' is not installed, so not removed
2025-09-20T21:26:35.3340933Z Package 'php-oauth' is not installed, so not removed
2025-09-20T21:26:35.3341414Z Package 'php-pcov' is not installed, so not removed
2025-09-20T21:26:35.3341886Z Package 'php-ps' is not installed, so not removed
2025-09-20T21:26:35.3342347Z Package 'php-psr' is not installed, so not removed
2025-09-20T21:26:35.3342827Z Package 'php-raphf' is not installed, so not removed
2025-09-20T21:26:35.3343315Z Package 'php-redis' is not installed, so not removed
2025-09-20T21:26:35.3343790Z Package 'php-rrd' is not installed, so not removed
2025-09-20T21:26:35.3344459Z Package 'php-smbclient' is not installed, so not removed
2025-09-20T21:26:35.3344974Z Package 'php-ssh2' is not installed, so not removed
2025-09-20T21:26:35.3345458Z Package 'php-stomp' is not installed, so not removed
2025-09-20T21:26:35.3345965Z Package 'php-tideways' is not installed, so not removed
2025-09-20T21:26:35.3346465Z Package 'php-uopz' is not installed, so not removed
2025-09-20T21:26:35.3346955Z Package 'php-uploadprogress' is not installed, so not removed
2025-09-20T21:26:35.3347443Z Package 'php-uuid' is not installed, so not removed
2025-09-20T21:26:35.3347889Z Package 'php-xdebug' is not installed, so not removed
2025-09-20T21:26:35.3348353Z Package 'php-xmlrpc' is not installed, so not removed
2025-09-20T21:26:35.3348812Z Package 'php-yac' is not installed, so not removed
2025-09-20T21:26:35.3349242Z Package 'php-yaml' is not installed, so not removed
2025-09-20T21:26:35.3349673Z Package 'php-zmq' is not installed, so not removed
2025-09-20T21:26:35.3350102Z Package 'php-curl' is not installed, so not removed
2025-09-20T21:26:35.3350718Z Package 'php-dev' is not installed, so not removed
2025-09-20T21:26:35.3351142Z Package 'php-gd' is not installed, so not removed
2025-09-20T21:26:35.3351596Z Package 'php-gmp' is not installed, so not removed
2025-09-20T21:26:35.3352032Z Package 'php-ldap' is not installed, so not removed
2025-09-20T21:26:35.3352468Z Package 'php-mysql' is not installed, so not removed
2025-09-20T21:26:35.3352914Z Package 'php-odbc' is not installed, so not removed
2025-09-20T21:26:35.3353339Z Package 'php-xml' is not installed, so not removed
2025-09-20T21:26:35.3353776Z Package 'php-pgsql' is not installed, so not removed
2025-09-20T21:26:35.3354229Z Package 'php-pspell' is not installed, so not removed
2025-09-20T21:26:35.3354830Z Package 'php-snmp' is not installed, so not removed
2025-09-20T21:26:35.3355280Z Package 'php-sqlite3' is not installed, so not removed
2025-09-20T21:26:35.3355718Z Package 'php-tidy' is not installed, so not removed
2025-09-20T21:26:35.3356178Z Package 'php-tokenizer' is not installed, so not removed
2025-09-20T21:26:35.3356671Z Package 'pkg-php-tools' is not installed, so not removed
2025-09-20T21:26:35.3357129Z Package 'dh-php' is not installed, so not removed
2025-09-20T21:26:35.3357578Z Package 'php-mbstring' is not installed, so not removed
2025-09-20T21:26:35.3358051Z Package 'php-readline' is not installed, so not removed
2025-09-20T21:26:35.3358653Z Package 'php-fpm' is not installed, so not removed
2025-09-20T21:26:35.3359132Z Package 'php-codesniffer' is not installed, so not removed
2025-09-20T21:26:35.3359647Z Package 'libphp-phpmailer' is not installed, so not removed
2025-09-20T21:26:35.3360229Z Package 'php-phpmyadmin-motranslator' is not installed, so not removed
2025-09-20T21:26:35.3360804Z Package 'php-phpseclib' is not installed, so not removed
2025-09-20T21:26:35.3361262Z Package 'php-twig' is not installed, so not removed
2025-09-20T21:26:35.3361737Z Package 'php-mapscript-ng' is not installed, so not removed
2025-09-20T21:26:35.3362284Z Package 'php-composer-ca-bundle' is not installed, so not removed
2025-09-20T21:26:35.3362931Z Package 'php-composer-class-map-generator' is not installed, so not removed
2025-09-20T21:26:35.3363622Z Package 'php-composer-metadata-minifier' is not installed, so not removed
2025-09-20T21:26:35.3364372Z Package 'php-composer-semver' is not installed, so not removed
2025-09-20T21:26:35.3364983Z Package 'php-composer-spdx-licenses' is not installed, so not removed
2025-09-20T21:26:35.3365613Z Package 'php-composer-xdebug-handler' is not installed, so not removed
2025-09-20T21:26:35.3366197Z Package 'php-json-schema' is not installed, so not removed
2025-09-20T21:26:35.3366690Z Package 'php-psr-log' is not installed, so not removed
2025-09-20T21:26:35.3367198Z Package 'php-symfony-console' is not installed, so not removed
2025-09-20T21:26:35.3367763Z Package 'php-symfony-filesystem' is not installed, so not removed
2025-09-20T21:26:35.3368317Z Package 'php-symfony-finder' is not installed, so not removed
2025-09-20T21:26:35.3368868Z Package 'php-symfony-process' is not installed, so not removed
2025-09-20T21:26:35.3369407Z Package 'php-react-promise' is not installed, so not removed
2025-09-20T21:26:35.3369937Z Package 'php-composer-pcre' is not installed, so not removed
2025-09-20T21:26:35.3370488Z Package 'php-seld-signal-handler' is not installed, so not removed
2025-09-20T21:26:35.3371076Z Package 'php-intl' is not installed, so not removed
2025-09-20T21:26:35.3371530Z Package 'php-zip' is not installed, so not removed
2025-09-20T21:26:35.3372008Z Package 'libawl-php' is not installed, so not removed
2025-09-20T21:26:35.3372507Z Package 'libphp-simplepie' is not installed, so not removed
2025-09-20T21:26:35.3373000Z Package 'php-geshi' is not installed, so not removed
2025-09-20T21:26:35.3373499Z Package 'php-random-compat' is not installed, so not removed
2025-09-20T21:26:35.3374020Z Package 'elpa-php-mode' is not installed, so not removed
2025-09-20T21:26:35.3374628Z Package 'phpunit' is not installed, so not removed
2025-09-20T21:26:35.3375231Z Package 'php-geos' is not installed, so not removed
2025-09-20T21:26:35.3375824Z Package 'golang-github-phpdave11-gofpdi-dev' is not installed, so not removed
2025-09-20T21:26:35.3376426Z Package 'php-imap' is not installed, so not removed
2025-09-20T21:26:35.3376872Z Package 'php-fpdf' is not installed, so not removed
2025-09-20T21:26:35.3377383Z Package 'icinga-php-library' is not installed, so not removed
2025-09-20T21:26:35.3377950Z Package 'icinga-php-thirdparty' is not installed, so not removed
2025-09-20T21:26:35.3378471Z Package 'php-soap' is not installed, so not removed
2025-09-20T21:26:35.3378923Z Package 'php-icinga' is not installed, so not removed
2025-09-20T21:26:35.3379393Z Package 'php-tcpdf' is not installed, so not removed
2025-09-20T21:26:35.3379872Z Package 'kdevelop-php' is not installed, so not removed
2025-09-20T21:26:35.3380385Z Package 'kdevelop-php-l10n' is not installed, so not removed
2025-09-20T21:26:35.3380894Z Package 'php-mcrypt' is not installed, so not removed
2025-09-20T21:26:35.3381360Z Package 'less.php' is not installed, so not removed
2025-09-20T21:26:35.3381915Z Package 'libphp-serialization-perl' is not installed, so not removed
2025-09-20T21:26:35.3382609Z Package 'libhtml-wikiconverter-phpwiki-perl' is not installed, so not removed
2025-09-20T21:26:35.3383304Z Package 'libjs-php-date-formatter' is not installed, so not removed
2025-09-20T21:26:35.3384033Z Package 'libmarkdown-php' is not installed, so not removed
2025-09-20T21:26:35.3384730Z Package 'libnusoap-php' is not installed, so not removed
2025-09-20T21:26:35.3385254Z Package 'php-econea-nusoap' is not installed, so not removed
2025-09-20T21:26:35.3385775Z Package 'libow-php7t64' is not installed, so not removed
2025-09-20T21:26:35.3386273Z Package 'libownet-php' is not installed, so not removed
2025-09-20T21:26:35.3386757Z Package 'libphp-adodb' is not installed, so not removed
2025-09-20T21:26:35.3387241Z Package 'php-sybase' is not installed, so not removed
2025-09-20T21:26:35.3387719Z Package 'libphp-embed' is not installed, so not removed
2025-09-20T21:26:35.3388237Z Package 'libphp8.3-embed' is not installed, so not removed
2025-09-20T21:26:35.3388755Z Package 'libphp-jabber' is not installed, so not removed
2025-09-20T21:26:35.3389252Z Package 'libphp-snoopy' is not installed, so not removed
2025-09-20T21:26:35.3389754Z Package 'libphpy-dev' is not installed, so not removed
2025-09-20T21:26:35.3390218Z Package 'libphpy1' is not installed, so not removed
2025-09-20T21:26:35.3390712Z Package 'libxrdcephposix0' is not installed, so not removed
2025-09-20T21:26:35.3391204Z Package 'php-spyc' is not installed, so not removed
2025-09-20T21:26:35.3391719Z Package 'matomo-php-tracker' is not installed, so not removed
2025-09-20T21:26:35.3392254Z Package 'php-wikidiff2' is not installed, so not removed
2025-09-20T21:26:35.3392760Z Package 'php-luasandbox' is not installed, so not removed
2025-09-20T21:26:35.3393288Z Package 'mlmmj-php-web' is not installed, so not removed
2025-09-20T21:26:35.3393819Z Package 'mlmmj-php-web-admin' is not installed, so not removed
2025-09-20T21:26:35.3394505Z Package 'php-net-socket' is not installed, so not removed
2025-09-20T21:26:35.3395074Z Package 'node-codemirror-lang-php' is not installed, so not removed
2025-09-20T21:26:35.3395650Z Package 'node-lezer-php' is not installed, so not removed
2025-09-20T21:26:35.3396148Z Package 'phpmyadmin' is not installed, so not removed
2025-09-20T21:26:35.3396611Z Package 'php-cas' is not installed, so not removed
2025-09-20T21:26:35.3397084Z Package 'php-pclzip' is not installed, so not removed
2025-09-20T21:26:35.3397565Z Package 'phpqrcode' is not installed, so not removed
2025-09-20T21:26:35.3398090Z Package 'php-symfony-config' is not installed, so not removed
2025-09-20T21:26:35.3398740Z Package 'php-symfony-dependency-injection' is not installed, so not removed
2025-09-20T21:26:35.3399363Z Package 'phpmd' is not installed, so not removed
2025-09-20T21:26:35.3400008Z Package 'php-algo26-idna-convert' is not installed, so not removed
2025-09-20T21:26:35.3400838Z Package 'php-jakeasmith-http-build-url' is not installed, so not removed
2025-09-20T21:26:35.3401459Z Package 'php-amphp-amp' is not installed, so not removed
2025-09-20T21:26:35.3401990Z Package 'php-amqp-all-dev' is not installed, so not removed
2025-09-20T21:26:35.3402515Z Package 'php-amqplib' is not installed, so not removed
2025-09-20T21:26:35.3403038Z Package 'php-apcu-all-dev' is not installed, so not removed
2025-09-20T21:26:35.3403675Z Package 'php-arthurhoaro-web-thumbnailer' is not installed, so not removed
2025-09-20T21:26:35.3404492Z Package 'php-text-template' is not installed, so not removed
2025-09-20T21:26:35.3405021Z Package 'php8.3-ast' is not installed, so not removed
2025-09-20T21:26:35.3405535Z Package 'php-ast-all-dev' is not installed, so not removed
2025-09-20T21:26:35.3406090Z Package 'php-async-aws-core' is not installed, so not removed
2025-09-20T21:26:35.3406650Z Package 'php-psr-cache' is not installed, so not removed
2025-09-20T21:26:35.3407298Z Package 'php-symfony-deprecation-contracts' is not installed, so not removed
2025-09-20T21:26:35.3408013Z Package 'php-symfony-http-client' is not installed, so not removed
2025-09-20T21:26:35.3408820Z Package 'php-symfony-http-client-contracts' is not installed, so not removed
2025-09-20T21:26:35.3409552Z Package 'php-symfony-service-contracts' is not installed, so not removed
2025-09-20T21:26:35.3410349Z Package 'php-async-aws-ses' is not installed, so not removed
2025-09-20T21:26:35.3410923Z Package 'php-async-aws-sns' is not installed, so not removed
2025-09-20T21:26:35.3411488Z Package 'php-async-aws-sqs' is not installed, so not removed
2025-09-20T21:26:35.3412030Z Package 'php-auth-sasl' is not installed, so not removed
2025-09-20T21:26:35.3412579Z Package 'php-bacon-qr-code' is not installed, so not removed
2025-09-20T21:26:35.3413146Z Package 'php-dasprid-enum' is not installed, so not removed
2025-09-20T21:26:35.3413682Z Package 'php-bcmath' is not installed, so not removed
2025-09-20T21:26:35.3414216Z Package 'php-brick-math' is not installed, so not removed
2025-09-20T21:26:35.3414967Z Package 'php-brick-varexporter' is not installed, so not removed
2025-09-20T21:26:35.3415531Z Package 'php-parser' is not installed, so not removed
2025-09-20T21:26:35.3416015Z Package 'php-bz2' is not installed, so not removed
2025-09-20T21:26:35.3416617Z Package 'php-cache-integration-tests' is not installed, so not removed
2025-09-20T21:26:35.3417272Z Package 'php-cache-tag-interop' is not installed, so not removed
2025-09-20T21:26:35.3417935Z Package 'php-christianriesen-base32' is not installed, so not removed
2025-09-20T21:26:35.3418612Z Package 'php-christianriesen-otp' is not installed, so not removed
2025-09-20T21:26:35.3419270Z Package 'php-code-lts-u2f-php-server' is not installed, so not removed
2025-09-20T21:26:35.3419912Z Package 'php-codecoverage' is not installed, so not removed
2025-09-20T21:26:35.3420501Z Package 'php-file-iterator' is not installed, so not removed
2025-09-20T21:26:35.3421209Z Package 'phpunit-code-unit-reverse-lookup' is not installed, so not removed
2025-09-20T21:26:35.3421951Z Package 'phpunit-complexity' is not installed, so not removed
2025-09-20T21:26:35.3422589Z Package 'phpunit-environment' is not installed, so not removed
2025-09-20T21:26:35.3423243Z Package 'phpunit-lines-of-code' is not installed, so not removed
2025-09-20T21:26:35.3423897Z Package 'phpunit-version' is not installed, so not removed
2025-09-20T21:26:35.3424962Z Package 'php-codeigniter-framework' is not installed, so not removed
2025-09-20T21:26:35.3425474Z Package 'php-codeigniter-framework-doc' is not installed, so not removed
2025-09-20T21:26:35.3425932Z Package 'php-console-commandline' is not installed, so not removed
2025-09-20T21:26:35.3426321Z Package 'php-console-table' is not installed, so not removed
2025-09-20T21:26:35.3426686Z Package 'php-constant-time' is not installed, so not removed
2025-09-20T21:26:35.3427038Z Package 'php-dapphp-radius' is not installed, so not removed
2025-09-20T21:26:35.3427588Z Package 'php-date' is not installed, so not removed
2025-09-20T21:26:35.3427922Z Package 'php-datto-json-rpc' is not installed, so not removed
2025-09-20T21:26:35.3428299Z Package 'php-datto-json-rpc-http' is not installed, so not removed
2025-09-20T21:26:35.3428650Z Package 'php-db' is not installed, so not removed
2025-09-20T21:26:35.3428962Z Package 'php-deepcopy' is not installed, so not removed
2025-09-20T21:26:35.3429444Z Package 'php-dflydev-dot-access-data' is not installed, so not removed
2025-09-20T21:26:35.3429885Z Package 'php-di' is not installed, so not removed
2025-09-20T21:26:35.3430206Z Package 'php-psr-container' is not installed, so not removed
2025-09-20T21:26:35.3430548Z Package 'php-di-invoker' is not installed, so not removed
2025-09-20T21:26:35.3430947Z Package 'php-laravel-serializable-closure' is not installed, so not removed
2025-09-20T21:26:35.3431384Z Package 'php-directory-scanner' is not installed, so not removed
2025-09-20T21:26:35.3431724Z Package 'php-doc' is not installed, so not removed
2025-09-20T21:26:35.3432084Z Package 'php-doctrine-annotations' is not installed, so not removed
2025-09-20T21:26:35.3432469Z Package 'php-doctrine-lexer' is not installed, so not removed
2025-09-20T21:26:35.3432830Z Package 'php-doctrine-cache' is not installed, so not removed
2025-09-20T21:26:35.3433207Z Package 'php-doctrine-collections' is not installed, so not removed
2025-09-20T21:26:35.3433749Z Package 'php-doctrine-deprecations' is not installed, so not removed
2025-09-20T21:26:35.3434148Z Package 'php-doctrine-common' is not installed, so not removed
2025-09-20T21:26:35.3434654Z Package 'php-doctrine-persistence' is not installed, so not removed
2025-09-20T21:26:35.3435064Z Package 'php-doctrine-data-fixtures' is not installed, so not removed
2025-09-20T21:26:35.3435446Z Package 'php-doctrine-dbal' is not installed, so not removed
2025-09-20T21:26:35.3435800Z Package 'php-doctrine-orm' is not installed, so not removed
2025-09-20T21:26:35.3436180Z Package 'php-doctrine-event-manager' is not installed, so not removed
2025-09-20T21:26:35.3455987Z Package 'php-doctrine-inflector' is not installed, so not removed
2025-09-20T21:26:35.3456613Z Package 'php-doctrine-instantiator' is not installed, so not removed
2025-09-20T21:26:35.3457023Z Package 'php-symfony-cache' is not installed, so not removed
2025-09-20T21:26:35.3457443Z Package 'php-symfony-yaml' is not installed, so not removed
2025-09-20T21:26:35.3457852Z Package 'php-dragonmantank-cron-expression' is not installed, so not removed
2025-09-20T21:26:35.3458289Z Package 'php-webmozart-assert' is not installed, so not removed
2025-09-20T21:26:35.3458628Z Package 'php8.3-ds' is not installed, so not removed
2025-09-20T21:26:35.3458954Z Package 'php-ds-all-dev' is not installed, so not removed
2025-09-20T21:26:35.3459283Z Package 'php-easyrdf' is not installed, so not removed
2025-09-20T21:26:35.3459594Z Package 'php-ml-json-ld' is not installed, so not removed
2025-09-20T21:26:35.3459921Z Package 'php-eluceo-ical' is not installed, so not removed
2025-09-20T21:26:35.3460272Z Package 'php-email-validator' is not installed, so not removed
2025-09-20T21:26:35.3460604Z Package 'php-embed' is not installed, so not removed
2025-09-20T21:26:35.3460963Z Package 'php-oscarotero-html-parser' is not installed, so not removed
2025-09-20T21:26:35.3461357Z Package 'php-psr-http-message' is not installed, so not removed
2025-09-20T21:26:35.3461721Z Package 'php-psr-http-client' is not installed, so not removed
2025-09-20T21:26:35.3462070Z Package 'php-psr-http-factory' is not installed, so not removed
2025-09-20T21:26:35.3462449Z Package 'php-symfony-css-selector' is not installed, so not removed
2025-09-20T21:26:35.3462795Z Package 'php-enchant' is not installed, so not removed
2025-09-20T21:26:35.3463102Z Package 'php-excimer' is not installed, so not removed
2025-09-20T21:26:35.3463420Z Package 'php8.3-facedetect' is not installed, so not removed
2025-09-20T21:26:35.3463783Z Package 'php-facedetect-all-dev' is not installed, so not removed
2025-09-20T21:26:35.3464447Z Package 'php-faker' is not installed, so not removed
2025-09-20T21:26:35.3464779Z Package 'php-fdomdocument' is not installed, so not removed
2025-09-20T21:26:35.3465156Z Package 'php-fig-http-message-util' is not installed, so not removed
2025-09-20T21:26:35.3465525Z Package 'php-fig-link-util' is not installed, so not removed
2025-09-20T21:26:35.3465870Z Package 'php-psr-link' is not installed, so not removed
2025-09-20T21:26:35.3466186Z Package 'php-font-lib' is not installed, so not removed
2025-09-20T21:26:35.3466534Z Package 'php-fruitcake-php-cors' is not installed, so not removed
2025-09-20T21:26:35.3466936Z Package 'php-symfony-http-foundation' is not installed, so not removed
2025-09-20T21:26:35.3467293Z Package 'php-fxsl' is not installed, so not removed
2025-09-20T21:26:35.3467606Z Package 'php8.3-gearman' is not installed, so not removed
2025-09-20T21:26:35.3467943Z Package 'php-gearman-all-dev' is not installed, so not removed
2025-09-20T21:26:35.3468294Z Package 'php-getallheaders' is not installed, so not removed
2025-09-20T21:26:35.3468617Z Package 'php-getid3' is not installed, so not removed
2025-09-20T21:26:35.3468959Z Package 'php-gettext-languages' is not installed, so not removed
2025-09-20T21:26:35.3469330Z Package 'php-oscarotero-gettext' is not installed, so not removed
2025-09-20T21:26:35.3469855Z Package 'php-giggsey-libphonenumber' is not installed, so not removed
2025-09-20T21:26:35.3470245Z Package 'php-giggsey-locale' is not installed, so not removed
2025-09-20T21:26:35.3470578Z Package 'php8.3-gmagick' is not installed, so not removed
2025-09-20T21:26:35.3470916Z Package 'php-gmagick-all-dev' is not installed, so not removed
2025-09-20T21:26:35.3471245Z Package 'php8.3-gnupg' is not installed, so not removed
2025-09-20T21:26:35.3471570Z Package 'php-gnupg-all-dev' is not installed, so not removed
2025-09-20T21:26:35.3471915Z Package 'php-google-protobuf' is not installed, so not removed
2025-09-20T21:26:35.3472273Z Package 'php-google-recaptcha' is not installed, so not removed
2025-09-20T21:26:35.3472688Z Package 'php-graham-campbell-result-type' is not installed, so not removed
2025-09-20T21:26:35.3473078Z Package 'php-phpoption' is not installed, so not removed
2025-09-20T21:26:35.3473415Z Package 'php-gregwar-captcha' is not installed, so not removed
2025-09-20T21:26:35.3473740Z Package 'php-guestfs' is not installed, so not removed
2025-09-20T21:26:35.3474084Z Package 'php-guzzlehttp-guzzle' is not installed, so not removed
2025-09-20T21:26:35.3474575Z Package 'php-guzzlehttp-promises' is not installed, so not removed
2025-09-20T21:26:35.3474949Z Package 'php-guzzlehttp-psr7' is not installed, so not removed
2025-09-20T21:26:35.3475287Z Package 'php-hamcrest' is not installed, so not removed
2025-09-20T21:26:35.3475586Z Package 'php-htmlawed' is not installed, so not removed
2025-09-20T21:26:35.3475911Z Package 'php-htmlpurifier' is not installed, so not removed
2025-09-20T21:26:35.3476224Z Package 'php-http' is not installed, so not removed
2025-09-20T21:26:35.3476526Z Package 'php8.3-http' is not installed, so not removed
2025-09-20T21:26:35.3476840Z Package 'php-http-all-dev' is not installed, so not removed
2025-09-20T21:26:35.3477172Z Package 'php-http-httplug' is not installed, so not removed
2025-09-20T21:26:35.3477499Z Package 'php-http-promise' is not installed, so not removed
2025-09-20T21:26:35.3477912Z Package 'php-http-interop-http-factory-tests' is not installed, so not removed
2025-09-20T21:26:35.3478354Z Package 'php-http-message-factory' is not installed, so not removed
2025-09-20T21:26:35.3478769Z Package 'php-http-psr7-integration-tests' is not installed, so not removed
2025-09-20T21:26:35.3479187Z Package 'php-http-webdav-server' is not installed, so not removed
2025-09-20T21:26:35.3479528Z Package 'php-httpful' is not installed, so not removed
2025-09-20T21:26:35.3479860Z Package 'php-igbinary-all-dev' is not installed, so not removed
2025-09-20T21:26:35.3480203Z Package 'php-image-text' is not installed, so not removed
2025-09-20T21:26:35.3480683Z Package 'php-imagick-all-dev' is not installed, so not removed
2025-09-20T21:26:35.3481024Z Package 'php-interbase' is not installed, so not removed
2025-09-20T21:26:35.3481327Z Package 'php-invoker' is not installed, so not removed
2025-09-20T21:26:35.3481626Z Package 'php-jshrink' is not installed, so not removed
2025-09-20T21:26:35.3481971Z Package 'php-kissifrot-php-ixr' is not installed, so not removed
2025-09-20T21:26:35.3482308Z Package 'php-klogger' is not installed, so not removed
2025-09-20T21:26:35.3482628Z Package 'php-lcobucci-clock' is not installed, so not removed
2025-09-20T21:26:35.3482965Z Package 'php-psr-clock' is not installed, so not removed
2025-09-20T21:26:35.3483290Z Package 'php-lcobucci-jwt' is not installed, so not removed
2025-09-20T21:26:35.3483634Z Package 'php-league-commonmark' is not installed, so not removed
2025-09-20T21:26:35.3483989Z Package 'php-league-config' is not installed, so not removed
2025-09-20T21:26:35.3484488Z Package 'php-psr-event-dispatcher' is not installed, so not removed
2025-09-20T21:26:35.3484863Z Package 'php-nette-schema' is not installed, so not removed
2025-09-20T21:26:35.3485189Z Package 'php-league-csv' is not installed, so not removed
2025-09-20T21:26:35.3485531Z Package 'php-league-flysystem' is not installed, so not removed
2025-09-20T21:26:35.3485926Z Package 'php-league-mime-type-detection' is not installed, so not removed
2025-09-20T21:26:35.3486462Z Package 'php-league-html-to-markdown' is not installed, so not removed
2025-09-20T21:26:35.3486833Z Package 'php-league-uri' is not installed, so not removed
2025-09-20T21:26:35.3487187Z Package 'php-league-uri-interfaces' is not installed, so not removed
2025-09-20T21:26:35.3487581Z Package 'php-league-uri-components' is not installed, so not removed
2025-09-20T21:26:35.3487939Z Package 'php-letodms-core' is not installed, so not removed
2025-09-20T21:26:35.3488303Z Package 'php-libvirt-php-all-dev' is not installed, so not removed
2025-09-20T21:26:35.3488648Z Package 'php-log' is not installed, so not removed
2025-09-20T21:26:35.3488939Z Package 'php-mdb2' is not installed, so not removed
2025-09-20T21:26:35.3489224Z Package 'php-mail' is not installed, so not removed
2025-09-20T21:26:35.3489535Z Package 'php-lorenzo-pinky' is not installed, so not removed
2025-09-20T21:26:35.3489870Z Package 'php-net-smtp' is not installed, so not removed
2025-09-20T21:26:35.3490219Z Package 'php-mail-mime' is not installed, so not removed
2025-09-20T21:26:35.3490551Z Package 'php8.3-mailparse' is not installed, so not removed
2025-09-20T21:26:35.3490896Z Package 'php-mailparse-all-dev' is not installed, so not removed
2025-09-20T21:26:35.3491248Z Package 'php-malkusch-lock' is not installed, so not removed
2025-09-20T21:26:35.3491573Z Package 'php-predis' is not installed, so not removed
2025-09-20T21:26:35.3491899Z Package 'php-mariadb-mysql-kbs' is not installed, so not removed
2025-09-20T21:26:35.3492263Z Package 'php-masterminds-html5' is not installed, so not removed
2025-09-20T21:26:35.3492638Z Package 'php-matthiasmullie-minify' is not installed, so not removed
2025-09-20T21:26:35.3493079Z Package 'php-matthiasmullie-path-converter' is not installed, so not removed
2025-09-20T21:26:35.3493525Z Package 'php-maxmind-web-service-common' is not installed, so not removed
2025-09-20T21:26:35.3493906Z Package 'php-maxminddb' is not installed, so not removed
2025-09-20T21:26:35.3494229Z Package 'php8.3-maxminddb' is not installed, so not removed
2025-09-20T21:26:35.3494698Z Package 'php-maxminddb-all-dev' is not installed, so not removed
2025-09-20T21:26:35.3495038Z Package 'php8.3-mcrypt' is not installed, so not removed
2025-09-20T21:26:35.3495363Z Package 'php-mcrypt-all-dev' is not installed, so not removed
2025-09-20T21:26:35.3495720Z Package 'php-mdb2-driver-mysql' is not installed, so not removed
2025-09-20T21:26:35.3496077Z Package 'php-mdb2-driver-pgsql' is not installed, so not removed
2025-09-20T21:26:35.3496440Z Package 'php-memcache-all-dev' is not installed, so not removed
2025-09-20T21:26:35.3496803Z Package 'php-memcached-all-dev' is not installed, so not removed
2025-09-20T21:26:35.3497285Z Package 'php-msgpack-all-dev' is not installed, so not removed
2025-09-20T21:26:35.3497607Z Package 'php-mf2' is not installed, so not removed
2025-09-20T21:26:35.3497930Z Package 'php-mikey179-vfsstream' is not installed, so not removed
2025-09-20T21:26:35.3498272Z Package 'php-ml-iri' is not installed, so not removed
2025-09-20T21:26:35.3498561Z Package 'php-mock' is not installed, so not removed
2025-09-20T21:26:35.3498870Z Package 'php-mock-phpunit' is not installed, so not removed
2025-09-20T21:26:35.3499216Z Package 'php-mock-integration' is not installed, so not removed
2025-09-20T21:26:35.3499545Z Package 'php-mockery' is not installed, so not removed
2025-09-20T21:26:35.3499866Z Package 'php-mockery-doc' is not installed, so not removed
2025-09-20T21:26:35.3500210Z Package 'php-mongodb-all-dev' is not installed, so not removed
2025-09-20T21:26:35.3500540Z Package 'php-monolog' is not installed, so not removed
2025-09-20T21:26:35.3500848Z Package 'php-net-dime' is not installed, so not removed
2025-09-20T21:26:35.3501156Z Package 'php-net-dns2' is not installed, so not removed
2025-09-20T21:26:35.3501460Z Package 'php-net-ftp' is not installed, so not removed
2025-09-20T21:26:35.3501759Z Package 'php-net-imap' is not installed, so not removed
2025-09-20T21:26:35.3502179Z Package 'php-net-ipv6' is not installed, so not removed
2025-09-20T21:26:35.3502489Z Package 'php-net-ldap2' is not installed, so not removed
2025-09-20T21:26:35.3502809Z Package 'php-net-ldap3' is not installed, so not removed
2025-09-20T21:26:35.3503111Z Package 'php-net-nntp' is not installed, so not removed
2025-09-20T21:26:35.3503443Z Package 'php-net-publicsuffix' is not installed, so not removed
2025-09-20T21:26:35.3503774Z Package 'php-net-sieve' is not installed, so not removed
2025-09-20T21:26:35.3504080Z Package 'php-net-url' is not installed, so not removed
2025-09-20T21:26:35.3504487Z Package 'php-net-url2' is not installed, so not removed
2025-09-20T21:26:35.3504798Z Package 'php-net-whois' is not installed, so not removed
2025-09-20T21:26:35.3505172Z Package 'php-netscape-bookmark-parser' is not installed, so not removed
2025-09-20T21:26:35.3505553Z Package 'php-nette-utils' is not installed, so not removed
2025-09-20T21:26:35.3505901Z Package 'php-nikic-fast-route' is not installed, so not removed
2025-09-20T21:26:35.3506246Z Package 'php-nyholm-psr7' is not installed, so not removed
2025-09-20T21:26:35.3506561Z Package 'php8.3-oauth' is not installed, so not removed
2025-09-20T21:26:35.3506885Z Package 'php-oauth-all-dev' is not installed, so not removed
2025-09-20T21:26:35.3507218Z Package 'php-opis-closure' is not installed, so not removed
2025-09-20T21:26:35.3507542Z Package 'php-parsedown' is not installed, so not removed
2025-09-20T21:26:35.3507871Z Package 'php-parsedown-extra' is not installed, so not removed
2025-09-20T21:26:35.3508217Z Package 'php-pcov-all-dev' is not installed, so not removed
2025-09-20T21:26:35.3508569Z Package 'php-pda-pheanstalk' is not installed, so not removed
2025-09-20T21:26:35.3508931Z Package 'php-phar-io-manifest' is not installed, so not removed
2025-09-20T21:26:35.3509284Z Package 'php-phar-io-version' is not installed, so not removed
2025-09-20T21:26:35.3509620Z Package 'php-php-gettext' is not installed, so not removed
2025-09-20T21:26:35.3509941Z Package 'php-phpdbg' is not installed, so not removed
2025-09-20T21:26:35.3510327Z Package 'php-phpdocumentor-reflection-common' is not installed, so not removed
2025-09-20T21:26:35.3510823Z Package 'php-phpdocumentor-reflection-docblock' is not installed, so not removed
2025-09-20T21:26:35.3511295Z Package 'php-phpdocumentor-type-resolver' is not installed, so not removed
2025-09-20T21:26:35.3511729Z Package 'php-phpstan-phpdoc-parser' is not installed, so not removed
2025-09-20T21:26:35.3512152Z Package 'php-symfony-expression-language' is not installed, so not removed
2025-09-20T21:26:35.3512567Z Package 'php-phpmyadmin-shapefile' is not installed, so not removed
2025-09-20T21:26:35.3513105Z Package 'php-phpmyadmin-sql-parser' is not installed, so not removed
2025-09-20T21:26:35.3513508Z Package 'php-symfony-polyfill-php80' is not installed, so not removed
2025-09-20T21:26:35.3513868Z Package 'php-seclib' is not installed, so not removed
2025-09-20T21:26:35.3514181Z Package 'php-phpseclib3' is not installed, so not removed
2025-09-20T21:26:35.3514628Z Package 'php-phpspec-prophecy' is not installed, so not removed
2025-09-20T21:26:35.3514986Z Package 'phpunit-comparator' is not installed, so not removed
2025-09-20T21:26:35.3515356Z Package 'phpunit-recursion-context' is not installed, so not removed
2025-09-20T21:26:35.3515774Z Package 'php-phpspec-prophecy-phpunit' is not installed, so not removed
2025-09-20T21:26:35.3516137Z Package 'php-pinba' is not installed, so not removed
2025-09-20T21:26:35.3516441Z Package 'php8.3-pinba' is not installed, so not removed
2025-09-20T21:26:35.3516761Z Package 'php-pinba-all-dev' is not installed, so not removed
2025-09-20T21:26:35.3517110Z Package 'php-proxy-manager' is not installed, so not removed
2025-09-20T21:26:35.3517418Z Package 'php8.3-ps' is not installed, so not removed
2025-09-20T21:26:35.3517725Z Package 'php-ps-all-dev' is not installed, so not removed
2025-09-20T21:26:35.3518035Z Package 'php8.3-psr' is not installed, so not removed
2025-09-20T21:26:35.3518458Z Package 'php-psr-all-dev' is not installed, so not removed
2025-09-20T21:26:35.3518807Z Package 'php-psr-simple-cache' is not installed, so not removed
2025-09-20T21:26:35.3519189Z Package 'php-pubsubhubbub-publisher' is not installed, so not removed
2025-09-20T21:26:35.3519580Z Package 'php-ramsey-collection' is not installed, so not removed
2025-09-20T21:26:35.3519925Z Package 'php-ramsey-uuid' is not installed, so not removed
2025-09-20T21:26:35.3520242Z Package 'php8.3-raphf' is not installed, so not removed
2025-09-20T21:26:35.3520568Z Package 'php-raphf-all-dev' is not installed, so not removed
2025-09-20T21:26:35.3520902Z Package 'php-redis-all-dev' is not installed, so not removed
2025-09-20T21:26:35.3521227Z Package 'php-remctl' is not installed, so not removed
2025-09-20T21:26:35.3521572Z Package 'php-roundcube-rtf-html-php' is not installed, so not removed
2025-09-20T21:26:35.3521925Z Package 'php8.3-rrd' is not installed, so not removed
2025-09-20T21:26:35.3522233Z Package 'php-rrd-all-dev' is not installed, so not removed
2025-09-20T21:26:35.3522566Z Package 'php-sabre-dav' is not installed, so not removed
2025-09-20T21:26:35.3522895Z Package 'php-sabre-vobject' is not installed, so not removed
2025-09-20T21:26:35.3523208Z Package 'php-sass' is not installed, so not removed
2025-09-20T21:26:35.3523501Z Package 'php8.3-sass' is not installed, so not removed
2025-09-20T21:26:35.3523816Z Package 'php-sass-all-dev' is not installed, so not removed
2025-09-20T21:26:35.3524150Z Package 'php-shellcommand' is not installed, so not removed
2025-09-20T21:26:35.3524608Z Package 'php-slim-psr7' is not installed, so not removed
2025-09-20T21:26:35.3524932Z Package 'php8.3-smbclient' is not installed, so not removed
2025-09-20T21:26:35.3525269Z Package 'php-smbclient-all-dev' is not installed, so not removed
2025-09-20T21:26:35.3525600Z Package 'php-solr' is not installed, so not removed
2025-09-20T21:26:35.3525887Z Package 'php8.3-solr' is not installed, so not removed
2025-09-20T21:26:35.3526210Z Package 'php-solr-all-dev' is not installed, so not removed
2025-09-20T21:26:35.3526528Z Package 'php-sparkline' is not installed, so not removed
2025-09-20T21:26:35.3526851Z Package 'php-sql-formatter' is not installed, so not removed
2025-09-20T21:26:35.3527162Z Package 'php8.3-ssh2' is not installed, so not removed
2025-09-20T21:26:35.3527478Z Package 'php-ssh2-all-dev' is not installed, so not removed
2025-09-20T21:26:35.3527796Z Package 'php8.3-stomp' is not installed, so not removed
2025-09-20T21:26:35.3528114Z Package 'php-stomp-all-dev' is not installed, so not removed
2025-09-20T21:26:35.3528449Z Package 'php-swiftmailer' is not installed, so not removed
2025-09-20T21:26:35.3528933Z Package 'php-symfony' is not installed, so not removed
2025-09-20T21:26:35.3529250Z Package 'php-symfony-asset' is not installed, so not removed
2025-09-20T21:26:35.3529612Z Package 'php-symfony-asset-mapper' is not installed, so not removed
2025-09-20T21:26:35.3530002Z Package 'php-symfony-browser-kit' is not installed, so not removed
2025-09-20T21:26:35.3530365Z Package 'php-symfony-clock' is not installed, so not removed
2025-09-20T21:26:35.3530723Z Package 'php-symfony-debug-bundle' is not installed, so not removed
2025-09-20T21:26:35.3531127Z Package 'php-symfony-doctrine-bridge' is not installed, so not removed
2025-09-20T21:26:35.3531526Z Package 'php-symfony-dom-crawler' is not installed, so not removed
2025-09-20T21:26:35.3531892Z Package 'php-symfony-dotenv' is not installed, so not removed
2025-09-20T21:26:35.3532262Z Package 'php-symfony-error-handler' is not installed, so not removed
2025-09-20T21:26:35.3532674Z Package 'php-symfony-event-dispatcher' is not installed, so not removed
2025-09-20T21:26:35.3533056Z Package 'php-symfony-form' is not installed, so not removed
2025-09-20T21:26:35.3533424Z Package 'php-symfony-framework-bundle' is not installed, so not removed
2025-09-20T21:26:35.3533826Z Package 'php-symfony-http-kernel' is not installed, so not removed
2025-09-20T21:26:35.3534176Z Package 'php-symfony-intl' is not installed, so not removed
2025-09-20T21:26:35.3534786Z Package 'php-symfony-ldap' is not installed, so not removed
2025-09-20T21:26:35.3535114Z Package 'php-symfony-lock' is not installed, so not removed
2025-09-20T21:26:35.3535452Z Package 'php-symfony-mailer' is not installed, so not removed
2025-09-20T21:26:35.3535808Z Package 'php-symfony-messenger' is not installed, so not removed
2025-09-20T21:26:35.3536149Z Package 'php-symfony-mime' is not installed, so not removed
2025-09-20T21:26:35.3536517Z Package 'php-symfony-monolog-bridge' is not installed, so not removed
2025-09-20T21:26:35.3536899Z Package 'php-symfony-notifier' is not installed, so not removed
2025-09-20T21:26:35.3537290Z Package 'php-symfony-options-resolver' is not installed, so not removed
2025-09-20T21:26:35.3537715Z Package 'php-symfony-password-hasher' is not installed, so not removed
2025-09-20T21:26:35.3538139Z Package 'php-symfony-property-access' is not installed, so not removed
2025-09-20T21:26:35.3538550Z Package 'php-symfony-property-info' is not installed, so not removed
2025-09-20T21:26:35.3538979Z Package 'php-symfony-proxy-manager-bridge' is not installed, so not removed
2025-09-20T21:26:35.3539408Z Package 'php-symfony-rate-limiter' is not installed, so not removed
2025-09-20T21:26:35.3539787Z Package 'php-symfony-remote-event' is not installed, so not removed
2025-09-20T21:26:35.3540161Z Package 'php-symfony-routing' is not installed, so not removed
2025-09-20T21:26:35.3540515Z Package 'php-symfony-scheduler' is not installed, so not removed
2025-09-20T21:26:35.3540903Z Package 'php-symfony-security-bundle' is not installed, so not removed
2025-09-20T21:26:35.3541306Z Package 'php-symfony-security-core' is not installed, so not removed
2025-09-20T21:26:35.3541703Z Package 'php-symfony-security-csrf' is not installed, so not removed
2025-09-20T21:26:35.3542094Z Package 'php-symfony-security-http' is not installed, so not removed
2025-09-20T21:26:35.3542467Z Package 'php-symfony-semaphore' is not installed, so not removed
2025-09-20T21:26:35.3542841Z Package 'php-symfony-serializer' is not installed, so not removed
2025-09-20T21:26:35.3543203Z Package 'php-symfony-stopwatch' is not installed, so not removed
2025-09-20T21:26:35.3543561Z Package 'php-symfony-string' is not installed, so not removed
2025-09-20T21:26:35.3543918Z Package 'php-symfony-templating' is not installed, so not removed
2025-09-20T21:26:35.3544397Z Package 'php-symfony-translation' is not installed, so not removed
2025-09-20T21:26:35.3544782Z Package 'php-symfony-twig-bridge' is not installed, so not removed
2025-09-20T21:26:35.3545152Z Package 'php-symfony-twig-bundle' is not installed, so not removed
2025-09-20T21:26:35.3545629Z Package 'php-symfony-uid' is not installed, so not removed
2025-09-20T21:26:35.3545968Z Package 'php-symfony-validator' is not installed, so not removed
2025-09-20T21:26:35.3546335Z Package 'php-symfony-var-dumper' is not installed, so not removed
2025-09-20T21:26:35.3546711Z Package 'php-symfony-var-exporter' is not installed, so not removed
2025-09-20T21:26:35.3547082Z Package 'php-symfony-web-link' is not installed, so not removed
2025-09-20T21:26:35.3547485Z Package 'php-symfony-web-profiler-bundle' is not installed, so not removed
2025-09-20T21:26:35.3547884Z Package 'php-symfony-webhook' is not installed, so not removed
2025-09-20T21:26:35.3548250Z Package 'php-symfony-workflow' is not installed, so not removed
2025-09-20T21:26:35.3548599Z Package 'php-symfony-contracts' is not installed, so not removed
2025-09-20T21:26:35.3548986Z Package 'php-symfony-polyfill-php83' is not installed, so not removed
2025-09-20T21:26:35.3549409Z Package 'php-symfony-all-my-sms-notifier' is not installed, so not removed
2025-09-20T21:26:35.3549825Z Package 'php-symfony-amazon-mailer' is not installed, so not removed
2025-09-20T21:26:35.3550240Z Package 'php-symfony-amazon-sns-notifier' is not installed, so not removed
2025-09-20T21:26:35.3550677Z Package 'php-symfony-amazon-sqs-messenger' is not installed, so not removed
2025-09-20T21:26:35.3551213Z Package 'php-symfony-amqp-messenger' is not installed, so not removed
2025-09-20T21:26:35.3551633Z Package 'php-symfony-bandwidth-notifier' is not installed, so not removed
2025-09-20T21:26:35.3552078Z Package 'php-symfony-beanstalkd-messenger' is not installed, so not removed
2025-09-20T21:26:35.3552493Z Package 'php-symfony-brevo-mailer' is not installed, so not removed
2025-09-20T21:26:35.3552883Z Package 'php-symfony-brevo-notifier' is not installed, so not removed
2025-09-20T21:26:35.3553287Z Package 'php-symfony-cache-contracts' is not installed, so not removed
2025-09-20T21:26:35.3553700Z Package 'php-symfony-chatwork-notifier' is not installed, so not removed
2025-09-20T21:26:35.3554138Z Package 'php-symfony-click-send-notifier' is not installed, so not removed
2025-09-20T21:26:35.3554676Z Package 'php-symfony-clickatell-notifier' is not installed, so not removed
2025-09-20T21:26:35.3555144Z Package 'php-symfony-contact-everyone-notifier' is not installed, so not removed
2025-09-20T21:26:35.3555646Z Package 'php-symfony-event-dispatcher-contracts' is not installed, so not removed
2025-09-20T21:26:35.3556129Z Package 'php-symfony-translation-contracts' is not installed, so not removed
2025-09-20T21:26:35.3556620Z Package 'php-symfony-crowdin-translation-provider' is not installed, so not removed
2025-09-20T21:26:35.3557088Z Package 'php-symfony-discord-notifier' is not installed, so not removed
2025-09-20T21:26:35.3557547Z Package 'php-symfony-doctrine-messenger' is not installed, so not removed
2025-09-20T21:26:35.3558001Z Package 'php-symfony-engagespot-notifier' is not installed, so not removed
2025-09-20T21:26:35.3558434Z Package 'php-symfony-esendex-notifier' is not installed, so not removed
2025-09-20T21:26:35.3558850Z Package 'php-symfony-expo-notifier' is not installed, so not removed
2025-09-20T21:26:35.3559262Z Package 'php-symfony-fake-chat-notifier' is not installed, so not removed
2025-09-20T21:26:35.3559690Z Package 'php-symfony-fake-sms-notifier' is not installed, so not removed
2025-09-20T21:26:35.3560109Z Package 'php-symfony-firebase-notifier' is not installed, so not removed
2025-09-20T21:26:35.3560557Z Package 'php-symfony-forty-six-elks-notifier' is not installed, so not removed
2025-09-20T21:26:35.3561023Z Package 'php-symfony-free-mobile-notifier' is not installed, so not removed
2025-09-20T21:26:35.3561468Z Package 'php-symfony-gateway-api-notifier' is not installed, so not removed
2025-09-20T21:26:35.3561903Z Package 'php-symfony-gitter-notifier' is not installed, so not removed
2025-09-20T21:26:35.3562311Z Package 'php-symfony-go-ip-notifier' is not installed, so not removed
2025-09-20T21:26:35.3562732Z Package 'php-symfony-google-chat-notifier' is not installed, so not removed
2025-09-20T21:26:35.3563273Z Package 'php-symfony-google-mailer' is not installed, so not removed
2025-09-20T21:26:35.3563675Z Package 'php-symfony-html-sanitizer' is not installed, so not removed
2025-09-20T21:26:35.3564075Z Package 'php-symfony-infobip-mailer' is not installed, so not removed
2025-09-20T21:26:35.3564605Z Package 'php-symfony-infobip-notifier' is not installed, so not removed
2025-09-20T21:26:35.3565017Z Package 'php-symfony-iqsms-notifier' is not installed, so not removed
2025-09-20T21:26:35.3565423Z Package 'php-symfony-isendpro-notifier' is not installed, so not removed
2025-09-20T21:26:35.3565867Z Package 'php-symfony-kaz-info-teh-notifier' is not installed, so not removed
2025-09-20T21:26:35.3566309Z Package 'php-symfony-light-sms-notifier' is not installed, so not removed
2025-09-20T21:26:35.3566748Z Package 'php-symfony-line-notify-notifier' is not installed, so not removed
2025-09-20T21:26:35.3567183Z Package 'php-symfony-linked-in-notifier' is not installed, so not removed
2025-09-20T21:26:35.3567648Z Package 'php-symfony-loco-translation-provider' is not installed, so not removed
2025-09-20T21:26:35.3568171Z Package 'php-symfony-lokalise-translation-provider' is not installed, so not removed
2025-09-20T21:26:35.3568645Z Package 'php-symfony-mail-pace-mailer' is not installed, so not removed
2025-09-20T21:26:35.3569182Z Package 'php-symfony-mailchimp-mailer' is not installed, so not removed
2025-09-20T21:26:35.3569609Z Package 'php-symfony-mailer-send-mailer' is not installed, so not removed
2025-09-20T21:26:35.3570026Z Package 'php-symfony-mailgun-mailer' is not installed, so not removed
2025-09-20T21:26:35.3570427Z Package 'php-symfony-mailjet-mailer' is not installed, so not removed
2025-09-20T21:26:35.3570830Z Package 'php-symfony-mailjet-notifier' is not installed, so not removed
2025-09-20T21:26:35.3571254Z Package 'php-symfony-mastodon-notifier' is not installed, so not removed
2025-09-20T21:26:35.3571692Z Package 'php-symfony-mattermost-notifier' is not installed, so not removed
2025-09-20T21:26:35.3572115Z Package 'php-symfony-mercure' is not installed, so not removed
2025-09-20T21:26:35.3572503Z Package 'php-symfony-mercure-bundle' is not installed, so not removed
2025-09-20T21:26:35.3572908Z Package 'php-symfony-mercure-notifier' is not installed, so not removed
2025-09-20T21:26:35.3573364Z Package 'php-symfony-message-bird-notifier' is not installed, so not removed
2025-09-20T21:26:35.3573826Z Package 'php-symfony-message-media-notifier' is not installed, so not removed
2025-09-20T21:26:35.3574434Z Package 'php-symfony-microsoft-teams-notifier' is not installed, so not removed
2025-09-20T21:26:35.3574878Z Package 'php-symfony-mobyt-notifier' is not installed, so not removed
2025-09-20T21:26:35.3575276Z Package 'php-symfony-novu-notifier' is not installed, so not removed
2025-09-20T21:26:35.3575674Z Package 'php-symfony-ntfy-notifier' is not installed, so not removed
2025-09-20T21:26:35.3576077Z Package 'php-symfony-octopush-notifier' is not installed, so not removed
2025-09-20T21:26:35.3576523Z Package 'php-symfony-oh-my-smtp-mailer' is not installed, so not removed
2025-09-20T21:26:35.3576949Z Package 'php-symfony-one-signal-notifier' is not installed, so not removed
2025-09-20T21:26:35.3577389Z Package 'php-symfony-orange-sms-notifier' is not installed, so not removed
2025-09-20T21:26:35.3577820Z Package 'php-symfony-ovh-cloud-notifier' is not installed, so not removed
2025-09-20T21:26:35.3578254Z Package 'php-symfony-pager-duty-notifier' is not installed, so not removed
2025-09-20T21:26:35.3578677Z Package 'php-symfony-phpunit-bridge' is not installed, so not removed
2025-09-20T21:26:35.3579140Z Package 'php-symfony-phrase-translation-provider' is not installed, so not removed
2025-09-20T21:26:35.3579606Z Package 'php-symfony-plivo-notifier' is not installed, so not removed
2025-09-20T21:26:35.3579989Z Package 'php-symfony-polyfill' is not installed, so not removed
2025-09-20T21:26:35.3580376Z Package 'php-symfony-polyfill-apcu' is not installed, so not removed
2025-09-20T21:26:35.3580898Z Package 'php-symfony-polyfill-ctype' is not installed, so not removed
2025-09-20T21:26:35.3581299Z Package 'php-symfony-polyfill-php72' is not installed, so not removed
2025-09-20T21:26:35.3581701Z Package 'php-symfony-polyfill-php73' is not installed, so not removed
2025-09-20T21:26:35.3582106Z Package 'php-symfony-polyfill-php74' is not installed, so not removed
2025-09-20T21:26:35.3582504Z Package 'php-symfony-polyfill-php81' is not installed, so not removed
2025-09-20T21:26:35.3582899Z Package 'php-symfony-polyfill-php82' is not installed, so not removed
2025-09-20T21:26:35.3583300Z Package 'php-symfony-polyfill-iconv' is not installed, so not removed
2025-09-20T21:26:35.3583733Z Package 'php-symfony-polyfill-intl-grapheme' is not installed, so not removed
2025-09-20T21:26:35.3584187Z Package 'php-symfony-polyfill-intl-icu' is not installed, so not removed
2025-09-20T21:26:35.3584768Z Package 'php-symfony-polyfill-intl-messageformatter' is not installed, so not removed
2025-09-20T21:26:35.3585255Z Package 'php-symfony-polyfill-intl-idn' is not installed, so not removed
2025-09-20T21:26:35.3585709Z Package 'php-symfony-polyfill-intl-normalizer' is not installed, so not removed
2025-09-20T21:26:35.3586157Z Package 'php-symfony-polyfill-mbstring' is not installed, so not removed
2025-09-20T21:26:35.3586684Z Package 'php-symfony-polyfill-util' is not installed, so not removed
2025-09-20T21:26:35.3587078Z Package 'php-symfony-polyfill-xml' is not installed, so not removed
2025-09-20T21:26:35.3587474Z Package 'php-symfony-polyfill-uuid' is not installed, so not removed
2025-09-20T21:26:35.3587883Z Package 'php-symfony-postmark-mailer' is not installed, so not removed
2025-09-20T21:26:35.3588325Z Package 'php-symfony-psr-http-message-bridge' is not installed, so not removed
2025-09-20T21:26:35.3588777Z Package 'php-symfony-pushover-notifier' is not installed, so not removed
2025-09-20T21:26:35.3589192Z Package 'php-symfony-redis-messenger' is not installed, so not removed
2025-09-20T21:26:35.3589609Z Package 'php-symfony-redlink-notifier' is not installed, so not removed
2025-09-20T21:26:35.3590041Z Package 'php-symfony-ring-central-notifier' is not installed, so not removed
2025-09-20T21:26:35.3590491Z Package 'php-symfony-rocket-chat-notifier' is not installed, so not removed
2025-09-20T21:26:35.3590905Z Package 'php-symfony-runtime' is not installed, so not removed
2025-09-20T21:26:35.3591287Z Package 'php-symfony-scaleway-mailer' is not installed, so not removed
2025-09-20T21:26:35.3591689Z Package 'php-symfony-security-acl' is not installed, so not removed
2025-09-20T21:26:35.3592096Z Package 'php-symfony-sendberry-notifier' is not installed, so not removed
2025-09-20T21:26:35.3592518Z Package 'php-symfony-sendgrid-mailer' is not installed, so not removed
2025-09-20T21:26:35.3592936Z Package 'php-symfony-sendinblue-mailer' is not installed, so not removed
2025-09-20T21:26:35.3593366Z Package 'php-symfony-sendinblue-notifier' is not installed, so not removed
2025-09-20T21:26:35.3593825Z Package 'php-symfony-simple-textin-notifier' is not installed, so not removed
2025-09-20T21:26:35.3594358Z Package 'php-symfony-sinch-notifier' is not installed, so not removed
2025-09-20T21:26:35.3594763Z Package 'php-symfony-slack-notifier' is not installed, so not removed
2025-09-20T21:26:35.3595182Z Package 'php-symfony-sms-biuras-notifier' is not installed, so not removed
2025-09-20T21:26:35.3595615Z Package 'php-symfony-sms-factor-notifier' is not installed, so not removed
2025-09-20T21:26:35.3596031Z Package 'php-symfony-sms77-notifier' is not installed, so not removed
2025-09-20T21:26:35.3596427Z Package 'php-symfony-smsapi-notifier' is not installed, so not removed
2025-09-20T21:26:35.3596829Z Package 'php-symfony-smsc-notifier' is not installed, so not removed
2025-09-20T21:26:35.3597233Z Package 'php-symfony-smsmode-notifier' is not installed, so not removed
2025-09-20T21:26:35.3597652Z Package 'php-symfony-spot-hit-notifier' is not installed, so not removed
2025-09-20T21:26:35.3598190Z Package 'php-symfony-telegram-notifier' is not installed, so not removed
2025-09-20T21:26:35.3598604Z Package 'php-symfony-telnyx-notifier' is not installed, so not removed
2025-09-20T21:26:35.3599010Z Package 'php-symfony-termii-notifier' is not installed, so not removed
2025-09-20T21:26:35.3599427Z Package 'php-symfony-turbo-sms-notifier' is not installed, so not removed
2025-09-20T21:26:35.3599854Z Package 'php-symfony-twilio-notifier' is not installed, so not removed
2025-09-20T21:26:35.3600260Z Package 'php-symfony-twitter-notifier' is not installed, so not removed
2025-09-20T21:26:35.3600670Z Package 'php-symfony-vonage-notifier' is not installed, so not removed
2025-09-20T21:26:35.3601075Z Package 'php-symfony-yunpian-notifier' is not installed, so not removed
2025-09-20T21:26:35.3601488Z Package 'php-symfony-zendesk-notifier' is not installed, so not removed
2025-09-20T21:26:35.3601901Z Package 'php-symfony-zulip-notifier' is not installed, so not removed
2025-09-20T21:26:35.3602274Z Package 'php-text-captcha' is not installed, so not removed
2025-09-20T21:26:35.3602625Z Package 'php-text-password' is not installed, so not removed
2025-09-20T21:26:35.3602961Z Package 'php-text-figlet' is not installed, so not removed
2025-09-20T21:26:35.3603321Z Package 'php-text-languagedetect' is not installed, so not removed
2025-09-20T21:26:35.3603786Z Package 'php-text-wiki' is not installed, so not removed
2025-09-20T21:26:35.3604106Z Package 'php-thrift' is not installed, so not removed
2025-09-20T21:26:35.3604552Z Package 'php8.3-tideways' is not installed, so not removed
2025-09-20T21:26:35.3604901Z Package 'php-tideways-all-dev' is not installed, so not removed
2025-09-20T21:26:35.3605330Z Package 'php-tijsverkoyen-css-to-inline-styles' is not installed, so not removed
2025-09-20T21:26:35.3605725Z Package 'php-timer' is not installed, so not removed
2025-09-20T21:26:35.3606031Z Package 'php-twig-doc' is not installed, so not removed
2025-09-20T21:26:35.4778912Z Package 'php-twig-cache-extra' is not installed, so not removed
2025-09-20T21:26:35.4779694Z Package 'php-twig-cssinliner-extra' is not installed, so not removed
2025-09-20T21:26:35.4780235Z Package 'php-twig-extra-bundle' is not installed, so not removed
2025-09-20T21:26:35.4780711Z Package 'php-twig-html-extra' is not installed, so not removed
2025-09-20T21:26:35.4781205Z Package 'php-twig-i18n-extension' is not installed, so not removed
2025-09-20T21:26:35.4781677Z Package 'php-twig-inky-extra' is not installed, so not removed
2025-09-20T21:26:35.4782120Z Package 'php-twig-intl-extra' is not installed, so not removed
2025-09-20T21:26:35.4782582Z Package 'php-twig-markdown-extra' is not installed, so not removed
2025-09-20T21:26:35.4783051Z Package 'php-twig-string-extra' is not installed, so not removed
2025-09-20T21:26:35.4783492Z Package 'php8.3-uopz' is not installed, so not removed
2025-09-20T21:26:35.4783909Z Package 'php-uopz-all-dev' is not installed, so not removed
2025-09-20T21:26:35.4784550Z Package 'php8.3-uploadprogress' is not installed, so not removed
2025-09-20T21:26:35.4784980Z Package 'php-uploadprogress-all-dev' is not installed, so not removed
2025-09-20T21:26:35.4785358Z Package 'php8.3-uuid' is not installed, so not removed
2025-09-20T21:26:35.4785693Z Package 'php-uuid-all-dev' is not installed, so not removed
2025-09-20T21:26:35.4786025Z Package 'php-validate' is not installed, so not removed
2025-09-20T21:26:35.4786379Z Package 'php-vlucas-phpdotenv' is not installed, so not removed
2025-09-20T21:26:35.4786761Z Package 'php-voku-portable-ascii' is not installed, so not removed
2025-09-20T21:26:35.4787121Z Package 'php-wmerrors' is not installed, so not removed
2025-09-20T21:26:35.4787460Z Package 'php-xdebug-all-dev' is not installed, so not removed
2025-09-20T21:26:35.4787796Z Package 'php-xml-svg' is not installed, so not removed
2025-09-20T21:26:35.4788122Z Package 'php8.3-xmlrpc' is not installed, so not removed
2025-09-20T21:26:35.4788460Z Package 'php-xmlrpc-all-dev' is not installed, so not removed
2025-09-20T21:26:35.4789099Z Package 'php8.3-yac' is not installed, so not removed
2025-09-20T21:26:35.4789418Z Package 'php-yac-all-dev' is not installed, so not removed
2025-09-20T21:26:35.4789763Z Package 'php-yaml-all-dev' is not installed, so not removed
2025-09-20T21:26:35.4790100Z Package 'php-zend-code' is not installed, so not removed
2025-09-20T21:26:35.4790448Z Package 'php-zend-eventmanager' is not installed, so not removed
2025-09-20T21:26:35.4790808Z Package 'php-zend-stdlib' is not installed, so not removed
2025-09-20T21:26:35.4791132Z Package 'php-zeroc-ice' is not installed, so not removed
2025-09-20T21:26:35.4791452Z Package 'php-zeta-base' is not installed, so not removed
2025-09-20T21:26:35.4791798Z Package 'php-zeta-console-tools' is not installed, so not removed
2025-09-20T21:26:35.4792170Z Package 'php-zeta-unit-test' is not installed, so not removed
2025-09-20T21:26:35.4792518Z Package 'php-zmq-all-dev' is not installed, so not removed
2025-09-20T21:26:35.4792895Z Package 'php-zumba-json-serializer' is not installed, so not removed
2025-09-20T21:26:35.4793289Z Package 'php8.3-libvirt-php' is not installed, so not removed
2025-09-20T21:26:35.4793615Z Package 'phpab' is not installed, so not removed
2025-09-20T21:26:35.4793909Z Package 'phpcpd' is not installed, so not removed
2025-09-20T21:26:35.4794349Z Package 'phpunit-cli-parser' is not installed, so not removed
2025-09-20T21:26:35.4794891Z Package 'phpldapadmin' is not installed, so not removed
2025-09-20T21:26:35.4795205Z Package 'phpliteadmin' is not installed, so not removed
2025-09-20T21:26:35.4795557Z Package 'phpliteadmin-themes' is not installed, so not removed
2025-09-20T21:26:35.4795892Z Package 'phploc' is not installed, so not removed
2025-09-20T21:26:35.4796184Z Package 'phppgadmin' is not installed, so not removed
2025-09-20T21:26:35.4796484Z Package 'phpsysinfo' is not installed, so not removed
2025-09-20T21:26:35.4796800Z Package 'phpunit-code-unit' is not installed, so not removed
2025-09-20T21:26:35.4797132Z Package 'phpunit-diff' is not installed, so not removed
2025-09-20T21:26:35.4797459Z Package 'phpunit-exporter' is not installed, so not removed
2025-09-20T21:26:35.4797816Z Package 'phpunit-global-state' is not installed, so not removed
2025-09-20T21:26:35.4798205Z Package 'phpunit-object-enumerator' is not installed, so not removed
2025-09-20T21:26:35.4798622Z Package 'phpunit-resource-operations' is not installed, so not removed
2025-09-20T21:26:35.4798990Z Package 'phpunit-type' is not installed, so not removed
2025-09-20T21:26:35.4799340Z Package 'phpunit-object-reflector' is not installed, so not removed
2025-09-20T21:26:35.4799700Z Package 'phpwebcounter' is not installed, so not removed
2025-09-20T21:26:35.4800090Z Package 'phpwebcounter-extra' is not installed, so not removed
2025-09-20T21:26:35.4800448Z Package 'python3-phply' is not installed, so not removed
2025-09-20T21:26:35.4800793Z Package 'python3-phpserialize' is not installed, so not removed
2025-09-20T21:26:35.4801201Z Package 'python3-sphinxcontrib.phpdomain' is not installed, so not removed
2025-09-20T21:26:35.4801598Z Package 'simplesamlphp' is not installed, so not removed
2025-09-20T21:26:35.4801907Z Package 'slbackup-php' is not installed, so not removed
2025-09-20T21:26:35.4802233Z Package 'uwsgi-plugin-php' is not installed, so not removed
2025-09-20T21:26:35.4802557Z Package 'weechat-php' is not installed, so not removed
2025-09-20T21:26:35.4802865Z Package 'php-mythtv' is not installed, so not removed
2025-09-20T21:26:35.4803137Z The following packages will be REMOVED:
2025-09-20T21:26:35.4803489Z   php-common php-pear php8.3 php8.3-amqp php8.3-apcu php8.3-bcmath php8.3-bz2
2025-09-20T21:26:35.4803919Z   php8.3-cgi php8.3-cli php8.3-common php8.3-curl php8.3-dba php8.3-dev
2025-09-20T21:26:35.4804433Z   php8.3-enchant php8.3-fpm php8.3-gd php8.3-gmp php8.3-igbinary
2025-09-20T21:26:35.4804831Z   php8.3-imagick php8.3-imap php8.3-interbase php8.3-intl php8.3-ldap
2025-09-20T21:26:35.4805214Z   php8.3-mbstring php8.3-memcache php8.3-memcached php8.3-mongodb
2025-09-20T21:26:35.4805726Z   php8.3-msgpack php8.3-mysql php8.3-odbc php8.3-opcache php8.3-pcov
2025-09-20T21:26:35.4806117Z   php8.3-pgsql php8.3-phpdbg php8.3-pspell php8.3-readline php8.3-redis
2025-09-20T21:26:35.4806506Z   php8.3-snmp php8.3-soap php8.3-sqlite3 php8.3-sybase php8.3-tidy
2025-09-20T21:26:35.4806886Z   php8.3-xdebug php8.3-xml php8.3-xsl php8.3-yaml php8.3-zip php8.3-zmq
2025-09-20T21:26:35.7195090Z 0 upgraded, 0 newly installed, 48 to remove and 6 not upgraded.
2025-09-20T21:26:35.7195685Z After this operation, 58.9 MB disk space will be freed.
2025-09-20T21:26:35.7378644Z (Reading database ... 
2025-09-20T21:26:35.7379034Z (Reading database ... 5%
2025-09-20T21:26:35.7379294Z (Reading database ... 10%
2025-09-20T21:26:35.7379503Z (Reading database ... 15%
2025-09-20T21:26:35.7379697Z (Reading database ... 20%
2025-09-20T21:26:35.7379880Z (Reading database ... 25%
2025-09-20T21:26:35.7380064Z (Reading database ... 30%
2025-09-20T21:26:35.7380243Z (Reading database ... 35%
2025-09-20T21:26:35.7380449Z (Reading database ... 40%
2025-09-20T21:26:35.7380629Z (Reading database ... 45%
2025-09-20T21:26:35.7380814Z (Reading database ... 50%
2025-09-20T21:26:35.7398635Z (Reading database ... 55%
2025-09-20T21:26:35.7499825Z (Reading database ... 60%
2025-09-20T21:26:35.7525009Z (Reading database ... 65%
2025-09-20T21:26:35.7556051Z (Reading database ... 70%
2025-09-20T21:26:35.7573925Z (Reading database ... 75%
2025-09-20T21:26:35.7593999Z (Reading database ... 80%
2025-09-20T21:26:35.7726678Z (Reading database ... 85%
2025-09-20T21:26:35.7957914Z (Reading database ... 90%
2025-09-20T21:26:35.8028811Z (Reading database ... 95%
2025-09-20T21:26:35.8029116Z (Reading database ... 100%
2025-09-20T21:26:35.8029494Z (Reading database ... 204079 files and directories currently installed.)
2025-09-20T21:26:35.8065266Z Removing php8.3-zip (8.3.6-0ubuntu0.24.04.5) ...
2025-09-20T21:26:36.0154031Z Removing php8.3-sybase (8.3.6-0ubuntu0.24.04.5) ...
2025-09-20T21:26:36.1535843Z Removing php-pear (1:1.10.13+submodules+notgz+2022032202-2build1) ...
2025-09-20T21:26:36.3892300Z Removing php8.3 (8.3.6-0ubuntu0.24.04.5) ...
2025-09-20T21:26:36.4141485Z Removing php8.3-amqp (1.11.0-5ubuntu1) ...
2025-09-20T21:26:36.5427286Z Removing php8.3-apcu (5.1.22+4.0.11-2ubuntu1) ...
2025-09-20T21:26:36.6829051Z Removing php8.3-bcmath (8.3.6-0ubuntu0.24.04.5) ...
2025-09-20T21:26:36.8213373Z Removing php8.3-bz2 (8.3.6-0ubuntu0.24.04.5) ...
2025-09-20T21:26:36.9623786Z Removing php8.3-zmq (1.1.3-24ubuntu1) ...
2025-09-20T21:26:37.0904125Z Removing php8.3-yaml (2.2.2+2.1.0+2.0.4+1.3.2-6ubuntu1) ...
2025-09-20T21:26:37.2187247Z Removing php8.3-cgi (8.3.6-0ubuntu0.24.04.5) ...
2025-09-20T21:26:39.0528671Z apache2_invoke php8.3-cgi prerm: No action required
2025-09-20T21:26:39.0856514Z Removing php8.3-dev (8.3.6-0ubuntu0.24.04.5) ...
2025-09-20T21:26:39.2325670Z Removing php8.3-xdebug (3.2.0+3.1.6+2.9.8+2.8.1+2.5.5-3ubuntu1) ...
2025-09-20T21:26:39.3408590Z Removing php8.3-phpdbg (8.3.6-0ubuntu0.24.04.5) ...
2025-09-20T21:26:40.8065513Z Removing php8.3-redis (5.3.7+4.3.0-3ubuntu1) ...
2025-09-20T21:26:40.8952123Z Removing php8.3-xsl (8.3.6-0ubuntu0.24.04.5) ...
2025-09-20T21:26:40.9129055Z Removing php8.3-soap (8.3.6-0ubuntu0.24.04.5) ...
2025-09-20T21:26:41.0131944Z Removing php8.3-curl (8.3.6-0ubuntu0.24.04.5) ...
2025-09-20T21:26:41.1103554Z Removing php8.3-dba (8.3.6-0ubuntu0.24.04.5) ...
2025-09-20T21:26:41.2095087Z Removing php8.3-enchant (8.3.6-0ubuntu0.24.04.5) ...
2025-09-20T21:26:41.3075563Z Removing php8.3-pcov (1.0.11-5ubuntu1) ...
2025-09-20T21:26:41.3807387Z Removing php8.3-fpm (8.3.6-0ubuntu0.24.04.5) ...
2025-09-20T21:26:42.7553270Z apache2_invoke php8.3-fpm prerm: No action required
2025-09-20T21:26:42.8145185Z Removing php8.3-gd (8.3.6-0ubuntu0.24.04.5) ...
2025-09-20T21:26:42.8895366Z Removing php8.3-gmp (8.3.6-0ubuntu0.24.04.5) ...
2025-09-20T21:26:42.9637339Z Removing php8.3-memcached (3.2.0+2.2.0-4ubuntu3) ...
2025-09-20T21:26:43.0312629Z Removing php8.3-igbinary (3.2.13-1ubuntu3) ...
2025-09-20T21:26:43.1071895Z Removing php8.3-imagick (3.7.0-4ubuntu3) ...
2025-09-20T21:26:43.1764812Z Removing php8.3-imap (8.3.6-0ubuntu0.24.04.5) ...
2025-09-20T21:26:43.2529211Z Removing php8.3-interbase (8.3.6-0ubuntu0.24.04.5) ...
2025-09-20T21:26:43.3290512Z Removing php8.3-intl (8.3.6-0ubuntu0.24.04.5) ...
2025-09-20T21:26:43.4063258Z Removing php8.3-ldap (8.3.6-0ubuntu0.24.04.5) ...
2025-09-20T21:26:43.4843757Z Removing php8.3-mbstring (8.3.6-0ubuntu0.24.04.5) ...
2025-09-20T21:26:43.5606074Z Removing php8.3-memcache (8.0+4.0.5.2+3.0.9~20170802.e702b5f9+-8ubuntu1) ...
2025-09-20T21:26:43.6279039Z Removing php8.3-mongodb (1.15.0+1.11.1+1.9.2+1.7.5-1ubuntu3) ...
2025-09-20T21:26:43.6949913Z Removing php8.3-msgpack (1:2.2.0~rc2-3ubuntu1) ...
2025-09-20T21:26:43.7651010Z Removing php8.3-mysql (8.3.6-0ubuntu0.24.04.5) ...
2025-09-20T21:26:43.9054198Z Removing php8.3-odbc (8.3.6-0ubuntu0.24.04.5) ...
2025-09-20T21:26:44.0184575Z Removing php8.3-pgsql (8.3.6-0ubuntu0.24.04.5) ...
2025-09-20T21:26:44.1259650Z Removing php8.3-pspell (8.3.6-0ubuntu0.24.04.5) ...
2025-09-20T21:26:44.2031842Z Removing php8.3-snmp (8.3.6-0ubuntu0.24.04.5) ...
2025-09-20T21:26:44.2842568Z Removing php8.3-sqlite3 (8.3.6-0ubuntu0.24.04.5) ...
2025-09-20T21:26:44.3958338Z Removing php8.3-tidy (8.3.6-0ubuntu0.24.04.5) ...
2025-09-20T21:26:44.4736990Z Removing php8.3-xml (8.3.6-0ubuntu0.24.04.5) ...
2025-09-20T21:26:44.7092044Z Removing php8.3-cli (8.3.6-0ubuntu0.24.04.5) ...
2025-09-20T21:26:45.2464818Z Removing php8.3-opcache (8.3.6-0ubuntu0.24.04.5) ...
2025-09-20T21:26:45.3021042Z Removing php8.3-readline (8.3.6-0ubuntu0.24.04.5) ...
2025-09-20T21:26:45.3600213Z Removing php8.3-common (8.3.6-0ubuntu0.24.04.5) ...
2025-09-20T21:26:45.5543272Z Removing php-common (2:93ubuntu2) ...
2025-09-20T21:26:45.5909272Z Stopping 'phpsessionclean.service', but its triggering units are still active:
2025-09-20T21:26:45.5909827Z 
2025-09-20T21:26:45.5909953Z phpsessionclean.timer
2025-09-20T21:26:45.5910185Z 
2025-09-20T21:26:46.1822547Z Processing triggers for man-db (2.12.0-4build2) ...
2025-09-20T21:26:55.9246516Z Reading package lists...
2025-09-20T21:26:56.0952573Z Building dependency tree...
2025-09-20T21:26:56.0960891Z Reading state information...
2025-09-20T21:26:56.3482868Z Package 'mongodb-dev' is not installed, so not removed
2025-09-20T21:26:56.3483285Z Package 'mongodb-server' is not installed, so not removed
2025-09-20T21:26:56.3483679Z 0 upgraded, 0 newly installed, 0 to remove and 6 not upgraded.
2025-09-20T21:26:56.3715458Z Reading package lists...
2025-09-20T21:26:56.5375815Z Building dependency tree...
2025-09-20T21:26:56.5383238Z Reading state information...
2025-09-20T21:26:56.7796630Z Package 'mysql-client-5.7' is not installed, so not removed
2025-09-20T21:26:56.7797444Z Package 'mysql-client-core-5.7' is not installed, so not removed
2025-09-20T21:26:56.7798225Z Package 'mysql-server-5.5' is not installed, so not removed
2025-09-20T21:26:56.7798874Z Package 'mysql-server-5.7' is not installed, so not removed
2025-09-20T21:26:56.7799549Z Package 'mysql-server-core-5.7' is not installed, so not removed
2025-09-20T21:26:56.7800271Z Package 'mysql-client-core-5.5' is not installed, so not removed
2025-09-20T21:26:56.7800964Z Package 'mysql-client-core-5.6' is not installed, so not removed
2025-09-20T21:26:56.7801643Z Package 'mysql-client-5.5' is not installed, so not removed
2025-09-20T21:26:56.7802303Z Package 'mysql-client-5.6' is not installed, so not removed
2025-09-20T21:26:56.7803130Z Package 'mysql-cluster-community-client-plugins' is not installed, so not removed
2025-09-20T21:26:56.7803963Z Package 'mysql-server-core-5.5' is not installed, so not removed
2025-09-20T21:26:56.7804926Z Package 'mysql-server-core-5.6' is not installed, so not removed
2025-09-20T21:26:56.7805628Z Package 'mysql-server-5.6' is not installed, so not removed
2025-09-20T21:26:56.7806313Z Package 'mysql-testsuite-5.5' is not installed, so not removed
2025-09-20T21:26:56.7807035Z Package 'mysql-testsuite-5.6' is not installed, so not removed
2025-09-20T21:26:56.7807724Z Package 'mysql-testsuite-5.7' is not installed, so not removed
2025-09-20T21:26:56.7808731Z Package 'mysql-testsuite' is not installed, so not removed
2025-09-20T21:26:56.7809373Z Package 'mysql-testsuite-8.0' is not installed, so not removed
2025-09-20T21:26:56.7809996Z Package 'mysql-router' is not installed, so not removed
2025-09-20T21:26:56.7810579Z Package 'mysql-sandbox' is not installed, so not removed
2025-09-20T21:26:56.7811171Z Package 'mysql-shell' is not installed, so not removed
2025-09-20T21:26:56.7811771Z Package 'mysql-source-8.0' is not installed, so not removed
2025-09-20T21:26:56.7812316Z The following packages will be REMOVED:
2025-09-20T21:26:56.7812914Z   libmysqlclient-dev libmysqlclient21 mysql-client mysql-client-8.0
2025-09-20T21:26:56.7813641Z   mysql-client-core-8.0 mysql-common mysql-server mysql-server-8.0
2025-09-20T21:26:56.7814406Z   mysql-server-core-8.0 sphinxsearch
2025-09-20T21:26:57.0268702Z 0 upgraded, 0 newly installed, 10 to remove and 6 not upgraded.
2025-09-20T21:26:57.0269113Z After this operation, 209 MB disk space will be freed.
2025-09-20T21:26:57.0449439Z (Reading database ... 
2025-09-20T21:26:57.0449848Z (Reading database ... 5%
2025-09-20T21:26:57.0450206Z (Reading database ... 10%
2025-09-20T21:26:57.0450549Z (Reading database ... 15%
2025-09-20T21:26:57.0450896Z (Reading database ... 20%
2025-09-20T21:26:57.0451229Z (Reading database ... 25%
2025-09-20T21:26:57.0451831Z (Reading database ... 30%
2025-09-20T21:26:57.0452164Z (Reading database ... 35%
2025-09-20T21:26:57.0452371Z (Reading database ... 40%
2025-09-20T21:26:57.0452555Z (Reading database ... 45%
2025-09-20T21:26:57.0452757Z (Reading database ... 50%
2025-09-20T21:26:57.0452958Z (Reading database ... 55%
2025-09-20T21:26:57.0570049Z (Reading database ... 60%
2025-09-20T21:26:57.0593734Z (Reading database ... 65%
2025-09-20T21:26:57.0626108Z (Reading database ... 70%
2025-09-20T21:26:57.0646483Z (Reading database ... 75%
2025-09-20T21:26:57.0661803Z (Reading database ... 80%
2025-09-20T21:26:57.0795757Z (Reading database ... 85%
2025-09-20T21:26:57.0847376Z (Reading database ... 90%
2025-09-20T21:26:57.1112421Z (Reading database ... 95%
2025-09-20T21:26:57.1112789Z (Reading database ... 100%
2025-09-20T21:26:57.1113294Z (Reading database ... 203084 files and directories currently installed.)
2025-09-20T21:26:57.1149052Z Removing libmysqlclient-dev (8.0.43-0ubuntu0.24.04.1) ...
2025-09-20T21:26:57.1542486Z Removing sphinxsearch (2.2.11-8build1) ...
2025-09-20T21:26:57.2419557Z Removing libmysqlclient21:amd64 (8.0.43-0ubuntu0.24.04.1) ...
2025-09-20T21:26:57.2598065Z Removing mysql-client (8.0.43-0ubuntu0.24.04.1) ...
2025-09-20T21:26:57.2821585Z Removing mysql-server (8.0.43-0ubuntu0.24.04.1) ...
2025-09-20T21:26:57.3010170Z Removing mysql-server-8.0 (8.0.43-0ubuntu0.24.04.1) ...
2025-09-20T21:26:57.5886801Z update-alternatives: using /etc/mysql/my.cnf.fallback to provide /etc/mysql/my.cnf (my.cnf) in auto mode
2025-09-20T21:26:57.6263148Z Removing mysql-client-8.0 (8.0.43-0ubuntu0.24.04.1) ...
2025-09-20T21:26:57.6449593Z Removing mysql-client-core-8.0 (8.0.43-0ubuntu0.24.04.1) ...
2025-09-20T21:26:57.6611957Z Removing mysql-common (5.8+1.1.0build1) ...
2025-09-20T21:26:57.7147975Z Removing mysql-server-core-8.0 (8.0.43-0ubuntu0.24.04.1) ...
2025-09-20T21:26:57.8340707Z Processing triggers for man-db (2.12.0-4build2) ...
2025-09-20T21:27:01.7210425Z Processing triggers for libc-bin (2.39-0ubuntu8.5) ...
2025-09-20T21:27:02.6844823Z Reading package lists...
2025-09-20T21:27:02.8522756Z Building dependency tree...
2025-09-20T21:27:02.8530087Z Reading state information...
2025-09-20T21:27:03.0183551Z Package 'mono-devel' is not installed, so not removed
2025-09-20T21:27:03.0184023Z The following packages will be REMOVED:
2025-09-20T21:27:03.0184904Z   azure-cli firefox google-chrome-stable libgl1 libgl1-mesa-dri libglx-mesa0
2025-09-20T21:27:03.0190425Z   libglx0 powershell xvfb
2025-09-20T21:27:03.2616370Z 0 upgraded, 0 newly installed, 9 to remove and 4 not upgraded.
2025-09-20T21:27:03.2616894Z After this operation, 1461 MB disk space will be freed.
2025-09-20T21:27:03.2789556Z (Reading database ... 
2025-09-20T21:27:03.2789925Z (Reading database ... 5%
2025-09-20T21:27:03.2790275Z (Reading database ... 10%
2025-09-20T21:27:03.2791269Z (Reading database ... 15%
2025-09-20T21:27:03.2791627Z (Reading database ... 20%
2025-09-20T21:27:03.2791973Z (Reading database ... 25%
2025-09-20T21:27:03.2792315Z (Reading database ... 30%
2025-09-20T21:27:03.2792640Z (Reading database ... 35%
2025-09-20T21:27:03.2792961Z (Reading database ... 40%
2025-09-20T21:27:03.2793284Z (Reading database ... 45%
2025-09-20T21:27:03.2793601Z (Reading database ... 50%
2025-09-20T21:27:03.2793923Z (Reading database ... 55%
2025-09-20T21:27:03.2906389Z (Reading database ... 60%
2025-09-20T21:27:03.2929123Z (Reading database ... 65%
2025-09-20T21:27:03.2959415Z (Reading database ... 70%
2025-09-20T21:27:03.2978701Z (Reading database ... 75%
2025-09-20T21:27:03.2993464Z (Reading database ... 80%
2025-09-20T21:27:03.3123040Z (Reading database ... 85%
2025-09-20T21:27:03.3174527Z (Reading database ... 90%
2025-09-20T21:27:03.3435087Z (Reading database ... 95%
2025-09-20T21:27:03.3435547Z (Reading database ... 100%
2025-09-20T21:27:03.3436188Z (Reading database ... 202809 files and directories currently installed.)
2025-09-20T21:27:03.3473451Z Removing azure-cli (2.77.0-1~noble) ...
2025-09-20T21:27:15.0161624Z Removing firefox (142.0.1+build1-0ubuntu0.24.04.1~mt1) ...
2025-09-20T21:27:15.1451209Z Removing google-chrome-stable (140.0.7339.80-1) ...
2025-09-20T21:27:15.4059600Z Removing xvfb (2:21.1.12-1ubuntu1.4) ...
2025-09-20T21:27:15.4252715Z Removing libgl1:amd64 (1.7.0-1build1) ...
2025-09-20T21:27:15.4566374Z Removing libglx0:amd64 (1.7.0-1build1) ...
2025-09-20T21:27:15.4975340Z Removing libglx-mesa0:amd64 (25.0.7-0ubuntu0.24.04.2) ...
2025-09-20T21:27:15.5249854Z Removing libgl1-mesa-dri:amd64 (25.0.7-0ubuntu0.24.04.2) ...
2025-09-20T21:27:15.5772771Z Removing powershell (7.4.11-1.deb) ...
2025-09-20T21:27:15.8488327Z Processing triggers for libc-bin (2.39-0ubuntu8.5) ...
2025-09-20T21:27:15.8622320Z Processing triggers for man-db (2.12.0-4build2) ...
2025-09-20T21:27:19.5852230Z Processing triggers for hicolor-icon-theme (0.17-2) ...
2025-09-20T21:27:21.5323377Z Reading package lists...
2025-09-20T21:27:21.6925565Z Building dependency tree...
2025-09-20T21:27:21.6933003Z Reading state information...
2025-09-20T21:27:21.8612304Z Package 'google-cloud-sdk' is not installed, so not removed
2025-09-20T21:27:21.8612993Z 0 upgraded, 0 newly installed, 0 to remove and 4 not upgraded.
2025-09-20T21:27:21.8847891Z Reading package lists...
2025-09-20T21:27:22.0506344Z Building dependency tree...
2025-09-20T21:27:22.0513680Z Reading state information...
2025-09-20T21:27:22.2114062Z The following packages will be REMOVED:
2025-09-20T21:27:22.2119986Z   google-cloud-cli google-cloud-cli-anthoscli
2025-09-20T21:27:22.4470048Z 0 upgraded, 0 newly installed, 2 to remove and 4 not upgraded.
2025-09-20T21:27:22.4470452Z After this operation, 665 MB disk space will be freed.
2025-09-20T21:27:22.4636371Z (Reading database ... 
2025-09-20T21:27:22.4636780Z (Reading database ... 5%
2025-09-20T21:27:22.4637107Z (Reading database ... 10%
2025-09-20T21:27:22.4637452Z (Reading database ... 15%
2025-09-20T21:27:22.4637775Z (Reading database ... 20%
2025-09-20T21:27:22.4638093Z (Reading database ... 25%
2025-09-20T21:27:22.4638288Z (Reading database ... 30%
2025-09-20T21:27:22.4638507Z (Reading database ... 35%
2025-09-20T21:27:22.4638704Z (Reading database ... 40%
2025-09-20T21:27:22.4638888Z (Reading database ... 45%
2025-09-20T21:27:22.4639080Z (Reading database ... 50%
2025-09-20T21:27:22.4639264Z (Reading database ... 55%
2025-09-20T21:27:22.4750891Z (Reading database ... 60%
2025-09-20T21:27:22.4775146Z (Reading database ... 65%
2025-09-20T21:27:22.4805675Z (Reading database ... 70%
2025-09-20T21:27:22.4826069Z (Reading database ... 75%
2025-09-20T21:27:22.4840979Z (Reading database ... 80%
2025-09-20T21:27:22.4864179Z (Reading database ... 85%
2025-09-20T21:27:22.4913694Z (Reading database ... 90%
2025-09-20T21:27:22.5153719Z (Reading database ... 95%
2025-09-20T21:27:22.5154002Z (Reading database ... 100%
2025-09-20T21:27:22.5154733Z (Reading database ... 171984 files and directories currently installed.)
2025-09-20T21:27:22.5184051Z Removing google-cloud-cli-anthoscli (537.0.0-0) ...
2025-09-20T21:27:49.6656468Z Removing google-cloud-cli (537.0.0-0) ...
2025-09-20T21:27:50.3937672Z ##[error]The operation was canceled.
2025-09-20T21:27:50.4123896Z Post job cleanup.
2025-09-20T21:27:50.5104157Z [command]/usr/bin/git version
2025-09-20T21:27:50.5150610Z git version 2.51.0
2025-09-20T21:27:50.5199366Z Temporarily overriding HOME='/home/runner/work/_temp/093d097f-c243-4896-b81f-2a0839a3a9a9' before making global git config changes
2025-09-20T21:27:50.5201288Z Adding repository directory to the temporary git global config as a safe directory
2025-09-20T21:27:50.5205546Z [command]/usr/bin/git config --global --add safe.directory /home/runner/work/Citadel-Protocol/Citadel-Protocol
2025-09-20T21:27:50.5241963Z [command]/usr/bin/git config --local --name-only --get-regexp core\.sshCommand
2025-09-20T21:27:50.5275541Z [command]/usr/bin/git submodule foreach --recursive sh -c "git config --local --name-only --get-regexp 'core\.sshCommand' && git config --local --unset-all 'core.sshCommand' || :"
2025-09-20T21:27:50.5516000Z [command]/usr/bin/git config --local --name-only --get-regexp http\.https\:\/\/github\.com\/\.extraheader
2025-09-20T21:27:50.5538640Z http.https://github.com/.extraheader
2025-09-20T21:27:50.5552062Z [command]/usr/bin/git config --local --unset-all http.https://github.com/.extraheader
2025-09-20T21:27:50.5584229Z [command]/usr/bin/git submodule foreach --recursive sh -c "git config --local --name-only --get-regexp 'http\.https\:\/\/github\.com\/\.extraheader' && git config --local --unset-all 'http.https://github.com/.extraheader' || :"
2025-09-20T21:27:50.5920184Z Cleaning up orphan processes
