2025-09-20T21:20:47.4686216Z ##[group]Run taiki-e/install-action@nextest
2025-09-20T21:20:47.4686521Z with:
2025-09-20T21:20:47.4686685Z   tool: nextest
2025-09-20T21:20:47.4686864Z   checksum: true
2025-09-20T21:20:47.4687048Z   fallback: cargo-binstall
2025-09-20T21:20:47.4687246Z env:
2025-09-20T21:20:47.4687405Z   CARGO_TERM_COLOR: always
2025-09-20T21:20:47.4687608Z   RUST_BACKTRACE: full
2025-09-20T21:20:47.4687807Z   RUST_MIN_STACK: 40971520
2025-09-20T21:20:47.4688004Z   RUST_LOG: citadel=warn
2025-09-20T21:20:47.4688190Z   IN_CI: true
2025-09-20T21:20:47.4688364Z   CARGO_HOME: /home/runner/.cargo
2025-09-20T21:20:47.4688588Z   CARGO_INCREMENTAL: 0
2025-09-20T21:20:47.4688769Z ##[endgroup]
2025-09-20T21:20:47.4704153Z ##[group]Run set -eu
2025-09-20T21:20:47.4704395Z [36;1mset -eu[0m
2025-09-20T21:20:47.4704599Z [36;1mif ! command -v bash >/dev/null; then[0m
2025-09-20T21:20:47.4704908Z [36;1m  if grep -Eq '^ID=alpine' /etc/os-release; then[0m
2025-09-20T21:20:47.4705302Z [36;1m    printf '::group::Install packages required for install-action (bash)\n'[0m
2025-09-20T21:20:47.4705723Z [36;1m    # NB: sync with apk_install in main.sh[0m
2025-09-20T21:20:47.4706005Z [36;1m    if command -v sudo >/dev/null; then[0m
2025-09-20T21:20:47.4706274Z [36;1m      sudo apk --no-cache add bash[0m
2025-09-20T21:20:47.4706544Z [36;1m    elif command -v doas >/dev/null; then[0m
2025-09-20T21:20:47.4706818Z [36;1m      doas apk --no-cache add bash[0m
2025-09-20T21:20:47.4707053Z [36;1m    else[0m
2025-09-20T21:20:47.4707244Z [36;1m      apk --no-cache add bash[0m
2025-09-20T21:20:47.4707472Z [36;1m    fi[0m
2025-09-20T21:20:47.4707650Z [36;1m    printf '::endgroup::\n'[0m
2025-09-20T21:20:47.4707871Z [36;1m  else[0m
2025-09-20T21:20:47.4708099Z [36;1m    printf '::error::install-action requires bash\n'[0m
2025-09-20T21:20:47.4708372Z [36;1m    exit 1[0m
2025-09-20T21:20:47.4708542Z [36;1m  fi[0m
2025-09-20T21:20:47.4708699Z [36;1mfi[0m
2025-09-20T21:20:47.4731407Z shell: /usr/bin/sh -e {0}
2025-09-20T21:20:47.4731649Z env:
2025-09-20T21:20:47.4731819Z   CARGO_TERM_COLOR: always
2025-09-20T21:20:47.4732033Z   RUST_BACKTRACE: full
2025-09-20T21:20:47.4732221Z   RUST_MIN_STACK: 40971520
2025-09-20T21:20:47.4732412Z   RUST_LOG: citadel=warn
2025-09-20T21:20:47.4732592Z   IN_CI: true
2025-09-20T21:20:47.4732773Z   CARGO_HOME: /home/runner/.cargo
2025-09-20T21:20:47.4733161Z   CARGO_INCREMENTAL: 0
2025-09-20T21:20:47.4733346Z ##[endgroup]
2025-09-20T21:20:47.4802750Z ##[group]Run bash --noprofile --norc "${GITHUB_ACTION_PATH:?}/main.sh"
2025-09-20T21:20:47.4803184Z [36;1mbash --noprofile --norc "${GITHUB_ACTION_PATH:?}/main.sh"[0m
2025-09-20T21:20:47.4830669Z shell: /usr/bin/bash --noprofile --norc -e -o pipefail {0}
2025-09-20T21:20:47.4830972Z env:
2025-09-20T21:20:47.4831150Z   CARGO_TERM_COLOR: always
2025-09-20T21:20:47.4831357Z   RUST_BACKTRACE: full
2025-09-20T21:20:47.4831553Z   RUST_MIN_STACK: 40971520
2025-09-20T21:20:47.4831745Z   RUST_LOG: citadel=warn
2025-09-20T21:20:47.4831934Z   IN_CI: true
2025-09-20T21:20:47.4832122Z   CARGO_HOME: /home/runner/.cargo
2025-09-20T21:20:47.4832339Z   CARGO_INCREMENTAL: 0
2025-09-20T21:20:47.4832526Z   INPUT_TOOL: nextest
2025-09-20T21:20:47.4832705Z   INPUT_CHECKSUM: true
2025-09-20T21:20:47.4832899Z   INPUT_FALLBACK: cargo-binstall
2025-09-20T21:20:47.4833926Z   DEFAULT_GITHUB_TOKEN: ***
2025-09-20T21:20:47.4834230Z   ACTION_USER_AGENT: taiki-e/install-action (nextest)
2025-09-20T21:20:47.4834517Z ##[endgroup]
2025-09-20T21:20:47.5026465Z info: host platform: x86_64_linux
2025-09-20T21:20:47.7805099Z * Host crates.io:443 was resolved.
2025-09-20T21:20:47.7806177Z * IPv6: 2600:9000:2508:ce00:c:7ed3:240:93a1, 2600:9000:2508:e200:c:7ed3:240:93a1, 2600:9000:2508:f400:c:7ed3:240:93a1, 2600:9000:2508:9e00:c:7ed3:240:93a1, 2600:9000:2508:4a00:c:7ed3:240:93a1, 2600:9000:2508:8200:c:7ed3:240:93a1, 2600:9000:2508:6400:c:7ed3:240:93a1, 2600:9000:2508:c000:c:7ed3:240:93a1
2025-09-20T21:20:47.7807424Z * IPv4: 108.138.64.48, 108.138.64.68, 108.138.64.83, 108.138.64.108
2025-09-20T21:20:47.7808507Z *   Trying 108.138.64.48:443...
2025-09-20T21:20:47.7859802Z * Connected to crates.io (108.138.64.48) port 443
2025-09-20T21:20:47.7875417Z * ALPN: curl offers h2,http/1.1
2025-09-20T21:20:47.7877181Z } [5 bytes data]
2025-09-20T21:20:47.7877582Z * TLSv1.3 (OUT), TLS handshake, Client hello (1):
2025-09-20T21:20:47.7878012Z } [512 bytes data]
2025-09-20T21:20:47.8090528Z *  CAfile: /etc/ssl/certs/ca-certificates.crt
2025-09-20T21:20:47.8091013Z *  CApath: /etc/ssl/certs
2025-09-20T21:20:47.8091343Z { [5 bytes data]
2025-09-20T21:20:47.8091707Z * TLSv1.3 (IN), TLS handshake, Server hello (2):
2025-09-20T21:20:47.8092142Z { [122 bytes data]
2025-09-20T21:20:47.8092879Z * TLSv1.3 (IN), TLS handshake, Encrypted Extensions (8):
2025-09-20T21:20:47.8093363Z { [19 bytes data]
2025-09-20T21:20:47.8093953Z * TLSv1.3 (IN), TLS handshake, Certificate (11):
2025-09-20T21:20:47.8094400Z { [3858 bytes data]
2025-09-20T21:20:47.8101158Z * TLSv1.3 (IN), TLS handshake, CERT verify (15):
2025-09-20T21:20:47.8101639Z { [264 bytes data]
2025-09-20T21:20:47.8102021Z * TLSv1.3 (IN), TLS handshake, Finished (20):
2025-09-20T21:20:47.8102460Z { [36 bytes data]
2025-09-20T21:20:47.8102875Z * TLSv1.3 (OUT), TLS change cipher, Change cipher spec (1):
2025-09-20T21:20:47.8103356Z } [1 bytes data]
2025-09-20T21:20:47.8103864Z * TLSv1.3 (OUT), TLS handshake, Finished (20):
2025-09-20T21:20:47.8104317Z } [36 bytes data]
2025-09-20T21:20:47.8104825Z * SSL connection using TLSv1.3 / TLS_AES_128_GCM_SHA256 / X25519 / RSASSA-PSS
2025-09-20T21:20:47.8105414Z * ALPN: server accepted h2
2025-09-20T21:20:47.8105779Z * Server certificate:
2025-09-20T21:20:47.8105999Z *  subject: CN=crates.io
2025-09-20T21:20:47.8106209Z *  start date: Nov 25 00:00:00 2024 GMT
2025-09-20T21:20:47.8106614Z *  expire date: Dec 24 23:59:59 2025 GMT
2025-09-20T21:20:47.8107138Z *  subjectAltName: host "crates.io" matched cert's "crates.io"
2025-09-20T21:20:47.8107706Z *  issuer: C=US; O=Amazon; CN=Amazon RSA 2048 M02
2025-09-20T21:20:47.8108085Z *  SSL certificate verify ok.
2025-09-20T21:20:47.8108516Z *   Certificate level 0: Public key type RSA (2048/112 Bits/secBits), signed using sha256WithRSAEncryption
2025-09-20T21:20:47.8109106Z *   Certificate level 1: Public key type RSA (2048/112 Bits/secBits), signed using sha256WithRSAEncryption
2025-09-20T21:20:47.8109686Z *   Certificate level 2: Public key type RSA (2048/112 Bits/secBits), signed using sha256WithRSAEncryption
2025-09-20T21:20:47.8110314Z } [5 bytes data]
2025-09-20T21:20:47.8110499Z * using HTTP/2
2025-09-20T21:20:47.8110803Z * [HTTP/2] [1] OPENED stream for https://crates.io/api/v1/crates/cargo-nextest
2025-09-20T21:20:47.8111179Z * [HTTP/2] [1] [:method: GET]
2025-09-20T21:20:47.8111397Z * [HTTP/2] [1] [:scheme: https]
2025-09-20T21:20:47.8111618Z * [HTTP/2] [1] [:authority: crates.io]
2025-09-20T21:20:47.8111895Z * [HTTP/2] [1] [:path: /api/v1/crates/cargo-nextest]
2025-09-20T21:20:47.8112216Z * [HTTP/2] [1] [user-agent: taiki-e/install-action (nextest)]
2025-09-20T21:20:47.8112502Z * [HTTP/2] [1] [accept: */*]
2025-09-20T21:20:47.8112707Z } [5 bytes data]
2025-09-20T21:20:47.8112898Z > GET /api/v1/crates/cargo-nextest HTTP/2
2025-09-20T21:20:47.8113137Z > Host: crates.io
2025-09-20T21:20:47.8113340Z > User-Agent: taiki-e/install-action (nextest)
2025-09-20T21:20:47.8113584Z > Accept: */*
2025-09-20T21:20:47.8113956Z > 
2025-09-20T21:20:47.8157610Z { [5 bytes data]
2025-09-20T21:20:47.8158041Z * TLSv1.3 (IN), TLS handshake, Newsession Ticket (4):
2025-09-20T21:20:47.8158524Z { [157 bytes data]
2025-09-20T21:20:47.8289932Z < HTTP/2 200 
2025-09-20T21:20:47.8290307Z < content-type: application/json
2025-09-20T21:20:47.8290766Z < content-length: 182668
2025-09-20T21:20:47.8291213Z < access-control-allow-origin: *
2025-09-20T21:20:47.8293917Z < content-security-policy: default-src 'self'; connect-src 'self' *.ingest.sentry.io https://docs.rs https://play.rust-lang.org https://static.crates.io; script-src 'self' 'unsafe-eval' 'sha256-n1+BB7Ckjcal1Pr7QNBh/dKRTtBQsIytFodRiIosXdE=' 'sha256-dbf9FMl76C7BnK1CC3eWb3pvsQAUaTYSHAlBy9tNTG0='; style-src 'self' 'unsafe-inline' https://code.cdn.mozilla.net; font-src https://code.cdn.mozilla.net; img-src *; object-src 'none'
2025-09-20T21:20:47.8296167Z < date: Sat, 20 Sep 2025 21:20:47 GMT
2025-09-20T21:20:47.8296738Z < nel: {"report_to":"heroku-nel","response_headers":["Via"],"max_age":3600,"success_fraction":0.01,"failure_fraction":0.1}
2025-09-20T21:20:47.8298115Z < report-to: {"group":"heroku-nel","endpoints":[{"url":"https://nel.heroku.com/reports?s=bTIHN9r3Fi5rswTLWFtT33NFmPTNMAznK%2Fgvt7HjZPk%3D\u0026sid=af571f24-03ee-46d1-9f90-ab9030c2c74c\u0026ts=1758403247"}],"max_age":3600}
2025-09-20T21:20:47.8299803Z < reporting-endpoints: heroku-nel="https://nel.heroku.com/reports?s=bTIHN9r3Fi5rswTLWFtT33NFmPTNMAznK%2Fgvt7HjZPk%3D&sid=af571f24-03ee-46d1-9f90-ab9030c2c74c&ts=1758403247"
2025-09-20T21:20:47.8300900Z < server: Heroku
2025-09-20T21:20:47.8301298Z < strict-transport-security: max-age=31536000; includeSubDomains
2025-09-20T21:20:47.8301896Z < via: 1.1 heroku-router, 1.1 e6c353101750d150139bda8d95719802.cloudfront.net (CloudFront)
2025-09-20T21:20:47.8302414Z < x-content-type-options: nosniff
2025-09-20T21:20:47.8302723Z < x-frame-options: SAMEORIGIN
2025-09-20T21:20:47.8303000Z < x-xss-protection: 0
2025-09-20T21:20:47.8303276Z < vary: Accept,Accept-Encoding,Cookie
2025-09-20T21:20:47.8303590Z < x-cache: Miss from cloudfront
2025-09-20T21:20:47.8304116Z < x-amz-cf-pop: IAD12-P1
2025-09-20T21:20:47.8304476Z < x-amz-cf-id: bmS3dytvyf0WborDGWedQyA8RAbl5_6FurUaxihkr7AYpQc4NvpnYQ==
2025-09-20T21:20:47.8304826Z < 
2025-09-20T21:20:47.8304980Z { [15237 bytes data]
2025-09-20T21:20:47.8431212Z * Connection #0 to host crates.io left intact
2025-09-20T21:20:47.8685840Z info: installing cargo-nextest@latest
2025-09-20T21:20:47.8882062Z info: downloading https://github.com/nextest-rs/nextest/releases/download/cargo-nextest-0.9.104/cargo-nextest-0.9.104-x86_64-unknown-linux-gnu.tar.gz
2025-09-20T21:20:48.1887272Z info: verifying sha256 checksum for cargo-nextest-0.9.104-x86_64-unknown-linux-gnu.tar.gz
2025-09-20T21:20:48.3670123Z info: cargo-nextest installed at /home/runner/.cargo/bin/cargo-nextest
2025-09-20T21:20:48.3672655Z + cargo-nextest nextest --version
2025-09-20T21:20:48.3691075Z cargo-nextest 0.9.104 (87857ddf2 2025-09-15)
2025-09-20T21:20:48.3691460Z release: 0.9.104
2025-09-20T21:20:48.3691736Z commit-hash: 87857ddf299a42c9cb5822422aeba77bd8fb74e8
2025-09-20T21:20:48.3692326Z commit-date: 2025-09-15
2025-09-20T21:20:48.3692568Z host: x86_64-unknown-linux-gnu
2025-09-20T21:20:48.3695062Z 
